[2026-02-09T22:50:09.736+0000] {taskinstance.py:1157} INFO - Dependencies all met for dep_context=non-requeueable deps ti=<TaskInstance: distillationDAG.scan_minio_and_dispatch scheduled__2026-02-09T22:49:22.326623+00:00 [queued]>
[2026-02-09T22:50:09.754+0000] {taskinstance.py:1157} INFO - Dependencies all met for dep_context=requeueable deps ti=<TaskInstance: distillationDAG.scan_minio_and_dispatch scheduled__2026-02-09T22:49:22.326623+00:00 [queued]>
[2026-02-09T22:50:09.755+0000] {taskinstance.py:1359} INFO - Starting attempt 1 of 4
[2026-02-09T22:50:09.782+0000] {taskinstance.py:1380} INFO - Executing <Task(PythonOperator): scan_minio_and_dispatch> on 2026-02-09 22:49:22.326623+00:00
[2026-02-09T22:50:09.799+0000] {standard_task_runner.py:57} INFO - Started process 288 to run task
[2026-02-09T22:50:09.808+0000] {standard_task_runner.py:84} INFO - Running: ['***', 'tasks', 'run', 'distillationDAG', 'scan_minio_and_dispatch', 'scheduled__2026-02-09T22:49:22.326623+00:00', '--job-id', '1423', '--raw', '--subdir', 'DAGS_FOLDER/dispatcher_pipeline_dag.py', '--cfg-path', '/tmp/tmpydoel3_5']
[2026-02-09T22:50:09.816+0000] {standard_task_runner.py:85} INFO - Job 1423: Subtask scan_minio_and_dispatch
[2026-02-09T22:50:10.012+0000] {task_command.py:415} INFO - Running <TaskInstance: distillationDAG.scan_minio_and_dispatch scheduled__2026-02-09T22:49:22.326623+00:00 [running]> on host 048c41904fab
[2026-02-09T22:50:10.583+0000] {taskinstance.py:1660} INFO - Exporting env vars: AIRFLOW_CTX_DAG_OWNER='***' AIRFLOW_CTX_DAG_ID='distillationDAG' AIRFLOW_CTX_TASK_ID='scan_minio_and_dispatch' AIRFLOW_CTX_EXECUTION_DATE='2026-02-09T22:49:22.326623+00:00' AIRFLOW_CTX_TRY_NUMBER='1' AIRFLOW_CTX_DAG_RUN_ID='scheduled__2026-02-09T22:49:22.326623+00:00'
[2026-02-09T22:50:10.598+0000] {logging_mixin.py:151} INFO - [DISPATCHER] Found file: raw/Invoice_2449088033.pdf
[2026-02-09T22:50:10.968+0000] {taskinstance.py:1935} ERROR - Task failed with exception
Traceback (most recent call last):
  File "/home/airflow/.local/lib/python3.11/site-packages/airflow/operators/python.py", line 192, in execute
    return_value = self.execute_callable()
                   ^^^^^^^^^^^^^^^^^^^^^^^
  File "/home/airflow/.local/lib/python3.11/site-packages/airflow/operators/python.py", line 209, in execute_callable
    return self.python_callable(*self.op_args, **self.op_kwargs)
           ^^^^^^^^^^^^^^^^^^^^^^^^^^^^^^^^^^^^^^^^^^^^^^^^^^^^^
  File "/opt/airflow/dags/dispatcher_pipeline_dag.py", line 56, in scan_and_dispatch
    run_pipeline_for_object(object_name)
  File "/opt/python-etl/etl_manager.py", line 291, in run_pipeline_for_object
    pdf_pipeline.process_minio_object(**common_kwargs)
TypeError: process_minio_object() got an unexpected keyword argument 'uploaded_by'
[2026-02-09T22:50:10.985+0000] {taskinstance.py:1398} INFO - Marking task as UP_FOR_RETRY. dag_id=distillationDAG, task_id=scan_minio_and_dispatch, execution_date=20260209T224922, start_date=20260209T225009, end_date=20260209T225010
[2026-02-09T22:50:10.999+0000] {standard_task_runner.py:104} ERROR - Failed to execute job 1423 for task scan_minio_and_dispatch (process_minio_object() got an unexpected keyword argument 'uploaded_by'; 288)
[2026-02-09T22:50:11.026+0000] {local_task_job_runner.py:228} INFO - Task exited with return code 1
[2026-02-09T22:50:11.057+0000] {taskinstance.py:2776} INFO - 0 downstream tasks scheduled from follow-on schedule check
