[2026-02-09T23:10:57.593+0000] {taskinstance.py:1157} INFO - Dependencies all met for dep_context=non-requeueable deps ti=<TaskInstance: distillationDAG.scan_minio_and_dispatch scheduled__2026-02-09T22:49:22.326623+00:00 [queued]>
[2026-02-09T23:10:57.626+0000] {taskinstance.py:1157} INFO - Dependencies all met for dep_context=requeueable deps ti=<TaskInstance: distillationDAG.scan_minio_and_dispatch scheduled__2026-02-09T22:49:22.326623+00:00 [queued]>
[2026-02-09T23:10:57.627+0000] {taskinstance.py:1359} INFO - Starting attempt 2 of 4
[2026-02-09T23:10:57.687+0000] {taskinstance.py:1380} INFO - Executing <Task(PythonOperator): scan_minio_and_dispatch> on 2026-02-09 22:49:22.326623+00:00
[2026-02-09T23:10:57.711+0000] {standard_task_runner.py:57} INFO - Started process 270 to run task
[2026-02-09T23:10:57.732+0000] {standard_task_runner.py:84} INFO - Running: ['***', 'tasks', 'run', 'distillationDAG', 'scan_minio_and_dispatch', 'scheduled__2026-02-09T22:49:22.326623+00:00', '--job-id', '1425', '--raw', '--subdir', 'DAGS_FOLDER/dispatcher_pipeline_dag.py', '--cfg-path', '/tmp/tmpfvtyiwwe']
[2026-02-09T23:10:57.747+0000] {standard_task_runner.py:85} INFO - Job 1425: Subtask scan_minio_and_dispatch
[2026-02-09T23:10:57.974+0000] {task_command.py:415} INFO - Running <TaskInstance: distillationDAG.scan_minio_and_dispatch scheduled__2026-02-09T22:49:22.326623+00:00 [running]> on host a35ff7978799
[2026-02-09T23:10:58.747+0000] {taskinstance.py:1660} INFO - Exporting env vars: AIRFLOW_CTX_DAG_OWNER='***' AIRFLOW_CTX_DAG_ID='distillationDAG' AIRFLOW_CTX_TASK_ID='scan_minio_and_dispatch' AIRFLOW_CTX_EXECUTION_DATE='2026-02-09T22:49:22.326623+00:00' AIRFLOW_CTX_TRY_NUMBER='2' AIRFLOW_CTX_DAG_RUN_ID='scheduled__2026-02-09T22:49:22.326623+00:00'
[2026-02-09T23:10:58.782+0000] {logging_mixin.py:151} INFO - [DISPATCHER] Found file: raw/Invoice_2449088033.pdf
[2026-02-09T23:10:59.670+0000] {pdf_pipeline.py:354} INFO - [pdf] Processing raw/Invoice_2449088033.pdf
[2026-02-09T23:10:59.696+0000] {pdf_pipeline.py:408} INFO - [pdf] Extracting text from PDF...
[2026-02-09T23:10:59.704+0000] {pdf_pipeline.py:441} ERROR - [pdf] Text extraction failed for raw/Invoice_2449088033.pdf: cannot access local variable 'table_count' where it is not associated with a value
Traceback (most recent call last):
  File "/opt/python-etl/pipelines/pdf_pipeline.py", line 425, in process_minio_object
    'table_count': table_count,
                   ^^^^^^^^^^^
UnboundLocalError: cannot access local variable 'table_count' where it is not associated with a value
[2026-02-09T23:10:59.707+0000] {pdf_pipeline.py:477} WARNING - [pdf] No text extracted from raw/Invoice_2449088033.pdf
[2026-02-09T23:10:59.707+0000] {pdf_pipeline.py:480} INFO - [pdf] Extracting tables from PDF...
[2026-02-09T23:11:00.451+0000] {pdf_pipeline.py:539} WARNING - [pdf] Failed to process table 1 on page 1: _process_extracted_table() got an unexpected keyword argument 'uploaded_by'
[2026-02-09T23:11:00.452+0000] {pdf_pipeline.py:539} WARNING - [pdf] Failed to process table 2 on page 1: _process_extracted_table() got an unexpected keyword argument 'uploaded_by'
[2026-02-09T23:11:00.969+0000] {pdf_pipeline.py:539} WARNING - [pdf] Failed to process table 1 on page 2: _process_extracted_table() got an unexpected keyword argument 'uploaded_by'
[2026-02-09T23:11:00.971+0000] {pdf_pipeline.py:550} INFO - [pdf] Extracted 0 tables with 0 total rows
[2026-02-09T23:11:00.971+0000] {pdf_pipeline.py:566} ERROR - [pdf] Failed catalog update for raw/Invoice_2449088033.pdf: cannot access local variable 'pdf_metadata' where it is not associated with a value
Traceback (most recent call last):
  File "/opt/python-etl/pipelines/pdf_pipeline.py", line 561, in process_minio_object
    metadata=pdf_metadata,
             ^^^^^^^^^^^^
UnboundLocalError: cannot access local variable 'pdf_metadata' where it is not associated with a value
[2026-02-09T23:11:00.973+0000] {pdf_pipeline.py:569} INFO - [pdf] ✅ Completed processing: raw/Invoice_2449088033.pdf | pages=2 | tables=0 | rows=0 | text_chars=0
[2026-02-09T23:11:00.974+0000] {etl_manager.py:306} INFO - ETL completed: raw/Invoice_2449088033.pdf
[2026-02-09T23:11:00.975+0000] {logging_mixin.py:151} INFO - [DISPATCHER] Archiving raw/Invoice_2449088033.pdf -> raw-data/2026-02-09/Invoice_2449088033.pdf
[2026-02-09T23:11:01.011+0000] {logging_mixin.py:151} INFO - [DISPATCHER] Completed & removed landing copy: raw/Invoice_2449088033.pdf
[2026-02-09T23:11:01.011+0000] {logging_mixin.py:151} INFO - [DISPATCHER] Found file: raw/Nitin_gavhane_Resume.docx
[2026-02-09T23:11:01.055+0000] {docx_pipeline.py:300} INFO - [docx] Processing raw/Nitin_gavhane_Resume.docx
[2026-02-09T23:11:01.068+0000] {docx_pipeline.py:340} INFO - [docx] Extracting text from DOCX...
[2026-02-09T23:11:01.409+0000] {docx_pipeline.py:342} INFO - [docx] Extracted 3850 characters of text
[2026-02-09T23:11:01.410+0000] {docx_pipeline.py:344} INFO - [docx] Extracting tables from DOCX...
[2026-02-09T23:11:01.473+0000] {docx_pipeline.py:346} INFO - [docx] Found 1 tables
[2026-02-09T23:11:01.484+0000] {docx_pipeline.py:375} INFO - [docx] Uploaded extracted text -> processed/unstructured/text-extracted/Nitin_gavhane_Resume.txt
[2026-02-09T23:11:01.486+0000] {taskinstance.py:1935} ERROR - Task failed with exception
Traceback (most recent call last):
  File "/home/airflow/.local/lib/python3.11/site-packages/airflow/operators/python.py", line 192, in execute
    return_value = self.execute_callable()
                   ^^^^^^^^^^^^^^^^^^^^^^^
  File "/home/airflow/.local/lib/python3.11/site-packages/airflow/operators/python.py", line 209, in execute_callable
    return self.python_callable(*self.op_args, **self.op_kwargs)
           ^^^^^^^^^^^^^^^^^^^^^^^^^^^^^^^^^^^^^^^^^^^^^^^^^^^^^
  File "/opt/airflow/dags/dispatcher_pipeline_dag.py", line 56, in scan_and_dispatch
    run_pipeline_for_object(object_name)
  File "/opt/python-etl/etl_manager.py", line 294, in run_pipeline_for_object
    docx_pipeline.process_minio_object(**common_kwargs)
  File "/opt/python-etl/pipelines/docx_pipeline.py", line 377, in process_minio_object
    _save_unstructured_doc(
TypeError: _save_unstructured_doc() got an unexpected keyword argument 'uploaded_by'
[2026-02-09T23:11:01.544+0000] {taskinstance.py:1398} INFO - Marking task as UP_FOR_RETRY. dag_id=distillationDAG, task_id=scan_minio_and_dispatch, execution_date=20260209T224922, start_date=20260209T231057, end_date=20260209T231101
[2026-02-09T23:11:01.585+0000] {standard_task_runner.py:104} ERROR - Failed to execute job 1425 for task scan_minio_and_dispatch (_save_unstructured_doc() got an unexpected keyword argument 'uploaded_by'; 270)
[2026-02-09T23:11:01.691+0000] {local_task_job_runner.py:228} INFO - Task exited with return code 1
[2026-02-09T23:11:01.781+0000] {taskinstance.py:2776} INFO - 0 downstream tasks scheduled from follow-on schedule check
