[2026-02-09T23:11:15.336+0000] {taskinstance.py:1157} INFO - Dependencies all met for dep_context=non-requeueable deps ti=<TaskInstance: distillationDAG.scan_minio_and_dispatch scheduled__2026-02-09T22:49:22.326623+00:00 [queued]>
[2026-02-09T23:11:15.361+0000] {taskinstance.py:1157} INFO - Dependencies all met for dep_context=requeueable deps ti=<TaskInstance: distillationDAG.scan_minio_and_dispatch scheduled__2026-02-09T22:49:22.326623+00:00 [queued]>
[2026-02-09T23:11:15.362+0000] {taskinstance.py:1359} INFO - Starting attempt 3 of 4
[2026-02-09T23:11:15.399+0000] {taskinstance.py:1380} INFO - Executing <Task(PythonOperator): scan_minio_and_dispatch> on 2026-02-09 22:49:22.326623+00:00
[2026-02-09T23:11:15.428+0000] {standard_task_runner.py:57} INFO - Started process 283 to run task
[2026-02-09T23:11:15.441+0000] {standard_task_runner.py:84} INFO - Running: ['***', 'tasks', 'run', 'distillationDAG', 'scan_minio_and_dispatch', 'scheduled__2026-02-09T22:49:22.326623+00:00', '--job-id', '1426', '--raw', '--subdir', 'DAGS_FOLDER/dispatcher_pipeline_dag.py', '--cfg-path', '/tmp/tmpptra66j_']
[2026-02-09T23:11:15.451+0000] {standard_task_runner.py:85} INFO - Job 1426: Subtask scan_minio_and_dispatch
[2026-02-09T23:11:15.670+0000] {task_command.py:415} INFO - Running <TaskInstance: distillationDAG.scan_minio_and_dispatch scheduled__2026-02-09T22:49:22.326623+00:00 [running]> on host a35ff7978799
[2026-02-09T23:11:16.434+0000] {taskinstance.py:1660} INFO - Exporting env vars: AIRFLOW_CTX_DAG_OWNER='***' AIRFLOW_CTX_DAG_ID='distillationDAG' AIRFLOW_CTX_TASK_ID='scan_minio_and_dispatch' AIRFLOW_CTX_EXECUTION_DATE='2026-02-09T22:49:22.326623+00:00' AIRFLOW_CTX_TRY_NUMBER='3' AIRFLOW_CTX_DAG_RUN_ID='scheduled__2026-02-09T22:49:22.326623+00:00'
[2026-02-09T23:11:16.468+0000] {logging_mixin.py:151} INFO - [DISPATCHER] Found file: raw/Nitin_gavhane_Resume.docx
[2026-02-09T23:11:17.301+0000] {docx_pipeline.py:300} INFO - [docx] Processing raw/Nitin_gavhane_Resume.docx
[2026-02-09T23:11:17.316+0000] {docx_pipeline.py:340} INFO - [docx] Extracting text from DOCX...
[2026-02-09T23:11:17.672+0000] {docx_pipeline.py:342} INFO - [docx] Extracted 3850 characters of text
[2026-02-09T23:11:17.673+0000] {docx_pipeline.py:344} INFO - [docx] Extracting tables from DOCX...
[2026-02-09T23:11:17.736+0000] {docx_pipeline.py:346} INFO - [docx] Found 1 tables
[2026-02-09T23:11:17.762+0000] {docx_pipeline.py:375} INFO - [docx] Uploaded extracted text -> processed/unstructured/text-extracted/Nitin_gavhane_Resume.txt
[2026-02-09T23:11:17.772+0000] {taskinstance.py:1935} ERROR - Task failed with exception
Traceback (most recent call last):
  File "/home/airflow/.local/lib/python3.11/site-packages/airflow/operators/python.py", line 192, in execute
    return_value = self.execute_callable()
                   ^^^^^^^^^^^^^^^^^^^^^^^
  File "/home/airflow/.local/lib/python3.11/site-packages/airflow/operators/python.py", line 209, in execute_callable
    return self.python_callable(*self.op_args, **self.op_kwargs)
           ^^^^^^^^^^^^^^^^^^^^^^^^^^^^^^^^^^^^^^^^^^^^^^^^^^^^^
  File "/opt/airflow/dags/dispatcher_pipeline_dag.py", line 56, in scan_and_dispatch
    run_pipeline_for_object(object_name)
  File "/opt/python-etl/etl_manager.py", line 294, in run_pipeline_for_object
    docx_pipeline.process_minio_object(**common_kwargs)
  File "/opt/python-etl/pipelines/docx_pipeline.py", line 377, in process_minio_object
    _save_unstructured_doc(
TypeError: _save_unstructured_doc() got an unexpected keyword argument 'uploaded_by'
[2026-02-09T23:11:17.821+0000] {taskinstance.py:1398} INFO - Marking task as UP_FOR_RETRY. dag_id=distillationDAG, task_id=scan_minio_and_dispatch, execution_date=20260209T224922, start_date=20260209T231115, end_date=20260209T231117
[2026-02-09T23:11:17.861+0000] {standard_task_runner.py:104} ERROR - Failed to execute job 1426 for task scan_minio_and_dispatch (_save_unstructured_doc() got an unexpected keyword argument 'uploaded_by'; 283)
[2026-02-09T23:11:17.914+0000] {local_task_job_runner.py:228} INFO - Task exited with return code 1
[2026-02-09T23:11:18.002+0000] {taskinstance.py:2776} INFO - 0 downstream tasks scheduled from follow-on schedule check
