[2026-05-06T05:30:00.739+0000] {taskinstance.py:1157} INFO - Dependencies all met for dep_context=non-requeueable deps ti=<TaskInstance: embedding_sync_dag.backfill_existing_data scheduled__2026-05-06T05:25:00+00:00 [queued]>
[2026-05-06T05:30:00.748+0000] {taskinstance.py:1157} INFO - Dependencies all met for dep_context=requeueable deps ti=<TaskInstance: embedding_sync_dag.backfill_existing_data scheduled__2026-05-06T05:25:00+00:00 [queued]>
[2026-05-06T05:30:00.748+0000] {taskinstance.py:1359} INFO - Starting attempt 1 of 3
[2026-05-06T05:30:00.763+0000] {taskinstance.py:1380} INFO - Executing <Task(PythonOperator): backfill_existing_data> on 2026-05-06 05:25:00+00:00
[2026-05-06T05:30:00.770+0000] {standard_task_runner.py:57} INFO - Started process 1031 to run task
[2026-05-06T05:30:00.773+0000] {standard_task_runner.py:84} INFO - Running: ['***', 'tasks', 'run', 'embedding_sync_dag', 'backfill_existing_data', 'scheduled__2026-05-06T05:25:00+00:00', '--job-id', '4294', '--raw', '--subdir', 'DAGS_FOLDER/embedding_sync_dag.py', '--cfg-path', '/tmp/tmp9kgtct1j']
[2026-05-06T05:30:00.776+0000] {standard_task_runner.py:85} INFO - Job 4294: Subtask backfill_existing_data
[2026-05-06T05:30:00.859+0000] {task_command.py:415} INFO - Running <TaskInstance: embedding_sync_dag.backfill_existing_data scheduled__2026-05-06T05:25:00+00:00 [running]> on host e8610aa59365
[2026-05-06T05:30:00.977+0000] {taskinstance.py:1660} INFO - Exporting env vars: AIRFLOW_CTX_DAG_OWNER='lakehouse' AIRFLOW_CTX_DAG_ID='embedding_sync_dag' AIRFLOW_CTX_TASK_ID='backfill_existing_data' AIRFLOW_CTX_EXECUTION_DATE='2026-05-06T05:25:00+00:00' AIRFLOW_CTX_TRY_NUMBER='1' AIRFLOW_CTX_DAG_RUN_ID='scheduled__2026-05-06T05:25:00+00:00'
[2026-05-06T05:30:01.780+0000] {embedding_pipeline.py:430} INFO - [embed] Backfill needed — source~1085, fully embedded=200, gap~885
[2026-05-06T05:30:01.781+0000] {embedding_pipeline.py:448} INFO - [embed] Scanning 15 tables for unembedded rows...
[2026-05-06T05:30:01.788+0000] {embedding_pipeline.py:492} INFO - [embed] Queued 10 rows from data_datatest1
[2026-05-06T05:30:01.792+0000] {embedding_pipeline.py:492} INFO - [embed] Queued 10 rows from data_datatest2
[2026-05-06T05:30:01.795+0000] {embedding_pipeline.py:492} INFO - [embed] Queued 10 rows from data_datatest3
[2026-05-06T05:30:01.799+0000] {embedding_pipeline.py:492} INFO - [embed] Queued 10 rows from data_datatest4
[2026-05-06T05:30:01.801+0000] {embedding_pipeline.py:492} INFO - [embed] Queued 2 rows from data_iotpblfilecover_page1_table1
[2026-05-06T05:30:01.805+0000] {embedding_pipeline.py:492} INFO - [embed] Queued 2 rows from data_mispblintro_page1_table1
[2026-05-06T05:30:01.808+0000] {embedding_pipeline.py:492} INFO - [embed] Queued 4 rows from data_sample_1_page1_table1
[2026-05-06T05:30:01.810+0000] {embedding_pipeline.py:492} INFO - [embed] Queued 3 rows from data_sample_2_page1_table1
[2026-05-06T05:30:01.813+0000] {embedding_pipeline.py:492} INFO - [embed] Queued 7 rows from data_sample_3_page1_table1
[2026-05-06T05:30:01.815+0000] {embedding_pipeline.py:492} INFO - [embed] Queued 6 rows from data_sample_4_page1_table1
[2026-05-06T05:30:01.818+0000] {embedding_pipeline.py:492} INFO - [embed] Queued 6 rows from data_sample_5_page1_table1
[2026-05-06T05:30:01.829+0000] {embedding_pipeline.py:492} INFO - [embed] Queued 800 rows from data_studentsperformance
[2026-05-06T05:30:01.832+0000] {embedding_pipeline.py:492} INFO - [embed] Queued 41 rows from minio_data_catalog
[2026-05-06T05:30:01.848+0000] {embedding_pipeline.py:492} INFO - [embed] Queued 103 rows from unstructured_documents
[2026-05-06T05:30:01.851+0000] {embedding_pipeline.py:492} INFO - [embed] Queued 19 rows from unstructured_images
[2026-05-06T05:30:01.854+0000] {embedding_pipeline.py:501} INFO - [embed] Backfill complete — 1033 rows queued
[2026-05-06T05:30:01.880+0000] {python.py:194} INFO - Done. Returned value was: 1033
[2026-05-06T05:30:01.920+0000] {taskinstance.py:1398} INFO - Marking task as SUCCESS. dag_id=embedding_sync_dag, task_id=backfill_existing_data, execution_date=20260506T052500, start_date=20260506T053000, end_date=20260506T053001
[2026-05-06T05:30:01.957+0000] {local_task_job_runner.py:228} INFO - Task exited with return code 0
[2026-05-06T05:30:01.999+0000] {taskinstance.py:2776} INFO - 0 downstream tasks scheduled from follow-on schedule check
