[2026-03-20T01:28:56.145+0000] {taskinstance.py:1157} INFO - Dependencies all met for dep_context=non-requeueable deps ti=<TaskInstance: embedding_sync_dag.backfill_existing_data scheduled__2026-03-20T01:20:00+00:00 [queued]>
[2026-03-20T01:28:56.155+0000] {taskinstance.py:1157} INFO - Dependencies all met for dep_context=requeueable deps ti=<TaskInstance: embedding_sync_dag.backfill_existing_data scheduled__2026-03-20T01:20:00+00:00 [queued]>
[2026-03-20T01:28:56.155+0000] {taskinstance.py:1359} INFO - Starting attempt 1 of 3
[2026-03-20T01:28:56.167+0000] {taskinstance.py:1380} INFO - Executing <Task(PythonOperator): backfill_existing_data> on 2026-03-20 01:20:00+00:00
[2026-03-20T01:28:56.174+0000] {standard_task_runner.py:57} INFO - Started process 5092 to run task
[2026-03-20T01:28:56.178+0000] {standard_task_runner.py:84} INFO - Running: ['***', 'tasks', 'run', 'embedding_sync_dag', 'backfill_existing_data', 'scheduled__2026-03-20T01:20:00+00:00', '--job-id', '2425', '--raw', '--subdir', 'DAGS_FOLDER/embedding_sync_dag.py', '--cfg-path', '/tmp/tmpwgebzjrk']
[2026-03-20T01:28:56.181+0000] {standard_task_runner.py:85} INFO - Job 2425: Subtask backfill_existing_data
[2026-03-20T01:28:56.259+0000] {task_command.py:415} INFO - Running <TaskInstance: embedding_sync_dag.backfill_existing_data scheduled__2026-03-20T01:20:00+00:00 [running]> on host 76de17b6f6da
[2026-03-20T01:28:56.393+0000] {taskinstance.py:1660} INFO - Exporting env vars: AIRFLOW_CTX_DAG_OWNER='lakehouse' AIRFLOW_CTX_DAG_ID='embedding_sync_dag' AIRFLOW_CTX_TASK_ID='backfill_existing_data' AIRFLOW_CTX_EXECUTION_DATE='2026-03-20T01:20:00+00:00' AIRFLOW_CTX_TRY_NUMBER='1' AIRFLOW_CTX_DAG_RUN_ID='scheduled__2026-03-20T01:20:00+00:00'
[2026-03-20T01:28:57.282+0000] {embedding_pipeline.py:430} INFO - [embed] Backfill needed — source~3137, fully embedded=0, gap~3137
[2026-03-20T01:28:57.285+0000] {embedding_pipeline.py:448} INFO - [embed] Scanning 53 tables for unembedded rows...
[2026-03-20T01:28:57.293+0000] {embedding_pipeline.py:492} INFO - [embed] Queued 5 rows from data_doc10_research_data_page2_table1
[2026-03-20T01:28:57.297+0000] {embedding_pipeline.py:492} INFO - [embed] Queued 5 rows from data_doc10_research_data_page2_table2
[2026-03-20T01:28:57.300+0000] {embedding_pipeline.py:492} INFO - [embed] Queued 4 rows from data_doc10_research_data_page3_table1
[2026-03-20T01:28:57.304+0000] {embedding_pipeline.py:492} INFO - [embed] Queued 4 rows from data_doc10_research_dataaaaaa_table_1
[2026-03-20T01:28:57.311+0000] {embedding_pipeline.py:492} INFO - [embed] Queued 4 rows from data_doc10_research_dataaaaaa_table_2
[2026-03-20T01:28:57.314+0000] {embedding_pipeline.py:492} INFO - [embed] Queued 4 rows from data_doc10_research_dataaaaaa_table_3
[2026-03-20T01:28:57.317+0000] {embedding_pipeline.py:492} INFO - [embed] Queued 4 rows from data_doc1111_table_1
[2026-03-20T01:28:57.320+0000] {embedding_pipeline.py:492} INFO - [embed] Queued 4 rows from data_doc1111_table_2
[2026-03-20T01:28:57.323+0000] {embedding_pipeline.py:492} INFO - [embed] Queued 4 rows from data_doc1111_table_3
[2026-03-20T01:28:57.326+0000] {embedding_pipeline.py:492} INFO - [embed] Queued 4 rows from data_doc1_sales_report_table_1
[2026-03-20T01:28:57.329+0000] {embedding_pipeline.py:492} INFO - [embed] Queued 4 rows from data_doc1_sales_report_table_2
[2026-03-20T01:28:57.332+0000] {embedding_pipeline.py:492} INFO - [embed] Queued 4 rows from data_doc1_sales_report_table_3
[2026-03-20T01:28:57.335+0000] {embedding_pipeline.py:492} INFO - [embed] Queued 5 rows from data_doc2_employee_directory_table_1
[2026-03-20T01:28:57.340+0000] {embedding_pipeline.py:492} INFO - [embed] Queued 4 rows from data_doc2_employee_directory_table_2
[2026-03-20T01:28:57.345+0000] {embedding_pipeline.py:492} INFO - [embed] Queued 4 rows from data_doc2_employee_directory_table_3
[2026-03-20T01:28:57.349+0000] {embedding_pipeline.py:492} INFO - [embed] Queued 4 rows from data_doc3_inventory_report_table_1
[2026-03-20T01:28:57.352+0000] {embedding_pipeline.py:492} INFO - [embed] Queued 4 rows from data_doc3_inventory_report_table_2
[2026-03-20T01:28:57.358+0000] {embedding_pipeline.py:492} INFO - [embed] Queued 4 rows from data_doc3_inventory_report_table_3
[2026-03-20T01:28:57.361+0000] {embedding_pipeline.py:492} INFO - [embed] Queued 4 rows from data_doc4_financial_statement_table_1
[2026-03-20T01:28:57.364+0000] {embedding_pipeline.py:492} INFO - [embed] Queued 4 rows from data_doc4_financial_statement_table_2
[2026-03-20T01:28:57.368+0000] {embedding_pipeline.py:492} INFO - [embed] Queued 4 rows from data_doc4_financial_statement_table_3
[2026-03-20T01:28:57.372+0000] {embedding_pipeline.py:492} INFO - [embed] Queued 4 rows from data_doc5_project_status_table_1
[2026-03-20T01:28:57.375+0000] {embedding_pipeline.py:492} INFO - [embed] Queued 4 rows from data_doc5_project_status_table_2
[2026-03-20T01:28:57.378+0000] {embedding_pipeline.py:492} INFO - [embed] Queued 4 rows from data_doc5_project_status_table_3
[2026-03-20T01:28:57.381+0000] {embedding_pipeline.py:492} INFO - [embed] Queued 4 rows from data_doc6_customer_analysis_table_1
[2026-03-20T01:28:57.384+0000] {embedding_pipeline.py:492} INFO - [embed] Queued 4 rows from data_doc6_customer_analysis_table_2
[2026-03-20T01:28:57.388+0000] {embedding_pipeline.py:492} INFO - [embed] Queued 4 rows from data_doc6_customer_analysis_table_3
[2026-03-20T01:28:57.390+0000] {embedding_pipeline.py:492} INFO - [embed] Queued 4 rows from data_doc7_marketing_metricsss_table_1
[2026-03-20T01:28:57.393+0000] {embedding_pipeline.py:492} INFO - [embed] Queued 4 rows from data_doc7_marketing_metricsss_table_3
[2026-03-20T01:28:57.396+0000] {embedding_pipeline.py:492} INFO - [embed] Queued 5 rows from data_doc8_it_assets_page2_table1
[2026-03-20T01:28:57.399+0000] {embedding_pipeline.py:492} INFO - [embed] Queued 5 rows from data_doc8_it_assets_page2_table2
[2026-03-20T01:28:57.402+0000] {embedding_pipeline.py:492} INFO - [embed] Queued 5 rows from data_doc8_it_assets_page3_table1
[2026-03-20T01:28:57.406+0000] {embedding_pipeline.py:492} INFO - [embed] Queued 5 rows from data_doc9_quality_assurance_page2_table1
[2026-03-20T01:28:57.408+0000] {embedding_pipeline.py:492} INFO - [embed] Queued 4 rows from data_doc9_quality_assurance_page2_table2
[2026-03-20T01:28:57.411+0000] {embedding_pipeline.py:492} INFO - [embed] Queued 5 rows from data_doc9_quality_assurance_page3_table1
[2026-03-20T01:28:57.414+0000] {embedding_pipeline.py:492} INFO - [embed] Queued 4 rows from data_doc9_quality_assuranceeee_table_1
[2026-03-20T01:28:57.417+0000] {embedding_pipeline.py:492} INFO - [embed] Queued 4 rows from data_doc9_quality_assuranceeee_table_2
[2026-03-20T01:28:57.420+0000] {embedding_pipeline.py:492} INFO - [embed] Queued 4 rows from data_doc9_quality_assuranceeee_table_3
[2026-03-20T01:28:57.424+0000] {embedding_pipeline.py:492} INFO - [embed] Queued 8 rows from data_movies
[2026-03-20T01:28:57.427+0000] {embedding_pipeline.py:492} INFO - [embed] Queued 5 rows from data_nimish_research1_1_page3_table1
[2026-03-20T01:28:57.430+0000] {embedding_pipeline.py:492} INFO - [embed] Queued 5 rows from data_nimish_research3_page4_table1
[2026-03-20T01:28:57.432+0000] {embedding_pipeline.py:492} INFO - [embed] Queued 8 rows from data_nimish_research3_page7_table1
[2026-03-20T01:28:57.435+0000] {embedding_pipeline.py:492} INFO - [embed] Queued 5 rows from data_nitin_gavhane_resume_table_1
[2026-03-20T01:28:57.454+0000] {embedding_pipeline.py:492} INFO - [embed] Queued 1000 rows from data_organizations_1000
[2026-03-20T01:28:57.471+0000] {embedding_pipeline.py:492} INFO - [embed] Queued 1000 rows from data_people_1000
[2026-03-20T01:28:57.474+0000] {embedding_pipeline.py:492} INFO - [embed] Queued 8 rows from data_products
[2026-03-20T01:28:57.477+0000] {embedding_pipeline.py:492} INFO - [embed] Queued 8 rows from data_sales
[2026-03-20T01:28:57.480+0000] {embedding_pipeline.py:492} INFO - [embed] Queued 7 rows from data_sample_tables_page7_table2
[2026-03-20T01:28:57.485+0000] {embedding_pipeline.py:492} INFO - [embed] Queued 8 rows from data_social_media
[2026-03-20T01:28:57.501+0000] {embedding_pipeline.py:492} INFO - [embed] Queued 1000 rows from data_studentsperformance
[2026-03-20T01:28:57.507+0000] {embedding_pipeline.py:492} INFO - [embed] Queued 125 rows from minio_data_catalog
[2026-03-20T01:28:57.523+0000] {embedding_pipeline.py:492} INFO - [embed] Queued 103 rows from unstructured_documents
[2026-03-20T01:28:57.527+0000] {embedding_pipeline.py:492} INFO - [embed] Queued 19 rows from unstructured_images
[2026-03-20T01:28:57.529+0000] {embedding_pipeline.py:501} INFO - [embed] Backfill complete — 3469 rows queued
[2026-03-20T01:28:57.550+0000] {python.py:194} INFO - Done. Returned value was: 3469
[2026-03-20T01:28:57.584+0000] {taskinstance.py:1398} INFO - Marking task as SUCCESS. dag_id=embedding_sync_dag, task_id=backfill_existing_data, execution_date=20260320T012000, start_date=20260320T012856, end_date=20260320T012857
[2026-03-20T01:28:57.647+0000] {local_task_job_runner.py:228} INFO - Task exited with return code 0
[2026-03-20T01:28:57.677+0000] {taskinstance.py:2776} INFO - 0 downstream tasks scheduled from follow-on schedule check
