[2025-11-19T19:39:08.506+0000] {taskinstance.py:1157} INFO - Dependencies all met for dep_context=non-requeueable deps ti=<TaskInstance: local_to_minio_ingestion.ingest_local_folder scheduled__2025-11-19T19:37:58.916303+00:00 [queued]>
[2025-11-19T19:39:08.519+0000] {taskinstance.py:1157} INFO - Dependencies all met for dep_context=requeueable deps ti=<TaskInstance: local_to_minio_ingestion.ingest_local_folder scheduled__2025-11-19T19:37:58.916303+00:00 [queued]>
[2025-11-19T19:39:08.519+0000] {taskinstance.py:1359} INFO - Starting attempt 4 of 4
[2025-11-19T19:39:08.547+0000] {taskinstance.py:1380} INFO - Executing <Task(PythonOperator): ingest_local_folder> on 2025-11-19 19:37:58.916303+00:00
[2025-11-19T19:39:08.556+0000] {standard_task_runner.py:57} INFO - Started process 615 to run task
[2025-11-19T19:39:08.568+0000] {standard_task_runner.py:84} INFO - Running: ['***', 'tasks', 'run', 'local_to_minio_ingestion', 'ingest_local_folder', 'scheduled__2025-11-19T19:37:58.916303+00:00', '--job-id', '217', '--raw', '--subdir', 'DAGS_FOLDER/ingest_local_folder_dag.py', '--cfg-path', '/tmp/tmpuo3dffyb']
[2025-11-19T19:39:08.574+0000] {standard_task_runner.py:85} INFO - Job 217: Subtask ingest_local_folder
[2025-11-19T19:39:08.612+0000] {logging_mixin.py:151} WARNING - /home/***/.local/lib/python3.11/site-packages/***/settings.py:195 DeprecationWarning: The sql_alchemy_conn option in [core] has been moved to the sql_alchemy_conn option in [database] - the old setting has been used, but please update your config.
[2025-11-19T19:39:08.682+0000] {task_command.py:415} INFO - Running <TaskInstance: local_to_minio_ingestion.ingest_local_folder scheduled__2025-11-19T19:37:58.916303+00:00 [running]> on host c5a800daf272
[2025-11-19T19:39:08.817+0000] {taskinstance.py:1660} INFO - Exporting env vars: AIRFLOW_CTX_DAG_OWNER='***' AIRFLOW_CTX_DAG_ID='local_to_minio_ingestion' AIRFLOW_CTX_TASK_ID='ingest_local_folder' AIRFLOW_CTX_EXECUTION_DATE='2025-11-19T19:37:58.916303+00:00' AIRFLOW_CTX_TRY_NUMBER='4' AIRFLOW_CTX_DAG_RUN_ID='scheduled__2025-11-19T19:37:58.916303+00:00'
[2025-11-19T19:39:08.834+0000] {logging_mixin.py:151} INFO - Uploaded products.csv → MinIO raw/
[2025-11-19T19:39:08.834+0000] {taskinstance.py:1935} ERROR - Task failed with exception
Traceback (most recent call last):
  File "/home/airflow/.local/lib/python3.11/site-packages/airflow/operators/python.py", line 192, in execute
    return_value = self.execute_callable()
                   ^^^^^^^^^^^^^^^^^^^^^^^
  File "/home/airflow/.local/lib/python3.11/site-packages/airflow/operators/python.py", line 209, in execute_callable
    return self.python_callable(*self.op_args, **self.op_kwargs)
           ^^^^^^^^^^^^^^^^^^^^^^^^^^^^^^^^^^^^^^^^^^^^^^^^^^^^^
  File "/opt/airflow/dags/ingest_local_folder_dag.py", line 43, in ingest_local_files
    os.remove(fpath)  # remove only AFTER successful upload
    ^^^^^^^^^^^^^^^^
PermissionError: [Errno 13] Permission denied: '/opt/airflow/sample/products.csv'
[2025-11-19T19:39:08.857+0000] {taskinstance.py:1398} INFO - Marking task as FAILED. dag_id=local_to_minio_ingestion, task_id=ingest_local_folder, execution_date=20251119T193758, start_date=20251119T193908, end_date=20251119T193908
[2025-11-19T19:39:08.872+0000] {standard_task_runner.py:104} ERROR - Failed to execute job 217 for task ingest_local_folder ([Errno 13] Permission denied: '/opt/airflow/sample/products.csv'; 615)
[2025-11-19T19:39:08.900+0000] {local_task_job_runner.py:228} INFO - Task exited with return code 1
[2025-11-19T19:39:08.946+0000] {taskinstance.py:2776} INFO - 0 downstream tasks scheduled from follow-on schedule check
