[2025-11-27T05:46:46.307+0000] {taskinstance.py:1157} INFO - Dependencies all met for dep_context=non-requeueable deps ti=<TaskInstance: distillationDAG.scan_minio_and_dispatch scheduled__2025-11-27T05:45:07.909569+00:00 [queued]>
[2025-11-27T05:46:46.318+0000] {taskinstance.py:1157} INFO - Dependencies all met for dep_context=requeueable deps ti=<TaskInstance: distillationDAG.scan_minio_and_dispatch scheduled__2025-11-27T05:45:07.909569+00:00 [queued]>
[2025-11-27T05:46:46.318+0000] {taskinstance.py:1359} INFO - Starting attempt 3 of 4
[2025-11-27T05:46:46.333+0000] {taskinstance.py:1380} INFO - Executing <Task(PythonOperator): scan_minio_and_dispatch> on 2025-11-27 05:45:07.909569+00:00
[2025-11-27T05:46:46.344+0000] {standard_task_runner.py:57} INFO - Started process 733 to run task
[2025-11-27T05:46:46.349+0000] {standard_task_runner.py:84} INFO - Running: ['***', 'tasks', 'run', 'distillationDAG', 'scan_minio_and_dispatch', 'scheduled__2025-11-27T05:45:07.909569+00:00', '--job-id', '437', '--raw', '--subdir', 'DAGS_FOLDER/dispatcher_pipeline_dag.py', '--cfg-path', '/tmp/tmp30dx1wx8']
[2025-11-27T05:46:46.353+0000] {standard_task_runner.py:85} INFO - Job 437: Subtask scan_minio_and_dispatch
[2025-11-27T05:46:46.383+0000] {logging_mixin.py:151} WARNING - /home/***/.local/lib/python3.11/site-packages/***/settings.py:195 DeprecationWarning: The sql_alchemy_conn option in [core] has been moved to the sql_alchemy_conn option in [database] - the old setting has been used, but please update your config.
[2025-11-27T05:46:46.441+0000] {task_command.py:415} INFO - Running <TaskInstance: distillationDAG.scan_minio_and_dispatch scheduled__2025-11-27T05:45:07.909569+00:00 [running]> on host 7ee2414f740c
[2025-11-27T05:46:46.827+0000] {taskinstance.py:1660} INFO - Exporting env vars: AIRFLOW_CTX_DAG_OWNER='***' AIRFLOW_CTX_DAG_ID='distillationDAG' AIRFLOW_CTX_TASK_ID='scan_minio_and_dispatch' AIRFLOW_CTX_EXECUTION_DATE='2025-11-27T05:45:07.909569+00:00' AIRFLOW_CTX_TRY_NUMBER='3' AIRFLOW_CTX_DAG_RUN_ID='scheduled__2025-11-27T05:45:07.909569+00:00'
[2025-11-27T05:46:46.847+0000] {logging_mixin.py:151} INFO - [DISPATCHER] Found file: raw/testdoc_1.doc
[2025-11-27T05:46:47.131+0000] {docx_pipeline.py:16} INFO - [docx] Processing raw/testdoc_1.doc
[2025-11-27T05:46:47.138+0000] {docx_pipeline.py:50} ERROR - [docx] Error processing raw/testdoc_1.doc
Traceback (most recent call last):
  File "/opt/python-etl/pipelines/docx_pipeline.py", line 21, in process_minio_object
    text = extract_text_from_docx_bytes(data)
           ^^^^^^^^^^^^^^^^^^^^^^^^^^^^^^^^^^
  File "/opt/python-etl/pipelines/docx_pipeline.py", line 10, in extract_text_from_docx_bytes
    doc = Document(buffer)
          ^^^^^^^^^^^^^^^^
  File "/home/airflow/.local/lib/python3.11/site-packages/docx/api.py", line 27, in Document
    document_part = cast("DocumentPart", Package.open(docx).main_document_part)
                                         ^^^^^^^^^^^^^^^^^^
  File "/home/airflow/.local/lib/python3.11/site-packages/docx/opc/package.py", line 126, in open
    pkg_reader = PackageReader.from_file(pkg_file)
                 ^^^^^^^^^^^^^^^^^^^^^^^^^^^^^^^^^
  File "/home/airflow/.local/lib/python3.11/site-packages/docx/opc/pkgreader.py", line 22, in from_file
    phys_reader = PhysPkgReader(pkg_file)
                  ^^^^^^^^^^^^^^^^^^^^^^^
  File "/home/airflow/.local/lib/python3.11/site-packages/docx/opc/phys_pkg.py", line 76, in __init__
    self._zipf = ZipFile(pkg_file, "r")
                 ^^^^^^^^^^^^^^^^^^^^^^
  File "/usr/local/lib/python3.11/zipfile.py", line 1302, in __init__
    self._RealGetContents()
  File "/usr/local/lib/python3.11/zipfile.py", line 1369, in _RealGetContents
    raise BadZipFile("File is not a zip file")
zipfile.BadZipFile: File is not a zip file
[2025-11-27T05:46:47.141+0000] {taskinstance.py:1935} ERROR - Task failed with exception
Traceback (most recent call last):
  File "/home/airflow/.local/lib/python3.11/site-packages/airflow/operators/python.py", line 192, in execute
    return_value = self.execute_callable()
                   ^^^^^^^^^^^^^^^^^^^^^^^
  File "/home/airflow/.local/lib/python3.11/site-packages/airflow/operators/python.py", line 209, in execute_callable
    return self.python_callable(*self.op_args, **self.op_kwargs)
           ^^^^^^^^^^^^^^^^^^^^^^^^^^^^^^^^^^^^^^^^^^^^^^^^^^^^^
  File "/opt/airflow/dags/dispatcher_pipeline_dag.py", line 56, in scan_and_dispatch
    run_pipeline_for_object(object_name)
  File "/opt/python-etl/etl_manager.py", line 280, in run_pipeline_for_object
    docx_pipeline.process_minio_object(
  File "/opt/python-etl/pipelines/docx_pipeline.py", line 21, in process_minio_object
    text = extract_text_from_docx_bytes(data)
           ^^^^^^^^^^^^^^^^^^^^^^^^^^^^^^^^^^
  File "/opt/python-etl/pipelines/docx_pipeline.py", line 10, in extract_text_from_docx_bytes
    doc = Document(buffer)
          ^^^^^^^^^^^^^^^^
  File "/home/airflow/.local/lib/python3.11/site-packages/docx/api.py", line 27, in Document
    document_part = cast("DocumentPart", Package.open(docx).main_document_part)
                                         ^^^^^^^^^^^^^^^^^^
  File "/home/airflow/.local/lib/python3.11/site-packages/docx/opc/package.py", line 126, in open
    pkg_reader = PackageReader.from_file(pkg_file)
                 ^^^^^^^^^^^^^^^^^^^^^^^^^^^^^^^^^
  File "/home/airflow/.local/lib/python3.11/site-packages/docx/opc/pkgreader.py", line 22, in from_file
    phys_reader = PhysPkgReader(pkg_file)
                  ^^^^^^^^^^^^^^^^^^^^^^^
  File "/home/airflow/.local/lib/python3.11/site-packages/docx/opc/phys_pkg.py", line 76, in __init__
    self._zipf = ZipFile(pkg_file, "r")
                 ^^^^^^^^^^^^^^^^^^^^^^
  File "/usr/local/lib/python3.11/zipfile.py", line 1302, in __init__
    self._RealGetContents()
  File "/usr/local/lib/python3.11/zipfile.py", line 1369, in _RealGetContents
    raise BadZipFile("File is not a zip file")
zipfile.BadZipFile: File is not a zip file
[2025-11-27T05:46:47.166+0000] {taskinstance.py:1398} INFO - Marking task as UP_FOR_RETRY. dag_id=distillationDAG, task_id=scan_minio_and_dispatch, execution_date=20251127T054507, start_date=20251127T054646, end_date=20251127T054647
[2025-11-27T05:46:47.181+0000] {standard_task_runner.py:104} ERROR - Failed to execute job 437 for task scan_minio_and_dispatch (File is not a zip file; 733)
[2025-11-27T05:46:47.205+0000] {local_task_job_runner.py:228} INFO - Task exited with return code 1
[2025-11-27T05:46:47.239+0000] {taskinstance.py:2776} INFO - 0 downstream tasks scheduled from follow-on schedule check
