[2026-05-04T08:16:46.327+0000] {taskinstance.py:1157} INFO - Dependencies all met for dep_context=non-requeueable deps ti=<TaskInstance: embedding_sync_dag.log_stats scheduled__2026-05-04T08:00:00+00:00 [queued]>
[2026-05-04T08:16:46.336+0000] {taskinstance.py:1157} INFO - Dependencies all met for dep_context=requeueable deps ti=<TaskInstance: embedding_sync_dag.log_stats scheduled__2026-05-04T08:00:00+00:00 [queued]>
[2026-05-04T08:16:46.336+0000] {taskinstance.py:1359} INFO - Starting attempt 1 of 3
[2026-05-04T08:16:46.347+0000] {taskinstance.py:1380} INFO - Executing <Task(PythonOperator): log_stats> on 2026-05-04 08:00:00+00:00
[2026-05-04T08:16:46.353+0000] {standard_task_runner.py:57} INFO - Started process 1980 to run task
[2026-05-04T08:16:46.356+0000] {standard_task_runner.py:84} INFO - Running: ['***', 'tasks', 'run', 'embedding_sync_dag', 'log_stats', 'scheduled__2026-05-04T08:00:00+00:00', '--job-id', '4209', '--raw', '--subdir', 'DAGS_FOLDER/embedding_sync_dag.py', '--cfg-path', '/tmp/tmpxxkft12w']
[2026-05-04T08:16:46.359+0000] {standard_task_runner.py:85} INFO - Job 4209: Subtask log_stats
[2026-05-04T08:16:46.421+0000] {task_command.py:415} INFO - Running <TaskInstance: embedding_sync_dag.log_stats scheduled__2026-05-04T08:00:00+00:00 [running]> on host e8610aa59365
[2026-05-04T08:16:46.515+0000] {taskinstance.py:1660} INFO - Exporting env vars: AIRFLOW_CTX_DAG_OWNER='lakehouse' AIRFLOW_CTX_DAG_ID='embedding_sync_dag' AIRFLOW_CTX_TASK_ID='log_stats' AIRFLOW_CTX_EXECUTION_DATE='2026-05-04T08:00:00+00:00' AIRFLOW_CTX_TRY_NUMBER='1' AIRFLOW_CTX_DAG_RUN_ID='scheduled__2026-05-04T08:00:00+00:00'
[2026-05-04T08:16:46.569+0000] {embedding_sync_dag.py:159} INFO - =======================================================
[2026-05-04T08:16:46.569+0000] {embedding_sync_dag.py:160} INFO -   Embedding Sync Summary
[2026-05-04T08:16:46.569+0000] {embedding_sync_dag.py:161} INFO -   Rows backfill-queued    : 1233
[2026-05-04T08:16:46.570+0000] {embedding_sync_dag.py:162} INFO -   New tables watched      : 0
[2026-05-04T08:16:46.570+0000] {embedding_sync_dag.py:163} INFO -   Rows embedded           : 2010
[2026-05-04T08:16:46.570+0000] {embedding_sync_dag.py:164} INFO -   Embed errors            : 0
[2026-05-04T08:16:46.570+0000] {embedding_sync_dag.py:165} INFO -   Orphaned tables removed : 64
[2026-05-04T08:16:46.570+0000] {embedding_sync_dag.py:166} INFO -   Stale embeddings purged : 33601
[2026-05-04T08:16:46.570+0000] {embedding_sync_dag.py:168} WARNING -   Dropped tables cleaned  : ['data_coffeedocx_table_1', 'data_coffeedocx_table_2', 'data_coffeepdf_page10_table1', 'data_coffeepdf_page10_table2', 'data_coffeepdf_page11_table1', 'data_coffeepdf_page1_table1', 'data_coffeepdf_page1_table2', 'data_coffeepdf_page1_table3', 'data_coffeepdf_page2_table1', 'data_coffeepdf_page2_table2', 'data_coffeepdf_page2_table3', 'data_coffeepdf_page3_table1', 'data_coffeepdf_page3_table2', 'data_coffeepdf_page3_table3', 'data_coffeepdf_page4_table1', 'data_coffeepdf_page4_table2', 'data_coffeepdf_page5_table1', 'data_coffeepdf_page5_table2', 'data_coffeepdf_page5_table3', 'data_coffeepdf_page5_table4', 'data_coffeepdf_page6_table1', 'data_coffeepdf_page6_table2', 'data_coffeepdf_page6_table3', 'data_coffeepdf_page7_table1', 'data_coffeepdf_page7_table2', 'data_coffeepdf_page8_table1', 'data_coffeepdf_page8_table2', 'data_coffeepdf_page8_table3', 'data_coffeepdf_page9_table1', 'data_coffeepdf_page9_table2', 'data_coffeepdf_page9_table3', 'data_machinescoffeecsv', 'data_machinesdata', 'data_newsampleehehe_table_1', 'data_newsampleehehe_table_2', 'data_samplieee_page10_table1', 'data_samplieee_page10_table2', 'data_samplieee_page11_table1', 'data_samplieee_page1_table1', 'data_samplieee_page1_table2', 'data_samplieee_page1_table3', 'data_samplieee_page2_table1', 'data_samplieee_page2_table2', 'data_samplieee_page2_table3', 'data_samplieee_page3_table1', 'data_samplieee_page3_table2', 'data_samplieee_page3_table3', 'data_samplieee_page4_table1', 'data_samplieee_page4_table2', 'data_samplieee_page5_table1', 'data_samplieee_page5_table2', 'data_samplieee_page5_table3', 'data_samplieee_page5_table4', 'data_samplieee_page6_table1', 'data_samplieee_page6_table2', 'data_samplieee_page6_table3', 'data_samplieee_page7_table1', 'data_samplieee_page7_table2', 'data_samplieee_page8_table1', 'data_samplieee_page8_table2', 'data_samplieee_page8_table3', 'data_samplieee_page9_table1', 'data_samplieee_page9_table2', 'data_samplieee_page9_table3']
[2026-05-04T08:16:46.570+0000] {embedding_sync_dag.py:169} INFO - =======================================================
[2026-05-04T08:16:46.570+0000] {python.py:194} INFO - Done. Returned value was: None
[2026-05-04T08:16:46.583+0000] {taskinstance.py:1398} INFO - Marking task as SUCCESS. dag_id=embedding_sync_dag, task_id=log_stats, execution_date=20260504T080000, start_date=20260504T081646, end_date=20260504T081646
[2026-05-04T08:16:46.609+0000] {local_task_job_runner.py:228} INFO - Task exited with return code 0
[2026-05-04T08:16:46.630+0000] {taskinstance.py:2776} INFO - 0 downstream tasks scheduled from follow-on schedule check
