[2026-02-12T20:39:36.042+0000] {taskinstance.py:1157} INFO - Dependencies all met for dep_context=non-requeueable deps ti=<TaskInstance: distillationDAG.scan_minio_and_dispatch scheduled__2026-02-12T20:38:47.326754+00:00 [queued]>
[2026-02-12T20:39:36.065+0000] {taskinstance.py:1157} INFO - Dependencies all met for dep_context=requeueable deps ti=<TaskInstance: distillationDAG.scan_minio_and_dispatch scheduled__2026-02-12T20:38:47.326754+00:00 [queued]>
[2026-02-12T20:39:36.065+0000] {taskinstance.py:1359} INFO - Starting attempt 1 of 4
[2026-02-12T20:39:36.096+0000] {taskinstance.py:1380} INFO - Executing <Task(PythonOperator): scan_minio_and_dispatch> on 2026-02-12 20:38:47.326754+00:00
[2026-02-12T20:39:36.111+0000] {standard_task_runner.py:57} INFO - Started process 2303 to run task
[2026-02-12T20:39:36.123+0000] {standard_task_runner.py:84} INFO - Running: ['***', 'tasks', 'run', 'distillationDAG', 'scan_minio_and_dispatch', 'scheduled__2026-02-12T20:38:47.326754+00:00', '--job-id', '1629', '--raw', '--subdir', 'DAGS_FOLDER/dispatcher_pipeline_dag.py', '--cfg-path', '/tmp/tmpyu04wm29']
[2026-02-12T20:39:36.133+0000] {standard_task_runner.py:85} INFO - Job 1629: Subtask scan_minio_and_dispatch
[2026-02-12T20:39:36.319+0000] {task_command.py:415} INFO - Running <TaskInstance: distillationDAG.scan_minio_and_dispatch scheduled__2026-02-12T20:38:47.326754+00:00 [running]> on host 82d20e4b3d15
[2026-02-12T20:39:37.324+0000] {taskinstance.py:1660} INFO - Exporting env vars: AIRFLOW_CTX_DAG_OWNER='***' AIRFLOW_CTX_DAG_ID='distillationDAG' AIRFLOW_CTX_TASK_ID='scan_minio_and_dispatch' AIRFLOW_CTX_EXECUTION_DATE='2026-02-12T20:38:47.326754+00:00' AIRFLOW_CTX_TRY_NUMBER='1' AIRFLOW_CTX_DAG_RUN_ID='scheduled__2026-02-12T20:38:47.326754+00:00'
[2026-02-12T20:39:37.376+0000] {logging_mixin.py:151} INFO - [DISPATCHER] Found file: raw/sample-tables.pdf
[2026-02-12T20:39:38.758+0000] {pdf_pipeline.py:354} INFO - [pdf] Processing raw/sample-tables.pdf
[2026-02-12T20:39:38.778+0000] {pdf_pipeline.py:408} INFO - [pdf] Extracting text from PDF...
[2026-02-12T20:39:38.899+0000] {pdf_pipeline.py:441} ERROR - [pdf] Text extraction failed for raw/sample-tables.pdf: cannot access local variable 'table_count' where it is not associated with a value
Traceback (most recent call last):
  File "/opt/python-etl/pipelines/pdf_pipeline.py", line 425, in process_minio_object
    'table_count': table_count,
                   ^^^^^^^^^^^
UnboundLocalError: cannot access local variable 'table_count' where it is not associated with a value
[2026-02-12T20:39:38.902+0000] {pdf_pipeline.py:477} WARNING - [pdf] No text extracted from raw/sample-tables.pdf
[2026-02-12T20:39:38.903+0000] {pdf_pipeline.py:480} INFO - [pdf] Extracting tables from PDF...
[2026-02-12T20:39:39.459+0000] {pdf_pipeline.py:539} WARNING - [pdf] Failed to process table 1 on page 1: _process_extracted_table() got an unexpected keyword argument 'uploaded_by'
[2026-02-12T20:39:39.461+0000] {pdf_pipeline.py:539} WARNING - [pdf] Failed to process table 2 on page 1: _process_extracted_table() got an unexpected keyword argument 'uploaded_by'
[2026-02-12T20:39:39.468+0000] {pdf_pipeline.py:539} WARNING - [pdf] Failed to process table 3 on page 1: _process_extracted_table() got an unexpected keyword argument 'uploaded_by'
[2026-02-12T20:39:40.113+0000] {pdf_pipeline.py:539} WARNING - [pdf] Failed to process table 1 on page 2: _process_extracted_table() got an unexpected keyword argument 'uploaded_by'
[2026-02-12T20:39:40.115+0000] {pdf_pipeline.py:539} WARNING - [pdf] Failed to process table 2 on page 2: _process_extracted_table() got an unexpected keyword argument 'uploaded_by'
[2026-02-12T20:39:40.116+0000] {pdf_pipeline.py:539} WARNING - [pdf] Failed to process table 3 on page 2: _process_extracted_table() got an unexpected keyword argument 'uploaded_by'
[2026-02-12T20:39:40.443+0000] {pdf_pipeline.py:539} WARNING - [pdf] Failed to process table 1 on page 3: _process_extracted_table() got an unexpected keyword argument 'uploaded_by'
[2026-02-12T20:39:40.444+0000] {pdf_pipeline.py:539} WARNING - [pdf] Failed to process table 2 on page 3: _process_extracted_table() got an unexpected keyword argument 'uploaded_by'
[2026-02-12T20:39:40.446+0000] {pdf_pipeline.py:539} WARNING - [pdf] Failed to process table 3 on page 3: _process_extracted_table() got an unexpected keyword argument 'uploaded_by'
[2026-02-12T20:39:41.062+0000] {pdf_pipeline.py:539} WARNING - [pdf] Failed to process table 1 on page 4: _process_extracted_table() got an unexpected keyword argument 'uploaded_by'
[2026-02-12T20:39:41.064+0000] {pdf_pipeline.py:539} WARNING - [pdf] Failed to process table 2 on page 4: _process_extracted_table() got an unexpected keyword argument 'uploaded_by'
[2026-02-12T20:39:41.599+0000] {pdf_pipeline.py:539} WARNING - [pdf] Failed to process table 1 on page 5: _process_extracted_table() got an unexpected keyword argument 'uploaded_by'
[2026-02-12T20:39:41.600+0000] {pdf_pipeline.py:539} WARNING - [pdf] Failed to process table 2 on page 5: _process_extracted_table() got an unexpected keyword argument 'uploaded_by'
[2026-02-12T20:39:41.602+0000] {pdf_pipeline.py:539} WARNING - [pdf] Failed to process table 3 on page 5: _process_extracted_table() got an unexpected keyword argument 'uploaded_by'
[2026-02-12T20:39:41.603+0000] {pdf_pipeline.py:539} WARNING - [pdf] Failed to process table 4 on page 5: _process_extracted_table() got an unexpected keyword argument 'uploaded_by'
[2026-02-12T20:39:42.444+0000] {pdf_pipeline.py:539} WARNING - [pdf] Failed to process table 1 on page 6: _process_extracted_table() got an unexpected keyword argument 'uploaded_by'
[2026-02-12T20:39:42.445+0000] {pdf_pipeline.py:539} WARNING - [pdf] Failed to process table 2 on page 6: _process_extracted_table() got an unexpected keyword argument 'uploaded_by'
[2026-02-12T20:39:42.446+0000] {pdf_pipeline.py:539} WARNING - [pdf] Failed to process table 3 on page 6: _process_extracted_table() got an unexpected keyword argument 'uploaded_by'
[2026-02-12T20:39:42.852+0000] {pdf_pipeline.py:539} WARNING - [pdf] Failed to process table 1 on page 7: _process_extracted_table() got an unexpected keyword argument 'uploaded_by'
[2026-02-12T20:39:42.853+0000] {pdf_pipeline.py:539} WARNING - [pdf] Failed to process table 2 on page 7: _process_extracted_table() got an unexpected keyword argument 'uploaded_by'
[2026-02-12T20:39:43.299+0000] {pdf_pipeline.py:539} WARNING - [pdf] Failed to process table 1 on page 8: _process_extracted_table() got an unexpected keyword argument 'uploaded_by'
[2026-02-12T20:39:43.300+0000] {pdf_pipeline.py:539} WARNING - [pdf] Failed to process table 2 on page 8: _process_extracted_table() got an unexpected keyword argument 'uploaded_by'
[2026-02-12T20:39:43.301+0000] {pdf_pipeline.py:539} WARNING - [pdf] Failed to process table 3 on page 8: _process_extracted_table() got an unexpected keyword argument 'uploaded_by'
[2026-02-12T20:39:43.920+0000] {pdf_pipeline.py:539} WARNING - [pdf] Failed to process table 1 on page 9: _process_extracted_table() got an unexpected keyword argument 'uploaded_by'
[2026-02-12T20:39:43.921+0000] {pdf_pipeline.py:539} WARNING - [pdf] Failed to process table 2 on page 9: _process_extracted_table() got an unexpected keyword argument 'uploaded_by'
[2026-02-12T20:39:43.923+0000] {pdf_pipeline.py:539} WARNING - [pdf] Failed to process table 3 on page 9: _process_extracted_table() got an unexpected keyword argument 'uploaded_by'
[2026-02-12T20:39:44.382+0000] {pdf_pipeline.py:539} WARNING - [pdf] Failed to process table 1 on page 10: _process_extracted_table() got an unexpected keyword argument 'uploaded_by'
[2026-02-12T20:39:44.383+0000] {pdf_pipeline.py:539} WARNING - [pdf] Failed to process table 2 on page 10: _process_extracted_table() got an unexpected keyword argument 'uploaded_by'
[2026-02-12T20:39:44.959+0000] {pdf_pipeline.py:539} WARNING - [pdf] Failed to process table 1 on page 11: _process_extracted_table() got an unexpected keyword argument 'uploaded_by'
[2026-02-12T20:39:44.964+0000] {pdf_pipeline.py:550} INFO - [pdf] Extracted 0 tables with 0 total rows
[2026-02-12T20:39:44.967+0000] {pdf_pipeline.py:566} ERROR - [pdf] Failed catalog update for raw/sample-tables.pdf: cannot access local variable 'pdf_metadata' where it is not associated with a value
Traceback (most recent call last):
  File "/opt/python-etl/pipelines/pdf_pipeline.py", line 560, in process_minio_object
    content_hash=file_hash,
                 ^^^^^^^^^
UnboundLocalError: cannot access local variable 'pdf_metadata' where it is not associated with a value
[2026-02-12T20:39:44.969+0000] {pdf_pipeline.py:569} INFO - [pdf] ✅ Completed processing: raw/sample-tables.pdf | pages=11 | tables=0 | rows=0 | text_chars=0
[2026-02-12T20:39:44.970+0000] {etl_manager.py:306} INFO - ETL completed: raw/sample-tables.pdf
[2026-02-12T20:39:44.973+0000] {logging_mixin.py:151} INFO - [DISPATCHER] Archiving raw/sample-tables.pdf -> raw-data/2026-02-12/sample-tables.pdf
[2026-02-12T20:39:45.034+0000] {logging_mixin.py:151} INFO - [DISPATCHER] Completed & removed landing copy: raw/sample-tables.pdf
[2026-02-12T20:39:45.035+0000] {python.py:194} INFO - Done. Returned value was: None
[2026-02-12T20:39:45.098+0000] {taskinstance.py:1398} INFO - Marking task as SUCCESS. dag_id=distillationDAG, task_id=scan_minio_and_dispatch, execution_date=20260212T203847, start_date=20260212T203936, end_date=20260212T203945
[2026-02-12T20:39:45.220+0000] {local_task_job_runner.py:228} INFO - Task exited with return code 0
[2026-02-12T20:39:45.276+0000] {taskinstance.py:2776} INFO - 0 downstream tasks scheduled from follow-on schedule check
