[2026-03-16T12:33:19.391+0000] {processor.py:157} INFO - Started process (PID=170) to work on /opt/airflow/dags/dispatcher_pipeline_dag.py
[2026-03-16T12:33:19.397+0000] {processor.py:829} INFO - Processing file /opt/airflow/dags/dispatcher_pipeline_dag.py for tasks to queue
[2026-03-16T12:33:19.404+0000] {logging_mixin.py:151} INFO - [2026-03-16T12:33:19.403+0000] {dagbag.py:539} INFO - Filling up the DagBag from /opt/airflow/dags/dispatcher_pipeline_dag.py
[2026-03-16T12:33:23.646+0000] {processor.py:839} INFO - DAG(s) dict_keys(['distillationDAG']) retrieved from /opt/airflow/dags/dispatcher_pipeline_dag.py
[2026-03-16T12:33:23.762+0000] {logging_mixin.py:151} INFO - [2026-03-16T12:33:23.760+0000] {dag.py:2915} INFO - Sync 1 DAGs
[2026-03-16T12:33:24.081+0000] {processor.py:179} INFO - Processing /opt/airflow/dags/dispatcher_pipeline_dag.py took 4.766 seconds
[2026-03-16T12:33:54.543+0000] {processor.py:157} INFO - Started process (PID=204) to work on /opt/airflow/dags/dispatcher_pipeline_dag.py
[2026-03-16T12:33:54.547+0000] {processor.py:829} INFO - Processing file /opt/airflow/dags/dispatcher_pipeline_dag.py for tasks to queue
[2026-03-16T12:33:54.553+0000] {logging_mixin.py:151} INFO - [2026-03-16T12:33:54.548+0000] {dagbag.py:539} INFO - Filling up the DagBag from /opt/airflow/dags/dispatcher_pipeline_dag.py
[2026-03-16T12:33:57.430+0000] {processor.py:839} INFO - DAG(s) dict_keys(['distillationDAG']) retrieved from /opt/airflow/dags/dispatcher_pipeline_dag.py
[2026-03-16T12:33:57.596+0000] {logging_mixin.py:151} INFO - [2026-03-16T12:33:57.594+0000] {dag.py:2915} INFO - Sync 1 DAGs
[2026-03-16T12:33:57.804+0000] {processor.py:179} INFO - Processing /opt/airflow/dags/dispatcher_pipeline_dag.py took 3.272 seconds
[2026-03-16T12:34:28.248+0000] {processor.py:157} INFO - Started process (PID=236) to work on /opt/airflow/dags/dispatcher_pipeline_dag.py
[2026-03-16T12:34:28.251+0000] {processor.py:829} INFO - Processing file /opt/airflow/dags/dispatcher_pipeline_dag.py for tasks to queue
[2026-03-16T12:34:28.253+0000] {logging_mixin.py:151} INFO - [2026-03-16T12:34:28.252+0000] {dagbag.py:539} INFO - Filling up the DagBag from /opt/airflow/dags/dispatcher_pipeline_dag.py
[2026-03-16T12:34:30.039+0000] {processor.py:839} INFO - DAG(s) dict_keys(['distillationDAG']) retrieved from /opt/airflow/dags/dispatcher_pipeline_dag.py
[2026-03-16T12:34:30.116+0000] {logging_mixin.py:151} INFO - [2026-03-16T12:34:30.114+0000] {dag.py:2915} INFO - Sync 1 DAGs
[2026-03-16T12:34:30.209+0000] {processor.py:179} INFO - Processing /opt/airflow/dags/dispatcher_pipeline_dag.py took 1.970 seconds
[2026-03-16T12:35:00.290+0000] {processor.py:157} INFO - Started process (PID=254) to work on /opt/airflow/dags/dispatcher_pipeline_dag.py
[2026-03-16T12:35:00.292+0000] {processor.py:829} INFO - Processing file /opt/airflow/dags/dispatcher_pipeline_dag.py for tasks to queue
[2026-03-16T12:35:00.294+0000] {logging_mixin.py:151} INFO - [2026-03-16T12:35:00.293+0000] {dagbag.py:539} INFO - Filling up the DagBag from /opt/airflow/dags/dispatcher_pipeline_dag.py
[2026-03-16T12:35:02.038+0000] {processor.py:839} INFO - DAG(s) dict_keys(['distillationDAG']) retrieved from /opt/airflow/dags/dispatcher_pipeline_dag.py
[2026-03-16T12:35:02.116+0000] {logging_mixin.py:151} INFO - [2026-03-16T12:35:02.115+0000] {dag.py:2915} INFO - Sync 1 DAGs
[2026-03-16T12:35:02.209+0000] {processor.py:179} INFO - Processing /opt/airflow/dags/dispatcher_pipeline_dag.py took 1.929 seconds
[2026-03-16T12:35:33.034+0000] {processor.py:157} INFO - Started process (PID=272) to work on /opt/airflow/dags/dispatcher_pipeline_dag.py
[2026-03-16T12:35:33.037+0000] {processor.py:829} INFO - Processing file /opt/airflow/dags/dispatcher_pipeline_dag.py for tasks to queue
[2026-03-16T12:35:33.039+0000] {logging_mixin.py:151} INFO - [2026-03-16T12:35:33.038+0000] {dagbag.py:539} INFO - Filling up the DagBag from /opt/airflow/dags/dispatcher_pipeline_dag.py
[2026-03-16T12:35:34.810+0000] {processor.py:839} INFO - DAG(s) dict_keys(['distillationDAG']) retrieved from /opt/airflow/dags/dispatcher_pipeline_dag.py
[2026-03-16T12:35:34.888+0000] {logging_mixin.py:151} INFO - [2026-03-16T12:35:34.887+0000] {dag.py:2915} INFO - Sync 1 DAGs
[2026-03-16T12:35:34.976+0000] {processor.py:179} INFO - Processing /opt/airflow/dags/dispatcher_pipeline_dag.py took 1.953 seconds
[2026-03-16T12:36:05.172+0000] {processor.py:157} INFO - Started process (PID=290) to work on /opt/airflow/dags/dispatcher_pipeline_dag.py
[2026-03-16T12:36:05.175+0000] {processor.py:829} INFO - Processing file /opt/airflow/dags/dispatcher_pipeline_dag.py for tasks to queue
[2026-03-16T12:36:05.177+0000] {logging_mixin.py:151} INFO - [2026-03-16T12:36:05.176+0000] {dagbag.py:539} INFO - Filling up the DagBag from /opt/airflow/dags/dispatcher_pipeline_dag.py
[2026-03-16T12:36:06.933+0000] {processor.py:839} INFO - DAG(s) dict_keys(['distillationDAG']) retrieved from /opt/airflow/dags/dispatcher_pipeline_dag.py
[2026-03-16T12:36:07.011+0000] {logging_mixin.py:151} INFO - [2026-03-16T12:36:07.010+0000] {dag.py:2915} INFO - Sync 1 DAGs
[2026-03-16T12:36:07.100+0000] {processor.py:179} INFO - Processing /opt/airflow/dags/dispatcher_pipeline_dag.py took 1.938 seconds
[2026-03-16T12:36:37.609+0000] {processor.py:157} INFO - Started process (PID=308) to work on /opt/airflow/dags/dispatcher_pipeline_dag.py
[2026-03-16T12:36:37.611+0000] {processor.py:829} INFO - Processing file /opt/airflow/dags/dispatcher_pipeline_dag.py for tasks to queue
[2026-03-16T12:36:37.614+0000] {logging_mixin.py:151} INFO - [2026-03-16T12:36:37.612+0000] {dagbag.py:539} INFO - Filling up the DagBag from /opt/airflow/dags/dispatcher_pipeline_dag.py
[2026-03-16T12:36:39.389+0000] {processor.py:839} INFO - DAG(s) dict_keys(['distillationDAG']) retrieved from /opt/airflow/dags/dispatcher_pipeline_dag.py
[2026-03-16T12:36:39.465+0000] {logging_mixin.py:151} INFO - [2026-03-16T12:36:39.464+0000] {dag.py:2915} INFO - Sync 1 DAGs
[2026-03-16T12:36:39.556+0000] {processor.py:179} INFO - Processing /opt/airflow/dags/dispatcher_pipeline_dag.py took 1.958 seconds
[2026-03-16T12:37:09.667+0000] {processor.py:157} INFO - Started process (PID=326) to work on /opt/airflow/dags/dispatcher_pipeline_dag.py
[2026-03-16T12:37:09.670+0000] {processor.py:829} INFO - Processing file /opt/airflow/dags/dispatcher_pipeline_dag.py for tasks to queue
[2026-03-16T12:37:09.672+0000] {logging_mixin.py:151} INFO - [2026-03-16T12:37:09.671+0000] {dagbag.py:539} INFO - Filling up the DagBag from /opt/airflow/dags/dispatcher_pipeline_dag.py
[2026-03-16T12:37:11.461+0000] {processor.py:839} INFO - DAG(s) dict_keys(['distillationDAG']) retrieved from /opt/airflow/dags/dispatcher_pipeline_dag.py
[2026-03-16T12:37:11.538+0000] {logging_mixin.py:151} INFO - [2026-03-16T12:37:11.537+0000] {dag.py:2915} INFO - Sync 1 DAGs
[2026-03-16T12:37:11.628+0000] {processor.py:179} INFO - Processing /opt/airflow/dags/dispatcher_pipeline_dag.py took 1.971 seconds
[2026-03-16T12:37:41.735+0000] {processor.py:157} INFO - Started process (PID=344) to work on /opt/airflow/dags/dispatcher_pipeline_dag.py
[2026-03-16T12:37:41.738+0000] {processor.py:829} INFO - Processing file /opt/airflow/dags/dispatcher_pipeline_dag.py for tasks to queue
[2026-03-16T12:37:41.740+0000] {logging_mixin.py:151} INFO - [2026-03-16T12:37:41.739+0000] {dagbag.py:539} INFO - Filling up the DagBag from /opt/airflow/dags/dispatcher_pipeline_dag.py
[2026-03-16T12:37:43.526+0000] {processor.py:839} INFO - DAG(s) dict_keys(['distillationDAG']) retrieved from /opt/airflow/dags/dispatcher_pipeline_dag.py
[2026-03-16T12:37:43.604+0000] {logging_mixin.py:151} INFO - [2026-03-16T12:37:43.603+0000] {dag.py:2915} INFO - Sync 1 DAGs
[2026-03-16T12:37:43.694+0000] {processor.py:179} INFO - Processing /opt/airflow/dags/dispatcher_pipeline_dag.py took 1.970 seconds
[2026-03-16T12:38:14.232+0000] {processor.py:157} INFO - Started process (PID=362) to work on /opt/airflow/dags/dispatcher_pipeline_dag.py
[2026-03-16T12:38:14.235+0000] {processor.py:829} INFO - Processing file /opt/airflow/dags/dispatcher_pipeline_dag.py for tasks to queue
[2026-03-16T12:38:14.237+0000] {logging_mixin.py:151} INFO - [2026-03-16T12:38:14.236+0000] {dagbag.py:539} INFO - Filling up the DagBag from /opt/airflow/dags/dispatcher_pipeline_dag.py
[2026-03-16T12:38:15.971+0000] {processor.py:839} INFO - DAG(s) dict_keys(['distillationDAG']) retrieved from /opt/airflow/dags/dispatcher_pipeline_dag.py
[2026-03-16T12:38:16.048+0000] {logging_mixin.py:151} INFO - [2026-03-16T12:38:16.047+0000] {dag.py:2915} INFO - Sync 1 DAGs
[2026-03-16T12:38:16.140+0000] {processor.py:179} INFO - Processing /opt/airflow/dags/dispatcher_pipeline_dag.py took 1.917 seconds
[2026-03-16T12:38:46.423+0000] {processor.py:157} INFO - Started process (PID=380) to work on /opt/airflow/dags/dispatcher_pipeline_dag.py
[2026-03-16T12:38:46.425+0000] {processor.py:829} INFO - Processing file /opt/airflow/dags/dispatcher_pipeline_dag.py for tasks to queue
[2026-03-16T12:38:46.427+0000] {logging_mixin.py:151} INFO - [2026-03-16T12:38:46.426+0000] {dagbag.py:539} INFO - Filling up the DagBag from /opt/airflow/dags/dispatcher_pipeline_dag.py
[2026-03-16T12:38:48.191+0000] {processor.py:839} INFO - DAG(s) dict_keys(['distillationDAG']) retrieved from /opt/airflow/dags/dispatcher_pipeline_dag.py
[2026-03-16T12:38:48.267+0000] {logging_mixin.py:151} INFO - [2026-03-16T12:38:48.266+0000] {dag.py:2915} INFO - Sync 1 DAGs
[2026-03-16T12:38:48.357+0000] {processor.py:179} INFO - Processing /opt/airflow/dags/dispatcher_pipeline_dag.py took 1.945 seconds
[2026-03-16T12:39:18.709+0000] {processor.py:157} INFO - Started process (PID=398) to work on /opt/airflow/dags/dispatcher_pipeline_dag.py
[2026-03-16T12:39:18.711+0000] {processor.py:829} INFO - Processing file /opt/airflow/dags/dispatcher_pipeline_dag.py for tasks to queue
[2026-03-16T12:39:18.714+0000] {logging_mixin.py:151} INFO - [2026-03-16T12:39:18.713+0000] {dagbag.py:539} INFO - Filling up the DagBag from /opt/airflow/dags/dispatcher_pipeline_dag.py
[2026-03-16T12:39:20.474+0000] {processor.py:839} INFO - DAG(s) dict_keys(['distillationDAG']) retrieved from /opt/airflow/dags/dispatcher_pipeline_dag.py
[2026-03-16T12:39:20.553+0000] {logging_mixin.py:151} INFO - [2026-03-16T12:39:20.552+0000] {dag.py:2915} INFO - Sync 1 DAGs
[2026-03-16T12:39:20.641+0000] {processor.py:179} INFO - Processing /opt/airflow/dags/dispatcher_pipeline_dag.py took 1.942 seconds
[2026-03-16T12:39:50.871+0000] {processor.py:157} INFO - Started process (PID=416) to work on /opt/airflow/dags/dispatcher_pipeline_dag.py
[2026-03-16T12:39:50.873+0000] {processor.py:829} INFO - Processing file /opt/airflow/dags/dispatcher_pipeline_dag.py for tasks to queue
[2026-03-16T12:39:50.876+0000] {logging_mixin.py:151} INFO - [2026-03-16T12:39:50.875+0000] {dagbag.py:539} INFO - Filling up the DagBag from /opt/airflow/dags/dispatcher_pipeline_dag.py
[2026-03-16T12:39:52.617+0000] {processor.py:839} INFO - DAG(s) dict_keys(['distillationDAG']) retrieved from /opt/airflow/dags/dispatcher_pipeline_dag.py
[2026-03-16T12:39:52.693+0000] {logging_mixin.py:151} INFO - [2026-03-16T12:39:52.692+0000] {dag.py:2915} INFO - Sync 1 DAGs
[2026-03-16T12:39:52.780+0000] {processor.py:179} INFO - Processing /opt/airflow/dags/dispatcher_pipeline_dag.py took 1.920 seconds
[2026-03-16T12:40:23.335+0000] {processor.py:157} INFO - Started process (PID=434) to work on /opt/airflow/dags/dispatcher_pipeline_dag.py
[2026-03-16T12:40:23.338+0000] {processor.py:829} INFO - Processing file /opt/airflow/dags/dispatcher_pipeline_dag.py for tasks to queue
[2026-03-16T12:40:23.340+0000] {logging_mixin.py:151} INFO - [2026-03-16T12:40:23.339+0000] {dagbag.py:539} INFO - Filling up the DagBag from /opt/airflow/dags/dispatcher_pipeline_dag.py
[2026-03-16T12:40:25.121+0000] {processor.py:839} INFO - DAG(s) dict_keys(['distillationDAG']) retrieved from /opt/airflow/dags/dispatcher_pipeline_dag.py
[2026-03-16T12:40:25.198+0000] {logging_mixin.py:151} INFO - [2026-03-16T12:40:25.197+0000] {dag.py:2915} INFO - Sync 1 DAGs
[2026-03-16T12:40:25.290+0000] {processor.py:179} INFO - Processing /opt/airflow/dags/dispatcher_pipeline_dag.py took 1.965 seconds
[2026-03-16T12:40:56.077+0000] {processor.py:157} INFO - Started process (PID=452) to work on /opt/airflow/dags/dispatcher_pipeline_dag.py
[2026-03-16T12:40:56.079+0000] {processor.py:829} INFO - Processing file /opt/airflow/dags/dispatcher_pipeline_dag.py for tasks to queue
[2026-03-16T12:40:56.082+0000] {logging_mixin.py:151} INFO - [2026-03-16T12:40:56.081+0000] {dagbag.py:539} INFO - Filling up the DagBag from /opt/airflow/dags/dispatcher_pipeline_dag.py
[2026-03-16T12:40:57.846+0000] {processor.py:839} INFO - DAG(s) dict_keys(['distillationDAG']) retrieved from /opt/airflow/dags/dispatcher_pipeline_dag.py
[2026-03-16T12:40:57.923+0000] {logging_mixin.py:151} INFO - [2026-03-16T12:40:57.922+0000] {dag.py:2915} INFO - Sync 1 DAGs
[2026-03-16T12:40:58.013+0000] {processor.py:179} INFO - Processing /opt/airflow/dags/dispatcher_pipeline_dag.py took 1.947 seconds
[2026-03-16T12:41:28.458+0000] {processor.py:157} INFO - Started process (PID=470) to work on /opt/airflow/dags/dispatcher_pipeline_dag.py
[2026-03-16T12:41:28.461+0000] {processor.py:829} INFO - Processing file /opt/airflow/dags/dispatcher_pipeline_dag.py for tasks to queue
[2026-03-16T12:41:28.463+0000] {logging_mixin.py:151} INFO - [2026-03-16T12:41:28.462+0000] {dagbag.py:539} INFO - Filling up the DagBag from /opt/airflow/dags/dispatcher_pipeline_dag.py
[2026-03-16T12:41:30.244+0000] {processor.py:839} INFO - DAG(s) dict_keys(['distillationDAG']) retrieved from /opt/airflow/dags/dispatcher_pipeline_dag.py
[2026-03-16T12:41:30.323+0000] {logging_mixin.py:151} INFO - [2026-03-16T12:41:30.322+0000] {dag.py:2915} INFO - Sync 1 DAGs
[2026-03-16T12:41:30.411+0000] {processor.py:179} INFO - Processing /opt/airflow/dags/dispatcher_pipeline_dag.py took 1.964 seconds
[2026-03-16T12:42:00.518+0000] {processor.py:157} INFO - Started process (PID=488) to work on /opt/airflow/dags/dispatcher_pipeline_dag.py
[2026-03-16T12:42:00.521+0000] {processor.py:829} INFO - Processing file /opt/airflow/dags/dispatcher_pipeline_dag.py for tasks to queue
[2026-03-16T12:42:00.523+0000] {logging_mixin.py:151} INFO - [2026-03-16T12:42:00.522+0000] {dagbag.py:539} INFO - Filling up the DagBag from /opt/airflow/dags/dispatcher_pipeline_dag.py
[2026-03-16T12:42:02.315+0000] {processor.py:839} INFO - DAG(s) dict_keys(['distillationDAG']) retrieved from /opt/airflow/dags/dispatcher_pipeline_dag.py
[2026-03-16T12:42:02.392+0000] {logging_mixin.py:151} INFO - [2026-03-16T12:42:02.391+0000] {dag.py:2915} INFO - Sync 1 DAGs
[2026-03-16T12:42:02.479+0000] {processor.py:179} INFO - Processing /opt/airflow/dags/dispatcher_pipeline_dag.py took 1.971 seconds
[2026-03-16T12:42:32.565+0000] {processor.py:157} INFO - Started process (PID=509) to work on /opt/airflow/dags/dispatcher_pipeline_dag.py
[2026-03-16T12:42:32.567+0000] {processor.py:829} INFO - Processing file /opt/airflow/dags/dispatcher_pipeline_dag.py for tasks to queue
[2026-03-16T12:42:32.569+0000] {logging_mixin.py:151} INFO - [2026-03-16T12:42:32.568+0000] {dagbag.py:539} INFO - Filling up the DagBag from /opt/airflow/dags/dispatcher_pipeline_dag.py
[2026-03-16T12:42:34.298+0000] {processor.py:839} INFO - DAG(s) dict_keys(['distillationDAG']) retrieved from /opt/airflow/dags/dispatcher_pipeline_dag.py
[2026-03-16T12:42:34.376+0000] {logging_mixin.py:151} INFO - [2026-03-16T12:42:34.375+0000] {dag.py:2915} INFO - Sync 1 DAGs
[2026-03-16T12:42:34.466+0000] {processor.py:179} INFO - Processing /opt/airflow/dags/dispatcher_pipeline_dag.py took 1.911 seconds
[2026-03-16T12:43:04.983+0000] {processor.py:157} INFO - Started process (PID=529) to work on /opt/airflow/dags/dispatcher_pipeline_dag.py
[2026-03-16T12:43:04.986+0000] {processor.py:829} INFO - Processing file /opt/airflow/dags/dispatcher_pipeline_dag.py for tasks to queue
[2026-03-16T12:43:04.989+0000] {logging_mixin.py:151} INFO - [2026-03-16T12:43:04.988+0000] {dagbag.py:539} INFO - Filling up the DagBag from /opt/airflow/dags/dispatcher_pipeline_dag.py
[2026-03-16T12:43:06.778+0000] {processor.py:839} INFO - DAG(s) dict_keys(['distillationDAG']) retrieved from /opt/airflow/dags/dispatcher_pipeline_dag.py
[2026-03-16T12:43:06.855+0000] {logging_mixin.py:151} INFO - [2026-03-16T12:43:06.854+0000] {dag.py:2915} INFO - Sync 1 DAGs
[2026-03-16T12:43:06.948+0000] {processor.py:179} INFO - Processing /opt/airflow/dags/dispatcher_pipeline_dag.py took 1.976 seconds
[2026-03-16T12:43:37.315+0000] {processor.py:157} INFO - Started process (PID=547) to work on /opt/airflow/dags/dispatcher_pipeline_dag.py
[2026-03-16T12:43:37.317+0000] {processor.py:829} INFO - Processing file /opt/airflow/dags/dispatcher_pipeline_dag.py for tasks to queue
[2026-03-16T12:43:37.319+0000] {logging_mixin.py:151} INFO - [2026-03-16T12:43:37.318+0000] {dagbag.py:539} INFO - Filling up the DagBag from /opt/airflow/dags/dispatcher_pipeline_dag.py
[2026-03-16T12:43:39.038+0000] {processor.py:839} INFO - DAG(s) dict_keys(['distillationDAG']) retrieved from /opt/airflow/dags/dispatcher_pipeline_dag.py
[2026-03-16T12:43:39.111+0000] {logging_mixin.py:151} INFO - [2026-03-16T12:43:39.110+0000] {dag.py:2915} INFO - Sync 1 DAGs
[2026-03-16T12:43:39.190+0000] {processor.py:179} INFO - Processing /opt/airflow/dags/dispatcher_pipeline_dag.py took 1.885 seconds
[2026-03-16T12:44:09.629+0000] {processor.py:157} INFO - Started process (PID=565) to work on /opt/airflow/dags/dispatcher_pipeline_dag.py
[2026-03-16T12:44:09.631+0000] {processor.py:829} INFO - Processing file /opt/airflow/dags/dispatcher_pipeline_dag.py for tasks to queue
[2026-03-16T12:44:09.634+0000] {logging_mixin.py:151} INFO - [2026-03-16T12:44:09.633+0000] {dagbag.py:539} INFO - Filling up the DagBag from /opt/airflow/dags/dispatcher_pipeline_dag.py
[2026-03-16T12:44:11.378+0000] {processor.py:839} INFO - DAG(s) dict_keys(['distillationDAG']) retrieved from /opt/airflow/dags/dispatcher_pipeline_dag.py
[2026-03-16T12:44:11.455+0000] {logging_mixin.py:151} INFO - [2026-03-16T12:44:11.454+0000] {dag.py:2915} INFO - Sync 1 DAGs
[2026-03-16T12:44:11.542+0000] {processor.py:179} INFO - Processing /opt/airflow/dags/dispatcher_pipeline_dag.py took 1.924 seconds
[2026-03-16T12:44:42.085+0000] {processor.py:157} INFO - Started process (PID=583) to work on /opt/airflow/dags/dispatcher_pipeline_dag.py
[2026-03-16T12:44:42.088+0000] {processor.py:829} INFO - Processing file /opt/airflow/dags/dispatcher_pipeline_dag.py for tasks to queue
[2026-03-16T12:44:42.090+0000] {logging_mixin.py:151} INFO - [2026-03-16T12:44:42.089+0000] {dagbag.py:539} INFO - Filling up the DagBag from /opt/airflow/dags/dispatcher_pipeline_dag.py
[2026-03-16T12:44:43.856+0000] {processor.py:839} INFO - DAG(s) dict_keys(['distillationDAG']) retrieved from /opt/airflow/dags/dispatcher_pipeline_dag.py
[2026-03-16T12:44:43.934+0000] {logging_mixin.py:151} INFO - [2026-03-16T12:44:43.933+0000] {dag.py:2915} INFO - Sync 1 DAGs
[2026-03-16T12:44:44.024+0000] {processor.py:179} INFO - Processing /opt/airflow/dags/dispatcher_pipeline_dag.py took 1.950 seconds
[2026-03-16T12:45:14.627+0000] {processor.py:157} INFO - Started process (PID=601) to work on /opt/airflow/dags/dispatcher_pipeline_dag.py
[2026-03-16T12:45:14.630+0000] {processor.py:829} INFO - Processing file /opt/airflow/dags/dispatcher_pipeline_dag.py for tasks to queue
[2026-03-16T12:45:14.632+0000] {logging_mixin.py:151} INFO - [2026-03-16T12:45:14.631+0000] {dagbag.py:539} INFO - Filling up the DagBag from /opt/airflow/dags/dispatcher_pipeline_dag.py
[2026-03-16T12:45:16.396+0000] {processor.py:839} INFO - DAG(s) dict_keys(['distillationDAG']) retrieved from /opt/airflow/dags/dispatcher_pipeline_dag.py
[2026-03-16T12:45:16.476+0000] {logging_mixin.py:151} INFO - [2026-03-16T12:45:16.475+0000] {dag.py:2915} INFO - Sync 1 DAGs
[2026-03-16T12:45:16.564+0000] {processor.py:179} INFO - Processing /opt/airflow/dags/dispatcher_pipeline_dag.py took 1.947 seconds
[2026-03-16T12:45:47.256+0000] {processor.py:157} INFO - Started process (PID=619) to work on /opt/airflow/dags/dispatcher_pipeline_dag.py
[2026-03-16T12:45:47.258+0000] {processor.py:829} INFO - Processing file /opt/airflow/dags/dispatcher_pipeline_dag.py for tasks to queue
[2026-03-16T12:45:47.261+0000] {logging_mixin.py:151} INFO - [2026-03-16T12:45:47.260+0000] {dagbag.py:539} INFO - Filling up the DagBag from /opt/airflow/dags/dispatcher_pipeline_dag.py
[2026-03-16T12:45:49.024+0000] {processor.py:839} INFO - DAG(s) dict_keys(['distillationDAG']) retrieved from /opt/airflow/dags/dispatcher_pipeline_dag.py
[2026-03-16T12:45:49.100+0000] {logging_mixin.py:151} INFO - [2026-03-16T12:45:49.099+0000] {dag.py:2915} INFO - Sync 1 DAGs
[2026-03-16T12:45:49.187+0000] {processor.py:179} INFO - Processing /opt/airflow/dags/dispatcher_pipeline_dag.py took 1.942 seconds
[2026-03-16T12:46:19.720+0000] {processor.py:157} INFO - Started process (PID=637) to work on /opt/airflow/dags/dispatcher_pipeline_dag.py
[2026-03-16T12:46:19.723+0000] {processor.py:829} INFO - Processing file /opt/airflow/dags/dispatcher_pipeline_dag.py for tasks to queue
[2026-03-16T12:46:19.725+0000] {logging_mixin.py:151} INFO - [2026-03-16T12:46:19.724+0000] {dagbag.py:539} INFO - Filling up the DagBag from /opt/airflow/dags/dispatcher_pipeline_dag.py
[2026-03-16T12:46:21.472+0000] {processor.py:839} INFO - DAG(s) dict_keys(['distillationDAG']) retrieved from /opt/airflow/dags/dispatcher_pipeline_dag.py
[2026-03-16T12:46:21.548+0000] {logging_mixin.py:151} INFO - [2026-03-16T12:46:21.547+0000] {dag.py:2915} INFO - Sync 1 DAGs
[2026-03-16T12:46:21.639+0000] {processor.py:179} INFO - Processing /opt/airflow/dags/dispatcher_pipeline_dag.py took 1.930 seconds
[2026-03-16T12:46:52.269+0000] {processor.py:157} INFO - Started process (PID=655) to work on /opt/airflow/dags/dispatcher_pipeline_dag.py
[2026-03-16T12:46:52.271+0000] {processor.py:829} INFO - Processing file /opt/airflow/dags/dispatcher_pipeline_dag.py for tasks to queue
[2026-03-16T12:46:52.274+0000] {logging_mixin.py:151} INFO - [2026-03-16T12:46:52.273+0000] {dagbag.py:539} INFO - Filling up the DagBag from /opt/airflow/dags/dispatcher_pipeline_dag.py
[2026-03-16T12:46:54.027+0000] {processor.py:839} INFO - DAG(s) dict_keys(['distillationDAG']) retrieved from /opt/airflow/dags/dispatcher_pipeline_dag.py
[2026-03-16T12:46:54.104+0000] {logging_mixin.py:151} INFO - [2026-03-16T12:46:54.103+0000] {dag.py:2915} INFO - Sync 1 DAGs
[2026-03-16T12:46:54.194+0000] {processor.py:179} INFO - Processing /opt/airflow/dags/dispatcher_pipeline_dag.py took 1.936 seconds
[2026-03-16T12:47:24.876+0000] {processor.py:157} INFO - Started process (PID=673) to work on /opt/airflow/dags/dispatcher_pipeline_dag.py
[2026-03-16T12:47:24.879+0000] {processor.py:829} INFO - Processing file /opt/airflow/dags/dispatcher_pipeline_dag.py for tasks to queue
[2026-03-16T12:47:24.881+0000] {logging_mixin.py:151} INFO - [2026-03-16T12:47:24.880+0000] {dagbag.py:539} INFO - Filling up the DagBag from /opt/airflow/dags/dispatcher_pipeline_dag.py
[2026-03-16T12:47:26.674+0000] {processor.py:839} INFO - DAG(s) dict_keys(['distillationDAG']) retrieved from /opt/airflow/dags/dispatcher_pipeline_dag.py
[2026-03-16T12:47:26.756+0000] {logging_mixin.py:151} INFO - [2026-03-16T12:47:26.755+0000] {dag.py:2915} INFO - Sync 1 DAGs
[2026-03-16T12:47:26.844+0000] {processor.py:179} INFO - Processing /opt/airflow/dags/dispatcher_pipeline_dag.py took 1.979 seconds
[2026-03-16T12:47:57.065+0000] {processor.py:157} INFO - Started process (PID=698) to work on /opt/airflow/dags/dispatcher_pipeline_dag.py
[2026-03-16T12:47:57.067+0000] {processor.py:829} INFO - Processing file /opt/airflow/dags/dispatcher_pipeline_dag.py for tasks to queue
[2026-03-16T12:47:57.070+0000] {logging_mixin.py:151} INFO - [2026-03-16T12:47:57.069+0000] {dagbag.py:539} INFO - Filling up the DagBag from /opt/airflow/dags/dispatcher_pipeline_dag.py
[2026-03-16T12:47:58.804+0000] {processor.py:839} INFO - DAG(s) dict_keys(['distillationDAG']) retrieved from /opt/airflow/dags/dispatcher_pipeline_dag.py
[2026-03-16T12:47:58.881+0000] {logging_mixin.py:151} INFO - [2026-03-16T12:47:58.880+0000] {dag.py:2915} INFO - Sync 1 DAGs
[2026-03-16T12:47:58.970+0000] {processor.py:179} INFO - Processing /opt/airflow/dags/dispatcher_pipeline_dag.py took 1.914 seconds
[2026-03-16T12:48:29.841+0000] {processor.py:157} INFO - Started process (PID=716) to work on /opt/airflow/dags/dispatcher_pipeline_dag.py
[2026-03-16T12:48:29.843+0000] {processor.py:829} INFO - Processing file /opt/airflow/dags/dispatcher_pipeline_dag.py for tasks to queue
[2026-03-16T12:48:29.846+0000] {logging_mixin.py:151} INFO - [2026-03-16T12:48:29.845+0000] {dagbag.py:539} INFO - Filling up the DagBag from /opt/airflow/dags/dispatcher_pipeline_dag.py
[2026-03-16T12:48:31.578+0000] {processor.py:839} INFO - DAG(s) dict_keys(['distillationDAG']) retrieved from /opt/airflow/dags/dispatcher_pipeline_dag.py
[2026-03-16T12:48:31.655+0000] {logging_mixin.py:151} INFO - [2026-03-16T12:48:31.654+0000] {dag.py:2915} INFO - Sync 1 DAGs
[2026-03-16T12:48:31.745+0000] {processor.py:179} INFO - Processing /opt/airflow/dags/dispatcher_pipeline_dag.py took 1.916 seconds
[2026-03-16T12:49:02.187+0000] {processor.py:157} INFO - Started process (PID=734) to work on /opt/airflow/dags/dispatcher_pipeline_dag.py
[2026-03-16T12:49:02.190+0000] {processor.py:829} INFO - Processing file /opt/airflow/dags/dispatcher_pipeline_dag.py for tasks to queue
[2026-03-16T12:49:02.193+0000] {logging_mixin.py:151} INFO - [2026-03-16T12:49:02.191+0000] {dagbag.py:539} INFO - Filling up the DagBag from /opt/airflow/dags/dispatcher_pipeline_dag.py
[2026-03-16T12:49:03.941+0000] {processor.py:839} INFO - DAG(s) dict_keys(['distillationDAG']) retrieved from /opt/airflow/dags/dispatcher_pipeline_dag.py
[2026-03-16T12:49:04.020+0000] {logging_mixin.py:151} INFO - [2026-03-16T12:49:04.019+0000] {dag.py:2915} INFO - Sync 1 DAGs
[2026-03-16T12:49:04.107+0000] {processor.py:179} INFO - Processing /opt/airflow/dags/dispatcher_pipeline_dag.py took 1.930 seconds
[2026-03-16T12:49:34.554+0000] {processor.py:157} INFO - Started process (PID=752) to work on /opt/airflow/dags/dispatcher_pipeline_dag.py
[2026-03-16T12:49:34.557+0000] {processor.py:829} INFO - Processing file /opt/airflow/dags/dispatcher_pipeline_dag.py for tasks to queue
[2026-03-16T12:49:34.559+0000] {logging_mixin.py:151} INFO - [2026-03-16T12:49:34.558+0000] {dagbag.py:539} INFO - Filling up the DagBag from /opt/airflow/dags/dispatcher_pipeline_dag.py
[2026-03-16T12:49:36.316+0000] {processor.py:839} INFO - DAG(s) dict_keys(['distillationDAG']) retrieved from /opt/airflow/dags/dispatcher_pipeline_dag.py
[2026-03-16T12:49:36.394+0000] {logging_mixin.py:151} INFO - [2026-03-16T12:49:36.393+0000] {dag.py:2915} INFO - Sync 1 DAGs
[2026-03-16T12:49:36.482+0000] {processor.py:179} INFO - Processing /opt/airflow/dags/dispatcher_pipeline_dag.py took 1.938 seconds
[2026-03-16T12:50:06.679+0000] {processor.py:157} INFO - Started process (PID=770) to work on /opt/airflow/dags/dispatcher_pipeline_dag.py
[2026-03-16T12:50:06.681+0000] {processor.py:829} INFO - Processing file /opt/airflow/dags/dispatcher_pipeline_dag.py for tasks to queue
[2026-03-16T12:50:06.684+0000] {logging_mixin.py:151} INFO - [2026-03-16T12:50:06.683+0000] {dagbag.py:539} INFO - Filling up the DagBag from /opt/airflow/dags/dispatcher_pipeline_dag.py
[2026-03-16T12:50:08.458+0000] {processor.py:839} INFO - DAG(s) dict_keys(['distillationDAG']) retrieved from /opt/airflow/dags/dispatcher_pipeline_dag.py
[2026-03-16T12:50:08.535+0000] {logging_mixin.py:151} INFO - [2026-03-16T12:50:08.534+0000] {dag.py:2915} INFO - Sync 1 DAGs
[2026-03-16T12:50:08.626+0000] {processor.py:179} INFO - Processing /opt/airflow/dags/dispatcher_pipeline_dag.py took 1.958 seconds
[2026-03-16T12:50:39.112+0000] {processor.py:157} INFO - Started process (PID=788) to work on /opt/airflow/dags/dispatcher_pipeline_dag.py
[2026-03-16T12:50:39.115+0000] {processor.py:829} INFO - Processing file /opt/airflow/dags/dispatcher_pipeline_dag.py for tasks to queue
[2026-03-16T12:50:39.117+0000] {logging_mixin.py:151} INFO - [2026-03-16T12:50:39.116+0000] {dagbag.py:539} INFO - Filling up the DagBag from /opt/airflow/dags/dispatcher_pipeline_dag.py
[2026-03-16T12:50:40.915+0000] {processor.py:839} INFO - DAG(s) dict_keys(['distillationDAG']) retrieved from /opt/airflow/dags/dispatcher_pipeline_dag.py
[2026-03-16T12:50:40.992+0000] {logging_mixin.py:151} INFO - [2026-03-16T12:50:40.991+0000] {dag.py:2915} INFO - Sync 1 DAGs
[2026-03-16T12:50:41.082+0000] {processor.py:179} INFO - Processing /opt/airflow/dags/dispatcher_pipeline_dag.py took 1.981 seconds
[2026-03-16T12:51:11.370+0000] {processor.py:157} INFO - Started process (PID=806) to work on /opt/airflow/dags/dispatcher_pipeline_dag.py
[2026-03-16T12:51:11.373+0000] {processor.py:829} INFO - Processing file /opt/airflow/dags/dispatcher_pipeline_dag.py for tasks to queue
[2026-03-16T12:51:11.376+0000] {logging_mixin.py:151} INFO - [2026-03-16T12:51:11.374+0000] {dagbag.py:539} INFO - Filling up the DagBag from /opt/airflow/dags/dispatcher_pipeline_dag.py
[2026-03-16T12:51:13.155+0000] {processor.py:839} INFO - DAG(s) dict_keys(['distillationDAG']) retrieved from /opt/airflow/dags/dispatcher_pipeline_dag.py
[2026-03-16T12:51:13.234+0000] {logging_mixin.py:151} INFO - [2026-03-16T12:51:13.233+0000] {dag.py:2915} INFO - Sync 1 DAGs
[2026-03-16T12:51:13.321+0000] {processor.py:179} INFO - Processing /opt/airflow/dags/dispatcher_pipeline_dag.py took 1.962 seconds
[2026-03-16T12:51:43.622+0000] {processor.py:157} INFO - Started process (PID=827) to work on /opt/airflow/dags/dispatcher_pipeline_dag.py
[2026-03-16T12:51:43.624+0000] {processor.py:829} INFO - Processing file /opt/airflow/dags/dispatcher_pipeline_dag.py for tasks to queue
[2026-03-16T12:51:43.627+0000] {logging_mixin.py:151} INFO - [2026-03-16T12:51:43.626+0000] {dagbag.py:539} INFO - Filling up the DagBag from /opt/airflow/dags/dispatcher_pipeline_dag.py
[2026-03-16T12:51:45.400+0000] {processor.py:839} INFO - DAG(s) dict_keys(['distillationDAG']) retrieved from /opt/airflow/dags/dispatcher_pipeline_dag.py
[2026-03-16T12:51:45.476+0000] {logging_mixin.py:151} INFO - [2026-03-16T12:51:45.475+0000] {dag.py:2915} INFO - Sync 1 DAGs
[2026-03-16T12:51:45.566+0000] {processor.py:179} INFO - Processing /opt/airflow/dags/dispatcher_pipeline_dag.py took 1.956 seconds
[2026-03-16T12:52:16.145+0000] {processor.py:157} INFO - Started process (PID=847) to work on /opt/airflow/dags/dispatcher_pipeline_dag.py
[2026-03-16T12:52:16.148+0000] {processor.py:829} INFO - Processing file /opt/airflow/dags/dispatcher_pipeline_dag.py for tasks to queue
[2026-03-16T12:52:16.150+0000] {logging_mixin.py:151} INFO - [2026-03-16T12:52:16.149+0000] {dagbag.py:539} INFO - Filling up the DagBag from /opt/airflow/dags/dispatcher_pipeline_dag.py
[2026-03-16T12:52:17.907+0000] {processor.py:839} INFO - DAG(s) dict_keys(['distillationDAG']) retrieved from /opt/airflow/dags/dispatcher_pipeline_dag.py
[2026-03-16T12:52:17.983+0000] {logging_mixin.py:151} INFO - [2026-03-16T12:52:17.982+0000] {dag.py:2915} INFO - Sync 1 DAGs
[2026-03-16T12:52:18.073+0000] {processor.py:179} INFO - Processing /opt/airflow/dags/dispatcher_pipeline_dag.py took 1.939 seconds
[2026-03-16T12:52:48.519+0000] {processor.py:157} INFO - Started process (PID=865) to work on /opt/airflow/dags/dispatcher_pipeline_dag.py
[2026-03-16T12:52:48.521+0000] {processor.py:829} INFO - Processing file /opt/airflow/dags/dispatcher_pipeline_dag.py for tasks to queue
[2026-03-16T12:52:48.524+0000] {logging_mixin.py:151} INFO - [2026-03-16T12:52:48.522+0000] {dagbag.py:539} INFO - Filling up the DagBag from /opt/airflow/dags/dispatcher_pipeline_dag.py
[2026-03-16T12:52:50.290+0000] {processor.py:839} INFO - DAG(s) dict_keys(['distillationDAG']) retrieved from /opt/airflow/dags/dispatcher_pipeline_dag.py
[2026-03-16T12:52:50.366+0000] {logging_mixin.py:151} INFO - [2026-03-16T12:52:50.365+0000] {dag.py:2915} INFO - Sync 1 DAGs
[2026-03-16T12:52:50.455+0000] {processor.py:179} INFO - Processing /opt/airflow/dags/dispatcher_pipeline_dag.py took 1.947 seconds
[2026-03-16T12:53:20.876+0000] {processor.py:157} INFO - Started process (PID=883) to work on /opt/airflow/dags/dispatcher_pipeline_dag.py
[2026-03-16T12:53:20.879+0000] {processor.py:829} INFO - Processing file /opt/airflow/dags/dispatcher_pipeline_dag.py for tasks to queue
[2026-03-16T12:53:20.881+0000] {logging_mixin.py:151} INFO - [2026-03-16T12:53:20.880+0000] {dagbag.py:539} INFO - Filling up the DagBag from /opt/airflow/dags/dispatcher_pipeline_dag.py
[2026-03-16T12:53:22.670+0000] {processor.py:839} INFO - DAG(s) dict_keys(['distillationDAG']) retrieved from /opt/airflow/dags/dispatcher_pipeline_dag.py
[2026-03-16T12:53:22.748+0000] {logging_mixin.py:151} INFO - [2026-03-16T12:53:22.747+0000] {dag.py:2915} INFO - Sync 1 DAGs
[2026-03-16T12:53:22.835+0000] {processor.py:179} INFO - Processing /opt/airflow/dags/dispatcher_pipeline_dag.py took 1.970 seconds
[2026-03-16T12:53:53.231+0000] {processor.py:157} INFO - Started process (PID=901) to work on /opt/airflow/dags/dispatcher_pipeline_dag.py
[2026-03-16T12:53:53.234+0000] {processor.py:829} INFO - Processing file /opt/airflow/dags/dispatcher_pipeline_dag.py for tasks to queue
[2026-03-16T12:53:53.236+0000] {logging_mixin.py:151} INFO - [2026-03-16T12:53:53.235+0000] {dagbag.py:539} INFO - Filling up the DagBag from /opt/airflow/dags/dispatcher_pipeline_dag.py
[2026-03-16T12:53:54.990+0000] {processor.py:839} INFO - DAG(s) dict_keys(['distillationDAG']) retrieved from /opt/airflow/dags/dispatcher_pipeline_dag.py
[2026-03-16T12:53:55.067+0000] {logging_mixin.py:151} INFO - [2026-03-16T12:53:55.066+0000] {dag.py:2915} INFO - Sync 1 DAGs
[2026-03-16T12:53:55.158+0000] {processor.py:179} INFO - Processing /opt/airflow/dags/dispatcher_pipeline_dag.py took 1.938 seconds
[2026-03-16T12:54:25.677+0000] {processor.py:157} INFO - Started process (PID=919) to work on /opt/airflow/dags/dispatcher_pipeline_dag.py
[2026-03-16T12:54:25.679+0000] {processor.py:829} INFO - Processing file /opt/airflow/dags/dispatcher_pipeline_dag.py for tasks to queue
[2026-03-16T12:54:25.682+0000] {logging_mixin.py:151} INFO - [2026-03-16T12:54:25.681+0000] {dagbag.py:539} INFO - Filling up the DagBag from /opt/airflow/dags/dispatcher_pipeline_dag.py
[2026-03-16T12:54:27.434+0000] {processor.py:839} INFO - DAG(s) dict_keys(['distillationDAG']) retrieved from /opt/airflow/dags/dispatcher_pipeline_dag.py
[2026-03-16T12:54:27.511+0000] {logging_mixin.py:151} INFO - [2026-03-16T12:54:27.510+0000] {dag.py:2915} INFO - Sync 1 DAGs
[2026-03-16T12:54:27.601+0000] {processor.py:179} INFO - Processing /opt/airflow/dags/dispatcher_pipeline_dag.py took 1.935 seconds
[2026-03-16T12:54:57.991+0000] {processor.py:157} INFO - Started process (PID=937) to work on /opt/airflow/dags/dispatcher_pipeline_dag.py
[2026-03-16T12:54:57.993+0000] {processor.py:829} INFO - Processing file /opt/airflow/dags/dispatcher_pipeline_dag.py for tasks to queue
[2026-03-16T12:54:57.996+0000] {logging_mixin.py:151} INFO - [2026-03-16T12:54:57.994+0000] {dagbag.py:539} INFO - Filling up the DagBag from /opt/airflow/dags/dispatcher_pipeline_dag.py
[2026-03-16T12:54:59.793+0000] {processor.py:839} INFO - DAG(s) dict_keys(['distillationDAG']) retrieved from /opt/airflow/dags/dispatcher_pipeline_dag.py
[2026-03-16T12:54:59.872+0000] {logging_mixin.py:151} INFO - [2026-03-16T12:54:59.871+0000] {dag.py:2915} INFO - Sync 1 DAGs
[2026-03-16T12:54:59.960+0000] {processor.py:179} INFO - Processing /opt/airflow/dags/dispatcher_pipeline_dag.py took 1.980 seconds
[2026-03-16T12:55:30.354+0000] {processor.py:157} INFO - Started process (PID=955) to work on /opt/airflow/dags/dispatcher_pipeline_dag.py
[2026-03-16T12:55:30.357+0000] {processor.py:829} INFO - Processing file /opt/airflow/dags/dispatcher_pipeline_dag.py for tasks to queue
[2026-03-16T12:55:30.359+0000] {logging_mixin.py:151} INFO - [2026-03-16T12:55:30.358+0000] {dagbag.py:539} INFO - Filling up the DagBag from /opt/airflow/dags/dispatcher_pipeline_dag.py
[2026-03-16T12:55:32.114+0000] {processor.py:839} INFO - DAG(s) dict_keys(['distillationDAG']) retrieved from /opt/airflow/dags/dispatcher_pipeline_dag.py
[2026-03-16T12:55:32.190+0000] {logging_mixin.py:151} INFO - [2026-03-16T12:55:32.189+0000] {dag.py:2915} INFO - Sync 1 DAGs
[2026-03-16T12:55:32.277+0000] {processor.py:179} INFO - Processing /opt/airflow/dags/dispatcher_pipeline_dag.py took 1.934 seconds
[2026-03-16T12:56:02.657+0000] {processor.py:157} INFO - Started process (PID=973) to work on /opt/airflow/dags/dispatcher_pipeline_dag.py
[2026-03-16T12:56:02.660+0000] {processor.py:829} INFO - Processing file /opt/airflow/dags/dispatcher_pipeline_dag.py for tasks to queue
[2026-03-16T12:56:02.663+0000] {logging_mixin.py:151} INFO - [2026-03-16T12:56:02.661+0000] {dagbag.py:539} INFO - Filling up the DagBag from /opt/airflow/dags/dispatcher_pipeline_dag.py
[2026-03-16T12:56:04.427+0000] {processor.py:839} INFO - DAG(s) dict_keys(['distillationDAG']) retrieved from /opt/airflow/dags/dispatcher_pipeline_dag.py
[2026-03-16T12:56:04.504+0000] {logging_mixin.py:151} INFO - [2026-03-16T12:56:04.503+0000] {dag.py:2915} INFO - Sync 1 DAGs
[2026-03-16T12:56:04.594+0000] {processor.py:179} INFO - Processing /opt/airflow/dags/dispatcher_pipeline_dag.py took 1.947 seconds
[2026-03-16T12:56:35.010+0000] {processor.py:157} INFO - Started process (PID=991) to work on /opt/airflow/dags/dispatcher_pipeline_dag.py
[2026-03-16T12:56:35.012+0000] {processor.py:829} INFO - Processing file /opt/airflow/dags/dispatcher_pipeline_dag.py for tasks to queue
[2026-03-16T12:56:35.014+0000] {logging_mixin.py:151} INFO - [2026-03-16T12:56:35.013+0000] {dagbag.py:539} INFO - Filling up the DagBag from /opt/airflow/dags/dispatcher_pipeline_dag.py
[2026-03-16T12:56:36.768+0000] {processor.py:839} INFO - DAG(s) dict_keys(['distillationDAG']) retrieved from /opt/airflow/dags/dispatcher_pipeline_dag.py
[2026-03-16T12:56:36.847+0000] {logging_mixin.py:151} INFO - [2026-03-16T12:56:36.846+0000] {dag.py:2915} INFO - Sync 1 DAGs
[2026-03-16T12:56:36.934+0000] {processor.py:179} INFO - Processing /opt/airflow/dags/dispatcher_pipeline_dag.py took 1.936 seconds
[2026-03-16T12:57:07.365+0000] {processor.py:157} INFO - Started process (PID=1009) to work on /opt/airflow/dags/dispatcher_pipeline_dag.py
[2026-03-16T12:57:07.367+0000] {processor.py:829} INFO - Processing file /opt/airflow/dags/dispatcher_pipeline_dag.py for tasks to queue
[2026-03-16T12:57:07.369+0000] {logging_mixin.py:151} INFO - [2026-03-16T12:57:07.368+0000] {dagbag.py:539} INFO - Filling up the DagBag from /opt/airflow/dags/dispatcher_pipeline_dag.py
[2026-03-16T12:57:09.133+0000] {processor.py:839} INFO - DAG(s) dict_keys(['distillationDAG']) retrieved from /opt/airflow/dags/dispatcher_pipeline_dag.py
[2026-03-16T12:57:09.212+0000] {logging_mixin.py:151} INFO - [2026-03-16T12:57:09.211+0000] {dag.py:2915} INFO - Sync 1 DAGs
[2026-03-16T12:57:09.300+0000] {processor.py:179} INFO - Processing /opt/airflow/dags/dispatcher_pipeline_dag.py took 1.947 seconds
[2026-03-16T12:57:39.713+0000] {processor.py:157} INFO - Started process (PID=1027) to work on /opt/airflow/dags/dispatcher_pipeline_dag.py
[2026-03-16T12:57:39.716+0000] {processor.py:829} INFO - Processing file /opt/airflow/dags/dispatcher_pipeline_dag.py for tasks to queue
[2026-03-16T12:57:39.718+0000] {logging_mixin.py:151} INFO - [2026-03-16T12:57:39.717+0000] {dagbag.py:539} INFO - Filling up the DagBag from /opt/airflow/dags/dispatcher_pipeline_dag.py
[2026-03-16T12:57:41.491+0000] {processor.py:839} INFO - DAG(s) dict_keys(['distillationDAG']) retrieved from /opt/airflow/dags/dispatcher_pipeline_dag.py
[2026-03-16T12:57:41.568+0000] {logging_mixin.py:151} INFO - [2026-03-16T12:57:41.567+0000] {dag.py:2915} INFO - Sync 1 DAGs
[2026-03-16T12:57:41.655+0000] {processor.py:179} INFO - Processing /opt/airflow/dags/dispatcher_pipeline_dag.py took 1.953 seconds
[2026-03-16T12:58:12.117+0000] {processor.py:157} INFO - Started process (PID=1045) to work on /opt/airflow/dags/dispatcher_pipeline_dag.py
[2026-03-16T12:58:12.120+0000] {processor.py:829} INFO - Processing file /opt/airflow/dags/dispatcher_pipeline_dag.py for tasks to queue
[2026-03-16T12:58:12.122+0000] {logging_mixin.py:151} INFO - [2026-03-16T12:58:12.121+0000] {dagbag.py:539} INFO - Filling up the DagBag from /opt/airflow/dags/dispatcher_pipeline_dag.py
[2026-03-16T12:58:13.865+0000] {processor.py:839} INFO - DAG(s) dict_keys(['distillationDAG']) retrieved from /opt/airflow/dags/dispatcher_pipeline_dag.py
[2026-03-16T12:58:13.942+0000] {logging_mixin.py:151} INFO - [2026-03-16T12:58:13.941+0000] {dag.py:2915} INFO - Sync 1 DAGs
[2026-03-16T12:58:14.032+0000] {processor.py:179} INFO - Processing /opt/airflow/dags/dispatcher_pipeline_dag.py took 1.925 seconds
[2026-03-16T12:58:44.442+0000] {processor.py:157} INFO - Started process (PID=1063) to work on /opt/airflow/dags/dispatcher_pipeline_dag.py
[2026-03-16T12:58:44.444+0000] {processor.py:829} INFO - Processing file /opt/airflow/dags/dispatcher_pipeline_dag.py for tasks to queue
[2026-03-16T12:58:44.447+0000] {logging_mixin.py:151} INFO - [2026-03-16T12:58:44.445+0000] {dagbag.py:539} INFO - Filling up the DagBag from /opt/airflow/dags/dispatcher_pipeline_dag.py
[2026-03-16T12:58:46.209+0000] {processor.py:839} INFO - DAG(s) dict_keys(['distillationDAG']) retrieved from /opt/airflow/dags/dispatcher_pipeline_dag.py
[2026-03-16T12:58:46.285+0000] {logging_mixin.py:151} INFO - [2026-03-16T12:58:46.284+0000] {dag.py:2915} INFO - Sync 1 DAGs
[2026-03-16T12:58:46.376+0000] {processor.py:179} INFO - Processing /opt/airflow/dags/dispatcher_pipeline_dag.py took 1.945 seconds
[2026-03-16T12:59:16.757+0000] {processor.py:157} INFO - Started process (PID=1081) to work on /opt/airflow/dags/dispatcher_pipeline_dag.py
[2026-03-16T12:59:16.760+0000] {processor.py:829} INFO - Processing file /opt/airflow/dags/dispatcher_pipeline_dag.py for tasks to queue
[2026-03-16T12:59:16.762+0000] {logging_mixin.py:151} INFO - [2026-03-16T12:59:16.761+0000] {dagbag.py:539} INFO - Filling up the DagBag from /opt/airflow/dags/dispatcher_pipeline_dag.py
[2026-03-16T12:59:18.505+0000] {processor.py:839} INFO - DAG(s) dict_keys(['distillationDAG']) retrieved from /opt/airflow/dags/dispatcher_pipeline_dag.py
[2026-03-16T12:59:18.584+0000] {logging_mixin.py:151} INFO - [2026-03-16T12:59:18.583+0000] {dag.py:2915} INFO - Sync 1 DAGs
[2026-03-16T12:59:18.672+0000] {processor.py:179} INFO - Processing /opt/airflow/dags/dispatcher_pipeline_dag.py took 1.926 seconds
[2026-03-16T12:59:49.063+0000] {processor.py:157} INFO - Started process (PID=1099) to work on /opt/airflow/dags/dispatcher_pipeline_dag.py
[2026-03-16T12:59:49.065+0000] {processor.py:829} INFO - Processing file /opt/airflow/dags/dispatcher_pipeline_dag.py for tasks to queue
[2026-03-16T12:59:49.068+0000] {logging_mixin.py:151} INFO - [2026-03-16T12:59:49.067+0000] {dagbag.py:539} INFO - Filling up the DagBag from /opt/airflow/dags/dispatcher_pipeline_dag.py
[2026-03-16T12:59:50.818+0000] {processor.py:839} INFO - DAG(s) dict_keys(['distillationDAG']) retrieved from /opt/airflow/dags/dispatcher_pipeline_dag.py
[2026-03-16T12:59:50.895+0000] {logging_mixin.py:151} INFO - [2026-03-16T12:59:50.894+0000] {dag.py:2915} INFO - Sync 1 DAGs
[2026-03-16T12:59:50.986+0000] {processor.py:179} INFO - Processing /opt/airflow/dags/dispatcher_pipeline_dag.py took 1.934 seconds
[2026-03-16T13:00:21.376+0000] {processor.py:157} INFO - Started process (PID=1117) to work on /opt/airflow/dags/dispatcher_pipeline_dag.py
[2026-03-16T13:00:21.379+0000] {processor.py:829} INFO - Processing file /opt/airflow/dags/dispatcher_pipeline_dag.py for tasks to queue
[2026-03-16T13:00:21.381+0000] {logging_mixin.py:151} INFO - [2026-03-16T13:00:21.380+0000] {dagbag.py:539} INFO - Filling up the DagBag from /opt/airflow/dags/dispatcher_pipeline_dag.py
[2026-03-16T13:00:23.134+0000] {processor.py:839} INFO - DAG(s) dict_keys(['distillationDAG']) retrieved from /opt/airflow/dags/dispatcher_pipeline_dag.py
[2026-03-16T13:00:23.214+0000] {logging_mixin.py:151} INFO - [2026-03-16T13:00:23.213+0000] {dag.py:2915} INFO - Sync 1 DAGs
[2026-03-16T13:00:23.303+0000] {processor.py:179} INFO - Processing /opt/airflow/dags/dispatcher_pipeline_dag.py took 1.938 seconds
[2026-03-16T13:00:53.616+0000] {processor.py:157} INFO - Started process (PID=1138) to work on /opt/airflow/dags/dispatcher_pipeline_dag.py
[2026-03-16T13:00:53.618+0000] {processor.py:829} INFO - Processing file /opt/airflow/dags/dispatcher_pipeline_dag.py for tasks to queue
[2026-03-16T13:00:53.621+0000] {logging_mixin.py:151} INFO - [2026-03-16T13:00:53.619+0000] {dagbag.py:539} INFO - Filling up the DagBag from /opt/airflow/dags/dispatcher_pipeline_dag.py
[2026-03-16T13:00:55.389+0000] {processor.py:839} INFO - DAG(s) dict_keys(['distillationDAG']) retrieved from /opt/airflow/dags/dispatcher_pipeline_dag.py
[2026-03-16T13:00:55.467+0000] {logging_mixin.py:151} INFO - [2026-03-16T13:00:55.466+0000] {dag.py:2915} INFO - Sync 1 DAGs
[2026-03-16T13:00:55.554+0000] {processor.py:179} INFO - Processing /opt/airflow/dags/dispatcher_pipeline_dag.py took 1.950 seconds
[2026-03-16T13:01:25.907+0000] {processor.py:157} INFO - Started process (PID=1158) to work on /opt/airflow/dags/dispatcher_pipeline_dag.py
[2026-03-16T13:01:25.910+0000] {processor.py:829} INFO - Processing file /opt/airflow/dags/dispatcher_pipeline_dag.py for tasks to queue
[2026-03-16T13:01:25.912+0000] {logging_mixin.py:151} INFO - [2026-03-16T13:01:25.911+0000] {dagbag.py:539} INFO - Filling up the DagBag from /opt/airflow/dags/dispatcher_pipeline_dag.py
[2026-03-16T13:01:27.665+0000] {processor.py:839} INFO - DAG(s) dict_keys(['distillationDAG']) retrieved from /opt/airflow/dags/dispatcher_pipeline_dag.py
[2026-03-16T13:01:27.742+0000] {logging_mixin.py:151} INFO - [2026-03-16T13:01:27.741+0000] {dag.py:2915} INFO - Sync 1 DAGs
[2026-03-16T13:01:27.832+0000] {processor.py:179} INFO - Processing /opt/airflow/dags/dispatcher_pipeline_dag.py took 1.936 seconds
[2026-03-16T13:01:58.179+0000] {processor.py:157} INFO - Started process (PID=1176) to work on /opt/airflow/dags/dispatcher_pipeline_dag.py
[2026-03-16T13:01:58.181+0000] {processor.py:829} INFO - Processing file /opt/airflow/dags/dispatcher_pipeline_dag.py for tasks to queue
[2026-03-16T13:01:58.183+0000] {logging_mixin.py:151} INFO - [2026-03-16T13:01:58.182+0000] {dagbag.py:539} INFO - Filling up the DagBag from /opt/airflow/dags/dispatcher_pipeline_dag.py
[2026-03-16T13:01:59.921+0000] {processor.py:839} INFO - DAG(s) dict_keys(['distillationDAG']) retrieved from /opt/airflow/dags/dispatcher_pipeline_dag.py
[2026-03-16T13:01:59.998+0000] {logging_mixin.py:151} INFO - [2026-03-16T13:01:59.997+0000] {dag.py:2915} INFO - Sync 1 DAGs
[2026-03-16T13:02:00.089+0000] {processor.py:179} INFO - Processing /opt/airflow/dags/dispatcher_pipeline_dag.py took 1.922 seconds
[2026-03-16T13:02:30.425+0000] {processor.py:157} INFO - Started process (PID=1194) to work on /opt/airflow/dags/dispatcher_pipeline_dag.py
[2026-03-16T13:02:30.427+0000] {processor.py:829} INFO - Processing file /opt/airflow/dags/dispatcher_pipeline_dag.py for tasks to queue
[2026-03-16T13:02:30.429+0000] {logging_mixin.py:151} INFO - [2026-03-16T13:02:30.428+0000] {dagbag.py:539} INFO - Filling up the DagBag from /opt/airflow/dags/dispatcher_pipeline_dag.py
[2026-03-16T13:02:32.168+0000] {processor.py:839} INFO - DAG(s) dict_keys(['distillationDAG']) retrieved from /opt/airflow/dags/dispatcher_pipeline_dag.py
[2026-03-16T13:02:32.245+0000] {logging_mixin.py:151} INFO - [2026-03-16T13:02:32.244+0000] {dag.py:2915} INFO - Sync 1 DAGs
[2026-03-16T13:02:32.334+0000] {processor.py:179} INFO - Processing /opt/airflow/dags/dispatcher_pipeline_dag.py took 1.920 seconds
[2026-03-16T13:03:02.667+0000] {processor.py:157} INFO - Started process (PID=1212) to work on /opt/airflow/dags/dispatcher_pipeline_dag.py
[2026-03-16T13:03:02.670+0000] {processor.py:829} INFO - Processing file /opt/airflow/dags/dispatcher_pipeline_dag.py for tasks to queue
[2026-03-16T13:03:02.672+0000] {logging_mixin.py:151} INFO - [2026-03-16T13:03:02.671+0000] {dagbag.py:539} INFO - Filling up the DagBag from /opt/airflow/dags/dispatcher_pipeline_dag.py
[2026-03-16T13:03:04.457+0000] {processor.py:839} INFO - DAG(s) dict_keys(['distillationDAG']) retrieved from /opt/airflow/dags/dispatcher_pipeline_dag.py
[2026-03-16T13:03:04.539+0000] {logging_mixin.py:151} INFO - [2026-03-16T13:03:04.538+0000] {dag.py:2915} INFO - Sync 1 DAGs
[2026-03-16T13:03:04.638+0000] {processor.py:179} INFO - Processing /opt/airflow/dags/dispatcher_pipeline_dag.py took 1.982 seconds
[2026-03-16T13:03:35.011+0000] {processor.py:157} INFO - Started process (PID=1230) to work on /opt/airflow/dags/dispatcher_pipeline_dag.py
[2026-03-16T13:03:35.014+0000] {processor.py:829} INFO - Processing file /opt/airflow/dags/dispatcher_pipeline_dag.py for tasks to queue
[2026-03-16T13:03:35.016+0000] {logging_mixin.py:151} INFO - [2026-03-16T13:03:35.015+0000] {dagbag.py:539} INFO - Filling up the DagBag from /opt/airflow/dags/dispatcher_pipeline_dag.py
[2026-03-16T13:03:36.796+0000] {processor.py:839} INFO - DAG(s) dict_keys(['distillationDAG']) retrieved from /opt/airflow/dags/dispatcher_pipeline_dag.py
[2026-03-16T13:03:36.872+0000] {logging_mixin.py:151} INFO - [2026-03-16T13:03:36.871+0000] {dag.py:2915} INFO - Sync 1 DAGs
[2026-03-16T13:03:36.962+0000] {processor.py:179} INFO - Processing /opt/airflow/dags/dispatcher_pipeline_dag.py took 1.962 seconds
[2026-03-16T13:04:07.380+0000] {processor.py:157} INFO - Started process (PID=1253) to work on /opt/airflow/dags/dispatcher_pipeline_dag.py
[2026-03-16T13:04:07.382+0000] {processor.py:829} INFO - Processing file /opt/airflow/dags/dispatcher_pipeline_dag.py for tasks to queue
[2026-03-16T13:04:07.384+0000] {logging_mixin.py:151} INFO - [2026-03-16T13:04:07.383+0000] {dagbag.py:539} INFO - Filling up the DagBag from /opt/airflow/dags/dispatcher_pipeline_dag.py
[2026-03-16T13:04:09.097+0000] {processor.py:839} INFO - DAG(s) dict_keys(['distillationDAG']) retrieved from /opt/airflow/dags/dispatcher_pipeline_dag.py
[2026-03-16T13:04:09.173+0000] {logging_mixin.py:151} INFO - [2026-03-16T13:04:09.172+0000] {dag.py:2915} INFO - Sync 1 DAGs
[2026-03-16T13:04:09.262+0000] {processor.py:179} INFO - Processing /opt/airflow/dags/dispatcher_pipeline_dag.py took 1.892 seconds
[2026-03-16T13:04:39.735+0000] {processor.py:157} INFO - Started process (PID=1273) to work on /opt/airflow/dags/dispatcher_pipeline_dag.py
[2026-03-16T13:04:39.737+0000] {processor.py:829} INFO - Processing file /opt/airflow/dags/dispatcher_pipeline_dag.py for tasks to queue
[2026-03-16T13:04:39.739+0000] {logging_mixin.py:151} INFO - [2026-03-16T13:04:39.738+0000] {dagbag.py:539} INFO - Filling up the DagBag from /opt/airflow/dags/dispatcher_pipeline_dag.py
[2026-03-16T13:04:41.473+0000] {processor.py:839} INFO - DAG(s) dict_keys(['distillationDAG']) retrieved from /opt/airflow/dags/dispatcher_pipeline_dag.py
[2026-03-16T13:04:41.552+0000] {logging_mixin.py:151} INFO - [2026-03-16T13:04:41.551+0000] {dag.py:2915} INFO - Sync 1 DAGs
[2026-03-16T13:04:41.638+0000] {processor.py:179} INFO - Processing /opt/airflow/dags/dispatcher_pipeline_dag.py took 1.914 seconds
