[2026-03-16T12:33:19.150+0000] {processor.py:157} INFO - Started process (PID=167) to work on /opt/airflow/dags/embedding_sync_dag.py
[2026-03-16T12:33:19.152+0000] {processor.py:829} INFO - Processing file /opt/airflow/dags/embedding_sync_dag.py for tasks to queue
[2026-03-16T12:33:19.168+0000] {logging_mixin.py:151} INFO - [2026-03-16T12:33:19.162+0000] {dagbag.py:539} INFO - Filling up the DagBag from /opt/airflow/dags/embedding_sync_dag.py
[2026-03-16T12:33:19.491+0000] {processor.py:839} INFO - DAG(s) dict_keys(['embedding_sync_dag']) retrieved from /opt/airflow/dags/embedding_sync_dag.py
[2026-03-16T12:33:19.670+0000] {logging_mixin.py:151} INFO - [2026-03-16T12:33:19.669+0000] {dag.py:2915} INFO - Sync 1 DAGs
[2026-03-16T12:33:19.909+0000] {processor.py:179} INFO - Processing /opt/airflow/dags/embedding_sync_dag.py took 0.785 seconds
[2026-03-16T12:33:50.959+0000] {processor.py:157} INFO - Started process (PID=192) to work on /opt/airflow/dags/embedding_sync_dag.py
[2026-03-16T12:33:50.976+0000] {processor.py:829} INFO - Processing file /opt/airflow/dags/embedding_sync_dag.py for tasks to queue
[2026-03-16T12:33:50.990+0000] {logging_mixin.py:151} INFO - [2026-03-16T12:33:50.977+0000] {dagbag.py:539} INFO - Filling up the DagBag from /opt/airflow/dags/embedding_sync_dag.py
[2026-03-16T12:33:51.112+0000] {processor.py:839} INFO - DAG(s) dict_keys(['embedding_sync_dag']) retrieved from /opt/airflow/dags/embedding_sync_dag.py
[2026-03-16T12:33:51.220+0000] {logging_mixin.py:151} INFO - [2026-03-16T12:33:51.219+0000] {dag.py:2915} INFO - Sync 1 DAGs
[2026-03-16T12:33:51.590+0000] {processor.py:179} INFO - Processing /opt/airflow/dags/embedding_sync_dag.py took 0.666 seconds
[2026-03-16T12:34:21.957+0000] {processor.py:157} INFO - Started process (PID=219) to work on /opt/airflow/dags/embedding_sync_dag.py
[2026-03-16T12:34:21.960+0000] {processor.py:829} INFO - Processing file /opt/airflow/dags/embedding_sync_dag.py for tasks to queue
[2026-03-16T12:34:21.962+0000] {logging_mixin.py:151} INFO - [2026-03-16T12:34:21.961+0000] {dagbag.py:539} INFO - Filling up the DagBag from /opt/airflow/dags/embedding_sync_dag.py
[2026-03-16T12:34:22.005+0000] {processor.py:839} INFO - DAG(s) dict_keys(['embedding_sync_dag']) retrieved from /opt/airflow/dags/embedding_sync_dag.py
[2026-03-16T12:34:22.110+0000] {logging_mixin.py:151} INFO - [2026-03-16T12:34:22.110+0000] {dag.py:2915} INFO - Sync 1 DAGs
[2026-03-16T12:34:22.230+0000] {processor.py:179} INFO - Processing /opt/airflow/dags/embedding_sync_dag.py took 0.282 seconds
[2026-03-16T12:34:52.415+0000] {processor.py:157} INFO - Started process (PID=242) to work on /opt/airflow/dags/embedding_sync_dag.py
[2026-03-16T12:34:52.417+0000] {processor.py:829} INFO - Processing file /opt/airflow/dags/embedding_sync_dag.py for tasks to queue
[2026-03-16T12:34:52.420+0000] {logging_mixin.py:151} INFO - [2026-03-16T12:34:52.419+0000] {dagbag.py:539} INFO - Filling up the DagBag from /opt/airflow/dags/embedding_sync_dag.py
[2026-03-16T12:34:52.465+0000] {processor.py:839} INFO - DAG(s) dict_keys(['embedding_sync_dag']) retrieved from /opt/airflow/dags/embedding_sync_dag.py
[2026-03-16T12:34:52.568+0000] {logging_mixin.py:151} INFO - [2026-03-16T12:34:52.567+0000] {dag.py:2915} INFO - Sync 1 DAGs
[2026-03-16T12:34:52.686+0000] {processor.py:179} INFO - Processing /opt/airflow/dags/embedding_sync_dag.py took 0.282 seconds
[2026-03-16T12:35:22.953+0000] {processor.py:157} INFO - Started process (PID=260) to work on /opt/airflow/dags/embedding_sync_dag.py
[2026-03-16T12:35:22.955+0000] {processor.py:829} INFO - Processing file /opt/airflow/dags/embedding_sync_dag.py for tasks to queue
[2026-03-16T12:35:22.958+0000] {logging_mixin.py:151} INFO - [2026-03-16T12:35:22.956+0000] {dagbag.py:539} INFO - Filling up the DagBag from /opt/airflow/dags/embedding_sync_dag.py
[2026-03-16T12:35:23.003+0000] {processor.py:839} INFO - DAG(s) dict_keys(['embedding_sync_dag']) retrieved from /opt/airflow/dags/embedding_sync_dag.py
[2026-03-16T12:35:23.107+0000] {logging_mixin.py:151} INFO - [2026-03-16T12:35:23.106+0000] {dag.py:2915} INFO - Sync 1 DAGs
[2026-03-16T12:35:23.221+0000] {processor.py:179} INFO - Processing /opt/airflow/dags/embedding_sync_dag.py took 0.279 seconds
[2026-03-16T12:35:54.177+0000] {processor.py:157} INFO - Started process (PID=278) to work on /opt/airflow/dags/embedding_sync_dag.py
[2026-03-16T12:35:54.179+0000] {processor.py:829} INFO - Processing file /opt/airflow/dags/embedding_sync_dag.py for tasks to queue
[2026-03-16T12:35:54.182+0000] {logging_mixin.py:151} INFO - [2026-03-16T12:35:54.180+0000] {dagbag.py:539} INFO - Filling up the DagBag from /opt/airflow/dags/embedding_sync_dag.py
[2026-03-16T12:35:54.227+0000] {processor.py:839} INFO - DAG(s) dict_keys(['embedding_sync_dag']) retrieved from /opt/airflow/dags/embedding_sync_dag.py
[2026-03-16T12:35:54.331+0000] {logging_mixin.py:151} INFO - [2026-03-16T12:35:54.330+0000] {dag.py:2915} INFO - Sync 1 DAGs
[2026-03-16T12:35:54.443+0000] {processor.py:179} INFO - Processing /opt/airflow/dags/embedding_sync_dag.py took 0.277 seconds
[2026-03-16T12:36:24.702+0000] {processor.py:157} INFO - Started process (PID=296) to work on /opt/airflow/dags/embedding_sync_dag.py
[2026-03-16T12:36:24.704+0000] {processor.py:829} INFO - Processing file /opt/airflow/dags/embedding_sync_dag.py for tasks to queue
[2026-03-16T12:36:24.707+0000] {logging_mixin.py:151} INFO - [2026-03-16T12:36:24.705+0000] {dagbag.py:539} INFO - Filling up the DagBag from /opt/airflow/dags/embedding_sync_dag.py
[2026-03-16T12:36:24.752+0000] {processor.py:839} INFO - DAG(s) dict_keys(['embedding_sync_dag']) retrieved from /opt/airflow/dags/embedding_sync_dag.py
[2026-03-16T12:36:24.855+0000] {logging_mixin.py:151} INFO - [2026-03-16T12:36:24.855+0000] {dag.py:2915} INFO - Sync 1 DAGs
[2026-03-16T12:36:24.968+0000] {processor.py:179} INFO - Processing /opt/airflow/dags/embedding_sync_dag.py took 0.277 seconds
[2026-03-16T12:36:55.229+0000] {processor.py:157} INFO - Started process (PID=314) to work on /opt/airflow/dags/embedding_sync_dag.py
[2026-03-16T12:36:55.231+0000] {processor.py:829} INFO - Processing file /opt/airflow/dags/embedding_sync_dag.py for tasks to queue
[2026-03-16T12:36:55.234+0000] {logging_mixin.py:151} INFO - [2026-03-16T12:36:55.232+0000] {dagbag.py:539} INFO - Filling up the DagBag from /opt/airflow/dags/embedding_sync_dag.py
[2026-03-16T12:36:55.279+0000] {processor.py:839} INFO - DAG(s) dict_keys(['embedding_sync_dag']) retrieved from /opt/airflow/dags/embedding_sync_dag.py
[2026-03-16T12:36:55.382+0000] {logging_mixin.py:151} INFO - [2026-03-16T12:36:55.382+0000] {dag.py:2915} INFO - Sync 1 DAGs
[2026-03-16T12:36:55.496+0000] {processor.py:179} INFO - Processing /opt/airflow/dags/embedding_sync_dag.py took 0.278 seconds
[2026-03-16T12:37:25.790+0000] {processor.py:157} INFO - Started process (PID=332) to work on /opt/airflow/dags/embedding_sync_dag.py
[2026-03-16T12:37:25.793+0000] {processor.py:829} INFO - Processing file /opt/airflow/dags/embedding_sync_dag.py for tasks to queue
[2026-03-16T12:37:25.795+0000] {logging_mixin.py:151} INFO - [2026-03-16T12:37:25.794+0000] {dagbag.py:539} INFO - Filling up the DagBag from /opt/airflow/dags/embedding_sync_dag.py
[2026-03-16T12:37:25.841+0000] {processor.py:839} INFO - DAG(s) dict_keys(['embedding_sync_dag']) retrieved from /opt/airflow/dags/embedding_sync_dag.py
[2026-03-16T12:37:25.943+0000] {logging_mixin.py:151} INFO - [2026-03-16T12:37:25.942+0000] {dag.py:2915} INFO - Sync 1 DAGs
[2026-03-16T12:37:26.056+0000] {processor.py:179} INFO - Processing /opt/airflow/dags/embedding_sync_dag.py took 0.275 seconds
[2026-03-16T12:37:56.835+0000] {processor.py:157} INFO - Started process (PID=350) to work on /opt/airflow/dags/embedding_sync_dag.py
[2026-03-16T12:37:56.837+0000] {processor.py:829} INFO - Processing file /opt/airflow/dags/embedding_sync_dag.py for tasks to queue
[2026-03-16T12:37:56.839+0000] {logging_mixin.py:151} INFO - [2026-03-16T12:37:56.838+0000] {dagbag.py:539} INFO - Filling up the DagBag from /opt/airflow/dags/embedding_sync_dag.py
[2026-03-16T12:37:56.880+0000] {processor.py:839} INFO - DAG(s) dict_keys(['embedding_sync_dag']) retrieved from /opt/airflow/dags/embedding_sync_dag.py
[2026-03-16T12:37:56.971+0000] {logging_mixin.py:151} INFO - [2026-03-16T12:37:56.970+0000] {dag.py:2915} INFO - Sync 1 DAGs
[2026-03-16T12:37:57.072+0000] {processor.py:179} INFO - Processing /opt/airflow/dags/embedding_sync_dag.py took 0.246 seconds
[2026-03-16T12:38:27.285+0000] {processor.py:157} INFO - Started process (PID=368) to work on /opt/airflow/dags/embedding_sync_dag.py
[2026-03-16T12:38:27.288+0000] {processor.py:829} INFO - Processing file /opt/airflow/dags/embedding_sync_dag.py for tasks to queue
[2026-03-16T12:38:27.290+0000] {logging_mixin.py:151} INFO - [2026-03-16T12:38:27.289+0000] {dagbag.py:539} INFO - Filling up the DagBag from /opt/airflow/dags/embedding_sync_dag.py
[2026-03-16T12:38:27.336+0000] {processor.py:839} INFO - DAG(s) dict_keys(['embedding_sync_dag']) retrieved from /opt/airflow/dags/embedding_sync_dag.py
[2026-03-16T12:38:27.431+0000] {logging_mixin.py:151} INFO - [2026-03-16T12:38:27.431+0000] {dag.py:2915} INFO - Sync 1 DAGs
[2026-03-16T12:38:27.546+0000] {processor.py:179} INFO - Processing /opt/airflow/dags/embedding_sync_dag.py took 0.271 seconds
[2026-03-16T12:38:58.501+0000] {processor.py:157} INFO - Started process (PID=386) to work on /opt/airflow/dags/embedding_sync_dag.py
[2026-03-16T12:38:58.503+0000] {processor.py:829} INFO - Processing file /opt/airflow/dags/embedding_sync_dag.py for tasks to queue
[2026-03-16T12:38:58.505+0000] {logging_mixin.py:151} INFO - [2026-03-16T12:38:58.504+0000] {dagbag.py:539} INFO - Filling up the DagBag from /opt/airflow/dags/embedding_sync_dag.py
[2026-03-16T12:38:58.551+0000] {processor.py:839} INFO - DAG(s) dict_keys(['embedding_sync_dag']) retrieved from /opt/airflow/dags/embedding_sync_dag.py
[2026-03-16T12:38:58.655+0000] {logging_mixin.py:151} INFO - [2026-03-16T12:38:58.655+0000] {dag.py:2915} INFO - Sync 1 DAGs
[2026-03-16T12:38:58.768+0000] {processor.py:179} INFO - Processing /opt/airflow/dags/embedding_sync_dag.py took 0.278 seconds
[2026-03-16T12:39:28.832+0000] {processor.py:157} INFO - Started process (PID=404) to work on /opt/airflow/dags/embedding_sync_dag.py
[2026-03-16T12:39:28.835+0000] {processor.py:829} INFO - Processing file /opt/airflow/dags/embedding_sync_dag.py for tasks to queue
[2026-03-16T12:39:28.837+0000] {logging_mixin.py:151} INFO - [2026-03-16T12:39:28.836+0000] {dagbag.py:539} INFO - Filling up the DagBag from /opt/airflow/dags/embedding_sync_dag.py
[2026-03-16T12:39:28.883+0000] {processor.py:839} INFO - DAG(s) dict_keys(['embedding_sync_dag']) retrieved from /opt/airflow/dags/embedding_sync_dag.py
[2026-03-16T12:39:28.986+0000] {logging_mixin.py:151} INFO - [2026-03-16T12:39:28.986+0000] {dag.py:2915} INFO - Sync 1 DAGs
[2026-03-16T12:39:29.099+0000] {processor.py:179} INFO - Processing /opt/airflow/dags/embedding_sync_dag.py took 0.278 seconds
[2026-03-16T12:39:59.364+0000] {processor.py:157} INFO - Started process (PID=422) to work on /opt/airflow/dags/embedding_sync_dag.py
[2026-03-16T12:39:59.366+0000] {processor.py:829} INFO - Processing file /opt/airflow/dags/embedding_sync_dag.py for tasks to queue
[2026-03-16T12:39:59.369+0000] {logging_mixin.py:151} INFO - [2026-03-16T12:39:59.367+0000] {dagbag.py:539} INFO - Filling up the DagBag from /opt/airflow/dags/embedding_sync_dag.py
[2026-03-16T12:39:59.414+0000] {processor.py:839} INFO - DAG(s) dict_keys(['embedding_sync_dag']) retrieved from /opt/airflow/dags/embedding_sync_dag.py
[2026-03-16T12:39:59.518+0000] {logging_mixin.py:151} INFO - [2026-03-16T12:39:59.517+0000] {dag.py:2915} INFO - Sync 1 DAGs
[2026-03-16T12:39:59.630+0000] {processor.py:179} INFO - Processing /opt/airflow/dags/embedding_sync_dag.py took 0.277 seconds
[2026-03-16T12:40:29.895+0000] {processor.py:157} INFO - Started process (PID=440) to work on /opt/airflow/dags/embedding_sync_dag.py
[2026-03-16T12:40:29.897+0000] {processor.py:829} INFO - Processing file /opt/airflow/dags/embedding_sync_dag.py for tasks to queue
[2026-03-16T12:40:29.900+0000] {logging_mixin.py:151} INFO - [2026-03-16T12:40:29.899+0000] {dagbag.py:539} INFO - Filling up the DagBag from /opt/airflow/dags/embedding_sync_dag.py
[2026-03-16T12:40:29.944+0000] {processor.py:839} INFO - DAG(s) dict_keys(['embedding_sync_dag']) retrieved from /opt/airflow/dags/embedding_sync_dag.py
[2026-03-16T12:40:30.045+0000] {logging_mixin.py:151} INFO - [2026-03-16T12:40:30.044+0000] {dag.py:2915} INFO - Sync 1 DAGs
[2026-03-16T12:40:30.159+0000] {processor.py:179} INFO - Processing /opt/airflow/dags/embedding_sync_dag.py took 0.275 seconds
[2026-03-16T12:41:00.252+0000] {processor.py:157} INFO - Started process (PID=458) to work on /opt/airflow/dags/embedding_sync_dag.py
[2026-03-16T12:41:00.254+0000] {processor.py:829} INFO - Processing file /opt/airflow/dags/embedding_sync_dag.py for tasks to queue
[2026-03-16T12:41:00.256+0000] {logging_mixin.py:151} INFO - [2026-03-16T12:41:00.255+0000] {dagbag.py:539} INFO - Filling up the DagBag from /opt/airflow/dags/embedding_sync_dag.py
[2026-03-16T12:41:00.301+0000] {processor.py:839} INFO - DAG(s) dict_keys(['embedding_sync_dag']) retrieved from /opt/airflow/dags/embedding_sync_dag.py
[2026-03-16T12:41:00.393+0000] {logging_mixin.py:151} INFO - [2026-03-16T12:41:00.393+0000] {dag.py:2915} INFO - Sync 1 DAGs
[2026-03-16T12:41:00.494+0000] {processor.py:179} INFO - Processing /opt/airflow/dags/embedding_sync_dag.py took 0.254 seconds
[2026-03-16T12:41:31.487+0000] {processor.py:157} INFO - Started process (PID=476) to work on /opt/airflow/dags/embedding_sync_dag.py
[2026-03-16T12:41:31.490+0000] {processor.py:829} INFO - Processing file /opt/airflow/dags/embedding_sync_dag.py for tasks to queue
[2026-03-16T12:41:31.492+0000] {logging_mixin.py:151} INFO - [2026-03-16T12:41:31.491+0000] {dagbag.py:539} INFO - Filling up the DagBag from /opt/airflow/dags/embedding_sync_dag.py
[2026-03-16T12:41:31.532+0000] {processor.py:839} INFO - DAG(s) dict_keys(['embedding_sync_dag']) retrieved from /opt/airflow/dags/embedding_sync_dag.py
[2026-03-16T12:41:31.624+0000] {logging_mixin.py:151} INFO - [2026-03-16T12:41:31.624+0000] {dag.py:2915} INFO - Sync 1 DAGs
[2026-03-16T12:41:31.723+0000] {processor.py:179} INFO - Processing /opt/airflow/dags/embedding_sync_dag.py took 0.244 seconds
[2026-03-16T12:42:01.975+0000] {processor.py:157} INFO - Started process (PID=492) to work on /opt/airflow/dags/embedding_sync_dag.py
[2026-03-16T12:42:01.978+0000] {processor.py:829} INFO - Processing file /opt/airflow/dags/embedding_sync_dag.py for tasks to queue
[2026-03-16T12:42:01.980+0000] {logging_mixin.py:151} INFO - [2026-03-16T12:42:01.979+0000] {dagbag.py:539} INFO - Filling up the DagBag from /opt/airflow/dags/embedding_sync_dag.py
[2026-03-16T12:42:02.020+0000] {processor.py:839} INFO - DAG(s) dict_keys(['embedding_sync_dag']) retrieved from /opt/airflow/dags/embedding_sync_dag.py
[2026-03-16T12:42:02.112+0000] {logging_mixin.py:151} INFO - [2026-03-16T12:42:02.111+0000] {dag.py:2915} INFO - Sync 1 DAGs
[2026-03-16T12:42:02.212+0000] {processor.py:179} INFO - Processing /opt/airflow/dags/embedding_sync_dag.py took 0.246 seconds
[2026-03-16T12:42:32.469+0000] {processor.py:157} INFO - Started process (PID=506) to work on /opt/airflow/dags/embedding_sync_dag.py
[2026-03-16T12:42:32.471+0000] {processor.py:829} INFO - Processing file /opt/airflow/dags/embedding_sync_dag.py for tasks to queue
[2026-03-16T12:42:32.473+0000] {logging_mixin.py:151} INFO - [2026-03-16T12:42:32.472+0000] {dagbag.py:539} INFO - Filling up the DagBag from /opt/airflow/dags/embedding_sync_dag.py
[2026-03-16T12:42:32.513+0000] {processor.py:839} INFO - DAG(s) dict_keys(['embedding_sync_dag']) retrieved from /opt/airflow/dags/embedding_sync_dag.py
[2026-03-16T12:42:32.605+0000] {logging_mixin.py:151} INFO - [2026-03-16T12:42:32.605+0000] {dag.py:2915} INFO - Sync 1 DAGs
[2026-03-16T12:42:32.709+0000] {processor.py:179} INFO - Processing /opt/airflow/dags/embedding_sync_dag.py took 0.250 seconds
[2026-03-16T12:43:02.951+0000] {processor.py:157} INFO - Started process (PID=524) to work on /opt/airflow/dags/embedding_sync_dag.py
[2026-03-16T12:43:02.954+0000] {processor.py:829} INFO - Processing file /opt/airflow/dags/embedding_sync_dag.py for tasks to queue
[2026-03-16T12:43:02.956+0000] {logging_mixin.py:151} INFO - [2026-03-16T12:43:02.955+0000] {dagbag.py:539} INFO - Filling up the DagBag from /opt/airflow/dags/embedding_sync_dag.py
[2026-03-16T12:43:02.997+0000] {processor.py:839} INFO - DAG(s) dict_keys(['embedding_sync_dag']) retrieved from /opt/airflow/dags/embedding_sync_dag.py
[2026-03-16T12:43:03.101+0000] {logging_mixin.py:151} INFO - [2026-03-16T12:43:03.100+0000] {dag.py:2915} INFO - Sync 1 DAGs
[2026-03-16T12:43:03.204+0000] {processor.py:179} INFO - Processing /opt/airflow/dags/embedding_sync_dag.py took 0.263 seconds
[2026-03-16T12:43:33.278+0000] {processor.py:157} INFO - Started process (PID=542) to work on /opt/airflow/dags/embedding_sync_dag.py
[2026-03-16T12:43:33.280+0000] {processor.py:829} INFO - Processing file /opt/airflow/dags/embedding_sync_dag.py for tasks to queue
[2026-03-16T12:43:33.283+0000] {logging_mixin.py:151} INFO - [2026-03-16T12:43:33.282+0000] {dagbag.py:539} INFO - Filling up the DagBag from /opt/airflow/dags/embedding_sync_dag.py
[2026-03-16T12:43:33.324+0000] {processor.py:839} INFO - DAG(s) dict_keys(['embedding_sync_dag']) retrieved from /opt/airflow/dags/embedding_sync_dag.py
[2026-03-16T12:43:33.426+0000] {logging_mixin.py:151} INFO - [2026-03-16T12:43:33.425+0000] {dag.py:2915} INFO - Sync 1 DAGs
[2026-03-16T12:43:33.528+0000] {processor.py:179} INFO - Processing /opt/airflow/dags/embedding_sync_dag.py took 0.260 seconds
[2026-03-16T12:44:04.509+0000] {processor.py:157} INFO - Started process (PID=560) to work on /opt/airflow/dags/embedding_sync_dag.py
[2026-03-16T12:44:04.511+0000] {processor.py:829} INFO - Processing file /opt/airflow/dags/embedding_sync_dag.py for tasks to queue
[2026-03-16T12:44:04.514+0000] {logging_mixin.py:151} INFO - [2026-03-16T12:44:04.513+0000] {dagbag.py:539} INFO - Filling up the DagBag from /opt/airflow/dags/embedding_sync_dag.py
[2026-03-16T12:44:04.559+0000] {processor.py:839} INFO - DAG(s) dict_keys(['embedding_sync_dag']) retrieved from /opt/airflow/dags/embedding_sync_dag.py
[2026-03-16T12:44:04.662+0000] {logging_mixin.py:151} INFO - [2026-03-16T12:44:04.662+0000] {dag.py:2915} INFO - Sync 1 DAGs
[2026-03-16T12:44:04.774+0000] {processor.py:179} INFO - Processing /opt/airflow/dags/embedding_sync_dag.py took 0.275 seconds
[2026-03-16T12:44:35.027+0000] {processor.py:157} INFO - Started process (PID=578) to work on /opt/airflow/dags/embedding_sync_dag.py
[2026-03-16T12:44:35.030+0000] {processor.py:829} INFO - Processing file /opt/airflow/dags/embedding_sync_dag.py for tasks to queue
[2026-03-16T12:44:35.032+0000] {logging_mixin.py:151} INFO - [2026-03-16T12:44:35.031+0000] {dagbag.py:539} INFO - Filling up the DagBag from /opt/airflow/dags/embedding_sync_dag.py
[2026-03-16T12:44:35.079+0000] {processor.py:839} INFO - DAG(s) dict_keys(['embedding_sync_dag']) retrieved from /opt/airflow/dags/embedding_sync_dag.py
[2026-03-16T12:44:35.182+0000] {logging_mixin.py:151} INFO - [2026-03-16T12:44:35.182+0000] {dag.py:2915} INFO - Sync 1 DAGs
[2026-03-16T12:44:35.297+0000] {processor.py:179} INFO - Processing /opt/airflow/dags/embedding_sync_dag.py took 0.281 seconds
[2026-03-16T12:45:05.558+0000] {processor.py:157} INFO - Started process (PID=596) to work on /opt/airflow/dags/embedding_sync_dag.py
[2026-03-16T12:45:05.561+0000] {processor.py:829} INFO - Processing file /opt/airflow/dags/embedding_sync_dag.py for tasks to queue
[2026-03-16T12:45:05.563+0000] {logging_mixin.py:151} INFO - [2026-03-16T12:45:05.562+0000] {dagbag.py:539} INFO - Filling up the DagBag from /opt/airflow/dags/embedding_sync_dag.py
[2026-03-16T12:45:05.609+0000] {processor.py:839} INFO - DAG(s) dict_keys(['embedding_sync_dag']) retrieved from /opt/airflow/dags/embedding_sync_dag.py
[2026-03-16T12:45:05.713+0000] {logging_mixin.py:151} INFO - [2026-03-16T12:45:05.713+0000] {dag.py:2915} INFO - Sync 1 DAGs
[2026-03-16T12:45:05.827+0000] {processor.py:179} INFO - Processing /opt/airflow/dags/embedding_sync_dag.py took 0.280 seconds
[2026-03-16T12:45:36.108+0000] {processor.py:157} INFO - Started process (PID=614) to work on /opt/airflow/dags/embedding_sync_dag.py
[2026-03-16T12:45:36.110+0000] {processor.py:829} INFO - Processing file /opt/airflow/dags/embedding_sync_dag.py for tasks to queue
[2026-03-16T12:45:36.113+0000] {logging_mixin.py:151} INFO - [2026-03-16T12:45:36.111+0000] {dagbag.py:539} INFO - Filling up the DagBag from /opt/airflow/dags/embedding_sync_dag.py
[2026-03-16T12:45:36.159+0000] {processor.py:839} INFO - DAG(s) dict_keys(['embedding_sync_dag']) retrieved from /opt/airflow/dags/embedding_sync_dag.py
[2026-03-16T12:45:36.261+0000] {logging_mixin.py:151} INFO - [2026-03-16T12:45:36.260+0000] {dag.py:2915} INFO - Sync 1 DAGs
[2026-03-16T12:45:36.372+0000] {processor.py:179} INFO - Processing /opt/airflow/dags/embedding_sync_dag.py took 0.275 seconds
[2026-03-16T12:46:06.630+0000] {processor.py:157} INFO - Started process (PID=632) to work on /opt/airflow/dags/embedding_sync_dag.py
[2026-03-16T12:46:06.632+0000] {processor.py:829} INFO - Processing file /opt/airflow/dags/embedding_sync_dag.py for tasks to queue
[2026-03-16T12:46:06.635+0000] {logging_mixin.py:151} INFO - [2026-03-16T12:46:06.633+0000] {dagbag.py:539} INFO - Filling up the DagBag from /opt/airflow/dags/embedding_sync_dag.py
[2026-03-16T12:46:06.680+0000] {processor.py:839} INFO - DAG(s) dict_keys(['embedding_sync_dag']) retrieved from /opt/airflow/dags/embedding_sync_dag.py
[2026-03-16T12:46:06.784+0000] {logging_mixin.py:151} INFO - [2026-03-16T12:46:06.783+0000] {dag.py:2915} INFO - Sync 1 DAGs
[2026-03-16T12:46:06.896+0000] {processor.py:179} INFO - Processing /opt/airflow/dags/embedding_sync_dag.py took 0.276 seconds
[2026-03-16T12:46:37.164+0000] {processor.py:157} INFO - Started process (PID=650) to work on /opt/airflow/dags/embedding_sync_dag.py
[2026-03-16T12:46:37.166+0000] {processor.py:829} INFO - Processing file /opt/airflow/dags/embedding_sync_dag.py for tasks to queue
[2026-03-16T12:46:37.169+0000] {logging_mixin.py:151} INFO - [2026-03-16T12:46:37.167+0000] {dagbag.py:539} INFO - Filling up the DagBag from /opt/airflow/dags/embedding_sync_dag.py
[2026-03-16T12:46:37.215+0000] {processor.py:839} INFO - DAG(s) dict_keys(['embedding_sync_dag']) retrieved from /opt/airflow/dags/embedding_sync_dag.py
[2026-03-16T12:46:37.318+0000] {logging_mixin.py:151} INFO - [2026-03-16T12:46:37.317+0000] {dag.py:2915} INFO - Sync 1 DAGs
[2026-03-16T12:46:37.431+0000] {processor.py:179} INFO - Processing /opt/airflow/dags/embedding_sync_dag.py took 0.278 seconds
[2026-03-16T12:47:07.708+0000] {processor.py:157} INFO - Started process (PID=668) to work on /opt/airflow/dags/embedding_sync_dag.py
[2026-03-16T12:47:07.711+0000] {processor.py:829} INFO - Processing file /opt/airflow/dags/embedding_sync_dag.py for tasks to queue
[2026-03-16T12:47:07.713+0000] {logging_mixin.py:151} INFO - [2026-03-16T12:47:07.712+0000] {dagbag.py:539} INFO - Filling up the DagBag from /opt/airflow/dags/embedding_sync_dag.py
[2026-03-16T12:47:07.758+0000] {processor.py:839} INFO - DAG(s) dict_keys(['embedding_sync_dag']) retrieved from /opt/airflow/dags/embedding_sync_dag.py
[2026-03-16T12:47:07.861+0000] {logging_mixin.py:151} INFO - [2026-03-16T12:47:07.861+0000] {dag.py:2915} INFO - Sync 1 DAGs
[2026-03-16T12:47:07.972+0000] {processor.py:179} INFO - Processing /opt/airflow/dags/embedding_sync_dag.py took 0.275 seconds
[2026-03-16T12:47:38.118+0000] {processor.py:157} INFO - Started process (PID=686) to work on /opt/airflow/dags/embedding_sync_dag.py
[2026-03-16T12:47:38.121+0000] {processor.py:829} INFO - Processing file /opt/airflow/dags/embedding_sync_dag.py for tasks to queue
[2026-03-16T12:47:38.123+0000] {logging_mixin.py:151} INFO - [2026-03-16T12:47:38.122+0000] {dagbag.py:539} INFO - Filling up the DagBag from /opt/airflow/dags/embedding_sync_dag.py
[2026-03-16T12:47:38.169+0000] {processor.py:839} INFO - DAG(s) dict_keys(['embedding_sync_dag']) retrieved from /opt/airflow/dags/embedding_sync_dag.py
[2026-03-16T12:47:38.276+0000] {logging_mixin.py:151} INFO - [2026-03-16T12:47:38.276+0000] {dag.py:2915} INFO - Sync 1 DAGs
[2026-03-16T12:47:38.388+0000] {processor.py:179} INFO - Processing /opt/airflow/dags/embedding_sync_dag.py took 0.281 seconds
[2026-03-16T12:48:08.656+0000] {processor.py:157} INFO - Started process (PID=704) to work on /opt/airflow/dags/embedding_sync_dag.py
[2026-03-16T12:48:08.658+0000] {processor.py:829} INFO - Processing file /opt/airflow/dags/embedding_sync_dag.py for tasks to queue
[2026-03-16T12:48:08.660+0000] {logging_mixin.py:151} INFO - [2026-03-16T12:48:08.659+0000] {dagbag.py:539} INFO - Filling up the DagBag from /opt/airflow/dags/embedding_sync_dag.py
[2026-03-16T12:48:08.706+0000] {processor.py:839} INFO - DAG(s) dict_keys(['embedding_sync_dag']) retrieved from /opt/airflow/dags/embedding_sync_dag.py
[2026-03-16T12:48:08.810+0000] {logging_mixin.py:151} INFO - [2026-03-16T12:48:08.809+0000] {dag.py:2915} INFO - Sync 1 DAGs
[2026-03-16T12:48:08.921+0000] {processor.py:179} INFO - Processing /opt/airflow/dags/embedding_sync_dag.py took 0.276 seconds
[2026-03-16T12:48:39.016+0000] {processor.py:157} INFO - Started process (PID=722) to work on /opt/airflow/dags/embedding_sync_dag.py
[2026-03-16T12:48:39.019+0000] {processor.py:829} INFO - Processing file /opt/airflow/dags/embedding_sync_dag.py for tasks to queue
[2026-03-16T12:48:39.021+0000] {logging_mixin.py:151} INFO - [2026-03-16T12:48:39.020+0000] {dagbag.py:539} INFO - Filling up the DagBag from /opt/airflow/dags/embedding_sync_dag.py
[2026-03-16T12:48:39.067+0000] {processor.py:839} INFO - DAG(s) dict_keys(['embedding_sync_dag']) retrieved from /opt/airflow/dags/embedding_sync_dag.py
[2026-03-16T12:48:39.172+0000] {logging_mixin.py:151} INFO - [2026-03-16T12:48:39.171+0000] {dag.py:2915} INFO - Sync 1 DAGs
[2026-03-16T12:48:39.286+0000] {processor.py:179} INFO - Processing /opt/airflow/dags/embedding_sync_dag.py took 0.280 seconds
[2026-03-16T12:49:09.364+0000] {processor.py:157} INFO - Started process (PID=740) to work on /opt/airflow/dags/embedding_sync_dag.py
[2026-03-16T12:49:09.366+0000] {processor.py:829} INFO - Processing file /opt/airflow/dags/embedding_sync_dag.py for tasks to queue
[2026-03-16T12:49:09.368+0000] {logging_mixin.py:151} INFO - [2026-03-16T12:49:09.367+0000] {dagbag.py:539} INFO - Filling up the DagBag from /opt/airflow/dags/embedding_sync_dag.py
[2026-03-16T12:49:09.414+0000] {processor.py:839} INFO - DAG(s) dict_keys(['embedding_sync_dag']) retrieved from /opt/airflow/dags/embedding_sync_dag.py
[2026-03-16T12:49:09.514+0000] {logging_mixin.py:151} INFO - [2026-03-16T12:49:09.513+0000] {dag.py:2915} INFO - Sync 1 DAGs
[2026-03-16T12:49:09.624+0000] {processor.py:179} INFO - Processing /opt/airflow/dags/embedding_sync_dag.py took 0.271 seconds
[2026-03-16T12:49:40.592+0000] {processor.py:157} INFO - Started process (PID=758) to work on /opt/airflow/dags/embedding_sync_dag.py
[2026-03-16T12:49:40.594+0000] {processor.py:829} INFO - Processing file /opt/airflow/dags/embedding_sync_dag.py for tasks to queue
[2026-03-16T12:49:40.597+0000] {logging_mixin.py:151} INFO - [2026-03-16T12:49:40.595+0000] {dagbag.py:539} INFO - Filling up the DagBag from /opt/airflow/dags/embedding_sync_dag.py
[2026-03-16T12:49:40.642+0000] {processor.py:839} INFO - DAG(s) dict_keys(['embedding_sync_dag']) retrieved from /opt/airflow/dags/embedding_sync_dag.py
[2026-03-16T12:49:40.737+0000] {logging_mixin.py:151} INFO - [2026-03-16T12:49:40.736+0000] {dag.py:2915} INFO - Sync 1 DAGs
[2026-03-16T12:49:40.835+0000] {processor.py:179} INFO - Processing /opt/airflow/dags/embedding_sync_dag.py took 0.255 seconds
[2026-03-16T12:50:11.089+0000] {processor.py:157} INFO - Started process (PID=776) to work on /opt/airflow/dags/embedding_sync_dag.py
[2026-03-16T12:50:11.091+0000] {processor.py:829} INFO - Processing file /opt/airflow/dags/embedding_sync_dag.py for tasks to queue
[2026-03-16T12:50:11.093+0000] {logging_mixin.py:151} INFO - [2026-03-16T12:50:11.092+0000] {dagbag.py:539} INFO - Filling up the DagBag from /opt/airflow/dags/embedding_sync_dag.py
[2026-03-16T12:50:11.134+0000] {processor.py:839} INFO - DAG(s) dict_keys(['embedding_sync_dag']) retrieved from /opt/airflow/dags/embedding_sync_dag.py
[2026-03-16T12:50:11.226+0000] {logging_mixin.py:151} INFO - [2026-03-16T12:50:11.226+0000] {dag.py:2915} INFO - Sync 1 DAGs
[2026-03-16T12:50:11.329+0000] {processor.py:179} INFO - Processing /opt/airflow/dags/embedding_sync_dag.py took 0.250 seconds
[2026-03-16T12:50:42.142+0000] {processor.py:157} INFO - Started process (PID=794) to work on /opt/airflow/dags/embedding_sync_dag.py
[2026-03-16T12:50:42.144+0000] {processor.py:829} INFO - Processing file /opt/airflow/dags/embedding_sync_dag.py for tasks to queue
[2026-03-16T12:50:42.146+0000] {logging_mixin.py:151} INFO - [2026-03-16T12:50:42.145+0000] {dagbag.py:539} INFO - Filling up the DagBag from /opt/airflow/dags/embedding_sync_dag.py
[2026-03-16T12:50:42.186+0000] {processor.py:839} INFO - DAG(s) dict_keys(['embedding_sync_dag']) retrieved from /opt/airflow/dags/embedding_sync_dag.py
[2026-03-16T12:50:42.277+0000] {logging_mixin.py:151} INFO - [2026-03-16T12:50:42.277+0000] {dag.py:2915} INFO - Sync 1 DAGs
[2026-03-16T12:50:42.378+0000] {processor.py:179} INFO - Processing /opt/airflow/dags/embedding_sync_dag.py took 0.246 seconds
[2026-03-16T12:51:12.511+0000] {processor.py:157} INFO - Started process (PID=810) to work on /opt/airflow/dags/embedding_sync_dag.py
[2026-03-16T12:51:12.514+0000] {processor.py:829} INFO - Processing file /opt/airflow/dags/embedding_sync_dag.py for tasks to queue
[2026-03-16T12:51:12.516+0000] {logging_mixin.py:151} INFO - [2026-03-16T12:51:12.515+0000] {dagbag.py:539} INFO - Filling up the DagBag from /opt/airflow/dags/embedding_sync_dag.py
[2026-03-16T12:51:12.556+0000] {processor.py:839} INFO - DAG(s) dict_keys(['embedding_sync_dag']) retrieved from /opt/airflow/dags/embedding_sync_dag.py
[2026-03-16T12:51:12.650+0000] {logging_mixin.py:151} INFO - [2026-03-16T12:51:12.649+0000] {dag.py:2915} INFO - Sync 1 DAGs
[2026-03-16T12:51:12.750+0000] {processor.py:179} INFO - Processing /opt/airflow/dags/embedding_sync_dag.py took 0.249 seconds
[2026-03-16T12:51:43.602+0000] {processor.py:157} INFO - Started process (PID=824) to work on /opt/airflow/dags/embedding_sync_dag.py
[2026-03-16T12:51:43.605+0000] {processor.py:829} INFO - Processing file /opt/airflow/dags/embedding_sync_dag.py for tasks to queue
[2026-03-16T12:51:43.607+0000] {logging_mixin.py:151} INFO - [2026-03-16T12:51:43.606+0000] {dagbag.py:539} INFO - Filling up the DagBag from /opt/airflow/dags/embedding_sync_dag.py
[2026-03-16T12:51:43.653+0000] {processor.py:839} INFO - DAG(s) dict_keys(['embedding_sync_dag']) retrieved from /opt/airflow/dags/embedding_sync_dag.py
[2026-03-16T12:51:43.757+0000] {logging_mixin.py:151} INFO - [2026-03-16T12:51:43.757+0000] {dag.py:2915} INFO - Sync 1 DAGs
[2026-03-16T12:51:43.869+0000] {processor.py:179} INFO - Processing /opt/airflow/dags/embedding_sync_dag.py took 0.278 seconds
[2026-03-16T12:52:14.118+0000] {processor.py:157} INFO - Started process (PID=842) to work on /opt/airflow/dags/embedding_sync_dag.py
[2026-03-16T12:52:14.120+0000] {processor.py:829} INFO - Processing file /opt/airflow/dags/embedding_sync_dag.py for tasks to queue
[2026-03-16T12:52:14.123+0000] {logging_mixin.py:151} INFO - [2026-03-16T12:52:14.121+0000] {dagbag.py:539} INFO - Filling up the DagBag from /opt/airflow/dags/embedding_sync_dag.py
[2026-03-16T12:52:14.168+0000] {processor.py:839} INFO - DAG(s) dict_keys(['embedding_sync_dag']) retrieved from /opt/airflow/dags/embedding_sync_dag.py
[2026-03-16T12:52:14.272+0000] {logging_mixin.py:151} INFO - [2026-03-16T12:52:14.271+0000] {dag.py:2915} INFO - Sync 1 DAGs
[2026-03-16T12:52:14.386+0000] {processor.py:179} INFO - Processing /opt/airflow/dags/embedding_sync_dag.py took 0.279 seconds
[2026-03-16T12:52:44.478+0000] {processor.py:157} INFO - Started process (PID=860) to work on /opt/airflow/dags/embedding_sync_dag.py
[2026-03-16T12:52:44.481+0000] {processor.py:829} INFO - Processing file /opt/airflow/dags/embedding_sync_dag.py for tasks to queue
[2026-03-16T12:52:44.483+0000] {logging_mixin.py:151} INFO - [2026-03-16T12:52:44.482+0000] {dagbag.py:539} INFO - Filling up the DagBag from /opt/airflow/dags/embedding_sync_dag.py
[2026-03-16T12:52:44.529+0000] {processor.py:839} INFO - DAG(s) dict_keys(['embedding_sync_dag']) retrieved from /opt/airflow/dags/embedding_sync_dag.py
[2026-03-16T12:52:44.632+0000] {logging_mixin.py:151} INFO - [2026-03-16T12:52:44.632+0000] {dag.py:2915} INFO - Sync 1 DAGs
[2026-03-16T12:52:44.746+0000] {processor.py:179} INFO - Processing /opt/airflow/dags/embedding_sync_dag.py took 0.278 seconds
[2026-03-16T12:53:15.710+0000] {processor.py:157} INFO - Started process (PID=878) to work on /opt/airflow/dags/embedding_sync_dag.py
[2026-03-16T12:53:15.713+0000] {processor.py:829} INFO - Processing file /opt/airflow/dags/embedding_sync_dag.py for tasks to queue
[2026-03-16T12:53:15.715+0000] {logging_mixin.py:151} INFO - [2026-03-16T12:53:15.714+0000] {dagbag.py:539} INFO - Filling up the DagBag from /opt/airflow/dags/embedding_sync_dag.py
[2026-03-16T12:53:15.761+0000] {processor.py:839} INFO - DAG(s) dict_keys(['embedding_sync_dag']) retrieved from /opt/airflow/dags/embedding_sync_dag.py
[2026-03-16T12:53:15.864+0000] {logging_mixin.py:151} INFO - [2026-03-16T12:53:15.864+0000] {dag.py:2915} INFO - Sync 1 DAGs
[2026-03-16T12:53:15.976+0000] {processor.py:179} INFO - Processing /opt/airflow/dags/embedding_sync_dag.py took 0.276 seconds
[2026-03-16T12:53:46.088+0000] {processor.py:157} INFO - Started process (PID=896) to work on /opt/airflow/dags/embedding_sync_dag.py
[2026-03-16T12:53:46.090+0000] {processor.py:829} INFO - Processing file /opt/airflow/dags/embedding_sync_dag.py for tasks to queue
[2026-03-16T12:53:46.093+0000] {logging_mixin.py:151} INFO - [2026-03-16T12:53:46.091+0000] {dagbag.py:539} INFO - Filling up the DagBag from /opt/airflow/dags/embedding_sync_dag.py
[2026-03-16T12:53:46.138+0000] {processor.py:839} INFO - DAG(s) dict_keys(['embedding_sync_dag']) retrieved from /opt/airflow/dags/embedding_sync_dag.py
[2026-03-16T12:53:46.241+0000] {logging_mixin.py:151} INFO - [2026-03-16T12:53:46.240+0000] {dag.py:2915} INFO - Sync 1 DAGs
[2026-03-16T12:53:46.352+0000] {processor.py:179} INFO - Processing /opt/airflow/dags/embedding_sync_dag.py took 0.275 seconds
[2026-03-16T12:54:16.609+0000] {processor.py:157} INFO - Started process (PID=914) to work on /opt/airflow/dags/embedding_sync_dag.py
[2026-03-16T12:54:16.612+0000] {processor.py:829} INFO - Processing file /opt/airflow/dags/embedding_sync_dag.py for tasks to queue
[2026-03-16T12:54:16.614+0000] {logging_mixin.py:151} INFO - [2026-03-16T12:54:16.613+0000] {dagbag.py:539} INFO - Filling up the DagBag from /opt/airflow/dags/embedding_sync_dag.py
[2026-03-16T12:54:16.660+0000] {processor.py:839} INFO - DAG(s) dict_keys(['embedding_sync_dag']) retrieved from /opt/airflow/dags/embedding_sync_dag.py
[2026-03-16T12:54:16.763+0000] {logging_mixin.py:151} INFO - [2026-03-16T12:54:16.763+0000] {dag.py:2915} INFO - Sync 1 DAGs
[2026-03-16T12:54:16.876+0000] {processor.py:179} INFO - Processing /opt/airflow/dags/embedding_sync_dag.py took 0.278 seconds
[2026-03-16T12:54:47.821+0000] {processor.py:157} INFO - Started process (PID=932) to work on /opt/airflow/dags/embedding_sync_dag.py
[2026-03-16T12:54:47.824+0000] {processor.py:829} INFO - Processing file /opt/airflow/dags/embedding_sync_dag.py for tasks to queue
[2026-03-16T12:54:47.826+0000] {logging_mixin.py:151} INFO - [2026-03-16T12:54:47.825+0000] {dagbag.py:539} INFO - Filling up the DagBag from /opt/airflow/dags/embedding_sync_dag.py
[2026-03-16T12:54:47.872+0000] {processor.py:839} INFO - DAG(s) dict_keys(['embedding_sync_dag']) retrieved from /opt/airflow/dags/embedding_sync_dag.py
[2026-03-16T12:54:47.974+0000] {logging_mixin.py:151} INFO - [2026-03-16T12:54:47.974+0000] {dag.py:2915} INFO - Sync 1 DAGs
[2026-03-16T12:54:48.077+0000] {processor.py:179} INFO - Processing /opt/airflow/dags/embedding_sync_dag.py took 0.267 seconds
[2026-03-16T12:55:18.163+0000] {processor.py:157} INFO - Started process (PID=950) to work on /opt/airflow/dags/embedding_sync_dag.py
[2026-03-16T12:55:18.166+0000] {processor.py:829} INFO - Processing file /opt/airflow/dags/embedding_sync_dag.py for tasks to queue
[2026-03-16T12:55:18.168+0000] {logging_mixin.py:151} INFO - [2026-03-16T12:55:18.167+0000] {dagbag.py:539} INFO - Filling up the DagBag from /opt/airflow/dags/embedding_sync_dag.py
[2026-03-16T12:55:18.214+0000] {processor.py:839} INFO - DAG(s) dict_keys(['embedding_sync_dag']) retrieved from /opt/airflow/dags/embedding_sync_dag.py
[2026-03-16T12:55:18.307+0000] {logging_mixin.py:151} INFO - [2026-03-16T12:55:18.307+0000] {dag.py:2915} INFO - Sync 1 DAGs
[2026-03-16T12:55:18.417+0000] {processor.py:179} INFO - Processing /opt/airflow/dags/embedding_sync_dag.py took 0.265 seconds
[2026-03-16T12:55:48.477+0000] {processor.py:157} INFO - Started process (PID=968) to work on /opt/airflow/dags/embedding_sync_dag.py
[2026-03-16T12:55:48.480+0000] {processor.py:829} INFO - Processing file /opt/airflow/dags/embedding_sync_dag.py for tasks to queue
[2026-03-16T12:55:48.482+0000] {logging_mixin.py:151} INFO - [2026-03-16T12:55:48.481+0000] {dagbag.py:539} INFO - Filling up the DagBag from /opt/airflow/dags/embedding_sync_dag.py
[2026-03-16T12:55:48.522+0000] {processor.py:839} INFO - DAG(s) dict_keys(['embedding_sync_dag']) retrieved from /opt/airflow/dags/embedding_sync_dag.py
[2026-03-16T12:55:48.613+0000] {logging_mixin.py:151} INFO - [2026-03-16T12:55:48.613+0000] {dag.py:2915} INFO - Sync 1 DAGs
[2026-03-16T12:55:48.711+0000] {processor.py:179} INFO - Processing /opt/airflow/dags/embedding_sync_dag.py took 0.244 seconds
[2026-03-16T12:56:18.778+0000] {processor.py:157} INFO - Started process (PID=986) to work on /opt/airflow/dags/embedding_sync_dag.py
[2026-03-16T12:56:18.780+0000] {processor.py:829} INFO - Processing file /opt/airflow/dags/embedding_sync_dag.py for tasks to queue
[2026-03-16T12:56:18.782+0000] {logging_mixin.py:151} INFO - [2026-03-16T12:56:18.781+0000] {dagbag.py:539} INFO - Filling up the DagBag from /opt/airflow/dags/embedding_sync_dag.py
[2026-03-16T12:56:18.822+0000] {processor.py:839} INFO - DAG(s) dict_keys(['embedding_sync_dag']) retrieved from /opt/airflow/dags/embedding_sync_dag.py
[2026-03-16T12:56:18.914+0000] {logging_mixin.py:151} INFO - [2026-03-16T12:56:18.914+0000] {dag.py:2915} INFO - Sync 1 DAGs
[2026-03-16T12:56:19.016+0000] {processor.py:179} INFO - Processing /opt/airflow/dags/embedding_sync_dag.py took 0.248 seconds
[2026-03-16T12:56:49.107+0000] {processor.py:157} INFO - Started process (PID=1002) to work on /opt/airflow/dags/embedding_sync_dag.py
[2026-03-16T12:56:49.110+0000] {processor.py:829} INFO - Processing file /opt/airflow/dags/embedding_sync_dag.py for tasks to queue
[2026-03-16T12:56:49.112+0000] {logging_mixin.py:151} INFO - [2026-03-16T12:56:49.111+0000] {dagbag.py:539} INFO - Filling up the DagBag from /opt/airflow/dags/embedding_sync_dag.py
[2026-03-16T12:56:49.159+0000] {processor.py:839} INFO - DAG(s) dict_keys(['embedding_sync_dag']) retrieved from /opt/airflow/dags/embedding_sync_dag.py
[2026-03-16T12:56:49.254+0000] {logging_mixin.py:151} INFO - [2026-03-16T12:56:49.254+0000] {dag.py:2915} INFO - Sync 1 DAGs
[2026-03-16T12:56:49.355+0000] {processor.py:179} INFO - Processing /opt/airflow/dags/embedding_sync_dag.py took 0.259 seconds
[2026-03-16T12:57:19.444+0000] {processor.py:157} INFO - Started process (PID=1015) to work on /opt/airflow/dags/embedding_sync_dag.py
[2026-03-16T12:57:19.446+0000] {processor.py:829} INFO - Processing file /opt/airflow/dags/embedding_sync_dag.py for tasks to queue
[2026-03-16T12:57:19.449+0000] {logging_mixin.py:151} INFO - [2026-03-16T12:57:19.448+0000] {dagbag.py:539} INFO - Filling up the DagBag from /opt/airflow/dags/embedding_sync_dag.py
[2026-03-16T12:57:19.495+0000] {processor.py:839} INFO - DAG(s) dict_keys(['embedding_sync_dag']) retrieved from /opt/airflow/dags/embedding_sync_dag.py
[2026-03-16T12:57:19.599+0000] {logging_mixin.py:151} INFO - [2026-03-16T12:57:19.598+0000] {dag.py:2915} INFO - Sync 1 DAGs
[2026-03-16T12:57:19.711+0000] {processor.py:179} INFO - Processing /opt/airflow/dags/embedding_sync_dag.py took 0.278 seconds
[2026-03-16T12:57:49.790+0000] {processor.py:157} INFO - Started process (PID=1033) to work on /opt/airflow/dags/embedding_sync_dag.py
[2026-03-16T12:57:49.793+0000] {processor.py:829} INFO - Processing file /opt/airflow/dags/embedding_sync_dag.py for tasks to queue
[2026-03-16T12:57:49.795+0000] {logging_mixin.py:151} INFO - [2026-03-16T12:57:49.794+0000] {dagbag.py:539} INFO - Filling up the DagBag from /opt/airflow/dags/embedding_sync_dag.py
[2026-03-16T12:57:49.841+0000] {processor.py:839} INFO - DAG(s) dict_keys(['embedding_sync_dag']) retrieved from /opt/airflow/dags/embedding_sync_dag.py
[2026-03-16T12:57:49.945+0000] {logging_mixin.py:151} INFO - [2026-03-16T12:57:49.945+0000] {dag.py:2915} INFO - Sync 1 DAGs
[2026-03-16T12:57:50.057+0000] {processor.py:179} INFO - Processing /opt/airflow/dags/embedding_sync_dag.py took 0.278 seconds
[2026-03-16T12:58:20.182+0000] {processor.py:157} INFO - Started process (PID=1051) to work on /opt/airflow/dags/embedding_sync_dag.py
[2026-03-16T12:58:20.184+0000] {processor.py:829} INFO - Processing file /opt/airflow/dags/embedding_sync_dag.py for tasks to queue
[2026-03-16T12:58:20.187+0000] {logging_mixin.py:151} INFO - [2026-03-16T12:58:20.185+0000] {dagbag.py:539} INFO - Filling up the DagBag from /opt/airflow/dags/embedding_sync_dag.py
[2026-03-16T12:58:20.232+0000] {processor.py:839} INFO - DAG(s) dict_keys(['embedding_sync_dag']) retrieved from /opt/airflow/dags/embedding_sync_dag.py
[2026-03-16T12:58:20.333+0000] {logging_mixin.py:151} INFO - [2026-03-16T12:58:20.332+0000] {dag.py:2915} INFO - Sync 1 DAGs
[2026-03-16T12:58:20.445+0000] {processor.py:179} INFO - Processing /opt/airflow/dags/embedding_sync_dag.py took 0.274 seconds
[2026-03-16T12:58:50.565+0000] {processor.py:157} INFO - Started process (PID=1069) to work on /opt/airflow/dags/embedding_sync_dag.py
[2026-03-16T12:58:50.567+0000] {processor.py:829} INFO - Processing file /opt/airflow/dags/embedding_sync_dag.py for tasks to queue
[2026-03-16T12:58:50.570+0000] {logging_mixin.py:151} INFO - [2026-03-16T12:58:50.569+0000] {dagbag.py:539} INFO - Filling up the DagBag from /opt/airflow/dags/embedding_sync_dag.py
[2026-03-16T12:58:50.614+0000] {processor.py:839} INFO - DAG(s) dict_keys(['embedding_sync_dag']) retrieved from /opt/airflow/dags/embedding_sync_dag.py
[2026-03-16T12:58:50.707+0000] {logging_mixin.py:151} INFO - [2026-03-16T12:58:50.707+0000] {dag.py:2915} INFO - Sync 1 DAGs
[2026-03-16T12:58:50.810+0000] {processor.py:179} INFO - Processing /opt/airflow/dags/embedding_sync_dag.py took 0.257 seconds
[2026-03-16T12:59:21.772+0000] {processor.py:157} INFO - Started process (PID=1087) to work on /opt/airflow/dags/embedding_sync_dag.py
[2026-03-16T12:59:21.774+0000] {processor.py:829} INFO - Processing file /opt/airflow/dags/embedding_sync_dag.py for tasks to queue
[2026-03-16T12:59:21.776+0000] {logging_mixin.py:151} INFO - [2026-03-16T12:59:21.775+0000] {dagbag.py:539} INFO - Filling up the DagBag from /opt/airflow/dags/embedding_sync_dag.py
[2026-03-16T12:59:21.817+0000] {processor.py:839} INFO - DAG(s) dict_keys(['embedding_sync_dag']) retrieved from /opt/airflow/dags/embedding_sync_dag.py
[2026-03-16T12:59:21.909+0000] {logging_mixin.py:151} INFO - [2026-03-16T12:59:21.909+0000] {dag.py:2915} INFO - Sync 1 DAGs
[2026-03-16T12:59:22.008+0000] {processor.py:179} INFO - Processing /opt/airflow/dags/embedding_sync_dag.py took 0.246 seconds
[2026-03-16T12:59:52.073+0000] {processor.py:157} INFO - Started process (PID=1105) to work on /opt/airflow/dags/embedding_sync_dag.py
[2026-03-16T12:59:52.076+0000] {processor.py:829} INFO - Processing file /opt/airflow/dags/embedding_sync_dag.py for tasks to queue
[2026-03-16T12:59:52.078+0000] {logging_mixin.py:151} INFO - [2026-03-16T12:59:52.077+0000] {dagbag.py:539} INFO - Filling up the DagBag from /opt/airflow/dags/embedding_sync_dag.py
[2026-03-16T12:59:52.118+0000] {processor.py:839} INFO - DAG(s) dict_keys(['embedding_sync_dag']) retrieved from /opt/airflow/dags/embedding_sync_dag.py
[2026-03-16T12:59:52.212+0000] {logging_mixin.py:151} INFO - [2026-03-16T12:59:52.212+0000] {dag.py:2915} INFO - Sync 1 DAGs
[2026-03-16T12:59:52.311+0000] {processor.py:179} INFO - Processing /opt/airflow/dags/embedding_sync_dag.py took 0.247 seconds
[2026-03-16T13:00:22.396+0000] {processor.py:157} INFO - Started process (PID=1121) to work on /opt/airflow/dags/embedding_sync_dag.py
[2026-03-16T13:00:22.398+0000] {processor.py:829} INFO - Processing file /opt/airflow/dags/embedding_sync_dag.py for tasks to queue
[2026-03-16T13:00:22.400+0000] {logging_mixin.py:151} INFO - [2026-03-16T13:00:22.399+0000] {dagbag.py:539} INFO - Filling up the DagBag from /opt/airflow/dags/embedding_sync_dag.py
[2026-03-16T13:00:22.441+0000] {processor.py:839} INFO - DAG(s) dict_keys(['embedding_sync_dag']) retrieved from /opt/airflow/dags/embedding_sync_dag.py
[2026-03-16T13:00:22.533+0000] {logging_mixin.py:151} INFO - [2026-03-16T13:00:22.533+0000] {dag.py:2915} INFO - Sync 1 DAGs
[2026-03-16T13:00:22.634+0000] {processor.py:179} INFO - Processing /opt/airflow/dags/embedding_sync_dag.py took 0.248 seconds
[2026-03-16T13:00:53.596+0000] {processor.py:157} INFO - Started process (PID=1135) to work on /opt/airflow/dags/embedding_sync_dag.py
[2026-03-16T13:00:53.599+0000] {processor.py:829} INFO - Processing file /opt/airflow/dags/embedding_sync_dag.py for tasks to queue
[2026-03-16T13:00:53.602+0000] {logging_mixin.py:151} INFO - [2026-03-16T13:00:53.600+0000] {dagbag.py:539} INFO - Filling up the DagBag from /opt/airflow/dags/embedding_sync_dag.py
[2026-03-16T13:00:53.647+0000] {processor.py:839} INFO - DAG(s) dict_keys(['embedding_sync_dag']) retrieved from /opt/airflow/dags/embedding_sync_dag.py
[2026-03-16T13:00:53.752+0000] {logging_mixin.py:151} INFO - [2026-03-16T13:00:53.752+0000] {dag.py:2915} INFO - Sync 1 DAGs
[2026-03-16T13:00:53.864+0000] {processor.py:179} INFO - Processing /opt/airflow/dags/embedding_sync_dag.py took 0.279 seconds
[2026-03-16T13:01:24.836+0000] {processor.py:157} INFO - Started process (PID=1153) to work on /opt/airflow/dags/embedding_sync_dag.py
[2026-03-16T13:01:24.839+0000] {processor.py:829} INFO - Processing file /opt/airflow/dags/embedding_sync_dag.py for tasks to queue
[2026-03-16T13:01:24.841+0000] {logging_mixin.py:151} INFO - [2026-03-16T13:01:24.840+0000] {dagbag.py:539} INFO - Filling up the DagBag from /opt/airflow/dags/embedding_sync_dag.py
[2026-03-16T13:01:24.887+0000] {processor.py:839} INFO - DAG(s) dict_keys(['embedding_sync_dag']) retrieved from /opt/airflow/dags/embedding_sync_dag.py
[2026-03-16T13:01:24.987+0000] {logging_mixin.py:151} INFO - [2026-03-16T13:01:24.987+0000] {dag.py:2915} INFO - Sync 1 DAGs
[2026-03-16T13:01:25.093+0000] {processor.py:179} INFO - Processing /opt/airflow/dags/embedding_sync_dag.py took 0.267 seconds
[2026-03-16T13:01:56.110+0000] {processor.py:157} INFO - Started process (PID=1171) to work on /opt/airflow/dags/embedding_sync_dag.py
[2026-03-16T13:01:56.113+0000] {processor.py:829} INFO - Processing file /opt/airflow/dags/embedding_sync_dag.py for tasks to queue
[2026-03-16T13:01:56.115+0000] {logging_mixin.py:151} INFO - [2026-03-16T13:01:56.114+0000] {dagbag.py:539} INFO - Filling up the DagBag from /opt/airflow/dags/embedding_sync_dag.py
[2026-03-16T13:01:56.160+0000] {processor.py:839} INFO - DAG(s) dict_keys(['embedding_sync_dag']) retrieved from /opt/airflow/dags/embedding_sync_dag.py
[2026-03-16T13:01:56.261+0000] {logging_mixin.py:151} INFO - [2026-03-16T13:01:56.261+0000] {dag.py:2915} INFO - Sync 1 DAGs
[2026-03-16T13:01:56.374+0000] {processor.py:179} INFO - Processing /opt/airflow/dags/embedding_sync_dag.py took 0.275 seconds
[2026-03-16T13:02:27.351+0000] {processor.py:157} INFO - Started process (PID=1189) to work on /opt/airflow/dags/embedding_sync_dag.py
[2026-03-16T13:02:27.353+0000] {processor.py:829} INFO - Processing file /opt/airflow/dags/embedding_sync_dag.py for tasks to queue
[2026-03-16T13:02:27.356+0000] {logging_mixin.py:151} INFO - [2026-03-16T13:02:27.354+0000] {dagbag.py:539} INFO - Filling up the DagBag from /opt/airflow/dags/embedding_sync_dag.py
[2026-03-16T13:02:27.400+0000] {processor.py:839} INFO - DAG(s) dict_keys(['embedding_sync_dag']) retrieved from /opt/airflow/dags/embedding_sync_dag.py
[2026-03-16T13:02:27.497+0000] {logging_mixin.py:151} INFO - [2026-03-16T13:02:27.497+0000] {dag.py:2915} INFO - Sync 1 DAGs
[2026-03-16T13:02:27.607+0000] {processor.py:179} INFO - Processing /opt/airflow/dags/embedding_sync_dag.py took 0.266 seconds
[2026-03-16T13:02:58.595+0000] {processor.py:157} INFO - Started process (PID=1207) to work on /opt/airflow/dags/embedding_sync_dag.py
[2026-03-16T13:02:58.597+0000] {processor.py:829} INFO - Processing file /opt/airflow/dags/embedding_sync_dag.py for tasks to queue
[2026-03-16T13:02:58.600+0000] {logging_mixin.py:151} INFO - [2026-03-16T13:02:58.598+0000] {dagbag.py:539} INFO - Filling up the DagBag from /opt/airflow/dags/embedding_sync_dag.py
[2026-03-16T13:02:58.645+0000] {processor.py:839} INFO - DAG(s) dict_keys(['embedding_sync_dag']) retrieved from /opt/airflow/dags/embedding_sync_dag.py
[2026-03-16T13:02:58.745+0000] {logging_mixin.py:151} INFO - [2026-03-16T13:02:58.745+0000] {dag.py:2915} INFO - Sync 1 DAGs
[2026-03-16T13:02:58.856+0000] {processor.py:179} INFO - Processing /opt/airflow/dags/embedding_sync_dag.py took 0.272 seconds
[2026-03-16T13:03:28.938+0000] {processor.py:157} INFO - Started process (PID=1225) to work on /opt/airflow/dags/embedding_sync_dag.py
[2026-03-16T13:03:28.940+0000] {processor.py:829} INFO - Processing file /opt/airflow/dags/embedding_sync_dag.py for tasks to queue
[2026-03-16T13:03:28.943+0000] {logging_mixin.py:151} INFO - [2026-03-16T13:03:28.941+0000] {dagbag.py:539} INFO - Filling up the DagBag from /opt/airflow/dags/embedding_sync_dag.py
[2026-03-16T13:03:28.988+0000] {processor.py:839} INFO - DAG(s) dict_keys(['embedding_sync_dag']) retrieved from /opt/airflow/dags/embedding_sync_dag.py
[2026-03-16T13:03:29.088+0000] {logging_mixin.py:151} INFO - [2026-03-16T13:03:29.088+0000] {dag.py:2915} INFO - Sync 1 DAGs
[2026-03-16T13:03:29.198+0000] {processor.py:179} INFO - Processing /opt/airflow/dags/embedding_sync_dag.py took 0.270 seconds
[2026-03-16T13:03:59.301+0000] {processor.py:157} INFO - Started process (PID=1243) to work on /opt/airflow/dags/embedding_sync_dag.py
[2026-03-16T13:03:59.304+0000] {processor.py:829} INFO - Processing file /opt/airflow/dags/embedding_sync_dag.py for tasks to queue
[2026-03-16T13:03:59.306+0000] {logging_mixin.py:151} INFO - [2026-03-16T13:03:59.305+0000] {dagbag.py:539} INFO - Filling up the DagBag from /opt/airflow/dags/embedding_sync_dag.py
[2026-03-16T13:03:59.351+0000] {processor.py:839} INFO - DAG(s) dict_keys(['embedding_sync_dag']) retrieved from /opt/airflow/dags/embedding_sync_dag.py
[2026-03-16T13:03:59.455+0000] {logging_mixin.py:151} INFO - [2026-03-16T13:03:59.454+0000] {dag.py:2915} INFO - Sync 1 DAGs
[2026-03-16T13:03:59.568+0000] {processor.py:179} INFO - Processing /opt/airflow/dags/embedding_sync_dag.py took 0.278 seconds
[2026-03-16T13:04:29.632+0000] {processor.py:157} INFO - Started process (PID=1261) to work on /opt/airflow/dags/embedding_sync_dag.py
[2026-03-16T13:04:29.635+0000] {processor.py:829} INFO - Processing file /opt/airflow/dags/embedding_sync_dag.py for tasks to queue
[2026-03-16T13:04:29.637+0000] {logging_mixin.py:151} INFO - [2026-03-16T13:04:29.636+0000] {dagbag.py:539} INFO - Filling up the DagBag from /opt/airflow/dags/embedding_sync_dag.py
[2026-03-16T13:04:29.683+0000] {processor.py:839} INFO - DAG(s) dict_keys(['embedding_sync_dag']) retrieved from /opt/airflow/dags/embedding_sync_dag.py
[2026-03-16T13:04:29.785+0000] {logging_mixin.py:151} INFO - [2026-03-16T13:04:29.784+0000] {dag.py:2915} INFO - Sync 1 DAGs
[2026-03-16T13:04:29.897+0000] {processor.py:179} INFO - Processing /opt/airflow/dags/embedding_sync_dag.py took 0.276 seconds
