[2026-03-16T12:33:20.193+0000] {processor.py:157} INFO - Started process (PID=176) to work on /opt/airflow/dags/ingest_local_folder_dag.py
[2026-03-16T12:33:20.206+0000] {processor.py:829} INFO - Processing file /opt/airflow/dags/ingest_local_folder_dag.py for tasks to queue
[2026-03-16T12:33:20.214+0000] {logging_mixin.py:151} INFO - [2026-03-16T12:33:20.213+0000] {dagbag.py:539} INFO - Filling up the DagBag from /opt/airflow/dags/ingest_local_folder_dag.py
[2026-03-16T12:33:21.754+0000] {processor.py:839} INFO - DAG(s) dict_keys(['ingestionDAG']) retrieved from /opt/airflow/dags/ingest_local_folder_dag.py
[2026-03-16T12:33:22.011+0000] {logging_mixin.py:151} INFO - [2026-03-16T12:33:22.010+0000] {dag.py:2915} INFO - Sync 1 DAGs
[2026-03-16T12:33:22.194+0000] {logging_mixin.py:151} INFO - [2026-03-16T12:33:22.191+0000] {dag.py:3696} INFO - Setting next_dagrun for ingestionDAG to 2026-03-16T12:32:52.190770+00:00, run_after=2026-03-16T12:33:22.190770+00:00
[2026-03-16T12:33:22.310+0000] {processor.py:179} INFO - Processing /opt/airflow/dags/ingest_local_folder_dag.py took 2.172 seconds
[2026-03-16T12:33:52.856+0000] {processor.py:157} INFO - Started process (PID=197) to work on /opt/airflow/dags/ingest_local_folder_dag.py
[2026-03-16T12:33:52.867+0000] {processor.py:829} INFO - Processing file /opt/airflow/dags/ingest_local_folder_dag.py for tasks to queue
[2026-03-16T12:33:52.874+0000] {logging_mixin.py:151} INFO - [2026-03-16T12:33:52.873+0000] {dagbag.py:539} INFO - Filling up the DagBag from /opt/airflow/dags/ingest_local_folder_dag.py
[2026-03-16T12:33:54.133+0000] {processor.py:839} INFO - DAG(s) dict_keys(['ingestionDAG']) retrieved from /opt/airflow/dags/ingest_local_folder_dag.py
[2026-03-16T12:33:54.300+0000] {logging_mixin.py:151} INFO - [2026-03-16T12:33:54.300+0000] {dag.py:2915} INFO - Sync 1 DAGs
[2026-03-16T12:33:54.360+0000] {logging_mixin.py:151} INFO - [2026-03-16T12:33:54.360+0000] {dag.py:3696} INFO - Setting next_dagrun for ingestionDAG to 2026-03-16T12:33:24.359898+00:00, run_after=2026-03-16T12:33:54.359898+00:00
[2026-03-16T12:33:54.457+0000] {processor.py:179} INFO - Processing /opt/airflow/dags/ingest_local_folder_dag.py took 1.629 seconds
[2026-03-16T12:34:25.229+0000] {processor.py:157} INFO - Started process (PID=224) to work on /opt/airflow/dags/ingest_local_folder_dag.py
[2026-03-16T12:34:25.231+0000] {processor.py:829} INFO - Processing file /opt/airflow/dags/ingest_local_folder_dag.py for tasks to queue
[2026-03-16T12:34:25.234+0000] {logging_mixin.py:151} INFO - [2026-03-16T12:34:25.232+0000] {dagbag.py:539} INFO - Filling up the DagBag from /opt/airflow/dags/ingest_local_folder_dag.py
[2026-03-16T12:34:25.878+0000] {processor.py:839} INFO - DAG(s) dict_keys(['ingestionDAG']) retrieved from /opt/airflow/dags/ingest_local_folder_dag.py
[2026-03-16T12:34:26.011+0000] {logging_mixin.py:151} INFO - [2026-03-16T12:34:26.010+0000] {dag.py:2915} INFO - Sync 1 DAGs
[2026-03-16T12:34:26.100+0000] {logging_mixin.py:151} INFO - [2026-03-16T12:34:26.099+0000] {dag.py:3696} INFO - Setting next_dagrun for ingestionDAG to 2026-03-16T12:33:56.098745+00:00, run_after=2026-03-16T12:34:26.098745+00:00
[2026-03-16T12:34:26.159+0000] {processor.py:179} INFO - Processing /opt/airflow/dags/ingest_local_folder_dag.py took 0.940 seconds
[2026-03-16T12:34:56.467+0000] {processor.py:157} INFO - Started process (PID=247) to work on /opt/airflow/dags/ingest_local_folder_dag.py
[2026-03-16T12:34:56.469+0000] {processor.py:829} INFO - Processing file /opt/airflow/dags/ingest_local_folder_dag.py for tasks to queue
[2026-03-16T12:34:56.471+0000] {logging_mixin.py:151} INFO - [2026-03-16T12:34:56.470+0000] {dagbag.py:539} INFO - Filling up the DagBag from /opt/airflow/dags/ingest_local_folder_dag.py
[2026-03-16T12:34:57.023+0000] {processor.py:839} INFO - DAG(s) dict_keys(['ingestionDAG']) retrieved from /opt/airflow/dags/ingest_local_folder_dag.py
[2026-03-16T12:34:57.109+0000] {logging_mixin.py:151} INFO - [2026-03-16T12:34:57.109+0000] {dag.py:2915} INFO - Sync 1 DAGs
[2026-03-16T12:34:57.167+0000] {logging_mixin.py:151} INFO - [2026-03-16T12:34:57.166+0000] {dag.py:3696} INFO - Setting next_dagrun for ingestionDAG to 2026-03-16T12:34:27.166353+00:00, run_after=2026-03-16T12:34:57.166353+00:00
[2026-03-16T12:34:57.211+0000] {processor.py:179} INFO - Processing /opt/airflow/dags/ingest_local_folder_dag.py took 0.754 seconds
[2026-03-16T12:35:27.316+0000] {processor.py:157} INFO - Started process (PID=265) to work on /opt/airflow/dags/ingest_local_folder_dag.py
[2026-03-16T12:35:27.318+0000] {processor.py:829} INFO - Processing file /opt/airflow/dags/ingest_local_folder_dag.py for tasks to queue
[2026-03-16T12:35:27.321+0000] {logging_mixin.py:151} INFO - [2026-03-16T12:35:27.320+0000] {dagbag.py:539} INFO - Filling up the DagBag from /opt/airflow/dags/ingest_local_folder_dag.py
[2026-03-16T12:35:27.878+0000] {processor.py:839} INFO - DAG(s) dict_keys(['ingestionDAG']) retrieved from /opt/airflow/dags/ingest_local_folder_dag.py
[2026-03-16T12:35:27.964+0000] {logging_mixin.py:151} INFO - [2026-03-16T12:35:27.964+0000] {dag.py:2915} INFO - Sync 1 DAGs
[2026-03-16T12:35:28.024+0000] {logging_mixin.py:151} INFO - [2026-03-16T12:35:28.024+0000] {dag.py:3696} INFO - Setting next_dagrun for ingestionDAG to 2026-03-16T12:34:58.023934+00:00, run_after=2026-03-16T12:35:28.023934+00:00
[2026-03-16T12:35:28.066+0000] {processor.py:179} INFO - Processing /opt/airflow/dags/ingest_local_folder_dag.py took 0.761 seconds
[2026-03-16T12:35:58.316+0000] {processor.py:157} INFO - Started process (PID=283) to work on /opt/airflow/dags/ingest_local_folder_dag.py
[2026-03-16T12:35:58.319+0000] {processor.py:829} INFO - Processing file /opt/airflow/dags/ingest_local_folder_dag.py for tasks to queue
[2026-03-16T12:35:58.321+0000] {logging_mixin.py:151} INFO - [2026-03-16T12:35:58.320+0000] {dagbag.py:539} INFO - Filling up the DagBag from /opt/airflow/dags/ingest_local_folder_dag.py
[2026-03-16T12:35:58.884+0000] {processor.py:839} INFO - DAG(s) dict_keys(['ingestionDAG']) retrieved from /opt/airflow/dags/ingest_local_folder_dag.py
[2026-03-16T12:35:58.971+0000] {logging_mixin.py:151} INFO - [2026-03-16T12:35:58.971+0000] {dag.py:2915} INFO - Sync 1 DAGs
[2026-03-16T12:35:59.029+0000] {logging_mixin.py:151} INFO - [2026-03-16T12:35:59.029+0000] {dag.py:3696} INFO - Setting next_dagrun for ingestionDAG to 2026-03-16T12:35:29.028783+00:00, run_after=2026-03-16T12:35:59.028783+00:00
[2026-03-16T12:35:59.070+0000] {processor.py:179} INFO - Processing /opt/airflow/dags/ingest_local_folder_dag.py took 0.765 seconds
[2026-03-16T12:36:29.747+0000] {processor.py:157} INFO - Started process (PID=301) to work on /opt/airflow/dags/ingest_local_folder_dag.py
[2026-03-16T12:36:29.750+0000] {processor.py:829} INFO - Processing file /opt/airflow/dags/ingest_local_folder_dag.py for tasks to queue
[2026-03-16T12:36:29.752+0000] {logging_mixin.py:151} INFO - [2026-03-16T12:36:29.751+0000] {dagbag.py:539} INFO - Filling up the DagBag from /opt/airflow/dags/ingest_local_folder_dag.py
[2026-03-16T12:36:30.315+0000] {processor.py:839} INFO - DAG(s) dict_keys(['ingestionDAG']) retrieved from /opt/airflow/dags/ingest_local_folder_dag.py
[2026-03-16T12:36:30.402+0000] {logging_mixin.py:151} INFO - [2026-03-16T12:36:30.402+0000] {dag.py:2915} INFO - Sync 1 DAGs
[2026-03-16T12:36:30.460+0000] {logging_mixin.py:151} INFO - [2026-03-16T12:36:30.459+0000] {dag.py:3696} INFO - Setting next_dagrun for ingestionDAG to 2026-03-16T12:36:00.459354+00:00, run_after=2026-03-16T12:36:30.459354+00:00
[2026-03-16T12:36:30.502+0000] {processor.py:179} INFO - Processing /opt/airflow/dags/ingest_local_folder_dag.py took 0.765 seconds
[2026-03-16T12:37:00.599+0000] {processor.py:157} INFO - Started process (PID=319) to work on /opt/airflow/dags/ingest_local_folder_dag.py
[2026-03-16T12:37:00.602+0000] {processor.py:829} INFO - Processing file /opt/airflow/dags/ingest_local_folder_dag.py for tasks to queue
[2026-03-16T12:37:00.604+0000] {logging_mixin.py:151} INFO - [2026-03-16T12:37:00.603+0000] {dagbag.py:539} INFO - Filling up the DagBag from /opt/airflow/dags/ingest_local_folder_dag.py
[2026-03-16T12:37:01.171+0000] {processor.py:839} INFO - DAG(s) dict_keys(['ingestionDAG']) retrieved from /opt/airflow/dags/ingest_local_folder_dag.py
[2026-03-16T12:37:01.269+0000] {logging_mixin.py:151} INFO - [2026-03-16T12:37:01.269+0000] {dag.py:2915} INFO - Sync 1 DAGs
[2026-03-16T12:37:01.337+0000] {logging_mixin.py:151} INFO - [2026-03-16T12:37:01.337+0000] {dag.py:3696} INFO - Setting next_dagrun for ingestionDAG to 2026-03-16T12:36:31.336524+00:00, run_after=2026-03-16T12:37:01.336524+00:00
[2026-03-16T12:37:01.684+0000] {processor.py:179} INFO - Processing /opt/airflow/dags/ingest_local_folder_dag.py took 1.095 seconds
[2026-03-16T12:37:31.861+0000] {processor.py:157} INFO - Started process (PID=337) to work on /opt/airflow/dags/ingest_local_folder_dag.py
[2026-03-16T12:37:31.864+0000] {processor.py:829} INFO - Processing file /opt/airflow/dags/ingest_local_folder_dag.py for tasks to queue
[2026-03-16T12:37:31.866+0000] {logging_mixin.py:151} INFO - [2026-03-16T12:37:31.865+0000] {dagbag.py:539} INFO - Filling up the DagBag from /opt/airflow/dags/ingest_local_folder_dag.py
[2026-03-16T12:37:32.432+0000] {processor.py:839} INFO - DAG(s) dict_keys(['ingestionDAG']) retrieved from /opt/airflow/dags/ingest_local_folder_dag.py
[2026-03-16T12:37:32.519+0000] {logging_mixin.py:151} INFO - [2026-03-16T12:37:32.519+0000] {dag.py:2915} INFO - Sync 1 DAGs
[2026-03-16T12:37:32.577+0000] {logging_mixin.py:151} INFO - [2026-03-16T12:37:32.576+0000] {dag.py:3696} INFO - Setting next_dagrun for ingestionDAG to 2026-03-16T12:37:02.576136+00:00, run_after=2026-03-16T12:37:32.576136+00:00
[2026-03-16T12:37:32.618+0000] {processor.py:179} INFO - Processing /opt/airflow/dags/ingest_local_folder_dag.py took 0.767 seconds
[2026-03-16T12:38:02.895+0000] {processor.py:157} INFO - Started process (PID=355) to work on /opt/airflow/dags/ingest_local_folder_dag.py
[2026-03-16T12:38:02.897+0000] {processor.py:829} INFO - Processing file /opt/airflow/dags/ingest_local_folder_dag.py for tasks to queue
[2026-03-16T12:38:02.899+0000] {logging_mixin.py:151} INFO - [2026-03-16T12:38:02.898+0000] {dagbag.py:539} INFO - Filling up the DagBag from /opt/airflow/dags/ingest_local_folder_dag.py
[2026-03-16T12:38:03.438+0000] {processor.py:839} INFO - DAG(s) dict_keys(['ingestionDAG']) retrieved from /opt/airflow/dags/ingest_local_folder_dag.py
[2026-03-16T12:38:03.524+0000] {logging_mixin.py:151} INFO - [2026-03-16T12:38:03.524+0000] {dag.py:2915} INFO - Sync 1 DAGs
[2026-03-16T12:38:03.583+0000] {logging_mixin.py:151} INFO - [2026-03-16T12:38:03.582+0000] {dag.py:3696} INFO - Setting next_dagrun for ingestionDAG to 2026-03-16T12:37:33.582207+00:00, run_after=2026-03-16T12:38:03.582207+00:00
[2026-03-16T12:38:03.624+0000] {processor.py:179} INFO - Processing /opt/airflow/dags/ingest_local_folder_dag.py took 0.738 seconds
[2026-03-16T12:38:34.342+0000] {processor.py:157} INFO - Started process (PID=373) to work on /opt/airflow/dags/ingest_local_folder_dag.py
[2026-03-16T12:38:34.345+0000] {processor.py:829} INFO - Processing file /opt/airflow/dags/ingest_local_folder_dag.py for tasks to queue
[2026-03-16T12:38:34.347+0000] {logging_mixin.py:151} INFO - [2026-03-16T12:38:34.346+0000] {dagbag.py:539} INFO - Filling up the DagBag from /opt/airflow/dags/ingest_local_folder_dag.py
[2026-03-16T12:38:34.887+0000] {processor.py:839} INFO - DAG(s) dict_keys(['ingestionDAG']) retrieved from /opt/airflow/dags/ingest_local_folder_dag.py
[2026-03-16T12:38:34.973+0000] {logging_mixin.py:151} INFO - [2026-03-16T12:38:34.972+0000] {dag.py:2915} INFO - Sync 1 DAGs
[2026-03-16T12:38:35.034+0000] {logging_mixin.py:151} INFO - [2026-03-16T12:38:35.033+0000] {dag.py:3696} INFO - Setting next_dagrun for ingestionDAG to 2026-03-16T12:38:05.033330+00:00, run_after=2026-03-16T12:38:35.033330+00:00
[2026-03-16T12:38:35.367+0000] {processor.py:179} INFO - Processing /opt/airflow/dags/ingest_local_folder_dag.py took 1.036 seconds
[2026-03-16T12:39:05.612+0000] {processor.py:157} INFO - Started process (PID=391) to work on /opt/airflow/dags/ingest_local_folder_dag.py
[2026-03-16T12:39:05.614+0000] {processor.py:829} INFO - Processing file /opt/airflow/dags/ingest_local_folder_dag.py for tasks to queue
[2026-03-16T12:39:05.617+0000] {logging_mixin.py:151} INFO - [2026-03-16T12:39:05.616+0000] {dagbag.py:539} INFO - Filling up the DagBag from /opt/airflow/dags/ingest_local_folder_dag.py
[2026-03-16T12:39:06.151+0000] {processor.py:839} INFO - DAG(s) dict_keys(['ingestionDAG']) retrieved from /opt/airflow/dags/ingest_local_folder_dag.py
[2026-03-16T12:39:06.237+0000] {logging_mixin.py:151} INFO - [2026-03-16T12:39:06.236+0000] {dag.py:2915} INFO - Sync 1 DAGs
[2026-03-16T12:39:06.586+0000] {logging_mixin.py:151} INFO - [2026-03-16T12:39:06.585+0000] {dag.py:3696} INFO - Setting next_dagrun for ingestionDAG to 2026-03-16T12:38:36.585177+00:00, run_after=2026-03-16T12:39:06.585177+00:00
[2026-03-16T12:39:06.624+0000] {processor.py:179} INFO - Processing /opt/airflow/dags/ingest_local_folder_dag.py took 1.022 seconds
[2026-03-16T12:39:36.900+0000] {processor.py:157} INFO - Started process (PID=409) to work on /opt/airflow/dags/ingest_local_folder_dag.py
[2026-03-16T12:39:36.903+0000] {processor.py:829} INFO - Processing file /opt/airflow/dags/ingest_local_folder_dag.py for tasks to queue
[2026-03-16T12:39:36.905+0000] {logging_mixin.py:151} INFO - [2026-03-16T12:39:36.904+0000] {dagbag.py:539} INFO - Filling up the DagBag from /opt/airflow/dags/ingest_local_folder_dag.py
[2026-03-16T12:39:37.523+0000] {processor.py:839} INFO - DAG(s) dict_keys(['ingestionDAG']) retrieved from /opt/airflow/dags/ingest_local_folder_dag.py
[2026-03-16T12:39:37.617+0000] {logging_mixin.py:151} INFO - [2026-03-16T12:39:37.617+0000] {dag.py:2915} INFO - Sync 1 DAGs
[2026-03-16T12:39:37.679+0000] {logging_mixin.py:151} INFO - [2026-03-16T12:39:37.679+0000] {dag.py:3696} INFO - Setting next_dagrun for ingestionDAG to 2026-03-16T12:39:07.678790+00:00, run_after=2026-03-16T12:39:37.678790+00:00
[2026-03-16T12:39:37.723+0000] {processor.py:179} INFO - Processing /opt/airflow/dags/ingest_local_folder_dag.py took 0.834 seconds
[2026-03-16T12:40:08.433+0000] {processor.py:157} INFO - Started process (PID=427) to work on /opt/airflow/dags/ingest_local_folder_dag.py
[2026-03-16T12:40:08.436+0000] {processor.py:829} INFO - Processing file /opt/airflow/dags/ingest_local_folder_dag.py for tasks to queue
[2026-03-16T12:40:08.438+0000] {logging_mixin.py:151} INFO - [2026-03-16T12:40:08.437+0000] {dagbag.py:539} INFO - Filling up the DagBag from /opt/airflow/dags/ingest_local_folder_dag.py
[2026-03-16T12:40:08.996+0000] {processor.py:839} INFO - DAG(s) dict_keys(['ingestionDAG']) retrieved from /opt/airflow/dags/ingest_local_folder_dag.py
[2026-03-16T12:40:09.092+0000] {logging_mixin.py:151} INFO - [2026-03-16T12:40:09.092+0000] {dag.py:2915} INFO - Sync 1 DAGs
[2026-03-16T12:40:09.149+0000] {logging_mixin.py:151} INFO - [2026-03-16T12:40:09.149+0000] {dag.py:3696} INFO - Setting next_dagrun for ingestionDAG to 2026-03-16T12:39:39.148850+00:00, run_after=2026-03-16T12:40:09.148850+00:00
[2026-03-16T12:40:09.190+0000] {processor.py:179} INFO - Processing /opt/airflow/dags/ingest_local_folder_dag.py took 0.768 seconds
[2026-03-16T12:40:39.285+0000] {processor.py:157} INFO - Started process (PID=445) to work on /opt/airflow/dags/ingest_local_folder_dag.py
[2026-03-16T12:40:39.288+0000] {processor.py:829} INFO - Processing file /opt/airflow/dags/ingest_local_folder_dag.py for tasks to queue
[2026-03-16T12:40:39.290+0000] {logging_mixin.py:151} INFO - [2026-03-16T12:40:39.289+0000] {dagbag.py:539} INFO - Filling up the DagBag from /opt/airflow/dags/ingest_local_folder_dag.py
[2026-03-16T12:40:39.850+0000] {processor.py:839} INFO - DAG(s) dict_keys(['ingestionDAG']) retrieved from /opt/airflow/dags/ingest_local_folder_dag.py
[2026-03-16T12:40:39.946+0000] {logging_mixin.py:151} INFO - [2026-03-16T12:40:39.946+0000] {dag.py:2915} INFO - Sync 1 DAGs
[2026-03-16T12:40:40.010+0000] {logging_mixin.py:151} INFO - [2026-03-16T12:40:40.010+0000] {dag.py:3696} INFO - Setting next_dagrun for ingestionDAG to 2026-03-16T12:40:10.009758+00:00, run_after=2026-03-16T12:40:40.009758+00:00
[2026-03-16T12:40:40.060+0000] {processor.py:179} INFO - Processing /opt/airflow/dags/ingest_local_folder_dag.py took 0.785 seconds
[2026-03-16T12:41:10.325+0000] {processor.py:157} INFO - Started process (PID=463) to work on /opt/airflow/dags/ingest_local_folder_dag.py
[2026-03-16T12:41:10.328+0000] {processor.py:829} INFO - Processing file /opt/airflow/dags/ingest_local_folder_dag.py for tasks to queue
[2026-03-16T12:41:10.330+0000] {logging_mixin.py:151} INFO - [2026-03-16T12:41:10.329+0000] {dagbag.py:539} INFO - Filling up the DagBag from /opt/airflow/dags/ingest_local_folder_dag.py
[2026-03-16T12:41:10.892+0000] {processor.py:839} INFO - DAG(s) dict_keys(['ingestionDAG']) retrieved from /opt/airflow/dags/ingest_local_folder_dag.py
[2026-03-16T12:41:10.987+0000] {logging_mixin.py:151} INFO - [2026-03-16T12:41:10.986+0000] {dag.py:2915} INFO - Sync 1 DAGs
[2026-03-16T12:41:11.369+0000] {logging_mixin.py:151} INFO - [2026-03-16T12:41:11.368+0000] {dag.py:3696} INFO - Setting next_dagrun for ingestionDAG to 2026-03-16T12:40:41.368219+00:00, run_after=2026-03-16T12:41:11.368219+00:00
[2026-03-16T12:41:11.407+0000] {processor.py:179} INFO - Processing /opt/airflow/dags/ingest_local_folder_dag.py took 1.093 seconds
[2026-03-16T12:41:41.580+0000] {processor.py:157} INFO - Started process (PID=481) to work on /opt/airflow/dags/ingest_local_folder_dag.py
[2026-03-16T12:41:41.583+0000] {processor.py:829} INFO - Processing file /opt/airflow/dags/ingest_local_folder_dag.py for tasks to queue
[2026-03-16T12:41:41.585+0000] {logging_mixin.py:151} INFO - [2026-03-16T12:41:41.584+0000] {dagbag.py:539} INFO - Filling up the DagBag from /opt/airflow/dags/ingest_local_folder_dag.py
[2026-03-16T12:41:42.156+0000] {processor.py:839} INFO - DAG(s) dict_keys(['ingestionDAG']) retrieved from /opt/airflow/dags/ingest_local_folder_dag.py
[2026-03-16T12:41:42.247+0000] {logging_mixin.py:151} INFO - [2026-03-16T12:41:42.246+0000] {dag.py:2915} INFO - Sync 1 DAGs
[2026-03-16T12:41:42.304+0000] {logging_mixin.py:151} INFO - [2026-03-16T12:41:42.303+0000] {dag.py:3696} INFO - Setting next_dagrun for ingestionDAG to 2026-03-16T12:41:12.303350+00:00, run_after=2026-03-16T12:41:42.303350+00:00
[2026-03-16T12:41:42.345+0000] {processor.py:179} INFO - Processing /opt/airflow/dags/ingest_local_folder_dag.py took 0.775 seconds
[2026-03-16T12:42:12.620+0000] {processor.py:157} INFO - Started process (PID=499) to work on /opt/airflow/dags/ingest_local_folder_dag.py
[2026-03-16T12:42:12.622+0000] {processor.py:829} INFO - Processing file /opt/airflow/dags/ingest_local_folder_dag.py for tasks to queue
[2026-03-16T12:42:12.625+0000] {logging_mixin.py:151} INFO - [2026-03-16T12:42:12.624+0000] {dagbag.py:539} INFO - Filling up the DagBag from /opt/airflow/dags/ingest_local_folder_dag.py
[2026-03-16T12:42:13.193+0000] {processor.py:839} INFO - DAG(s) dict_keys(['ingestionDAG']) retrieved from /opt/airflow/dags/ingest_local_folder_dag.py
[2026-03-16T12:42:13.283+0000] {logging_mixin.py:151} INFO - [2026-03-16T12:42:13.283+0000] {dag.py:2915} INFO - Sync 1 DAGs
[2026-03-16T12:42:13.341+0000] {logging_mixin.py:151} INFO - [2026-03-16T12:42:13.340+0000] {dag.py:3696} INFO - Setting next_dagrun for ingestionDAG to 2026-03-16T12:41:43.340006+00:00, run_after=2026-03-16T12:42:13.340006+00:00
[2026-03-16T12:42:13.382+0000] {processor.py:179} INFO - Processing /opt/airflow/dags/ingest_local_folder_dag.py took 0.772 seconds
[2026-03-16T12:42:43.598+0000] {processor.py:157} INFO - Started process (PID=517) to work on /opt/airflow/dags/ingest_local_folder_dag.py
[2026-03-16T12:42:43.600+0000] {processor.py:829} INFO - Processing file /opt/airflow/dags/ingest_local_folder_dag.py for tasks to queue
[2026-03-16T12:42:43.602+0000] {logging_mixin.py:151} INFO - [2026-03-16T12:42:43.601+0000] {dagbag.py:539} INFO - Filling up the DagBag from /opt/airflow/dags/ingest_local_folder_dag.py
[2026-03-16T12:42:44.138+0000] {processor.py:839} INFO - DAG(s) dict_keys(['ingestionDAG']) retrieved from /opt/airflow/dags/ingest_local_folder_dag.py
[2026-03-16T12:42:44.223+0000] {logging_mixin.py:151} INFO - [2026-03-16T12:42:44.222+0000] {dag.py:2915} INFO - Sync 1 DAGs
[2026-03-16T12:42:44.280+0000] {logging_mixin.py:151} INFO - [2026-03-16T12:42:44.279+0000] {dag.py:3696} INFO - Setting next_dagrun for ingestionDAG to 2026-03-16T12:42:14.279357+00:00, run_after=2026-03-16T12:42:44.279357+00:00
[2026-03-16T12:42:44.324+0000] {processor.py:179} INFO - Processing /opt/airflow/dags/ingest_local_folder_dag.py took 0.735 seconds
[2026-03-16T12:43:15.058+0000] {processor.py:157} INFO - Started process (PID=535) to work on /opt/airflow/dags/ingest_local_folder_dag.py
[2026-03-16T12:43:15.060+0000] {processor.py:829} INFO - Processing file /opt/airflow/dags/ingest_local_folder_dag.py for tasks to queue
[2026-03-16T12:43:15.063+0000] {logging_mixin.py:151} INFO - [2026-03-16T12:43:15.061+0000] {dagbag.py:539} INFO - Filling up the DagBag from /opt/airflow/dags/ingest_local_folder_dag.py
[2026-03-16T12:43:15.604+0000] {processor.py:839} INFO - DAG(s) dict_keys(['ingestionDAG']) retrieved from /opt/airflow/dags/ingest_local_folder_dag.py
[2026-03-16T12:43:15.700+0000] {logging_mixin.py:151} INFO - [2026-03-16T12:43:15.699+0000] {dag.py:2915} INFO - Sync 1 DAGs
[2026-03-16T12:43:16.075+0000] {logging_mixin.py:151} INFO - [2026-03-16T12:43:16.075+0000] {dag.py:3696} INFO - Setting next_dagrun for ingestionDAG to 2026-03-16T12:42:46.075014+00:00, run_after=2026-03-16T12:43:16.075014+00:00
[2026-03-16T12:43:16.119+0000] {processor.py:179} INFO - Processing /opt/airflow/dags/ingest_local_folder_dag.py took 1.071 seconds
[2026-03-16T12:43:46.380+0000] {processor.py:157} INFO - Started process (PID=553) to work on /opt/airflow/dags/ingest_local_folder_dag.py
[2026-03-16T12:43:46.383+0000] {processor.py:829} INFO - Processing file /opt/airflow/dags/ingest_local_folder_dag.py for tasks to queue
[2026-03-16T12:43:46.385+0000] {logging_mixin.py:151} INFO - [2026-03-16T12:43:46.384+0000] {dagbag.py:539} INFO - Filling up the DagBag from /opt/airflow/dags/ingest_local_folder_dag.py
[2026-03-16T12:43:46.933+0000] {processor.py:839} INFO - DAG(s) dict_keys(['ingestionDAG']) retrieved from /opt/airflow/dags/ingest_local_folder_dag.py
[2026-03-16T12:43:47.332+0000] {logging_mixin.py:151} INFO - [2026-03-16T12:43:47.331+0000] {dag.py:2915} INFO - Sync 1 DAGs
[2026-03-16T12:43:47.385+0000] {logging_mixin.py:151} INFO - [2026-03-16T12:43:47.384+0000] {dag.py:3696} INFO - Setting next_dagrun for ingestionDAG to 2026-03-16T12:43:17.384195+00:00, run_after=2026-03-16T12:43:47.384195+00:00
[2026-03-16T12:43:47.424+0000] {processor.py:179} INFO - Processing /opt/airflow/dags/ingest_local_folder_dag.py took 1.054 seconds
[2026-03-16T12:44:17.660+0000] {processor.py:157} INFO - Started process (PID=571) to work on /opt/airflow/dags/ingest_local_folder_dag.py
[2026-03-16T12:44:17.662+0000] {processor.py:829} INFO - Processing file /opt/airflow/dags/ingest_local_folder_dag.py for tasks to queue
[2026-03-16T12:44:17.665+0000] {logging_mixin.py:151} INFO - [2026-03-16T12:44:17.663+0000] {dagbag.py:539} INFO - Filling up the DagBag from /opt/airflow/dags/ingest_local_folder_dag.py
[2026-03-16T12:44:18.209+0000] {processor.py:839} INFO - DAG(s) dict_keys(['ingestionDAG']) retrieved from /opt/airflow/dags/ingest_local_folder_dag.py
[2026-03-16T12:44:18.295+0000] {logging_mixin.py:151} INFO - [2026-03-16T12:44:18.295+0000] {dag.py:2915} INFO - Sync 1 DAGs
[2026-03-16T12:44:18.352+0000] {logging_mixin.py:151} INFO - [2026-03-16T12:44:18.352+0000] {dag.py:3696} INFO - Setting next_dagrun for ingestionDAG to 2026-03-16T12:43:48.351788+00:00, run_after=2026-03-16T12:44:18.351788+00:00
[2026-03-16T12:44:18.393+0000] {processor.py:179} INFO - Processing /opt/airflow/dags/ingest_local_folder_dag.py took 0.744 seconds
[2026-03-16T12:44:49.140+0000] {processor.py:157} INFO - Started process (PID=589) to work on /opt/airflow/dags/ingest_local_folder_dag.py
[2026-03-16T12:44:49.142+0000] {processor.py:829} INFO - Processing file /opt/airflow/dags/ingest_local_folder_dag.py for tasks to queue
[2026-03-16T12:44:49.145+0000] {logging_mixin.py:151} INFO - [2026-03-16T12:44:49.144+0000] {dagbag.py:539} INFO - Filling up the DagBag from /opt/airflow/dags/ingest_local_folder_dag.py
[2026-03-16T12:44:49.687+0000] {processor.py:839} INFO - DAG(s) dict_keys(['ingestionDAG']) retrieved from /opt/airflow/dags/ingest_local_folder_dag.py
[2026-03-16T12:44:49.773+0000] {logging_mixin.py:151} INFO - [2026-03-16T12:44:49.772+0000] {dag.py:2915} INFO - Sync 1 DAGs
[2026-03-16T12:44:49.831+0000] {logging_mixin.py:151} INFO - [2026-03-16T12:44:49.830+0000] {dag.py:3696} INFO - Setting next_dagrun for ingestionDAG to 2026-03-16T12:44:19.830330+00:00, run_after=2026-03-16T12:44:49.830330+00:00
[2026-03-16T12:44:49.877+0000] {processor.py:179} INFO - Processing /opt/airflow/dags/ingest_local_folder_dag.py took 0.748 seconds
[2026-03-16T12:45:19.989+0000] {processor.py:157} INFO - Started process (PID=607) to work on /opt/airflow/dags/ingest_local_folder_dag.py
[2026-03-16T12:45:19.991+0000] {processor.py:829} INFO - Processing file /opt/airflow/dags/ingest_local_folder_dag.py for tasks to queue
[2026-03-16T12:45:19.994+0000] {logging_mixin.py:151} INFO - [2026-03-16T12:45:19.992+0000] {dagbag.py:539} INFO - Filling up the DagBag from /opt/airflow/dags/ingest_local_folder_dag.py
[2026-03-16T12:45:20.533+0000] {processor.py:839} INFO - DAG(s) dict_keys(['ingestionDAG']) retrieved from /opt/airflow/dags/ingest_local_folder_dag.py
[2026-03-16T12:45:20.624+0000] {logging_mixin.py:151} INFO - [2026-03-16T12:45:20.624+0000] {dag.py:2915} INFO - Sync 1 DAGs
[2026-03-16T12:45:20.986+0000] {logging_mixin.py:151} INFO - [2026-03-16T12:45:20.985+0000] {dag.py:3696} INFO - Setting next_dagrun for ingestionDAG to 2026-03-16T12:44:50.985399+00:00, run_after=2026-03-16T12:45:20.985399+00:00
[2026-03-16T12:45:21.028+0000] {processor.py:179} INFO - Processing /opt/airflow/dags/ingest_local_folder_dag.py took 1.050 seconds
[2026-03-16T12:45:51.277+0000] {processor.py:157} INFO - Started process (PID=625) to work on /opt/airflow/dags/ingest_local_folder_dag.py
[2026-03-16T12:45:51.279+0000] {processor.py:829} INFO - Processing file /opt/airflow/dags/ingest_local_folder_dag.py for tasks to queue
[2026-03-16T12:45:51.281+0000] {logging_mixin.py:151} INFO - [2026-03-16T12:45:51.280+0000] {dagbag.py:539} INFO - Filling up the DagBag from /opt/airflow/dags/ingest_local_folder_dag.py
[2026-03-16T12:45:51.814+0000] {processor.py:839} INFO - DAG(s) dict_keys(['ingestionDAG']) retrieved from /opt/airflow/dags/ingest_local_folder_dag.py
[2026-03-16T12:45:51.900+0000] {logging_mixin.py:151} INFO - [2026-03-16T12:45:51.900+0000] {dag.py:2915} INFO - Sync 1 DAGs
[2026-03-16T12:45:51.958+0000] {logging_mixin.py:151} INFO - [2026-03-16T12:45:51.957+0000] {dag.py:3696} INFO - Setting next_dagrun for ingestionDAG to 2026-03-16T12:45:21.957384+00:00, run_after=2026-03-16T12:45:51.957384+00:00
[2026-03-16T12:45:51.999+0000] {processor.py:179} INFO - Processing /opt/airflow/dags/ingest_local_folder_dag.py took 0.732 seconds
[2026-03-16T12:46:22.727+0000] {processor.py:157} INFO - Started process (PID=643) to work on /opt/airflow/dags/ingest_local_folder_dag.py
[2026-03-16T12:46:22.729+0000] {processor.py:829} INFO - Processing file /opt/airflow/dags/ingest_local_folder_dag.py for tasks to queue
[2026-03-16T12:46:22.731+0000] {logging_mixin.py:151} INFO - [2026-03-16T12:46:22.730+0000] {dagbag.py:539} INFO - Filling up the DagBag from /opt/airflow/dags/ingest_local_folder_dag.py
[2026-03-16T12:46:23.267+0000] {processor.py:839} INFO - DAG(s) dict_keys(['ingestionDAG']) retrieved from /opt/airflow/dags/ingest_local_folder_dag.py
[2026-03-16T12:46:23.353+0000] {logging_mixin.py:151} INFO - [2026-03-16T12:46:23.353+0000] {dag.py:2915} INFO - Sync 1 DAGs
[2026-03-16T12:46:23.410+0000] {logging_mixin.py:151} INFO - [2026-03-16T12:46:23.410+0000] {dag.py:3696} INFO - Setting next_dagrun for ingestionDAG to 2026-03-16T12:45:53.409879+00:00, run_after=2026-03-16T12:46:23.409879+00:00
[2026-03-16T12:46:23.452+0000] {processor.py:179} INFO - Processing /opt/airflow/dags/ingest_local_folder_dag.py took 0.735 seconds
[2026-03-16T12:46:53.601+0000] {processor.py:157} INFO - Started process (PID=659) to work on /opt/airflow/dags/ingest_local_folder_dag.py
[2026-03-16T12:46:53.603+0000] {processor.py:829} INFO - Processing file /opt/airflow/dags/ingest_local_folder_dag.py for tasks to queue
[2026-03-16T12:46:53.605+0000] {logging_mixin.py:151} INFO - [2026-03-16T12:46:53.604+0000] {dagbag.py:539} INFO - Filling up the DagBag from /opt/airflow/dags/ingest_local_folder_dag.py
[2026-03-16T12:46:54.143+0000] {processor.py:839} INFO - DAG(s) dict_keys(['ingestionDAG']) retrieved from /opt/airflow/dags/ingest_local_folder_dag.py
[2026-03-16T12:46:54.231+0000] {logging_mixin.py:151} INFO - [2026-03-16T12:46:54.231+0000] {dag.py:2915} INFO - Sync 1 DAGs
[2026-03-16T12:46:54.582+0000] {logging_mixin.py:151} INFO - [2026-03-16T12:46:54.581+0000] {dag.py:3696} INFO - Setting next_dagrun for ingestionDAG to 2026-03-16T12:46:24.581166+00:00, run_after=2026-03-16T12:46:54.581166+00:00
[2026-03-16T12:46:54.621+0000] {processor.py:179} INFO - Processing /opt/airflow/dags/ingest_local_folder_dag.py took 1.030 seconds
[2026-03-16T12:47:24.896+0000] {processor.py:157} INFO - Started process (PID=676) to work on /opt/airflow/dags/ingest_local_folder_dag.py
[2026-03-16T12:47:24.899+0000] {processor.py:829} INFO - Processing file /opt/airflow/dags/ingest_local_folder_dag.py for tasks to queue
[2026-03-16T12:47:24.901+0000] {logging_mixin.py:151} INFO - [2026-03-16T12:47:24.900+0000] {dagbag.py:539} INFO - Filling up the DagBag from /opt/airflow/dags/ingest_local_folder_dag.py
[2026-03-16T12:47:25.478+0000] {processor.py:839} INFO - DAG(s) dict_keys(['ingestionDAG']) retrieved from /opt/airflow/dags/ingest_local_folder_dag.py
[2026-03-16T12:47:25.877+0000] {logging_mixin.py:151} INFO - [2026-03-16T12:47:25.876+0000] {dag.py:2915} INFO - Sync 1 DAGs
[2026-03-16T12:47:25.934+0000] {logging_mixin.py:151} INFO - [2026-03-16T12:47:25.933+0000] {dag.py:3696} INFO - Setting next_dagrun for ingestionDAG to 2026-03-16T12:46:55.933175+00:00, run_after=2026-03-16T12:47:25.933175+00:00
[2026-03-16T12:47:25.972+0000] {processor.py:179} INFO - Processing /opt/airflow/dags/ingest_local_folder_dag.py took 1.087 seconds
[2026-03-16T12:47:56.240+0000] {processor.py:157} INFO - Started process (PID=691) to work on /opt/airflow/dags/ingest_local_folder_dag.py
[2026-03-16T12:47:56.243+0000] {processor.py:829} INFO - Processing file /opt/airflow/dags/ingest_local_folder_dag.py for tasks to queue
[2026-03-16T12:47:56.245+0000] {logging_mixin.py:151} INFO - [2026-03-16T12:47:56.244+0000] {dagbag.py:539} INFO - Filling up the DagBag from /opt/airflow/dags/ingest_local_folder_dag.py
[2026-03-16T12:47:56.813+0000] {processor.py:839} INFO - DAG(s) dict_keys(['ingestionDAG']) retrieved from /opt/airflow/dags/ingest_local_folder_dag.py
[2026-03-16T12:47:56.904+0000] {logging_mixin.py:151} INFO - [2026-03-16T12:47:56.903+0000] {dag.py:2915} INFO - Sync 1 DAGs
[2026-03-16T12:47:56.961+0000] {logging_mixin.py:151} INFO - [2026-03-16T12:47:56.960+0000] {dag.py:3696} INFO - Setting next_dagrun for ingestionDAG to 2026-03-16T12:47:26.960362+00:00, run_after=2026-03-16T12:47:56.960362+00:00
[2026-03-16T12:47:57.002+0000] {processor.py:179} INFO - Processing /opt/airflow/dags/ingest_local_folder_dag.py took 0.773 seconds
[2026-03-16T12:48:27.102+0000] {processor.py:157} INFO - Started process (PID=709) to work on /opt/airflow/dags/ingest_local_folder_dag.py
[2026-03-16T12:48:27.105+0000] {processor.py:829} INFO - Processing file /opt/airflow/dags/ingest_local_folder_dag.py for tasks to queue
[2026-03-16T12:48:27.107+0000] {logging_mixin.py:151} INFO - [2026-03-16T12:48:27.106+0000] {dagbag.py:539} INFO - Filling up the DagBag from /opt/airflow/dags/ingest_local_folder_dag.py
[2026-03-16T12:48:27.667+0000] {processor.py:839} INFO - DAG(s) dict_keys(['ingestionDAG']) retrieved from /opt/airflow/dags/ingest_local_folder_dag.py
[2026-03-16T12:48:27.765+0000] {logging_mixin.py:151} INFO - [2026-03-16T12:48:27.764+0000] {dag.py:2915} INFO - Sync 1 DAGs
[2026-03-16T12:48:27.829+0000] {logging_mixin.py:151} INFO - [2026-03-16T12:48:27.829+0000] {dag.py:3696} INFO - Setting next_dagrun for ingestionDAG to 2026-03-16T12:47:57.828497+00:00, run_after=2026-03-16T12:48:27.828497+00:00
[2026-03-16T12:48:27.878+0000] {processor.py:179} INFO - Processing /opt/airflow/dags/ingest_local_folder_dag.py took 0.787 seconds
[2026-03-16T12:48:58.142+0000] {processor.py:157} INFO - Started process (PID=727) to work on /opt/airflow/dags/ingest_local_folder_dag.py
[2026-03-16T12:48:58.145+0000] {processor.py:829} INFO - Processing file /opt/airflow/dags/ingest_local_folder_dag.py for tasks to queue
[2026-03-16T12:48:58.147+0000] {logging_mixin.py:151} INFO - [2026-03-16T12:48:58.146+0000] {dagbag.py:539} INFO - Filling up the DagBag from /opt/airflow/dags/ingest_local_folder_dag.py
[2026-03-16T12:48:58.713+0000] {processor.py:839} INFO - DAG(s) dict_keys(['ingestionDAG']) retrieved from /opt/airflow/dags/ingest_local_folder_dag.py
[2026-03-16T12:48:58.809+0000] {logging_mixin.py:151} INFO - [2026-03-16T12:48:58.808+0000] {dag.py:2915} INFO - Sync 1 DAGs
[2026-03-16T12:48:59.182+0000] {logging_mixin.py:151} INFO - [2026-03-16T12:48:59.182+0000] {dag.py:3696} INFO - Setting next_dagrun for ingestionDAG to 2026-03-16T12:48:29.181531+00:00, run_after=2026-03-16T12:48:59.181531+00:00
[2026-03-16T12:48:59.222+0000] {processor.py:179} INFO - Processing /opt/airflow/dags/ingest_local_folder_dag.py took 1.091 seconds
[2026-03-16T12:49:29.502+0000] {processor.py:157} INFO - Started process (PID=745) to work on /opt/airflow/dags/ingest_local_folder_dag.py
[2026-03-16T12:49:29.504+0000] {processor.py:829} INFO - Processing file /opt/airflow/dags/ingest_local_folder_dag.py for tasks to queue
[2026-03-16T12:49:29.507+0000] {logging_mixin.py:151} INFO - [2026-03-16T12:49:29.505+0000] {dagbag.py:539} INFO - Filling up the DagBag from /opt/airflow/dags/ingest_local_folder_dag.py
[2026-03-16T12:49:30.070+0000] {processor.py:839} INFO - DAG(s) dict_keys(['ingestionDAG']) retrieved from /opt/airflow/dags/ingest_local_folder_dag.py
[2026-03-16T12:49:30.463+0000] {logging_mixin.py:151} INFO - [2026-03-16T12:49:30.463+0000] {dag.py:2915} INFO - Sync 1 DAGs
[2026-03-16T12:49:30.515+0000] {logging_mixin.py:151} INFO - [2026-03-16T12:49:30.515+0000] {dag.py:3696} INFO - Setting next_dagrun for ingestionDAG to 2026-03-16T12:49:00.514580+00:00, run_after=2026-03-16T12:49:30.514580+00:00
[2026-03-16T12:49:30.553+0000] {processor.py:179} INFO - Processing /opt/airflow/dags/ingest_local_folder_dag.py took 1.062 seconds
[2026-03-16T12:50:00.822+0000] {processor.py:157} INFO - Started process (PID=763) to work on /opt/airflow/dags/ingest_local_folder_dag.py
[2026-03-16T12:50:00.824+0000] {processor.py:829} INFO - Processing file /opt/airflow/dags/ingest_local_folder_dag.py for tasks to queue
[2026-03-16T12:50:00.827+0000] {logging_mixin.py:151} INFO - [2026-03-16T12:50:00.826+0000] {dagbag.py:539} INFO - Filling up the DagBag from /opt/airflow/dags/ingest_local_folder_dag.py
[2026-03-16T12:50:01.389+0000] {processor.py:839} INFO - DAG(s) dict_keys(['ingestionDAG']) retrieved from /opt/airflow/dags/ingest_local_folder_dag.py
[2026-03-16T12:50:01.484+0000] {logging_mixin.py:151} INFO - [2026-03-16T12:50:01.484+0000] {dag.py:2915} INFO - Sync 1 DAGs
[2026-03-16T12:50:01.543+0000] {logging_mixin.py:151} INFO - [2026-03-16T12:50:01.543+0000] {dag.py:3696} INFO - Setting next_dagrun for ingestionDAG to 2026-03-16T12:49:31.542424+00:00, run_after=2026-03-16T12:50:01.542424+00:00
[2026-03-16T12:50:01.584+0000] {processor.py:179} INFO - Processing /opt/airflow/dags/ingest_local_folder_dag.py took 0.773 seconds
[2026-03-16T12:50:32.233+0000] {processor.py:157} INFO - Started process (PID=781) to work on /opt/airflow/dags/ingest_local_folder_dag.py
[2026-03-16T12:50:32.235+0000] {processor.py:829} INFO - Processing file /opt/airflow/dags/ingest_local_folder_dag.py for tasks to queue
[2026-03-16T12:50:32.238+0000] {logging_mixin.py:151} INFO - [2026-03-16T12:50:32.237+0000] {dagbag.py:539} INFO - Filling up the DagBag from /opt/airflow/dags/ingest_local_folder_dag.py
[2026-03-16T12:50:32.798+0000] {processor.py:839} INFO - DAG(s) dict_keys(['ingestionDAG']) retrieved from /opt/airflow/dags/ingest_local_folder_dag.py
[2026-03-16T12:50:32.894+0000] {logging_mixin.py:151} INFO - [2026-03-16T12:50:32.894+0000] {dag.py:2915} INFO - Sync 1 DAGs
[2026-03-16T12:50:32.958+0000] {logging_mixin.py:151} INFO - [2026-03-16T12:50:32.958+0000] {dag.py:3696} INFO - Setting next_dagrun for ingestionDAG to 2026-03-16T12:50:02.957792+00:00, run_after=2026-03-16T12:50:32.957792+00:00
[2026-03-16T12:50:33.008+0000] {processor.py:179} INFO - Processing /opt/airflow/dags/ingest_local_folder_dag.py took 0.787 seconds
[2026-03-16T12:51:03.306+0000] {processor.py:157} INFO - Started process (PID=799) to work on /opt/airflow/dags/ingest_local_folder_dag.py
[2026-03-16T12:51:03.308+0000] {processor.py:829} INFO - Processing file /opt/airflow/dags/ingest_local_folder_dag.py for tasks to queue
[2026-03-16T12:51:03.310+0000] {logging_mixin.py:151} INFO - [2026-03-16T12:51:03.309+0000] {dagbag.py:539} INFO - Filling up the DagBag from /opt/airflow/dags/ingest_local_folder_dag.py
[2026-03-16T12:51:03.876+0000] {processor.py:839} INFO - DAG(s) dict_keys(['ingestionDAG']) retrieved from /opt/airflow/dags/ingest_local_folder_dag.py
[2026-03-16T12:51:03.973+0000] {logging_mixin.py:151} INFO - [2026-03-16T12:51:03.972+0000] {dag.py:2915} INFO - Sync 1 DAGs
[2026-03-16T12:51:04.343+0000] {logging_mixin.py:151} INFO - [2026-03-16T12:51:04.343+0000] {dag.py:3696} INFO - Setting next_dagrun for ingestionDAG to 2026-03-16T12:50:34.342611+00:00, run_after=2026-03-16T12:51:04.342611+00:00
[2026-03-16T12:51:04.384+0000] {processor.py:179} INFO - Processing /opt/airflow/dags/ingest_local_folder_dag.py took 1.089 seconds
[2026-03-16T12:51:34.531+0000] {processor.py:157} INFO - Started process (PID=817) to work on /opt/airflow/dags/ingest_local_folder_dag.py
[2026-03-16T12:51:34.534+0000] {processor.py:829} INFO - Processing file /opt/airflow/dags/ingest_local_folder_dag.py for tasks to queue
[2026-03-16T12:51:34.536+0000] {logging_mixin.py:151} INFO - [2026-03-16T12:51:34.535+0000] {dagbag.py:539} INFO - Filling up the DagBag from /opt/airflow/dags/ingest_local_folder_dag.py
[2026-03-16T12:51:35.090+0000] {processor.py:839} INFO - DAG(s) dict_keys(['ingestionDAG']) retrieved from /opt/airflow/dags/ingest_local_folder_dag.py
[2026-03-16T12:51:35.481+0000] {logging_mixin.py:151} INFO - [2026-03-16T12:51:35.481+0000] {dag.py:2915} INFO - Sync 1 DAGs
[2026-03-16T12:51:35.532+0000] {logging_mixin.py:151} INFO - [2026-03-16T12:51:35.532+0000] {dag.py:3696} INFO - Setting next_dagrun for ingestionDAG to 2026-03-16T12:51:05.532042+00:00, run_after=2026-03-16T12:51:35.532042+00:00
[2026-03-16T12:51:35.571+0000] {processor.py:179} INFO - Processing /opt/airflow/dags/ingest_local_folder_dag.py took 1.051 seconds
[2026-03-16T12:52:05.768+0000] {processor.py:157} INFO - Started process (PID=835) to work on /opt/airflow/dags/ingest_local_folder_dag.py
[2026-03-16T12:52:05.771+0000] {processor.py:829} INFO - Processing file /opt/airflow/dags/ingest_local_folder_dag.py for tasks to queue
[2026-03-16T12:52:05.773+0000] {logging_mixin.py:151} INFO - [2026-03-16T12:52:05.772+0000] {dagbag.py:539} INFO - Filling up the DagBag from /opt/airflow/dags/ingest_local_folder_dag.py
[2026-03-16T12:52:06.326+0000] {processor.py:839} INFO - DAG(s) dict_keys(['ingestionDAG']) retrieved from /opt/airflow/dags/ingest_local_folder_dag.py
[2026-03-16T12:52:06.420+0000] {logging_mixin.py:151} INFO - [2026-03-16T12:52:06.419+0000] {dag.py:2915} INFO - Sync 1 DAGs
[2026-03-16T12:52:06.485+0000] {logging_mixin.py:151} INFO - [2026-03-16T12:52:06.485+0000] {dag.py:3696} INFO - Setting next_dagrun for ingestionDAG to 2026-03-16T12:51:36.484435+00:00, run_after=2026-03-16T12:52:06.484435+00:00
[2026-03-16T12:52:06.531+0000] {processor.py:179} INFO - Processing /opt/airflow/dags/ingest_local_folder_dag.py took 0.774 seconds
[2026-03-16T12:52:37.279+0000] {processor.py:157} INFO - Started process (PID=853) to work on /opt/airflow/dags/ingest_local_folder_dag.py
[2026-03-16T12:52:37.282+0000] {processor.py:829} INFO - Processing file /opt/airflow/dags/ingest_local_folder_dag.py for tasks to queue
[2026-03-16T12:52:37.284+0000] {logging_mixin.py:151} INFO - [2026-03-16T12:52:37.283+0000] {dagbag.py:539} INFO - Filling up the DagBag from /opt/airflow/dags/ingest_local_folder_dag.py
[2026-03-16T12:52:37.846+0000] {processor.py:839} INFO - DAG(s) dict_keys(['ingestionDAG']) retrieved from /opt/airflow/dags/ingest_local_folder_dag.py
[2026-03-16T12:52:37.940+0000] {logging_mixin.py:151} INFO - [2026-03-16T12:52:37.940+0000] {dag.py:2915} INFO - Sync 1 DAGs
[2026-03-16T12:52:38.008+0000] {logging_mixin.py:151} INFO - [2026-03-16T12:52:38.007+0000] {dag.py:3696} INFO - Setting next_dagrun for ingestionDAG to 2026-03-16T12:52:08.007317+00:00, run_after=2026-03-16T12:52:38.007317+00:00
[2026-03-16T12:52:38.364+0000] {processor.py:179} INFO - Processing /opt/airflow/dags/ingest_local_folder_dag.py took 1.096 seconds
[2026-03-16T12:53:08.651+0000] {processor.py:157} INFO - Started process (PID=871) to work on /opt/airflow/dags/ingest_local_folder_dag.py
[2026-03-16T12:53:08.653+0000] {processor.py:829} INFO - Processing file /opt/airflow/dags/ingest_local_folder_dag.py for tasks to queue
[2026-03-16T12:53:08.655+0000] {logging_mixin.py:151} INFO - [2026-03-16T12:53:08.654+0000] {dagbag.py:539} INFO - Filling up the DagBag from /opt/airflow/dags/ingest_local_folder_dag.py
[2026-03-16T12:53:09.216+0000] {processor.py:839} INFO - DAG(s) dict_keys(['ingestionDAG']) retrieved from /opt/airflow/dags/ingest_local_folder_dag.py
[2026-03-16T12:53:09.303+0000] {logging_mixin.py:151} INFO - [2026-03-16T12:53:09.303+0000] {dag.py:2915} INFO - Sync 1 DAGs
[2026-03-16T12:53:09.661+0000] {logging_mixin.py:151} INFO - [2026-03-16T12:53:09.660+0000] {dag.py:3696} INFO - Setting next_dagrun for ingestionDAG to 2026-03-16T12:52:39.660249+00:00, run_after=2026-03-16T12:53:09.660249+00:00
[2026-03-16T12:53:09.699+0000] {processor.py:179} INFO - Processing /opt/airflow/dags/ingest_local_folder_dag.py took 1.059 seconds
[2026-03-16T12:53:40.018+0000] {processor.py:157} INFO - Started process (PID=889) to work on /opt/airflow/dags/ingest_local_folder_dag.py
[2026-03-16T12:53:40.021+0000] {processor.py:829} INFO - Processing file /opt/airflow/dags/ingest_local_folder_dag.py for tasks to queue
[2026-03-16T12:53:40.023+0000] {logging_mixin.py:151} INFO - [2026-03-16T12:53:40.022+0000] {dagbag.py:539} INFO - Filling up the DagBag from /opt/airflow/dags/ingest_local_folder_dag.py
[2026-03-16T12:53:40.910+0000] {processor.py:839} INFO - DAG(s) dict_keys(['ingestionDAG']) retrieved from /opt/airflow/dags/ingest_local_folder_dag.py
[2026-03-16T12:53:40.989+0000] {logging_mixin.py:151} INFO - [2026-03-16T12:53:40.988+0000] {dag.py:2915} INFO - Sync 1 DAGs
[2026-03-16T12:53:41.040+0000] {logging_mixin.py:151} INFO - [2026-03-16T12:53:41.039+0000] {dag.py:3696} INFO - Setting next_dagrun for ingestionDAG to 2026-03-16T12:53:11.039347+00:00, run_after=2026-03-16T12:53:41.039347+00:00
[2026-03-16T12:53:41.078+0000] {processor.py:179} INFO - Processing /opt/airflow/dags/ingest_local_folder_dag.py took 1.070 seconds
[2026-03-16T12:54:11.338+0000] {processor.py:157} INFO - Started process (PID=907) to work on /opt/airflow/dags/ingest_local_folder_dag.py
[2026-03-16T12:54:11.340+0000] {processor.py:829} INFO - Processing file /opt/airflow/dags/ingest_local_folder_dag.py for tasks to queue
[2026-03-16T12:54:11.343+0000] {logging_mixin.py:151} INFO - [2026-03-16T12:54:11.342+0000] {dagbag.py:539} INFO - Filling up the DagBag from /opt/airflow/dags/ingest_local_folder_dag.py
[2026-03-16T12:54:11.902+0000] {processor.py:839} INFO - DAG(s) dict_keys(['ingestionDAG']) retrieved from /opt/airflow/dags/ingest_local_folder_dag.py
[2026-03-16T12:54:11.988+0000] {logging_mixin.py:151} INFO - [2026-03-16T12:54:11.988+0000] {dag.py:2915} INFO - Sync 1 DAGs
[2026-03-16T12:54:12.046+0000] {logging_mixin.py:151} INFO - [2026-03-16T12:54:12.045+0000] {dag.py:3696} INFO - Setting next_dagrun for ingestionDAG to 2026-03-16T12:53:42.045169+00:00, run_after=2026-03-16T12:54:12.045169+00:00
[2026-03-16T12:54:12.087+0000] {processor.py:179} INFO - Processing /opt/airflow/dags/ingest_local_folder_dag.py took 0.760 seconds
[2026-03-16T12:54:42.774+0000] {processor.py:157} INFO - Started process (PID=925) to work on /opt/airflow/dags/ingest_local_folder_dag.py
[2026-03-16T12:54:42.777+0000] {processor.py:829} INFO - Processing file /opt/airflow/dags/ingest_local_folder_dag.py for tasks to queue
[2026-03-16T12:54:42.779+0000] {logging_mixin.py:151} INFO - [2026-03-16T12:54:42.778+0000] {dagbag.py:539} INFO - Filling up the DagBag from /opt/airflow/dags/ingest_local_folder_dag.py
[2026-03-16T12:54:43.338+0000] {processor.py:839} INFO - DAG(s) dict_keys(['ingestionDAG']) retrieved from /opt/airflow/dags/ingest_local_folder_dag.py
[2026-03-16T12:54:43.424+0000] {logging_mixin.py:151} INFO - [2026-03-16T12:54:43.424+0000] {dag.py:2915} INFO - Sync 1 DAGs
[2026-03-16T12:54:43.784+0000] {logging_mixin.py:151} INFO - [2026-03-16T12:54:43.784+0000] {dag.py:3696} INFO - Setting next_dagrun for ingestionDAG to 2026-03-16T12:54:13.783800+00:00, run_after=2026-03-16T12:54:43.783800+00:00
[2026-03-16T12:54:43.826+0000] {processor.py:179} INFO - Processing /opt/airflow/dags/ingest_local_folder_dag.py took 1.063 seconds
[2026-03-16T12:55:14.105+0000] {processor.py:157} INFO - Started process (PID=943) to work on /opt/airflow/dags/ingest_local_folder_dag.py
[2026-03-16T12:55:14.107+0000] {processor.py:829} INFO - Processing file /opt/airflow/dags/ingest_local_folder_dag.py for tasks to queue
[2026-03-16T12:55:14.110+0000] {logging_mixin.py:151} INFO - [2026-03-16T12:55:14.109+0000] {dagbag.py:539} INFO - Filling up the DagBag from /opt/airflow/dags/ingest_local_folder_dag.py
[2026-03-16T12:55:14.671+0000] {processor.py:839} INFO - DAG(s) dict_keys(['ingestionDAG']) retrieved from /opt/airflow/dags/ingest_local_folder_dag.py
[2026-03-16T12:55:15.084+0000] {logging_mixin.py:151} INFO - [2026-03-16T12:55:15.084+0000] {dag.py:2915} INFO - Sync 1 DAGs
[2026-03-16T12:55:15.141+0000] {logging_mixin.py:151} INFO - [2026-03-16T12:55:15.140+0000] {dag.py:3696} INFO - Setting next_dagrun for ingestionDAG to 2026-03-16T12:54:45.140335+00:00, run_after=2026-03-16T12:55:15.140335+00:00
[2026-03-16T12:55:15.180+0000] {processor.py:179} INFO - Processing /opt/airflow/dags/ingest_local_folder_dag.py took 1.085 seconds
[2026-03-16T12:55:45.444+0000] {processor.py:157} INFO - Started process (PID=961) to work on /opt/airflow/dags/ingest_local_folder_dag.py
[2026-03-16T12:55:45.446+0000] {processor.py:829} INFO - Processing file /opt/airflow/dags/ingest_local_folder_dag.py for tasks to queue
[2026-03-16T12:55:45.449+0000] {logging_mixin.py:151} INFO - [2026-03-16T12:55:45.448+0000] {dagbag.py:539} INFO - Filling up the DagBag from /opt/airflow/dags/ingest_local_folder_dag.py
[2026-03-16T12:55:46.315+0000] {processor.py:839} INFO - DAG(s) dict_keys(['ingestionDAG']) retrieved from /opt/airflow/dags/ingest_local_folder_dag.py
[2026-03-16T12:55:46.394+0000] {logging_mixin.py:151} INFO - [2026-03-16T12:55:46.393+0000] {dag.py:2915} INFO - Sync 1 DAGs
[2026-03-16T12:55:46.445+0000] {logging_mixin.py:151} INFO - [2026-03-16T12:55:46.444+0000] {dag.py:3696} INFO - Setting next_dagrun for ingestionDAG to 2026-03-16T12:55:16.444221+00:00, run_after=2026-03-16T12:55:46.444221+00:00
[2026-03-16T12:55:46.483+0000] {processor.py:179} INFO - Processing /opt/airflow/dags/ingest_local_folder_dag.py took 1.051 seconds
[2026-03-16T12:56:16.750+0000] {processor.py:157} INFO - Started process (PID=979) to work on /opt/airflow/dags/ingest_local_folder_dag.py
[2026-03-16T12:56:16.752+0000] {processor.py:829} INFO - Processing file /opt/airflow/dags/ingest_local_folder_dag.py for tasks to queue
[2026-03-16T12:56:16.755+0000] {logging_mixin.py:151} INFO - [2026-03-16T12:56:16.753+0000] {dagbag.py:539} INFO - Filling up the DagBag from /opt/airflow/dags/ingest_local_folder_dag.py
[2026-03-16T12:56:17.650+0000] {processor.py:839} INFO - DAG(s) dict_keys(['ingestionDAG']) retrieved from /opt/airflow/dags/ingest_local_folder_dag.py
[2026-03-16T12:56:17.725+0000] {logging_mixin.py:151} INFO - [2026-03-16T12:56:17.725+0000] {dag.py:2915} INFO - Sync 1 DAGs
[2026-03-16T12:56:17.776+0000] {logging_mixin.py:151} INFO - [2026-03-16T12:56:17.776+0000] {dag.py:3696} INFO - Setting next_dagrun for ingestionDAG to 2026-03-16T12:55:47.775695+00:00, run_after=2026-03-16T12:56:17.775695+00:00
[2026-03-16T12:56:17.818+0000] {processor.py:179} INFO - Processing /opt/airflow/dags/ingest_local_folder_dag.py took 1.079 seconds
[2026-03-16T12:56:48.081+0000] {processor.py:157} INFO - Started process (PID=997) to work on /opt/airflow/dags/ingest_local_folder_dag.py
[2026-03-16T12:56:48.084+0000] {processor.py:829} INFO - Processing file /opt/airflow/dags/ingest_local_folder_dag.py for tasks to queue
[2026-03-16T12:56:48.086+0000] {logging_mixin.py:151} INFO - [2026-03-16T12:56:48.085+0000] {dagbag.py:539} INFO - Filling up the DagBag from /opt/airflow/dags/ingest_local_folder_dag.py
[2026-03-16T12:56:48.648+0000] {processor.py:839} INFO - DAG(s) dict_keys(['ingestionDAG']) retrieved from /opt/airflow/dags/ingest_local_folder_dag.py
[2026-03-16T12:56:48.743+0000] {logging_mixin.py:151} INFO - [2026-03-16T12:56:48.743+0000] {dag.py:2915} INFO - Sync 1 DAGs
[2026-03-16T12:56:49.129+0000] {logging_mixin.py:151} INFO - [2026-03-16T12:56:49.129+0000] {dag.py:3696} INFO - Setting next_dagrun for ingestionDAG to 2026-03-16T12:56:19.128739+00:00, run_after=2026-03-16T12:56:49.128739+00:00
[2026-03-16T12:56:49.173+0000] {processor.py:179} INFO - Processing /opt/airflow/dags/ingest_local_folder_dag.py took 1.102 seconds
[2026-03-16T12:57:19.465+0000] {processor.py:157} INFO - Started process (PID=1018) to work on /opt/airflow/dags/ingest_local_folder_dag.py
[2026-03-16T12:57:19.467+0000] {processor.py:829} INFO - Processing file /opt/airflow/dags/ingest_local_folder_dag.py for tasks to queue
[2026-03-16T12:57:19.470+0000] {logging_mixin.py:151} INFO - [2026-03-16T12:57:19.468+0000] {dagbag.py:539} INFO - Filling up the DagBag from /opt/airflow/dags/ingest_local_folder_dag.py
[2026-03-16T12:57:20.039+0000] {processor.py:839} INFO - DAG(s) dict_keys(['ingestionDAG']) retrieved from /opt/airflow/dags/ingest_local_folder_dag.py
[2026-03-16T12:57:20.430+0000] {logging_mixin.py:151} INFO - [2026-03-16T12:57:20.429+0000] {dag.py:2915} INFO - Sync 1 DAGs
[2026-03-16T12:57:20.483+0000] {logging_mixin.py:151} INFO - [2026-03-16T12:57:20.482+0000] {dag.py:3696} INFO - Setting next_dagrun for ingestionDAG to 2026-03-16T12:56:50.482414+00:00, run_after=2026-03-16T12:57:20.482414+00:00
[2026-03-16T12:57:20.521+0000] {processor.py:179} INFO - Processing /opt/airflow/dags/ingest_local_folder_dag.py took 1.067 seconds
[2026-03-16T12:57:50.969+0000] {processor.py:157} INFO - Started process (PID=1038) to work on /opt/airflow/dags/ingest_local_folder_dag.py
[2026-03-16T12:57:50.972+0000] {processor.py:829} INFO - Processing file /opt/airflow/dags/ingest_local_folder_dag.py for tasks to queue
[2026-03-16T12:57:50.975+0000] {logging_mixin.py:151} INFO - [2026-03-16T12:57:50.973+0000] {dagbag.py:539} INFO - Filling up the DagBag from /opt/airflow/dags/ingest_local_folder_dag.py
[2026-03-16T12:57:51.849+0000] {processor.py:839} INFO - DAG(s) dict_keys(['ingestionDAG']) retrieved from /opt/airflow/dags/ingest_local_folder_dag.py
[2026-03-16T12:57:51.927+0000] {logging_mixin.py:151} INFO - [2026-03-16T12:57:51.926+0000] {dag.py:2915} INFO - Sync 1 DAGs
[2026-03-16T12:57:51.978+0000] {logging_mixin.py:151} INFO - [2026-03-16T12:57:51.977+0000] {dag.py:3696} INFO - Setting next_dagrun for ingestionDAG to 2026-03-16T12:57:21.977238+00:00, run_after=2026-03-16T12:57:51.977238+00:00
[2026-03-16T12:57:52.016+0000] {processor.py:179} INFO - Processing /opt/airflow/dags/ingest_local_folder_dag.py took 1.058 seconds
[2026-03-16T12:58:22.279+0000] {processor.py:157} INFO - Started process (PID=1056) to work on /opt/airflow/dags/ingest_local_folder_dag.py
[2026-03-16T12:58:22.282+0000] {processor.py:829} INFO - Processing file /opt/airflow/dags/ingest_local_folder_dag.py for tasks to queue
[2026-03-16T12:58:22.284+0000] {logging_mixin.py:151} INFO - [2026-03-16T12:58:22.283+0000] {dagbag.py:539} INFO - Filling up the DagBag from /opt/airflow/dags/ingest_local_folder_dag.py
[2026-03-16T12:58:23.159+0000] {processor.py:839} INFO - DAG(s) dict_keys(['ingestionDAG']) retrieved from /opt/airflow/dags/ingest_local_folder_dag.py
[2026-03-16T12:58:23.234+0000] {logging_mixin.py:151} INFO - [2026-03-16T12:58:23.234+0000] {dag.py:2915} INFO - Sync 1 DAGs
[2026-03-16T12:58:23.285+0000] {logging_mixin.py:151} INFO - [2026-03-16T12:58:23.284+0000] {dag.py:3696} INFO - Setting next_dagrun for ingestionDAG to 2026-03-16T12:57:53.284393+00:00, run_after=2026-03-16T12:58:23.284393+00:00
[2026-03-16T12:58:23.327+0000] {processor.py:179} INFO - Processing /opt/airflow/dags/ingest_local_folder_dag.py took 1.058 seconds
[2026-03-16T12:58:53.600+0000] {processor.py:157} INFO - Started process (PID=1074) to work on /opt/airflow/dags/ingest_local_folder_dag.py
[2026-03-16T12:58:53.602+0000] {processor.py:829} INFO - Processing file /opt/airflow/dags/ingest_local_folder_dag.py for tasks to queue
[2026-03-16T12:58:53.604+0000] {logging_mixin.py:151} INFO - [2026-03-16T12:58:53.603+0000] {dagbag.py:539} INFO - Filling up the DagBag from /opt/airflow/dags/ingest_local_folder_dag.py
[2026-03-16T12:58:54.471+0000] {processor.py:839} INFO - DAG(s) dict_keys(['ingestionDAG']) retrieved from /opt/airflow/dags/ingest_local_folder_dag.py
[2026-03-16T12:58:54.546+0000] {logging_mixin.py:151} INFO - [2026-03-16T12:58:54.546+0000] {dag.py:2915} INFO - Sync 1 DAGs
[2026-03-16T12:58:54.600+0000] {logging_mixin.py:151} INFO - [2026-03-16T12:58:54.599+0000] {dag.py:3696} INFO - Setting next_dagrun for ingestionDAG to 2026-03-16T12:58:24.599191+00:00, run_after=2026-03-16T12:58:54.599191+00:00
[2026-03-16T12:58:54.638+0000] {processor.py:179} INFO - Processing /opt/airflow/dags/ingest_local_folder_dag.py took 1.050 seconds
[2026-03-16T12:59:24.898+0000] {processor.py:157} INFO - Started process (PID=1092) to work on /opt/airflow/dags/ingest_local_folder_dag.py
[2026-03-16T12:59:24.901+0000] {processor.py:829} INFO - Processing file /opt/airflow/dags/ingest_local_folder_dag.py for tasks to queue
[2026-03-16T12:59:24.903+0000] {logging_mixin.py:151} INFO - [2026-03-16T12:59:24.902+0000] {dagbag.py:539} INFO - Filling up the DagBag from /opt/airflow/dags/ingest_local_folder_dag.py
[2026-03-16T12:59:25.443+0000] {processor.py:839} INFO - DAG(s) dict_keys(['ingestionDAG']) retrieved from /opt/airflow/dags/ingest_local_folder_dag.py
[2026-03-16T12:59:25.855+0000] {logging_mixin.py:151} INFO - [2026-03-16T12:59:25.855+0000] {dag.py:2915} INFO - Sync 1 DAGs
[2026-03-16T12:59:25.906+0000] {logging_mixin.py:151} INFO - [2026-03-16T12:59:25.906+0000] {dag.py:3696} INFO - Setting next_dagrun for ingestionDAG to 2026-03-16T12:58:55.905799+00:00, run_after=2026-03-16T12:59:25.905799+00:00
[2026-03-16T12:59:25.945+0000] {processor.py:179} INFO - Processing /opt/airflow/dags/ingest_local_folder_dag.py took 1.058 seconds
[2026-03-16T12:59:56.209+0000] {processor.py:157} INFO - Started process (PID=1110) to work on /opt/airflow/dags/ingest_local_folder_dag.py
[2026-03-16T12:59:56.211+0000] {processor.py:829} INFO - Processing file /opt/airflow/dags/ingest_local_folder_dag.py for tasks to queue
[2026-03-16T12:59:56.214+0000] {logging_mixin.py:151} INFO - [2026-03-16T12:59:56.213+0000] {dagbag.py:539} INFO - Filling up the DagBag from /opt/airflow/dags/ingest_local_folder_dag.py
[2026-03-16T12:59:57.064+0000] {processor.py:839} INFO - DAG(s) dict_keys(['ingestionDAG']) retrieved from /opt/airflow/dags/ingest_local_folder_dag.py
[2026-03-16T12:59:57.139+0000] {logging_mixin.py:151} INFO - [2026-03-16T12:59:57.139+0000] {dag.py:2915} INFO - Sync 1 DAGs
[2026-03-16T12:59:57.191+0000] {logging_mixin.py:151} INFO - [2026-03-16T12:59:57.190+0000] {dag.py:3696} INFO - Setting next_dagrun for ingestionDAG to 2026-03-16T12:59:27.190173+00:00, run_after=2026-03-16T12:59:57.190173+00:00
[2026-03-16T12:59:57.232+0000] {processor.py:179} INFO - Processing /opt/airflow/dags/ingest_local_folder_dag.py took 1.035 seconds
[2026-03-16T13:00:27.413+0000] {processor.py:157} INFO - Started process (PID=1128) to work on /opt/airflow/dags/ingest_local_folder_dag.py
[2026-03-16T13:00:27.416+0000] {processor.py:829} INFO - Processing file /opt/airflow/dags/ingest_local_folder_dag.py for tasks to queue
[2026-03-16T13:00:27.418+0000] {logging_mixin.py:151} INFO - [2026-03-16T13:00:27.417+0000] {dagbag.py:539} INFO - Filling up the DagBag from /opt/airflow/dags/ingest_local_folder_dag.py
[2026-03-16T13:00:28.279+0000] {processor.py:839} INFO - DAG(s) dict_keys(['ingestionDAG']) retrieved from /opt/airflow/dags/ingest_local_folder_dag.py
[2026-03-16T13:00:28.355+0000] {logging_mixin.py:151} INFO - [2026-03-16T13:00:28.354+0000] {dag.py:2915} INFO - Sync 1 DAGs
[2026-03-16T13:00:28.408+0000] {logging_mixin.py:151} INFO - [2026-03-16T13:00:28.408+0000] {dag.py:3696} INFO - Setting next_dagrun for ingestionDAG to 2026-03-16T12:59:58.407717+00:00, run_after=2026-03-16T13:00:28.407717+00:00
[2026-03-16T13:00:28.447+0000] {processor.py:179} INFO - Processing /opt/airflow/dags/ingest_local_folder_dag.py took 1.045 seconds
[2026-03-16T13:00:58.656+0000] {processor.py:157} INFO - Started process (PID=1146) to work on /opt/airflow/dags/ingest_local_folder_dag.py
[2026-03-16T13:00:58.658+0000] {processor.py:829} INFO - Processing file /opt/airflow/dags/ingest_local_folder_dag.py for tasks to queue
[2026-03-16T13:00:58.661+0000] {logging_mixin.py:151} INFO - [2026-03-16T13:00:58.660+0000] {dagbag.py:539} INFO - Filling up the DagBag from /opt/airflow/dags/ingest_local_folder_dag.py
[2026-03-16T13:00:59.198+0000] {processor.py:839} INFO - DAG(s) dict_keys(['ingestionDAG']) retrieved from /opt/airflow/dags/ingest_local_folder_dag.py
[2026-03-16T13:00:59.588+0000] {logging_mixin.py:151} INFO - [2026-03-16T13:00:59.588+0000] {dag.py:2915} INFO - Sync 1 DAGs
[2026-03-16T13:00:59.641+0000] {logging_mixin.py:151} INFO - [2026-03-16T13:00:59.641+0000] {dag.py:3696} INFO - Setting next_dagrun for ingestionDAG to 2026-03-16T13:00:29.640689+00:00, run_after=2026-03-16T13:00:59.640689+00:00
[2026-03-16T13:00:59.680+0000] {processor.py:179} INFO - Processing /opt/airflow/dags/ingest_local_folder_dag.py took 1.034 seconds
[2026-03-16T13:01:29.922+0000] {processor.py:157} INFO - Started process (PID=1164) to work on /opt/airflow/dags/ingest_local_folder_dag.py
[2026-03-16T13:01:29.925+0000] {processor.py:829} INFO - Processing file /opt/airflow/dags/ingest_local_folder_dag.py for tasks to queue
[2026-03-16T13:01:29.927+0000] {logging_mixin.py:151} INFO - [2026-03-16T13:01:29.926+0000] {dagbag.py:539} INFO - Filling up the DagBag from /opt/airflow/dags/ingest_local_folder_dag.py
[2026-03-16T13:01:30.772+0000] {processor.py:839} INFO - DAG(s) dict_keys(['ingestionDAG']) retrieved from /opt/airflow/dags/ingest_local_folder_dag.py
[2026-03-16T13:01:30.852+0000] {logging_mixin.py:151} INFO - [2026-03-16T13:01:30.852+0000] {dag.py:2915} INFO - Sync 1 DAGs
[2026-03-16T13:01:30.904+0000] {logging_mixin.py:151} INFO - [2026-03-16T13:01:30.904+0000] {dag.py:3696} INFO - Setting next_dagrun for ingestionDAG to 2026-03-16T13:01:00.903797+00:00, run_after=2026-03-16T13:01:30.903797+00:00
[2026-03-16T13:01:30.943+0000] {processor.py:179} INFO - Processing /opt/airflow/dags/ingest_local_folder_dag.py took 1.031 seconds
[2026-03-16T13:02:01.173+0000] {processor.py:157} INFO - Started process (PID=1182) to work on /opt/airflow/dags/ingest_local_folder_dag.py
[2026-03-16T13:02:01.175+0000] {processor.py:829} INFO - Processing file /opt/airflow/dags/ingest_local_folder_dag.py for tasks to queue
[2026-03-16T13:02:01.177+0000] {logging_mixin.py:151} INFO - [2026-03-16T13:02:01.176+0000] {dagbag.py:539} INFO - Filling up the DagBag from /opt/airflow/dags/ingest_local_folder_dag.py
[2026-03-16T13:02:02.020+0000] {processor.py:839} INFO - DAG(s) dict_keys(['ingestionDAG']) retrieved from /opt/airflow/dags/ingest_local_folder_dag.py
[2026-03-16T13:02:02.095+0000] {logging_mixin.py:151} INFO - [2026-03-16T13:02:02.095+0000] {dag.py:2915} INFO - Sync 1 DAGs
[2026-03-16T13:02:02.146+0000] {logging_mixin.py:151} INFO - [2026-03-16T13:02:02.146+0000] {dag.py:3696} INFO - Setting next_dagrun for ingestionDAG to 2026-03-16T13:01:32.145997+00:00, run_after=2026-03-16T13:02:02.145997+00:00
[2026-03-16T13:02:02.188+0000] {processor.py:179} INFO - Processing /opt/airflow/dags/ingest_local_folder_dag.py took 1.025 seconds
[2026-03-16T13:02:32.412+0000] {processor.py:157} INFO - Started process (PID=1200) to work on /opt/airflow/dags/ingest_local_folder_dag.py
[2026-03-16T13:02:32.414+0000] {processor.py:829} INFO - Processing file /opt/airflow/dags/ingest_local_folder_dag.py for tasks to queue
[2026-03-16T13:02:32.416+0000] {logging_mixin.py:151} INFO - [2026-03-16T13:02:32.415+0000] {dagbag.py:539} INFO - Filling up the DagBag from /opt/airflow/dags/ingest_local_folder_dag.py
[2026-03-16T13:02:33.250+0000] {processor.py:839} INFO - DAG(s) dict_keys(['ingestionDAG']) retrieved from /opt/airflow/dags/ingest_local_folder_dag.py
[2026-03-16T13:02:33.326+0000] {logging_mixin.py:151} INFO - [2026-03-16T13:02:33.325+0000] {dag.py:2915} INFO - Sync 1 DAGs
[2026-03-16T13:02:33.378+0000] {logging_mixin.py:151} INFO - [2026-03-16T13:02:33.378+0000] {dag.py:3696} INFO - Setting next_dagrun for ingestionDAG to 2026-03-16T13:02:03.378045+00:00, run_after=2026-03-16T13:02:33.378045+00:00
[2026-03-16T13:02:33.418+0000] {processor.py:179} INFO - Processing /opt/airflow/dags/ingest_local_folder_dag.py took 1.015 seconds
[2026-03-16T13:03:03.692+0000] {processor.py:157} INFO - Started process (PID=1216) to work on /opt/airflow/dags/ingest_local_folder_dag.py
[2026-03-16T13:03:03.694+0000] {processor.py:829} INFO - Processing file /opt/airflow/dags/ingest_local_folder_dag.py for tasks to queue
[2026-03-16T13:03:03.697+0000] {logging_mixin.py:151} INFO - [2026-03-16T13:03:03.696+0000] {dagbag.py:539} INFO - Filling up the DagBag from /opt/airflow/dags/ingest_local_folder_dag.py
[2026-03-16T13:03:04.236+0000] {processor.py:839} INFO - DAG(s) dict_keys(['ingestionDAG']) retrieved from /opt/airflow/dags/ingest_local_folder_dag.py
[2026-03-16T13:03:04.621+0000] {logging_mixin.py:151} INFO - [2026-03-16T13:03:04.621+0000] {dag.py:2915} INFO - Sync 1 DAGs
[2026-03-16T13:03:04.674+0000] {logging_mixin.py:151} INFO - [2026-03-16T13:03:04.673+0000] {dag.py:3696} INFO - Setting next_dagrun for ingestionDAG to 2026-03-16T13:02:34.673362+00:00, run_after=2026-03-16T13:03:04.673362+00:00
[2026-03-16T13:03:04.714+0000] {processor.py:179} INFO - Processing /opt/airflow/dags/ingest_local_folder_dag.py took 1.033 seconds
[2026-03-16T13:03:35.033+0000] {processor.py:157} INFO - Started process (PID=1233) to work on /opt/airflow/dags/ingest_local_folder_dag.py
[2026-03-16T13:03:35.035+0000] {processor.py:829} INFO - Processing file /opt/airflow/dags/ingest_local_folder_dag.py for tasks to queue
[2026-03-16T13:03:35.037+0000] {logging_mixin.py:151} INFO - [2026-03-16T13:03:35.036+0000] {dagbag.py:539} INFO - Filling up the DagBag from /opt/airflow/dags/ingest_local_folder_dag.py
[2026-03-16T13:03:35.917+0000] {processor.py:839} INFO - DAG(s) dict_keys(['ingestionDAG']) retrieved from /opt/airflow/dags/ingest_local_folder_dag.py
[2026-03-16T13:03:36.003+0000] {logging_mixin.py:151} INFO - [2026-03-16T13:03:36.002+0000] {dag.py:2915} INFO - Sync 1 DAGs
[2026-03-16T13:03:36.056+0000] {logging_mixin.py:151} INFO - [2026-03-16T13:03:36.056+0000] {dag.py:3696} INFO - Setting next_dagrun for ingestionDAG to 2026-03-16T13:03:06.055670+00:00, run_after=2026-03-16T13:03:36.055670+00:00
[2026-03-16T13:03:36.095+0000] {processor.py:179} INFO - Processing /opt/airflow/dags/ingest_local_folder_dag.py took 1.073 seconds
[2026-03-16T13:04:06.362+0000] {processor.py:157} INFO - Started process (PID=1248) to work on /opt/airflow/dags/ingest_local_folder_dag.py
[2026-03-16T13:04:06.364+0000] {processor.py:829} INFO - Processing file /opt/airflow/dags/ingest_local_folder_dag.py for tasks to queue
[2026-03-16T13:04:06.367+0000] {logging_mixin.py:151} INFO - [2026-03-16T13:04:06.365+0000] {dagbag.py:539} INFO - Filling up the DagBag from /opt/airflow/dags/ingest_local_folder_dag.py
[2026-03-16T13:04:07.250+0000] {processor.py:839} INFO - DAG(s) dict_keys(['ingestionDAG']) retrieved from /opt/airflow/dags/ingest_local_folder_dag.py
[2026-03-16T13:04:07.327+0000] {logging_mixin.py:151} INFO - [2026-03-16T13:04:07.326+0000] {dag.py:2915} INFO - Sync 1 DAGs
[2026-03-16T13:04:07.378+0000] {logging_mixin.py:151} INFO - [2026-03-16T13:04:07.378+0000] {dag.py:3696} INFO - Setting next_dagrun for ingestionDAG to 2026-03-16T13:03:37.377974+00:00, run_after=2026-03-16T13:04:07.377974+00:00
[2026-03-16T13:04:07.421+0000] {processor.py:179} INFO - Processing /opt/airflow/dags/ingest_local_folder_dag.py took 1.071 seconds
[2026-03-16T13:04:37.706+0000] {processor.py:157} INFO - Started process (PID=1266) to work on /opt/airflow/dags/ingest_local_folder_dag.py
[2026-03-16T13:04:37.708+0000] {processor.py:829} INFO - Processing file /opt/airflow/dags/ingest_local_folder_dag.py for tasks to queue
[2026-03-16T13:04:37.711+0000] {logging_mixin.py:151} INFO - [2026-03-16T13:04:37.709+0000] {dagbag.py:539} INFO - Filling up the DagBag from /opt/airflow/dags/ingest_local_folder_dag.py
[2026-03-16T13:04:38.619+0000] {processor.py:839} INFO - DAG(s) dict_keys(['ingestionDAG']) retrieved from /opt/airflow/dags/ingest_local_folder_dag.py
[2026-03-16T13:04:38.694+0000] {logging_mixin.py:151} INFO - [2026-03-16T13:04:38.693+0000] {dag.py:2915} INFO - Sync 1 DAGs
[2026-03-16T13:04:38.747+0000] {logging_mixin.py:151} INFO - [2026-03-16T13:04:38.747+0000] {dag.py:3696} INFO - Setting next_dagrun for ingestionDAG to 2026-03-16T13:04:08.746753+00:00, run_after=2026-03-16T13:04:38.746753+00:00
[2026-03-16T13:04:38.786+0000] {processor.py:179} INFO - Processing /opt/airflow/dags/ingest_local_folder_dag.py took 1.091 seconds
