[2025-11-19T19:37:51.482+0000] {taskinstance.py:1157} INFO - Dependencies all met for dep_context=non-requeueable deps ti=<TaskInstance: local_to_minio_ingestion.ingest_local_folder scheduled__2025-11-19T19:37:19.729075+00:00 [queued]>
[2025-11-19T19:37:51.491+0000] {taskinstance.py:1157} INFO - Dependencies all met for dep_context=requeueable deps ti=<TaskInstance: local_to_minio_ingestion.ingest_local_folder scheduled__2025-11-19T19:37:19.729075+00:00 [queued]>
[2025-11-19T19:37:51.492+0000] {taskinstance.py:1359} INFO - Starting attempt 1 of 4
[2025-11-19T19:37:51.505+0000] {taskinstance.py:1380} INFO - Executing <Task(PythonOperator): ingest_local_folder> on 2025-11-19 19:37:19.729075+00:00
[2025-11-19T19:37:51.513+0000] {standard_task_runner.py:57} INFO - Started process 521 to run task
[2025-11-19T19:37:51.517+0000] {standard_task_runner.py:84} INFO - Running: ['***', 'tasks', 'run', 'local_to_minio_ingestion', 'ingest_local_folder', 'scheduled__2025-11-19T19:37:19.729075+00:00', '--job-id', '194', '--raw', '--subdir', 'DAGS_FOLDER/ingest_local_folder_dag.py', '--cfg-path', '/tmp/tmp8add3mk6']
[2025-11-19T19:37:51.521+0000] {standard_task_runner.py:85} INFO - Job 194: Subtask ingest_local_folder
[2025-11-19T19:37:51.546+0000] {logging_mixin.py:151} WARNING - /home/***/.local/lib/python3.11/site-packages/***/settings.py:195 DeprecationWarning: The sql_alchemy_conn option in [core] has been moved to the sql_alchemy_conn option in [database] - the old setting has been used, but please update your config.
[2025-11-19T19:37:51.601+0000] {task_command.py:415} INFO - Running <TaskInstance: local_to_minio_ingestion.ingest_local_folder scheduled__2025-11-19T19:37:19.729075+00:00 [running]> on host c5a800daf272
[2025-11-19T19:37:51.730+0000] {taskinstance.py:1660} INFO - Exporting env vars: AIRFLOW_CTX_DAG_OWNER='***' AIRFLOW_CTX_DAG_ID='local_to_minio_ingestion' AIRFLOW_CTX_TASK_ID='ingest_local_folder' AIRFLOW_CTX_EXECUTION_DATE='2025-11-19T19:37:19.729075+00:00' AIRFLOW_CTX_TRY_NUMBER='1' AIRFLOW_CTX_DAG_RUN_ID='scheduled__2025-11-19T19:37:19.729075+00:00'
[2025-11-19T19:37:51.746+0000] {logging_mixin.py:151} INFO - Uploaded products.csv → MinIO raw/
[2025-11-19T19:37:51.746+0000] {taskinstance.py:1935} ERROR - Task failed with exception
Traceback (most recent call last):
  File "/home/airflow/.local/lib/python3.11/site-packages/airflow/operators/python.py", line 192, in execute
    return_value = self.execute_callable()
                   ^^^^^^^^^^^^^^^^^^^^^^^
  File "/home/airflow/.local/lib/python3.11/site-packages/airflow/operators/python.py", line 209, in execute_callable
    return self.python_callable(*self.op_args, **self.op_kwargs)
           ^^^^^^^^^^^^^^^^^^^^^^^^^^^^^^^^^^^^^^^^^^^^^^^^^^^^^
  File "/opt/airflow/dags/ingest_local_folder_dag.py", line 43, in ingest_local_files
    os.remove(fpath)  # remove only AFTER successful upload
    ^^^^^^^^^^^^^^^^
PermissionError: [Errno 13] Permission denied: '/opt/airflow/sample/products.csv'
[2025-11-19T19:37:51.763+0000] {taskinstance.py:1398} INFO - Marking task as UP_FOR_RETRY. dag_id=local_to_minio_ingestion, task_id=ingest_local_folder, execution_date=20251119T193719, start_date=20251119T193751, end_date=20251119T193751
[2025-11-19T19:37:51.775+0000] {standard_task_runner.py:104} ERROR - Failed to execute job 194 for task ingest_local_folder ([Errno 13] Permission denied: '/opt/airflow/sample/products.csv'; 521)
[2025-11-19T19:37:51.809+0000] {local_task_job_runner.py:228} INFO - Task exited with return code 1
[2025-11-19T19:37:51.835+0000] {taskinstance.py:2776} INFO - 0 downstream tasks scheduled from follow-on schedule check
