[2025-11-19T20:20:12.030+0000] {taskinstance.py:1157} INFO - Dependencies all met for dep_context=non-requeueable deps ti=<TaskInstance: minio_raw_dispatcher.scan_minio_and_dispatch scheduled__2025-11-19T20:12:42.988585+00:00 [queued]>
[2025-11-19T20:20:12.043+0000] {taskinstance.py:1157} INFO - Dependencies all met for dep_context=requeueable deps ti=<TaskInstance: minio_raw_dispatcher.scan_minio_and_dispatch scheduled__2025-11-19T20:12:42.988585+00:00 [queued]>
[2025-11-19T20:20:12.043+0000] {taskinstance.py:1359} INFO - Starting attempt 4 of 4
[2025-11-19T20:20:12.058+0000] {taskinstance.py:1380} INFO - Executing <Task(PythonOperator): scan_minio_and_dispatch> on 2025-11-19 20:12:42.988585+00:00
[2025-11-19T20:20:12.067+0000] {standard_task_runner.py:57} INFO - Started process 518 to run task
[2025-11-19T20:20:12.074+0000] {standard_task_runner.py:84} INFO - Running: ['***', 'tasks', 'run', 'minio_raw_dispatcher', 'scan_minio_and_dispatch', 'scheduled__2025-11-19T20:12:42.988585+00:00', '--job-id', '306', '--raw', '--subdir', 'DAGS_FOLDER/dispatcher_pipeline_dag.py', '--cfg-path', '/tmp/tmphdrum04t']
[2025-11-19T20:20:12.078+0000] {standard_task_runner.py:85} INFO - Job 306: Subtask scan_minio_and_dispatch
[2025-11-19T20:20:12.112+0000] {logging_mixin.py:151} WARNING - /home/***/.local/lib/python3.11/site-packages/***/settings.py:195 DeprecationWarning: The sql_alchemy_conn option in [core] has been moved to the sql_alchemy_conn option in [database] - the old setting has been used, but please update your config.
[2025-11-19T20:20:12.185+0000] {task_command.py:415} INFO - Running <TaskInstance: minio_raw_dispatcher.scan_minio_and_dispatch scheduled__2025-11-19T20:12:42.988585+00:00 [running]> on host c38c575b32c4
[2025-11-19T20:20:12.576+0000] {taskinstance.py:1660} INFO - Exporting env vars: AIRFLOW_CTX_DAG_OWNER='***' AIRFLOW_CTX_DAG_ID='minio_raw_dispatcher' AIRFLOW_CTX_TASK_ID='scan_minio_and_dispatch' AIRFLOW_CTX_EXECUTION_DATE='2025-11-19T20:12:42.988585+00:00' AIRFLOW_CTX_TRY_NUMBER='4' AIRFLOW_CTX_DAG_RUN_ID='scheduled__2025-11-19T20:12:42.988585+00:00'
[2025-11-19T20:20:12.591+0000] {logging_mixin.py:151} INFO - Processing: raw/DevOps_quesbank.pdf
[2025-11-19T20:20:12.885+0000] {pdf_pipeline.py:24} INFO - [pdf] Processing raw/DevOps_quesbank.pdf
[2025-11-19T20:20:12.891+0000] {pdf_pipeline.py:44} ERROR - [pdf] Error processing raw/DevOps_quesbank.pdf: S3 operation failed; code: InvalidRequest, message: Invalid Request (invalid hostname), resource: /lakehouse-data, request_id: 187981F3BA03C01F, host_id: dd9025bab4ad464b049177c95eb6ebf374d3b3fd1af9251148b658df7ac2e3e8
Traceback (most recent call last):
  File "/opt/python-etl/pipelines/pdf_pipeline.py", line 27, in process_minio_object
    resp = minio_client.get_object(bucket_name, object_name)
           ^^^^^^^^^^^^^^^^^^^^^^^^^^^^^^^^^^^^^^^^^^^^^^^^^
  File "/home/airflow/.local/lib/python3.11/site-packages/minio/api.py", line 1257, in get_object
    return self._execute(
           ^^^^^^^^^^^^^^
  File "/home/airflow/.local/lib/python3.11/site-packages/minio/api.py", line 441, in _execute
    region = self._get_region(bucket_name)
             ^^^^^^^^^^^^^^^^^^^^^^^^^^^^^
  File "/home/airflow/.local/lib/python3.11/site-packages/minio/api.py", line 498, in _get_region
    response = self._url_open(
               ^^^^^^^^^^^^^^^
  File "/home/airflow/.local/lib/python3.11/site-packages/minio/api.py", line 427, in _url_open
    raise response_error
minio.error.S3Error: S3 operation failed; code: InvalidRequest, message: Invalid Request (invalid hostname), resource: /lakehouse-data, request_id: 187981F3BA03C01F, host_id: dd9025bab4ad464b049177c95eb6ebf374d3b3fd1af9251148b658df7ac2e3e8
[2025-11-19T20:20:12.894+0000] {taskinstance.py:1935} ERROR - Task failed with exception
Traceback (most recent call last):
  File "/usr/local/lib/python3.11/contextlib.py", line 155, in __exit__
    self.gen.throw(typ, value, traceback)
  File "/home/airflow/.local/lib/python3.11/site-packages/airflow/models/taskinstance.py", line 176, in set_current_context
    yield context
  File "/home/airflow/.local/lib/python3.11/site-packages/airflow/models/taskinstance.py", line 1679, in _execute_task_with_callbacks
    result = self._execute_task(context, task_orig)
             ^^^^^^^^^^^^^^^^^^^^^^^^^^^^^^^^^^^^^^
  File "/home/airflow/.local/lib/python3.11/site-packages/airflow/models/taskinstance.py", line 1742, in _execute_task
    result = execute_callable(context=context, **execute_callable_kwargs)
             ^^^^^^^^^^^^^^^^^^^^^^^^^^^^^^^^^^^^^^^^^^^^^^^^^^^^^^^^^^^^
  File "/home/airflow/.local/lib/python3.11/site-packages/airflow/operators/python.py", line 192, in execute
    return_value = self.execute_callable()
                   ^^^^^^^^^^^^^^^^^^^^^^^
  File "/home/airflow/.local/lib/python3.11/site-packages/airflow/operators/python.py", line 209, in execute_callable
    return self.python_callable(*self.op_args, **self.op_kwargs)
           ^^^^^^^^^^^^^^^^^^^^^^^^^^^^^^^^^^^^^^^^^^^^^^^^^^^^^
  File "/opt/airflow/dags/dispatcher_pipeline_dag.py", line 37, in scan_and_dispatch
    run_pipeline_for_object(object_name)    # <---- your new function
    ^^^^^^^^^^^^^^^^^^^^^^^^^^^^^^^^^^^^
  File "/opt/python-etl/etl_manager.py", line 209, in run_pipeline_for_object
    pdf_pipeline.process_minio_object(
  File "/opt/python-etl/pipelines/pdf_pipeline.py", line 27, in process_minio_object
    resp = minio_client.get_object(bucket_name, object_name)
           ^^^^^^^^^^^^^^^^^^^^^^^^^^^^^^^^^^^^^^^^^^^^^^^^^
  File "/home/airflow/.local/lib/python3.11/site-packages/minio/api.py", line 1257, in get_object
    return self._execute(
           ^^^^^^^^^^^^^^
  File "/home/airflow/.local/lib/python3.11/site-packages/minio/api.py", line 441, in _execute
    region = self._get_region(bucket_name)
             ^^^^^^^^^^^^^^^^^^^^^^^^^^^^^
  File "/home/airflow/.local/lib/python3.11/site-packages/minio/api.py", line 498, in _get_region
    response = self._url_open(
               ^^^^^^^^^^^^^^^
  File "/home/airflow/.local/lib/python3.11/site-packages/minio/api.py", line 427, in _url_open
    raise response_error
minio.error.S3Error: S3 operation failed; code: InvalidRequest, message: Invalid Request (invalid hostname), resource: /lakehouse-data, request_id: 187981F3BA03C01F, host_id: dd9025bab4ad464b049177c95eb6ebf374d3b3fd1af9251148b658df7ac2e3e8

During handling of the above exception, another exception occurred:

Traceback (most recent call last):
  File "/home/airflow/.local/lib/python3.11/site-packages/airflow/models/taskinstance.py", line 1516, in _run_raw_task
    self._execute_task_with_callbacks(context, test_mode, session=session)
  File "/home/airflow/.local/lib/python3.11/site-packages/airflow/models/taskinstance.py", line 1678, in _execute_task_with_callbacks
    with set_current_context(context):
  File "/usr/local/lib/python3.11/contextlib.py", line 188, in __exit__
    exc.__traceback__ = traceback
    ^^^^^^^^^^^^^^^^^
  File "<string>", line 4, in __setattr__
dataclasses.FrozenInstanceError: cannot assign to field '__traceback__'
[2025-11-19T20:20:12.931+0000] {taskinstance.py:1398} INFO - Marking task as FAILED. dag_id=minio_raw_dispatcher, task_id=scan_minio_and_dispatch, execution_date=20251119T201242, start_date=20251119T202012, end_date=20251119T202012
[2025-11-19T20:20:12.957+0000] {standard_task_runner.py:104} ERROR - Failed to execute job 306 for task scan_minio_and_dispatch (cannot assign to field '__traceback__'; 518)
[2025-11-19T20:20:13.009+0000] {local_task_job_runner.py:228} INFO - Task exited with return code 1
[2025-11-19T20:20:13.057+0000] {taskinstance.py:2776} INFO - 0 downstream tasks scheduled from follow-on schedule check
