[2026-02-12T20:52:47.857+0000] {taskinstance.py:1157} INFO - Dependencies all met for dep_context=non-requeueable deps ti=<TaskInstance: distillationDAG.scan_minio_and_dispatch scheduled__2026-02-12T20:51:58.667167+00:00 [queued]>
[2026-02-12T20:52:47.895+0000] {taskinstance.py:1157} INFO - Dependencies all met for dep_context=requeueable deps ti=<TaskInstance: distillationDAG.scan_minio_and_dispatch scheduled__2026-02-12T20:51:58.667167+00:00 [queued]>
[2026-02-12T20:52:47.896+0000] {taskinstance.py:1359} INFO - Starting attempt 1 of 4
[2026-02-12T20:52:47.937+0000] {taskinstance.py:1380} INFO - Executing <Task(PythonOperator): scan_minio_and_dispatch> on 2026-02-12 20:51:58.667167+00:00
[2026-02-12T20:52:47.960+0000] {standard_task_runner.py:57} INFO - Started process 257 to run task
[2026-02-12T20:52:47.971+0000] {standard_task_runner.py:84} INFO - Running: ['***', 'tasks', 'run', 'distillationDAG', 'scan_minio_and_dispatch', 'scheduled__2026-02-12T20:51:58.667167+00:00', '--job-id', '1634', '--raw', '--subdir', 'DAGS_FOLDER/dispatcher_pipeline_dag.py', '--cfg-path', '/tmp/tmpkx_f6g5l']
[2026-02-12T20:52:47.981+0000] {standard_task_runner.py:85} INFO - Job 1634: Subtask scan_minio_and_dispatch
[2026-02-12T20:52:48.190+0000] {task_command.py:415} INFO - Running <TaskInstance: distillationDAG.scan_minio_and_dispatch scheduled__2026-02-12T20:51:58.667167+00:00 [running]> on host 22ad2876f4df
[2026-02-12T20:52:48.914+0000] {taskinstance.py:1660} INFO - Exporting env vars: AIRFLOW_CTX_DAG_OWNER='***' AIRFLOW_CTX_DAG_ID='distillationDAG' AIRFLOW_CTX_TASK_ID='scan_minio_and_dispatch' AIRFLOW_CTX_EXECUTION_DATE='2026-02-12T20:51:58.667167+00:00' AIRFLOW_CTX_TRY_NUMBER='1' AIRFLOW_CTX_DAG_RUN_ID='scheduled__2026-02-12T20:51:58.667167+00:00'
[2026-02-12T20:52:48.945+0000] {logging_mixin.py:151} INFO - [DISPATCHER] Found file: raw/sample-tables.pdf
[2026-02-12T20:52:49.916+0000] {pdf_pipeline.py:355} INFO - [pdf] Processing raw/sample-tables.pdf
[2026-02-12T20:52:49.933+0000] {pdf_pipeline.py:409} INFO - [pdf] Extracting text from PDF...
[2026-02-12T20:52:50.054+0000] {pdf_pipeline.py:442} ERROR - [pdf] Text extraction failed for raw/sample-tables.pdf: cannot access local variable 'table_count' where it is not associated with a value
Traceback (most recent call last):
  File "/opt/python-etl/pipelines/pdf_pipeline.py", line 426, in process_minio_object
    'table_count': table_count,
                   ^^^^^^^^^^^
UnboundLocalError: cannot access local variable 'table_count' where it is not associated with a value
[2026-02-12T20:52:50.057+0000] {pdf_pipeline.py:478} WARNING - [pdf] No text extracted from raw/sample-tables.pdf
[2026-02-12T20:52:50.057+0000] {pdf_pipeline.py:481} INFO - [pdf] Extracting tables from PDF...
[2026-02-12T20:52:50.621+0000] {pdf_pipeline.py:237} INFO - [pdf] Uploaded table CSV -> processed/structured/pdf-tables/sample-tables_page1_table1.csv
[2026-02-12T20:52:50.622+0000] {structured_pipeline.py:108} INFO - Table name: data_sample_tables_page1_table1
[2026-02-12T20:52:50.628+0000] {structured_pipeline.py:124} INFO - [Normalize] Normalizing DataFrame with 3 columns
[2026-02-12T20:52:50.640+0000] {logging_mixin.py:151} WARNING - /opt/python-etl/pipelines/structured_pipeline.py:190 UserWarning: Could not infer format, so each element will be parsed individually, falling back to `dateutil`. To ensure parsing is consistent and as-expected, please specify a format.
[2026-02-12T20:52:50.649+0000] {logging_mixin.py:151} WARNING - /opt/python-etl/pipelines/structured_pipeline.py:190 UserWarning: Could not infer format, so each element will be parsed individually, falling back to `dateutil`. To ensure parsing is consistent and as-expected, please specify a format.
[2026-02-12T20:52:50.654+0000] {logging_mixin.py:151} WARNING - /opt/python-etl/pipelines/structured_pipeline.py:190 UserWarning: Could not infer format, so each element will be parsed individually, falling back to `dateutil`. To ensure parsing is consistent and as-expected, please specify a format.
[2026-02-12T20:52:50.675+0000] {pdf_pipeline.py:286} INFO - [pdf] Created table: data_sample_tables_page1_table1
[2026-02-12T20:52:50.682+0000] {pdf_pipeline.py:299} INFO - [pdf] Loaded 2 rows into data_sample_tables_page1_table1
[2026-02-12T20:52:50.691+0000] {pdf_pipeline.py:534} INFO - [pdf] Processed table 1: 2 rows, 3 columns
[2026-02-12T20:52:50.729+0000] {pdf_pipeline.py:237} INFO - [pdf] Uploaded table CSV -> processed/structured/pdf-tables/sample-tables_page1_table2.csv
[2026-02-12T20:52:50.729+0000] {structured_pipeline.py:108} INFO - Table name: data_sample_tables_page1_table2
[2026-02-12T20:52:50.732+0000] {structured_pipeline.py:124} INFO - [Normalize] Normalizing DataFrame with 4 columns
[2026-02-12T20:52:50.742+0000] {logging_mixin.py:151} WARNING - /opt/python-etl/pipelines/structured_pipeline.py:190 UserWarning: Could not infer format, so each element will be parsed individually, falling back to `dateutil`. To ensure parsing is consistent and as-expected, please specify a format.
[2026-02-12T20:52:50.747+0000] {logging_mixin.py:151} WARNING - /opt/python-etl/pipelines/structured_pipeline.py:190 UserWarning: Could not infer format, so each element will be parsed individually, falling back to `dateutil`. To ensure parsing is consistent and as-expected, please specify a format.
[2026-02-12T20:52:50.756+0000] {pdf_pipeline.py:286} INFO - [pdf] Created table: data_sample_tables_page1_table2
[2026-02-12T20:52:50.760+0000] {pdf_pipeline.py:299} INFO - [pdf] Loaded 7 rows into data_sample_tables_page1_table2
[2026-02-12T20:52:50.765+0000] {pdf_pipeline.py:534} INFO - [pdf] Processed table 2: 7 rows, 4 columns
[2026-02-12T20:52:50.791+0000] {pdf_pipeline.py:237} INFO - [pdf] Uploaded table CSV -> processed/structured/pdf-tables/sample-tables_page1_table3.csv
[2026-02-12T20:52:50.792+0000] {structured_pipeline.py:108} INFO - Table name: data_sample_tables_page1_table3
[2026-02-12T20:52:50.796+0000] {structured_pipeline.py:124} INFO - [Normalize] Normalizing DataFrame with 2 columns
[2026-02-12T20:52:50.803+0000] {logging_mixin.py:151} WARNING - /opt/python-etl/pipelines/structured_pipeline.py:190 UserWarning: Could not infer format, so each element will be parsed individually, falling back to `dateutil`. To ensure parsing is consistent and as-expected, please specify a format.
[2026-02-12T20:52:50.808+0000] {logging_mixin.py:151} WARNING - /opt/python-etl/pipelines/structured_pipeline.py:190 UserWarning: Could not infer format, so each element will be parsed individually, falling back to `dateutil`. To ensure parsing is consistent and as-expected, please specify a format.
[2026-02-12T20:52:50.813+0000] {pdf_pipeline.py:286} INFO - [pdf] Created table: data_sample_tables_page1_table3
[2026-02-12T20:52:50.817+0000] {pdf_pipeline.py:299} INFO - [pdf] Loaded 5 rows into data_sample_tables_page1_table3
[2026-02-12T20:52:50.822+0000] {pdf_pipeline.py:534} INFO - [pdf] Processed table 3: 5 rows, 2 columns
[2026-02-12T20:52:51.402+0000] {pdf_pipeline.py:237} INFO - [pdf] Uploaded table CSV -> processed/structured/pdf-tables/sample-tables_page2_table1.csv
[2026-02-12T20:52:51.403+0000] {structured_pipeline.py:108} INFO - Table name: data_sample_tables_page2_table1
[2026-02-12T20:52:51.405+0000] {structured_pipeline.py:124} INFO - [Normalize] Normalizing DataFrame with 2 columns
[2026-02-12T20:52:51.412+0000] {logging_mixin.py:151} WARNING - /opt/python-etl/pipelines/structured_pipeline.py:190 UserWarning: Could not infer format, so each element will be parsed individually, falling back to `dateutil`. To ensure parsing is consistent and as-expected, please specify a format.
[2026-02-12T20:52:51.417+0000] {logging_mixin.py:151} WARNING - /opt/python-etl/pipelines/structured_pipeline.py:190 UserWarning: Could not infer format, so each element will be parsed individually, falling back to `dateutil`. To ensure parsing is consistent and as-expected, please specify a format.
[2026-02-12T20:52:51.422+0000] {pdf_pipeline.py:286} INFO - [pdf] Created table: data_sample_tables_page2_table1
[2026-02-12T20:52:51.427+0000] {pdf_pipeline.py:299} INFO - [pdf] Loaded 6 rows into data_sample_tables_page2_table1
[2026-02-12T20:52:51.432+0000] {pdf_pipeline.py:534} INFO - [pdf] Processed table 4: 6 rows, 2 columns
[2026-02-12T20:52:51.460+0000] {pdf_pipeline.py:237} INFO - [pdf] Uploaded table CSV -> processed/structured/pdf-tables/sample-tables_page2_table2.csv
[2026-02-12T20:52:51.461+0000] {structured_pipeline.py:108} INFO - Table name: data_sample_tables_page2_table2
[2026-02-12T20:52:51.465+0000] {structured_pipeline.py:124} INFO - [Normalize] Normalizing DataFrame with 4 columns
[2026-02-12T20:52:51.475+0000] {logging_mixin.py:151} WARNING - /opt/python-etl/pipelines/structured_pipeline.py:190 UserWarning: Could not infer format, so each element will be parsed individually, falling back to `dateutil`. To ensure parsing is consistent and as-expected, please specify a format.
[2026-02-12T20:52:51.494+0000] {pdf_pipeline.py:286} INFO - [pdf] Created table: data_sample_tables_page2_table2
[2026-02-12T20:52:51.501+0000] {pdf_pipeline.py:299} INFO - [pdf] Loaded 8 rows into data_sample_tables_page2_table2
[2026-02-12T20:52:51.507+0000] {pdf_pipeline.py:534} INFO - [pdf] Processed table 5: 8 rows, 4 columns
[2026-02-12T20:52:51.536+0000] {pdf_pipeline.py:237} INFO - [pdf] Uploaded table CSV -> processed/structured/pdf-tables/sample-tables_page2_table3.csv
[2026-02-12T20:52:51.536+0000] {structured_pipeline.py:108} INFO - Table name: data_sample_tables_page2_table3
[2026-02-12T20:52:51.538+0000] {structured_pipeline.py:124} INFO - [Normalize] Normalizing DataFrame with 5 columns
[2026-02-12T20:52:51.560+0000] {pdf_pipeline.py:286} INFO - [pdf] Created table: data_sample_tables_page2_table3
[2026-02-12T20:52:51.565+0000] {pdf_pipeline.py:299} INFO - [pdf] Loaded 8 rows into data_sample_tables_page2_table3
[2026-02-12T20:52:51.571+0000] {pdf_pipeline.py:534} INFO - [pdf] Processed table 6: 8 rows, 5 columns
[2026-02-12T20:52:51.987+0000] {pdf_pipeline.py:237} INFO - [pdf] Uploaded table CSV -> processed/structured/pdf-tables/sample-tables_page3_table1.csv
[2026-02-12T20:52:51.987+0000] {structured_pipeline.py:108} INFO - Table name: data_sample_tables_page3_table1
[2026-02-12T20:52:51.989+0000] {structured_pipeline.py:124} INFO - [Normalize] Normalizing DataFrame with 4 columns
[2026-02-12T20:52:52.011+0000] {logging_mixin.py:151} WARNING - /opt/python-etl/pipelines/structured_pipeline.py:190 UserWarning: Could not infer format, so each element will be parsed individually, falling back to `dateutil`. To ensure parsing is consistent and as-expected, please specify a format.
[2026-02-12T20:52:52.029+0000] {pdf_pipeline.py:286} INFO - [pdf] Created table: data_sample_tables_page3_table1
[2026-02-12T20:52:52.038+0000] {pdf_pipeline.py:299} INFO - [pdf] Loaded 3 rows into data_sample_tables_page3_table1
[2026-02-12T20:52:52.048+0000] {pdf_pipeline.py:534} INFO - [pdf] Processed table 7: 3 rows, 4 columns
[2026-02-12T20:52:52.092+0000] {pdf_pipeline.py:237} INFO - [pdf] Uploaded table CSV -> processed/structured/pdf-tables/sample-tables_page3_table2.csv
[2026-02-12T20:52:52.092+0000] {structured_pipeline.py:108} INFO - Table name: data_sample_tables_page3_table2
[2026-02-12T20:52:52.096+0000] {structured_pipeline.py:124} INFO - [Normalize] Normalizing DataFrame with 4 columns
[2026-02-12T20:52:52.112+0000] {logging_mixin.py:151} WARNING - /opt/python-etl/pipelines/structured_pipeline.py:190 UserWarning: Could not infer format, so each element will be parsed individually, falling back to `dateutil`. To ensure parsing is consistent and as-expected, please specify a format.
[2026-02-12T20:52:52.130+0000] {pdf_pipeline.py:286} INFO - [pdf] Created table: data_sample_tables_page3_table2
[2026-02-12T20:52:52.139+0000] {pdf_pipeline.py:299} INFO - [pdf] Loaded 3 rows into data_sample_tables_page3_table2
[2026-02-12T20:52:52.143+0000] {pdf_pipeline.py:534} INFO - [pdf] Processed table 8: 3 rows, 4 columns
[2026-02-12T20:52:52.171+0000] {pdf_pipeline.py:237} INFO - [pdf] Uploaded table CSV -> processed/structured/pdf-tables/sample-tables_page3_table3.csv
[2026-02-12T20:52:52.172+0000] {structured_pipeline.py:108} INFO - Table name: data_sample_tables_page3_table3
[2026-02-12T20:52:52.174+0000] {structured_pipeline.py:124} INFO - [Normalize] Normalizing DataFrame with 5 columns
[2026-02-12T20:52:52.186+0000] {logging_mixin.py:151} WARNING - /opt/python-etl/pipelines/structured_pipeline.py:190 UserWarning: Could not infer format, so each element will be parsed individually, falling back to `dateutil`. To ensure parsing is consistent and as-expected, please specify a format.
[2026-02-12T20:52:52.203+0000] {pdf_pipeline.py:286} INFO - [pdf] Created table: data_sample_tables_page3_table3
[2026-02-12T20:52:52.207+0000] {pdf_pipeline.py:299} INFO - [pdf] Loaded 3 rows into data_sample_tables_page3_table3
[2026-02-12T20:52:52.215+0000] {pdf_pipeline.py:534} INFO - [pdf] Processed table 9: 3 rows, 5 columns
[2026-02-12T20:52:52.919+0000] {pdf_pipeline.py:237} INFO - [pdf] Uploaded table CSV -> processed/structured/pdf-tables/sample-tables_page4_table1.csv
[2026-02-12T20:52:52.920+0000] {structured_pipeline.py:108} INFO - Table name: data_sample_tables_page4_table1
[2026-02-12T20:52:52.922+0000] {structured_pipeline.py:124} INFO - [Normalize] Normalizing DataFrame with 5 columns
[2026-02-12T20:52:52.930+0000] {logging_mixin.py:151} WARNING - /opt/python-etl/pipelines/structured_pipeline.py:190 UserWarning: Could not infer format, so each element will be parsed individually, falling back to `dateutil`. To ensure parsing is consistent and as-expected, please specify a format.
[2026-02-12T20:52:52.935+0000] {logging_mixin.py:151} WARNING - /opt/python-etl/pipelines/structured_pipeline.py:190 UserWarning: Could not infer format, so each element will be parsed individually, falling back to `dateutil`. To ensure parsing is consistent and as-expected, please specify a format.
[2026-02-12T20:52:52.941+0000] {logging_mixin.py:151} WARNING - /opt/python-etl/pipelines/structured_pipeline.py:190 UserWarning: Could not infer format, so each element will be parsed individually, falling back to `dateutil`. To ensure parsing is consistent and as-expected, please specify a format.
[2026-02-12T20:52:52.947+0000] {logging_mixin.py:151} WARNING - /opt/python-etl/pipelines/structured_pipeline.py:190 UserWarning: Could not infer format, so each element will be parsed individually, falling back to `dateutil`. To ensure parsing is consistent and as-expected, please specify a format.
[2026-02-12T20:52:52.953+0000] {logging_mixin.py:151} WARNING - /opt/python-etl/pipelines/structured_pipeline.py:190 UserWarning: Could not infer format, so each element will be parsed individually, falling back to `dateutil`. To ensure parsing is consistent and as-expected, please specify a format.
[2026-02-12T20:52:52.957+0000] {pdf_pipeline.py:286} INFO - [pdf] Created table: data_sample_tables_page4_table1
[2026-02-12T20:52:52.962+0000] {pdf_pipeline.py:299} INFO - [pdf] Loaded 13 rows into data_sample_tables_page4_table1
[2026-02-12T20:52:52.966+0000] {pdf_pipeline.py:534} INFO - [pdf] Processed table 10: 13 rows, 5 columns
[2026-02-12T20:52:53.025+0000] {pdf_pipeline.py:237} INFO - [pdf] Uploaded table CSV -> processed/structured/pdf-tables/sample-tables_page4_table2.csv
[2026-02-12T20:52:53.026+0000] {structured_pipeline.py:108} INFO - Table name: data_sample_tables_page4_table2
[2026-02-12T20:52:53.031+0000] {structured_pipeline.py:124} INFO - [Normalize] Normalizing DataFrame with 4 columns
[2026-02-12T20:52:53.040+0000] {logging_mixin.py:151} WARNING - /opt/python-etl/pipelines/structured_pipeline.py:190 UserWarning: Could not infer format, so each element will be parsed individually, falling back to `dateutil`. To ensure parsing is consistent and as-expected, please specify a format.
[2026-02-12T20:52:53.045+0000] {logging_mixin.py:151} WARNING - /opt/python-etl/pipelines/structured_pipeline.py:190 UserWarning: Could not infer format, so each element will be parsed individually, falling back to `dateutil`. To ensure parsing is consistent and as-expected, please specify a format.
[2026-02-12T20:52:53.055+0000] {logging_mixin.py:151} WARNING - /opt/python-etl/pipelines/structured_pipeline.py:190 UserWarning: Could not infer format, so each element will be parsed individually, falling back to `dateutil`. To ensure parsing is consistent and as-expected, please specify a format.
[2026-02-12T20:52:53.065+0000] {logging_mixin.py:151} WARNING - /opt/python-etl/pipelines/structured_pipeline.py:190 UserWarning: Could not infer format, so each element will be parsed individually, falling back to `dateutil`. To ensure parsing is consistent and as-expected, please specify a format.
[2026-02-12T20:52:53.073+0000] {pdf_pipeline.py:286} INFO - [pdf] Created table: data_sample_tables_page4_table2
[2026-02-12T20:52:53.080+0000] {pdf_pipeline.py:299} INFO - [pdf] Loaded 11 rows into data_sample_tables_page4_table2
[2026-02-12T20:52:53.086+0000] {pdf_pipeline.py:534} INFO - [pdf] Processed table 11: 11 rows, 4 columns
[2026-02-12T20:52:53.652+0000] {pdf_pipeline.py:237} INFO - [pdf] Uploaded table CSV -> processed/structured/pdf-tables/sample-tables_page5_table1.csv
[2026-02-12T20:52:53.653+0000] {structured_pipeline.py:108} INFO - Table name: data_sample_tables_page5_table1
[2026-02-12T20:52:53.655+0000] {structured_pipeline.py:124} INFO - [Normalize] Normalizing DataFrame with 5 columns
[2026-02-12T20:52:53.662+0000] {logging_mixin.py:151} WARNING - /opt/python-etl/pipelines/structured_pipeline.py:190 UserWarning: Could not infer format, so each element will be parsed individually, falling back to `dateutil`. To ensure parsing is consistent and as-expected, please specify a format.
[2026-02-12T20:52:53.667+0000] {logging_mixin.py:151} WARNING - /opt/python-etl/pipelines/structured_pipeline.py:190 UserWarning: Could not infer format, so each element will be parsed individually, falling back to `dateutil`. To ensure parsing is consistent and as-expected, please specify a format.
[2026-02-12T20:52:53.671+0000] {logging_mixin.py:151} WARNING - /opt/python-etl/pipelines/structured_pipeline.py:190 UserWarning: Could not infer format, so each element will be parsed individually, falling back to `dateutil`. To ensure parsing is consistent and as-expected, please specify a format.
[2026-02-12T20:52:53.676+0000] {logging_mixin.py:151} WARNING - /opt/python-etl/pipelines/structured_pipeline.py:190 UserWarning: Could not infer format, so each element will be parsed individually, falling back to `dateutil`. To ensure parsing is consistent and as-expected, please specify a format.
[2026-02-12T20:52:53.680+0000] {logging_mixin.py:151} WARNING - /opt/python-etl/pipelines/structured_pipeline.py:190 UserWarning: Could not infer format, so each element will be parsed individually, falling back to `dateutil`. To ensure parsing is consistent and as-expected, please specify a format.
[2026-02-12T20:52:53.684+0000] {pdf_pipeline.py:286} INFO - [pdf] Created table: data_sample_tables_page5_table1
[2026-02-12T20:52:53.688+0000] {pdf_pipeline.py:299} INFO - [pdf] Loaded 4 rows into data_sample_tables_page5_table1
[2026-02-12T20:52:53.692+0000] {pdf_pipeline.py:534} INFO - [pdf] Processed table 12: 4 rows, 5 columns
[2026-02-12T20:52:53.717+0000] {pdf_pipeline.py:237} INFO - [pdf] Uploaded table CSV -> processed/structured/pdf-tables/sample-tables_page5_table2.csv
[2026-02-12T20:52:53.718+0000] {structured_pipeline.py:108} INFO - Table name: data_sample_tables_page5_table2
[2026-02-12T20:52:53.720+0000] {structured_pipeline.py:124} INFO - [Normalize] Normalizing DataFrame with 4 columns
[2026-02-12T20:52:53.730+0000] {logging_mixin.py:151} WARNING - /opt/python-etl/pipelines/structured_pipeline.py:190 UserWarning: Could not infer format, so each element will be parsed individually, falling back to `dateutil`. To ensure parsing is consistent and as-expected, please specify a format.
[2026-02-12T20:52:53.734+0000] {logging_mixin.py:151} WARNING - /opt/python-etl/pipelines/structured_pipeline.py:190 UserWarning: Could not infer format, so each element will be parsed individually, falling back to `dateutil`. To ensure parsing is consistent and as-expected, please specify a format.
[2026-02-12T20:52:53.740+0000] {logging_mixin.py:151} WARNING - /opt/python-etl/pipelines/structured_pipeline.py:190 UserWarning: Could not infer format, so each element will be parsed individually, falling back to `dateutil`. To ensure parsing is consistent and as-expected, please specify a format.
[2026-02-12T20:52:53.746+0000] {logging_mixin.py:151} WARNING - /opt/python-etl/pipelines/structured_pipeline.py:190 UserWarning: Could not infer format, so each element will be parsed individually, falling back to `dateutil`. To ensure parsing is consistent and as-expected, please specify a format.
[2026-02-12T20:52:53.752+0000] {pdf_pipeline.py:286} INFO - [pdf] Created table: data_sample_tables_page5_table2
[2026-02-12T20:52:53.755+0000] {pdf_pipeline.py:299} INFO - [pdf] Loaded 3 rows into data_sample_tables_page5_table2
[2026-02-12T20:52:53.762+0000] {pdf_pipeline.py:534} INFO - [pdf] Processed table 13: 3 rows, 4 columns
[2026-02-12T20:52:53.812+0000] {pdf_pipeline.py:237} INFO - [pdf] Uploaded table CSV -> processed/structured/pdf-tables/sample-tables_page5_table3.csv
[2026-02-12T20:52:53.813+0000] {structured_pipeline.py:108} INFO - Table name: data_sample_tables_page5_table3
[2026-02-12T20:52:53.816+0000] {structured_pipeline.py:124} INFO - [Normalize] Normalizing DataFrame with 4 columns
[2026-02-12T20:52:53.825+0000] {logging_mixin.py:151} WARNING - /opt/python-etl/pipelines/structured_pipeline.py:190 UserWarning: Could not infer format, so each element will be parsed individually, falling back to `dateutil`. To ensure parsing is consistent and as-expected, please specify a format.
[2026-02-12T20:52:53.831+0000] {logging_mixin.py:151} WARNING - /opt/python-etl/pipelines/structured_pipeline.py:190 UserWarning: Could not infer format, so each element will be parsed individually, falling back to `dateutil`. To ensure parsing is consistent and as-expected, please specify a format.
[2026-02-12T20:52:53.837+0000] {logging_mixin.py:151} WARNING - /opt/python-etl/pipelines/structured_pipeline.py:190 UserWarning: Could not infer format, so each element will be parsed individually, falling back to `dateutil`. To ensure parsing is consistent and as-expected, please specify a format.
[2026-02-12T20:52:53.843+0000] {logging_mixin.py:151} WARNING - /opt/python-etl/pipelines/structured_pipeline.py:190 UserWarning: Could not infer format, so each element will be parsed individually, falling back to `dateutil`. To ensure parsing is consistent and as-expected, please specify a format.
[2026-02-12T20:52:53.847+0000] {pdf_pipeline.py:286} INFO - [pdf] Created table: data_sample_tables_page5_table3
[2026-02-12T20:52:53.851+0000] {pdf_pipeline.py:299} INFO - [pdf] Loaded 3 rows into data_sample_tables_page5_table3
[2026-02-12T20:52:53.855+0000] {pdf_pipeline.py:534} INFO - [pdf] Processed table 14: 3 rows, 4 columns
[2026-02-12T20:52:53.878+0000] {pdf_pipeline.py:237} INFO - [pdf] Uploaded table CSV -> processed/structured/pdf-tables/sample-tables_page5_table4.csv
[2026-02-12T20:52:53.879+0000] {structured_pipeline.py:108} INFO - Table name: data_sample_tables_page5_table4
[2026-02-12T20:52:53.881+0000] {structured_pipeline.py:124} INFO - [Normalize] Normalizing DataFrame with 5 columns
[2026-02-12T20:52:53.888+0000] {logging_mixin.py:151} WARNING - /opt/python-etl/pipelines/structured_pipeline.py:190 UserWarning: Could not infer format, so each element will be parsed individually, falling back to `dateutil`. To ensure parsing is consistent and as-expected, please specify a format.
[2026-02-12T20:52:53.893+0000] {logging_mixin.py:151} WARNING - /opt/python-etl/pipelines/structured_pipeline.py:190 UserWarning: Could not infer format, so each element will be parsed individually, falling back to `dateutil`. To ensure parsing is consistent and as-expected, please specify a format.
[2026-02-12T20:52:53.898+0000] {logging_mixin.py:151} WARNING - /opt/python-etl/pipelines/structured_pipeline.py:190 UserWarning: Could not infer format, so each element will be parsed individually, falling back to `dateutil`. To ensure parsing is consistent and as-expected, please specify a format.
[2026-02-12T20:52:53.902+0000] {logging_mixin.py:151} WARNING - /opt/python-etl/pipelines/structured_pipeline.py:190 UserWarning: Could not infer format, so each element will be parsed individually, falling back to `dateutil`. To ensure parsing is consistent and as-expected, please specify a format.
[2026-02-12T20:52:53.907+0000] {logging_mixin.py:151} WARNING - /opt/python-etl/pipelines/structured_pipeline.py:190 UserWarning: Could not infer format, so each element will be parsed individually, falling back to `dateutil`. To ensure parsing is consistent and as-expected, please specify a format.
[2026-02-12T20:52:53.911+0000] {pdf_pipeline.py:286} INFO - [pdf] Created table: data_sample_tables_page5_table4
[2026-02-12T20:52:53.917+0000] {pdf_pipeline.py:299} INFO - [pdf] Loaded 6 rows into data_sample_tables_page5_table4
[2026-02-12T20:52:53.924+0000] {pdf_pipeline.py:534} INFO - [pdf] Processed table 15: 6 rows, 5 columns
[2026-02-12T20:52:54.853+0000] {pdf_pipeline.py:237} INFO - [pdf] Uploaded table CSV -> processed/structured/pdf-tables/sample-tables_page6_table1.csv
[2026-02-12T20:52:54.857+0000] {structured_pipeline.py:108} INFO - Table name: data_sample_tables_page6_table1
[2026-02-12T20:52:54.859+0000] {structured_pipeline.py:124} INFO - [Normalize] Normalizing DataFrame with 5 columns
[2026-02-12T20:52:54.872+0000] {logging_mixin.py:151} WARNING - /opt/python-etl/pipelines/structured_pipeline.py:190 UserWarning: Could not infer format, so each element will be parsed individually, falling back to `dateutil`. To ensure parsing is consistent and as-expected, please specify a format.
[2026-02-12T20:52:54.878+0000] {logging_mixin.py:151} WARNING - /opt/python-etl/pipelines/structured_pipeline.py:190 UserWarning: Could not infer format, so each element will be parsed individually, falling back to `dateutil`. To ensure parsing is consistent and as-expected, please specify a format.
[2026-02-12T20:52:54.887+0000] {logging_mixin.py:151} WARNING - /opt/python-etl/pipelines/structured_pipeline.py:190 UserWarning: Could not infer format, so each element will be parsed individually, falling back to `dateutil`. To ensure parsing is consistent and as-expected, please specify a format.
[2026-02-12T20:52:54.892+0000] {logging_mixin.py:151} WARNING - /opt/python-etl/pipelines/structured_pipeline.py:190 UserWarning: Could not infer format, so each element will be parsed individually, falling back to `dateutil`. To ensure parsing is consistent and as-expected, please specify a format.
[2026-02-12T20:52:54.898+0000] {logging_mixin.py:151} WARNING - /opt/python-etl/pipelines/structured_pipeline.py:190 UserWarning: Could not infer format, so each element will be parsed individually, falling back to `dateutil`. To ensure parsing is consistent and as-expected, please specify a format.
[2026-02-12T20:52:54.903+0000] {pdf_pipeline.py:286} INFO - [pdf] Created table: data_sample_tables_page6_table1
[2026-02-12T20:52:54.908+0000] {pdf_pipeline.py:299} INFO - [pdf] Loaded 6 rows into data_sample_tables_page6_table1
[2026-02-12T20:52:54.915+0000] {pdf_pipeline.py:534} INFO - [pdf] Processed table 16: 6 rows, 5 columns
[2026-02-12T20:52:54.948+0000] {pdf_pipeline.py:237} INFO - [pdf] Uploaded table CSV -> processed/structured/pdf-tables/sample-tables_page6_table2.csv
[2026-02-12T20:52:54.951+0000] {structured_pipeline.py:108} INFO - Table name: data_sample_tables_page6_table2
[2026-02-12T20:52:54.954+0000] {structured_pipeline.py:124} INFO - [Normalize] Normalizing DataFrame with 3 columns
[2026-02-12T20:52:54.970+0000] {logging_mixin.py:151} WARNING - /opt/python-etl/pipelines/structured_pipeline.py:190 UserWarning: Could not infer format, so each element will be parsed individually, falling back to `dateutil`. To ensure parsing is consistent and as-expected, please specify a format.
[2026-02-12T20:52:54.981+0000] {logging_mixin.py:151} WARNING - /opt/python-etl/pipelines/structured_pipeline.py:190 UserWarning: Could not infer format, so each element will be parsed individually, falling back to `dateutil`. To ensure parsing is consistent and as-expected, please specify a format.
[2026-02-12T20:52:54.994+0000] {logging_mixin.py:151} WARNING - /opt/python-etl/pipelines/structured_pipeline.py:190 UserWarning: Could not infer format, so each element will be parsed individually, falling back to `dateutil`. To ensure parsing is consistent and as-expected, please specify a format.
[2026-02-12T20:52:55.004+0000] {pdf_pipeline.py:286} INFO - [pdf] Created table: data_sample_tables_page6_table2
[2026-02-12T20:52:55.010+0000] {pdf_pipeline.py:299} INFO - [pdf] Loaded 10 rows into data_sample_tables_page6_table2
[2026-02-12T20:52:55.017+0000] {pdf_pipeline.py:534} INFO - [pdf] Processed table 17: 10 rows, 3 columns
[2026-02-12T20:52:55.056+0000] {pdf_pipeline.py:237} INFO - [pdf] Uploaded table CSV -> processed/structured/pdf-tables/sample-tables_page6_table3.csv
[2026-02-12T20:52:55.057+0000] {structured_pipeline.py:108} INFO - Table name: data_sample_tables_page6_table3
[2026-02-12T20:52:55.062+0000] {structured_pipeline.py:124} INFO - [Normalize] Normalizing DataFrame with 3 columns
[2026-02-12T20:52:55.069+0000] {logging_mixin.py:151} WARNING - /opt/python-etl/pipelines/structured_pipeline.py:190 UserWarning: Could not infer format, so each element will be parsed individually, falling back to `dateutil`. To ensure parsing is consistent and as-expected, please specify a format.
[2026-02-12T20:52:55.074+0000] {logging_mixin.py:151} WARNING - /opt/python-etl/pipelines/structured_pipeline.py:190 UserWarning: Could not infer format, so each element will be parsed individually, falling back to `dateutil`. To ensure parsing is consistent and as-expected, please specify a format.
[2026-02-12T20:52:55.080+0000] {logging_mixin.py:151} WARNING - /opt/python-etl/pipelines/structured_pipeline.py:190 UserWarning: Could not infer format, so each element will be parsed individually, falling back to `dateutil`. To ensure parsing is consistent and as-expected, please specify a format.
[2026-02-12T20:52:55.084+0000] {pdf_pipeline.py:286} INFO - [pdf] Created table: data_sample_tables_page6_table3
[2026-02-12T20:52:55.090+0000] {pdf_pipeline.py:299} INFO - [pdf] Loaded 10 rows into data_sample_tables_page6_table3
[2026-02-12T20:52:55.096+0000] {pdf_pipeline.py:534} INFO - [pdf] Processed table 18: 10 rows, 3 columns
[2026-02-12T20:52:55.596+0000] {pdf_pipeline.py:237} INFO - [pdf] Uploaded table CSV -> processed/structured/pdf-tables/sample-tables_page7_table1.csv
[2026-02-12T20:52:55.597+0000] {structured_pipeline.py:108} INFO - Table name: data_sample_tables_page7_table1
[2026-02-12T20:52:55.598+0000] {structured_pipeline.py:124} INFO - [Normalize] Normalizing DataFrame with 5 columns
[2026-02-12T20:52:55.610+0000] {logging_mixin.py:151} WARNING - /opt/python-etl/pipelines/structured_pipeline.py:190 UserWarning: Could not infer format, so each element will be parsed individually, falling back to `dateutil`. To ensure parsing is consistent and as-expected, please specify a format.
[2026-02-12T20:52:55.615+0000] {logging_mixin.py:151} WARNING - /opt/python-etl/pipelines/structured_pipeline.py:190 UserWarning: Could not infer format, so each element will be parsed individually, falling back to `dateutil`. To ensure parsing is consistent and as-expected, please specify a format.
[2026-02-12T20:52:55.621+0000] {logging_mixin.py:151} WARNING - /opt/python-etl/pipelines/structured_pipeline.py:190 UserWarning: Could not infer format, so each element will be parsed individually, falling back to `dateutil`. To ensure parsing is consistent and as-expected, please specify a format.
[2026-02-12T20:52:55.630+0000] {pdf_pipeline.py:286} INFO - [pdf] Created table: data_sample_tables_page7_table1
[2026-02-12T20:52:55.634+0000] {pdf_pipeline.py:299} INFO - [pdf] Loaded 5 rows into data_sample_tables_page7_table1
[2026-02-12T20:52:55.639+0000] {pdf_pipeline.py:534} INFO - [pdf] Processed table 19: 5 rows, 5 columns
[2026-02-12T20:52:55.667+0000] {pdf_pipeline.py:237} INFO - [pdf] Uploaded table CSV -> processed/structured/pdf-tables/sample-tables_page7_table2.csv
[2026-02-12T20:52:55.668+0000] {structured_pipeline.py:108} INFO - Table name: data_sample_tables_page7_table2
[2026-02-12T20:52:55.670+0000] {structured_pipeline.py:124} INFO - [Normalize] Normalizing DataFrame with 4 columns
[2026-02-12T20:52:55.677+0000] {logging_mixin.py:151} WARNING - /opt/python-etl/pipelines/structured_pipeline.py:190 UserWarning: Could not infer format, so each element will be parsed individually, falling back to `dateutil`. To ensure parsing is consistent and as-expected, please specify a format.
[2026-02-12T20:52:55.682+0000] {logging_mixin.py:151} WARNING - /opt/python-etl/pipelines/structured_pipeline.py:190 UserWarning: Could not infer format, so each element will be parsed individually, falling back to `dateutil`. To ensure parsing is consistent and as-expected, please specify a format.
[2026-02-12T20:52:55.689+0000] {pdf_pipeline.py:286} INFO - [pdf] Created table: data_sample_tables_page7_table2
[2026-02-12T20:52:55.693+0000] {pdf_pipeline.py:299} INFO - [pdf] Loaded 7 rows into data_sample_tables_page7_table2
[2026-02-12T20:52:55.698+0000] {pdf_pipeline.py:534} INFO - [pdf] Processed table 20: 7 rows, 4 columns
[2026-02-12T20:52:56.183+0000] {pdf_pipeline.py:237} INFO - [pdf] Uploaded table CSV -> processed/structured/pdf-tables/sample-tables_page8_table1.csv
[2026-02-12T20:52:56.184+0000] {structured_pipeline.py:108} INFO - Table name: data_sample_tables_page8_table1
[2026-02-12T20:52:56.186+0000] {structured_pipeline.py:124} INFO - [Normalize] Normalizing DataFrame with 4 columns
[2026-02-12T20:52:56.196+0000] {logging_mixin.py:151} WARNING - /opt/python-etl/pipelines/structured_pipeline.py:190 UserWarning: Could not infer format, so each element will be parsed individually, falling back to `dateutil`. To ensure parsing is consistent and as-expected, please specify a format.
[2026-02-12T20:52:56.201+0000] {logging_mixin.py:151} WARNING - /opt/python-etl/pipelines/structured_pipeline.py:190 UserWarning: Could not infer format, so each element will be parsed individually, falling back to `dateutil`. To ensure parsing is consistent and as-expected, please specify a format.
[2026-02-12T20:52:56.213+0000] {pdf_pipeline.py:286} INFO - [pdf] Created table: data_sample_tables_page8_table1
[2026-02-12T20:52:56.220+0000] {pdf_pipeline.py:299} INFO - [pdf] Loaded 7 rows into data_sample_tables_page8_table1
[2026-02-12T20:52:56.225+0000] {pdf_pipeline.py:534} INFO - [pdf] Processed table 21: 7 rows, 4 columns
[2026-02-12T20:52:56.252+0000] {pdf_pipeline.py:237} INFO - [pdf] Uploaded table CSV -> processed/structured/pdf-tables/sample-tables_page8_table2.csv
[2026-02-12T20:52:56.253+0000] {structured_pipeline.py:108} INFO - Table name: data_sample_tables_page8_table2
[2026-02-12T20:52:56.256+0000] {structured_pipeline.py:124} INFO - [Normalize] Normalizing DataFrame with 4 columns
[2026-02-12T20:52:56.264+0000] {logging_mixin.py:151} WARNING - /opt/python-etl/pipelines/structured_pipeline.py:190 UserWarning: Could not infer format, so each element will be parsed individually, falling back to `dateutil`. To ensure parsing is consistent and as-expected, please specify a format.
[2026-02-12T20:52:56.275+0000] {pdf_pipeline.py:286} INFO - [pdf] Created table: data_sample_tables_page8_table2
[2026-02-12T20:52:56.279+0000] {pdf_pipeline.py:299} INFO - [pdf] Loaded 7 rows into data_sample_tables_page8_table2
[2026-02-12T20:52:56.283+0000] {pdf_pipeline.py:534} INFO - [pdf] Processed table 22: 7 rows, 4 columns
[2026-02-12T20:52:56.308+0000] {pdf_pipeline.py:237} INFO - [pdf] Uploaded table CSV -> processed/structured/pdf-tables/sample-tables_page8_table3.csv
[2026-02-12T20:52:56.309+0000] {structured_pipeline.py:108} INFO - Table name: data_sample_tables_page8_table3
[2026-02-12T20:52:56.311+0000] {structured_pipeline.py:124} INFO - [Normalize] Normalizing DataFrame with 5 columns
[2026-02-12T20:52:56.321+0000] {logging_mixin.py:151} WARNING - /opt/python-etl/pipelines/structured_pipeline.py:190 UserWarning: Could not infer format, so each element will be parsed individually, falling back to `dateutil`. To ensure parsing is consistent and as-expected, please specify a format.
[2026-02-12T20:52:56.327+0000] {logging_mixin.py:151} WARNING - /opt/python-etl/pipelines/structured_pipeline.py:190 UserWarning: Could not infer format, so each element will be parsed individually, falling back to `dateutil`. To ensure parsing is consistent and as-expected, please specify a format.
[2026-02-12T20:52:56.332+0000] {logging_mixin.py:151} WARNING - /opt/python-etl/pipelines/structured_pipeline.py:190 UserWarning: Could not infer format, so each element will be parsed individually, falling back to `dateutil`. To ensure parsing is consistent and as-expected, please specify a format.
[2026-02-12T20:52:56.337+0000] {logging_mixin.py:151} WARNING - /opt/python-etl/pipelines/structured_pipeline.py:190 UserWarning: Could not infer format, so each element will be parsed individually, falling back to `dateutil`. To ensure parsing is consistent and as-expected, please specify a format.
[2026-02-12T20:52:56.343+0000] {logging_mixin.py:151} WARNING - /opt/python-etl/pipelines/structured_pipeline.py:190 UserWarning: Could not infer format, so each element will be parsed individually, falling back to `dateutil`. To ensure parsing is consistent and as-expected, please specify a format.
[2026-02-12T20:52:56.347+0000] {pdf_pipeline.py:286} INFO - [pdf] Created table: data_sample_tables_page8_table3
[2026-02-12T20:52:56.351+0000] {pdf_pipeline.py:299} INFO - [pdf] Loaded 3 rows into data_sample_tables_page8_table3
[2026-02-12T20:52:56.357+0000] {pdf_pipeline.py:534} INFO - [pdf] Processed table 23: 3 rows, 5 columns
[2026-02-12T20:52:56.983+0000] {pdf_pipeline.py:237} INFO - [pdf] Uploaded table CSV -> processed/structured/pdf-tables/sample-tables_page9_table1.csv
[2026-02-12T20:52:56.984+0000] {structured_pipeline.py:108} INFO - Table name: data_sample_tables_page9_table1
[2026-02-12T20:52:56.986+0000] {structured_pipeline.py:124} INFO - [Normalize] Normalizing DataFrame with 4 columns
[2026-02-12T20:52:56.992+0000] {logging_mixin.py:151} WARNING - /opt/python-etl/pipelines/structured_pipeline.py:190 UserWarning: Could not infer format, so each element will be parsed individually, falling back to `dateutil`. To ensure parsing is consistent and as-expected, please specify a format.
[2026-02-12T20:52:57.002+0000] {pdf_pipeline.py:286} INFO - [pdf] Created table: data_sample_tables_page9_table1
[2026-02-12T20:52:57.006+0000] {pdf_pipeline.py:299} INFO - [pdf] Loaded 12 rows into data_sample_tables_page9_table1
[2026-02-12T20:52:57.011+0000] {pdf_pipeline.py:534} INFO - [pdf] Processed table 24: 12 rows, 4 columns
[2026-02-12T20:52:57.034+0000] {pdf_pipeline.py:237} INFO - [pdf] Uploaded table CSV -> processed/structured/pdf-tables/sample-tables_page9_table2.csv
[2026-02-12T20:52:57.035+0000] {structured_pipeline.py:108} INFO - Table name: data_sample_tables_page9_table2
[2026-02-12T20:52:57.036+0000] {structured_pipeline.py:124} INFO - [Normalize] Normalizing DataFrame with 5 columns
[2026-02-12T20:52:57.044+0000] {logging_mixin.py:151} WARNING - /opt/python-etl/pipelines/structured_pipeline.py:190 UserWarning: Could not infer format, so each element will be parsed individually, falling back to `dateutil`. To ensure parsing is consistent and as-expected, please specify a format.
[2026-02-12T20:52:57.049+0000] {logging_mixin.py:151} WARNING - /opt/python-etl/pipelines/structured_pipeline.py:190 UserWarning: Could not infer format, so each element will be parsed individually, falling back to `dateutil`. To ensure parsing is consistent and as-expected, please specify a format.
[2026-02-12T20:52:57.053+0000] {logging_mixin.py:151} WARNING - /opt/python-etl/pipelines/structured_pipeline.py:190 UserWarning: Could not infer format, so each element will be parsed individually, falling back to `dateutil`. To ensure parsing is consistent and as-expected, please specify a format.
[2026-02-12T20:52:57.057+0000] {logging_mixin.py:151} WARNING - /opt/python-etl/pipelines/structured_pipeline.py:190 UserWarning: Could not infer format, so each element will be parsed individually, falling back to `dateutil`. To ensure parsing is consistent and as-expected, please specify a format.
[2026-02-12T20:52:57.063+0000] {logging_mixin.py:151} WARNING - /opt/python-etl/pipelines/structured_pipeline.py:190 UserWarning: Could not infer format, so each element will be parsed individually, falling back to `dateutil`. To ensure parsing is consistent and as-expected, please specify a format.
[2026-02-12T20:52:57.067+0000] {pdf_pipeline.py:286} INFO - [pdf] Created table: data_sample_tables_page9_table2
[2026-02-12T20:52:57.071+0000] {pdf_pipeline.py:299} INFO - [pdf] Loaded 4 rows into data_sample_tables_page9_table2
[2026-02-12T20:52:57.077+0000] {pdf_pipeline.py:534} INFO - [pdf] Processed table 25: 4 rows, 5 columns
[2026-02-12T20:52:57.103+0000] {pdf_pipeline.py:237} INFO - [pdf] Uploaded table CSV -> processed/structured/pdf-tables/sample-tables_page9_table3.csv
[2026-02-12T20:52:57.104+0000] {structured_pipeline.py:108} INFO - Table name: data_sample_tables_page9_table3
[2026-02-12T20:52:57.105+0000] {structured_pipeline.py:124} INFO - [Normalize] Normalizing DataFrame with 5 columns
[2026-02-12T20:52:57.113+0000] {logging_mixin.py:151} WARNING - /opt/python-etl/pipelines/structured_pipeline.py:190 UserWarning: Could not infer format, so each element will be parsed individually, falling back to `dateutil`. To ensure parsing is consistent and as-expected, please specify a format.
[2026-02-12T20:52:57.118+0000] {logging_mixin.py:151} WARNING - /opt/python-etl/pipelines/structured_pipeline.py:190 UserWarning: Could not infer format, so each element will be parsed individually, falling back to `dateutil`. To ensure parsing is consistent and as-expected, please specify a format.
[2026-02-12T20:52:57.122+0000] {logging_mixin.py:151} WARNING - /opt/python-etl/pipelines/structured_pipeline.py:190 UserWarning: Could not infer format, so each element will be parsed individually, falling back to `dateutil`. To ensure parsing is consistent and as-expected, please specify a format.
[2026-02-12T20:52:57.127+0000] {logging_mixin.py:151} WARNING - /opt/python-etl/pipelines/structured_pipeline.py:190 UserWarning: Could not infer format, so each element will be parsed individually, falling back to `dateutil`. To ensure parsing is consistent and as-expected, please specify a format.
[2026-02-12T20:52:57.132+0000] {logging_mixin.py:151} WARNING - /opt/python-etl/pipelines/structured_pipeline.py:190 UserWarning: Could not infer format, so each element will be parsed individually, falling back to `dateutil`. To ensure parsing is consistent and as-expected, please specify a format.
[2026-02-12T20:52:57.135+0000] {pdf_pipeline.py:286} INFO - [pdf] Created table: data_sample_tables_page9_table3
[2026-02-12T20:52:57.139+0000] {pdf_pipeline.py:299} INFO - [pdf] Loaded 6 rows into data_sample_tables_page9_table3
[2026-02-12T20:52:57.145+0000] {pdf_pipeline.py:534} INFO - [pdf] Processed table 26: 6 rows, 5 columns
[2026-02-12T20:52:57.501+0000] {pdf_pipeline.py:237} INFO - [pdf] Uploaded table CSV -> processed/structured/pdf-tables/sample-tables_page10_table1.csv
[2026-02-12T20:52:57.502+0000] {structured_pipeline.py:108} INFO - Table name: data_sample_tables_page10_table1
[2026-02-12T20:52:57.504+0000] {structured_pipeline.py:124} INFO - [Normalize] Normalizing DataFrame with 3 columns
[2026-02-12T20:52:57.510+0000] {logging_mixin.py:151} WARNING - /opt/python-etl/pipelines/structured_pipeline.py:190 UserWarning: Could not infer format, so each element will be parsed individually, falling back to `dateutil`. To ensure parsing is consistent and as-expected, please specify a format.
[2026-02-12T20:52:57.517+0000] {pdf_pipeline.py:286} INFO - [pdf] Created table: data_sample_tables_page10_table1
[2026-02-12T20:52:57.521+0000] {pdf_pipeline.py:299} INFO - [pdf] Loaded 3 rows into data_sample_tables_page10_table1
[2026-02-12T20:52:57.526+0000] {pdf_pipeline.py:534} INFO - [pdf] Processed table 27: 3 rows, 3 columns
[2026-02-12T20:52:57.558+0000] {pdf_pipeline.py:237} INFO - [pdf] Uploaded table CSV -> processed/structured/pdf-tables/sample-tables_page10_table2.csv
[2026-02-12T20:52:57.558+0000] {structured_pipeline.py:108} INFO - Table name: data_sample_tables_page10_table2
[2026-02-12T20:52:57.561+0000] {structured_pipeline.py:124} INFO - [Normalize] Normalizing DataFrame with 4 columns
[2026-02-12T20:52:57.581+0000] {logging_mixin.py:151} WARNING - /opt/python-etl/pipelines/structured_pipeline.py:190 UserWarning: Could not infer format, so each element will be parsed individually, falling back to `dateutil`. To ensure parsing is consistent and as-expected, please specify a format.
[2026-02-12T20:52:57.596+0000] {pdf_pipeline.py:286} INFO - [pdf] Created table: data_sample_tables_page10_table2
[2026-02-12T20:52:57.602+0000] {pdf_pipeline.py:299} INFO - [pdf] Loaded 12 rows into data_sample_tables_page10_table2
[2026-02-12T20:52:57.609+0000] {pdf_pipeline.py:534} INFO - [pdf] Processed table 28: 12 rows, 4 columns
[2026-02-12T20:52:57.962+0000] {pdf_pipeline.py:237} INFO - [pdf] Uploaded table CSV -> processed/structured/pdf-tables/sample-tables_page11_table1.csv
[2026-02-12T20:52:57.963+0000] {structured_pipeline.py:108} INFO - Table name: data_sample_tables_page11_table1
[2026-02-12T20:52:57.966+0000] {structured_pipeline.py:124} INFO - [Normalize] Normalizing DataFrame with 5 columns
[2026-02-12T20:52:57.982+0000] {pdf_pipeline.py:286} INFO - [pdf] Created table: data_sample_tables_page11_table1
[2026-02-12T20:52:57.986+0000] {pdf_pipeline.py:299} INFO - [pdf] Loaded 12 rows into data_sample_tables_page11_table1
[2026-02-12T20:52:57.990+0000] {pdf_pipeline.py:534} INFO - [pdf] Processed table 29: 12 rows, 5 columns
[2026-02-12T20:52:57.991+0000] {pdf_pipeline.py:551} INFO - [pdf] Extracted 29 tables with 189 total rows
[2026-02-12T20:52:57.992+0000] {pdf_pipeline.py:567} ERROR - [pdf] Failed catalog update for raw/sample-tables.pdf: cannot access local variable 'pdf_metadata' where it is not associated with a value
Traceback (most recent call last):
  File "/opt/python-etl/pipelines/pdf_pipeline.py", line 561, in process_minio_object
    content_hash=file_hash,
                 ^^^^^^^^^
UnboundLocalError: cannot access local variable 'pdf_metadata' where it is not associated with a value
[2026-02-12T20:52:57.994+0000] {pdf_pipeline.py:570} INFO - [pdf] ✅ Completed processing: raw/sample-tables.pdf | pages=11 | tables=29 | rows=189 | text_chars=0
[2026-02-12T20:52:57.995+0000] {etl_manager.py:306} INFO - ETL completed: raw/sample-tables.pdf
[2026-02-12T20:52:57.996+0000] {logging_mixin.py:151} INFO - [DISPATCHER] Archiving raw/sample-tables.pdf -> raw-data/2026-02-12/sample-tables.pdf
[2026-02-12T20:52:58.026+0000] {logging_mixin.py:151} INFO - [DISPATCHER] Completed & removed landing copy: raw/sample-tables.pdf
[2026-02-12T20:52:58.026+0000] {python.py:194} INFO - Done. Returned value was: None
[2026-02-12T20:52:58.069+0000] {taskinstance.py:1398} INFO - Marking task as SUCCESS. dag_id=distillationDAG, task_id=scan_minio_and_dispatch, execution_date=20260212T205158, start_date=20260212T205247, end_date=20260212T205258
[2026-02-12T20:52:58.230+0000] {local_task_job_runner.py:228} INFO - Task exited with return code 0
[2026-02-12T20:52:58.310+0000] {taskinstance.py:2776} INFO - 0 downstream tasks scheduled from follow-on schedule check
