[2025-11-27T05:43:51.045+0000] {taskinstance.py:1157} INFO - Dependencies all met for dep_context=non-requeueable deps ti=<TaskInstance: distillationDAG.scan_minio_and_dispatch scheduled__2025-11-27T05:33:02.813458+00:00 [queued]>
[2025-11-27T05:43:51.055+0000] {taskinstance.py:1157} INFO - Dependencies all met for dep_context=requeueable deps ti=<TaskInstance: distillationDAG.scan_minio_and_dispatch scheduled__2025-11-27T05:33:02.813458+00:00 [queued]>
[2025-11-27T05:43:51.055+0000] {taskinstance.py:1359} INFO - Starting attempt 2 of 4
[2025-11-27T05:43:51.071+0000] {taskinstance.py:1380} INFO - Executing <Task(PythonOperator): scan_minio_and_dispatch> on 2025-11-27 05:33:02.813458+00:00
[2025-11-27T05:43:51.084+0000] {standard_task_runner.py:57} INFO - Started process 627 to run task
[2025-11-27T05:43:51.093+0000] {standard_task_runner.py:84} INFO - Running: ['***', 'tasks', 'run', 'distillationDAG', 'scan_minio_and_dispatch', 'scheduled__2025-11-27T05:33:02.813458+00:00', '--job-id', '431', '--raw', '--subdir', 'DAGS_FOLDER/dispatcher_pipeline_dag.py', '--cfg-path', '/tmp/tmppgchdpqb']
[2025-11-27T05:43:51.101+0000] {standard_task_runner.py:85} INFO - Job 431: Subtask scan_minio_and_dispatch
[2025-11-27T05:43:51.157+0000] {logging_mixin.py:151} WARNING - /home/***/.local/lib/python3.11/site-packages/***/settings.py:195 DeprecationWarning: The sql_alchemy_conn option in [core] has been moved to the sql_alchemy_conn option in [database] - the old setting has been used, but please update your config.
[2025-11-27T05:43:51.276+0000] {task_command.py:415} INFO - Running <TaskInstance: distillationDAG.scan_minio_and_dispatch scheduled__2025-11-27T05:33:02.813458+00:00 [running]> on host 7ee2414f740c
[2025-11-27T05:43:51.775+0000] {taskinstance.py:1660} INFO - Exporting env vars: AIRFLOW_CTX_DAG_OWNER='***' AIRFLOW_CTX_DAG_ID='distillationDAG' AIRFLOW_CTX_TASK_ID='scan_minio_and_dispatch' AIRFLOW_CTX_EXECUTION_DATE='2025-11-27T05:33:02.813458+00:00' AIRFLOW_CTX_TRY_NUMBER='2' AIRFLOW_CTX_DAG_RUN_ID='scheduled__2025-11-27T05:33:02.813458+00:00'
[2025-11-27T05:43:51.788+0000] {logging_mixin.py:151} INFO - [DISPATCHER] Found file: raw/report_test1.pdf
[2025-11-27T05:43:52.008+0000] {pdf_pipeline.py:98} INFO - [pdf] Processing raw/report_test1.pdf
[2025-11-27T05:43:52.128+0000] {pdf_pipeline.py:126} INFO - [pdf] Uploaded extracted text -> processed/unstructured/text-extracted/report_test1.txt
[2025-11-27T05:43:52.409+0000] {pdf_pipeline.py:190} INFO - [pdf] Completed processing: raw/report_test1.pdf, tables_extracted=0
[2025-11-27T05:43:52.409+0000] {etl_manager.py:291} INFO - Processing complete for: raw/report_test1.pdf
[2025-11-27T05:43:52.410+0000] {logging_mixin.py:151} INFO - [DISPATCHER] Archiving raw/report_test1.pdf -> raw-data/2025-11-27/report_test1.pdf
[2025-11-27T05:43:52.429+0000] {logging_mixin.py:151} INFO - [DISPATCHER] Completed & removed landing copy: raw/report_test1.pdf
[2025-11-27T05:43:52.429+0000] {logging_mixin.py:151} INFO - [DISPATCHER] Found file: raw/testdoc_1.doc
[2025-11-27T05:43:52.444+0000] {docx_pipeline.py:16} INFO - [docx] Processing raw/testdoc_1.doc
[2025-11-27T05:43:52.450+0000] {docx_pipeline.py:50} ERROR - [docx] Error processing raw/testdoc_1.doc
Traceback (most recent call last):
  File "/opt/python-etl/pipelines/docx_pipeline.py", line 21, in process_minio_object
    text = extract_text_from_docx_bytes(data)
           ^^^^^^^^^^^^^^^^^^^^^^^^^^^^^^^^^^
  File "/opt/python-etl/pipelines/docx_pipeline.py", line 10, in extract_text_from_docx_bytes
    doc = Document(buffer)
          ^^^^^^^^^^^^^^^^
  File "/home/airflow/.local/lib/python3.11/site-packages/docx/api.py", line 27, in Document
    document_part = cast("DocumentPart", Package.open(docx).main_document_part)
                                         ^^^^^^^^^^^^^^^^^^
  File "/home/airflow/.local/lib/python3.11/site-packages/docx/opc/package.py", line 126, in open
    pkg_reader = PackageReader.from_file(pkg_file)
                 ^^^^^^^^^^^^^^^^^^^^^^^^^^^^^^^^^
  File "/home/airflow/.local/lib/python3.11/site-packages/docx/opc/pkgreader.py", line 22, in from_file
    phys_reader = PhysPkgReader(pkg_file)
                  ^^^^^^^^^^^^^^^^^^^^^^^
  File "/home/airflow/.local/lib/python3.11/site-packages/docx/opc/phys_pkg.py", line 76, in __init__
    self._zipf = ZipFile(pkg_file, "r")
                 ^^^^^^^^^^^^^^^^^^^^^^
  File "/usr/local/lib/python3.11/zipfile.py", line 1302, in __init__
    self._RealGetContents()
  File "/usr/local/lib/python3.11/zipfile.py", line 1369, in _RealGetContents
    raise BadZipFile("File is not a zip file")
zipfile.BadZipFile: File is not a zip file
[2025-11-27T05:43:52.455+0000] {taskinstance.py:1935} ERROR - Task failed with exception
Traceback (most recent call last):
  File "/home/airflow/.local/lib/python3.11/site-packages/airflow/operators/python.py", line 192, in execute
    return_value = self.execute_callable()
                   ^^^^^^^^^^^^^^^^^^^^^^^
  File "/home/airflow/.local/lib/python3.11/site-packages/airflow/operators/python.py", line 209, in execute_callable
    return self.python_callable(*self.op_args, **self.op_kwargs)
           ^^^^^^^^^^^^^^^^^^^^^^^^^^^^^^^^^^^^^^^^^^^^^^^^^^^^^
  File "/opt/airflow/dags/dispatcher_pipeline_dag.py", line 56, in scan_and_dispatch
    run_pipeline_for_object(object_name)
  File "/opt/python-etl/etl_manager.py", line 280, in run_pipeline_for_object
    docx_pipeline.process_minio_object(
  File "/opt/python-etl/pipelines/docx_pipeline.py", line 21, in process_minio_object
    text = extract_text_from_docx_bytes(data)
           ^^^^^^^^^^^^^^^^^^^^^^^^^^^^^^^^^^
  File "/opt/python-etl/pipelines/docx_pipeline.py", line 10, in extract_text_from_docx_bytes
    doc = Document(buffer)
          ^^^^^^^^^^^^^^^^
  File "/home/airflow/.local/lib/python3.11/site-packages/docx/api.py", line 27, in Document
    document_part = cast("DocumentPart", Package.open(docx).main_document_part)
                                         ^^^^^^^^^^^^^^^^^^
  File "/home/airflow/.local/lib/python3.11/site-packages/docx/opc/package.py", line 126, in open
    pkg_reader = PackageReader.from_file(pkg_file)
                 ^^^^^^^^^^^^^^^^^^^^^^^^^^^^^^^^^
  File "/home/airflow/.local/lib/python3.11/site-packages/docx/opc/pkgreader.py", line 22, in from_file
    phys_reader = PhysPkgReader(pkg_file)
                  ^^^^^^^^^^^^^^^^^^^^^^^
  File "/home/airflow/.local/lib/python3.11/site-packages/docx/opc/phys_pkg.py", line 76, in __init__
    self._zipf = ZipFile(pkg_file, "r")
                 ^^^^^^^^^^^^^^^^^^^^^^
  File "/usr/local/lib/python3.11/zipfile.py", line 1302, in __init__
    self._RealGetContents()
  File "/usr/local/lib/python3.11/zipfile.py", line 1369, in _RealGetContents
    raise BadZipFile("File is not a zip file")
zipfile.BadZipFile: File is not a zip file
[2025-11-27T05:43:52.477+0000] {taskinstance.py:1398} INFO - Marking task as UP_FOR_RETRY. dag_id=distillationDAG, task_id=scan_minio_and_dispatch, execution_date=20251127T053302, start_date=20251127T054351, end_date=20251127T054352
[2025-11-27T05:43:52.494+0000] {standard_task_runner.py:104} ERROR - Failed to execute job 431 for task scan_minio_and_dispatch (File is not a zip file; 627)
[2025-11-27T05:43:52.547+0000] {local_task_job_runner.py:228} INFO - Task exited with return code 1
[2025-11-27T05:43:52.612+0000] {taskinstance.py:2776} INFO - 0 downstream tasks scheduled from follow-on schedule check
