[2026-03-04T23:32:27.987+0000] {processor.py:157} INFO - Started process (PID=1303) to work on /opt/airflow/dags/embedding_sync_dag.py
[2026-03-04T23:32:27.990+0000] {processor.py:829} INFO - Processing file /opt/airflow/dags/embedding_sync_dag.py for tasks to queue
[2026-03-04T23:32:27.992+0000] {logging_mixin.py:151} INFO - [2026-03-04T23:32:27.991+0000] {dagbag.py:539} INFO - Filling up the DagBag from /opt/airflow/dags/embedding_sync_dag.py
[2026-03-04T23:32:28.042+0000] {processor.py:839} INFO - DAG(s) dict_keys(['embedding_sync_dag']) retrieved from /opt/airflow/dags/embedding_sync_dag.py
[2026-03-04T23:32:28.459+0000] {logging_mixin.py:151} INFO - [2026-03-04T23:32:28.458+0000] {manager.py:499} INFO - Created Permission View: %s
[2026-03-04T23:32:28.491+0000] {logging_mixin.py:151} INFO - [2026-03-04T23:32:28.491+0000] {manager.py:499} INFO - Created Permission View: %s
[2026-03-04T23:32:28.509+0000] {logging_mixin.py:151} INFO - [2026-03-04T23:32:28.508+0000] {manager.py:499} INFO - Created Permission View: %s
[2026-03-04T23:32:28.510+0000] {logging_mixin.py:151} INFO - [2026-03-04T23:32:28.509+0000] {security.py:708} INFO - Not syncing DAG-level permissions for DAG 'DAG:embedding_sync_dag' as access control is unset.
[2026-03-04T23:32:28.511+0000] {logging_mixin.py:151} INFO - [2026-03-04T23:32:28.510+0000] {dag.py:2915} INFO - Sync 1 DAGs
[2026-03-04T23:32:28.545+0000] {logging_mixin.py:151} INFO - [2026-03-04T23:32:28.544+0000] {dag.py:2937} INFO - Creating ORM DAG for embedding_sync_dag
[2026-03-04T23:32:28.588+0000] {logging_mixin.py:151} INFO - [2026-03-04T23:32:28.588+0000] {dag.py:3696} INFO - Setting next_dagrun for embedding_sync_dag to 2026-03-04T23:25:00+00:00, run_after=2026-03-04T23:30:00+00:00
[2026-03-04T23:32:28.962+0000] {processor.py:179} INFO - Processing /opt/airflow/dags/embedding_sync_dag.py took 0.986 seconds
[2026-03-04T23:32:59.381+0000] {processor.py:157} INFO - Started process (PID=1321) to work on /opt/airflow/dags/embedding_sync_dag.py
[2026-03-04T23:32:59.383+0000] {processor.py:829} INFO - Processing file /opt/airflow/dags/embedding_sync_dag.py for tasks to queue
[2026-03-04T23:32:59.386+0000] {logging_mixin.py:151} INFO - [2026-03-04T23:32:59.385+0000] {dagbag.py:539} INFO - Filling up the DagBag from /opt/airflow/dags/embedding_sync_dag.py
[2026-03-04T23:32:59.436+0000] {processor.py:839} INFO - DAG(s) dict_keys(['embedding_sync_dag']) retrieved from /opt/airflow/dags/embedding_sync_dag.py
[2026-03-04T23:32:59.555+0000] {logging_mixin.py:151} INFO - [2026-03-04T23:32:59.554+0000] {dag.py:2915} INFO - Sync 1 DAGs
[2026-03-04T23:32:59.642+0000] {logging_mixin.py:151} INFO - [2026-03-04T23:32:59.641+0000] {dag.py:3696} INFO - Setting next_dagrun for embedding_sync_dag to 2026-03-04T23:25:00+00:00, run_after=2026-03-04T23:30:00+00:00
[2026-03-04T23:32:59.700+0000] {processor.py:179} INFO - Processing /opt/airflow/dags/embedding_sync_dag.py took 0.331 seconds
[2026-03-04T23:33:29.797+0000] {processor.py:157} INFO - Started process (PID=1339) to work on /opt/airflow/dags/embedding_sync_dag.py
[2026-03-04T23:33:29.800+0000] {processor.py:829} INFO - Processing file /opt/airflow/dags/embedding_sync_dag.py for tasks to queue
[2026-03-04T23:33:29.802+0000] {logging_mixin.py:151} INFO - [2026-03-04T23:33:29.801+0000] {dagbag.py:539} INFO - Filling up the DagBag from /opt/airflow/dags/embedding_sync_dag.py
[2026-03-04T23:33:29.850+0000] {processor.py:839} INFO - DAG(s) dict_keys(['embedding_sync_dag']) retrieved from /opt/airflow/dags/embedding_sync_dag.py
[2026-03-04T23:33:29.944+0000] {logging_mixin.py:151} INFO - [2026-03-04T23:33:29.944+0000] {dag.py:2915} INFO - Sync 1 DAGs
[2026-03-04T23:33:30.013+0000] {logging_mixin.py:151} INFO - [2026-03-04T23:33:30.012+0000] {dag.py:3696} INFO - Setting next_dagrun for embedding_sync_dag to 2026-03-04T23:25:00+00:00, run_after=2026-03-04T23:30:00+00:00
[2026-03-04T23:33:30.065+0000] {processor.py:179} INFO - Processing /opt/airflow/dags/embedding_sync_dag.py took 0.279 seconds
[2026-03-04T23:34:00.214+0000] {processor.py:157} INFO - Started process (PID=1357) to work on /opt/airflow/dags/embedding_sync_dag.py
[2026-03-04T23:34:00.217+0000] {processor.py:829} INFO - Processing file /opt/airflow/dags/embedding_sync_dag.py for tasks to queue
[2026-03-04T23:34:00.219+0000] {logging_mixin.py:151} INFO - [2026-03-04T23:34:00.218+0000] {dagbag.py:539} INFO - Filling up the DagBag from /opt/airflow/dags/embedding_sync_dag.py
[2026-03-04T23:34:00.260+0000] {processor.py:839} INFO - DAG(s) dict_keys(['embedding_sync_dag']) retrieved from /opt/airflow/dags/embedding_sync_dag.py
[2026-03-04T23:34:00.357+0000] {logging_mixin.py:151} INFO - [2026-03-04T23:34:00.357+0000] {dag.py:2915} INFO - Sync 1 DAGs
[2026-03-04T23:34:00.435+0000] {logging_mixin.py:151} INFO - [2026-03-04T23:34:00.434+0000] {dag.py:3696} INFO - Setting next_dagrun for embedding_sync_dag to 2026-03-04T23:25:00+00:00, run_after=2026-03-04T23:30:00+00:00
[2026-03-04T23:34:00.487+0000] {processor.py:179} INFO - Processing /opt/airflow/dags/embedding_sync_dag.py took 0.282 seconds
[2026-03-04T23:34:30.559+0000] {processor.py:157} INFO - Started process (PID=1375) to work on /opt/airflow/dags/embedding_sync_dag.py
[2026-03-04T23:34:30.561+0000] {processor.py:829} INFO - Processing file /opt/airflow/dags/embedding_sync_dag.py for tasks to queue
[2026-03-04T23:34:30.563+0000] {logging_mixin.py:151} INFO - [2026-03-04T23:34:30.562+0000] {dagbag.py:539} INFO - Filling up the DagBag from /opt/airflow/dags/embedding_sync_dag.py
[2026-03-04T23:34:30.607+0000] {processor.py:839} INFO - DAG(s) dict_keys(['embedding_sync_dag']) retrieved from /opt/airflow/dags/embedding_sync_dag.py
[2026-03-04T23:34:30.703+0000] {logging_mixin.py:151} INFO - [2026-03-04T23:34:30.703+0000] {dag.py:2915} INFO - Sync 1 DAGs
[2026-03-04T23:34:30.773+0000] {logging_mixin.py:151} INFO - [2026-03-04T23:34:30.772+0000] {dag.py:3696} INFO - Setting next_dagrun for embedding_sync_dag to 2026-03-04T23:25:00+00:00, run_after=2026-03-04T23:30:00+00:00
[2026-03-04T23:34:30.817+0000] {processor.py:179} INFO - Processing /opt/airflow/dags/embedding_sync_dag.py took 0.269 seconds
[2026-03-04T23:35:01.198+0000] {processor.py:157} INFO - Started process (PID=1389) to work on /opt/airflow/dags/embedding_sync_dag.py
[2026-03-04T23:35:01.202+0000] {processor.py:829} INFO - Processing file /opt/airflow/dags/embedding_sync_dag.py for tasks to queue
[2026-03-04T23:35:01.205+0000] {logging_mixin.py:151} INFO - [2026-03-04T23:35:01.203+0000] {dagbag.py:539} INFO - Filling up the DagBag from /opt/airflow/dags/embedding_sync_dag.py
[2026-03-04T23:35:01.256+0000] {processor.py:839} INFO - DAG(s) dict_keys(['embedding_sync_dag']) retrieved from /opt/airflow/dags/embedding_sync_dag.py
[2026-03-04T23:35:01.382+0000] {logging_mixin.py:151} INFO - [2026-03-04T23:35:01.382+0000] {dag.py:2915} INFO - Sync 1 DAGs
[2026-03-04T23:35:01.472+0000] {logging_mixin.py:151} INFO - [2026-03-04T23:35:01.472+0000] {dag.py:3696} INFO - Setting next_dagrun for embedding_sync_dag to 2026-03-04T23:30:00+00:00, run_after=2026-03-04T23:35:00+00:00
[2026-03-04T23:35:01.550+0000] {processor.py:179} INFO - Processing /opt/airflow/dags/embedding_sync_dag.py took 0.364 seconds
[2026-03-04T23:35:32.467+0000] {processor.py:157} INFO - Started process (PID=1401) to work on /opt/airflow/dags/embedding_sync_dag.py
[2026-03-04T23:35:32.471+0000] {processor.py:829} INFO - Processing file /opt/airflow/dags/embedding_sync_dag.py for tasks to queue
[2026-03-04T23:35:32.474+0000] {logging_mixin.py:151} INFO - [2026-03-04T23:35:32.472+0000] {dagbag.py:539} INFO - Filling up the DagBag from /opt/airflow/dags/embedding_sync_dag.py
[2026-03-04T23:35:32.525+0000] {processor.py:839} INFO - DAG(s) dict_keys(['embedding_sync_dag']) retrieved from /opt/airflow/dags/embedding_sync_dag.py
[2026-03-04T23:35:32.638+0000] {logging_mixin.py:151} INFO - [2026-03-04T23:35:32.637+0000] {dag.py:2915} INFO - Sync 1 DAGs
[2026-03-04T23:35:32.711+0000] {logging_mixin.py:151} INFO - [2026-03-04T23:35:32.710+0000] {dag.py:3696} INFO - Setting next_dagrun for embedding_sync_dag to 2026-03-04T23:30:00+00:00, run_after=2026-03-04T23:35:00+00:00
[2026-03-04T23:35:32.758+0000] {processor.py:179} INFO - Processing /opt/airflow/dags/embedding_sync_dag.py took 0.302 seconds
[2026-03-04T23:36:02.855+0000] {processor.py:157} INFO - Started process (PID=1416) to work on /opt/airflow/dags/embedding_sync_dag.py
[2026-03-04T23:36:02.857+0000] {processor.py:829} INFO - Processing file /opt/airflow/dags/embedding_sync_dag.py for tasks to queue
[2026-03-04T23:36:02.860+0000] {logging_mixin.py:151} INFO - [2026-03-04T23:36:02.859+0000] {dagbag.py:539} INFO - Filling up the DagBag from /opt/airflow/dags/embedding_sync_dag.py
[2026-03-04T23:36:02.905+0000] {processor.py:839} INFO - DAG(s) dict_keys(['embedding_sync_dag']) retrieved from /opt/airflow/dags/embedding_sync_dag.py
[2026-03-04T23:36:03.010+0000] {logging_mixin.py:151} INFO - [2026-03-04T23:36:03.009+0000] {dag.py:2915} INFO - Sync 1 DAGs
[2026-03-04T23:36:03.089+0000] {logging_mixin.py:151} INFO - [2026-03-04T23:36:03.088+0000] {dag.py:3696} INFO - Setting next_dagrun for embedding_sync_dag to 2026-03-04T23:30:00+00:00, run_after=2026-03-04T23:35:00+00:00
[2026-03-04T23:36:03.138+0000] {processor.py:179} INFO - Processing /opt/airflow/dags/embedding_sync_dag.py took 0.294 seconds
[2026-03-04T23:36:33.462+0000] {processor.py:157} INFO - Started process (PID=1434) to work on /opt/airflow/dags/embedding_sync_dag.py
[2026-03-04T23:36:33.465+0000] {processor.py:829} INFO - Processing file /opt/airflow/dags/embedding_sync_dag.py for tasks to queue
[2026-03-04T23:36:33.468+0000] {logging_mixin.py:151} INFO - [2026-03-04T23:36:33.467+0000] {dagbag.py:539} INFO - Filling up the DagBag from /opt/airflow/dags/embedding_sync_dag.py
[2026-03-04T23:36:33.514+0000] {processor.py:839} INFO - DAG(s) dict_keys(['embedding_sync_dag']) retrieved from /opt/airflow/dags/embedding_sync_dag.py
[2026-03-04T23:36:33.618+0000] {logging_mixin.py:151} INFO - [2026-03-04T23:36:33.618+0000] {dag.py:2915} INFO - Sync 1 DAGs
[2026-03-04T23:36:33.693+0000] {logging_mixin.py:151} INFO - [2026-03-04T23:36:33.692+0000] {dag.py:3696} INFO - Setting next_dagrun for embedding_sync_dag to 2026-03-04T23:30:00+00:00, run_after=2026-03-04T23:35:00+00:00
[2026-03-04T23:36:33.743+0000] {processor.py:179} INFO - Processing /opt/airflow/dags/embedding_sync_dag.py took 0.292 seconds
[2026-03-04T23:37:03.886+0000] {processor.py:157} INFO - Started process (PID=1452) to work on /opt/airflow/dags/embedding_sync_dag.py
[2026-03-04T23:37:03.889+0000] {processor.py:829} INFO - Processing file /opt/airflow/dags/embedding_sync_dag.py for tasks to queue
[2026-03-04T23:37:03.891+0000] {logging_mixin.py:151} INFO - [2026-03-04T23:37:03.890+0000] {dagbag.py:539} INFO - Filling up the DagBag from /opt/airflow/dags/embedding_sync_dag.py
[2026-03-04T23:37:03.937+0000] {processor.py:839} INFO - DAG(s) dict_keys(['embedding_sync_dag']) retrieved from /opt/airflow/dags/embedding_sync_dag.py
[2026-03-04T23:37:04.044+0000] {logging_mixin.py:151} INFO - [2026-03-04T23:37:04.043+0000] {dag.py:2915} INFO - Sync 1 DAGs
[2026-03-04T23:37:04.124+0000] {logging_mixin.py:151} INFO - [2026-03-04T23:37:04.123+0000] {dag.py:3696} INFO - Setting next_dagrun for embedding_sync_dag to 2026-03-04T23:30:00+00:00, run_after=2026-03-04T23:35:00+00:00
[2026-03-04T23:37:04.177+0000] {processor.py:179} INFO - Processing /opt/airflow/dags/embedding_sync_dag.py took 0.301 seconds
[2026-03-04T23:37:35.174+0000] {processor.py:157} INFO - Started process (PID=1470) to work on /opt/airflow/dags/embedding_sync_dag.py
[2026-03-04T23:37:35.177+0000] {processor.py:829} INFO - Processing file /opt/airflow/dags/embedding_sync_dag.py for tasks to queue
[2026-03-04T23:37:35.180+0000] {logging_mixin.py:151} INFO - [2026-03-04T23:37:35.179+0000] {dagbag.py:539} INFO - Filling up the DagBag from /opt/airflow/dags/embedding_sync_dag.py
[2026-03-04T23:37:35.229+0000] {processor.py:839} INFO - DAG(s) dict_keys(['embedding_sync_dag']) retrieved from /opt/airflow/dags/embedding_sync_dag.py
[2026-03-04T23:37:35.342+0000] {logging_mixin.py:151} INFO - [2026-03-04T23:37:35.341+0000] {dag.py:2915} INFO - Sync 1 DAGs
[2026-03-04T23:37:35.424+0000] {logging_mixin.py:151} INFO - [2026-03-04T23:37:35.424+0000] {dag.py:3696} INFO - Setting next_dagrun for embedding_sync_dag to 2026-03-04T23:30:00+00:00, run_after=2026-03-04T23:35:00+00:00
[2026-03-04T23:37:35.483+0000] {processor.py:179} INFO - Processing /opt/airflow/dags/embedding_sync_dag.py took 0.319 seconds
[2026-03-04T23:38:28.162+0000] {processor.py:157} INFO - Started process (PID=168) to work on /opt/airflow/dags/embedding_sync_dag.py
[2026-03-04T23:38:28.165+0000] {processor.py:829} INFO - Processing file /opt/airflow/dags/embedding_sync_dag.py for tasks to queue
[2026-03-04T23:38:28.172+0000] {logging_mixin.py:151} INFO - [2026-03-04T23:38:28.166+0000] {dagbag.py:539} INFO - Filling up the DagBag from /opt/airflow/dags/embedding_sync_dag.py
[2026-03-04T23:38:28.246+0000] {processor.py:839} INFO - DAG(s) dict_keys(['embedding_sync_dag']) retrieved from /opt/airflow/dags/embedding_sync_dag.py
[2026-03-04T23:38:28.412+0000] {logging_mixin.py:151} INFO - [2026-03-04T23:38:28.411+0000] {dag.py:2915} INFO - Sync 1 DAGs
[2026-03-04T23:38:28.624+0000] {logging_mixin.py:151} INFO - [2026-03-04T23:38:28.623+0000] {dag.py:3696} INFO - Setting next_dagrun for embedding_sync_dag to 2026-03-04T23:30:00+00:00, run_after=2026-03-04T23:35:00+00:00
[2026-03-04T23:38:28.711+0000] {processor.py:179} INFO - Processing /opt/airflow/dags/embedding_sync_dag.py took 0.559 seconds
[2026-03-04T23:38:59.083+0000] {processor.py:157} INFO - Started process (PID=200) to work on /opt/airflow/dags/embedding_sync_dag.py
[2026-03-04T23:38:59.086+0000] {processor.py:829} INFO - Processing file /opt/airflow/dags/embedding_sync_dag.py for tasks to queue
[2026-03-04T23:38:59.088+0000] {logging_mixin.py:151} INFO - [2026-03-04T23:38:59.087+0000] {dagbag.py:539} INFO - Filling up the DagBag from /opt/airflow/dags/embedding_sync_dag.py
[2026-03-04T23:38:59.137+0000] {processor.py:839} INFO - DAG(s) dict_keys(['embedding_sync_dag']) retrieved from /opt/airflow/dags/embedding_sync_dag.py
[2026-03-04T23:38:59.244+0000] {logging_mixin.py:151} INFO - [2026-03-04T23:38:59.244+0000] {dag.py:2915} INFO - Sync 1 DAGs
[2026-03-04T23:38:59.334+0000] {logging_mixin.py:151} INFO - [2026-03-04T23:38:59.334+0000] {dag.py:3696} INFO - Setting next_dagrun for embedding_sync_dag to 2026-03-04T23:30:00+00:00, run_after=2026-03-04T23:35:00+00:00
[2026-03-04T23:38:59.422+0000] {processor.py:179} INFO - Processing /opt/airflow/dags/embedding_sync_dag.py took 0.350 seconds
[2026-03-04T23:39:29.602+0000] {processor.py:157} INFO - Started process (PID=219) to work on /opt/airflow/dags/embedding_sync_dag.py
[2026-03-04T23:39:29.604+0000] {processor.py:829} INFO - Processing file /opt/airflow/dags/embedding_sync_dag.py for tasks to queue
[2026-03-04T23:39:29.607+0000] {logging_mixin.py:151} INFO - [2026-03-04T23:39:29.606+0000] {dagbag.py:539} INFO - Filling up the DagBag from /opt/airflow/dags/embedding_sync_dag.py
[2026-03-04T23:39:29.651+0000] {processor.py:839} INFO - DAG(s) dict_keys(['embedding_sync_dag']) retrieved from /opt/airflow/dags/embedding_sync_dag.py
[2026-03-04T23:39:29.756+0000] {logging_mixin.py:151} INFO - [2026-03-04T23:39:29.756+0000] {dag.py:2915} INFO - Sync 1 DAGs
[2026-03-04T23:39:29.831+0000] {logging_mixin.py:151} INFO - [2026-03-04T23:39:29.830+0000] {dag.py:3696} INFO - Setting next_dagrun for embedding_sync_dag to 2026-03-04T23:30:00+00:00, run_after=2026-03-04T23:35:00+00:00
[2026-03-04T23:39:29.898+0000] {processor.py:179} INFO - Processing /opt/airflow/dags/embedding_sync_dag.py took 0.306 seconds
[2026-03-04T23:40:00.188+0000] {processor.py:157} INFO - Started process (PID=242) to work on /opt/airflow/dags/embedding_sync_dag.py
[2026-03-04T23:40:00.191+0000] {processor.py:829} INFO - Processing file /opt/airflow/dags/embedding_sync_dag.py for tasks to queue
[2026-03-04T23:40:00.194+0000] {logging_mixin.py:151} INFO - [2026-03-04T23:40:00.193+0000] {dagbag.py:539} INFO - Filling up the DagBag from /opt/airflow/dags/embedding_sync_dag.py
[2026-03-04T23:40:00.241+0000] {processor.py:839} INFO - DAG(s) dict_keys(['embedding_sync_dag']) retrieved from /opt/airflow/dags/embedding_sync_dag.py
[2026-03-04T23:40:00.348+0000] {logging_mixin.py:151} INFO - [2026-03-04T23:40:00.348+0000] {dag.py:2915} INFO - Sync 1 DAGs
[2026-03-04T23:40:00.420+0000] {logging_mixin.py:151} INFO - [2026-03-04T23:40:00.420+0000] {dag.py:3696} INFO - Setting next_dagrun for embedding_sync_dag to 2026-03-04T23:35:00+00:00, run_after=2026-03-04T23:40:00+00:00
[2026-03-04T23:40:00.471+0000] {processor.py:179} INFO - Processing /opt/airflow/dags/embedding_sync_dag.py took 0.296 seconds
[2026-03-04T23:40:30.755+0000] {processor.py:157} INFO - Started process (PID=268) to work on /opt/airflow/dags/embedding_sync_dag.py
[2026-03-04T23:40:30.757+0000] {processor.py:829} INFO - Processing file /opt/airflow/dags/embedding_sync_dag.py for tasks to queue
[2026-03-04T23:40:30.759+0000] {logging_mixin.py:151} INFO - [2026-03-04T23:40:30.758+0000] {dagbag.py:539} INFO - Filling up the DagBag from /opt/airflow/dags/embedding_sync_dag.py
[2026-03-04T23:40:30.804+0000] {processor.py:839} INFO - DAG(s) dict_keys(['embedding_sync_dag']) retrieved from /opt/airflow/dags/embedding_sync_dag.py
[2026-03-04T23:40:30.912+0000] {logging_mixin.py:151} INFO - [2026-03-04T23:40:30.912+0000] {dag.py:2915} INFO - Sync 1 DAGs
[2026-03-04T23:40:30.995+0000] {logging_mixin.py:151} INFO - [2026-03-04T23:40:30.994+0000] {dag.py:3696} INFO - Setting next_dagrun for embedding_sync_dag to 2026-03-04T23:35:00+00:00, run_after=2026-03-04T23:40:00+00:00
[2026-03-04T23:40:31.055+0000] {processor.py:179} INFO - Processing /opt/airflow/dags/embedding_sync_dag.py took 0.311 seconds
[2026-03-04T23:41:01.291+0000] {processor.py:157} INFO - Started process (PID=286) to work on /opt/airflow/dags/embedding_sync_dag.py
[2026-03-04T23:41:01.294+0000] {processor.py:829} INFO - Processing file /opt/airflow/dags/embedding_sync_dag.py for tasks to queue
[2026-03-04T23:41:01.297+0000] {logging_mixin.py:151} INFO - [2026-03-04T23:41:01.295+0000] {dagbag.py:539} INFO - Filling up the DagBag from /opt/airflow/dags/embedding_sync_dag.py
[2026-03-04T23:41:01.344+0000] {processor.py:839} INFO - DAG(s) dict_keys(['embedding_sync_dag']) retrieved from /opt/airflow/dags/embedding_sync_dag.py
[2026-03-04T23:41:01.454+0000] {logging_mixin.py:151} INFO - [2026-03-04T23:41:01.454+0000] {dag.py:2915} INFO - Sync 1 DAGs
[2026-03-04T23:41:01.530+0000] {logging_mixin.py:151} INFO - [2026-03-04T23:41:01.530+0000] {dag.py:3696} INFO - Setting next_dagrun for embedding_sync_dag to 2026-03-04T23:35:00+00:00, run_after=2026-03-04T23:40:00+00:00
[2026-03-04T23:41:01.585+0000] {processor.py:179} INFO - Processing /opt/airflow/dags/embedding_sync_dag.py took 0.305 seconds
[2026-03-04T23:41:31.704+0000] {processor.py:157} INFO - Started process (PID=304) to work on /opt/airflow/dags/embedding_sync_dag.py
[2026-03-04T23:41:31.706+0000] {processor.py:829} INFO - Processing file /opt/airflow/dags/embedding_sync_dag.py for tasks to queue
[2026-03-04T23:41:31.708+0000] {logging_mixin.py:151} INFO - [2026-03-04T23:41:31.707+0000] {dagbag.py:539} INFO - Filling up the DagBag from /opt/airflow/dags/embedding_sync_dag.py
[2026-03-04T23:41:31.758+0000] {processor.py:839} INFO - DAG(s) dict_keys(['embedding_sync_dag']) retrieved from /opt/airflow/dags/embedding_sync_dag.py
[2026-03-04T23:41:31.876+0000] {logging_mixin.py:151} INFO - [2026-03-04T23:41:31.875+0000] {dag.py:2915} INFO - Sync 1 DAGs
[2026-03-04T23:41:31.950+0000] {logging_mixin.py:151} INFO - [2026-03-04T23:41:31.949+0000] {dag.py:3696} INFO - Setting next_dagrun for embedding_sync_dag to 2026-03-04T23:35:00+00:00, run_after=2026-03-04T23:40:00+00:00
[2026-03-04T23:41:31.999+0000] {processor.py:179} INFO - Processing /opt/airflow/dags/embedding_sync_dag.py took 0.307 seconds
[2026-03-04T23:42:02.127+0000] {processor.py:157} INFO - Started process (PID=323) to work on /opt/airflow/dags/embedding_sync_dag.py
[2026-03-04T23:42:02.130+0000] {processor.py:829} INFO - Processing file /opt/airflow/dags/embedding_sync_dag.py for tasks to queue
[2026-03-04T23:42:02.132+0000] {logging_mixin.py:151} INFO - [2026-03-04T23:42:02.131+0000] {dagbag.py:539} INFO - Filling up the DagBag from /opt/airflow/dags/embedding_sync_dag.py
[2026-03-04T23:42:02.173+0000] {processor.py:839} INFO - DAG(s) dict_keys(['embedding_sync_dag']) retrieved from /opt/airflow/dags/embedding_sync_dag.py
[2026-03-04T23:42:02.269+0000] {logging_mixin.py:151} INFO - [2026-03-04T23:42:02.268+0000] {dag.py:2915} INFO - Sync 1 DAGs
[2026-03-04T23:42:02.336+0000] {logging_mixin.py:151} INFO - [2026-03-04T23:42:02.336+0000] {dag.py:3696} INFO - Setting next_dagrun for embedding_sync_dag to 2026-03-04T23:35:00+00:00, run_after=2026-03-04T23:40:00+00:00
[2026-03-04T23:42:02.381+0000] {processor.py:179} INFO - Processing /opt/airflow/dags/embedding_sync_dag.py took 0.263 seconds
[2026-03-04T23:42:32.490+0000] {processor.py:157} INFO - Started process (PID=349) to work on /opt/airflow/dags/embedding_sync_dag.py
[2026-03-04T23:42:32.492+0000] {processor.py:829} INFO - Processing file /opt/airflow/dags/embedding_sync_dag.py for tasks to queue
[2026-03-04T23:42:32.495+0000] {logging_mixin.py:151} INFO - [2026-03-04T23:42:32.494+0000] {dagbag.py:539} INFO - Filling up the DagBag from /opt/airflow/dags/embedding_sync_dag.py
[2026-03-04T23:42:32.544+0000] {processor.py:839} INFO - DAG(s) dict_keys(['embedding_sync_dag']) retrieved from /opt/airflow/dags/embedding_sync_dag.py
[2026-03-04T23:42:32.663+0000] {logging_mixin.py:151} INFO - [2026-03-04T23:42:32.662+0000] {dag.py:2915} INFO - Sync 1 DAGs
[2026-03-04T23:42:32.743+0000] {logging_mixin.py:151} INFO - [2026-03-04T23:42:32.742+0000] {dag.py:3696} INFO - Setting next_dagrun for embedding_sync_dag to 2026-03-04T23:35:00+00:00, run_after=2026-03-04T23:40:00+00:00
[2026-03-04T23:42:32.800+0000] {processor.py:179} INFO - Processing /opt/airflow/dags/embedding_sync_dag.py took 0.321 seconds
[2026-03-04T23:43:02.972+0000] {processor.py:157} INFO - Started process (PID=367) to work on /opt/airflow/dags/embedding_sync_dag.py
[2026-03-04T23:43:02.975+0000] {processor.py:829} INFO - Processing file /opt/airflow/dags/embedding_sync_dag.py for tasks to queue
[2026-03-04T23:43:02.977+0000] {logging_mixin.py:151} INFO - [2026-03-04T23:43:02.976+0000] {dagbag.py:539} INFO - Filling up the DagBag from /opt/airflow/dags/embedding_sync_dag.py
[2026-03-04T23:43:03.020+0000] {processor.py:839} INFO - DAG(s) dict_keys(['embedding_sync_dag']) retrieved from /opt/airflow/dags/embedding_sync_dag.py
[2026-03-04T23:43:03.127+0000] {logging_mixin.py:151} INFO - [2026-03-04T23:43:03.127+0000] {dag.py:2915} INFO - Sync 1 DAGs
[2026-03-04T23:43:03.199+0000] {logging_mixin.py:151} INFO - [2026-03-04T23:43:03.199+0000] {dag.py:3696} INFO - Setting next_dagrun for embedding_sync_dag to 2026-03-04T23:35:00+00:00, run_after=2026-03-04T23:40:00+00:00
[2026-03-04T23:43:03.244+0000] {processor.py:179} INFO - Processing /opt/airflow/dags/embedding_sync_dag.py took 0.283 seconds
[2026-03-04T23:43:33.441+0000] {processor.py:157} INFO - Started process (PID=388) to work on /opt/airflow/dags/embedding_sync_dag.py
[2026-03-04T23:43:33.443+0000] {processor.py:829} INFO - Processing file /opt/airflow/dags/embedding_sync_dag.py for tasks to queue
[2026-03-04T23:43:33.445+0000] {logging_mixin.py:151} INFO - [2026-03-04T23:43:33.444+0000] {dagbag.py:539} INFO - Filling up the DagBag from /opt/airflow/dags/embedding_sync_dag.py
[2026-03-04T23:43:33.491+0000] {processor.py:839} INFO - DAG(s) dict_keys(['embedding_sync_dag']) retrieved from /opt/airflow/dags/embedding_sync_dag.py
[2026-03-04T23:43:33.594+0000] {logging_mixin.py:151} INFO - [2026-03-04T23:43:33.593+0000] {dag.py:2915} INFO - Sync 1 DAGs
[2026-03-04T23:43:33.669+0000] {logging_mixin.py:151} INFO - [2026-03-04T23:43:33.668+0000] {dag.py:3696} INFO - Setting next_dagrun for embedding_sync_dag to 2026-03-04T23:35:00+00:00, run_after=2026-03-04T23:40:00+00:00
[2026-03-04T23:43:33.716+0000] {processor.py:179} INFO - Processing /opt/airflow/dags/embedding_sync_dag.py took 0.285 seconds
[2026-03-04T23:43:49.771+0000] {processor.py:157} INFO - Started process (PID=166) to work on /opt/airflow/dags/embedding_sync_dag.py
[2026-03-04T23:43:49.774+0000] {processor.py:829} INFO - Processing file /opt/airflow/dags/embedding_sync_dag.py for tasks to queue
[2026-03-04T23:43:49.777+0000] {logging_mixin.py:151} INFO - [2026-03-04T23:43:49.776+0000] {dagbag.py:539} INFO - Filling up the DagBag from /opt/airflow/dags/embedding_sync_dag.py
[2026-03-04T23:43:49.823+0000] {processor.py:839} INFO - DAG(s) dict_keys(['embedding_sync_dag']) retrieved from /opt/airflow/dags/embedding_sync_dag.py
[2026-03-04T23:43:49.973+0000] {logging_mixin.py:151} INFO - [2026-03-04T23:43:49.972+0000] {dag.py:2915} INFO - Sync 1 DAGs
[2026-03-04T23:43:50.051+0000] {logging_mixin.py:151} INFO - [2026-03-04T23:43:50.050+0000] {dag.py:3696} INFO - Setting next_dagrun for embedding_sync_dag to 2026-03-04T23:35:00+00:00, run_after=2026-03-04T23:40:00+00:00
[2026-03-04T23:43:50.098+0000] {processor.py:179} INFO - Processing /opt/airflow/dags/embedding_sync_dag.py took 0.337 seconds
[2026-03-04T23:44:21.110+0000] {processor.py:157} INFO - Started process (PID=200) to work on /opt/airflow/dags/embedding_sync_dag.py
[2026-03-04T23:44:21.112+0000] {processor.py:829} INFO - Processing file /opt/airflow/dags/embedding_sync_dag.py for tasks to queue
[2026-03-04T23:44:21.115+0000] {logging_mixin.py:151} INFO - [2026-03-04T23:44:21.114+0000] {dagbag.py:539} INFO - Filling up the DagBag from /opt/airflow/dags/embedding_sync_dag.py
[2026-03-04T23:44:21.155+0000] {processor.py:839} INFO - DAG(s) dict_keys(['embedding_sync_dag']) retrieved from /opt/airflow/dags/embedding_sync_dag.py
[2026-03-04T23:44:21.254+0000] {logging_mixin.py:151} INFO - [2026-03-04T23:44:21.253+0000] {dag.py:2915} INFO - Sync 1 DAGs
[2026-03-04T23:44:21.320+0000] {logging_mixin.py:151} INFO - [2026-03-04T23:44:21.320+0000] {dag.py:3696} INFO - Setting next_dagrun for embedding_sync_dag to 2026-03-04T23:35:00+00:00, run_after=2026-03-04T23:40:00+00:00
[2026-03-04T23:44:21.366+0000] {processor.py:179} INFO - Processing /opt/airflow/dags/embedding_sync_dag.py took 0.265 seconds
[2026-03-04T23:44:52.212+0000] {processor.py:157} INFO - Started process (PID=225) to work on /opt/airflow/dags/embedding_sync_dag.py
[2026-03-04T23:44:52.215+0000] {processor.py:829} INFO - Processing file /opt/airflow/dags/embedding_sync_dag.py for tasks to queue
[2026-03-04T23:44:52.218+0000] {logging_mixin.py:151} INFO - [2026-03-04T23:44:52.217+0000] {dagbag.py:539} INFO - Filling up the DagBag from /opt/airflow/dags/embedding_sync_dag.py
[2026-03-04T23:44:52.267+0000] {processor.py:839} INFO - DAG(s) dict_keys(['embedding_sync_dag']) retrieved from /opt/airflow/dags/embedding_sync_dag.py
[2026-03-04T23:44:52.368+0000] {logging_mixin.py:151} INFO - [2026-03-04T23:44:52.368+0000] {dag.py:2915} INFO - Sync 1 DAGs
[2026-03-04T23:44:52.445+0000] {logging_mixin.py:151} INFO - [2026-03-04T23:44:52.444+0000] {dag.py:3696} INFO - Setting next_dagrun for embedding_sync_dag to 2026-03-04T23:35:00+00:00, run_after=2026-03-04T23:40:00+00:00
[2026-03-04T23:44:52.500+0000] {processor.py:179} INFO - Processing /opt/airflow/dags/embedding_sync_dag.py took 0.298 seconds
[2026-03-04T23:45:23.310+0000] {processor.py:157} INFO - Started process (PID=243) to work on /opt/airflow/dags/embedding_sync_dag.py
[2026-03-04T23:45:23.312+0000] {processor.py:829} INFO - Processing file /opt/airflow/dags/embedding_sync_dag.py for tasks to queue
[2026-03-04T23:45:23.315+0000] {logging_mixin.py:151} INFO - [2026-03-04T23:45:23.314+0000] {dagbag.py:539} INFO - Filling up the DagBag from /opt/airflow/dags/embedding_sync_dag.py
[2026-03-04T23:45:23.360+0000] {processor.py:839} INFO - DAG(s) dict_keys(['embedding_sync_dag']) retrieved from /opt/airflow/dags/embedding_sync_dag.py
[2026-03-04T23:45:23.457+0000] {logging_mixin.py:151} INFO - [2026-03-04T23:45:23.456+0000] {dag.py:2915} INFO - Sync 1 DAGs
[2026-03-04T23:45:23.523+0000] {logging_mixin.py:151} INFO - [2026-03-04T23:45:23.523+0000] {dag.py:3696} INFO - Setting next_dagrun for embedding_sync_dag to 2026-03-04T23:40:00+00:00, run_after=2026-03-04T23:45:00+00:00
[2026-03-04T23:45:23.569+0000] {processor.py:179} INFO - Processing /opt/airflow/dags/embedding_sync_dag.py took 0.270 seconds
[2026-03-04T23:45:53.820+0000] {processor.py:157} INFO - Started process (PID=261) to work on /opt/airflow/dags/embedding_sync_dag.py
[2026-03-04T23:45:53.823+0000] {processor.py:829} INFO - Processing file /opt/airflow/dags/embedding_sync_dag.py for tasks to queue
[2026-03-04T23:45:53.825+0000] {logging_mixin.py:151} INFO - [2026-03-04T23:45:53.824+0000] {dagbag.py:539} INFO - Filling up the DagBag from /opt/airflow/dags/embedding_sync_dag.py
[2026-03-04T23:45:53.871+0000] {processor.py:839} INFO - DAG(s) dict_keys(['embedding_sync_dag']) retrieved from /opt/airflow/dags/embedding_sync_dag.py
[2026-03-04T23:45:53.979+0000] {logging_mixin.py:151} INFO - [2026-03-04T23:45:53.978+0000] {dag.py:2915} INFO - Sync 1 DAGs
[2026-03-04T23:45:54.056+0000] {logging_mixin.py:151} INFO - [2026-03-04T23:45:54.055+0000] {dag.py:3696} INFO - Setting next_dagrun for embedding_sync_dag to 2026-03-04T23:40:00+00:00, run_after=2026-03-04T23:45:00+00:00
[2026-03-04T23:45:54.109+0000] {processor.py:179} INFO - Processing /opt/airflow/dags/embedding_sync_dag.py took 0.300 seconds
[2026-03-04T23:46:25.054+0000] {processor.py:157} INFO - Started process (PID=279) to work on /opt/airflow/dags/embedding_sync_dag.py
[2026-03-04T23:46:25.057+0000] {processor.py:829} INFO - Processing file /opt/airflow/dags/embedding_sync_dag.py for tasks to queue
[2026-03-04T23:46:25.060+0000] {logging_mixin.py:151} INFO - [2026-03-04T23:46:25.059+0000] {dagbag.py:539} INFO - Filling up the DagBag from /opt/airflow/dags/embedding_sync_dag.py
[2026-03-04T23:46:25.106+0000] {processor.py:839} INFO - DAG(s) dict_keys(['embedding_sync_dag']) retrieved from /opt/airflow/dags/embedding_sync_dag.py
[2026-03-04T23:46:25.213+0000] {logging_mixin.py:151} INFO - [2026-03-04T23:46:25.212+0000] {dag.py:2915} INFO - Sync 1 DAGs
[2026-03-04T23:46:25.286+0000] {logging_mixin.py:151} INFO - [2026-03-04T23:46:25.286+0000] {dag.py:3696} INFO - Setting next_dagrun for embedding_sync_dag to 2026-03-04T23:40:00+00:00, run_after=2026-03-04T23:45:00+00:00
[2026-03-04T23:46:25.331+0000] {processor.py:179} INFO - Processing /opt/airflow/dags/embedding_sync_dag.py took 0.288 seconds
[2026-03-04T23:46:56.277+0000] {processor.py:157} INFO - Started process (PID=297) to work on /opt/airflow/dags/embedding_sync_dag.py
[2026-03-04T23:46:56.286+0000] {processor.py:829} INFO - Processing file /opt/airflow/dags/embedding_sync_dag.py for tasks to queue
[2026-03-04T23:46:56.293+0000] {logging_mixin.py:151} INFO - [2026-03-04T23:46:56.292+0000] {dagbag.py:539} INFO - Filling up the DagBag from /opt/airflow/dags/embedding_sync_dag.py
[2026-03-04T23:46:56.348+0000] {processor.py:839} INFO - DAG(s) dict_keys(['embedding_sync_dag']) retrieved from /opt/airflow/dags/embedding_sync_dag.py
[2026-03-04T23:46:56.449+0000] {logging_mixin.py:151} INFO - [2026-03-04T23:46:56.449+0000] {dag.py:2915} INFO - Sync 1 DAGs
[2026-03-04T23:46:56.522+0000] {logging_mixin.py:151} INFO - [2026-03-04T23:46:56.521+0000] {dag.py:3696} INFO - Setting next_dagrun for embedding_sync_dag to 2026-03-04T23:40:00+00:00, run_after=2026-03-04T23:45:00+00:00
[2026-03-04T23:46:56.578+0000] {processor.py:179} INFO - Processing /opt/airflow/dags/embedding_sync_dag.py took 0.346 seconds
[2026-03-04T23:47:27.467+0000] {processor.py:157} INFO - Started process (PID=315) to work on /opt/airflow/dags/embedding_sync_dag.py
[2026-03-04T23:47:27.471+0000] {processor.py:829} INFO - Processing file /opt/airflow/dags/embedding_sync_dag.py for tasks to queue
[2026-03-04T23:47:27.474+0000] {logging_mixin.py:151} INFO - [2026-03-04T23:47:27.473+0000] {dagbag.py:539} INFO - Filling up the DagBag from /opt/airflow/dags/embedding_sync_dag.py
[2026-03-04T23:47:27.518+0000] {processor.py:839} INFO - DAG(s) dict_keys(['embedding_sync_dag']) retrieved from /opt/airflow/dags/embedding_sync_dag.py
[2026-03-04T23:47:27.622+0000] {logging_mixin.py:151} INFO - [2026-03-04T23:47:27.621+0000] {dag.py:2915} INFO - Sync 1 DAGs
[2026-03-04T23:47:27.694+0000] {logging_mixin.py:151} INFO - [2026-03-04T23:47:27.693+0000] {dag.py:3696} INFO - Setting next_dagrun for embedding_sync_dag to 2026-03-04T23:40:00+00:00, run_after=2026-03-04T23:45:00+00:00
[2026-03-04T23:47:27.747+0000] {processor.py:179} INFO - Processing /opt/airflow/dags/embedding_sync_dag.py took 0.300 seconds
[2026-03-04T23:47:58.659+0000] {processor.py:157} INFO - Started process (PID=333) to work on /opt/airflow/dags/embedding_sync_dag.py
[2026-03-04T23:47:58.664+0000] {processor.py:829} INFO - Processing file /opt/airflow/dags/embedding_sync_dag.py for tasks to queue
[2026-03-04T23:47:58.668+0000] {logging_mixin.py:151} INFO - [2026-03-04T23:47:58.665+0000] {dagbag.py:539} INFO - Filling up the DagBag from /opt/airflow/dags/embedding_sync_dag.py
[2026-03-04T23:47:58.732+0000] {processor.py:839} INFO - DAG(s) dict_keys(['embedding_sync_dag']) retrieved from /opt/airflow/dags/embedding_sync_dag.py
[2026-03-04T23:47:58.844+0000] {logging_mixin.py:151} INFO - [2026-03-04T23:47:58.844+0000] {dag.py:2915} INFO - Sync 1 DAGs
[2026-03-04T23:47:58.932+0000] {logging_mixin.py:151} INFO - [2026-03-04T23:47:58.932+0000] {dag.py:3696} INFO - Setting next_dagrun for embedding_sync_dag to 2026-03-04T23:40:00+00:00, run_after=2026-03-04T23:45:00+00:00
[2026-03-04T23:47:58.981+0000] {processor.py:179} INFO - Processing /opt/airflow/dags/embedding_sync_dag.py took 0.334 seconds
[2026-03-04T23:48:29.760+0000] {processor.py:157} INFO - Started process (PID=351) to work on /opt/airflow/dags/embedding_sync_dag.py
[2026-03-04T23:48:29.763+0000] {processor.py:829} INFO - Processing file /opt/airflow/dags/embedding_sync_dag.py for tasks to queue
[2026-03-04T23:48:29.766+0000] {logging_mixin.py:151} INFO - [2026-03-04T23:48:29.765+0000] {dagbag.py:539} INFO - Filling up the DagBag from /opt/airflow/dags/embedding_sync_dag.py
[2026-03-04T23:48:29.813+0000] {processor.py:839} INFO - DAG(s) dict_keys(['embedding_sync_dag']) retrieved from /opt/airflow/dags/embedding_sync_dag.py
[2026-03-04T23:48:29.923+0000] {logging_mixin.py:151} INFO - [2026-03-04T23:48:29.922+0000] {dag.py:2915} INFO - Sync 1 DAGs
[2026-03-04T23:48:30.003+0000] {logging_mixin.py:151} INFO - [2026-03-04T23:48:30.003+0000] {dag.py:3696} INFO - Setting next_dagrun for embedding_sync_dag to 2026-03-04T23:40:00+00:00, run_after=2026-03-04T23:45:00+00:00
[2026-03-04T23:48:30.063+0000] {processor.py:179} INFO - Processing /opt/airflow/dags/embedding_sync_dag.py took 0.315 seconds
[2026-03-04T23:49:00.219+0000] {processor.py:157} INFO - Started process (PID=369) to work on /opt/airflow/dags/embedding_sync_dag.py
[2026-03-04T23:49:00.221+0000] {processor.py:829} INFO - Processing file /opt/airflow/dags/embedding_sync_dag.py for tasks to queue
[2026-03-04T23:49:00.223+0000] {logging_mixin.py:151} INFO - [2026-03-04T23:49:00.222+0000] {dagbag.py:539} INFO - Filling up the DagBag from /opt/airflow/dags/embedding_sync_dag.py
[2026-03-04T23:49:00.272+0000] {processor.py:839} INFO - DAG(s) dict_keys(['embedding_sync_dag']) retrieved from /opt/airflow/dags/embedding_sync_dag.py
[2026-03-04T23:49:00.372+0000] {logging_mixin.py:151} INFO - [2026-03-04T23:49:00.372+0000] {dag.py:2915} INFO - Sync 1 DAGs
[2026-03-04T23:49:00.437+0000] {logging_mixin.py:151} INFO - [2026-03-04T23:49:00.437+0000] {dag.py:3696} INFO - Setting next_dagrun for embedding_sync_dag to 2026-03-04T23:40:00+00:00, run_after=2026-03-04T23:45:00+00:00
[2026-03-04T23:49:00.481+0000] {processor.py:179} INFO - Processing /opt/airflow/dags/embedding_sync_dag.py took 0.275 seconds
[2026-03-04T23:49:31.460+0000] {processor.py:157} INFO - Started process (PID=390) to work on /opt/airflow/dags/embedding_sync_dag.py
[2026-03-04T23:49:31.463+0000] {processor.py:829} INFO - Processing file /opt/airflow/dags/embedding_sync_dag.py for tasks to queue
[2026-03-04T23:49:31.465+0000] {logging_mixin.py:151} INFO - [2026-03-04T23:49:31.464+0000] {dagbag.py:539} INFO - Filling up the DagBag from /opt/airflow/dags/embedding_sync_dag.py
[2026-03-04T23:49:31.506+0000] {processor.py:839} INFO - DAG(s) dict_keys(['embedding_sync_dag']) retrieved from /opt/airflow/dags/embedding_sync_dag.py
[2026-03-04T23:49:31.601+0000] {logging_mixin.py:151} INFO - [2026-03-04T23:49:31.601+0000] {dag.py:2915} INFO - Sync 1 DAGs
[2026-03-04T23:49:31.706+0000] {processor.py:179} INFO - Processing /opt/airflow/dags/embedding_sync_dag.py took 0.255 seconds
[2026-03-04T23:50:01.968+0000] {processor.py:157} INFO - Started process (PID=427) to work on /opt/airflow/dags/embedding_sync_dag.py
[2026-03-04T23:50:01.971+0000] {processor.py:829} INFO - Processing file /opt/airflow/dags/embedding_sync_dag.py for tasks to queue
[2026-03-04T23:50:01.973+0000] {logging_mixin.py:151} INFO - [2026-03-04T23:50:01.972+0000] {dagbag.py:539} INFO - Filling up the DagBag from /opt/airflow/dags/embedding_sync_dag.py
[2026-03-04T23:50:02.015+0000] {processor.py:839} INFO - DAG(s) dict_keys(['embedding_sync_dag']) retrieved from /opt/airflow/dags/embedding_sync_dag.py
[2026-03-04T23:50:02.112+0000] {logging_mixin.py:151} INFO - [2026-03-04T23:50:02.112+0000] {dag.py:2915} INFO - Sync 1 DAGs
[2026-03-04T23:50:02.230+0000] {processor.py:179} INFO - Processing /opt/airflow/dags/embedding_sync_dag.py took 0.273 seconds
[2026-03-04T23:50:32.372+0000] {processor.py:157} INFO - Started process (PID=456) to work on /opt/airflow/dags/embedding_sync_dag.py
[2026-03-04T23:50:32.375+0000] {processor.py:829} INFO - Processing file /opt/airflow/dags/embedding_sync_dag.py for tasks to queue
[2026-03-04T23:50:32.378+0000] {logging_mixin.py:151} INFO - [2026-03-04T23:50:32.376+0000] {dagbag.py:539} INFO - Filling up the DagBag from /opt/airflow/dags/embedding_sync_dag.py
[2026-03-04T23:50:32.420+0000] {processor.py:839} INFO - DAG(s) dict_keys(['embedding_sync_dag']) retrieved from /opt/airflow/dags/embedding_sync_dag.py
[2026-03-04T23:50:32.520+0000] {logging_mixin.py:151} INFO - [2026-03-04T23:50:32.519+0000] {dag.py:2915} INFO - Sync 1 DAGs
[2026-03-04T23:50:32.650+0000] {processor.py:179} INFO - Processing /opt/airflow/dags/embedding_sync_dag.py took 0.288 seconds
[2026-03-04T23:51:03.492+0000] {processor.py:157} INFO - Started process (PID=487) to work on /opt/airflow/dags/embedding_sync_dag.py
[2026-03-04T23:51:03.494+0000] {processor.py:829} INFO - Processing file /opt/airflow/dags/embedding_sync_dag.py for tasks to queue
[2026-03-04T23:51:03.496+0000] {logging_mixin.py:151} INFO - [2026-03-04T23:51:03.495+0000] {dagbag.py:539} INFO - Filling up the DagBag from /opt/airflow/dags/embedding_sync_dag.py
[2026-03-04T23:51:03.535+0000] {processor.py:839} INFO - DAG(s) dict_keys(['embedding_sync_dag']) retrieved from /opt/airflow/dags/embedding_sync_dag.py
[2026-03-04T23:51:03.627+0000] {logging_mixin.py:151} INFO - [2026-03-04T23:51:03.627+0000] {dag.py:2915} INFO - Sync 1 DAGs
[2026-03-04T23:51:03.696+0000] {logging_mixin.py:151} INFO - [2026-03-04T23:51:03.696+0000] {dag.py:3696} INFO - Setting next_dagrun for embedding_sync_dag to 2026-03-04T23:50:00+00:00, run_after=2026-03-04T23:55:00+00:00
[2026-03-04T23:51:03.739+0000] {processor.py:179} INFO - Processing /opt/airflow/dags/embedding_sync_dag.py took 0.256 seconds
[2026-03-04T23:51:33.836+0000] {processor.py:157} INFO - Started process (PID=505) to work on /opt/airflow/dags/embedding_sync_dag.py
[2026-03-04T23:51:33.839+0000] {processor.py:829} INFO - Processing file /opt/airflow/dags/embedding_sync_dag.py for tasks to queue
[2026-03-04T23:51:33.841+0000] {logging_mixin.py:151} INFO - [2026-03-04T23:51:33.840+0000] {dagbag.py:539} INFO - Filling up the DagBag from /opt/airflow/dags/embedding_sync_dag.py
[2026-03-04T23:51:33.886+0000] {processor.py:839} INFO - DAG(s) dict_keys(['embedding_sync_dag']) retrieved from /opt/airflow/dags/embedding_sync_dag.py
[2026-03-04T23:51:33.991+0000] {logging_mixin.py:151} INFO - [2026-03-04T23:51:33.991+0000] {dag.py:2915} INFO - Sync 1 DAGs
[2026-03-04T23:51:34.067+0000] {logging_mixin.py:151} INFO - [2026-03-04T23:51:34.067+0000] {dag.py:3696} INFO - Setting next_dagrun for embedding_sync_dag to 2026-03-04T23:50:00+00:00, run_after=2026-03-04T23:55:00+00:00
[2026-03-04T23:51:34.115+0000] {processor.py:179} INFO - Processing /opt/airflow/dags/embedding_sync_dag.py took 0.291 seconds
[2026-03-04T23:52:04.199+0000] {processor.py:157} INFO - Started process (PID=523) to work on /opt/airflow/dags/embedding_sync_dag.py
[2026-03-04T23:52:04.201+0000] {processor.py:829} INFO - Processing file /opt/airflow/dags/embedding_sync_dag.py for tasks to queue
[2026-03-04T23:52:04.204+0000] {logging_mixin.py:151} INFO - [2026-03-04T23:52:04.203+0000] {dagbag.py:539} INFO - Filling up the DagBag from /opt/airflow/dags/embedding_sync_dag.py
[2026-03-04T23:52:04.250+0000] {processor.py:839} INFO - DAG(s) dict_keys(['embedding_sync_dag']) retrieved from /opt/airflow/dags/embedding_sync_dag.py
[2026-03-04T23:52:04.359+0000] {logging_mixin.py:151} INFO - [2026-03-04T23:52:04.358+0000] {dag.py:2915} INFO - Sync 1 DAGs
[2026-03-04T23:52:04.438+0000] {logging_mixin.py:151} INFO - [2026-03-04T23:52:04.438+0000] {dag.py:3696} INFO - Setting next_dagrun for embedding_sync_dag to 2026-03-04T23:50:00+00:00, run_after=2026-03-04T23:55:00+00:00
[2026-03-04T23:52:04.493+0000] {processor.py:179} INFO - Processing /opt/airflow/dags/embedding_sync_dag.py took 0.305 seconds
[2026-03-04T23:52:35.313+0000] {processor.py:157} INFO - Started process (PID=541) to work on /opt/airflow/dags/embedding_sync_dag.py
[2026-03-04T23:52:35.317+0000] {processor.py:829} INFO - Processing file /opt/airflow/dags/embedding_sync_dag.py for tasks to queue
[2026-03-04T23:52:35.319+0000] {logging_mixin.py:151} INFO - [2026-03-04T23:52:35.318+0000] {dagbag.py:539} INFO - Filling up the DagBag from /opt/airflow/dags/embedding_sync_dag.py
[2026-03-04T23:52:35.367+0000] {processor.py:839} INFO - DAG(s) dict_keys(['embedding_sync_dag']) retrieved from /opt/airflow/dags/embedding_sync_dag.py
[2026-03-04T23:52:35.477+0000] {logging_mixin.py:151} INFO - [2026-03-04T23:52:35.477+0000] {dag.py:2915} INFO - Sync 1 DAGs
[2026-03-04T23:52:35.560+0000] {logging_mixin.py:151} INFO - [2026-03-04T23:52:35.560+0000] {dag.py:3696} INFO - Setting next_dagrun for embedding_sync_dag to 2026-03-04T23:50:00+00:00, run_after=2026-03-04T23:55:00+00:00
[2026-03-04T23:52:35.617+0000] {processor.py:179} INFO - Processing /opt/airflow/dags/embedding_sync_dag.py took 0.315 seconds
[2026-03-04T23:53:05.817+0000] {processor.py:157} INFO - Started process (PID=559) to work on /opt/airflow/dags/embedding_sync_dag.py
[2026-03-04T23:53:05.819+0000] {processor.py:829} INFO - Processing file /opt/airflow/dags/embedding_sync_dag.py for tasks to queue
[2026-03-04T23:53:05.821+0000] {logging_mixin.py:151} INFO - [2026-03-04T23:53:05.820+0000] {dagbag.py:539} INFO - Filling up the DagBag from /opt/airflow/dags/embedding_sync_dag.py
[2026-03-04T23:53:05.866+0000] {processor.py:839} INFO - DAG(s) dict_keys(['embedding_sync_dag']) retrieved from /opt/airflow/dags/embedding_sync_dag.py
[2026-03-04T23:53:05.976+0000] {logging_mixin.py:151} INFO - [2026-03-04T23:53:05.975+0000] {dag.py:2915} INFO - Sync 1 DAGs
[2026-03-04T23:53:06.055+0000] {logging_mixin.py:151} INFO - [2026-03-04T23:53:06.054+0000] {dag.py:3696} INFO - Setting next_dagrun for embedding_sync_dag to 2026-03-04T23:50:00+00:00, run_after=2026-03-04T23:55:00+00:00
[2026-03-04T23:53:06.106+0000] {processor.py:179} INFO - Processing /opt/airflow/dags/embedding_sync_dag.py took 0.300 seconds
[2026-03-04T23:53:36.183+0000] {processor.py:157} INFO - Started process (PID=577) to work on /opt/airflow/dags/embedding_sync_dag.py
[2026-03-04T23:53:36.187+0000] {processor.py:829} INFO - Processing file /opt/airflow/dags/embedding_sync_dag.py for tasks to queue
[2026-03-04T23:53:36.189+0000] {logging_mixin.py:151} INFO - [2026-03-04T23:53:36.188+0000] {dagbag.py:539} INFO - Filling up the DagBag from /opt/airflow/dags/embedding_sync_dag.py
[2026-03-04T23:53:36.231+0000] {processor.py:839} INFO - DAG(s) dict_keys(['embedding_sync_dag']) retrieved from /opt/airflow/dags/embedding_sync_dag.py
[2026-03-04T23:53:36.326+0000] {logging_mixin.py:151} INFO - [2026-03-04T23:53:36.326+0000] {dag.py:2915} INFO - Sync 1 DAGs
[2026-03-04T23:53:36.406+0000] {logging_mixin.py:151} INFO - [2026-03-04T23:53:36.406+0000] {dag.py:3696} INFO - Setting next_dagrun for embedding_sync_dag to 2026-03-04T23:50:00+00:00, run_after=2026-03-04T23:55:00+00:00
[2026-03-04T23:53:36.460+0000] {processor.py:179} INFO - Processing /opt/airflow/dags/embedding_sync_dag.py took 0.288 seconds
[2026-03-04T23:54:06.595+0000] {processor.py:157} INFO - Started process (PID=595) to work on /opt/airflow/dags/embedding_sync_dag.py
[2026-03-04T23:54:06.597+0000] {processor.py:829} INFO - Processing file /opt/airflow/dags/embedding_sync_dag.py for tasks to queue
[2026-03-04T23:54:06.599+0000] {logging_mixin.py:151} INFO - [2026-03-04T23:54:06.598+0000] {dagbag.py:539} INFO - Filling up the DagBag from /opt/airflow/dags/embedding_sync_dag.py
[2026-03-04T23:54:06.640+0000] {processor.py:839} INFO - DAG(s) dict_keys(['embedding_sync_dag']) retrieved from /opt/airflow/dags/embedding_sync_dag.py
[2026-03-04T23:54:06.735+0000] {logging_mixin.py:151} INFO - [2026-03-04T23:54:06.734+0000] {dag.py:2915} INFO - Sync 1 DAGs
[2026-03-04T23:54:06.805+0000] {logging_mixin.py:151} INFO - [2026-03-04T23:54:06.805+0000] {dag.py:3696} INFO - Setting next_dagrun for embedding_sync_dag to 2026-03-04T23:50:00+00:00, run_after=2026-03-04T23:55:00+00:00
[2026-03-04T23:54:06.850+0000] {processor.py:179} INFO - Processing /opt/airflow/dags/embedding_sync_dag.py took 0.265 seconds
[2026-03-04T23:54:37.121+0000] {processor.py:157} INFO - Started process (PID=611) to work on /opt/airflow/dags/embedding_sync_dag.py
[2026-03-04T23:54:37.124+0000] {processor.py:829} INFO - Processing file /opt/airflow/dags/embedding_sync_dag.py for tasks to queue
[2026-03-04T23:54:37.126+0000] {logging_mixin.py:151} INFO - [2026-03-04T23:54:37.125+0000] {dagbag.py:539} INFO - Filling up the DagBag from /opt/airflow/dags/embedding_sync_dag.py
[2026-03-04T23:54:37.167+0000] {processor.py:839} INFO - DAG(s) dict_keys(['embedding_sync_dag']) retrieved from /opt/airflow/dags/embedding_sync_dag.py
[2026-03-04T23:54:37.264+0000] {logging_mixin.py:151} INFO - [2026-03-04T23:54:37.264+0000] {dag.py:2915} INFO - Sync 1 DAGs
[2026-03-04T23:54:37.335+0000] {logging_mixin.py:151} INFO - [2026-03-04T23:54:37.335+0000] {dag.py:3696} INFO - Setting next_dagrun for embedding_sync_dag to 2026-03-04T23:50:00+00:00, run_after=2026-03-04T23:55:00+00:00
[2026-03-04T23:54:37.386+0000] {processor.py:179} INFO - Processing /opt/airflow/dags/embedding_sync_dag.py took 0.275 seconds
[2026-03-04T23:55:07.664+0000] {processor.py:157} INFO - Started process (PID=629) to work on /opt/airflow/dags/embedding_sync_dag.py
[2026-03-04T23:55:07.666+0000] {processor.py:829} INFO - Processing file /opt/airflow/dags/embedding_sync_dag.py for tasks to queue
[2026-03-04T23:55:07.669+0000] {logging_mixin.py:151} INFO - [2026-03-04T23:55:07.667+0000] {dagbag.py:539} INFO - Filling up the DagBag from /opt/airflow/dags/embedding_sync_dag.py
[2026-03-04T23:55:07.712+0000] {processor.py:839} INFO - DAG(s) dict_keys(['embedding_sync_dag']) retrieved from /opt/airflow/dags/embedding_sync_dag.py
[2026-03-04T23:55:07.818+0000] {logging_mixin.py:151} INFO - [2026-03-04T23:55:07.817+0000] {dag.py:2915} INFO - Sync 1 DAGs
[2026-03-04T23:55:07.954+0000] {processor.py:179} INFO - Processing /opt/airflow/dags/embedding_sync_dag.py took 0.301 seconds
[2026-03-04T23:55:38.350+0000] {processor.py:157} INFO - Started process (PID=660) to work on /opt/airflow/dags/embedding_sync_dag.py
[2026-03-04T23:55:38.353+0000] {processor.py:829} INFO - Processing file /opt/airflow/dags/embedding_sync_dag.py for tasks to queue
[2026-03-04T23:55:38.358+0000] {logging_mixin.py:151} INFO - [2026-03-04T23:55:38.355+0000] {dagbag.py:539} INFO - Filling up the DagBag from /opt/airflow/dags/embedding_sync_dag.py
[2026-03-04T23:55:38.423+0000] {processor.py:839} INFO - DAG(s) dict_keys(['embedding_sync_dag']) retrieved from /opt/airflow/dags/embedding_sync_dag.py
[2026-03-04T23:55:38.620+0000] {logging_mixin.py:151} INFO - [2026-03-04T23:55:38.620+0000] {dag.py:2915} INFO - Sync 1 DAGs
[2026-03-04T23:55:38.759+0000] {processor.py:179} INFO - Processing /opt/airflow/dags/embedding_sync_dag.py took 0.422 seconds
[2026-03-04T23:56:09.162+0000] {processor.py:157} INFO - Started process (PID=678) to work on /opt/airflow/dags/embedding_sync_dag.py
[2026-03-04T23:56:09.165+0000] {processor.py:829} INFO - Processing file /opt/airflow/dags/embedding_sync_dag.py for tasks to queue
[2026-03-04T23:56:09.167+0000] {logging_mixin.py:151} INFO - [2026-03-04T23:56:09.166+0000] {dagbag.py:539} INFO - Filling up the DagBag from /opt/airflow/dags/embedding_sync_dag.py
[2026-03-04T23:56:09.212+0000] {processor.py:839} INFO - DAG(s) dict_keys(['embedding_sync_dag']) retrieved from /opt/airflow/dags/embedding_sync_dag.py
[2026-03-04T23:56:09.317+0000] {logging_mixin.py:151} INFO - [2026-03-04T23:56:09.316+0000] {dag.py:2915} INFO - Sync 1 DAGs
[2026-03-04T23:56:09.398+0000] {logging_mixin.py:151} INFO - [2026-03-04T23:56:09.397+0000] {dag.py:3696} INFO - Setting next_dagrun for embedding_sync_dag to 2026-03-04T23:55:00+00:00, run_after=2026-03-05T00:00:00+00:00
[2026-03-04T23:56:09.453+0000] {processor.py:179} INFO - Processing /opt/airflow/dags/embedding_sync_dag.py took 0.301 seconds
[2026-03-04T23:56:39.657+0000] {processor.py:157} INFO - Started process (PID=696) to work on /opt/airflow/dags/embedding_sync_dag.py
[2026-03-04T23:56:39.660+0000] {processor.py:829} INFO - Processing file /opt/airflow/dags/embedding_sync_dag.py for tasks to queue
[2026-03-04T23:56:39.662+0000] {logging_mixin.py:151} INFO - [2026-03-04T23:56:39.661+0000] {dagbag.py:539} INFO - Filling up the DagBag from /opt/airflow/dags/embedding_sync_dag.py
[2026-03-04T23:56:39.709+0000] {processor.py:839} INFO - DAG(s) dict_keys(['embedding_sync_dag']) retrieved from /opt/airflow/dags/embedding_sync_dag.py
[2026-03-04T23:56:39.828+0000] {logging_mixin.py:151} INFO - [2026-03-04T23:56:39.827+0000] {dag.py:2915} INFO - Sync 1 DAGs
[2026-03-04T23:56:39.907+0000] {logging_mixin.py:151} INFO - [2026-03-04T23:56:39.907+0000] {dag.py:3696} INFO - Setting next_dagrun for embedding_sync_dag to 2026-03-04T23:55:00+00:00, run_after=2026-03-05T00:00:00+00:00
[2026-03-04T23:56:39.964+0000] {processor.py:179} INFO - Processing /opt/airflow/dags/embedding_sync_dag.py took 0.319 seconds
[2026-03-04T23:57:10.787+0000] {processor.py:157} INFO - Started process (PID=714) to work on /opt/airflow/dags/embedding_sync_dag.py
[2026-03-04T23:57:10.789+0000] {processor.py:829} INFO - Processing file /opt/airflow/dags/embedding_sync_dag.py for tasks to queue
[2026-03-04T23:57:10.791+0000] {logging_mixin.py:151} INFO - [2026-03-04T23:57:10.790+0000] {dagbag.py:539} INFO - Filling up the DagBag from /opt/airflow/dags/embedding_sync_dag.py
[2026-03-04T23:57:10.832+0000] {processor.py:839} INFO - DAG(s) dict_keys(['embedding_sync_dag']) retrieved from /opt/airflow/dags/embedding_sync_dag.py
[2026-03-04T23:57:10.941+0000] {logging_mixin.py:151} INFO - [2026-03-04T23:57:10.941+0000] {dag.py:2915} INFO - Sync 1 DAGs
[2026-03-04T23:57:11.026+0000] {logging_mixin.py:151} INFO - [2026-03-04T23:57:11.025+0000] {dag.py:3696} INFO - Setting next_dagrun for embedding_sync_dag to 2026-03-04T23:55:00+00:00, run_after=2026-03-05T00:00:00+00:00
[2026-03-04T23:57:11.084+0000] {processor.py:179} INFO - Processing /opt/airflow/dags/embedding_sync_dag.py took 0.307 seconds
[2026-03-04T23:57:41.283+0000] {processor.py:157} INFO - Started process (PID=732) to work on /opt/airflow/dags/embedding_sync_dag.py
[2026-03-04T23:57:41.287+0000] {processor.py:829} INFO - Processing file /opt/airflow/dags/embedding_sync_dag.py for tasks to queue
[2026-03-04T23:57:41.289+0000] {logging_mixin.py:151} INFO - [2026-03-04T23:57:41.288+0000] {dagbag.py:539} INFO - Filling up the DagBag from /opt/airflow/dags/embedding_sync_dag.py
[2026-03-04T23:57:41.335+0000] {processor.py:839} INFO - DAG(s) dict_keys(['embedding_sync_dag']) retrieved from /opt/airflow/dags/embedding_sync_dag.py
[2026-03-04T23:57:41.445+0000] {logging_mixin.py:151} INFO - [2026-03-04T23:57:41.445+0000] {dag.py:2915} INFO - Sync 1 DAGs
[2026-03-04T23:57:41.527+0000] {logging_mixin.py:151} INFO - [2026-03-04T23:57:41.527+0000] {dag.py:3696} INFO - Setting next_dagrun for embedding_sync_dag to 2026-03-04T23:55:00+00:00, run_after=2026-03-05T00:00:00+00:00
[2026-03-04T23:57:41.580+0000] {processor.py:179} INFO - Processing /opt/airflow/dags/embedding_sync_dag.py took 0.308 seconds
[2026-03-04T23:58:11.677+0000] {processor.py:157} INFO - Started process (PID=750) to work on /opt/airflow/dags/embedding_sync_dag.py
[2026-03-04T23:58:11.680+0000] {processor.py:829} INFO - Processing file /opt/airflow/dags/embedding_sync_dag.py for tasks to queue
[2026-03-04T23:58:11.682+0000] {logging_mixin.py:151} INFO - [2026-03-04T23:58:11.681+0000] {dagbag.py:539} INFO - Filling up the DagBag from /opt/airflow/dags/embedding_sync_dag.py
[2026-03-04T23:58:11.729+0000] {processor.py:839} INFO - DAG(s) dict_keys(['embedding_sync_dag']) retrieved from /opt/airflow/dags/embedding_sync_dag.py
[2026-03-04T23:58:11.837+0000] {logging_mixin.py:151} INFO - [2026-03-04T23:58:11.836+0000] {dag.py:2915} INFO - Sync 1 DAGs
[2026-03-04T23:58:11.917+0000] {logging_mixin.py:151} INFO - [2026-03-04T23:58:11.916+0000] {dag.py:3696} INFO - Setting next_dagrun for embedding_sync_dag to 2026-03-04T23:55:00+00:00, run_after=2026-03-05T00:00:00+00:00
[2026-03-04T23:58:11.965+0000] {processor.py:179} INFO - Processing /opt/airflow/dags/embedding_sync_dag.py took 0.299 seconds
[2026-03-04T23:58:42.801+0000] {processor.py:157} INFO - Started process (PID=768) to work on /opt/airflow/dags/embedding_sync_dag.py
[2026-03-04T23:58:42.804+0000] {processor.py:829} INFO - Processing file /opt/airflow/dags/embedding_sync_dag.py for tasks to queue
[2026-03-04T23:58:42.806+0000] {logging_mixin.py:151} INFO - [2026-03-04T23:58:42.805+0000] {dagbag.py:539} INFO - Filling up the DagBag from /opt/airflow/dags/embedding_sync_dag.py
[2026-03-04T23:58:42.852+0000] {processor.py:839} INFO - DAG(s) dict_keys(['embedding_sync_dag']) retrieved from /opt/airflow/dags/embedding_sync_dag.py
[2026-03-04T23:58:42.961+0000] {logging_mixin.py:151} INFO - [2026-03-04T23:58:42.961+0000] {dag.py:2915} INFO - Sync 1 DAGs
[2026-03-04T23:58:43.040+0000] {logging_mixin.py:151} INFO - [2026-03-04T23:58:43.040+0000] {dag.py:3696} INFO - Setting next_dagrun for embedding_sync_dag to 2026-03-04T23:55:00+00:00, run_after=2026-03-05T00:00:00+00:00
[2026-03-04T23:58:43.091+0000] {processor.py:179} INFO - Processing /opt/airflow/dags/embedding_sync_dag.py took 0.302 seconds
[2026-03-04T23:59:13.368+0000] {processor.py:157} INFO - Started process (PID=786) to work on /opt/airflow/dags/embedding_sync_dag.py
[2026-03-04T23:59:13.370+0000] {processor.py:829} INFO - Processing file /opt/airflow/dags/embedding_sync_dag.py for tasks to queue
[2026-03-04T23:59:13.372+0000] {logging_mixin.py:151} INFO - [2026-03-04T23:59:13.371+0000] {dagbag.py:539} INFO - Filling up the DagBag from /opt/airflow/dags/embedding_sync_dag.py
[2026-03-04T23:59:13.418+0000] {processor.py:839} INFO - DAG(s) dict_keys(['embedding_sync_dag']) retrieved from /opt/airflow/dags/embedding_sync_dag.py
[2026-03-04T23:59:13.522+0000] {logging_mixin.py:151} INFO - [2026-03-04T23:59:13.521+0000] {dag.py:2915} INFO - Sync 1 DAGs
[2026-03-04T23:59:13.601+0000] {logging_mixin.py:151} INFO - [2026-03-04T23:59:13.601+0000] {dag.py:3696} INFO - Setting next_dagrun for embedding_sync_dag to 2026-03-04T23:55:00+00:00, run_after=2026-03-05T00:00:00+00:00
[2026-03-04T23:59:13.651+0000] {processor.py:179} INFO - Processing /opt/airflow/dags/embedding_sync_dag.py took 0.295 seconds
[2026-03-04T23:59:43.861+0000] {processor.py:157} INFO - Started process (PID=804) to work on /opt/airflow/dags/embedding_sync_dag.py
[2026-03-04T23:59:43.865+0000] {processor.py:829} INFO - Processing file /opt/airflow/dags/embedding_sync_dag.py for tasks to queue
[2026-03-04T23:59:43.867+0000] {logging_mixin.py:151} INFO - [2026-03-04T23:59:43.866+0000] {dagbag.py:539} INFO - Filling up the DagBag from /opt/airflow/dags/embedding_sync_dag.py
[2026-03-04T23:59:43.912+0000] {processor.py:839} INFO - DAG(s) dict_keys(['embedding_sync_dag']) retrieved from /opt/airflow/dags/embedding_sync_dag.py
[2026-03-04T23:59:44.017+0000] {logging_mixin.py:151} INFO - [2026-03-04T23:59:44.017+0000] {dag.py:2915} INFO - Sync 1 DAGs
[2026-03-04T23:59:44.103+0000] {logging_mixin.py:151} INFO - [2026-03-04T23:59:44.102+0000] {dag.py:3696} INFO - Setting next_dagrun for embedding_sync_dag to 2026-03-04T23:55:00+00:00, run_after=2026-03-05T00:00:00+00:00
[2026-03-04T23:59:44.155+0000] {processor.py:179} INFO - Processing /opt/airflow/dags/embedding_sync_dag.py took 0.305 seconds
