[2025-12-30T06:44:38.432+0000] {taskinstance.py:1157} INFO - Dependencies all met for dep_context=non-requeueable deps ti=<TaskInstance: distillationDAG.scan_minio_and_dispatch scheduled__2025-12-30T06:43:26.586406+00:00 [queued]>
[2025-12-30T06:44:38.453+0000] {taskinstance.py:1157} INFO - Dependencies all met for dep_context=requeueable deps ti=<TaskInstance: distillationDAG.scan_minio_and_dispatch scheduled__2025-12-30T06:43:26.586406+00:00 [queued]>
[2025-12-30T06:44:38.454+0000] {taskinstance.py:1359} INFO - Starting attempt 2 of 4
[2025-12-30T06:44:38.485+0000] {taskinstance.py:1380} INFO - Executing <Task(PythonOperator): scan_minio_and_dispatch> on 2025-12-30 06:43:26.586406+00:00
[2025-12-30T06:44:38.501+0000] {standard_task_runner.py:57} INFO - Started process 586 to run task
[2025-12-30T06:44:38.510+0000] {standard_task_runner.py:84} INFO - Running: ['***', 'tasks', 'run', 'distillationDAG', 'scan_minio_and_dispatch', 'scheduled__2025-12-30T06:43:26.586406+00:00', '--job-id', '591', '--raw', '--subdir', 'DAGS_FOLDER/dispatcher_pipeline_dag.py', '--cfg-path', '/tmp/tmp4iwezarv']
[2025-12-30T06:44:38.518+0000] {standard_task_runner.py:85} INFO - Job 591: Subtask scan_minio_and_dispatch
[2025-12-30T06:44:38.576+0000] {logging_mixin.py:151} WARNING - /home/***/.local/lib/python3.11/site-packages/***/settings.py:195 DeprecationWarning: The sql_alchemy_conn option in [core] has been moved to the sql_alchemy_conn option in [database] - the old setting has been used, but please update your config.
[2025-12-30T06:44:38.692+0000] {task_command.py:415} INFO - Running <TaskInstance: distillationDAG.scan_minio_and_dispatch scheduled__2025-12-30T06:43:26.586406+00:00 [running]> on host 05e7e2e69d60
[2025-12-30T06:44:39.184+0000] {taskinstance.py:1660} INFO - Exporting env vars: AIRFLOW_CTX_DAG_OWNER='***' AIRFLOW_CTX_DAG_ID='distillationDAG' AIRFLOW_CTX_TASK_ID='scan_minio_and_dispatch' AIRFLOW_CTX_EXECUTION_DATE='2025-12-30T06:43:26.586406+00:00' AIRFLOW_CTX_TRY_NUMBER='2' AIRFLOW_CTX_DAG_RUN_ID='scheduled__2025-12-30T06:43:26.586406+00:00'
[2025-12-30T06:44:39.199+0000] {logging_mixin.py:151} INFO - [DISPATCHER] Found file: raw/employees_100KB_min.json
[2025-12-30T06:44:39.429+0000] {structured_pipeline.py:397} INFO - [structured] Processing raw/employees_100KB_min.json
[2025-12-30T06:44:39.434+0000] {structured_pipeline.py:404} INFO - [structured] Downloaded 102744 bytes
[2025-12-30T06:44:39.434+0000] {structured_pipeline.py:408} INFO - [structured] Detected file type: json
[2025-12-30T06:44:39.438+0000] {structured_pipeline.py:20} INFO - Detected encoding: ascii (confidence: 1.00)
[2025-12-30T06:44:39.438+0000] {structured_pipeline.py:244} INFO - [JSON] Attempting to decode with ascii
[2025-12-30T06:44:39.444+0000] {structured_pipeline.py:256} INFO - [JSON] Successfully read as standard JSON: 117 rows
[2025-12-30T06:44:39.444+0000] {structured_pipeline.py:305} INFO - [Clean] Cleaning dataframe...
[2025-12-30T06:44:39.453+0000] {structured_pipeline.py:327} INFO - [Clean] Cleaned dataframe: 117 rows, 11 columns
[2025-12-30T06:44:39.453+0000] {structured_pipeline.py:117} INFO - Table name: data_employees_100kb_min
[2025-12-30T06:44:39.456+0000] {logging_mixin.py:151} WARNING - /opt/python-etl/pipelines/structured_pipeline.py:135 UserWarning: Could not infer format, so each element will be parsed individually, falling back to `dateutil`. To ensure parsing is consistent and as-expected, please specify a format.
[2025-12-30T06:44:39.460+0000] {logging_mixin.py:151} WARNING - /opt/python-etl/pipelines/structured_pipeline.py:135 UserWarning: Could not infer format, so each element will be parsed individually, falling back to `dateutil`. To ensure parsing is consistent and as-expected, please specify a format.
[2025-12-30T06:44:39.462+0000] {logging_mixin.py:151} WARNING - /opt/python-etl/pipelines/structured_pipeline.py:135 UserWarning: Could not infer format, so each element will be parsed individually, falling back to `dateutil`. To ensure parsing is consistent and as-expected, please specify a format.
[2025-12-30T06:44:39.464+0000] {logging_mixin.py:151} WARNING - /opt/python-etl/pipelines/structured_pipeline.py:135 UserWarning: Could not infer format, so each element will be parsed individually, falling back to `dateutil`. To ensure parsing is consistent and as-expected, please specify a format.
[2025-12-30T06:44:39.466+0000] {structured_pipeline.py:459} ERROR - [structured] ❌ Error processing raw/employees_100KB_min.json: unhashable type: 'dict'
Traceback (most recent call last):
  File "/opt/python-etl/pipelines/structured_pipeline.py", line 438, in process_minio_object
    load_to_postgres(df, table_name, pg_conn, use_smart_types=True)
  File "/opt/python-etl/pipelines/structured_pipeline.py", line 343, in load_to_postgres
    pg_type = infer_postgres_type(df[col])
              ^^^^^^^^^^^^^^^^^^^^^^^^^^^^
  File "/opt/python-etl/pipelines/structured_pipeline.py", line 141, in infer_postgres_type
    unique_vals = series.dropna().unique()
                  ^^^^^^^^^^^^^^^^^^^^^^^^
  File "/home/airflow/.local/lib/python3.11/site-packages/pandas/core/series.py", line 2287, in unique
    return super().unique()
           ^^^^^^^^^^^^^^^^
  File "/home/airflow/.local/lib/python3.11/site-packages/pandas/core/base.py", line 1025, in unique
    result = algorithms.unique1d(values)
             ^^^^^^^^^^^^^^^^^^^^^^^^^^^
  File "/home/airflow/.local/lib/python3.11/site-packages/pandas/core/algorithms.py", line 401, in unique
    return unique_with_mask(values)
           ^^^^^^^^^^^^^^^^^^^^^^^^
  File "/home/airflow/.local/lib/python3.11/site-packages/pandas/core/algorithms.py", line 440, in unique_with_mask
    uniques = table.unique(values)
              ^^^^^^^^^^^^^^^^^^^^
  File "pandas/_libs/hashtable_class_helper.pxi", line 7247, in pandas._libs.hashtable.PyObjectHashTable.unique
  File "pandas/_libs/hashtable_class_helper.pxi", line 7194, in pandas._libs.hashtable.PyObjectHashTable._unique
TypeError: unhashable type: 'dict'
[2025-12-30T06:44:39.469+0000] {taskinstance.py:1935} ERROR - Task failed with exception
Traceback (most recent call last):
  File "/home/airflow/.local/lib/python3.11/site-packages/airflow/operators/python.py", line 192, in execute
    return_value = self.execute_callable()
                   ^^^^^^^^^^^^^^^^^^^^^^^
  File "/home/airflow/.local/lib/python3.11/site-packages/airflow/operators/python.py", line 209, in execute_callable
    return self.python_callable(*self.op_args, **self.op_kwargs)
           ^^^^^^^^^^^^^^^^^^^^^^^^^^^^^^^^^^^^^^^^^^^^^^^^^^^^^
  File "/opt/airflow/dags/dispatcher_pipeline_dag.py", line 56, in scan_and_dispatch
    run_pipeline_for_object(object_name)
  File "/opt/python-etl/etl_manager.py", line 272, in run_pipeline_for_object
    structured_pipeline.process_minio_object(
  File "/opt/python-etl/pipelines/structured_pipeline.py", line 438, in process_minio_object
    load_to_postgres(df, table_name, pg_conn, use_smart_types=True)
  File "/opt/python-etl/pipelines/structured_pipeline.py", line 343, in load_to_postgres
    pg_type = infer_postgres_type(df[col])
              ^^^^^^^^^^^^^^^^^^^^^^^^^^^^
  File "/opt/python-etl/pipelines/structured_pipeline.py", line 141, in infer_postgres_type
    unique_vals = series.dropna().unique()
                  ^^^^^^^^^^^^^^^^^^^^^^^^
  File "/home/airflow/.local/lib/python3.11/site-packages/pandas/core/series.py", line 2287, in unique
    return super().unique()
           ^^^^^^^^^^^^^^^^
  File "/home/airflow/.local/lib/python3.11/site-packages/pandas/core/base.py", line 1025, in unique
    result = algorithms.unique1d(values)
             ^^^^^^^^^^^^^^^^^^^^^^^^^^^
  File "/home/airflow/.local/lib/python3.11/site-packages/pandas/core/algorithms.py", line 401, in unique
    return unique_with_mask(values)
           ^^^^^^^^^^^^^^^^^^^^^^^^
  File "/home/airflow/.local/lib/python3.11/site-packages/pandas/core/algorithms.py", line 440, in unique_with_mask
    uniques = table.unique(values)
              ^^^^^^^^^^^^^^^^^^^^
  File "pandas/_libs/hashtable_class_helper.pxi", line 7247, in pandas._libs.hashtable.PyObjectHashTable.unique
  File "pandas/_libs/hashtable_class_helper.pxi", line 7194, in pandas._libs.hashtable.PyObjectHashTable._unique
TypeError: unhashable type: 'dict'
[2025-12-30T06:44:39.487+0000] {taskinstance.py:1398} INFO - Marking task as UP_FOR_RETRY. dag_id=distillationDAG, task_id=scan_minio_and_dispatch, execution_date=20251230T064326, start_date=20251230T064438, end_date=20251230T064439
[2025-12-30T06:44:39.501+0000] {standard_task_runner.py:104} ERROR - Failed to execute job 591 for task scan_minio_and_dispatch (unhashable type: 'dict'; 586)
[2025-12-30T06:44:39.524+0000] {local_task_job_runner.py:228} INFO - Task exited with return code 1
[2025-12-30T06:44:39.561+0000] {taskinstance.py:2776} INFO - 0 downstream tasks scheduled from follow-on schedule check
