[2025-12-30T06:20:32.866+0000] {taskinstance.py:1157} INFO - Dependencies all met for dep_context=non-requeueable deps ti=<TaskInstance: distillationDAG.scan_minio_and_dispatch scheduled__2025-12-30T06:19:34.694369+00:00 [queued]>
[2025-12-30T06:20:32.874+0000] {taskinstance.py:1157} INFO - Dependencies all met for dep_context=requeueable deps ti=<TaskInstance: distillationDAG.scan_minio_and_dispatch scheduled__2025-12-30T06:19:34.694369+00:00 [queued]>
[2025-12-30T06:20:32.874+0000] {taskinstance.py:1359} INFO - Starting attempt 2 of 4
[2025-12-30T06:20:32.885+0000] {taskinstance.py:1380} INFO - Executing <Task(PythonOperator): scan_minio_and_dispatch> on 2025-12-30 06:19:34.694369+00:00
[2025-12-30T06:20:32.892+0000] {standard_task_runner.py:57} INFO - Started process 2150 to run task
[2025-12-30T06:20:32.895+0000] {standard_task_runner.py:84} INFO - Running: ['***', 'tasks', 'run', 'distillationDAG', 'scan_minio_and_dispatch', 'scheduled__2025-12-30T06:19:34.694369+00:00', '--job-id', '586', '--raw', '--subdir', 'DAGS_FOLDER/dispatcher_pipeline_dag.py', '--cfg-path', '/tmp/tmpwnomb276']
[2025-12-30T06:20:32.898+0000] {standard_task_runner.py:85} INFO - Job 586: Subtask scan_minio_and_dispatch
[2025-12-30T06:20:32.919+0000] {logging_mixin.py:151} WARNING - /home/***/.local/lib/python3.11/site-packages/***/settings.py:195 DeprecationWarning: The sql_alchemy_conn option in [core] has been moved to the sql_alchemy_conn option in [database] - the old setting has been used, but please update your config.
[2025-12-30T06:20:32.961+0000] {task_command.py:415} INFO - Running <TaskInstance: distillationDAG.scan_minio_and_dispatch scheduled__2025-12-30T06:19:34.694369+00:00 [running]> on host 0f5f90d48f3d
[2025-12-30T06:20:33.229+0000] {taskinstance.py:1660} INFO - Exporting env vars: AIRFLOW_CTX_DAG_OWNER='***' AIRFLOW_CTX_DAG_ID='distillationDAG' AIRFLOW_CTX_TASK_ID='scan_minio_and_dispatch' AIRFLOW_CTX_EXECUTION_DATE='2025-12-30T06:19:34.694369+00:00' AIRFLOW_CTX_TRY_NUMBER='2' AIRFLOW_CTX_DAG_RUN_ID='scheduled__2025-12-30T06:19:34.694369+00:00'
[2025-12-30T06:20:33.238+0000] {logging_mixin.py:151} INFO - [DISPATCHER] Found file: raw/employees_100KB_min.json
[2025-12-30T06:20:33.392+0000] {structured_pipeline.py:155} INFO - [structured] Processing raw/employees_100KB_min.json
[2025-12-30T06:20:33.397+0000] {structured_pipeline.py:162} INFO - [structured] Downloaded 102744 bytes
[2025-12-30T06:20:33.400+0000] {structured_pipeline.py:19} INFO - Detected encoding: ascii (confidence: 1.00)
[2025-12-30T06:20:33.400+0000] {structured_pipeline.py:173} INFO - [structured] Attempting to decode with ascii
[2025-12-30T06:20:33.402+0000] {structured_pipeline.py:38} INFO - Sniffer detected delimiter: ','
[2025-12-30T06:20:33.402+0000] {structured_pipeline.py:211} INFO - [structured] Read attempt 1
[2025-12-30T06:20:33.404+0000] {structured_pipeline.py:218} WARNING - [structured] Attempt 1 failed: No columns to parse from file
[2025-12-30T06:20:33.404+0000] {structured_pipeline.py:211} INFO - [structured] Read attempt 2
[2025-12-30T06:20:33.404+0000] {structured_pipeline.py:218} WARNING - [structured] Attempt 2 failed: No columns to parse from file
[2025-12-30T06:20:33.405+0000] {structured_pipeline.py:211} INFO - [structured] Read attempt 3
[2025-12-30T06:20:33.405+0000] {structured_pipeline.py:218} WARNING - [structured] Attempt 3 failed: read_csv() got an unexpected keyword argument 'error_bad_lines'
[2025-12-30T06:20:33.405+0000] {structured_pipeline.py:328} ERROR - [structured] ❌ Error processing raw/employees_100KB_min.json: Failed to read CSV with all attempted methods. Last error: read_csv() got an unexpected keyword argument 'error_bad_lines'
Traceback (most recent call last):
  File "/opt/python-etl/pipelines/structured_pipeline.py", line 232, in process_minio_object
    raise ValueError(f"Failed to read CSV with all attempted methods. Last error: {last_error}")
ValueError: Failed to read CSV with all attempted methods. Last error: read_csv() got an unexpected keyword argument 'error_bad_lines'
[2025-12-30T06:20:33.405+0000] {taskinstance.py:1935} ERROR - Task failed with exception
Traceback (most recent call last):
  File "/home/airflow/.local/lib/python3.11/site-packages/airflow/operators/python.py", line 192, in execute
    return_value = self.execute_callable()
                   ^^^^^^^^^^^^^^^^^^^^^^^
  File "/home/airflow/.local/lib/python3.11/site-packages/airflow/operators/python.py", line 209, in execute_callable
    return self.python_callable(*self.op_args, **self.op_kwargs)
           ^^^^^^^^^^^^^^^^^^^^^^^^^^^^^^^^^^^^^^^^^^^^^^^^^^^^^
  File "/opt/airflow/dags/dispatcher_pipeline_dag.py", line 56, in scan_and_dispatch
    run_pipeline_for_object(object_name)
  File "/opt/python-etl/etl_manager.py", line 272, in run_pipeline_for_object
    structured_pipeline.process_minio_object(
  File "/opt/python-etl/pipelines/structured_pipeline.py", line 232, in process_minio_object
    raise ValueError(f"Failed to read CSV with all attempted methods. Last error: {last_error}")
ValueError: Failed to read CSV with all attempted methods. Last error: read_csv() got an unexpected keyword argument 'error_bad_lines'
[2025-12-30T06:20:33.417+0000] {taskinstance.py:1398} INFO - Marking task as UP_FOR_RETRY. dag_id=distillationDAG, task_id=scan_minio_and_dispatch, execution_date=20251230T061934, start_date=20251230T062032, end_date=20251230T062033
[2025-12-30T06:20:33.427+0000] {standard_task_runner.py:104} ERROR - Failed to execute job 586 for task scan_minio_and_dispatch (Failed to read CSV with all attempted methods. Last error: read_csv() got an unexpected keyword argument 'error_bad_lines'; 2150)
[2025-12-30T06:20:33.468+0000] {local_task_job_runner.py:228} INFO - Task exited with return code 1
[2025-12-30T06:20:33.497+0000] {taskinstance.py:2776} INFO - 0 downstream tasks scheduled from follow-on schedule check
