[2026-04-14T09:40:16.799+0000] {processor.py:157} INFO - Started process (PID=166) to work on /opt/airflow/dags/dispatcher_pipeline_dag.py
[2026-04-14T09:40:16.802+0000] {processor.py:829} INFO - Processing file /opt/airflow/dags/dispatcher_pipeline_dag.py for tasks to queue
[2026-04-14T09:40:16.804+0000] {logging_mixin.py:151} INFO - [2026-04-14T09:40:16.803+0000] {dagbag.py:539} INFO - Filling up the DagBag from /opt/airflow/dags/dispatcher_pipeline_dag.py
[2026-04-14T09:40:18.622+0000] {processor.py:839} INFO - DAG(s) dict_keys(['distillationDAG']) retrieved from /opt/airflow/dags/dispatcher_pipeline_dag.py
[2026-04-14T09:40:18.702+0000] {logging_mixin.py:151} INFO - [2026-04-14T09:40:18.700+0000] {dag.py:2915} INFO - Sync 1 DAGs
[2026-04-14T09:40:18.759+0000] {logging_mixin.py:151} INFO - [2026-04-14T09:40:18.759+0000] {dag.py:3696} INFO - Setting next_dagrun for distillationDAG to 2026-04-14T09:39:33.758894+00:00, run_after=2026-04-14T09:40:18.758894+00:00
[2026-04-14T09:40:18.804+0000] {processor.py:179} INFO - Processing /opt/airflow/dags/dispatcher_pipeline_dag.py took 2.014 seconds
[2026-04-14T09:40:49.212+0000] {processor.py:157} INFO - Started process (PID=211) to work on /opt/airflow/dags/dispatcher_pipeline_dag.py
[2026-04-14T09:40:49.214+0000] {processor.py:829} INFO - Processing file /opt/airflow/dags/dispatcher_pipeline_dag.py for tasks to queue
[2026-04-14T09:40:49.216+0000] {logging_mixin.py:151} INFO - [2026-04-14T09:40:49.215+0000] {dagbag.py:539} INFO - Filling up the DagBag from /opt/airflow/dags/dispatcher_pipeline_dag.py
[2026-04-14T09:40:51.002+0000] {processor.py:839} INFO - DAG(s) dict_keys(['distillationDAG']) retrieved from /opt/airflow/dags/dispatcher_pipeline_dag.py
[2026-04-14T09:40:51.081+0000] {logging_mixin.py:151} INFO - [2026-04-14T09:40:51.080+0000] {dag.py:2915} INFO - Sync 1 DAGs
[2026-04-14T09:40:51.135+0000] {logging_mixin.py:151} INFO - [2026-04-14T09:40:51.135+0000] {dag.py:3696} INFO - Setting next_dagrun for distillationDAG to 2026-04-14T09:40:06.135042+00:00, run_after=2026-04-14T09:40:51.135042+00:00
[2026-04-14T09:40:51.179+0000] {processor.py:179} INFO - Processing /opt/airflow/dags/dispatcher_pipeline_dag.py took 1.977 seconds
[2026-04-14T09:41:21.723+0000] {processor.py:157} INFO - Started process (PID=235) to work on /opt/airflow/dags/dispatcher_pipeline_dag.py
[2026-04-14T09:41:21.725+0000] {processor.py:829} INFO - Processing file /opt/airflow/dags/dispatcher_pipeline_dag.py for tasks to queue
[2026-04-14T09:41:21.727+0000] {logging_mixin.py:151} INFO - [2026-04-14T09:41:21.726+0000] {dagbag.py:539} INFO - Filling up the DagBag from /opt/airflow/dags/dispatcher_pipeline_dag.py
[2026-04-14T09:41:23.459+0000] {processor.py:839} INFO - DAG(s) dict_keys(['distillationDAG']) retrieved from /opt/airflow/dags/dispatcher_pipeline_dag.py
[2026-04-14T09:41:23.536+0000] {logging_mixin.py:151} INFO - [2026-04-14T09:41:23.535+0000] {dag.py:2915} INFO - Sync 1 DAGs
[2026-04-14T09:41:23.591+0000] {logging_mixin.py:151} INFO - [2026-04-14T09:41:23.591+0000] {dag.py:3696} INFO - Setting next_dagrun for distillationDAG to 2026-04-14T09:40:38.590593+00:00, run_after=2026-04-14T09:41:23.590593+00:00
[2026-04-14T09:41:23.630+0000] {processor.py:179} INFO - Processing /opt/airflow/dags/dispatcher_pipeline_dag.py took 1.917 seconds
[2026-04-14T09:41:53.921+0000] {processor.py:157} INFO - Started process (PID=253) to work on /opt/airflow/dags/dispatcher_pipeline_dag.py
[2026-04-14T09:41:53.924+0000] {processor.py:829} INFO - Processing file /opt/airflow/dags/dispatcher_pipeline_dag.py for tasks to queue
[2026-04-14T09:41:53.926+0000] {logging_mixin.py:151} INFO - [2026-04-14T09:41:53.925+0000] {dagbag.py:539} INFO - Filling up the DagBag from /opt/airflow/dags/dispatcher_pipeline_dag.py
[2026-04-14T09:41:55.681+0000] {processor.py:839} INFO - DAG(s) dict_keys(['distillationDAG']) retrieved from /opt/airflow/dags/dispatcher_pipeline_dag.py
[2026-04-14T09:41:55.761+0000] {logging_mixin.py:151} INFO - [2026-04-14T09:41:55.760+0000] {dag.py:2915} INFO - Sync 1 DAGs
[2026-04-14T09:41:55.812+0000] {logging_mixin.py:151} INFO - [2026-04-14T09:41:55.812+0000] {dag.py:3696} INFO - Setting next_dagrun for distillationDAG to 2026-04-14T09:41:10.812006+00:00, run_after=2026-04-14T09:41:55.812006+00:00
[2026-04-14T09:41:55.853+0000] {processor.py:179} INFO - Processing /opt/airflow/dags/dispatcher_pipeline_dag.py took 1.942 seconds
[2026-04-14T09:42:26.266+0000] {processor.py:157} INFO - Started process (PID=271) to work on /opt/airflow/dags/dispatcher_pipeline_dag.py
[2026-04-14T09:42:26.269+0000] {processor.py:829} INFO - Processing file /opt/airflow/dags/dispatcher_pipeline_dag.py for tasks to queue
[2026-04-14T09:42:26.271+0000] {logging_mixin.py:151} INFO - [2026-04-14T09:42:26.270+0000] {dagbag.py:539} INFO - Filling up the DagBag from /opt/airflow/dags/dispatcher_pipeline_dag.py
[2026-04-14T09:42:28.069+0000] {processor.py:839} INFO - DAG(s) dict_keys(['distillationDAG']) retrieved from /opt/airflow/dags/dispatcher_pipeline_dag.py
[2026-04-14T09:42:28.147+0000] {logging_mixin.py:151} INFO - [2026-04-14T09:42:28.146+0000] {dag.py:2915} INFO - Sync 1 DAGs
[2026-04-14T09:42:28.204+0000] {logging_mixin.py:151} INFO - [2026-04-14T09:42:28.203+0000] {dag.py:3696} INFO - Setting next_dagrun for distillationDAG to 2026-04-14T09:41:43.203306+00:00, run_after=2026-04-14T09:42:28.203306+00:00
[2026-04-14T09:42:28.245+0000] {processor.py:179} INFO - Processing /opt/airflow/dags/dispatcher_pipeline_dag.py took 1.989 seconds
[2026-04-14T09:42:58.496+0000] {processor.py:157} INFO - Started process (PID=289) to work on /opt/airflow/dags/dispatcher_pipeline_dag.py
[2026-04-14T09:42:58.498+0000] {processor.py:829} INFO - Processing file /opt/airflow/dags/dispatcher_pipeline_dag.py for tasks to queue
[2026-04-14T09:42:58.501+0000] {logging_mixin.py:151} INFO - [2026-04-14T09:42:58.500+0000] {dagbag.py:539} INFO - Filling up the DagBag from /opt/airflow/dags/dispatcher_pipeline_dag.py
[2026-04-14T09:43:00.240+0000] {processor.py:839} INFO - DAG(s) dict_keys(['distillationDAG']) retrieved from /opt/airflow/dags/dispatcher_pipeline_dag.py
[2026-04-14T09:43:00.319+0000] {logging_mixin.py:151} INFO - [2026-04-14T09:43:00.318+0000] {dag.py:2915} INFO - Sync 1 DAGs
[2026-04-14T09:43:00.374+0000] {logging_mixin.py:151} INFO - [2026-04-14T09:43:00.374+0000] {dag.py:3696} INFO - Setting next_dagrun for distillationDAG to 2026-04-14T09:42:15.373661+00:00, run_after=2026-04-14T09:43:00.373661+00:00
[2026-04-14T09:43:00.419+0000] {processor.py:179} INFO - Processing /opt/airflow/dags/dispatcher_pipeline_dag.py took 1.933 seconds
[2026-04-14T09:43:30.801+0000] {processor.py:157} INFO - Started process (PID=307) to work on /opt/airflow/dags/dispatcher_pipeline_dag.py
[2026-04-14T09:43:30.804+0000] {processor.py:829} INFO - Processing file /opt/airflow/dags/dispatcher_pipeline_dag.py for tasks to queue
[2026-04-14T09:43:30.806+0000] {logging_mixin.py:151} INFO - [2026-04-14T09:43:30.805+0000] {dagbag.py:539} INFO - Filling up the DagBag from /opt/airflow/dags/dispatcher_pipeline_dag.py
[2026-04-14T09:43:32.560+0000] {processor.py:839} INFO - DAG(s) dict_keys(['distillationDAG']) retrieved from /opt/airflow/dags/dispatcher_pipeline_dag.py
[2026-04-14T09:43:32.640+0000] {logging_mixin.py:151} INFO - [2026-04-14T09:43:32.639+0000] {dag.py:2915} INFO - Sync 1 DAGs
[2026-04-14T09:43:32.697+0000] {logging_mixin.py:151} INFO - [2026-04-14T09:43:32.697+0000] {dag.py:3696} INFO - Setting next_dagrun for distillationDAG to 2026-04-14T09:42:47.696811+00:00, run_after=2026-04-14T09:43:32.696811+00:00
[2026-04-14T09:43:32.737+0000] {processor.py:179} INFO - Processing /opt/airflow/dags/dispatcher_pipeline_dag.py took 1.946 seconds
[2026-04-14T09:44:02.883+0000] {processor.py:157} INFO - Started process (PID=325) to work on /opt/airflow/dags/dispatcher_pipeline_dag.py
[2026-04-14T09:44:02.886+0000] {processor.py:829} INFO - Processing file /opt/airflow/dags/dispatcher_pipeline_dag.py for tasks to queue
[2026-04-14T09:44:02.888+0000] {logging_mixin.py:151} INFO - [2026-04-14T09:44:02.887+0000] {dagbag.py:539} INFO - Filling up the DagBag from /opt/airflow/dags/dispatcher_pipeline_dag.py
[2026-04-14T09:44:04.657+0000] {processor.py:839} INFO - DAG(s) dict_keys(['distillationDAG']) retrieved from /opt/airflow/dags/dispatcher_pipeline_dag.py
[2026-04-14T09:44:04.743+0000] {logging_mixin.py:151} INFO - [2026-04-14T09:44:04.742+0000] {dag.py:2915} INFO - Sync 1 DAGs
[2026-04-14T09:44:04.801+0000] {logging_mixin.py:151} INFO - [2026-04-14T09:44:04.800+0000] {dag.py:3696} INFO - Setting next_dagrun for distillationDAG to 2026-04-14T09:43:19.800210+00:00, run_after=2026-04-14T09:44:04.800210+00:00
[2026-04-14T09:44:04.842+0000] {processor.py:179} INFO - Processing /opt/airflow/dags/dispatcher_pipeline_dag.py took 1.969 seconds
[2026-04-14T09:44:35.163+0000] {processor.py:157} INFO - Started process (PID=343) to work on /opt/airflow/dags/dispatcher_pipeline_dag.py
[2026-04-14T09:44:35.166+0000] {processor.py:829} INFO - Processing file /opt/airflow/dags/dispatcher_pipeline_dag.py for tasks to queue
[2026-04-14T09:44:35.169+0000] {logging_mixin.py:151} INFO - [2026-04-14T09:44:35.168+0000] {dagbag.py:539} INFO - Filling up the DagBag from /opt/airflow/dags/dispatcher_pipeline_dag.py
[2026-04-14T09:44:36.961+0000] {processor.py:839} INFO - DAG(s) dict_keys(['distillationDAG']) retrieved from /opt/airflow/dags/dispatcher_pipeline_dag.py
[2026-04-14T09:44:37.043+0000] {logging_mixin.py:151} INFO - [2026-04-14T09:44:37.042+0000] {dag.py:2915} INFO - Sync 1 DAGs
[2026-04-14T09:44:37.095+0000] {logging_mixin.py:151} INFO - [2026-04-14T09:44:37.095+0000] {dag.py:3696} INFO - Setting next_dagrun for distillationDAG to 2026-04-14T09:43:52.094645+00:00, run_after=2026-04-14T09:44:37.094645+00:00
[2026-04-14T09:44:37.136+0000] {processor.py:179} INFO - Processing /opt/airflow/dags/dispatcher_pipeline_dag.py took 1.982 seconds
[2026-04-14T09:45:07.756+0000] {processor.py:157} INFO - Started process (PID=361) to work on /opt/airflow/dags/dispatcher_pipeline_dag.py
[2026-04-14T09:45:07.759+0000] {processor.py:829} INFO - Processing file /opt/airflow/dags/dispatcher_pipeline_dag.py for tasks to queue
[2026-04-14T09:45:07.761+0000] {logging_mixin.py:151} INFO - [2026-04-14T09:45:07.760+0000] {dagbag.py:539} INFO - Filling up the DagBag from /opt/airflow/dags/dispatcher_pipeline_dag.py
[2026-04-14T09:45:09.247+0000] {processor.py:839} INFO - DAG(s) dict_keys(['distillationDAG']) retrieved from /opt/airflow/dags/dispatcher_pipeline_dag.py
[2026-04-14T09:45:09.332+0000] {logging_mixin.py:151} INFO - [2026-04-14T09:45:09.331+0000] {dag.py:2915} INFO - Sync 1 DAGs
[2026-04-14T09:45:09.391+0000] {logging_mixin.py:151} INFO - [2026-04-14T09:45:09.390+0000] {dag.py:3696} INFO - Setting next_dagrun for distillationDAG to 2026-04-14T09:44:24.390334+00:00, run_after=2026-04-14T09:45:09.390334+00:00
[2026-04-14T09:45:09.438+0000] {processor.py:179} INFO - Processing /opt/airflow/dags/dispatcher_pipeline_dag.py took 1.693 seconds
[2026-04-14T09:45:39.863+0000] {processor.py:157} INFO - Started process (PID=379) to work on /opt/airflow/dags/dispatcher_pipeline_dag.py
[2026-04-14T09:45:39.866+0000] {processor.py:829} INFO - Processing file /opt/airflow/dags/dispatcher_pipeline_dag.py for tasks to queue
[2026-04-14T09:45:39.868+0000] {logging_mixin.py:151} INFO - [2026-04-14T09:45:39.867+0000] {dagbag.py:539} INFO - Filling up the DagBag from /opt/airflow/dags/dispatcher_pipeline_dag.py
[2026-04-14T09:45:41.354+0000] {processor.py:839} INFO - DAG(s) dict_keys(['distillationDAG']) retrieved from /opt/airflow/dags/dispatcher_pipeline_dag.py
[2026-04-14T09:45:41.443+0000] {logging_mixin.py:151} INFO - [2026-04-14T09:45:41.441+0000] {dag.py:2915} INFO - Sync 1 DAGs
[2026-04-14T09:45:41.500+0000] {logging_mixin.py:151} INFO - [2026-04-14T09:45:41.500+0000] {dag.py:3696} INFO - Setting next_dagrun for distillationDAG to 2026-04-14T09:44:56.499826+00:00, run_after=2026-04-14T09:45:41.499826+00:00
[2026-04-14T09:45:41.543+0000] {processor.py:179} INFO - Processing /opt/airflow/dags/dispatcher_pipeline_dag.py took 1.691 seconds
[2026-04-14T09:46:12.424+0000] {processor.py:157} INFO - Started process (PID=397) to work on /opt/airflow/dags/dispatcher_pipeline_dag.py
[2026-04-14T09:46:12.426+0000] {processor.py:829} INFO - Processing file /opt/airflow/dags/dispatcher_pipeline_dag.py for tasks to queue
[2026-04-14T09:46:12.428+0000] {logging_mixin.py:151} INFO - [2026-04-14T09:46:12.428+0000] {dagbag.py:539} INFO - Filling up the DagBag from /opt/airflow/dags/dispatcher_pipeline_dag.py
[2026-04-14T09:46:12.883+0000] {processor.py:839} INFO - DAG(s) dict_keys(['distillationDAG']) retrieved from /opt/airflow/dags/dispatcher_pipeline_dag.py
[2026-04-14T09:46:12.910+0000] {logging_mixin.py:151} INFO - [2026-04-14T09:46:12.910+0000] {dag.py:2915} INFO - Sync 1 DAGs
[2026-04-14T09:46:12.928+0000] {logging_mixin.py:151} INFO - [2026-04-14T09:46:12.928+0000] {dag.py:3696} INFO - Setting next_dagrun for distillationDAG to 2026-04-14T09:45:27.928241+00:00, run_after=2026-04-14T09:46:12.928241+00:00
[2026-04-14T09:46:12.944+0000] {processor.py:179} INFO - Processing /opt/airflow/dags/dispatcher_pipeline_dag.py took 0.531 seconds
[2026-04-14T09:46:43.095+0000] {processor.py:157} INFO - Started process (PID=415) to work on /opt/airflow/dags/dispatcher_pipeline_dag.py
[2026-04-14T09:46:43.098+0000] {processor.py:829} INFO - Processing file /opt/airflow/dags/dispatcher_pipeline_dag.py for tasks to queue
[2026-04-14T09:46:43.100+0000] {logging_mixin.py:151} INFO - [2026-04-14T09:46:43.099+0000] {dagbag.py:539} INFO - Filling up the DagBag from /opt/airflow/dags/dispatcher_pipeline_dag.py
[2026-04-14T09:46:43.558+0000] {processor.py:839} INFO - DAG(s) dict_keys(['distillationDAG']) retrieved from /opt/airflow/dags/dispatcher_pipeline_dag.py
[2026-04-14T09:46:43.587+0000] {logging_mixin.py:151} INFO - [2026-04-14T09:46:43.587+0000] {dag.py:2915} INFO - Sync 1 DAGs
[2026-04-14T09:46:43.608+0000] {logging_mixin.py:151} INFO - [2026-04-14T09:46:43.607+0000] {dag.py:3696} INFO - Setting next_dagrun for distillationDAG to 2026-04-14T09:45:58.607750+00:00, run_after=2026-04-14T09:46:43.607750+00:00
[2026-04-14T09:46:43.624+0000] {processor.py:179} INFO - Processing /opt/airflow/dags/dispatcher_pipeline_dag.py took 0.540 seconds
[2026-04-14T09:47:14.439+0000] {processor.py:157} INFO - Started process (PID=433) to work on /opt/airflow/dags/dispatcher_pipeline_dag.py
[2026-04-14T09:47:14.441+0000] {processor.py:829} INFO - Processing file /opt/airflow/dags/dispatcher_pipeline_dag.py for tasks to queue
[2026-04-14T09:47:14.442+0000] {logging_mixin.py:151} INFO - [2026-04-14T09:47:14.442+0000] {dagbag.py:539} INFO - Filling up the DagBag from /opt/airflow/dags/dispatcher_pipeline_dag.py
[2026-04-14T09:47:14.885+0000] {processor.py:839} INFO - DAG(s) dict_keys(['distillationDAG']) retrieved from /opt/airflow/dags/dispatcher_pipeline_dag.py
[2026-04-14T09:47:14.914+0000] {logging_mixin.py:151} INFO - [2026-04-14T09:47:14.914+0000] {dag.py:2915} INFO - Sync 1 DAGs
[2026-04-14T09:47:14.933+0000] {logging_mixin.py:151} INFO - [2026-04-14T09:47:14.932+0000] {dag.py:3696} INFO - Setting next_dagrun for distillationDAG to 2026-04-14T09:46:29.932651+00:00, run_after=2026-04-14T09:47:14.932651+00:00
[2026-04-14T09:47:14.949+0000] {processor.py:179} INFO - Processing /opt/airflow/dags/dispatcher_pipeline_dag.py took 0.517 seconds
[2026-04-14T09:47:45.077+0000] {processor.py:157} INFO - Started process (PID=451) to work on /opt/airflow/dags/dispatcher_pipeline_dag.py
[2026-04-14T09:47:45.077+0000] {processor.py:829} INFO - Processing file /opt/airflow/dags/dispatcher_pipeline_dag.py for tasks to queue
[2026-04-14T09:47:45.078+0000] {logging_mixin.py:151} INFO - [2026-04-14T09:47:45.078+0000] {dagbag.py:539} INFO - Filling up the DagBag from /opt/airflow/dags/dispatcher_pipeline_dag.py
[2026-04-14T09:47:45.513+0000] {processor.py:839} INFO - DAG(s) dict_keys(['distillationDAG']) retrieved from /opt/airflow/dags/dispatcher_pipeline_dag.py
[2026-04-14T09:47:45.541+0000] {logging_mixin.py:151} INFO - [2026-04-14T09:47:45.541+0000] {dag.py:2915} INFO - Sync 1 DAGs
[2026-04-14T09:47:45.561+0000] {logging_mixin.py:151} INFO - [2026-04-14T09:47:45.561+0000] {dag.py:3696} INFO - Setting next_dagrun for distillationDAG to 2026-04-14T09:47:00.561069+00:00, run_after=2026-04-14T09:47:45.561069+00:00
[2026-04-14T09:47:45.576+0000] {processor.py:179} INFO - Processing /opt/airflow/dags/dispatcher_pipeline_dag.py took 0.503 seconds
[2026-04-14T09:48:15.656+0000] {processor.py:157} INFO - Started process (PID=469) to work on /opt/airflow/dags/dispatcher_pipeline_dag.py
[2026-04-14T09:48:15.658+0000] {processor.py:829} INFO - Processing file /opt/airflow/dags/dispatcher_pipeline_dag.py for tasks to queue
[2026-04-14T09:48:15.659+0000] {logging_mixin.py:151} INFO - [2026-04-14T09:48:15.658+0000] {dagbag.py:539} INFO - Filling up the DagBag from /opt/airflow/dags/dispatcher_pipeline_dag.py
[2026-04-14T09:48:16.151+0000] {processor.py:839} INFO - DAG(s) dict_keys(['distillationDAG']) retrieved from /opt/airflow/dags/dispatcher_pipeline_dag.py
[2026-04-14T09:48:16.180+0000] {logging_mixin.py:151} INFO - [2026-04-14T09:48:16.180+0000] {dag.py:2915} INFO - Sync 1 DAGs
[2026-04-14T09:48:16.199+0000] {logging_mixin.py:151} INFO - [2026-04-14T09:48:16.199+0000] {dag.py:3696} INFO - Setting next_dagrun for distillationDAG to 2026-04-14T09:47:31.199073+00:00, run_after=2026-04-14T09:48:16.199073+00:00
[2026-04-14T09:48:16.215+0000] {processor.py:179} INFO - Processing /opt/airflow/dags/dispatcher_pipeline_dag.py took 0.564 seconds
[2026-04-14T09:48:46.580+0000] {processor.py:157} INFO - Started process (PID=487) to work on /opt/airflow/dags/dispatcher_pipeline_dag.py
[2026-04-14T09:48:46.583+0000] {processor.py:829} INFO - Processing file /opt/airflow/dags/dispatcher_pipeline_dag.py for tasks to queue
[2026-04-14T09:48:46.585+0000] {logging_mixin.py:151} INFO - [2026-04-14T09:48:46.584+0000] {dagbag.py:539} INFO - Filling up the DagBag from /opt/airflow/dags/dispatcher_pipeline_dag.py
[2026-04-14T09:48:47.030+0000] {processor.py:839} INFO - DAG(s) dict_keys(['distillationDAG']) retrieved from /opt/airflow/dags/dispatcher_pipeline_dag.py
[2026-04-14T09:48:47.058+0000] {logging_mixin.py:151} INFO - [2026-04-14T09:48:47.057+0000] {dag.py:2915} INFO - Sync 1 DAGs
[2026-04-14T09:48:47.076+0000] {logging_mixin.py:151} INFO - [2026-04-14T09:48:47.076+0000] {dag.py:3696} INFO - Setting next_dagrun for distillationDAG to 2026-04-14T09:48:02.076618+00:00, run_after=2026-04-14T09:48:47.076618+00:00
[2026-04-14T09:48:47.094+0000] {processor.py:179} INFO - Processing /opt/airflow/dags/dispatcher_pipeline_dag.py took 0.525 seconds
[2026-04-14T09:49:17.199+0000] {processor.py:157} INFO - Started process (PID=505) to work on /opt/airflow/dags/dispatcher_pipeline_dag.py
[2026-04-14T09:49:17.202+0000] {processor.py:829} INFO - Processing file /opt/airflow/dags/dispatcher_pipeline_dag.py for tasks to queue
[2026-04-14T09:49:17.203+0000] {logging_mixin.py:151} INFO - [2026-04-14T09:49:17.203+0000] {dagbag.py:539} INFO - Filling up the DagBag from /opt/airflow/dags/dispatcher_pipeline_dag.py
[2026-04-14T09:49:17.649+0000] {processor.py:839} INFO - DAG(s) dict_keys(['distillationDAG']) retrieved from /opt/airflow/dags/dispatcher_pipeline_dag.py
[2026-04-14T09:49:17.677+0000] {logging_mixin.py:151} INFO - [2026-04-14T09:49:17.677+0000] {dag.py:2915} INFO - Sync 1 DAGs
[2026-04-14T09:49:17.697+0000] {logging_mixin.py:151} INFO - [2026-04-14T09:49:17.697+0000] {dag.py:3696} INFO - Setting next_dagrun for distillationDAG to 2026-04-14T09:48:32.697361+00:00, run_after=2026-04-14T09:49:17.697361+00:00
[2026-04-14T09:49:17.713+0000] {processor.py:179} INFO - Processing /opt/airflow/dags/dispatcher_pipeline_dag.py took 0.524 seconds
[2026-04-14T09:49:48.544+0000] {processor.py:157} INFO - Started process (PID=523) to work on /opt/airflow/dags/dispatcher_pipeline_dag.py
[2026-04-14T09:49:48.546+0000] {processor.py:829} INFO - Processing file /opt/airflow/dags/dispatcher_pipeline_dag.py for tasks to queue
[2026-04-14T09:49:48.548+0000] {logging_mixin.py:151} INFO - [2026-04-14T09:49:48.547+0000] {dagbag.py:539} INFO - Filling up the DagBag from /opt/airflow/dags/dispatcher_pipeline_dag.py
[2026-04-14T09:49:48.991+0000] {processor.py:839} INFO - DAG(s) dict_keys(['distillationDAG']) retrieved from /opt/airflow/dags/dispatcher_pipeline_dag.py
[2026-04-14T09:49:49.018+0000] {logging_mixin.py:151} INFO - [2026-04-14T09:49:49.018+0000] {dag.py:2915} INFO - Sync 1 DAGs
[2026-04-14T09:49:49.037+0000] {logging_mixin.py:151} INFO - [2026-04-14T09:49:49.037+0000] {dag.py:3696} INFO - Setting next_dagrun for distillationDAG to 2026-04-14T09:49:04.037537+00:00, run_after=2026-04-14T09:49:49.037537+00:00
[2026-04-14T09:49:49.053+0000] {processor.py:179} INFO - Processing /opt/airflow/dags/dispatcher_pipeline_dag.py took 0.521 seconds
[2026-04-14T09:50:20.001+0000] {processor.py:157} INFO - Started process (PID=541) to work on /opt/airflow/dags/dispatcher_pipeline_dag.py
[2026-04-14T09:50:20.002+0000] {processor.py:829} INFO - Processing file /opt/airflow/dags/dispatcher_pipeline_dag.py for tasks to queue
[2026-04-14T09:50:20.003+0000] {logging_mixin.py:151} INFO - [2026-04-14T09:50:20.003+0000] {dagbag.py:539} INFO - Filling up the DagBag from /opt/airflow/dags/dispatcher_pipeline_dag.py
[2026-04-14T09:50:20.443+0000] {processor.py:839} INFO - DAG(s) dict_keys(['distillationDAG']) retrieved from /opt/airflow/dags/dispatcher_pipeline_dag.py
[2026-04-14T09:50:20.471+0000] {logging_mixin.py:151} INFO - [2026-04-14T09:50:20.470+0000] {dag.py:2915} INFO - Sync 1 DAGs
[2026-04-14T09:50:20.490+0000] {logging_mixin.py:151} INFO - [2026-04-14T09:50:20.490+0000] {dag.py:3696} INFO - Setting next_dagrun for distillationDAG to 2026-04-14T09:49:35.490217+00:00, run_after=2026-04-14T09:50:20.490217+00:00
[2026-04-14T09:50:20.506+0000] {processor.py:179} INFO - Processing /opt/airflow/dags/dispatcher_pipeline_dag.py took 0.509 seconds
[2026-04-14T09:50:51.407+0000] {processor.py:157} INFO - Started process (PID=559) to work on /opt/airflow/dags/dispatcher_pipeline_dag.py
[2026-04-14T09:50:51.410+0000] {processor.py:829} INFO - Processing file /opt/airflow/dags/dispatcher_pipeline_dag.py for tasks to queue
[2026-04-14T09:50:51.413+0000] {logging_mixin.py:151} INFO - [2026-04-14T09:50:51.412+0000] {dagbag.py:539} INFO - Filling up the DagBag from /opt/airflow/dags/dispatcher_pipeline_dag.py
[2026-04-14T09:50:51.862+0000] {processor.py:839} INFO - DAG(s) dict_keys(['distillationDAG']) retrieved from /opt/airflow/dags/dispatcher_pipeline_dag.py
[2026-04-14T09:50:51.890+0000] {logging_mixin.py:151} INFO - [2026-04-14T09:50:51.890+0000] {dag.py:2915} INFO - Sync 1 DAGs
[2026-04-14T09:50:51.909+0000] {logging_mixin.py:151} INFO - [2026-04-14T09:50:51.909+0000] {dag.py:3696} INFO - Setting next_dagrun for distillationDAG to 2026-04-14T09:50:06.909118+00:00, run_after=2026-04-14T09:50:51.909118+00:00
[2026-04-14T09:50:51.925+0000] {processor.py:179} INFO - Processing /opt/airflow/dags/dispatcher_pipeline_dag.py took 0.530 seconds
[2026-04-14T09:51:22.014+0000] {processor.py:157} INFO - Started process (PID=577) to work on /opt/airflow/dags/dispatcher_pipeline_dag.py
[2026-04-14T09:51:22.015+0000] {processor.py:829} INFO - Processing file /opt/airflow/dags/dispatcher_pipeline_dag.py for tasks to queue
[2026-04-14T09:51:22.016+0000] {logging_mixin.py:151} INFO - [2026-04-14T09:51:22.016+0000] {dagbag.py:539} INFO - Filling up the DagBag from /opt/airflow/dags/dispatcher_pipeline_dag.py
[2026-04-14T09:51:22.461+0000] {processor.py:839} INFO - DAG(s) dict_keys(['distillationDAG']) retrieved from /opt/airflow/dags/dispatcher_pipeline_dag.py
[2026-04-14T09:51:22.488+0000] {logging_mixin.py:151} INFO - [2026-04-14T09:51:22.488+0000] {dag.py:2915} INFO - Sync 1 DAGs
[2026-04-14T09:51:22.506+0000] {logging_mixin.py:151} INFO - [2026-04-14T09:51:22.506+0000] {dag.py:3696} INFO - Setting next_dagrun for distillationDAG to 2026-04-14T09:50:37.506649+00:00, run_after=2026-04-14T09:51:22.506649+00:00
[2026-04-14T09:51:22.522+0000] {processor.py:179} INFO - Processing /opt/airflow/dags/dispatcher_pipeline_dag.py took 0.515 seconds
[2026-04-14T09:51:53.307+0000] {processor.py:157} INFO - Started process (PID=595) to work on /opt/airflow/dags/dispatcher_pipeline_dag.py
[2026-04-14T09:51:53.308+0000] {processor.py:829} INFO - Processing file /opt/airflow/dags/dispatcher_pipeline_dag.py for tasks to queue
[2026-04-14T09:51:53.309+0000] {logging_mixin.py:151} INFO - [2026-04-14T09:51:53.309+0000] {dagbag.py:539} INFO - Filling up the DagBag from /opt/airflow/dags/dispatcher_pipeline_dag.py
[2026-04-14T09:51:53.742+0000] {processor.py:839} INFO - DAG(s) dict_keys(['distillationDAG']) retrieved from /opt/airflow/dags/dispatcher_pipeline_dag.py
[2026-04-14T09:51:53.769+0000] {logging_mixin.py:151} INFO - [2026-04-14T09:51:53.769+0000] {dag.py:2915} INFO - Sync 1 DAGs
[2026-04-14T09:51:53.788+0000] {logging_mixin.py:151} INFO - [2026-04-14T09:51:53.788+0000] {dag.py:3696} INFO - Setting next_dagrun for distillationDAG to 2026-04-14T09:51:08.787896+00:00, run_after=2026-04-14T09:51:53.787896+00:00
[2026-04-14T09:51:53.803+0000] {processor.py:179} INFO - Processing /opt/airflow/dags/dispatcher_pipeline_dag.py took 0.500 seconds
[2026-04-14T09:52:23.913+0000] {processor.py:157} INFO - Started process (PID=613) to work on /opt/airflow/dags/dispatcher_pipeline_dag.py
[2026-04-14T09:52:23.913+0000] {processor.py:829} INFO - Processing file /opt/airflow/dags/dispatcher_pipeline_dag.py for tasks to queue
[2026-04-14T09:52:23.914+0000] {logging_mixin.py:151} INFO - [2026-04-14T09:52:23.914+0000] {dagbag.py:539} INFO - Filling up the DagBag from /opt/airflow/dags/dispatcher_pipeline_dag.py
[2026-04-14T09:52:24.350+0000] {processor.py:839} INFO - DAG(s) dict_keys(['distillationDAG']) retrieved from /opt/airflow/dags/dispatcher_pipeline_dag.py
[2026-04-14T09:52:24.379+0000] {logging_mixin.py:151} INFO - [2026-04-14T09:52:24.378+0000] {dag.py:2915} INFO - Sync 1 DAGs
[2026-04-14T09:52:24.397+0000] {logging_mixin.py:151} INFO - [2026-04-14T09:52:24.397+0000] {dag.py:3696} INFO - Setting next_dagrun for distillationDAG to 2026-04-14T09:51:39.397511+00:00, run_after=2026-04-14T09:52:24.397511+00:00
[2026-04-14T09:52:24.413+0000] {processor.py:179} INFO - Processing /opt/airflow/dags/dispatcher_pipeline_dag.py took 0.505 seconds
[2026-04-14T09:52:55.231+0000] {processor.py:157} INFO - Started process (PID=631) to work on /opt/airflow/dags/dispatcher_pipeline_dag.py
[2026-04-14T09:52:55.232+0000] {processor.py:829} INFO - Processing file /opt/airflow/dags/dispatcher_pipeline_dag.py for tasks to queue
[2026-04-14T09:52:55.233+0000] {logging_mixin.py:151} INFO - [2026-04-14T09:52:55.233+0000] {dagbag.py:539} INFO - Filling up the DagBag from /opt/airflow/dags/dispatcher_pipeline_dag.py
[2026-04-14T09:52:55.679+0000] {processor.py:839} INFO - DAG(s) dict_keys(['distillationDAG']) retrieved from /opt/airflow/dags/dispatcher_pipeline_dag.py
[2026-04-14T09:52:55.706+0000] {logging_mixin.py:151} INFO - [2026-04-14T09:52:55.706+0000] {dag.py:2915} INFO - Sync 1 DAGs
[2026-04-14T09:52:55.725+0000] {logging_mixin.py:151} INFO - [2026-04-14T09:52:55.725+0000] {dag.py:3696} INFO - Setting next_dagrun for distillationDAG to 2026-04-14T09:52:10.724826+00:00, run_after=2026-04-14T09:52:55.724826+00:00
[2026-04-14T09:52:55.740+0000] {processor.py:179} INFO - Processing /opt/airflow/dags/dispatcher_pipeline_dag.py took 0.513 seconds
[2026-04-14T09:53:25.823+0000] {processor.py:157} INFO - Started process (PID=649) to work on /opt/airflow/dags/dispatcher_pipeline_dag.py
[2026-04-14T09:53:25.825+0000] {processor.py:829} INFO - Processing file /opt/airflow/dags/dispatcher_pipeline_dag.py for tasks to queue
[2026-04-14T09:53:25.828+0000] {logging_mixin.py:151} INFO - [2026-04-14T09:53:25.827+0000] {dagbag.py:539} INFO - Filling up the DagBag from /opt/airflow/dags/dispatcher_pipeline_dag.py
[2026-04-14T09:53:26.272+0000] {processor.py:839} INFO - DAG(s) dict_keys(['distillationDAG']) retrieved from /opt/airflow/dags/dispatcher_pipeline_dag.py
[2026-04-14T09:53:26.300+0000] {logging_mixin.py:151} INFO - [2026-04-14T09:53:26.299+0000] {dag.py:2915} INFO - Sync 1 DAGs
[2026-04-14T09:53:26.319+0000] {logging_mixin.py:151} INFO - [2026-04-14T09:53:26.319+0000] {dag.py:3696} INFO - Setting next_dagrun for distillationDAG to 2026-04-14T09:52:41.319298+00:00, run_after=2026-04-14T09:53:26.319298+00:00
[2026-04-14T09:53:26.335+0000] {processor.py:179} INFO - Processing /opt/airflow/dags/dispatcher_pipeline_dag.py took 0.523 seconds
[2026-04-14T09:53:57.120+0000] {processor.py:157} INFO - Started process (PID=667) to work on /opt/airflow/dags/dispatcher_pipeline_dag.py
[2026-04-14T09:53:57.121+0000] {processor.py:829} INFO - Processing file /opt/airflow/dags/dispatcher_pipeline_dag.py for tasks to queue
[2026-04-14T09:53:57.122+0000] {logging_mixin.py:151} INFO - [2026-04-14T09:53:57.122+0000] {dagbag.py:539} INFO - Filling up the DagBag from /opt/airflow/dags/dispatcher_pipeline_dag.py
[2026-04-14T09:53:57.580+0000] {processor.py:839} INFO - DAG(s) dict_keys(['distillationDAG']) retrieved from /opt/airflow/dags/dispatcher_pipeline_dag.py
[2026-04-14T09:53:57.609+0000] {logging_mixin.py:151} INFO - [2026-04-14T09:53:57.608+0000] {dag.py:2915} INFO - Sync 1 DAGs
[2026-04-14T09:53:57.627+0000] {logging_mixin.py:151} INFO - [2026-04-14T09:53:57.626+0000] {dag.py:3696} INFO - Setting next_dagrun for distillationDAG to 2026-04-14T09:53:12.626701+00:00, run_after=2026-04-14T09:53:57.626701+00:00
[2026-04-14T09:53:57.642+0000] {processor.py:179} INFO - Processing /opt/airflow/dags/dispatcher_pipeline_dag.py took 0.526 seconds
[2026-04-14T09:54:27.706+0000] {processor.py:157} INFO - Started process (PID=685) to work on /opt/airflow/dags/dispatcher_pipeline_dag.py
[2026-04-14T09:54:27.707+0000] {processor.py:829} INFO - Processing file /opt/airflow/dags/dispatcher_pipeline_dag.py for tasks to queue
[2026-04-14T09:54:27.707+0000] {logging_mixin.py:151} INFO - [2026-04-14T09:54:27.707+0000] {dagbag.py:539} INFO - Filling up the DagBag from /opt/airflow/dags/dispatcher_pipeline_dag.py
[2026-04-14T09:54:28.147+0000] {processor.py:839} INFO - DAG(s) dict_keys(['distillationDAG']) retrieved from /opt/airflow/dags/dispatcher_pipeline_dag.py
[2026-04-14T09:54:28.175+0000] {logging_mixin.py:151} INFO - [2026-04-14T09:54:28.175+0000] {dag.py:2915} INFO - Sync 1 DAGs
[2026-04-14T09:54:28.193+0000] {logging_mixin.py:151} INFO - [2026-04-14T09:54:28.193+0000] {dag.py:3696} INFO - Setting next_dagrun for distillationDAG to 2026-04-14T09:53:43.193268+00:00, run_after=2026-04-14T09:54:28.193268+00:00
[2026-04-14T09:54:28.209+0000] {processor.py:179} INFO - Processing /opt/airflow/dags/dispatcher_pipeline_dag.py took 0.507 seconds
[2026-04-14T09:54:59.038+0000] {processor.py:157} INFO - Started process (PID=703) to work on /opt/airflow/dags/dispatcher_pipeline_dag.py
[2026-04-14T09:54:59.039+0000] {processor.py:829} INFO - Processing file /opt/airflow/dags/dispatcher_pipeline_dag.py for tasks to queue
[2026-04-14T09:54:59.041+0000] {logging_mixin.py:151} INFO - [2026-04-14T09:54:59.040+0000] {dagbag.py:539} INFO - Filling up the DagBag from /opt/airflow/dags/dispatcher_pipeline_dag.py
[2026-04-14T09:54:59.511+0000] {processor.py:839} INFO - DAG(s) dict_keys(['distillationDAG']) retrieved from /opt/airflow/dags/dispatcher_pipeline_dag.py
[2026-04-14T09:54:59.538+0000] {logging_mixin.py:151} INFO - [2026-04-14T09:54:59.538+0000] {dag.py:2915} INFO - Sync 1 DAGs
[2026-04-14T09:54:59.558+0000] {logging_mixin.py:151} INFO - [2026-04-14T09:54:59.557+0000] {dag.py:3696} INFO - Setting next_dagrun for distillationDAG to 2026-04-14T09:54:14.557663+00:00, run_after=2026-04-14T09:54:59.557663+00:00
[2026-04-14T09:54:59.573+0000] {processor.py:179} INFO - Processing /opt/airflow/dags/dispatcher_pipeline_dag.py took 0.542 seconds
[2026-04-14T09:55:29.622+0000] {processor.py:157} INFO - Started process (PID=721) to work on /opt/airflow/dags/dispatcher_pipeline_dag.py
[2026-04-14T09:55:29.623+0000] {processor.py:829} INFO - Processing file /opt/airflow/dags/dispatcher_pipeline_dag.py for tasks to queue
[2026-04-14T09:55:29.624+0000] {logging_mixin.py:151} INFO - [2026-04-14T09:55:29.623+0000] {dagbag.py:539} INFO - Filling up the DagBag from /opt/airflow/dags/dispatcher_pipeline_dag.py
[2026-04-14T09:55:30.059+0000] {processor.py:839} INFO - DAG(s) dict_keys(['distillationDAG']) retrieved from /opt/airflow/dags/dispatcher_pipeline_dag.py
[2026-04-14T09:55:30.088+0000] {logging_mixin.py:151} INFO - [2026-04-14T09:55:30.088+0000] {dag.py:2915} INFO - Sync 1 DAGs
[2026-04-14T09:55:30.106+0000] {logging_mixin.py:151} INFO - [2026-04-14T09:55:30.106+0000] {dag.py:3696} INFO - Setting next_dagrun for distillationDAG to 2026-04-14T09:54:45.106504+00:00, run_after=2026-04-14T09:55:30.106504+00:00
[2026-04-14T09:55:30.122+0000] {processor.py:179} INFO - Processing /opt/airflow/dags/dispatcher_pipeline_dag.py took 0.504 seconds
[2026-04-14T09:56:00.980+0000] {processor.py:157} INFO - Started process (PID=739) to work on /opt/airflow/dags/dispatcher_pipeline_dag.py
[2026-04-14T09:56:00.982+0000] {processor.py:829} INFO - Processing file /opt/airflow/dags/dispatcher_pipeline_dag.py for tasks to queue
[2026-04-14T09:56:00.983+0000] {logging_mixin.py:151} INFO - [2026-04-14T09:56:00.982+0000] {dagbag.py:539} INFO - Filling up the DagBag from /opt/airflow/dags/dispatcher_pipeline_dag.py
[2026-04-14T09:56:01.432+0000] {processor.py:839} INFO - DAG(s) dict_keys(['distillationDAG']) retrieved from /opt/airflow/dags/dispatcher_pipeline_dag.py
[2026-04-14T09:56:01.461+0000] {logging_mixin.py:151} INFO - [2026-04-14T09:56:01.461+0000] {dag.py:2915} INFO - Sync 1 DAGs
[2026-04-14T09:56:01.480+0000] {logging_mixin.py:151} INFO - [2026-04-14T09:56:01.480+0000] {dag.py:3696} INFO - Setting next_dagrun for distillationDAG to 2026-04-14T09:55:16.479886+00:00, run_after=2026-04-14T09:56:01.479886+00:00
[2026-04-14T09:56:01.497+0000] {processor.py:179} INFO - Processing /opt/airflow/dags/dispatcher_pipeline_dag.py took 0.529 seconds
[2026-04-14T09:56:31.559+0000] {processor.py:157} INFO - Started process (PID=757) to work on /opt/airflow/dags/dispatcher_pipeline_dag.py
[2026-04-14T09:56:31.561+0000] {processor.py:829} INFO - Processing file /opt/airflow/dags/dispatcher_pipeline_dag.py for tasks to queue
[2026-04-14T09:56:31.563+0000] {logging_mixin.py:151} INFO - [2026-04-14T09:56:31.562+0000] {dagbag.py:539} INFO - Filling up the DagBag from /opt/airflow/dags/dispatcher_pipeline_dag.py
[2026-04-14T09:56:32.007+0000] {processor.py:839} INFO - DAG(s) dict_keys(['distillationDAG']) retrieved from /opt/airflow/dags/dispatcher_pipeline_dag.py
[2026-04-14T09:56:32.035+0000] {logging_mixin.py:151} INFO - [2026-04-14T09:56:32.035+0000] {dag.py:2915} INFO - Sync 1 DAGs
[2026-04-14T09:56:32.055+0000] {logging_mixin.py:151} INFO - [2026-04-14T09:56:32.055+0000] {dag.py:3696} INFO - Setting next_dagrun for distillationDAG to 2026-04-14T09:55:47.055070+00:00, run_after=2026-04-14T09:56:32.055070+00:00
[2026-04-14T09:56:32.071+0000] {processor.py:179} INFO - Processing /opt/airflow/dags/dispatcher_pipeline_dag.py took 0.523 seconds
[2026-04-14T09:57:02.896+0000] {processor.py:157} INFO - Started process (PID=775) to work on /opt/airflow/dags/dispatcher_pipeline_dag.py
[2026-04-14T09:57:02.897+0000] {processor.py:829} INFO - Processing file /opt/airflow/dags/dispatcher_pipeline_dag.py for tasks to queue
[2026-04-14T09:57:02.898+0000] {logging_mixin.py:151} INFO - [2026-04-14T09:57:02.898+0000] {dagbag.py:539} INFO - Filling up the DagBag from /opt/airflow/dags/dispatcher_pipeline_dag.py
[2026-04-14T09:57:03.337+0000] {processor.py:839} INFO - DAG(s) dict_keys(['distillationDAG']) retrieved from /opt/airflow/dags/dispatcher_pipeline_dag.py
[2026-04-14T09:57:03.365+0000] {logging_mixin.py:151} INFO - [2026-04-14T09:57:03.365+0000] {dag.py:2915} INFO - Sync 1 DAGs
[2026-04-14T09:57:03.383+0000] {logging_mixin.py:151} INFO - [2026-04-14T09:57:03.383+0000] {dag.py:3696} INFO - Setting next_dagrun for distillationDAG to 2026-04-14T09:56:18.383611+00:00, run_after=2026-04-14T09:57:03.383611+00:00
[2026-04-14T09:57:03.398+0000] {processor.py:179} INFO - Processing /opt/airflow/dags/dispatcher_pipeline_dag.py took 0.506 seconds
[2026-04-14T09:57:33.473+0000] {processor.py:157} INFO - Started process (PID=793) to work on /opt/airflow/dags/dispatcher_pipeline_dag.py
[2026-04-14T09:57:33.476+0000] {processor.py:829} INFO - Processing file /opt/airflow/dags/dispatcher_pipeline_dag.py for tasks to queue
[2026-04-14T09:57:33.478+0000] {logging_mixin.py:151} INFO - [2026-04-14T09:57:33.477+0000] {dagbag.py:539} INFO - Filling up the DagBag from /opt/airflow/dags/dispatcher_pipeline_dag.py
[2026-04-14T09:57:33.923+0000] {processor.py:839} INFO - DAG(s) dict_keys(['distillationDAG']) retrieved from /opt/airflow/dags/dispatcher_pipeline_dag.py
[2026-04-14T09:57:33.952+0000] {logging_mixin.py:151} INFO - [2026-04-14T09:57:33.951+0000] {dag.py:2915} INFO - Sync 1 DAGs
[2026-04-14T09:57:33.970+0000] {logging_mixin.py:151} INFO - [2026-04-14T09:57:33.970+0000] {dag.py:3696} INFO - Setting next_dagrun for distillationDAG to 2026-04-14T09:56:48.970250+00:00, run_after=2026-04-14T09:57:33.970250+00:00
[2026-04-14T09:57:33.988+0000] {processor.py:179} INFO - Processing /opt/airflow/dags/dispatcher_pipeline_dag.py took 0.527 seconds
[2026-04-14T09:58:04.811+0000] {processor.py:157} INFO - Started process (PID=811) to work on /opt/airflow/dags/dispatcher_pipeline_dag.py
[2026-04-14T09:58:04.812+0000] {processor.py:829} INFO - Processing file /opt/airflow/dags/dispatcher_pipeline_dag.py for tasks to queue
[2026-04-14T09:58:04.813+0000] {logging_mixin.py:151} INFO - [2026-04-14T09:58:04.813+0000] {dagbag.py:539} INFO - Filling up the DagBag from /opt/airflow/dags/dispatcher_pipeline_dag.py
[2026-04-14T09:58:05.248+0000] {processor.py:839} INFO - DAG(s) dict_keys(['distillationDAG']) retrieved from /opt/airflow/dags/dispatcher_pipeline_dag.py
[2026-04-14T09:58:05.276+0000] {logging_mixin.py:151} INFO - [2026-04-14T09:58:05.276+0000] {dag.py:2915} INFO - Sync 1 DAGs
[2026-04-14T09:58:05.295+0000] {logging_mixin.py:151} INFO - [2026-04-14T09:58:05.295+0000] {dag.py:3696} INFO - Setting next_dagrun for distillationDAG to 2026-04-14T09:57:20.295053+00:00, run_after=2026-04-14T09:58:05.295053+00:00
[2026-04-14T09:58:05.311+0000] {processor.py:179} INFO - Processing /opt/airflow/dags/dispatcher_pipeline_dag.py took 0.504 seconds
[2026-04-14T09:58:35.390+0000] {processor.py:157} INFO - Started process (PID=829) to work on /opt/airflow/dags/dispatcher_pipeline_dag.py
[2026-04-14T09:58:35.391+0000] {processor.py:829} INFO - Processing file /opt/airflow/dags/dispatcher_pipeline_dag.py for tasks to queue
[2026-04-14T09:58:35.392+0000] {logging_mixin.py:151} INFO - [2026-04-14T09:58:35.391+0000] {dagbag.py:539} INFO - Filling up the DagBag from /opt/airflow/dags/dispatcher_pipeline_dag.py
[2026-04-14T09:58:35.830+0000] {processor.py:839} INFO - DAG(s) dict_keys(['distillationDAG']) retrieved from /opt/airflow/dags/dispatcher_pipeline_dag.py
[2026-04-14T09:58:35.858+0000] {logging_mixin.py:151} INFO - [2026-04-14T09:58:35.858+0000] {dag.py:2915} INFO - Sync 1 DAGs
[2026-04-14T09:58:35.877+0000] {logging_mixin.py:151} INFO - [2026-04-14T09:58:35.877+0000] {dag.py:3696} INFO - Setting next_dagrun for distillationDAG to 2026-04-14T09:57:50.876843+00:00, run_after=2026-04-14T09:58:35.876843+00:00
[2026-04-14T09:58:35.892+0000] {processor.py:179} INFO - Processing /opt/airflow/dags/dispatcher_pipeline_dag.py took 0.506 seconds
[2026-04-14T09:59:06.711+0000] {processor.py:157} INFO - Started process (PID=847) to work on /opt/airflow/dags/dispatcher_pipeline_dag.py
[2026-04-14T09:59:06.714+0000] {processor.py:829} INFO - Processing file /opt/airflow/dags/dispatcher_pipeline_dag.py for tasks to queue
[2026-04-14T09:59:06.716+0000] {logging_mixin.py:151} INFO - [2026-04-14T09:59:06.715+0000] {dagbag.py:539} INFO - Filling up the DagBag from /opt/airflow/dags/dispatcher_pipeline_dag.py
[2026-04-14T09:59:07.173+0000] {processor.py:839} INFO - DAG(s) dict_keys(['distillationDAG']) retrieved from /opt/airflow/dags/dispatcher_pipeline_dag.py
[2026-04-14T09:59:07.201+0000] {logging_mixin.py:151} INFO - [2026-04-14T09:59:07.201+0000] {dag.py:2915} INFO - Sync 1 DAGs
[2026-04-14T09:59:07.221+0000] {logging_mixin.py:151} INFO - [2026-04-14T09:59:07.221+0000] {dag.py:3696} INFO - Setting next_dagrun for distillationDAG to 2026-04-14T09:58:22.221540+00:00, run_after=2026-04-14T09:59:07.221540+00:00
[2026-04-14T09:59:07.236+0000] {processor.py:179} INFO - Processing /opt/airflow/dags/dispatcher_pipeline_dag.py took 0.529 seconds
[2026-04-14T09:59:37.329+0000] {processor.py:157} INFO - Started process (PID=865) to work on /opt/airflow/dags/dispatcher_pipeline_dag.py
[2026-04-14T09:59:37.330+0000] {processor.py:829} INFO - Processing file /opt/airflow/dags/dispatcher_pipeline_dag.py for tasks to queue
[2026-04-14T09:59:37.331+0000] {logging_mixin.py:151} INFO - [2026-04-14T09:59:37.331+0000] {dagbag.py:539} INFO - Filling up the DagBag from /opt/airflow/dags/dispatcher_pipeline_dag.py
[2026-04-14T09:59:37.772+0000] {processor.py:839} INFO - DAG(s) dict_keys(['distillationDAG']) retrieved from /opt/airflow/dags/dispatcher_pipeline_dag.py
[2026-04-14T09:59:37.800+0000] {logging_mixin.py:151} INFO - [2026-04-14T09:59:37.800+0000] {dag.py:2915} INFO - Sync 1 DAGs
[2026-04-14T09:59:37.819+0000] {logging_mixin.py:151} INFO - [2026-04-14T09:59:37.818+0000] {dag.py:3696} INFO - Setting next_dagrun for distillationDAG to 2026-04-14T09:58:52.818668+00:00, run_after=2026-04-14T09:59:37.818668+00:00
[2026-04-14T09:59:37.834+0000] {processor.py:179} INFO - Processing /opt/airflow/dags/dispatcher_pipeline_dag.py took 0.509 seconds
[2026-04-14T10:00:08.651+0000] {processor.py:157} INFO - Started process (PID=883) to work on /opt/airflow/dags/dispatcher_pipeline_dag.py
[2026-04-14T10:00:08.653+0000] {processor.py:829} INFO - Processing file /opt/airflow/dags/dispatcher_pipeline_dag.py for tasks to queue
[2026-04-14T10:00:08.654+0000] {logging_mixin.py:151} INFO - [2026-04-14T10:00:08.653+0000] {dagbag.py:539} INFO - Filling up the DagBag from /opt/airflow/dags/dispatcher_pipeline_dag.py
[2026-04-14T10:00:09.111+0000] {processor.py:839} INFO - DAG(s) dict_keys(['distillationDAG']) retrieved from /opt/airflow/dags/dispatcher_pipeline_dag.py
[2026-04-14T10:00:09.139+0000] {logging_mixin.py:151} INFO - [2026-04-14T10:00:09.139+0000] {dag.py:2915} INFO - Sync 1 DAGs
[2026-04-14T10:00:09.159+0000] {logging_mixin.py:151} INFO - [2026-04-14T10:00:09.159+0000] {dag.py:3696} INFO - Setting next_dagrun for distillationDAG to 2026-04-14T09:59:24.159266+00:00, run_after=2026-04-14T10:00:09.159266+00:00
[2026-04-14T10:00:09.175+0000] {processor.py:179} INFO - Processing /opt/airflow/dags/dispatcher_pipeline_dag.py took 0.527 seconds
[2026-04-14T10:00:39.996+0000] {processor.py:157} INFO - Started process (PID=906) to work on /opt/airflow/dags/dispatcher_pipeline_dag.py
[2026-04-14T10:00:39.997+0000] {processor.py:829} INFO - Processing file /opt/airflow/dags/dispatcher_pipeline_dag.py for tasks to queue
[2026-04-14T10:00:39.998+0000] {logging_mixin.py:151} INFO - [2026-04-14T10:00:39.997+0000] {dagbag.py:539} INFO - Filling up the DagBag from /opt/airflow/dags/dispatcher_pipeline_dag.py
[2026-04-14T10:00:40.438+0000] {processor.py:839} INFO - DAG(s) dict_keys(['distillationDAG']) retrieved from /opt/airflow/dags/dispatcher_pipeline_dag.py
[2026-04-14T10:00:40.467+0000] {logging_mixin.py:151} INFO - [2026-04-14T10:00:40.466+0000] {dag.py:2915} INFO - Sync 1 DAGs
[2026-04-14T10:00:40.486+0000] {logging_mixin.py:151} INFO - [2026-04-14T10:00:40.486+0000] {dag.py:3696} INFO - Setting next_dagrun for distillationDAG to 2026-04-14T09:59:55.486167+00:00, run_after=2026-04-14T10:00:40.486167+00:00
[2026-04-14T10:00:40.502+0000] {processor.py:179} INFO - Processing /opt/airflow/dags/dispatcher_pipeline_dag.py took 0.510 seconds
[2026-04-14T10:01:11.353+0000] {processor.py:157} INFO - Started process (PID=924) to work on /opt/airflow/dags/dispatcher_pipeline_dag.py
[2026-04-14T10:01:11.356+0000] {processor.py:829} INFO - Processing file /opt/airflow/dags/dispatcher_pipeline_dag.py for tasks to queue
[2026-04-14T10:01:11.358+0000] {logging_mixin.py:151} INFO - [2026-04-14T10:01:11.357+0000] {dagbag.py:539} INFO - Filling up the DagBag from /opt/airflow/dags/dispatcher_pipeline_dag.py
[2026-04-14T10:01:11.843+0000] {processor.py:839} INFO - DAG(s) dict_keys(['distillationDAG']) retrieved from /opt/airflow/dags/dispatcher_pipeline_dag.py
[2026-04-14T10:01:11.875+0000] {logging_mixin.py:151} INFO - [2026-04-14T10:01:11.874+0000] {dag.py:2915} INFO - Sync 1 DAGs
[2026-04-14T10:01:11.896+0000] {logging_mixin.py:151} INFO - [2026-04-14T10:01:11.896+0000] {dag.py:3696} INFO - Setting next_dagrun for distillationDAG to 2026-04-14T10:00:26.896443+00:00, run_after=2026-04-14T10:01:11.896443+00:00
[2026-04-14T10:01:11.916+0000] {processor.py:179} INFO - Processing /opt/airflow/dags/dispatcher_pipeline_dag.py took 0.575 seconds
[2026-04-14T10:01:42.676+0000] {processor.py:157} INFO - Started process (PID=942) to work on /opt/airflow/dags/dispatcher_pipeline_dag.py
[2026-04-14T10:01:42.677+0000] {processor.py:829} INFO - Processing file /opt/airflow/dags/dispatcher_pipeline_dag.py for tasks to queue
[2026-04-14T10:01:42.679+0000] {logging_mixin.py:151} INFO - [2026-04-14T10:01:42.678+0000] {dagbag.py:539} INFO - Filling up the DagBag from /opt/airflow/dags/dispatcher_pipeline_dag.py
[2026-04-14T10:01:43.150+0000] {processor.py:839} INFO - DAG(s) dict_keys(['distillationDAG']) retrieved from /opt/airflow/dags/dispatcher_pipeline_dag.py
[2026-04-14T10:01:43.179+0000] {logging_mixin.py:151} INFO - [2026-04-14T10:01:43.179+0000] {dag.py:2915} INFO - Sync 1 DAGs
[2026-04-14T10:01:43.200+0000] {logging_mixin.py:151} INFO - [2026-04-14T10:01:43.200+0000] {dag.py:3696} INFO - Setting next_dagrun for distillationDAG to 2026-04-14T10:00:58.200471+00:00, run_after=2026-04-14T10:01:43.200471+00:00
[2026-04-14T10:01:43.217+0000] {processor.py:179} INFO - Processing /opt/airflow/dags/dispatcher_pipeline_dag.py took 0.545 seconds
[2026-04-14T10:02:14.026+0000] {processor.py:157} INFO - Started process (PID=960) to work on /opt/airflow/dags/dispatcher_pipeline_dag.py
[2026-04-14T10:02:14.027+0000] {processor.py:829} INFO - Processing file /opt/airflow/dags/dispatcher_pipeline_dag.py for tasks to queue
[2026-04-14T10:02:14.028+0000] {logging_mixin.py:151} INFO - [2026-04-14T10:02:14.027+0000] {dagbag.py:539} INFO - Filling up the DagBag from /opt/airflow/dags/dispatcher_pipeline_dag.py
[2026-04-14T10:02:14.547+0000] {processor.py:839} INFO - DAG(s) dict_keys(['distillationDAG']) retrieved from /opt/airflow/dags/dispatcher_pipeline_dag.py
[2026-04-14T10:02:14.578+0000] {logging_mixin.py:151} INFO - [2026-04-14T10:02:14.578+0000] {dag.py:2915} INFO - Sync 1 DAGs
[2026-04-14T10:02:14.598+0000] {logging_mixin.py:151} INFO - [2026-04-14T10:02:14.598+0000] {dag.py:3696} INFO - Setting next_dagrun for distillationDAG to 2026-04-14T10:01:29.598194+00:00, run_after=2026-04-14T10:02:14.598194+00:00
[2026-04-14T10:02:14.615+0000] {processor.py:179} INFO - Processing /opt/airflow/dags/dispatcher_pipeline_dag.py took 0.594 seconds
[2026-04-14T10:02:45.406+0000] {processor.py:157} INFO - Started process (PID=978) to work on /opt/airflow/dags/dispatcher_pipeline_dag.py
[2026-04-14T10:02:45.407+0000] {processor.py:829} INFO - Processing file /opt/airflow/dags/dispatcher_pipeline_dag.py for tasks to queue
[2026-04-14T10:02:45.409+0000] {logging_mixin.py:151} INFO - [2026-04-14T10:02:45.408+0000] {dagbag.py:539} INFO - Filling up the DagBag from /opt/airflow/dags/dispatcher_pipeline_dag.py
[2026-04-14T10:02:45.868+0000] {processor.py:839} INFO - DAG(s) dict_keys(['distillationDAG']) retrieved from /opt/airflow/dags/dispatcher_pipeline_dag.py
[2026-04-14T10:02:45.896+0000] {logging_mixin.py:151} INFO - [2026-04-14T10:02:45.896+0000] {dag.py:2915} INFO - Sync 1 DAGs
[2026-04-14T10:02:45.915+0000] {logging_mixin.py:151} INFO - [2026-04-14T10:02:45.915+0000] {dag.py:3696} INFO - Setting next_dagrun for distillationDAG to 2026-04-14T10:02:00.915388+00:00, run_after=2026-04-14T10:02:45.915388+00:00
[2026-04-14T10:02:45.932+0000] {processor.py:179} INFO - Processing /opt/airflow/dags/dispatcher_pipeline_dag.py took 0.537 seconds
[2026-04-14T10:25:57.511+0000] {processor.py:157} INFO - Started process (PID=991) to work on /opt/airflow/dags/dispatcher_pipeline_dag.py
[2026-04-14T10:25:57.514+0000] {processor.py:829} INFO - Processing file /opt/airflow/dags/dispatcher_pipeline_dag.py for tasks to queue
[2026-04-14T10:25:57.514+0000] {logging_mixin.py:151} INFO - [2026-04-14T10:25:57.514+0000] {dagbag.py:539} INFO - Filling up the DagBag from /opt/airflow/dags/dispatcher_pipeline_dag.py
[2026-04-14T10:25:58.147+0000] {processor.py:839} INFO - DAG(s) dict_keys(['distillationDAG']) retrieved from /opt/airflow/dags/dispatcher_pipeline_dag.py
[2026-04-14T10:25:58.189+0000] {logging_mixin.py:151} INFO - [2026-04-14T10:25:58.188+0000] {dag.py:2915} INFO - Sync 1 DAGs
[2026-04-14T10:25:58.212+0000] {logging_mixin.py:151} INFO - [2026-04-14T10:25:58.212+0000] {dag.py:3696} INFO - Setting next_dagrun for distillationDAG to 2026-04-14T10:25:13.212318+00:00, run_after=2026-04-14T10:25:58.212318+00:00
[2026-04-14T10:25:58.230+0000] {processor.py:179} INFO - Processing /opt/airflow/dags/dispatcher_pipeline_dag.py took 0.723 seconds
[2026-04-14T10:26:28.276+0000] {processor.py:157} INFO - Started process (PID=1015) to work on /opt/airflow/dags/dispatcher_pipeline_dag.py
[2026-04-14T10:26:28.278+0000] {processor.py:829} INFO - Processing file /opt/airflow/dags/dispatcher_pipeline_dag.py for tasks to queue
[2026-04-14T10:26:28.279+0000] {logging_mixin.py:151} INFO - [2026-04-14T10:26:28.278+0000] {dagbag.py:539} INFO - Filling up the DagBag from /opt/airflow/dags/dispatcher_pipeline_dag.py
[2026-04-14T10:26:28.760+0000] {processor.py:839} INFO - DAG(s) dict_keys(['distillationDAG']) retrieved from /opt/airflow/dags/dispatcher_pipeline_dag.py
[2026-04-14T10:26:28.792+0000] {logging_mixin.py:151} INFO - [2026-04-14T10:26:28.792+0000] {dag.py:2915} INFO - Sync 1 DAGs
[2026-04-14T10:26:28.815+0000] {logging_mixin.py:151} INFO - [2026-04-14T10:26:28.814+0000] {dag.py:3696} INFO - Setting next_dagrun for distillationDAG to 2026-04-14T10:25:43.814636+00:00, run_after=2026-04-14T10:26:28.814636+00:00
[2026-04-14T10:26:28.833+0000] {processor.py:179} INFO - Processing /opt/airflow/dags/dispatcher_pipeline_dag.py took 0.560 seconds
[2026-04-14T10:26:59.026+0000] {processor.py:157} INFO - Started process (PID=1033) to work on /opt/airflow/dags/dispatcher_pipeline_dag.py
[2026-04-14T10:26:59.028+0000] {processor.py:829} INFO - Processing file /opt/airflow/dags/dispatcher_pipeline_dag.py for tasks to queue
[2026-04-14T10:26:59.029+0000] {logging_mixin.py:151} INFO - [2026-04-14T10:26:59.028+0000] {dagbag.py:539} INFO - Filling up the DagBag from /opt/airflow/dags/dispatcher_pipeline_dag.py
[2026-04-14T10:26:59.485+0000] {processor.py:839} INFO - DAG(s) dict_keys(['distillationDAG']) retrieved from /opt/airflow/dags/dispatcher_pipeline_dag.py
[2026-04-14T10:26:59.512+0000] {logging_mixin.py:151} INFO - [2026-04-14T10:26:59.512+0000] {dag.py:2915} INFO - Sync 1 DAGs
[2026-04-14T10:26:59.534+0000] {logging_mixin.py:151} INFO - [2026-04-14T10:26:59.534+0000] {dag.py:3696} INFO - Setting next_dagrun for distillationDAG to 2026-04-14T10:26:14.533807+00:00, run_after=2026-04-14T10:26:59.533807+00:00
[2026-04-14T10:26:59.551+0000] {processor.py:179} INFO - Processing /opt/airflow/dags/dispatcher_pipeline_dag.py took 0.529 seconds
[2026-04-14T10:27:29.769+0000] {processor.py:157} INFO - Started process (PID=1051) to work on /opt/airflow/dags/dispatcher_pipeline_dag.py
[2026-04-14T10:27:29.770+0000] {processor.py:829} INFO - Processing file /opt/airflow/dags/dispatcher_pipeline_dag.py for tasks to queue
[2026-04-14T10:27:29.771+0000] {logging_mixin.py:151} INFO - [2026-04-14T10:27:29.771+0000] {dagbag.py:539} INFO - Filling up the DagBag from /opt/airflow/dags/dispatcher_pipeline_dag.py
[2026-04-14T10:27:30.267+0000] {processor.py:839} INFO - DAG(s) dict_keys(['distillationDAG']) retrieved from /opt/airflow/dags/dispatcher_pipeline_dag.py
[2026-04-14T10:27:30.295+0000] {logging_mixin.py:151} INFO - [2026-04-14T10:27:30.295+0000] {dag.py:2915} INFO - Sync 1 DAGs
[2026-04-14T10:27:30.316+0000] {logging_mixin.py:151} INFO - [2026-04-14T10:27:30.316+0000] {dag.py:3696} INFO - Setting next_dagrun for distillationDAG to 2026-04-14T10:26:45.316282+00:00, run_after=2026-04-14T10:27:30.316282+00:00
[2026-04-14T10:27:30.332+0000] {processor.py:179} INFO - Processing /opt/airflow/dags/dispatcher_pipeline_dag.py took 0.569 seconds
[2026-04-14T10:28:00.492+0000] {processor.py:157} INFO - Started process (PID=1077) to work on /opt/airflow/dags/dispatcher_pipeline_dag.py
[2026-04-14T10:28:00.493+0000] {processor.py:829} INFO - Processing file /opt/airflow/dags/dispatcher_pipeline_dag.py for tasks to queue
[2026-04-14T10:28:00.494+0000] {logging_mixin.py:151} INFO - [2026-04-14T10:28:00.493+0000] {dagbag.py:539} INFO - Filling up the DagBag from /opt/airflow/dags/dispatcher_pipeline_dag.py
[2026-04-14T10:28:00.973+0000] {processor.py:839} INFO - DAG(s) dict_keys(['distillationDAG']) retrieved from /opt/airflow/dags/dispatcher_pipeline_dag.py
[2026-04-14T10:28:01.005+0000] {logging_mixin.py:151} INFO - [2026-04-14T10:28:01.005+0000] {dag.py:2915} INFO - Sync 1 DAGs
[2026-04-14T10:28:01.026+0000] {logging_mixin.py:151} INFO - [2026-04-14T10:28:01.026+0000] {dag.py:3696} INFO - Setting next_dagrun for distillationDAG to 2026-04-14T10:27:16.026102+00:00, run_after=2026-04-14T10:28:01.026102+00:00
[2026-04-14T10:28:01.042+0000] {processor.py:179} INFO - Processing /opt/airflow/dags/dispatcher_pipeline_dag.py took 0.553 seconds
[2026-04-14T10:28:31.101+0000] {processor.py:157} INFO - Started process (PID=1099) to work on /opt/airflow/dags/dispatcher_pipeline_dag.py
[2026-04-14T10:28:31.102+0000] {processor.py:829} INFO - Processing file /opt/airflow/dags/dispatcher_pipeline_dag.py for tasks to queue
[2026-04-14T10:28:31.103+0000] {logging_mixin.py:151} INFO - [2026-04-14T10:28:31.103+0000] {dagbag.py:539} INFO - Filling up the DagBag from /opt/airflow/dags/dispatcher_pipeline_dag.py
[2026-04-14T10:28:31.543+0000] {processor.py:839} INFO - DAG(s) dict_keys(['distillationDAG']) retrieved from /opt/airflow/dags/dispatcher_pipeline_dag.py
[2026-04-14T10:28:31.571+0000] {logging_mixin.py:151} INFO - [2026-04-14T10:28:31.570+0000] {dag.py:2915} INFO - Sync 1 DAGs
[2026-04-14T10:28:31.588+0000] {logging_mixin.py:151} INFO - [2026-04-14T10:28:31.588+0000] {dag.py:3696} INFO - Setting next_dagrun for distillationDAG to 2026-04-14T10:27:46.588339+00:00, run_after=2026-04-14T10:28:31.588339+00:00
[2026-04-14T10:28:31.604+0000] {processor.py:179} INFO - Processing /opt/airflow/dags/dispatcher_pipeline_dag.py took 0.507 seconds
[2026-04-14T10:29:02.442+0000] {processor.py:157} INFO - Started process (PID=1117) to work on /opt/airflow/dags/dispatcher_pipeline_dag.py
[2026-04-14T10:29:02.445+0000] {processor.py:829} INFO - Processing file /opt/airflow/dags/dispatcher_pipeline_dag.py for tasks to queue
[2026-04-14T10:29:02.446+0000] {logging_mixin.py:151} INFO - [2026-04-14T10:29:02.445+0000] {dagbag.py:539} INFO - Filling up the DagBag from /opt/airflow/dags/dispatcher_pipeline_dag.py
[2026-04-14T10:29:02.886+0000] {processor.py:839} INFO - DAG(s) dict_keys(['distillationDAG']) retrieved from /opt/airflow/dags/dispatcher_pipeline_dag.py
[2026-04-14T10:29:02.914+0000] {logging_mixin.py:151} INFO - [2026-04-14T10:29:02.914+0000] {dag.py:2915} INFO - Sync 1 DAGs
[2026-04-14T10:29:02.934+0000] {logging_mixin.py:151} INFO - [2026-04-14T10:29:02.934+0000] {dag.py:3696} INFO - Setting next_dagrun for distillationDAG to 2026-04-14T10:28:17.934466+00:00, run_after=2026-04-14T10:29:02.934466+00:00
[2026-04-14T10:29:02.950+0000] {processor.py:179} INFO - Processing /opt/airflow/dags/dispatcher_pipeline_dag.py took 0.520 seconds
[2026-04-14T10:29:33.033+0000] {processor.py:157} INFO - Started process (PID=1135) to work on /opt/airflow/dags/dispatcher_pipeline_dag.py
[2026-04-14T10:29:33.035+0000] {processor.py:829} INFO - Processing file /opt/airflow/dags/dispatcher_pipeline_dag.py for tasks to queue
[2026-04-14T10:29:33.037+0000] {logging_mixin.py:151} INFO - [2026-04-14T10:29:33.036+0000] {dagbag.py:539} INFO - Filling up the DagBag from /opt/airflow/dags/dispatcher_pipeline_dag.py
[2026-04-14T10:29:33.484+0000] {processor.py:839} INFO - DAG(s) dict_keys(['distillationDAG']) retrieved from /opt/airflow/dags/dispatcher_pipeline_dag.py
[2026-04-14T10:29:33.513+0000] {logging_mixin.py:151} INFO - [2026-04-14T10:29:33.512+0000] {dag.py:2915} INFO - Sync 1 DAGs
[2026-04-14T10:29:33.531+0000] {logging_mixin.py:151} INFO - [2026-04-14T10:29:33.531+0000] {dag.py:3696} INFO - Setting next_dagrun for distillationDAG to 2026-04-14T10:28:48.531449+00:00, run_after=2026-04-14T10:29:33.531449+00:00
[2026-04-14T10:29:33.547+0000] {processor.py:179} INFO - Processing /opt/airflow/dags/dispatcher_pipeline_dag.py took 0.522 seconds
[2026-04-14T10:30:04.370+0000] {processor.py:157} INFO - Started process (PID=1153) to work on /opt/airflow/dags/dispatcher_pipeline_dag.py
[2026-04-14T10:30:04.371+0000] {processor.py:829} INFO - Processing file /opt/airflow/dags/dispatcher_pipeline_dag.py for tasks to queue
[2026-04-14T10:30:04.373+0000] {logging_mixin.py:151} INFO - [2026-04-14T10:30:04.372+0000] {dagbag.py:539} INFO - Filling up the DagBag from /opt/airflow/dags/dispatcher_pipeline_dag.py
[2026-04-14T10:30:04.830+0000] {processor.py:839} INFO - DAG(s) dict_keys(['distillationDAG']) retrieved from /opt/airflow/dags/dispatcher_pipeline_dag.py
[2026-04-14T10:30:04.858+0000] {logging_mixin.py:151} INFO - [2026-04-14T10:30:04.858+0000] {dag.py:2915} INFO - Sync 1 DAGs
[2026-04-14T10:30:04.877+0000] {logging_mixin.py:151} INFO - [2026-04-14T10:30:04.877+0000] {dag.py:3696} INFO - Setting next_dagrun for distillationDAG to 2026-04-14T10:29:19.877577+00:00, run_after=2026-04-14T10:30:04.877577+00:00
[2026-04-14T10:30:04.895+0000] {processor.py:179} INFO - Processing /opt/airflow/dags/dispatcher_pipeline_dag.py took 0.533 seconds
[2026-04-14T10:30:34.987+0000] {processor.py:157} INFO - Started process (PID=1171) to work on /opt/airflow/dags/dispatcher_pipeline_dag.py
[2026-04-14T10:30:34.989+0000] {processor.py:829} INFO - Processing file /opt/airflow/dags/dispatcher_pipeline_dag.py for tasks to queue
[2026-04-14T10:30:34.990+0000] {logging_mixin.py:151} INFO - [2026-04-14T10:30:34.989+0000] {dagbag.py:539} INFO - Filling up the DagBag from /opt/airflow/dags/dispatcher_pipeline_dag.py
[2026-04-14T10:30:35.540+0000] {processor.py:839} INFO - DAG(s) dict_keys(['distillationDAG']) retrieved from /opt/airflow/dags/dispatcher_pipeline_dag.py
[2026-04-14T10:30:35.579+0000] {logging_mixin.py:151} INFO - [2026-04-14T10:30:35.578+0000] {dag.py:2915} INFO - Sync 1 DAGs
[2026-04-14T10:30:35.603+0000] {logging_mixin.py:151} INFO - [2026-04-14T10:30:35.603+0000] {dag.py:3696} INFO - Setting next_dagrun for distillationDAG to 2026-04-14T10:29:50.603381+00:00, run_after=2026-04-14T10:30:35.603381+00:00
[2026-04-14T10:30:35.621+0000] {processor.py:179} INFO - Processing /opt/airflow/dags/dispatcher_pipeline_dag.py took 0.637 seconds
[2026-04-14T10:31:06.026+0000] {processor.py:157} INFO - Started process (PID=1189) to work on /opt/airflow/dags/dispatcher_pipeline_dag.py
[2026-04-14T10:31:06.028+0000] {processor.py:829} INFO - Processing file /opt/airflow/dags/dispatcher_pipeline_dag.py for tasks to queue
[2026-04-14T10:31:06.029+0000] {logging_mixin.py:151} INFO - [2026-04-14T10:31:06.028+0000] {dagbag.py:539} INFO - Filling up the DagBag from /opt/airflow/dags/dispatcher_pipeline_dag.py
[2026-04-14T10:31:06.500+0000] {processor.py:839} INFO - DAG(s) dict_keys(['distillationDAG']) retrieved from /opt/airflow/dags/dispatcher_pipeline_dag.py
[2026-04-14T10:31:06.531+0000] {logging_mixin.py:151} INFO - [2026-04-14T10:31:06.530+0000] {dag.py:2915} INFO - Sync 1 DAGs
[2026-04-14T10:31:06.550+0000] {logging_mixin.py:151} INFO - [2026-04-14T10:31:06.550+0000] {dag.py:3696} INFO - Setting next_dagrun for distillationDAG to 2026-04-14T10:30:21.549928+00:00, run_after=2026-04-14T10:31:06.549928+00:00
[2026-04-14T10:31:06.566+0000] {processor.py:179} INFO - Processing /opt/airflow/dags/dispatcher_pipeline_dag.py took 0.545 seconds
[2026-04-14T10:31:36.794+0000] {processor.py:157} INFO - Started process (PID=1207) to work on /opt/airflow/dags/dispatcher_pipeline_dag.py
[2026-04-14T10:31:36.798+0000] {processor.py:829} INFO - Processing file /opt/airflow/dags/dispatcher_pipeline_dag.py for tasks to queue
[2026-04-14T10:31:36.800+0000] {logging_mixin.py:151} INFO - [2026-04-14T10:31:36.799+0000] {dagbag.py:539} INFO - Filling up the DagBag from /opt/airflow/dags/dispatcher_pipeline_dag.py
[2026-04-14T10:31:37.344+0000] {processor.py:839} INFO - DAG(s) dict_keys(['distillationDAG']) retrieved from /opt/airflow/dags/dispatcher_pipeline_dag.py
[2026-04-14T10:31:37.379+0000] {logging_mixin.py:151} INFO - [2026-04-14T10:31:37.378+0000] {dag.py:2915} INFO - Sync 1 DAGs
[2026-04-14T10:31:37.402+0000] {logging_mixin.py:151} INFO - [2026-04-14T10:31:37.402+0000] {dag.py:3696} INFO - Setting next_dagrun for distillationDAG to 2026-04-14T10:30:52.402559+00:00, run_after=2026-04-14T10:31:37.402559+00:00
[2026-04-14T10:31:37.422+0000] {processor.py:179} INFO - Processing /opt/airflow/dags/dispatcher_pipeline_dag.py took 0.640 seconds
[2026-04-14T10:32:07.748+0000] {processor.py:157} INFO - Started process (PID=1225) to work on /opt/airflow/dags/dispatcher_pipeline_dag.py
[2026-04-14T10:32:07.750+0000] {processor.py:829} INFO - Processing file /opt/airflow/dags/dispatcher_pipeline_dag.py for tasks to queue
[2026-04-14T10:32:07.751+0000] {logging_mixin.py:151} INFO - [2026-04-14T10:32:07.751+0000] {dagbag.py:539} INFO - Filling up the DagBag from /opt/airflow/dags/dispatcher_pipeline_dag.py
[2026-04-14T10:32:08.276+0000] {processor.py:839} INFO - DAG(s) dict_keys(['distillationDAG']) retrieved from /opt/airflow/dags/dispatcher_pipeline_dag.py
[2026-04-14T10:32:08.312+0000] {logging_mixin.py:151} INFO - [2026-04-14T10:32:08.312+0000] {dag.py:2915} INFO - Sync 1 DAGs
[2026-04-14T10:32:08.335+0000] {logging_mixin.py:151} INFO - [2026-04-14T10:32:08.335+0000] {dag.py:3696} INFO - Setting next_dagrun for distillationDAG to 2026-04-14T10:31:23.335355+00:00, run_after=2026-04-14T10:32:08.335355+00:00
[2026-04-14T10:32:08.353+0000] {processor.py:179} INFO - Processing /opt/airflow/dags/dispatcher_pipeline_dag.py took 0.609 seconds
[2026-04-14T10:32:38.429+0000] {processor.py:157} INFO - Started process (PID=1243) to work on /opt/airflow/dags/dispatcher_pipeline_dag.py
[2026-04-14T10:32:38.431+0000] {processor.py:829} INFO - Processing file /opt/airflow/dags/dispatcher_pipeline_dag.py for tasks to queue
[2026-04-14T10:32:38.431+0000] {logging_mixin.py:151} INFO - [2026-04-14T10:32:38.431+0000] {dagbag.py:539} INFO - Filling up the DagBag from /opt/airflow/dags/dispatcher_pipeline_dag.py
[2026-04-14T10:32:38.873+0000] {processor.py:839} INFO - DAG(s) dict_keys(['distillationDAG']) retrieved from /opt/airflow/dags/dispatcher_pipeline_dag.py
[2026-04-14T10:32:38.902+0000] {logging_mixin.py:151} INFO - [2026-04-14T10:32:38.902+0000] {dag.py:2915} INFO - Sync 1 DAGs
[2026-04-14T10:32:38.922+0000] {logging_mixin.py:151} INFO - [2026-04-14T10:32:38.922+0000] {dag.py:3696} INFO - Setting next_dagrun for distillationDAG to 2026-04-14T10:31:53.921969+00:00, run_after=2026-04-14T10:32:38.921969+00:00
[2026-04-14T10:32:38.938+0000] {processor.py:179} INFO - Processing /opt/airflow/dags/dispatcher_pipeline_dag.py took 0.512 seconds
[2026-04-14T10:33:09.759+0000] {processor.py:157} INFO - Started process (PID=1261) to work on /opt/airflow/dags/dispatcher_pipeline_dag.py
[2026-04-14T10:33:09.761+0000] {processor.py:829} INFO - Processing file /opt/airflow/dags/dispatcher_pipeline_dag.py for tasks to queue
[2026-04-14T10:33:09.762+0000] {logging_mixin.py:151} INFO - [2026-04-14T10:33:09.761+0000] {dagbag.py:539} INFO - Filling up the DagBag from /opt/airflow/dags/dispatcher_pipeline_dag.py
[2026-04-14T10:33:10.256+0000] {processor.py:839} INFO - DAG(s) dict_keys(['distillationDAG']) retrieved from /opt/airflow/dags/dispatcher_pipeline_dag.py
[2026-04-14T10:33:10.284+0000] {logging_mixin.py:151} INFO - [2026-04-14T10:33:10.284+0000] {dag.py:2915} INFO - Sync 1 DAGs
[2026-04-14T10:33:10.305+0000] {logging_mixin.py:151} INFO - [2026-04-14T10:33:10.305+0000] {dag.py:3696} INFO - Setting next_dagrun for distillationDAG to 2026-04-14T10:32:25.304796+00:00, run_after=2026-04-14T10:33:10.304796+00:00
[2026-04-14T10:33:10.325+0000] {processor.py:179} INFO - Processing /opt/airflow/dags/dispatcher_pipeline_dag.py took 0.572 seconds
[2026-04-14T10:33:40.414+0000] {processor.py:157} INFO - Started process (PID=1279) to work on /opt/airflow/dags/dispatcher_pipeline_dag.py
[2026-04-14T10:33:40.415+0000] {processor.py:829} INFO - Processing file /opt/airflow/dags/dispatcher_pipeline_dag.py for tasks to queue
[2026-04-14T10:33:40.416+0000] {logging_mixin.py:151} INFO - [2026-04-14T10:33:40.415+0000] {dagbag.py:539} INFO - Filling up the DagBag from /opt/airflow/dags/dispatcher_pipeline_dag.py
[2026-04-14T10:33:40.874+0000] {processor.py:839} INFO - DAG(s) dict_keys(['distillationDAG']) retrieved from /opt/airflow/dags/dispatcher_pipeline_dag.py
[2026-04-14T10:33:40.903+0000] {logging_mixin.py:151} INFO - [2026-04-14T10:33:40.902+0000] {dag.py:2915} INFO - Sync 1 DAGs
[2026-04-14T10:33:40.923+0000] {logging_mixin.py:151} INFO - [2026-04-14T10:33:40.923+0000] {dag.py:3696} INFO - Setting next_dagrun for distillationDAG to 2026-04-14T10:32:55.923203+00:00, run_after=2026-04-14T10:33:40.923203+00:00
[2026-04-14T10:33:40.938+0000] {processor.py:179} INFO - Processing /opt/airflow/dags/dispatcher_pipeline_dag.py took 0.534 seconds
[2026-04-14T10:34:11.712+0000] {processor.py:157} INFO - Started process (PID=1297) to work on /opt/airflow/dags/dispatcher_pipeline_dag.py
[2026-04-14T10:34:11.713+0000] {processor.py:829} INFO - Processing file /opt/airflow/dags/dispatcher_pipeline_dag.py for tasks to queue
[2026-04-14T10:34:11.714+0000] {logging_mixin.py:151} INFO - [2026-04-14T10:34:11.714+0000] {dagbag.py:539} INFO - Filling up the DagBag from /opt/airflow/dags/dispatcher_pipeline_dag.py
[2026-04-14T10:34:12.231+0000] {processor.py:839} INFO - DAG(s) dict_keys(['distillationDAG']) retrieved from /opt/airflow/dags/dispatcher_pipeline_dag.py
[2026-04-14T10:34:12.265+0000] {logging_mixin.py:151} INFO - [2026-04-14T10:34:12.264+0000] {dag.py:2915} INFO - Sync 1 DAGs
[2026-04-14T10:34:12.288+0000] {logging_mixin.py:151} INFO - [2026-04-14T10:34:12.288+0000] {dag.py:3696} INFO - Setting next_dagrun for distillationDAG to 2026-04-14T10:33:27.288256+00:00, run_after=2026-04-14T10:34:12.288256+00:00
[2026-04-14T10:34:12.305+0000] {processor.py:179} INFO - Processing /opt/airflow/dags/dispatcher_pipeline_dag.py took 0.598 seconds
[2026-04-14T10:34:42.394+0000] {processor.py:157} INFO - Started process (PID=1315) to work on /opt/airflow/dags/dispatcher_pipeline_dag.py
[2026-04-14T10:34:42.395+0000] {processor.py:829} INFO - Processing file /opt/airflow/dags/dispatcher_pipeline_dag.py for tasks to queue
[2026-04-14T10:34:42.395+0000] {logging_mixin.py:151} INFO - [2026-04-14T10:34:42.395+0000] {dagbag.py:539} INFO - Filling up the DagBag from /opt/airflow/dags/dispatcher_pipeline_dag.py
[2026-04-14T10:34:42.838+0000] {processor.py:839} INFO - DAG(s) dict_keys(['distillationDAG']) retrieved from /opt/airflow/dags/dispatcher_pipeline_dag.py
[2026-04-14T10:34:42.866+0000] {logging_mixin.py:151} INFO - [2026-04-14T10:34:42.866+0000] {dag.py:2915} INFO - Sync 1 DAGs
[2026-04-14T10:34:42.885+0000] {logging_mixin.py:151} INFO - [2026-04-14T10:34:42.885+0000] {dag.py:3696} INFO - Setting next_dagrun for distillationDAG to 2026-04-14T10:33:57.885512+00:00, run_after=2026-04-14T10:34:42.885512+00:00
[2026-04-14T10:34:42.901+0000] {processor.py:179} INFO - Processing /opt/airflow/dags/dispatcher_pipeline_dag.py took 0.511 seconds
[2026-04-14T10:35:13.721+0000] {processor.py:157} INFO - Started process (PID=1333) to work on /opt/airflow/dags/dispatcher_pipeline_dag.py
[2026-04-14T10:35:13.724+0000] {processor.py:829} INFO - Processing file /opt/airflow/dags/dispatcher_pipeline_dag.py for tasks to queue
[2026-04-14T10:35:13.725+0000] {logging_mixin.py:151} INFO - [2026-04-14T10:35:13.725+0000] {dagbag.py:539} INFO - Filling up the DagBag from /opt/airflow/dags/dispatcher_pipeline_dag.py
[2026-04-14T10:35:14.177+0000] {processor.py:839} INFO - DAG(s) dict_keys(['distillationDAG']) retrieved from /opt/airflow/dags/dispatcher_pipeline_dag.py
[2026-04-14T10:35:14.206+0000] {logging_mixin.py:151} INFO - [2026-04-14T10:35:14.205+0000] {dag.py:2915} INFO - Sync 1 DAGs
[2026-04-14T10:35:14.357+0000] {logging_mixin.py:151} INFO - [2026-04-14T10:35:14.356+0000] {dag.py:3696} INFO - Setting next_dagrun for distillationDAG to 2026-04-14T10:34:29.356745+00:00, run_after=2026-04-14T10:35:14.356745+00:00
[2026-04-14T10:35:14.376+0000] {processor.py:179} INFO - Processing /opt/airflow/dags/dispatcher_pipeline_dag.py took 0.668 seconds
[2026-04-14T10:35:45.219+0000] {processor.py:157} INFO - Started process (PID=1351) to work on /opt/airflow/dags/dispatcher_pipeline_dag.py
[2026-04-14T10:35:45.220+0000] {processor.py:829} INFO - Processing file /opt/airflow/dags/dispatcher_pipeline_dag.py for tasks to queue
[2026-04-14T10:35:45.221+0000] {logging_mixin.py:151} INFO - [2026-04-14T10:35:45.220+0000] {dagbag.py:539} INFO - Filling up the DagBag from /opt/airflow/dags/dispatcher_pipeline_dag.py
[2026-04-14T10:35:45.683+0000] {processor.py:839} INFO - DAG(s) dict_keys(['distillationDAG']) retrieved from /opt/airflow/dags/dispatcher_pipeline_dag.py
[2026-04-14T10:35:45.713+0000] {logging_mixin.py:151} INFO - [2026-04-14T10:35:45.712+0000] {dag.py:2915} INFO - Sync 1 DAGs
[2026-04-14T10:35:45.731+0000] {logging_mixin.py:151} INFO - [2026-04-14T10:35:45.731+0000] {dag.py:3696} INFO - Setting next_dagrun for distillationDAG to 2026-04-14T10:35:00.731560+00:00, run_after=2026-04-14T10:35:45.731560+00:00
[2026-04-14T10:35:45.746+0000] {processor.py:179} INFO - Processing /opt/airflow/dags/dispatcher_pipeline_dag.py took 0.533 seconds
[2026-04-14T10:36:15.851+0000] {processor.py:157} INFO - Started process (PID=1369) to work on /opt/airflow/dags/dispatcher_pipeline_dag.py
[2026-04-14T10:36:15.854+0000] {processor.py:829} INFO - Processing file /opt/airflow/dags/dispatcher_pipeline_dag.py for tasks to queue
[2026-04-14T10:36:15.856+0000] {logging_mixin.py:151} INFO - [2026-04-14T10:36:15.855+0000] {dagbag.py:539} INFO - Filling up the DagBag from /opt/airflow/dags/dispatcher_pipeline_dag.py
[2026-04-14T10:36:16.323+0000] {processor.py:839} INFO - DAG(s) dict_keys(['distillationDAG']) retrieved from /opt/airflow/dags/dispatcher_pipeline_dag.py
[2026-04-14T10:36:16.353+0000] {logging_mixin.py:151} INFO - [2026-04-14T10:36:16.352+0000] {dag.py:2915} INFO - Sync 1 DAGs
[2026-04-14T10:36:16.372+0000] {logging_mixin.py:151} INFO - [2026-04-14T10:36:16.372+0000] {dag.py:3696} INFO - Setting next_dagrun for distillationDAG to 2026-04-14T10:35:31.371921+00:00, run_after=2026-04-14T10:36:16.371921+00:00
[2026-04-14T10:36:16.388+0000] {processor.py:179} INFO - Processing /opt/airflow/dags/dispatcher_pipeline_dag.py took 0.549 seconds
[2026-04-14T10:36:47.133+0000] {processor.py:157} INFO - Started process (PID=1387) to work on /opt/airflow/dags/dispatcher_pipeline_dag.py
[2026-04-14T10:36:47.134+0000] {processor.py:829} INFO - Processing file /opt/airflow/dags/dispatcher_pipeline_dag.py for tasks to queue
[2026-04-14T10:36:47.135+0000] {logging_mixin.py:151} INFO - [2026-04-14T10:36:47.135+0000] {dagbag.py:539} INFO - Filling up the DagBag from /opt/airflow/dags/dispatcher_pipeline_dag.py
[2026-04-14T10:36:47.667+0000] {processor.py:839} INFO - DAG(s) dict_keys(['distillationDAG']) retrieved from /opt/airflow/dags/dispatcher_pipeline_dag.py
[2026-04-14T10:36:47.698+0000] {logging_mixin.py:151} INFO - [2026-04-14T10:36:47.698+0000] {dag.py:2915} INFO - Sync 1 DAGs
[2026-04-14T10:36:47.851+0000] {logging_mixin.py:151} INFO - [2026-04-14T10:36:47.851+0000] {dag.py:3696} INFO - Setting next_dagrun for distillationDAG to 2026-04-14T10:36:02.850835+00:00, run_after=2026-04-14T10:36:47.850835+00:00
[2026-04-14T10:36:47.869+0000] {processor.py:179} INFO - Processing /opt/airflow/dags/dispatcher_pipeline_dag.py took 0.741 seconds
[2026-04-14T10:37:18.651+0000] {processor.py:157} INFO - Started process (PID=1405) to work on /opt/airflow/dags/dispatcher_pipeline_dag.py
[2026-04-14T10:37:18.653+0000] {processor.py:829} INFO - Processing file /opt/airflow/dags/dispatcher_pipeline_dag.py for tasks to queue
[2026-04-14T10:37:18.655+0000] {logging_mixin.py:151} INFO - [2026-04-14T10:37:18.654+0000] {dagbag.py:539} INFO - Filling up the DagBag from /opt/airflow/dags/dispatcher_pipeline_dag.py
[2026-04-14T10:37:19.139+0000] {processor.py:839} INFO - DAG(s) dict_keys(['distillationDAG']) retrieved from /opt/airflow/dags/dispatcher_pipeline_dag.py
[2026-04-14T10:37:19.168+0000] {logging_mixin.py:151} INFO - [2026-04-14T10:37:19.167+0000] {dag.py:2915} INFO - Sync 1 DAGs
[2026-04-14T10:37:19.187+0000] {logging_mixin.py:151} INFO - [2026-04-14T10:37:19.187+0000] {dag.py:3696} INFO - Setting next_dagrun for distillationDAG to 2026-04-14T10:36:34.187333+00:00, run_after=2026-04-14T10:37:19.187333+00:00
[2026-04-14T10:37:19.204+0000] {processor.py:179} INFO - Processing /opt/airflow/dags/dispatcher_pipeline_dag.py took 0.565 seconds
[2026-04-14T10:37:49.244+0000] {processor.py:157} INFO - Started process (PID=1423) to work on /opt/airflow/dags/dispatcher_pipeline_dag.py
[2026-04-14T10:37:49.246+0000] {processor.py:829} INFO - Processing file /opt/airflow/dags/dispatcher_pipeline_dag.py for tasks to queue
[2026-04-14T10:37:49.247+0000] {logging_mixin.py:151} INFO - [2026-04-14T10:37:49.247+0000] {dagbag.py:539} INFO - Filling up the DagBag from /opt/airflow/dags/dispatcher_pipeline_dag.py
[2026-04-14T10:37:49.718+0000] {processor.py:839} INFO - DAG(s) dict_keys(['distillationDAG']) retrieved from /opt/airflow/dags/dispatcher_pipeline_dag.py
[2026-04-14T10:37:49.749+0000] {logging_mixin.py:151} INFO - [2026-04-14T10:37:49.748+0000] {dag.py:2915} INFO - Sync 1 DAGs
[2026-04-14T10:37:49.769+0000] {logging_mixin.py:151} INFO - [2026-04-14T10:37:49.769+0000] {dag.py:3696} INFO - Setting next_dagrun for distillationDAG to 2026-04-14T10:37:04.769005+00:00, run_after=2026-04-14T10:37:49.769005+00:00
[2026-04-14T10:37:49.785+0000] {processor.py:179} INFO - Processing /opt/airflow/dags/dispatcher_pipeline_dag.py took 0.547 seconds
[2026-04-14T10:38:20.549+0000] {processor.py:157} INFO - Started process (PID=1441) to work on /opt/airflow/dags/dispatcher_pipeline_dag.py
[2026-04-14T10:38:20.551+0000] {processor.py:829} INFO - Processing file /opt/airflow/dags/dispatcher_pipeline_dag.py for tasks to queue
[2026-04-14T10:38:20.552+0000] {logging_mixin.py:151} INFO - [2026-04-14T10:38:20.552+0000] {dagbag.py:539} INFO - Filling up the DagBag from /opt/airflow/dags/dispatcher_pipeline_dag.py
[2026-04-14T10:38:21.047+0000] {processor.py:839} INFO - DAG(s) dict_keys(['distillationDAG']) retrieved from /opt/airflow/dags/dispatcher_pipeline_dag.py
[2026-04-14T10:38:21.077+0000] {logging_mixin.py:151} INFO - [2026-04-14T10:38:21.077+0000] {dag.py:2915} INFO - Sync 1 DAGs
[2026-04-14T10:38:21.230+0000] {logging_mixin.py:151} INFO - [2026-04-14T10:38:21.230+0000] {dag.py:3696} INFO - Setting next_dagrun for distillationDAG to 2026-04-14T10:37:36.230278+00:00, run_after=2026-04-14T10:38:21.230278+00:00
[2026-04-14T10:38:21.248+0000] {processor.py:179} INFO - Processing /opt/airflow/dags/dispatcher_pipeline_dag.py took 0.705 seconds
[2026-04-14T10:38:52.022+0000] {processor.py:157} INFO - Started process (PID=1459) to work on /opt/airflow/dags/dispatcher_pipeline_dag.py
[2026-04-14T10:38:52.024+0000] {processor.py:829} INFO - Processing file /opt/airflow/dags/dispatcher_pipeline_dag.py for tasks to queue
[2026-04-14T10:38:52.025+0000] {logging_mixin.py:151} INFO - [2026-04-14T10:38:52.024+0000] {dagbag.py:539} INFO - Filling up the DagBag from /opt/airflow/dags/dispatcher_pipeline_dag.py
[2026-04-14T10:38:52.481+0000] {processor.py:839} INFO - DAG(s) dict_keys(['distillationDAG']) retrieved from /opt/airflow/dags/dispatcher_pipeline_dag.py
[2026-04-14T10:38:52.639+0000] {logging_mixin.py:151} INFO - [2026-04-14T10:38:52.638+0000] {dag.py:2915} INFO - Sync 1 DAGs
[2026-04-14T10:38:52.661+0000] {logging_mixin.py:151} INFO - [2026-04-14T10:38:52.661+0000] {dag.py:3696} INFO - Setting next_dagrun for distillationDAG to 2026-04-14T10:38:07.661584+00:00, run_after=2026-04-14T10:38:52.661584+00:00
[2026-04-14T10:38:52.678+0000] {processor.py:179} INFO - Processing /opt/airflow/dags/dispatcher_pipeline_dag.py took 0.662 seconds
[2026-04-14T10:39:23.529+0000] {processor.py:157} INFO - Started process (PID=1477) to work on /opt/airflow/dags/dispatcher_pipeline_dag.py
[2026-04-14T10:39:23.531+0000] {processor.py:829} INFO - Processing file /opt/airflow/dags/dispatcher_pipeline_dag.py for tasks to queue
[2026-04-14T10:39:23.533+0000] {logging_mixin.py:151} INFO - [2026-04-14T10:39:23.532+0000] {dagbag.py:539} INFO - Filling up the DagBag from /opt/airflow/dags/dispatcher_pipeline_dag.py
[2026-04-14T10:39:24.013+0000] {processor.py:839} INFO - DAG(s) dict_keys(['distillationDAG']) retrieved from /opt/airflow/dags/dispatcher_pipeline_dag.py
[2026-04-14T10:39:24.045+0000] {logging_mixin.py:151} INFO - [2026-04-14T10:39:24.045+0000] {dag.py:2915} INFO - Sync 1 DAGs
[2026-04-14T10:39:24.067+0000] {logging_mixin.py:151} INFO - [2026-04-14T10:39:24.067+0000] {dag.py:3696} INFO - Setting next_dagrun for distillationDAG to 2026-04-14T10:38:39.067264+00:00, run_after=2026-04-14T10:39:24.067264+00:00
[2026-04-14T10:39:24.083+0000] {processor.py:179} INFO - Processing /opt/airflow/dags/dispatcher_pipeline_dag.py took 0.566 seconds
[2026-04-14T10:39:54.983+0000] {processor.py:157} INFO - Started process (PID=1495) to work on /opt/airflow/dags/dispatcher_pipeline_dag.py
[2026-04-14T10:39:54.985+0000] {processor.py:829} INFO - Processing file /opt/airflow/dags/dispatcher_pipeline_dag.py for tasks to queue
[2026-04-14T10:39:54.988+0000] {logging_mixin.py:151} INFO - [2026-04-14T10:39:54.987+0000] {dagbag.py:539} INFO - Filling up the DagBag from /opt/airflow/dags/dispatcher_pipeline_dag.py
[2026-04-14T10:39:55.452+0000] {processor.py:839} INFO - DAG(s) dict_keys(['distillationDAG']) retrieved from /opt/airflow/dags/dispatcher_pipeline_dag.py
[2026-04-14T10:39:55.484+0000] {logging_mixin.py:151} INFO - [2026-04-14T10:39:55.483+0000] {dag.py:2915} INFO - Sync 1 DAGs
[2026-04-14T10:39:55.638+0000] {logging_mixin.py:151} INFO - [2026-04-14T10:39:55.638+0000] {dag.py:3696} INFO - Setting next_dagrun for distillationDAG to 2026-04-14T10:39:10.637939+00:00, run_after=2026-04-14T10:39:55.637939+00:00
[2026-04-14T10:39:55.654+0000] {processor.py:179} INFO - Processing /opt/airflow/dags/dispatcher_pipeline_dag.py took 0.675 seconds
[2026-04-14T10:40:26.428+0000] {processor.py:157} INFO - Started process (PID=1513) to work on /opt/airflow/dags/dispatcher_pipeline_dag.py
[2026-04-14T10:40:26.429+0000] {processor.py:829} INFO - Processing file /opt/airflow/dags/dispatcher_pipeline_dag.py for tasks to queue
[2026-04-14T10:40:26.430+0000] {logging_mixin.py:151} INFO - [2026-04-14T10:40:26.429+0000] {dagbag.py:539} INFO - Filling up the DagBag from /opt/airflow/dags/dispatcher_pipeline_dag.py
[2026-04-14T10:40:26.870+0000] {processor.py:839} INFO - DAG(s) dict_keys(['distillationDAG']) retrieved from /opt/airflow/dags/dispatcher_pipeline_dag.py
[2026-04-14T10:40:27.029+0000] {logging_mixin.py:151} INFO - [2026-04-14T10:40:27.028+0000] {dag.py:2915} INFO - Sync 1 DAGs
[2026-04-14T10:40:27.052+0000] {logging_mixin.py:151} INFO - [2026-04-14T10:40:27.051+0000] {dag.py:3696} INFO - Setting next_dagrun for distillationDAG to 2026-04-14T10:39:42.051820+00:00, run_after=2026-04-14T10:40:27.051820+00:00
[2026-04-14T10:40:27.068+0000] {processor.py:179} INFO - Processing /opt/airflow/dags/dispatcher_pipeline_dag.py took 0.644 seconds
[2026-04-14T10:40:57.913+0000] {processor.py:157} INFO - Started process (PID=1531) to work on /opt/airflow/dags/dispatcher_pipeline_dag.py
[2026-04-14T10:40:57.914+0000] {processor.py:829} INFO - Processing file /opt/airflow/dags/dispatcher_pipeline_dag.py for tasks to queue
[2026-04-14T10:40:57.915+0000] {logging_mixin.py:151} INFO - [2026-04-14T10:40:57.915+0000] {dagbag.py:539} INFO - Filling up the DagBag from /opt/airflow/dags/dispatcher_pipeline_dag.py
[2026-04-14T10:40:58.364+0000] {processor.py:839} INFO - DAG(s) dict_keys(['distillationDAG']) retrieved from /opt/airflow/dags/dispatcher_pipeline_dag.py
[2026-04-14T10:40:58.395+0000] {logging_mixin.py:151} INFO - [2026-04-14T10:40:58.394+0000] {dag.py:2915} INFO - Sync 1 DAGs
[2026-04-14T10:40:58.415+0000] {logging_mixin.py:151} INFO - [2026-04-14T10:40:58.415+0000] {dag.py:3696} INFO - Setting next_dagrun for distillationDAG to 2026-04-14T10:40:13.415516+00:00, run_after=2026-04-14T10:40:58.415516+00:00
[2026-04-14T10:40:58.435+0000] {processor.py:179} INFO - Processing /opt/airflow/dags/dispatcher_pipeline_dag.py took 0.526 seconds
