[2026-04-14T09:40:16.861+0000] {processor.py:157} INFO - Started process (PID=169) to work on /opt/airflow/dags/embedding_sync_dag.py
[2026-04-14T09:40:16.863+0000] {processor.py:829} INFO - Processing file /opt/airflow/dags/embedding_sync_dag.py for tasks to queue
[2026-04-14T09:40:16.865+0000] {logging_mixin.py:151} INFO - [2026-04-14T09:40:16.864+0000] {dagbag.py:539} INFO - Filling up the DagBag from /opt/airflow/dags/embedding_sync_dag.py
[2026-04-14T09:40:16.919+0000] {processor.py:839} INFO - DAG(s) dict_keys(['embedding_sync_dag']) retrieved from /opt/airflow/dags/embedding_sync_dag.py
[2026-04-14T09:40:17.103+0000] {logging_mixin.py:151} INFO - [2026-04-14T09:40:17.102+0000] {dag.py:2915} INFO - Sync 1 DAGs
[2026-04-14T09:40:17.235+0000] {processor.py:179} INFO - Processing /opt/airflow/dags/embedding_sync_dag.py took 0.388 seconds
[2026-04-14T09:40:47.357+0000] {processor.py:157} INFO - Started process (PID=199) to work on /opt/airflow/dags/embedding_sync_dag.py
[2026-04-14T09:40:47.360+0000] {processor.py:829} INFO - Processing file /opt/airflow/dags/embedding_sync_dag.py for tasks to queue
[2026-04-14T09:40:47.362+0000] {logging_mixin.py:151} INFO - [2026-04-14T09:40:47.361+0000] {dagbag.py:539} INFO - Filling up the DagBag from /opt/airflow/dags/embedding_sync_dag.py
[2026-04-14T09:40:47.405+0000] {processor.py:839} INFO - DAG(s) dict_keys(['embedding_sync_dag']) retrieved from /opt/airflow/dags/embedding_sync_dag.py
[2026-04-14T09:40:47.456+0000] {logging_mixin.py:151} INFO - [2026-04-14T09:40:47.455+0000] {dag.py:2915} INFO - Sync 1 DAGs
[2026-04-14T09:40:47.571+0000] {processor.py:179} INFO - Processing /opt/airflow/dags/embedding_sync_dag.py took 0.222 seconds
[2026-04-14T09:41:18.389+0000] {processor.py:157} INFO - Started process (PID=219) to work on /opt/airflow/dags/embedding_sync_dag.py
[2026-04-14T09:41:18.392+0000] {processor.py:829} INFO - Processing file /opt/airflow/dags/embedding_sync_dag.py for tasks to queue
[2026-04-14T09:41:18.394+0000] {logging_mixin.py:151} INFO - [2026-04-14T09:41:18.393+0000] {dagbag.py:539} INFO - Filling up the DagBag from /opt/airflow/dags/embedding_sync_dag.py
[2026-04-14T09:41:18.437+0000] {processor.py:839} INFO - DAG(s) dict_keys(['embedding_sync_dag']) retrieved from /opt/airflow/dags/embedding_sync_dag.py
[2026-04-14T09:41:18.530+0000] {logging_mixin.py:151} INFO - [2026-04-14T09:41:18.530+0000] {dag.py:2915} INFO - Sync 1 DAGs
[2026-04-14T09:41:18.635+0000] {processor.py:179} INFO - Processing /opt/airflow/dags/embedding_sync_dag.py took 0.255 seconds
[2026-04-14T09:41:48.855+0000] {processor.py:157} INFO - Started process (PID=241) to work on /opt/airflow/dags/embedding_sync_dag.py
[2026-04-14T09:41:48.857+0000] {processor.py:829} INFO - Processing file /opt/airflow/dags/embedding_sync_dag.py for tasks to queue
[2026-04-14T09:41:48.860+0000] {logging_mixin.py:151} INFO - [2026-04-14T09:41:48.859+0000] {dagbag.py:539} INFO - Filling up the DagBag from /opt/airflow/dags/embedding_sync_dag.py
[2026-04-14T09:41:48.903+0000] {processor.py:839} INFO - DAG(s) dict_keys(['embedding_sync_dag']) retrieved from /opt/airflow/dags/embedding_sync_dag.py
[2026-04-14T09:41:49.002+0000] {logging_mixin.py:151} INFO - [2026-04-14T09:41:49.002+0000] {dag.py:2915} INFO - Sync 1 DAGs
[2026-04-14T09:41:49.111+0000] {processor.py:179} INFO - Processing /opt/airflow/dags/embedding_sync_dag.py took 0.266 seconds
[2026-04-14T09:42:19.191+0000] {processor.py:157} INFO - Started process (PID=259) to work on /opt/airflow/dags/embedding_sync_dag.py
[2026-04-14T09:42:19.194+0000] {processor.py:829} INFO - Processing file /opt/airflow/dags/embedding_sync_dag.py for tasks to queue
[2026-04-14T09:42:19.197+0000] {logging_mixin.py:151} INFO - [2026-04-14T09:42:19.196+0000] {dagbag.py:539} INFO - Filling up the DagBag from /opt/airflow/dags/embedding_sync_dag.py
[2026-04-14T09:42:19.247+0000] {processor.py:839} INFO - DAG(s) dict_keys(['embedding_sync_dag']) retrieved from /opt/airflow/dags/embedding_sync_dag.py
[2026-04-14T09:42:19.348+0000] {logging_mixin.py:151} INFO - [2026-04-14T09:42:19.348+0000] {dag.py:2915} INFO - Sync 1 DAGs
[2026-04-14T09:42:19.462+0000] {processor.py:179} INFO - Processing /opt/airflow/dags/embedding_sync_dag.py took 0.282 seconds
[2026-04-14T09:42:50.413+0000] {processor.py:157} INFO - Started process (PID=277) to work on /opt/airflow/dags/embedding_sync_dag.py
[2026-04-14T09:42:50.416+0000] {processor.py:829} INFO - Processing file /opt/airflow/dags/embedding_sync_dag.py for tasks to queue
[2026-04-14T09:42:50.418+0000] {logging_mixin.py:151} INFO - [2026-04-14T09:42:50.417+0000] {dagbag.py:539} INFO - Filling up the DagBag from /opt/airflow/dags/embedding_sync_dag.py
[2026-04-14T09:42:50.476+0000] {processor.py:839} INFO - DAG(s) dict_keys(['embedding_sync_dag']) retrieved from /opt/airflow/dags/embedding_sync_dag.py
[2026-04-14T09:42:50.572+0000] {logging_mixin.py:151} INFO - [2026-04-14T09:42:50.571+0000] {dag.py:2915} INFO - Sync 1 DAGs
[2026-04-14T09:42:50.679+0000] {processor.py:179} INFO - Processing /opt/airflow/dags/embedding_sync_dag.py took 0.275 seconds
[2026-04-14T09:43:21.637+0000] {processor.py:157} INFO - Started process (PID=295) to work on /opt/airflow/dags/embedding_sync_dag.py
[2026-04-14T09:43:21.640+0000] {processor.py:829} INFO - Processing file /opt/airflow/dags/embedding_sync_dag.py for tasks to queue
[2026-04-14T09:43:21.643+0000] {logging_mixin.py:151} INFO - [2026-04-14T09:43:21.642+0000] {dagbag.py:539} INFO - Filling up the DagBag from /opt/airflow/dags/embedding_sync_dag.py
[2026-04-14T09:43:21.692+0000] {processor.py:839} INFO - DAG(s) dict_keys(['embedding_sync_dag']) retrieved from /opt/airflow/dags/embedding_sync_dag.py
[2026-04-14T09:43:21.786+0000] {logging_mixin.py:151} INFO - [2026-04-14T09:43:21.786+0000] {dag.py:2915} INFO - Sync 1 DAGs
[2026-04-14T09:43:21.892+0000] {processor.py:179} INFO - Processing /opt/airflow/dags/embedding_sync_dag.py took 0.267 seconds
[2026-04-14T09:43:52.253+0000] {processor.py:157} INFO - Started process (PID=313) to work on /opt/airflow/dags/embedding_sync_dag.py
[2026-04-14T09:43:52.257+0000] {processor.py:829} INFO - Processing file /opt/airflow/dags/embedding_sync_dag.py for tasks to queue
[2026-04-14T09:43:52.259+0000] {logging_mixin.py:151} INFO - [2026-04-14T09:43:52.258+0000] {dagbag.py:539} INFO - Filling up the DagBag from /opt/airflow/dags/embedding_sync_dag.py
[2026-04-14T09:43:52.312+0000] {processor.py:839} INFO - DAG(s) dict_keys(['embedding_sync_dag']) retrieved from /opt/airflow/dags/embedding_sync_dag.py
[2026-04-14T09:43:52.474+0000] {logging_mixin.py:151} INFO - [2026-04-14T09:43:52.473+0000] {dag.py:2915} INFO - Sync 1 DAGs
[2026-04-14T09:43:52.619+0000] {processor.py:179} INFO - Processing /opt/airflow/dags/embedding_sync_dag.py took 0.389 seconds
[2026-04-14T09:44:23.045+0000] {processor.py:157} INFO - Started process (PID=331) to work on /opt/airflow/dags/embedding_sync_dag.py
[2026-04-14T09:44:23.049+0000] {processor.py:829} INFO - Processing file /opt/airflow/dags/embedding_sync_dag.py for tasks to queue
[2026-04-14T09:44:23.051+0000] {logging_mixin.py:151} INFO - [2026-04-14T09:44:23.050+0000] {dagbag.py:539} INFO - Filling up the DagBag from /opt/airflow/dags/embedding_sync_dag.py
[2026-04-14T09:44:23.100+0000] {processor.py:839} INFO - DAG(s) dict_keys(['embedding_sync_dag']) retrieved from /opt/airflow/dags/embedding_sync_dag.py
[2026-04-14T09:44:23.197+0000] {logging_mixin.py:151} INFO - [2026-04-14T09:44:23.196+0000] {dag.py:2915} INFO - Sync 1 DAGs
[2026-04-14T09:44:23.628+0000] {processor.py:179} INFO - Processing /opt/airflow/dags/embedding_sync_dag.py took 0.592 seconds
[2026-04-14T09:44:54.299+0000] {processor.py:157} INFO - Started process (PID=349) to work on /opt/airflow/dags/embedding_sync_dag.py
[2026-04-14T09:44:54.302+0000] {processor.py:829} INFO - Processing file /opt/airflow/dags/embedding_sync_dag.py for tasks to queue
[2026-04-14T09:44:54.304+0000] {logging_mixin.py:151} INFO - [2026-04-14T09:44:54.303+0000] {dagbag.py:539} INFO - Filling up the DagBag from /opt/airflow/dags/embedding_sync_dag.py
[2026-04-14T09:44:54.349+0000] {processor.py:839} INFO - DAG(s) dict_keys(['embedding_sync_dag']) retrieved from /opt/airflow/dags/embedding_sync_dag.py
[2026-04-14T09:44:54.801+0000] {logging_mixin.py:151} INFO - [2026-04-14T09:44:54.801+0000] {dag.py:2915} INFO - Sync 1 DAGs
[2026-04-14T09:44:54.911+0000] {processor.py:179} INFO - Processing /opt/airflow/dags/embedding_sync_dag.py took 0.622 seconds
[2026-04-14T09:45:25.621+0000] {processor.py:157} INFO - Started process (PID=367) to work on /opt/airflow/dags/embedding_sync_dag.py
[2026-04-14T09:45:25.624+0000] {processor.py:829} INFO - Processing file /opt/airflow/dags/embedding_sync_dag.py for tasks to queue
[2026-04-14T09:45:25.626+0000] {logging_mixin.py:151} INFO - [2026-04-14T09:45:25.625+0000] {dagbag.py:539} INFO - Filling up the DagBag from /opt/airflow/dags/embedding_sync_dag.py
[2026-04-14T09:45:25.677+0000] {processor.py:839} INFO - DAG(s) dict_keys(['embedding_sync_dag']) retrieved from /opt/airflow/dags/embedding_sync_dag.py
[2026-04-14T09:45:25.776+0000] {logging_mixin.py:151} INFO - [2026-04-14T09:45:25.775+0000] {dag.py:2915} INFO - Sync 1 DAGs
[2026-04-14T09:45:25.909+0000] {processor.py:179} INFO - Processing /opt/airflow/dags/embedding_sync_dag.py took 0.299 seconds
[2026-04-14T09:45:56.180+0000] {processor.py:157} INFO - Started process (PID=385) to work on /opt/airflow/dags/embedding_sync_dag.py
[2026-04-14T09:45:56.183+0000] {processor.py:829} INFO - Processing file /opt/airflow/dags/embedding_sync_dag.py for tasks to queue
[2026-04-14T09:45:56.185+0000] {logging_mixin.py:151} INFO - [2026-04-14T09:45:56.184+0000] {dagbag.py:539} INFO - Filling up the DagBag from /opt/airflow/dags/embedding_sync_dag.py
[2026-04-14T09:45:56.207+0000] {processor.py:839} INFO - DAG(s) dict_keys(['embedding_sync_dag']) retrieved from /opt/airflow/dags/embedding_sync_dag.py
[2026-04-14T09:45:56.239+0000] {logging_mixin.py:151} INFO - [2026-04-14T09:45:56.239+0000] {dag.py:2915} INFO - Sync 1 DAGs
[2026-04-14T09:45:56.275+0000] {processor.py:179} INFO - Processing /opt/airflow/dags/embedding_sync_dag.py took 0.105 seconds
[2026-04-14T09:46:26.692+0000] {processor.py:157} INFO - Started process (PID=403) to work on /opt/airflow/dags/embedding_sync_dag.py
[2026-04-14T09:46:26.695+0000] {processor.py:829} INFO - Processing file /opt/airflow/dags/embedding_sync_dag.py for tasks to queue
[2026-04-14T09:46:26.698+0000] {logging_mixin.py:151} INFO - [2026-04-14T09:46:26.697+0000] {dagbag.py:539} INFO - Filling up the DagBag from /opt/airflow/dags/embedding_sync_dag.py
[2026-04-14T09:46:26.732+0000] {processor.py:839} INFO - DAG(s) dict_keys(['embedding_sync_dag']) retrieved from /opt/airflow/dags/embedding_sync_dag.py
[2026-04-14T09:46:26.765+0000] {logging_mixin.py:151} INFO - [2026-04-14T09:46:26.764+0000] {dag.py:2915} INFO - Sync 1 DAGs
[2026-04-14T09:46:26.801+0000] {processor.py:179} INFO - Processing /opt/airflow/dags/embedding_sync_dag.py took 0.121 seconds
[2026-04-14T09:46:57.201+0000] {processor.py:157} INFO - Started process (PID=421) to work on /opt/airflow/dags/embedding_sync_dag.py
[2026-04-14T09:46:57.204+0000] {processor.py:829} INFO - Processing file /opt/airflow/dags/embedding_sync_dag.py for tasks to queue
[2026-04-14T09:46:57.206+0000] {logging_mixin.py:151} INFO - [2026-04-14T09:46:57.205+0000] {dagbag.py:539} INFO - Filling up the DagBag from /opt/airflow/dags/embedding_sync_dag.py
[2026-04-14T09:46:57.228+0000] {processor.py:839} INFO - DAG(s) dict_keys(['embedding_sync_dag']) retrieved from /opt/airflow/dags/embedding_sync_dag.py
[2026-04-14T09:46:57.259+0000] {logging_mixin.py:151} INFO - [2026-04-14T09:46:57.259+0000] {dag.py:2915} INFO - Sync 1 DAGs
[2026-04-14T09:46:57.296+0000] {processor.py:179} INFO - Processing /opt/airflow/dags/embedding_sync_dag.py took 0.106 seconds
[2026-04-14T09:47:27.707+0000] {processor.py:157} INFO - Started process (PID=439) to work on /opt/airflow/dags/embedding_sync_dag.py
[2026-04-14T09:47:27.709+0000] {processor.py:829} INFO - Processing file /opt/airflow/dags/embedding_sync_dag.py for tasks to queue
[2026-04-14T09:47:27.710+0000] {logging_mixin.py:151} INFO - [2026-04-14T09:47:27.709+0000] {dagbag.py:539} INFO - Filling up the DagBag from /opt/airflow/dags/embedding_sync_dag.py
[2026-04-14T09:47:27.725+0000] {processor.py:839} INFO - DAG(s) dict_keys(['embedding_sync_dag']) retrieved from /opt/airflow/dags/embedding_sync_dag.py
[2026-04-14T09:47:27.759+0000] {logging_mixin.py:151} INFO - [2026-04-14T09:47:27.759+0000] {dag.py:2915} INFO - Sync 1 DAGs
[2026-04-14T09:47:27.794+0000] {processor.py:179} INFO - Processing /opt/airflow/dags/embedding_sync_dag.py took 0.091 seconds
[2026-04-14T09:47:58.174+0000] {processor.py:157} INFO - Started process (PID=457) to work on /opt/airflow/dags/embedding_sync_dag.py
[2026-04-14T09:47:58.175+0000] {processor.py:829} INFO - Processing file /opt/airflow/dags/embedding_sync_dag.py for tasks to queue
[2026-04-14T09:47:58.176+0000] {logging_mixin.py:151} INFO - [2026-04-14T09:47:58.175+0000] {dagbag.py:539} INFO - Filling up the DagBag from /opt/airflow/dags/embedding_sync_dag.py
[2026-04-14T09:47:58.191+0000] {processor.py:839} INFO - DAG(s) dict_keys(['embedding_sync_dag']) retrieved from /opt/airflow/dags/embedding_sync_dag.py
[2026-04-14T09:47:58.224+0000] {logging_mixin.py:151} INFO - [2026-04-14T09:47:58.223+0000] {dag.py:2915} INFO - Sync 1 DAGs
[2026-04-14T09:47:58.260+0000] {processor.py:179} INFO - Processing /opt/airflow/dags/embedding_sync_dag.py took 0.089 seconds
[2026-04-14T09:48:28.332+0000] {processor.py:157} INFO - Started process (PID=475) to work on /opt/airflow/dags/embedding_sync_dag.py
[2026-04-14T09:48:28.333+0000] {processor.py:829} INFO - Processing file /opt/airflow/dags/embedding_sync_dag.py for tasks to queue
[2026-04-14T09:48:28.334+0000] {logging_mixin.py:151} INFO - [2026-04-14T09:48:28.334+0000] {dagbag.py:539} INFO - Filling up the DagBag from /opt/airflow/dags/embedding_sync_dag.py
[2026-04-14T09:48:28.350+0000] {processor.py:839} INFO - DAG(s) dict_keys(['embedding_sync_dag']) retrieved from /opt/airflow/dags/embedding_sync_dag.py
[2026-04-14T09:48:28.385+0000] {logging_mixin.py:151} INFO - [2026-04-14T09:48:28.385+0000] {dag.py:2915} INFO - Sync 1 DAGs
[2026-04-14T09:48:28.420+0000] {processor.py:179} INFO - Processing /opt/airflow/dags/embedding_sync_dag.py took 0.092 seconds
[2026-04-14T09:48:58.773+0000] {processor.py:157} INFO - Started process (PID=493) to work on /opt/airflow/dags/embedding_sync_dag.py
[2026-04-14T09:48:58.774+0000] {processor.py:829} INFO - Processing file /opt/airflow/dags/embedding_sync_dag.py for tasks to queue
[2026-04-14T09:48:58.775+0000] {logging_mixin.py:151} INFO - [2026-04-14T09:48:58.774+0000] {dagbag.py:539} INFO - Filling up the DagBag from /opt/airflow/dags/embedding_sync_dag.py
[2026-04-14T09:48:58.792+0000] {processor.py:839} INFO - DAG(s) dict_keys(['embedding_sync_dag']) retrieved from /opt/airflow/dags/embedding_sync_dag.py
[2026-04-14T09:48:58.826+0000] {logging_mixin.py:151} INFO - [2026-04-14T09:48:58.826+0000] {dag.py:2915} INFO - Sync 1 DAGs
[2026-04-14T09:48:58.861+0000] {processor.py:179} INFO - Processing /opt/airflow/dags/embedding_sync_dag.py took 0.092 seconds
[2026-04-14T09:49:29.273+0000] {processor.py:157} INFO - Started process (PID=511) to work on /opt/airflow/dags/embedding_sync_dag.py
[2026-04-14T09:49:29.275+0000] {processor.py:829} INFO - Processing file /opt/airflow/dags/embedding_sync_dag.py for tasks to queue
[2026-04-14T09:49:29.278+0000] {logging_mixin.py:151} INFO - [2026-04-14T09:49:29.277+0000] {dagbag.py:539} INFO - Filling up the DagBag from /opt/airflow/dags/embedding_sync_dag.py
[2026-04-14T09:49:29.311+0000] {processor.py:839} INFO - DAG(s) dict_keys(['embedding_sync_dag']) retrieved from /opt/airflow/dags/embedding_sync_dag.py
[2026-04-14T09:49:29.344+0000] {logging_mixin.py:151} INFO - [2026-04-14T09:49:29.344+0000] {dag.py:2915} INFO - Sync 1 DAGs
[2026-04-14T09:49:29.380+0000] {processor.py:179} INFO - Processing /opt/airflow/dags/embedding_sync_dag.py took 0.110 seconds
[2026-04-14T09:49:59.722+0000] {processor.py:157} INFO - Started process (PID=529) to work on /opt/airflow/dags/embedding_sync_dag.py
[2026-04-14T09:49:59.724+0000] {processor.py:829} INFO - Processing file /opt/airflow/dags/embedding_sync_dag.py for tasks to queue
[2026-04-14T09:49:59.725+0000] {logging_mixin.py:151} INFO - [2026-04-14T09:49:59.724+0000] {dagbag.py:539} INFO - Filling up the DagBag from /opt/airflow/dags/embedding_sync_dag.py
[2026-04-14T09:49:59.741+0000] {processor.py:839} INFO - DAG(s) dict_keys(['embedding_sync_dag']) retrieved from /opt/airflow/dags/embedding_sync_dag.py
[2026-04-14T09:49:59.774+0000] {logging_mixin.py:151} INFO - [2026-04-14T09:49:59.774+0000] {dag.py:2915} INFO - Sync 1 DAGs
[2026-04-14T09:49:59.810+0000] {processor.py:179} INFO - Processing /opt/airflow/dags/embedding_sync_dag.py took 0.091 seconds
[2026-04-14T09:50:30.144+0000] {processor.py:157} INFO - Started process (PID=547) to work on /opt/airflow/dags/embedding_sync_dag.py
[2026-04-14T09:50:30.145+0000] {processor.py:829} INFO - Processing file /opt/airflow/dags/embedding_sync_dag.py for tasks to queue
[2026-04-14T09:50:30.145+0000] {logging_mixin.py:151} INFO - [2026-04-14T09:50:30.145+0000] {dagbag.py:539} INFO - Filling up the DagBag from /opt/airflow/dags/embedding_sync_dag.py
[2026-04-14T09:50:30.161+0000] {processor.py:839} INFO - DAG(s) dict_keys(['embedding_sync_dag']) retrieved from /opt/airflow/dags/embedding_sync_dag.py
[2026-04-14T09:50:30.194+0000] {logging_mixin.py:151} INFO - [2026-04-14T09:50:30.194+0000] {dag.py:2915} INFO - Sync 1 DAGs
[2026-04-14T09:50:30.229+0000] {processor.py:179} INFO - Processing /opt/airflow/dags/embedding_sync_dag.py took 0.089 seconds
[2026-04-14T09:51:00.591+0000] {processor.py:157} INFO - Started process (PID=565) to work on /opt/airflow/dags/embedding_sync_dag.py
[2026-04-14T09:51:00.591+0000] {processor.py:829} INFO - Processing file /opt/airflow/dags/embedding_sync_dag.py for tasks to queue
[2026-04-14T09:51:00.592+0000] {logging_mixin.py:151} INFO - [2026-04-14T09:51:00.592+0000] {dagbag.py:539} INFO - Filling up the DagBag from /opt/airflow/dags/embedding_sync_dag.py
[2026-04-14T09:51:00.608+0000] {processor.py:839} INFO - DAG(s) dict_keys(['embedding_sync_dag']) retrieved from /opt/airflow/dags/embedding_sync_dag.py
[2026-04-14T09:51:00.642+0000] {logging_mixin.py:151} INFO - [2026-04-14T09:51:00.641+0000] {dag.py:2915} INFO - Sync 1 DAGs
[2026-04-14T09:51:00.677+0000] {processor.py:179} INFO - Processing /opt/airflow/dags/embedding_sync_dag.py took 0.090 seconds
[2026-04-14T09:51:31.067+0000] {processor.py:157} INFO - Started process (PID=583) to work on /opt/airflow/dags/embedding_sync_dag.py
[2026-04-14T09:51:31.068+0000] {processor.py:829} INFO - Processing file /opt/airflow/dags/embedding_sync_dag.py for tasks to queue
[2026-04-14T09:51:31.069+0000] {logging_mixin.py:151} INFO - [2026-04-14T09:51:31.068+0000] {dagbag.py:539} INFO - Filling up the DagBag from /opt/airflow/dags/embedding_sync_dag.py
[2026-04-14T09:51:31.084+0000] {processor.py:839} INFO - DAG(s) dict_keys(['embedding_sync_dag']) retrieved from /opt/airflow/dags/embedding_sync_dag.py
[2026-04-14T09:51:31.117+0000] {logging_mixin.py:151} INFO - [2026-04-14T09:51:31.117+0000] {dag.py:2915} INFO - Sync 1 DAGs
[2026-04-14T09:51:31.152+0000] {processor.py:179} INFO - Processing /opt/airflow/dags/embedding_sync_dag.py took 0.089 seconds
[2026-04-14T09:52:01.517+0000] {processor.py:157} INFO - Started process (PID=601) to work on /opt/airflow/dags/embedding_sync_dag.py
[2026-04-14T09:52:01.518+0000] {processor.py:829} INFO - Processing file /opt/airflow/dags/embedding_sync_dag.py for tasks to queue
[2026-04-14T09:52:01.519+0000] {logging_mixin.py:151} INFO - [2026-04-14T09:52:01.518+0000] {dagbag.py:539} INFO - Filling up the DagBag from /opt/airflow/dags/embedding_sync_dag.py
[2026-04-14T09:52:01.534+0000] {processor.py:839} INFO - DAG(s) dict_keys(['embedding_sync_dag']) retrieved from /opt/airflow/dags/embedding_sync_dag.py
[2026-04-14T09:52:01.567+0000] {logging_mixin.py:151} INFO - [2026-04-14T09:52:01.567+0000] {dag.py:2915} INFO - Sync 1 DAGs
[2026-04-14T09:52:01.604+0000] {processor.py:179} INFO - Processing /opt/airflow/dags/embedding_sync_dag.py took 0.090 seconds
[2026-04-14T09:52:31.969+0000] {processor.py:157} INFO - Started process (PID=619) to work on /opt/airflow/dags/embedding_sync_dag.py
[2026-04-14T09:52:31.971+0000] {processor.py:829} INFO - Processing file /opt/airflow/dags/embedding_sync_dag.py for tasks to queue
[2026-04-14T09:52:31.971+0000] {logging_mixin.py:151} INFO - [2026-04-14T09:52:31.971+0000] {dagbag.py:539} INFO - Filling up the DagBag from /opt/airflow/dags/embedding_sync_dag.py
[2026-04-14T09:52:31.989+0000] {processor.py:839} INFO - DAG(s) dict_keys(['embedding_sync_dag']) retrieved from /opt/airflow/dags/embedding_sync_dag.py
[2026-04-14T09:52:32.023+0000] {logging_mixin.py:151} INFO - [2026-04-14T09:52:32.023+0000] {dag.py:2915} INFO - Sync 1 DAGs
[2026-04-14T09:52:32.059+0000] {processor.py:179} INFO - Processing /opt/airflow/dags/embedding_sync_dag.py took 0.094 seconds
[2026-04-14T09:53:02.395+0000] {processor.py:157} INFO - Started process (PID=637) to work on /opt/airflow/dags/embedding_sync_dag.py
[2026-04-14T09:53:02.396+0000] {processor.py:829} INFO - Processing file /opt/airflow/dags/embedding_sync_dag.py for tasks to queue
[2026-04-14T09:53:02.397+0000] {logging_mixin.py:151} INFO - [2026-04-14T09:53:02.396+0000] {dagbag.py:539} INFO - Filling up the DagBag from /opt/airflow/dags/embedding_sync_dag.py
[2026-04-14T09:53:02.412+0000] {processor.py:839} INFO - DAG(s) dict_keys(['embedding_sync_dag']) retrieved from /opt/airflow/dags/embedding_sync_dag.py
[2026-04-14T09:53:02.446+0000] {logging_mixin.py:151} INFO - [2026-04-14T09:53:02.446+0000] {dag.py:2915} INFO - Sync 1 DAGs
[2026-04-14T09:53:02.482+0000] {processor.py:179} INFO - Processing /opt/airflow/dags/embedding_sync_dag.py took 0.090 seconds
[2026-04-14T09:53:32.879+0000] {processor.py:157} INFO - Started process (PID=655) to work on /opt/airflow/dags/embedding_sync_dag.py
[2026-04-14T09:53:32.882+0000] {processor.py:829} INFO - Processing file /opt/airflow/dags/embedding_sync_dag.py for tasks to queue
[2026-04-14T09:53:32.885+0000] {logging_mixin.py:151} INFO - [2026-04-14T09:53:32.884+0000] {dagbag.py:539} INFO - Filling up the DagBag from /opt/airflow/dags/embedding_sync_dag.py
[2026-04-14T09:53:32.907+0000] {processor.py:839} INFO - DAG(s) dict_keys(['embedding_sync_dag']) retrieved from /opt/airflow/dags/embedding_sync_dag.py
[2026-04-14T09:53:32.940+0000] {logging_mixin.py:151} INFO - [2026-04-14T09:53:32.940+0000] {dag.py:2915} INFO - Sync 1 DAGs
[2026-04-14T09:53:32.975+0000] {processor.py:179} INFO - Processing /opt/airflow/dags/embedding_sync_dag.py took 0.108 seconds
[2026-04-14T09:54:03.289+0000] {processor.py:157} INFO - Started process (PID=673) to work on /opt/airflow/dags/embedding_sync_dag.py
[2026-04-14T09:54:03.290+0000] {processor.py:829} INFO - Processing file /opt/airflow/dags/embedding_sync_dag.py for tasks to queue
[2026-04-14T09:54:03.290+0000] {logging_mixin.py:151} INFO - [2026-04-14T09:54:03.290+0000] {dagbag.py:539} INFO - Filling up the DagBag from /opt/airflow/dags/embedding_sync_dag.py
[2026-04-14T09:54:03.308+0000] {processor.py:839} INFO - DAG(s) dict_keys(['embedding_sync_dag']) retrieved from /opt/airflow/dags/embedding_sync_dag.py
[2026-04-14T09:54:03.351+0000] {logging_mixin.py:151} INFO - [2026-04-14T09:54:03.350+0000] {dag.py:2915} INFO - Sync 1 DAGs
[2026-04-14T09:54:03.394+0000] {processor.py:179} INFO - Processing /opt/airflow/dags/embedding_sync_dag.py took 0.109 seconds
[2026-04-14T09:54:33.765+0000] {processor.py:157} INFO - Started process (PID=691) to work on /opt/airflow/dags/embedding_sync_dag.py
[2026-04-14T09:54:33.767+0000] {processor.py:829} INFO - Processing file /opt/airflow/dags/embedding_sync_dag.py for tasks to queue
[2026-04-14T09:54:33.768+0000] {logging_mixin.py:151} INFO - [2026-04-14T09:54:33.767+0000] {dagbag.py:539} INFO - Filling up the DagBag from /opt/airflow/dags/embedding_sync_dag.py
[2026-04-14T09:54:33.786+0000] {processor.py:839} INFO - DAG(s) dict_keys(['embedding_sync_dag']) retrieved from /opt/airflow/dags/embedding_sync_dag.py
[2026-04-14T09:54:33.818+0000] {logging_mixin.py:151} INFO - [2026-04-14T09:54:33.818+0000] {dag.py:2915} INFO - Sync 1 DAGs
[2026-04-14T09:54:33.854+0000] {processor.py:179} INFO - Processing /opt/airflow/dags/embedding_sync_dag.py took 0.097 seconds
[2026-04-14T09:55:04.211+0000] {processor.py:157} INFO - Started process (PID=709) to work on /opt/airflow/dags/embedding_sync_dag.py
[2026-04-14T09:55:04.212+0000] {processor.py:829} INFO - Processing file /opt/airflow/dags/embedding_sync_dag.py for tasks to queue
[2026-04-14T09:55:04.214+0000] {logging_mixin.py:151} INFO - [2026-04-14T09:55:04.213+0000] {dagbag.py:539} INFO - Filling up the DagBag from /opt/airflow/dags/embedding_sync_dag.py
[2026-04-14T09:55:04.233+0000] {processor.py:839} INFO - DAG(s) dict_keys(['embedding_sync_dag']) retrieved from /opt/airflow/dags/embedding_sync_dag.py
[2026-04-14T09:55:04.269+0000] {logging_mixin.py:151} INFO - [2026-04-14T09:55:04.269+0000] {dag.py:2915} INFO - Sync 1 DAGs
[2026-04-14T09:55:04.327+0000] {processor.py:179} INFO - Processing /opt/airflow/dags/embedding_sync_dag.py took 0.123 seconds
[2026-04-14T09:55:34.662+0000] {processor.py:157} INFO - Started process (PID=727) to work on /opt/airflow/dags/embedding_sync_dag.py
[2026-04-14T09:55:34.664+0000] {processor.py:829} INFO - Processing file /opt/airflow/dags/embedding_sync_dag.py for tasks to queue
[2026-04-14T09:55:34.666+0000] {logging_mixin.py:151} INFO - [2026-04-14T09:55:34.665+0000] {dagbag.py:539} INFO - Filling up the DagBag from /opt/airflow/dags/embedding_sync_dag.py
[2026-04-14T09:55:34.699+0000] {processor.py:839} INFO - DAG(s) dict_keys(['embedding_sync_dag']) retrieved from /opt/airflow/dags/embedding_sync_dag.py
[2026-04-14T09:55:34.732+0000] {logging_mixin.py:151} INFO - [2026-04-14T09:55:34.732+0000] {dag.py:2915} INFO - Sync 1 DAGs
[2026-04-14T09:55:34.767+0000] {processor.py:179} INFO - Processing /opt/airflow/dags/embedding_sync_dag.py took 0.109 seconds
[2026-04-14T09:56:05.097+0000] {processor.py:157} INFO - Started process (PID=745) to work on /opt/airflow/dags/embedding_sync_dag.py
[2026-04-14T09:56:05.098+0000] {processor.py:829} INFO - Processing file /opt/airflow/dags/embedding_sync_dag.py for tasks to queue
[2026-04-14T09:56:05.099+0000] {logging_mixin.py:151} INFO - [2026-04-14T09:56:05.099+0000] {dagbag.py:539} INFO - Filling up the DagBag from /opt/airflow/dags/embedding_sync_dag.py
[2026-04-14T09:56:05.119+0000] {processor.py:839} INFO - DAG(s) dict_keys(['embedding_sync_dag']) retrieved from /opt/airflow/dags/embedding_sync_dag.py
[2026-04-14T09:56:05.150+0000] {logging_mixin.py:151} INFO - [2026-04-14T09:56:05.150+0000] {dag.py:2915} INFO - Sync 1 DAGs
[2026-04-14T09:56:05.184+0000] {processor.py:179} INFO - Processing /opt/airflow/dags/embedding_sync_dag.py took 0.092 seconds
[2026-04-14T09:56:35.602+0000] {processor.py:157} INFO - Started process (PID=763) to work on /opt/airflow/dags/embedding_sync_dag.py
[2026-04-14T09:56:35.606+0000] {processor.py:829} INFO - Processing file /opt/airflow/dags/embedding_sync_dag.py for tasks to queue
[2026-04-14T09:56:35.608+0000] {logging_mixin.py:151} INFO - [2026-04-14T09:56:35.607+0000] {dagbag.py:539} INFO - Filling up the DagBag from /opt/airflow/dags/embedding_sync_dag.py
[2026-04-14T09:56:35.632+0000] {processor.py:839} INFO - DAG(s) dict_keys(['embedding_sync_dag']) retrieved from /opt/airflow/dags/embedding_sync_dag.py
[2026-04-14T09:56:35.664+0000] {logging_mixin.py:151} INFO - [2026-04-14T09:56:35.664+0000] {dag.py:2915} INFO - Sync 1 DAGs
[2026-04-14T09:56:35.700+0000] {processor.py:179} INFO - Processing /opt/airflow/dags/embedding_sync_dag.py took 0.110 seconds
[2026-04-14T09:57:06.013+0000] {processor.py:157} INFO - Started process (PID=781) to work on /opt/airflow/dags/embedding_sync_dag.py
[2026-04-14T09:57:06.015+0000] {processor.py:829} INFO - Processing file /opt/airflow/dags/embedding_sync_dag.py for tasks to queue
[2026-04-14T09:57:06.018+0000] {logging_mixin.py:151} INFO - [2026-04-14T09:57:06.017+0000] {dagbag.py:539} INFO - Filling up the DagBag from /opt/airflow/dags/embedding_sync_dag.py
[2026-04-14T09:57:06.040+0000] {processor.py:839} INFO - DAG(s) dict_keys(['embedding_sync_dag']) retrieved from /opt/airflow/dags/embedding_sync_dag.py
[2026-04-14T09:57:06.075+0000] {logging_mixin.py:151} INFO - [2026-04-14T09:57:06.075+0000] {dag.py:2915} INFO - Sync 1 DAGs
[2026-04-14T09:57:06.110+0000] {processor.py:179} INFO - Processing /opt/airflow/dags/embedding_sync_dag.py took 0.109 seconds
[2026-04-14T09:57:36.511+0000] {processor.py:157} INFO - Started process (PID=799) to work on /opt/airflow/dags/embedding_sync_dag.py
[2026-04-14T09:57:36.514+0000] {processor.py:829} INFO - Processing file /opt/airflow/dags/embedding_sync_dag.py for tasks to queue
[2026-04-14T09:57:36.517+0000] {logging_mixin.py:151} INFO - [2026-04-14T09:57:36.516+0000] {dagbag.py:539} INFO - Filling up the DagBag from /opt/airflow/dags/embedding_sync_dag.py
[2026-04-14T09:57:36.540+0000] {processor.py:839} INFO - DAG(s) dict_keys(['embedding_sync_dag']) retrieved from /opt/airflow/dags/embedding_sync_dag.py
[2026-04-14T09:57:36.572+0000] {logging_mixin.py:151} INFO - [2026-04-14T09:57:36.572+0000] {dag.py:2915} INFO - Sync 1 DAGs
[2026-04-14T09:57:36.609+0000] {processor.py:179} INFO - Processing /opt/airflow/dags/embedding_sync_dag.py took 0.109 seconds
[2026-04-14T09:58:06.962+0000] {processor.py:157} INFO - Started process (PID=817) to work on /opt/airflow/dags/embedding_sync_dag.py
[2026-04-14T09:58:06.962+0000] {processor.py:829} INFO - Processing file /opt/airflow/dags/embedding_sync_dag.py for tasks to queue
[2026-04-14T09:58:06.963+0000] {logging_mixin.py:151} INFO - [2026-04-14T09:58:06.963+0000] {dagbag.py:539} INFO - Filling up the DagBag from /opt/airflow/dags/embedding_sync_dag.py
[2026-04-14T09:58:06.979+0000] {processor.py:839} INFO - DAG(s) dict_keys(['embedding_sync_dag']) retrieved from /opt/airflow/dags/embedding_sync_dag.py
[2026-04-14T09:58:07.013+0000] {logging_mixin.py:151} INFO - [2026-04-14T09:58:07.013+0000] {dag.py:2915} INFO - Sync 1 DAGs
[2026-04-14T09:58:07.049+0000] {processor.py:179} INFO - Processing /opt/airflow/dags/embedding_sync_dag.py took 0.091 seconds
[2026-04-14T09:58:37.423+0000] {processor.py:157} INFO - Started process (PID=835) to work on /opt/airflow/dags/embedding_sync_dag.py
[2026-04-14T09:58:37.424+0000] {processor.py:829} INFO - Processing file /opt/airflow/dags/embedding_sync_dag.py for tasks to queue
[2026-04-14T09:58:37.425+0000] {logging_mixin.py:151} INFO - [2026-04-14T09:58:37.425+0000] {dagbag.py:539} INFO - Filling up the DagBag from /opt/airflow/dags/embedding_sync_dag.py
[2026-04-14T09:58:37.441+0000] {processor.py:839} INFO - DAG(s) dict_keys(['embedding_sync_dag']) retrieved from /opt/airflow/dags/embedding_sync_dag.py
[2026-04-14T09:58:37.473+0000] {logging_mixin.py:151} INFO - [2026-04-14T09:58:37.473+0000] {dag.py:2915} INFO - Sync 1 DAGs
[2026-04-14T09:58:37.508+0000] {processor.py:179} INFO - Processing /opt/airflow/dags/embedding_sync_dag.py took 0.089 seconds
[2026-04-14T09:59:07.878+0000] {processor.py:157} INFO - Started process (PID=853) to work on /opt/airflow/dags/embedding_sync_dag.py
[2026-04-14T09:59:07.879+0000] {processor.py:829} INFO - Processing file /opt/airflow/dags/embedding_sync_dag.py for tasks to queue
[2026-04-14T09:59:07.879+0000] {logging_mixin.py:151} INFO - [2026-04-14T09:59:07.879+0000] {dagbag.py:539} INFO - Filling up the DagBag from /opt/airflow/dags/embedding_sync_dag.py
[2026-04-14T09:59:07.895+0000] {processor.py:839} INFO - DAG(s) dict_keys(['embedding_sync_dag']) retrieved from /opt/airflow/dags/embedding_sync_dag.py
[2026-04-14T09:59:07.929+0000] {logging_mixin.py:151} INFO - [2026-04-14T09:59:07.929+0000] {dag.py:2915} INFO - Sync 1 DAGs
[2026-04-14T09:59:07.965+0000] {processor.py:179} INFO - Processing /opt/airflow/dags/embedding_sync_dag.py took 0.091 seconds
[2026-04-14T09:59:38.355+0000] {processor.py:157} INFO - Started process (PID=871) to work on /opt/airflow/dags/embedding_sync_dag.py
[2026-04-14T09:59:38.357+0000] {processor.py:829} INFO - Processing file /opt/airflow/dags/embedding_sync_dag.py for tasks to queue
[2026-04-14T09:59:38.357+0000] {logging_mixin.py:151} INFO - [2026-04-14T09:59:38.357+0000] {dagbag.py:539} INFO - Filling up the DagBag from /opt/airflow/dags/embedding_sync_dag.py
[2026-04-14T09:59:38.373+0000] {processor.py:839} INFO - DAG(s) dict_keys(['embedding_sync_dag']) retrieved from /opt/airflow/dags/embedding_sync_dag.py
[2026-04-14T09:59:38.407+0000] {logging_mixin.py:151} INFO - [2026-04-14T09:59:38.407+0000] {dag.py:2915} INFO - Sync 1 DAGs
[2026-04-14T09:59:38.443+0000] {processor.py:179} INFO - Processing /opt/airflow/dags/embedding_sync_dag.py took 0.092 seconds
[2026-04-14T10:00:08.660+0000] {processor.py:157} INFO - Started process (PID=886) to work on /opt/airflow/dags/embedding_sync_dag.py
[2026-04-14T10:00:08.661+0000] {processor.py:829} INFO - Processing file /opt/airflow/dags/embedding_sync_dag.py for tasks to queue
[2026-04-14T10:00:08.662+0000] {logging_mixin.py:151} INFO - [2026-04-14T10:00:08.661+0000] {dagbag.py:539} INFO - Filling up the DagBag from /opt/airflow/dags/embedding_sync_dag.py
[2026-04-14T10:00:08.677+0000] {processor.py:839} INFO - DAG(s) dict_keys(['embedding_sync_dag']) retrieved from /opt/airflow/dags/embedding_sync_dag.py
[2026-04-14T10:00:08.710+0000] {logging_mixin.py:151} INFO - [2026-04-14T10:00:08.710+0000] {dag.py:2915} INFO - Sync 1 DAGs
[2026-04-14T10:00:08.746+0000] {processor.py:179} INFO - Processing /opt/airflow/dags/embedding_sync_dag.py took 0.090 seconds
[2026-04-14T10:00:38.980+0000] {processor.py:157} INFO - Started process (PID=901) to work on /opt/airflow/dags/embedding_sync_dag.py
[2026-04-14T10:00:38.981+0000] {processor.py:829} INFO - Processing file /opt/airflow/dags/embedding_sync_dag.py for tasks to queue
[2026-04-14T10:00:38.982+0000] {logging_mixin.py:151} INFO - [2026-04-14T10:00:38.982+0000] {dagbag.py:539} INFO - Filling up the DagBag from /opt/airflow/dags/embedding_sync_dag.py
[2026-04-14T10:00:38.997+0000] {processor.py:839} INFO - DAG(s) dict_keys(['embedding_sync_dag']) retrieved from /opt/airflow/dags/embedding_sync_dag.py
[2026-04-14T10:00:39.030+0000] {logging_mixin.py:151} INFO - [2026-04-14T10:00:39.030+0000] {dag.py:2915} INFO - Sync 1 DAGs
[2026-04-14T10:00:39.066+0000] {processor.py:179} INFO - Processing /opt/airflow/dags/embedding_sync_dag.py took 0.090 seconds
[2026-04-14T10:01:09.303+0000] {processor.py:157} INFO - Started process (PID=919) to work on /opt/airflow/dags/embedding_sync_dag.py
[2026-04-14T10:01:09.306+0000] {processor.py:829} INFO - Processing file /opt/airflow/dags/embedding_sync_dag.py for tasks to queue
[2026-04-14T10:01:09.308+0000] {logging_mixin.py:151} INFO - [2026-04-14T10:01:09.307+0000] {dagbag.py:539} INFO - Filling up the DagBag from /opt/airflow/dags/embedding_sync_dag.py
[2026-04-14T10:01:09.341+0000] {processor.py:839} INFO - DAG(s) dict_keys(['embedding_sync_dag']) retrieved from /opt/airflow/dags/embedding_sync_dag.py
[2026-04-14T10:01:09.373+0000] {logging_mixin.py:151} INFO - [2026-04-14T10:01:09.373+0000] {dag.py:2915} INFO - Sync 1 DAGs
[2026-04-14T10:01:09.408+0000] {processor.py:179} INFO - Processing /opt/airflow/dags/embedding_sync_dag.py took 0.109 seconds
[2026-04-14T10:01:39.653+0000] {processor.py:157} INFO - Started process (PID=937) to work on /opt/airflow/dags/embedding_sync_dag.py
[2026-04-14T10:01:39.655+0000] {processor.py:829} INFO - Processing file /opt/airflow/dags/embedding_sync_dag.py for tasks to queue
[2026-04-14T10:01:39.658+0000] {logging_mixin.py:151} INFO - [2026-04-14T10:01:39.657+0000] {dagbag.py:539} INFO - Filling up the DagBag from /opt/airflow/dags/embedding_sync_dag.py
[2026-04-14T10:01:39.680+0000] {processor.py:839} INFO - DAG(s) dict_keys(['embedding_sync_dag']) retrieved from /opt/airflow/dags/embedding_sync_dag.py
[2026-04-14T10:01:39.713+0000] {logging_mixin.py:151} INFO - [2026-04-14T10:01:39.713+0000] {dag.py:2915} INFO - Sync 1 DAGs
[2026-04-14T10:01:39.752+0000] {processor.py:179} INFO - Processing /opt/airflow/dags/embedding_sync_dag.py took 0.112 seconds
[2026-04-14T10:02:09.991+0000] {processor.py:157} INFO - Started process (PID=955) to work on /opt/airflow/dags/embedding_sync_dag.py
[2026-04-14T10:02:09.994+0000] {processor.py:829} INFO - Processing file /opt/airflow/dags/embedding_sync_dag.py for tasks to queue
[2026-04-14T10:02:09.995+0000] {logging_mixin.py:151} INFO - [2026-04-14T10:02:09.995+0000] {dagbag.py:539} INFO - Filling up the DagBag from /opt/airflow/dags/embedding_sync_dag.py
[2026-04-14T10:02:10.014+0000] {processor.py:839} INFO - DAG(s) dict_keys(['embedding_sync_dag']) retrieved from /opt/airflow/dags/embedding_sync_dag.py
[2026-04-14T10:02:10.050+0000] {logging_mixin.py:151} INFO - [2026-04-14T10:02:10.049+0000] {dag.py:2915} INFO - Sync 1 DAGs
[2026-04-14T10:02:10.091+0000] {processor.py:179} INFO - Processing /opt/airflow/dags/embedding_sync_dag.py took 0.111 seconds
[2026-04-14T10:02:40.348+0000] {processor.py:157} INFO - Started process (PID=973) to work on /opt/airflow/dags/embedding_sync_dag.py
[2026-04-14T10:02:40.349+0000] {processor.py:829} INFO - Processing file /opt/airflow/dags/embedding_sync_dag.py for tasks to queue
[2026-04-14T10:02:40.351+0000] {logging_mixin.py:151} INFO - [2026-04-14T10:02:40.350+0000] {dagbag.py:539} INFO - Filling up the DagBag from /opt/airflow/dags/embedding_sync_dag.py
[2026-04-14T10:02:40.372+0000] {processor.py:839} INFO - DAG(s) dict_keys(['embedding_sync_dag']) retrieved from /opt/airflow/dags/embedding_sync_dag.py
[2026-04-14T10:02:40.406+0000] {logging_mixin.py:151} INFO - [2026-04-14T10:02:40.406+0000] {dag.py:2915} INFO - Sync 1 DAGs
[2026-04-14T10:02:40.445+0000] {processor.py:179} INFO - Processing /opt/airflow/dags/embedding_sync_dag.py took 0.105 seconds
[2026-04-14T10:25:57.528+0000] {processor.py:157} INFO - Started process (PID=994) to work on /opt/airflow/dags/embedding_sync_dag.py
[2026-04-14T10:25:57.530+0000] {processor.py:829} INFO - Processing file /opt/airflow/dags/embedding_sync_dag.py for tasks to queue
[2026-04-14T10:25:57.530+0000] {logging_mixin.py:151} INFO - [2026-04-14T10:25:57.530+0000] {dagbag.py:539} INFO - Filling up the DagBag from /opt/airflow/dags/embedding_sync_dag.py
[2026-04-14T10:25:57.547+0000] {processor.py:839} INFO - DAG(s) dict_keys(['embedding_sync_dag']) retrieved from /opt/airflow/dags/embedding_sync_dag.py
[2026-04-14T10:25:57.599+0000] {logging_mixin.py:151} INFO - [2026-04-14T10:25:57.599+0000] {dag.py:2915} INFO - Sync 1 DAGs
[2026-04-14T10:25:57.679+0000] {processor.py:179} INFO - Processing /opt/airflow/dags/embedding_sync_dag.py took 0.155 seconds
[2026-04-14T10:26:28.284+0000] {processor.py:157} INFO - Started process (PID=1018) to work on /opt/airflow/dags/embedding_sync_dag.py
[2026-04-14T10:26:28.285+0000] {processor.py:829} INFO - Processing file /opt/airflow/dags/embedding_sync_dag.py for tasks to queue
[2026-04-14T10:26:28.286+0000] {logging_mixin.py:151} INFO - [2026-04-14T10:26:28.286+0000] {dagbag.py:539} INFO - Filling up the DagBag from /opt/airflow/dags/embedding_sync_dag.py
[2026-04-14T10:26:28.301+0000] {processor.py:839} INFO - DAG(s) dict_keys(['embedding_sync_dag']) retrieved from /opt/airflow/dags/embedding_sync_dag.py
[2026-04-14T10:26:28.335+0000] {logging_mixin.py:151} INFO - [2026-04-14T10:26:28.335+0000] {dag.py:2915} INFO - Sync 1 DAGs
[2026-04-14T10:26:28.374+0000] {processor.py:179} INFO - Processing /opt/airflow/dags/embedding_sync_dag.py took 0.094 seconds
[2026-04-14T10:26:59.035+0000] {processor.py:157} INFO - Started process (PID=1036) to work on /opt/airflow/dags/embedding_sync_dag.py
[2026-04-14T10:26:59.036+0000] {processor.py:829} INFO - Processing file /opt/airflow/dags/embedding_sync_dag.py for tasks to queue
[2026-04-14T10:26:59.037+0000] {logging_mixin.py:151} INFO - [2026-04-14T10:26:59.036+0000] {dagbag.py:539} INFO - Filling up the DagBag from /opt/airflow/dags/embedding_sync_dag.py
[2026-04-14T10:26:59.053+0000] {processor.py:839} INFO - DAG(s) dict_keys(['embedding_sync_dag']) retrieved from /opt/airflow/dags/embedding_sync_dag.py
[2026-04-14T10:26:59.087+0000] {logging_mixin.py:151} INFO - [2026-04-14T10:26:59.087+0000] {dag.py:2915} INFO - Sync 1 DAGs
[2026-04-14T10:26:59.122+0000] {processor.py:179} INFO - Processing /opt/airflow/dags/embedding_sync_dag.py took 0.091 seconds
[2026-04-14T10:27:29.778+0000] {processor.py:157} INFO - Started process (PID=1054) to work on /opt/airflow/dags/embedding_sync_dag.py
[2026-04-14T10:27:29.779+0000] {processor.py:829} INFO - Processing file /opt/airflow/dags/embedding_sync_dag.py for tasks to queue
[2026-04-14T10:27:29.780+0000] {logging_mixin.py:151} INFO - [2026-04-14T10:27:29.780+0000] {dagbag.py:539} INFO - Filling up the DagBag from /opt/airflow/dags/embedding_sync_dag.py
[2026-04-14T10:27:29.796+0000] {processor.py:839} INFO - DAG(s) dict_keys(['embedding_sync_dag']) retrieved from /opt/airflow/dags/embedding_sync_dag.py
[2026-04-14T10:27:29.831+0000] {logging_mixin.py:151} INFO - [2026-04-14T10:27:29.830+0000] {dag.py:2915} INFO - Sync 1 DAGs
[2026-04-14T10:27:29.868+0000] {processor.py:179} INFO - Processing /opt/airflow/dags/embedding_sync_dag.py took 0.093 seconds
[2026-04-14T10:28:00.372+0000] {processor.py:157} INFO - Started process (PID=1069) to work on /opt/airflow/dags/embedding_sync_dag.py
[2026-04-14T10:28:00.374+0000] {processor.py:829} INFO - Processing file /opt/airflow/dags/embedding_sync_dag.py for tasks to queue
[2026-04-14T10:28:00.375+0000] {logging_mixin.py:151} INFO - [2026-04-14T10:28:00.374+0000] {dagbag.py:539} INFO - Filling up the DagBag from /opt/airflow/dags/embedding_sync_dag.py
[2026-04-14T10:28:00.392+0000] {processor.py:839} INFO - DAG(s) dict_keys(['embedding_sync_dag']) retrieved from /opt/airflow/dags/embedding_sync_dag.py
[2026-04-14T10:28:00.427+0000] {logging_mixin.py:151} INFO - [2026-04-14T10:28:00.427+0000] {dag.py:2915} INFO - Sync 1 DAGs
[2026-04-14T10:28:00.465+0000] {processor.py:179} INFO - Processing /opt/airflow/dags/embedding_sync_dag.py took 0.099 seconds
[2026-04-14T10:28:30.825+0000] {processor.py:157} INFO - Started process (PID=1087) to work on /opt/airflow/dags/embedding_sync_dag.py
[2026-04-14T10:28:30.827+0000] {processor.py:829} INFO - Processing file /opt/airflow/dags/embedding_sync_dag.py for tasks to queue
[2026-04-14T10:28:30.827+0000] {logging_mixin.py:151} INFO - [2026-04-14T10:28:30.827+0000] {dagbag.py:539} INFO - Filling up the DagBag from /opt/airflow/dags/embedding_sync_dag.py
[2026-04-14T10:28:30.843+0000] {processor.py:839} INFO - DAG(s) dict_keys(['embedding_sync_dag']) retrieved from /opt/airflow/dags/embedding_sync_dag.py
[2026-04-14T10:28:30.876+0000] {logging_mixin.py:151} INFO - [2026-04-14T10:28:30.876+0000] {dag.py:2915} INFO - Sync 1 DAGs
[2026-04-14T10:28:30.912+0000] {processor.py:179} INFO - Processing /opt/airflow/dags/embedding_sync_dag.py took 0.091 seconds
[2026-04-14T10:29:01.287+0000] {processor.py:157} INFO - Started process (PID=1105) to work on /opt/airflow/dags/embedding_sync_dag.py
[2026-04-14T10:29:01.288+0000] {processor.py:829} INFO - Processing file /opt/airflow/dags/embedding_sync_dag.py for tasks to queue
[2026-04-14T10:29:01.289+0000] {logging_mixin.py:151} INFO - [2026-04-14T10:29:01.289+0000] {dagbag.py:539} INFO - Filling up the DagBag from /opt/airflow/dags/embedding_sync_dag.py
[2026-04-14T10:29:01.305+0000] {processor.py:839} INFO - DAG(s) dict_keys(['embedding_sync_dag']) retrieved from /opt/airflow/dags/embedding_sync_dag.py
[2026-04-14T10:29:01.339+0000] {logging_mixin.py:151} INFO - [2026-04-14T10:29:01.339+0000] {dag.py:2915} INFO - Sync 1 DAGs
[2026-04-14T10:29:01.377+0000] {processor.py:179} INFO - Processing /opt/airflow/dags/embedding_sync_dag.py took 0.094 seconds
[2026-04-14T10:29:31.741+0000] {processor.py:157} INFO - Started process (PID=1123) to work on /opt/airflow/dags/embedding_sync_dag.py
[2026-04-14T10:29:31.743+0000] {processor.py:829} INFO - Processing file /opt/airflow/dags/embedding_sync_dag.py for tasks to queue
[2026-04-14T10:29:31.744+0000] {logging_mixin.py:151} INFO - [2026-04-14T10:29:31.743+0000] {dagbag.py:539} INFO - Filling up the DagBag from /opt/airflow/dags/embedding_sync_dag.py
[2026-04-14T10:29:31.760+0000] {processor.py:839} INFO - DAG(s) dict_keys(['embedding_sync_dag']) retrieved from /opt/airflow/dags/embedding_sync_dag.py
[2026-04-14T10:29:31.793+0000] {logging_mixin.py:151} INFO - [2026-04-14T10:29:31.793+0000] {dag.py:2915} INFO - Sync 1 DAGs
[2026-04-14T10:29:31.830+0000] {processor.py:179} INFO - Processing /opt/airflow/dags/embedding_sync_dag.py took 0.092 seconds
[2026-04-14T10:30:02.213+0000] {processor.py:157} INFO - Started process (PID=1141) to work on /opt/airflow/dags/embedding_sync_dag.py
[2026-04-14T10:30:02.214+0000] {processor.py:829} INFO - Processing file /opt/airflow/dags/embedding_sync_dag.py for tasks to queue
[2026-04-14T10:30:02.215+0000] {logging_mixin.py:151} INFO - [2026-04-14T10:30:02.215+0000] {dagbag.py:539} INFO - Filling up the DagBag from /opt/airflow/dags/embedding_sync_dag.py
[2026-04-14T10:30:02.232+0000] {processor.py:839} INFO - DAG(s) dict_keys(['embedding_sync_dag']) retrieved from /opt/airflow/dags/embedding_sync_dag.py
[2026-04-14T10:30:02.266+0000] {logging_mixin.py:151} INFO - [2026-04-14T10:30:02.266+0000] {dag.py:2915} INFO - Sync 1 DAGs
[2026-04-14T10:30:02.303+0000] {processor.py:179} INFO - Processing /opt/airflow/dags/embedding_sync_dag.py took 0.096 seconds
[2026-04-14T10:30:32.687+0000] {processor.py:157} INFO - Started process (PID=1159) to work on /opt/airflow/dags/embedding_sync_dag.py
[2026-04-14T10:30:32.688+0000] {processor.py:829} INFO - Processing file /opt/airflow/dags/embedding_sync_dag.py for tasks to queue
[2026-04-14T10:30:32.689+0000] {logging_mixin.py:151} INFO - [2026-04-14T10:30:32.689+0000] {dagbag.py:539} INFO - Filling up the DagBag from /opt/airflow/dags/embedding_sync_dag.py
[2026-04-14T10:30:32.706+0000] {processor.py:839} INFO - DAG(s) dict_keys(['embedding_sync_dag']) retrieved from /opt/airflow/dags/embedding_sync_dag.py
[2026-04-14T10:30:32.740+0000] {logging_mixin.py:151} INFO - [2026-04-14T10:30:32.740+0000] {dag.py:2915} INFO - Sync 1 DAGs
[2026-04-14T10:30:32.777+0000] {processor.py:179} INFO - Processing /opt/airflow/dags/embedding_sync_dag.py took 0.094 seconds
[2026-04-14T10:31:02.861+0000] {processor.py:157} INFO - Started process (PID=1177) to work on /opt/airflow/dags/embedding_sync_dag.py
[2026-04-14T10:31:02.862+0000] {processor.py:829} INFO - Processing file /opt/airflow/dags/embedding_sync_dag.py for tasks to queue
[2026-04-14T10:31:02.864+0000] {logging_mixin.py:151} INFO - [2026-04-14T10:31:02.863+0000] {dagbag.py:539} INFO - Filling up the DagBag from /opt/airflow/dags/embedding_sync_dag.py
[2026-04-14T10:31:02.883+0000] {processor.py:839} INFO - DAG(s) dict_keys(['embedding_sync_dag']) retrieved from /opt/airflow/dags/embedding_sync_dag.py
[2026-04-14T10:31:02.917+0000] {logging_mixin.py:151} INFO - [2026-04-14T10:31:02.917+0000] {dag.py:2915} INFO - Sync 1 DAGs
[2026-04-14T10:31:02.955+0000] {processor.py:179} INFO - Processing /opt/airflow/dags/embedding_sync_dag.py took 0.104 seconds
[2026-04-14T10:31:33.441+0000] {processor.py:157} INFO - Started process (PID=1195) to work on /opt/airflow/dags/embedding_sync_dag.py
[2026-04-14T10:31:33.443+0000] {processor.py:829} INFO - Processing file /opt/airflow/dags/embedding_sync_dag.py for tasks to queue
[2026-04-14T10:31:33.444+0000] {logging_mixin.py:151} INFO - [2026-04-14T10:31:33.444+0000] {dagbag.py:539} INFO - Filling up the DagBag from /opt/airflow/dags/embedding_sync_dag.py
[2026-04-14T10:31:33.462+0000] {processor.py:839} INFO - DAG(s) dict_keys(['embedding_sync_dag']) retrieved from /opt/airflow/dags/embedding_sync_dag.py
[2026-04-14T10:31:33.500+0000] {logging_mixin.py:151} INFO - [2026-04-14T10:31:33.500+0000] {dag.py:2915} INFO - Sync 1 DAGs
[2026-04-14T10:31:33.539+0000] {processor.py:179} INFO - Processing /opt/airflow/dags/embedding_sync_dag.py took 0.103 seconds
[2026-04-14T10:32:03.614+0000] {processor.py:157} INFO - Started process (PID=1213) to work on /opt/airflow/dags/embedding_sync_dag.py
[2026-04-14T10:32:03.615+0000] {processor.py:829} INFO - Processing file /opt/airflow/dags/embedding_sync_dag.py for tasks to queue
[2026-04-14T10:32:03.616+0000] {logging_mixin.py:151} INFO - [2026-04-14T10:32:03.616+0000] {dagbag.py:539} INFO - Filling up the DagBag from /opt/airflow/dags/embedding_sync_dag.py
[2026-04-14T10:32:03.634+0000] {processor.py:839} INFO - DAG(s) dict_keys(['embedding_sync_dag']) retrieved from /opt/airflow/dags/embedding_sync_dag.py
[2026-04-14T10:32:03.668+0000] {logging_mixin.py:151} INFO - [2026-04-14T10:32:03.668+0000] {dag.py:2915} INFO - Sync 1 DAGs
[2026-04-14T10:32:03.705+0000] {processor.py:179} INFO - Processing /opt/airflow/dags/embedding_sync_dag.py took 0.097 seconds
[2026-04-14T10:32:34.075+0000] {processor.py:157} INFO - Started process (PID=1231) to work on /opt/airflow/dags/embedding_sync_dag.py
[2026-04-14T10:32:34.077+0000] {processor.py:829} INFO - Processing file /opt/airflow/dags/embedding_sync_dag.py for tasks to queue
[2026-04-14T10:32:34.078+0000] {logging_mixin.py:151} INFO - [2026-04-14T10:32:34.077+0000] {dagbag.py:539} INFO - Filling up the DagBag from /opt/airflow/dags/embedding_sync_dag.py
[2026-04-14T10:32:34.100+0000] {processor.py:839} INFO - DAG(s) dict_keys(['embedding_sync_dag']) retrieved from /opt/airflow/dags/embedding_sync_dag.py
[2026-04-14T10:32:34.132+0000] {logging_mixin.py:151} INFO - [2026-04-14T10:32:34.132+0000] {dag.py:2915} INFO - Sync 1 DAGs
[2026-04-14T10:32:34.168+0000] {processor.py:179} INFO - Processing /opt/airflow/dags/embedding_sync_dag.py took 0.101 seconds
[2026-04-14T10:33:04.589+0000] {processor.py:157} INFO - Started process (PID=1249) to work on /opt/airflow/dags/embedding_sync_dag.py
[2026-04-14T10:33:04.590+0000] {processor.py:829} INFO - Processing file /opt/airflow/dags/embedding_sync_dag.py for tasks to queue
[2026-04-14T10:33:04.590+0000] {logging_mixin.py:151} INFO - [2026-04-14T10:33:04.590+0000] {dagbag.py:539} INFO - Filling up the DagBag from /opt/airflow/dags/embedding_sync_dag.py
[2026-04-14T10:33:04.607+0000] {processor.py:839} INFO - DAG(s) dict_keys(['embedding_sync_dag']) retrieved from /opt/airflow/dags/embedding_sync_dag.py
[2026-04-14T10:33:04.641+0000] {logging_mixin.py:151} INFO - [2026-04-14T10:33:04.641+0000] {dag.py:2915} INFO - Sync 1 DAGs
[2026-04-14T10:33:04.680+0000] {processor.py:179} INFO - Processing /opt/airflow/dags/embedding_sync_dag.py took 0.096 seconds
[2026-04-14T10:33:35.076+0000] {processor.py:157} INFO - Started process (PID=1267) to work on /opt/airflow/dags/embedding_sync_dag.py
[2026-04-14T10:33:35.079+0000] {processor.py:829} INFO - Processing file /opt/airflow/dags/embedding_sync_dag.py for tasks to queue
[2026-04-14T10:33:35.081+0000] {logging_mixin.py:151} INFO - [2026-04-14T10:33:35.080+0000] {dagbag.py:539} INFO - Filling up the DagBag from /opt/airflow/dags/embedding_sync_dag.py
[2026-04-14T10:33:35.106+0000] {processor.py:839} INFO - DAG(s) dict_keys(['embedding_sync_dag']) retrieved from /opt/airflow/dags/embedding_sync_dag.py
[2026-04-14T10:33:35.140+0000] {logging_mixin.py:151} INFO - [2026-04-14T10:33:35.140+0000] {dag.py:2915} INFO - Sync 1 DAGs
[2026-04-14T10:33:35.178+0000] {processor.py:179} INFO - Processing /opt/airflow/dags/embedding_sync_dag.py took 0.114 seconds
[2026-04-14T10:34:05.564+0000] {processor.py:157} INFO - Started process (PID=1285) to work on /opt/airflow/dags/embedding_sync_dag.py
[2026-04-14T10:34:05.566+0000] {processor.py:829} INFO - Processing file /opt/airflow/dags/embedding_sync_dag.py for tasks to queue
[2026-04-14T10:34:05.567+0000] {logging_mixin.py:151} INFO - [2026-04-14T10:34:05.567+0000] {dagbag.py:539} INFO - Filling up the DagBag from /opt/airflow/dags/embedding_sync_dag.py
[2026-04-14T10:34:05.586+0000] {processor.py:839} INFO - DAG(s) dict_keys(['embedding_sync_dag']) retrieved from /opt/airflow/dags/embedding_sync_dag.py
[2026-04-14T10:34:05.619+0000] {logging_mixin.py:151} INFO - [2026-04-14T10:34:05.618+0000] {dag.py:2915} INFO - Sync 1 DAGs
[2026-04-14T10:34:05.655+0000] {processor.py:179} INFO - Processing /opt/airflow/dags/embedding_sync_dag.py took 0.101 seconds
[2026-04-14T10:34:36.032+0000] {processor.py:157} INFO - Started process (PID=1303) to work on /opt/airflow/dags/embedding_sync_dag.py
[2026-04-14T10:34:36.034+0000] {processor.py:829} INFO - Processing file /opt/airflow/dags/embedding_sync_dag.py for tasks to queue
[2026-04-14T10:34:36.035+0000] {logging_mixin.py:151} INFO - [2026-04-14T10:34:36.035+0000] {dagbag.py:539} INFO - Filling up the DagBag from /opt/airflow/dags/embedding_sync_dag.py
[2026-04-14T10:34:36.056+0000] {processor.py:839} INFO - DAG(s) dict_keys(['embedding_sync_dag']) retrieved from /opt/airflow/dags/embedding_sync_dag.py
[2026-04-14T10:34:36.095+0000] {logging_mixin.py:151} INFO - [2026-04-14T10:34:36.095+0000] {dag.py:2915} INFO - Sync 1 DAGs
[2026-04-14T10:34:36.137+0000] {processor.py:179} INFO - Processing /opt/airflow/dags/embedding_sync_dag.py took 0.110 seconds
[2026-04-14T10:35:06.533+0000] {processor.py:157} INFO - Started process (PID=1321) to work on /opt/airflow/dags/embedding_sync_dag.py
[2026-04-14T10:35:06.535+0000] {processor.py:829} INFO - Processing file /opt/airflow/dags/embedding_sync_dag.py for tasks to queue
[2026-04-14T10:35:06.536+0000] {logging_mixin.py:151} INFO - [2026-04-14T10:35:06.535+0000] {dagbag.py:539} INFO - Filling up the DagBag from /opt/airflow/dags/embedding_sync_dag.py
[2026-04-14T10:35:06.552+0000] {processor.py:839} INFO - DAG(s) dict_keys(['embedding_sync_dag']) retrieved from /opt/airflow/dags/embedding_sync_dag.py
[2026-04-14T10:35:06.586+0000] {logging_mixin.py:151} INFO - [2026-04-14T10:35:06.585+0000] {dag.py:2915} INFO - Sync 1 DAGs
[2026-04-14T10:35:06.624+0000] {processor.py:179} INFO - Processing /opt/airflow/dags/embedding_sync_dag.py took 0.094 seconds
[2026-04-14T10:35:37.033+0000] {processor.py:157} INFO - Started process (PID=1339) to work on /opt/airflow/dags/embedding_sync_dag.py
[2026-04-14T10:35:37.035+0000] {processor.py:829} INFO - Processing file /opt/airflow/dags/embedding_sync_dag.py for tasks to queue
[2026-04-14T10:35:37.036+0000] {logging_mixin.py:151} INFO - [2026-04-14T10:35:37.035+0000] {dagbag.py:539} INFO - Filling up the DagBag from /opt/airflow/dags/embedding_sync_dag.py
[2026-04-14T10:35:37.056+0000] {processor.py:839} INFO - DAG(s) dict_keys(['embedding_sync_dag']) retrieved from /opt/airflow/dags/embedding_sync_dag.py
[2026-04-14T10:35:37.088+0000] {logging_mixin.py:151} INFO - [2026-04-14T10:35:37.088+0000] {dag.py:2915} INFO - Sync 1 DAGs
[2026-04-14T10:35:37.124+0000] {processor.py:179} INFO - Processing /opt/airflow/dags/embedding_sync_dag.py took 0.103 seconds
[2026-04-14T10:36:07.484+0000] {processor.py:157} INFO - Started process (PID=1357) to work on /opt/airflow/dags/embedding_sync_dag.py
[2026-04-14T10:36:07.485+0000] {processor.py:829} INFO - Processing file /opt/airflow/dags/embedding_sync_dag.py for tasks to queue
[2026-04-14T10:36:07.486+0000] {logging_mixin.py:151} INFO - [2026-04-14T10:36:07.486+0000] {dagbag.py:539} INFO - Filling up the DagBag from /opt/airflow/dags/embedding_sync_dag.py
[2026-04-14T10:36:07.502+0000] {processor.py:839} INFO - DAG(s) dict_keys(['embedding_sync_dag']) retrieved from /opt/airflow/dags/embedding_sync_dag.py
[2026-04-14T10:36:07.538+0000] {logging_mixin.py:151} INFO - [2026-04-14T10:36:07.538+0000] {dag.py:2915} INFO - Sync 1 DAGs
[2026-04-14T10:36:07.576+0000] {processor.py:179} INFO - Processing /opt/airflow/dags/embedding_sync_dag.py took 0.096 seconds
[2026-04-14T10:36:37.975+0000] {processor.py:157} INFO - Started process (PID=1375) to work on /opt/airflow/dags/embedding_sync_dag.py
[2026-04-14T10:36:37.976+0000] {processor.py:829} INFO - Processing file /opt/airflow/dags/embedding_sync_dag.py for tasks to queue
[2026-04-14T10:36:37.977+0000] {logging_mixin.py:151} INFO - [2026-04-14T10:36:37.977+0000] {dagbag.py:539} INFO - Filling up the DagBag from /opt/airflow/dags/embedding_sync_dag.py
[2026-04-14T10:36:37.997+0000] {processor.py:839} INFO - DAG(s) dict_keys(['embedding_sync_dag']) retrieved from /opt/airflow/dags/embedding_sync_dag.py
[2026-04-14T10:36:38.030+0000] {logging_mixin.py:151} INFO - [2026-04-14T10:36:38.030+0000] {dag.py:2915} INFO - Sync 1 DAGs
[2026-04-14T10:36:38.067+0000] {processor.py:179} INFO - Processing /opt/airflow/dags/embedding_sync_dag.py took 0.097 seconds
[2026-04-14T10:37:08.440+0000] {processor.py:157} INFO - Started process (PID=1393) to work on /opt/airflow/dags/embedding_sync_dag.py
[2026-04-14T10:37:08.442+0000] {processor.py:829} INFO - Processing file /opt/airflow/dags/embedding_sync_dag.py for tasks to queue
[2026-04-14T10:37:08.444+0000] {logging_mixin.py:151} INFO - [2026-04-14T10:37:08.443+0000] {dagbag.py:539} INFO - Filling up the DagBag from /opt/airflow/dags/embedding_sync_dag.py
[2026-04-14T10:37:08.464+0000] {processor.py:839} INFO - DAG(s) dict_keys(['embedding_sync_dag']) retrieved from /opt/airflow/dags/embedding_sync_dag.py
[2026-04-14T10:37:08.498+0000] {logging_mixin.py:151} INFO - [2026-04-14T10:37:08.497+0000] {dag.py:2915} INFO - Sync 1 DAGs
[2026-04-14T10:37:08.535+0000] {processor.py:179} INFO - Processing /opt/airflow/dags/embedding_sync_dag.py took 0.107 seconds
[2026-04-14T10:37:38.922+0000] {processor.py:157} INFO - Started process (PID=1411) to work on /opt/airflow/dags/embedding_sync_dag.py
[2026-04-14T10:37:38.924+0000] {processor.py:829} INFO - Processing file /opt/airflow/dags/embedding_sync_dag.py for tasks to queue
[2026-04-14T10:37:38.925+0000] {logging_mixin.py:151} INFO - [2026-04-14T10:37:38.925+0000] {dagbag.py:539} INFO - Filling up the DagBag from /opt/airflow/dags/embedding_sync_dag.py
[2026-04-14T10:37:38.946+0000] {processor.py:839} INFO - DAG(s) dict_keys(['embedding_sync_dag']) retrieved from /opt/airflow/dags/embedding_sync_dag.py
[2026-04-14T10:37:38.980+0000] {logging_mixin.py:151} INFO - [2026-04-14T10:37:38.979+0000] {dag.py:2915} INFO - Sync 1 DAGs
[2026-04-14T10:37:39.016+0000] {processor.py:179} INFO - Processing /opt/airflow/dags/embedding_sync_dag.py took 0.106 seconds
[2026-04-14T10:38:09.356+0000] {processor.py:157} INFO - Started process (PID=1429) to work on /opt/airflow/dags/embedding_sync_dag.py
[2026-04-14T10:38:09.357+0000] {processor.py:829} INFO - Processing file /opt/airflow/dags/embedding_sync_dag.py for tasks to queue
[2026-04-14T10:38:09.358+0000] {logging_mixin.py:151} INFO - [2026-04-14T10:38:09.358+0000] {dagbag.py:539} INFO - Filling up the DagBag from /opt/airflow/dags/embedding_sync_dag.py
[2026-04-14T10:38:09.375+0000] {processor.py:839} INFO - DAG(s) dict_keys(['embedding_sync_dag']) retrieved from /opt/airflow/dags/embedding_sync_dag.py
[2026-04-14T10:38:09.409+0000] {logging_mixin.py:151} INFO - [2026-04-14T10:38:09.409+0000] {dag.py:2915} INFO - Sync 1 DAGs
[2026-04-14T10:38:09.447+0000] {processor.py:179} INFO - Processing /opt/airflow/dags/embedding_sync_dag.py took 0.096 seconds
[2026-04-14T10:38:39.786+0000] {processor.py:157} INFO - Started process (PID=1447) to work on /opt/airflow/dags/embedding_sync_dag.py
[2026-04-14T10:38:39.788+0000] {processor.py:829} INFO - Processing file /opt/airflow/dags/embedding_sync_dag.py for tasks to queue
[2026-04-14T10:38:39.789+0000] {logging_mixin.py:151} INFO - [2026-04-14T10:38:39.789+0000] {dagbag.py:539} INFO - Filling up the DagBag from /opt/airflow/dags/embedding_sync_dag.py
[2026-04-14T10:38:39.812+0000] {processor.py:839} INFO - DAG(s) dict_keys(['embedding_sync_dag']) retrieved from /opt/airflow/dags/embedding_sync_dag.py
[2026-04-14T10:38:39.854+0000] {logging_mixin.py:151} INFO - [2026-04-14T10:38:39.854+0000] {dag.py:2915} INFO - Sync 1 DAGs
[2026-04-14T10:38:39.902+0000] {processor.py:179} INFO - Processing /opt/airflow/dags/embedding_sync_dag.py took 0.121 seconds
[2026-04-14T10:39:10.304+0000] {processor.py:157} INFO - Started process (PID=1465) to work on /opt/airflow/dags/embedding_sync_dag.py
[2026-04-14T10:39:10.305+0000] {processor.py:829} INFO - Processing file /opt/airflow/dags/embedding_sync_dag.py for tasks to queue
[2026-04-14T10:39:10.306+0000] {logging_mixin.py:151} INFO - [2026-04-14T10:39:10.306+0000] {dagbag.py:539} INFO - Filling up the DagBag from /opt/airflow/dags/embedding_sync_dag.py
[2026-04-14T10:39:10.324+0000] {processor.py:839} INFO - DAG(s) dict_keys(['embedding_sync_dag']) retrieved from /opt/airflow/dags/embedding_sync_dag.py
[2026-04-14T10:39:10.358+0000] {logging_mixin.py:151} INFO - [2026-04-14T10:39:10.358+0000] {dag.py:2915} INFO - Sync 1 DAGs
[2026-04-14T10:39:10.395+0000] {processor.py:179} INFO - Processing /opt/airflow/dags/embedding_sync_dag.py took 0.098 seconds
[2026-04-14T10:39:40.776+0000] {processor.py:157} INFO - Started process (PID=1483) to work on /opt/airflow/dags/embedding_sync_dag.py
[2026-04-14T10:39:40.777+0000] {processor.py:829} INFO - Processing file /opt/airflow/dags/embedding_sync_dag.py for tasks to queue
[2026-04-14T10:39:40.778+0000] {logging_mixin.py:151} INFO - [2026-04-14T10:39:40.778+0000] {dagbag.py:539} INFO - Filling up the DagBag from /opt/airflow/dags/embedding_sync_dag.py
[2026-04-14T10:39:40.794+0000] {processor.py:839} INFO - DAG(s) dict_keys(['embedding_sync_dag']) retrieved from /opt/airflow/dags/embedding_sync_dag.py
[2026-04-14T10:39:40.826+0000] {logging_mixin.py:151} INFO - [2026-04-14T10:39:40.826+0000] {dag.py:2915} INFO - Sync 1 DAGs
[2026-04-14T10:39:40.861+0000] {processor.py:179} INFO - Processing /opt/airflow/dags/embedding_sync_dag.py took 0.089 seconds
[2026-04-14T10:40:11.220+0000] {processor.py:157} INFO - Started process (PID=1501) to work on /opt/airflow/dags/embedding_sync_dag.py
[2026-04-14T10:40:11.221+0000] {processor.py:829} INFO - Processing file /opt/airflow/dags/embedding_sync_dag.py for tasks to queue
[2026-04-14T10:40:11.223+0000] {logging_mixin.py:151} INFO - [2026-04-14T10:40:11.222+0000] {dagbag.py:539} INFO - Filling up the DagBag from /opt/airflow/dags/embedding_sync_dag.py
[2026-04-14T10:40:11.243+0000] {processor.py:839} INFO - DAG(s) dict_keys(['embedding_sync_dag']) retrieved from /opt/airflow/dags/embedding_sync_dag.py
[2026-04-14T10:40:11.275+0000] {logging_mixin.py:151} INFO - [2026-04-14T10:40:11.274+0000] {dag.py:2915} INFO - Sync 1 DAGs
[2026-04-14T10:40:11.311+0000] {processor.py:179} INFO - Processing /opt/airflow/dags/embedding_sync_dag.py took 0.103 seconds
[2026-04-14T10:40:41.668+0000] {processor.py:157} INFO - Started process (PID=1519) to work on /opt/airflow/dags/embedding_sync_dag.py
[2026-04-14T10:40:41.670+0000] {processor.py:829} INFO - Processing file /opt/airflow/dags/embedding_sync_dag.py for tasks to queue
[2026-04-14T10:40:41.670+0000] {logging_mixin.py:151} INFO - [2026-04-14T10:40:41.670+0000] {dagbag.py:539} INFO - Filling up the DagBag from /opt/airflow/dags/embedding_sync_dag.py
[2026-04-14T10:40:41.686+0000] {processor.py:839} INFO - DAG(s) dict_keys(['embedding_sync_dag']) retrieved from /opt/airflow/dags/embedding_sync_dag.py
[2026-04-14T10:40:41.720+0000] {logging_mixin.py:151} INFO - [2026-04-14T10:40:41.720+0000] {dag.py:2915} INFO - Sync 1 DAGs
[2026-04-14T10:40:41.756+0000] {processor.py:179} INFO - Processing /opt/airflow/dags/embedding_sync_dag.py took 0.091 seconds
