[2026-03-20T07:00:09.973+0000] {taskinstance.py:1157} INFO - Dependencies all met for dep_context=non-requeueable deps ti=<TaskInstance: distillationDAG.scan_minio_and_dispatch scheduled__2026-03-20T06:59:23.700391+00:00 [queued]>
[2026-03-20T07:00:09.983+0000] {taskinstance.py:1157} INFO - Dependencies all met for dep_context=requeueable deps ti=<TaskInstance: distillationDAG.scan_minio_and_dispatch scheduled__2026-03-20T06:59:23.700391+00:00 [queued]>
[2026-03-20T07:00:09.983+0000] {taskinstance.py:1359} INFO - Starting attempt 1 of 4
[2026-03-20T07:00:09.996+0000] {taskinstance.py:1380} INFO - Executing <Task(PythonOperator): scan_minio_and_dispatch> on 2026-03-20 06:59:23.700391+00:00
[2026-03-20T07:00:10.003+0000] {standard_task_runner.py:57} INFO - Started process 1207 to run task
[2026-03-20T07:00:10.007+0000] {standard_task_runner.py:84} INFO - Running: ['***', 'tasks', 'run', 'distillationDAG', 'scan_minio_and_dispatch', 'scheduled__2026-03-20T06:59:23.700391+00:00', '--job-id', '2470', '--raw', '--subdir', 'DAGS_FOLDER/dispatcher_pipeline_dag.py', '--cfg-path', '/tmp/tmprmtu3wu2']
[2026-03-20T07:00:10.010+0000] {standard_task_runner.py:85} INFO - Job 2470: Subtask scan_minio_and_dispatch
[2026-03-20T07:00:10.082+0000] {task_command.py:415} INFO - Running <TaskInstance: distillationDAG.scan_minio_and_dispatch scheduled__2026-03-20T06:59:23.700391+00:00 [running]> on host f9d03ff7592b
[2026-03-20T07:00:10.390+0000] {taskinstance.py:1660} INFO - Exporting env vars: AIRFLOW_CTX_DAG_OWNER='***' AIRFLOW_CTX_DAG_ID='distillationDAG' AIRFLOW_CTX_TASK_ID='scan_minio_and_dispatch' AIRFLOW_CTX_EXECUTION_DATE='2026-03-20T06:59:23.700391+00:00' AIRFLOW_CTX_TRY_NUMBER='1' AIRFLOW_CTX_DAG_RUN_ID='scheduled__2026-03-20T06:59:23.700391+00:00'
[2026-03-20T07:00:10.412+0000] {logging_mixin.py:151} INFO - [DISPATCHER] Found file: raw/26T1S2DS25F1002315.pdf
[2026-03-20T07:00:10.701+0000] {pdf_pipeline.py:395} INFO - [pdf] Processing raw/26T1S2DS25F1002315.pdf
[2026-03-20T07:00:10.705+0000] {pdf_pipeline.py:427} INFO - [pdf] Extracting text from PDF...
[2026-03-20T07:00:10.796+0000] {pdf_pipeline.py:449} INFO - [pdf] Extracted 5486 characters of text from 2 pages
[2026-03-20T07:00:10.803+0000] {pdf_pipeline.py:468} INFO - [pdf] Uploaded extracted text -> processed/unstructured/text-extracted/26T1S2DS25F1002315.txt
[2026-03-20T07:00:10.805+0000] {pdf_pipeline.py:77} ERROR - [pdf] Failed saving to unstructured_documents: there is no unique or exclusion constraint matching the ON CONFLICT specification
Traceback (most recent call last):
  File "/opt/python-etl/pipelines/pdf_pipeline.py", line 60, in _save_unstructured_doc
    cursor.execute(
psycopg2.errors.InvalidColumnReference: there is no unique or exclusion constraint matching the ON CONFLICT specification

[2026-03-20T07:00:10.806+0000] {pdf_pipeline.py:80} WARNING - [pdf] Continuing pipeline despite unstructured_documents save failure
[2026-03-20T07:00:10.806+0000] {pdf_pipeline.py:490} INFO - [pdf] Extracting tables from PDF...
[2026-03-20T07:00:11.062+0000] {pdf_pipeline.py:263} INFO - [pdf] Uploaded table CSV -> processed/structured/pdf-tables/26T1S2DS25F1002315_page1_table1.csv
[2026-03-20T07:00:11.063+0000] {structured_pipeline.py:108} INFO - Table name: data_26t1s2ds25f1002315_page1_table1
[2026-03-20T07:00:11.064+0000] {structured_pipeline.py:124} INFO - [Normalize] Normalizing DataFrame with 4 columns
[2026-03-20T07:00:11.073+0000] {pdf_pipeline.py:327} INFO - [pdf] Created table: data_26t1s2ds25f1002315_page1_table1
[2026-03-20T07:00:11.076+0000] {pdf_pipeline.py:340} INFO - [pdf] Loaded 1 rows into data_26t1s2ds25f1002315_page1_table1
[2026-03-20T07:00:11.080+0000] {pdf_pipeline.py:552} INFO - [pdf] Processed table 1: 1 rows, 5 columns
[2026-03-20T07:00:11.092+0000] {pdf_pipeline.py:263} INFO - [pdf] Uploaded table CSV -> processed/structured/pdf-tables/26T1S2DS25F1002315_page1_table2.csv
[2026-03-20T07:00:11.092+0000] {structured_pipeline.py:108} INFO - Table name: data_26t1s2ds25f1002315_page1_table2
[2026-03-20T07:00:11.093+0000] {structured_pipeline.py:124} INFO - [Normalize] Normalizing DataFrame with 8 columns
[2026-03-20T07:00:11.097+0000] {logging_mixin.py:151} WARNING - /opt/python-etl/pipelines/structured_pipeline.py:211 UserWarning: Could not infer format, so each element will be parsed individually, falling back to `dateutil`. To ensure parsing is consistent and as-expected, please specify a format.
[2026-03-20T07:00:11.099+0000] {logging_mixin.py:151} WARNING - /opt/python-etl/pipelines/structured_pipeline.py:211 UserWarning: Could not infer format, so each element will be parsed individually, falling back to `dateutil`. To ensure parsing is consistent and as-expected, please specify a format.
[2026-03-20T07:00:11.103+0000] {logging_mixin.py:151} WARNING - /opt/python-etl/pipelines/structured_pipeline.py:211 UserWarning: Could not infer format, so each element will be parsed individually, falling back to `dateutil`. To ensure parsing is consistent and as-expected, please specify a format.
[2026-03-20T07:00:11.104+0000] {logging_mixin.py:151} WARNING - /opt/python-etl/pipelines/structured_pipeline.py:211 UserWarning: Could not infer format, so each element will be parsed individually, falling back to `dateutil`. To ensure parsing is consistent and as-expected, please specify a format.
[2026-03-20T07:00:11.106+0000] {pdf_pipeline.py:327} INFO - [pdf] Created table: data_26t1s2ds25f1002315_page1_table2
[2026-03-20T07:00:11.109+0000] {pdf_pipeline.py:340} INFO - [pdf] Loaded 14 rows into data_26t1s2ds25f1002315_page1_table2
[2026-03-20T07:00:11.111+0000] {pdf_pipeline.py:552} INFO - [pdf] Processed table 2: 14 rows, 8 columns
[2026-03-20T07:00:11.274+0000] {pdf_pipeline.py:263} INFO - [pdf] Uploaded table CSV -> processed/structured/pdf-tables/26T1S2DS25F1002315_page2_table1.csv
[2026-03-20T07:00:11.275+0000] {structured_pipeline.py:108} INFO - Table name: data_26t1s2ds25f1002315_page2_table1
[2026-03-20T07:00:11.275+0000] {structured_pipeline.py:124} INFO - [Normalize] Normalizing DataFrame with 2 columns
[2026-03-20T07:00:11.278+0000] {logging_mixin.py:151} WARNING - /opt/python-etl/pipelines/structured_pipeline.py:211 UserWarning: Could not infer format, so each element will be parsed individually, falling back to `dateutil`. To ensure parsing is consistent and as-expected, please specify a format.
[2026-03-20T07:00:11.280+0000] {logging_mixin.py:151} WARNING - /opt/python-etl/pipelines/structured_pipeline.py:211 UserWarning: Could not infer format, so each element will be parsed individually, falling back to `dateutil`. To ensure parsing is consistent and as-expected, please specify a format.
[2026-03-20T07:00:11.282+0000] {pdf_pipeline.py:327} INFO - [pdf] Created table: data_26t1s2ds25f1002315_page2_table1
[2026-03-20T07:00:11.285+0000] {pdf_pipeline.py:340} INFO - [pdf] Loaded 9 rows into data_26t1s2ds25f1002315_page2_table1
[2026-03-20T07:00:11.287+0000] {pdf_pipeline.py:552} INFO - [pdf] Processed table 3: 9 rows, 2 columns
[2026-03-20T07:00:11.287+0000] {pdf_pipeline.py:569} INFO - [pdf] Extracted 3 tables with 24 total rows
[2026-03-20T07:00:11.289+0000] {pdf_pipeline.py:596} INFO - [pdf] Updated catalog for raw/26T1S2DS25F1002315.pdf
[2026-03-20T07:00:11.289+0000] {pdf_pipeline.py:601} INFO - [pdf] ✅ Completed processing: raw/26T1S2DS25F1002315.pdf | pages=2 | tables=3 | rows=24 | text_chars=5486
[2026-03-20T07:00:11.290+0000] {etl_manager.py:287} INFO - ETL completed: raw/26T1S2DS25F1002315.pdf
[2026-03-20T07:00:11.290+0000] {logging_mixin.py:151} INFO - [DISPATCHER] Archiving raw/26T1S2DS25F1002315.pdf -> raw-data/2026-03-20/26T1S2DS25F1002315.pdf
[2026-03-20T07:00:11.308+0000] {logging_mixin.py:151} INFO - [DISPATCHER] catalog_upsert failed for raw-data/2026-03-20/26T1S2DS25F1002315.pdf: column "content_hash" of relation "minio_data_catalog" does not exist
LINE 4:                  row_count, text_extracted, content_hash, up...
                                                    ^
[2026-03-20T07:00:11.308+0000] {logging_mixin.py:151} INFO - [DISPATCHER] Catalog updated for archive: raw-data/2026-03-20/26T1S2DS25F1002315.pdf
[2026-03-20T07:00:11.314+0000] {logging_mixin.py:151} INFO - [DISPATCHER] Completed & removed landing copy: raw/26T1S2DS25F1002315.pdf
[2026-03-20T07:00:11.314+0000] {logging_mixin.py:151} INFO - [DISPATCHER] Found file: raw/financial_data_1.csv
[2026-03-20T07:00:11.328+0000] {structured_pipeline.py:615} INFO - [structured] Processing raw/financial_data_1.csv
[2026-03-20T07:00:11.333+0000] {structured_pipeline.py:629} INFO - [structured] Downloaded 551 bytes
[2026-03-20T07:00:11.333+0000] {structured_pipeline.py:633} INFO - [structured] Detected file type: csv
[2026-03-20T07:00:11.333+0000] {structured_pipeline.py:22} INFO - Detected encoding: ascii (confidence: 1.00)
[2026-03-20T07:00:11.334+0000] {structured_pipeline.py:248} INFO - [CSV] Attempting to decode with ascii
[2026-03-20T07:00:11.335+0000] {structured_pipeline.py:41} INFO - Sniffer detected delimiter: ','
[2026-03-20T07:00:11.335+0000] {structured_pipeline.py:279} INFO - [CSV] Read attempt 1
[2026-03-20T07:00:11.338+0000] {structured_pipeline.py:283} INFO - [CSV] Successfully read 15 rows with 4 columns
[2026-03-20T07:00:11.338+0000] {structured_pipeline.py:656} INFO - [structured] Initial read: 15 rows, 4 columns
[2026-03-20T07:00:11.338+0000] {structured_pipeline.py:374} INFO - [Clean] Cleaning dataframe...
[2026-03-20T07:00:11.340+0000] {structured_pipeline.py:399} INFO - [Clean] Cleaned dataframe: 15 rows, 4 columns
[2026-03-20T07:00:11.340+0000] {structured_pipeline.py:108} INFO - Table name: data_financial_data_1
[2026-03-20T07:00:11.340+0000] {structured_pipeline.py:124} INFO - [Normalize] Normalizing DataFrame with 4 columns
[2026-03-20T07:00:11.344+0000] {structured_pipeline.py:419} INFO - [PostgreSQL] Column 'date' -> TIMESTAMP
[2026-03-20T07:00:11.345+0000] {structured_pipeline.py:419} INFO - [PostgreSQL] Column 'revenue' -> NUMERIC
[2026-03-20T07:00:11.346+0000] {structured_pipeline.py:419} INFO - [PostgreSQL] Column 'expenses' -> NUMERIC
[2026-03-20T07:00:11.347+0000] {structured_pipeline.py:419} INFO - [PostgreSQL] Column 'profit' -> NUMERIC
[2026-03-20T07:00:11.349+0000] {structured_pipeline.py:431} INFO - [PostgreSQL] Dropped existing table: data_financial_data_1
[2026-03-20T07:00:11.351+0000] {structured_pipeline.py:435} INFO - [PostgreSQL] Created table: data_financial_data_1
[2026-03-20T07:00:11.355+0000] {structured_pipeline.py:553} INFO - [PostgreSQL] Loaded 15 rows into data_financial_data_1
[2026-03-20T07:00:11.355+0000] {structured_pipeline.py:567} INFO - [Parquet] Writing Parquet file...
[2026-03-20T07:00:11.380+0000] {structured_pipeline.py:594} INFO - [Parquet] Saved to: processed/structured/financial_data_1.parquet
[2026-03-20T07:00:11.384+0000] {structured_pipeline.py:690} INFO - [structured] ✅ Successfully processed raw/financial_data_1.csv
[2026-03-20T07:00:11.384+0000] {etl_manager.py:287} INFO - ETL completed: raw/financial_data_1.csv
[2026-03-20T07:00:11.385+0000] {logging_mixin.py:151} INFO - [DISPATCHER] Archiving raw/financial_data_1.csv -> raw-data/2026-03-20/financial_data_1.csv
[2026-03-20T07:00:11.396+0000] {logging_mixin.py:151} INFO - [DISPATCHER] catalog_upsert failed for raw-data/2026-03-20/financial_data_1.csv: column "content_hash" of relation "minio_data_catalog" does not exist
LINE 4:                  row_count, text_extracted, content_hash, up...
                                                    ^
[2026-03-20T07:00:11.396+0000] {logging_mixin.py:151} INFO - [DISPATCHER] Catalog updated for archive: raw-data/2026-03-20/financial_data_1.csv
[2026-03-20T07:00:11.400+0000] {logging_mixin.py:151} INFO - [DISPATCHER] Completed & removed landing copy: raw/financial_data_1.csv
[2026-03-20T07:00:11.400+0000] {logging_mixin.py:151} INFO - [DISPATCHER] Found file: raw/financial_data_2.csv
[2026-03-20T07:00:11.414+0000] {structured_pipeline.py:615} INFO - [structured] Processing raw/financial_data_2.csv
[2026-03-20T07:00:11.417+0000] {structured_pipeline.py:629} INFO - [structured] Downloaded 550 bytes
[2026-03-20T07:00:11.418+0000] {structured_pipeline.py:633} INFO - [structured] Detected file type: csv
[2026-03-20T07:00:11.418+0000] {structured_pipeline.py:22} INFO - Detected encoding: ascii (confidence: 1.00)
[2026-03-20T07:00:11.418+0000] {structured_pipeline.py:248} INFO - [CSV] Attempting to decode with ascii
[2026-03-20T07:00:11.419+0000] {structured_pipeline.py:41} INFO - Sniffer detected delimiter: ','
[2026-03-20T07:00:11.419+0000] {structured_pipeline.py:279} INFO - [CSV] Read attempt 1
[2026-03-20T07:00:11.421+0000] {structured_pipeline.py:283} INFO - [CSV] Successfully read 15 rows with 4 columns
[2026-03-20T07:00:11.421+0000] {structured_pipeline.py:656} INFO - [structured] Initial read: 15 rows, 4 columns
[2026-03-20T07:00:11.421+0000] {structured_pipeline.py:374} INFO - [Clean] Cleaning dataframe...
[2026-03-20T07:00:11.423+0000] {structured_pipeline.py:399} INFO - [Clean] Cleaned dataframe: 15 rows, 4 columns
[2026-03-20T07:00:11.423+0000] {structured_pipeline.py:108} INFO - Table name: data_financial_data_2
[2026-03-20T07:00:11.423+0000] {structured_pipeline.py:124} INFO - [Normalize] Normalizing DataFrame with 4 columns
[2026-03-20T07:00:11.425+0000] {structured_pipeline.py:419} INFO - [PostgreSQL] Column 'date' -> TIMESTAMP
[2026-03-20T07:00:11.426+0000] {structured_pipeline.py:419} INFO - [PostgreSQL] Column 'revenue' -> NUMERIC
[2026-03-20T07:00:11.426+0000] {structured_pipeline.py:419} INFO - [PostgreSQL] Column 'expenses' -> NUMERIC
[2026-03-20T07:00:11.427+0000] {structured_pipeline.py:419} INFO - [PostgreSQL] Column 'profit' -> NUMERIC
[2026-03-20T07:00:11.430+0000] {structured_pipeline.py:431} INFO - [PostgreSQL] Dropped existing table: data_financial_data_2
[2026-03-20T07:00:11.432+0000] {structured_pipeline.py:435} INFO - [PostgreSQL] Created table: data_financial_data_2
[2026-03-20T07:00:11.436+0000] {structured_pipeline.py:553} INFO - [PostgreSQL] Loaded 15 rows into data_financial_data_2
[2026-03-20T07:00:11.437+0000] {structured_pipeline.py:567} INFO - [Parquet] Writing Parquet file...
[2026-03-20T07:00:11.445+0000] {structured_pipeline.py:594} INFO - [Parquet] Saved to: processed/structured/financial_data_2.parquet
[2026-03-20T07:00:11.450+0000] {structured_pipeline.py:690} INFO - [structured] ✅ Successfully processed raw/financial_data_2.csv
[2026-03-20T07:00:11.451+0000] {etl_manager.py:287} INFO - ETL completed: raw/financial_data_2.csv
[2026-03-20T07:00:11.451+0000] {logging_mixin.py:151} INFO - [DISPATCHER] Archiving raw/financial_data_2.csv -> raw-data/2026-03-20/financial_data_2.csv
[2026-03-20T07:00:11.461+0000] {logging_mixin.py:151} INFO - [DISPATCHER] catalog_upsert failed for raw-data/2026-03-20/financial_data_2.csv: column "content_hash" of relation "minio_data_catalog" does not exist
LINE 4:                  row_count, text_extracted, content_hash, up...
                                                    ^
[2026-03-20T07:00:11.462+0000] {logging_mixin.py:151} INFO - [DISPATCHER] Catalog updated for archive: raw-data/2026-03-20/financial_data_2.csv
[2026-03-20T07:00:11.466+0000] {logging_mixin.py:151} INFO - [DISPATCHER] Completed & removed landing copy: raw/financial_data_2.csv
[2026-03-20T07:00:11.467+0000] {logging_mixin.py:151} INFO - [DISPATCHER] Found file: raw/financial_report_1.docx
[2026-03-20T07:00:11.480+0000] {docx_pipeline.py:368} INFO - [docx] Processing raw/financial_report_1.docx
[2026-03-20T07:00:11.484+0000] {docx_pipeline.py:404} INFO - [docx] Extracting text…
[2026-03-20T07:00:11.508+0000] {docx_pipeline.py:406} INFO - [docx] Extracted 727 characters of text
[2026-03-20T07:00:11.508+0000] {docx_pipeline.py:411} INFO - [docx] Extracting tables…
[2026-03-20T07:00:11.523+0000] {docx_pipeline.py:413} INFO - [docx] Found 0 table(s)
[2026-03-20T07:00:11.529+0000] {docx_pipeline.py:438} INFO - [docx] Uploaded extracted text → processed/unstructured/text-extracted/financial_report_1.txt
[2026-03-20T07:00:11.531+0000] {docx_pipeline.py:80} ERROR - [docx] Failed saving to unstructured_documents: there is no unique or exclusion constraint matching the ON CONFLICT specification
Traceback (most recent call last):
  File "/opt/python-etl/pipelines/docx_pipeline.py", line 63, in _save_unstructured_doc
    cursor.execute(
psycopg2.errors.InvalidColumnReference: there is no unique or exclusion constraint matching the ON CONFLICT specification

[2026-03-20T07:00:11.556+0000] {docx_pipeline.py:516} INFO - [docx] Updated catalog for raw/financial_report_1.docx
[2026-03-20T07:00:11.556+0000] {docx_pipeline.py:522} INFO - [docx] ✅ Completed raw/financial_report_1.docx | tables=0 | total_rows=0 | text_chars=727
[2026-03-20T07:00:11.556+0000] {etl_manager.py:287} INFO - ETL completed: raw/financial_report_1.docx
[2026-03-20T07:00:11.557+0000] {logging_mixin.py:151} INFO - [DISPATCHER] Archiving raw/financial_report_1.docx -> raw-data/2026-03-20/financial_report_1.docx
[2026-03-20T07:00:11.567+0000] {logging_mixin.py:151} INFO - [DISPATCHER] catalog_upsert failed for raw-data/2026-03-20/financial_report_1.docx: column "content_hash" of relation "minio_data_catalog" does not exist
LINE 4:                  row_count, text_extracted, content_hash, up...
                                                    ^
[2026-03-20T07:00:11.568+0000] {logging_mixin.py:151} INFO - [DISPATCHER] Catalog updated for archive: raw-data/2026-03-20/financial_report_1.docx
[2026-03-20T07:00:11.571+0000] {logging_mixin.py:151} INFO - [DISPATCHER] Completed & removed landing copy: raw/financial_report_1.docx
[2026-03-20T07:00:11.571+0000] {logging_mixin.py:151} INFO - [DISPATCHER] Found file: raw/financial_report_2.docx
[2026-03-20T07:00:11.585+0000] {docx_pipeline.py:368} INFO - [docx] Processing raw/financial_report_2.docx
[2026-03-20T07:00:11.587+0000] {docx_pipeline.py:404} INFO - [docx] Extracting text…
[2026-03-20T07:00:11.601+0000] {docx_pipeline.py:406} INFO - [docx] Extracted 719 characters of text
[2026-03-20T07:00:11.601+0000] {docx_pipeline.py:411} INFO - [docx] Extracting tables…
[2026-03-20T07:00:11.615+0000] {docx_pipeline.py:413} INFO - [docx] Found 0 table(s)
[2026-03-20T07:00:11.622+0000] {docx_pipeline.py:438} INFO - [docx] Uploaded extracted text → processed/unstructured/text-extracted/financial_report_2.txt
[2026-03-20T07:00:11.624+0000] {docx_pipeline.py:80} ERROR - [docx] Failed saving to unstructured_documents: there is no unique or exclusion constraint matching the ON CONFLICT specification
Traceback (most recent call last):
  File "/opt/python-etl/pipelines/docx_pipeline.py", line 63, in _save_unstructured_doc
    cursor.execute(
psycopg2.errors.InvalidColumnReference: there is no unique or exclusion constraint matching the ON CONFLICT specification

[2026-03-20T07:00:11.644+0000] {docx_pipeline.py:516} INFO - [docx] Updated catalog for raw/financial_report_2.docx
[2026-03-20T07:00:11.645+0000] {docx_pipeline.py:522} INFO - [docx] ✅ Completed raw/financial_report_2.docx | tables=0 | total_rows=0 | text_chars=719
[2026-03-20T07:00:11.645+0000] {etl_manager.py:287} INFO - ETL completed: raw/financial_report_2.docx
[2026-03-20T07:00:11.645+0000] {logging_mixin.py:151} INFO - [DISPATCHER] Archiving raw/financial_report_2.docx -> raw-data/2026-03-20/financial_report_2.docx
[2026-03-20T07:00:11.657+0000] {logging_mixin.py:151} INFO - [DISPATCHER] catalog_upsert failed for raw-data/2026-03-20/financial_report_2.docx: column "content_hash" of relation "minio_data_catalog" does not exist
LINE 4:                  row_count, text_extracted, content_hash, up...
                                                    ^
[2026-03-20T07:00:11.657+0000] {logging_mixin.py:151} INFO - [DISPATCHER] Catalog updated for archive: raw-data/2026-03-20/financial_report_2.docx
[2026-03-20T07:00:11.661+0000] {logging_mixin.py:151} INFO - [DISPATCHER] Completed & removed landing copy: raw/financial_report_2.docx
[2026-03-20T07:00:11.661+0000] {logging_mixin.py:151} INFO - [DISPATCHER] Found file: raw/financial_table_1.pdf
[2026-03-20T07:00:11.675+0000] {pdf_pipeline.py:395} INFO - [pdf] Processing raw/financial_table_1.pdf
[2026-03-20T07:00:11.678+0000] {pdf_pipeline.py:427} INFO - [pdf] Extracting text from PDF...
[2026-03-20T07:00:11.698+0000] {pdf_pipeline.py:449} INFO - [pdf] Extracted 467 characters of text from 1 pages
[2026-03-20T07:00:11.704+0000] {pdf_pipeline.py:468} INFO - [pdf] Uploaded extracted text -> processed/unstructured/text-extracted/financial_table_1.txt
[2026-03-20T07:00:11.706+0000] {pdf_pipeline.py:77} ERROR - [pdf] Failed saving to unstructured_documents: there is no unique or exclusion constraint matching the ON CONFLICT specification
Traceback (most recent call last):
  File "/opt/python-etl/pipelines/pdf_pipeline.py", line 60, in _save_unstructured_doc
    cursor.execute(
psycopg2.errors.InvalidColumnReference: there is no unique or exclusion constraint matching the ON CONFLICT specification

[2026-03-20T07:00:11.706+0000] {pdf_pipeline.py:80} WARNING - [pdf] Continuing pipeline despite unstructured_documents save failure
[2026-03-20T07:00:11.707+0000] {pdf_pipeline.py:490} INFO - [pdf] Extracting tables from PDF...
[2026-03-20T07:00:11.751+0000] {pdf_pipeline.py:263} INFO - [pdf] Uploaded table CSV -> processed/structured/pdf-tables/financial_table_1_page1_table1.csv
[2026-03-20T07:00:11.751+0000] {structured_pipeline.py:108} INFO - Table name: data_financial_table_1_page1_table1
[2026-03-20T07:00:11.752+0000] {structured_pipeline.py:124} INFO - [Normalize] Normalizing DataFrame with 4 columns
[2026-03-20T07:00:11.759+0000] {pdf_pipeline.py:327} INFO - [pdf] Created table: data_financial_table_1_page1_table1
[2026-03-20T07:00:11.762+0000] {pdf_pipeline.py:340} INFO - [pdf] Loaded 12 rows into data_financial_table_1_page1_table1
[2026-03-20T07:00:11.766+0000] {pdf_pipeline.py:552} INFO - [pdf] Processed table 1: 12 rows, 4 columns
[2026-03-20T07:00:11.767+0000] {pdf_pipeline.py:569} INFO - [pdf] Extracted 1 tables with 12 total rows
[2026-03-20T07:00:11.769+0000] {pdf_pipeline.py:596} INFO - [pdf] Updated catalog for raw/financial_table_1.pdf
[2026-03-20T07:00:11.769+0000] {pdf_pipeline.py:601} INFO - [pdf] ✅ Completed processing: raw/financial_table_1.pdf | pages=1 | tables=1 | rows=12 | text_chars=467
[2026-03-20T07:00:11.769+0000] {etl_manager.py:287} INFO - ETL completed: raw/financial_table_1.pdf
[2026-03-20T07:00:11.770+0000] {logging_mixin.py:151} INFO - [DISPATCHER] Archiving raw/financial_table_1.pdf -> raw-data/2026-03-20/financial_table_1.pdf
[2026-03-20T07:00:11.781+0000] {logging_mixin.py:151} INFO - [DISPATCHER] catalog_upsert failed for raw-data/2026-03-20/financial_table_1.pdf: column "content_hash" of relation "minio_data_catalog" does not exist
LINE 4:                  row_count, text_extracted, content_hash, up...
                                                    ^
[2026-03-20T07:00:11.781+0000] {logging_mixin.py:151} INFO - [DISPATCHER] Catalog updated for archive: raw-data/2026-03-20/financial_table_1.pdf
[2026-03-20T07:00:11.785+0000] {logging_mixin.py:151} INFO - [DISPATCHER] Completed & removed landing copy: raw/financial_table_1.pdf
[2026-03-20T07:00:11.785+0000] {logging_mixin.py:151} INFO - [DISPATCHER] Found file: raw/financial_table_2.pdf
[2026-03-20T07:00:11.798+0000] {pdf_pipeline.py:395} INFO - [pdf] Processing raw/financial_table_2.pdf
[2026-03-20T07:00:11.801+0000] {pdf_pipeline.py:427} INFO - [pdf] Extracting text from PDF...
[2026-03-20T07:00:11.807+0000] {pdf_pipeline.py:449} INFO - [pdf] Extracted 471 characters of text from 1 pages
[2026-03-20T07:00:11.814+0000] {pdf_pipeline.py:468} INFO - [pdf] Uploaded extracted text -> processed/unstructured/text-extracted/financial_table_2.txt
[2026-03-20T07:00:11.816+0000] {pdf_pipeline.py:77} ERROR - [pdf] Failed saving to unstructured_documents: there is no unique or exclusion constraint matching the ON CONFLICT specification
Traceback (most recent call last):
  File "/opt/python-etl/pipelines/pdf_pipeline.py", line 60, in _save_unstructured_doc
    cursor.execute(
psycopg2.errors.InvalidColumnReference: there is no unique or exclusion constraint matching the ON CONFLICT specification

[2026-03-20T07:00:11.816+0000] {pdf_pipeline.py:80} WARNING - [pdf] Continuing pipeline despite unstructured_documents save failure
[2026-03-20T07:00:11.816+0000] {pdf_pipeline.py:490} INFO - [pdf] Extracting tables from PDF...
[2026-03-20T07:00:11.863+0000] {pdf_pipeline.py:263} INFO - [pdf] Uploaded table CSV -> processed/structured/pdf-tables/financial_table_2_page1_table1.csv
[2026-03-20T07:00:11.863+0000] {structured_pipeline.py:108} INFO - Table name: data_financial_table_2_page1_table1
[2026-03-20T07:00:11.864+0000] {structured_pipeline.py:124} INFO - [Normalize] Normalizing DataFrame with 4 columns
[2026-03-20T07:00:11.874+0000] {pdf_pipeline.py:327} INFO - [pdf] Created table: data_financial_table_2_page1_table1
[2026-03-20T07:00:11.876+0000] {pdf_pipeline.py:340} INFO - [pdf] Loaded 12 rows into data_financial_table_2_page1_table1
[2026-03-20T07:00:11.880+0000] {pdf_pipeline.py:552} INFO - [pdf] Processed table 1: 12 rows, 4 columns
[2026-03-20T07:00:11.880+0000] {pdf_pipeline.py:569} INFO - [pdf] Extracted 1 tables with 12 total rows
[2026-03-20T07:00:11.882+0000] {pdf_pipeline.py:596} INFO - [pdf] Updated catalog for raw/financial_table_2.pdf
[2026-03-20T07:00:11.883+0000] {pdf_pipeline.py:601} INFO - [pdf] ✅ Completed processing: raw/financial_table_2.pdf | pages=1 | tables=1 | rows=12 | text_chars=471
[2026-03-20T07:00:11.883+0000] {etl_manager.py:287} INFO - ETL completed: raw/financial_table_2.pdf
[2026-03-20T07:00:11.883+0000] {logging_mixin.py:151} INFO - [DISPATCHER] Archiving raw/financial_table_2.pdf -> raw-data/2026-03-20/financial_table_2.pdf
[2026-03-20T07:00:11.895+0000] {logging_mixin.py:151} INFO - [DISPATCHER] catalog_upsert failed for raw-data/2026-03-20/financial_table_2.pdf: column "content_hash" of relation "minio_data_catalog" does not exist
LINE 4:                  row_count, text_extracted, content_hash, up...
                                                    ^
[2026-03-20T07:00:11.895+0000] {logging_mixin.py:151} INFO - [DISPATCHER] Catalog updated for archive: raw-data/2026-03-20/financial_table_2.pdf
[2026-03-20T07:00:11.900+0000] {logging_mixin.py:151} INFO - [DISPATCHER] Completed & removed landing copy: raw/financial_table_2.pdf
[2026-03-20T07:00:11.900+0000] {python.py:194} INFO - Done. Returned value was: None
[2026-03-20T07:00:11.916+0000] {taskinstance.py:1398} INFO - Marking task as SUCCESS. dag_id=distillationDAG, task_id=scan_minio_and_dispatch, execution_date=20260320T065923, start_date=20260320T070009, end_date=20260320T070011
[2026-03-20T07:00:11.984+0000] {local_task_job_runner.py:228} INFO - Task exited with return code 0
[2026-03-20T07:00:12.010+0000] {taskinstance.py:2776} INFO - 0 downstream tasks scheduled from follow-on schedule check
