[2026-04-21T15:27:16.168+0000] {taskinstance.py:1157} INFO - Dependencies all met for dep_context=non-requeueable deps ti=<TaskInstance: embedding_sync_dag.attach_triggers scheduled__2026-04-21T15:20:00+00:00 [queued]>
[2026-04-21T15:27:16.176+0000] {taskinstance.py:1157} INFO - Dependencies all met for dep_context=requeueable deps ti=<TaskInstance: embedding_sync_dag.attach_triggers scheduled__2026-04-21T15:20:00+00:00 [queued]>
[2026-04-21T15:27:16.176+0000] {taskinstance.py:1359} INFO - Starting attempt 1 of 3
[2026-04-21T15:27:16.189+0000] {taskinstance.py:1380} INFO - Executing <Task(PythonOperator): attach_triggers> on 2026-04-21 15:20:00+00:00
[2026-04-21T15:27:16.195+0000] {standard_task_runner.py:57} INFO - Started process 451 to run task
[2026-04-21T15:27:16.198+0000] {standard_task_runner.py:84} INFO - Running: ['***', 'tasks', 'run', 'embedding_sync_dag', 'attach_triggers', 'scheduled__2026-04-21T15:20:00+00:00', '--job-id', '2705', '--raw', '--subdir', 'DAGS_FOLDER/embedding_sync_dag.py', '--cfg-path', '/tmp/tmp7aca9zrs']
[2026-04-21T15:27:16.202+0000] {standard_task_runner.py:85} INFO - Job 2705: Subtask attach_triggers
[2026-04-21T15:27:16.279+0000] {task_command.py:415} INFO - Running <TaskInstance: embedding_sync_dag.attach_triggers scheduled__2026-04-21T15:20:00+00:00 [running]> on host 6876ca2acfd0
[2026-04-21T15:27:16.407+0000] {taskinstance.py:1660} INFO - Exporting env vars: AIRFLOW_CTX_DAG_OWNER='lakehouse' AIRFLOW_CTX_DAG_ID='embedding_sync_dag' AIRFLOW_CTX_TASK_ID='attach_triggers' AIRFLOW_CTX_EXECUTION_DATE='2026-04-21T15:20:00+00:00' AIRFLOW_CTX_TRY_NUMBER='1' AIRFLOW_CTX_DAG_RUN_ID='scheduled__2026-04-21T15:20:00+00:00'
[2026-04-21T15:27:17.458+0000] {embedding_pipeline.py:155} INFO - [embed] Trigger attached: data_machine_readable_business_employment_data_dec_2025_quarter
[2026-04-21T15:27:17.459+0000] {embedding_pipeline.py:155} INFO - [embed] Trigger attached: data_sample_withtables_page1_table1
[2026-04-21T15:27:17.461+0000] {embedding_pipeline.py:155} INFO - [embed] Trigger attached: data_sample_withtables_page3_table2
[2026-04-21T15:27:17.463+0000] {embedding_pipeline.py:155} INFO - [embed] Trigger attached: data_sample_withtables_page1_table2
[2026-04-21T15:27:17.465+0000] {embedding_pipeline.py:155} INFO - [embed] Trigger attached: data_sample_withtables_page1_table3
[2026-04-21T15:27:17.466+0000] {embedding_pipeline.py:155} INFO - [embed] Trigger attached: data_sample_withtables_page2_table1
[2026-04-21T15:27:17.467+0000] {embedding_pipeline.py:155} INFO - [embed] Trigger attached: data_sample_withtables_page2_table2
[2026-04-21T15:27:17.467+0000] {embedding_pipeline.py:155} INFO - [embed] Trigger attached: data_sample_withtables_page2_table3
[2026-04-21T15:27:17.468+0000] {embedding_pipeline.py:155} INFO - [embed] Trigger attached: data_sample_withtables_page3_table1
[2026-04-21T15:27:17.468+0000] {embedding_pipeline.py:155} INFO - [embed] Trigger attached: data_sample_withtables_page3_table3
[2026-04-21T15:27:17.469+0000] {embedding_pipeline.py:155} INFO - [embed] Trigger attached: data_sample_withtables_page4_table1
[2026-04-21T15:27:17.470+0000] {embedding_pipeline.py:155} INFO - [embed] Trigger attached: data_sample_withtables_page4_table2
[2026-04-21T15:27:17.471+0000] {embedding_pipeline.py:155} INFO - [embed] Trigger attached: data_sample_withtables_page5_table1
[2026-04-21T15:27:17.472+0000] {embedding_pipeline.py:155} INFO - [embed] Trigger attached: data_sample_withtables_page5_table2
[2026-04-21T15:27:17.472+0000] {embedding_pipeline.py:155} INFO - [embed] Trigger attached: data_sample_withtables_page5_table3
[2026-04-21T15:27:17.473+0000] {embedding_pipeline.py:155} INFO - [embed] Trigger attached: data_sample_withtables_page5_table4
[2026-04-21T15:27:17.474+0000] {embedding_pipeline.py:155} INFO - [embed] Trigger attached: data_sample_withtables_page6_table1
[2026-04-21T15:27:17.474+0000] {embedding_pipeline.py:155} INFO - [embed] Trigger attached: data_sample_withtables_page6_table2
[2026-04-21T15:27:17.475+0000] {embedding_pipeline.py:155} INFO - [embed] Trigger attached: data_sample_withtables_page6_table3
[2026-04-21T15:27:17.475+0000] {embedding_pipeline.py:155} INFO - [embed] Trigger attached: data_sample_withtables_page9_table3
[2026-04-21T15:27:17.476+0000] {embedding_pipeline.py:155} INFO - [embed] Trigger attached: data_sample_withtables_page7_table1
[2026-04-21T15:27:17.476+0000] {embedding_pipeline.py:155} INFO - [embed] Trigger attached: data_sample_withtables_page7_table2
[2026-04-21T15:27:17.477+0000] {embedding_pipeline.py:155} INFO - [embed] Trigger attached: data_sample_withtables_page8_table1
[2026-04-21T15:27:17.477+0000] {embedding_pipeline.py:155} INFO - [embed] Trigger attached: data_sample_withtables_page8_table2
[2026-04-21T15:27:17.478+0000] {embedding_pipeline.py:155} INFO - [embed] Trigger attached: data_sample_withtables_page8_table3
[2026-04-21T15:27:17.479+0000] {embedding_pipeline.py:155} INFO - [embed] Trigger attached: data_sample_withtables_page9_table1
[2026-04-21T15:27:17.480+0000] {embedding_pipeline.py:155} INFO - [embed] Trigger attached: data_sample_withtables_page9_table2
[2026-04-21T15:27:17.481+0000] {embedding_pipeline.py:155} INFO - [embed] Trigger attached: data_sample_withtables_page10_table1
[2026-04-21T15:27:17.481+0000] {embedding_pipeline.py:155} INFO - [embed] Trigger attached: data_sample_withtables_page10_table2
[2026-04-21T15:27:17.482+0000] {embedding_pipeline.py:155} INFO - [embed] Trigger attached: data_sample_withtables_page11_table1
[2026-04-21T15:27:17.482+0000] {embedding_pipeline.py:155} INFO - [embed] Trigger attached: data_sample3_table_1
[2026-04-21T15:27:17.483+0000] {embedding_pipeline.py:155} INFO - [embed] Trigger attached: data_sample3_table_2
[2026-04-21T15:27:17.513+0000] {python.py:194} INFO - Done. Returned value was: 32
[2026-04-21T15:27:17.555+0000] {taskinstance.py:1398} INFO - Marking task as SUCCESS. dag_id=embedding_sync_dag, task_id=attach_triggers, execution_date=20260421T152000, start_date=20260421T152716, end_date=20260421T152717
[2026-04-21T15:27:17.625+0000] {local_task_job_runner.py:228} INFO - Task exited with return code 0
[2026-04-21T15:27:17.657+0000] {taskinstance.py:2776} INFO - 0 downstream tasks scheduled from follow-on schedule check
