[2025-11-19T19:36:27.928+0000] {taskinstance.py:1157} INFO - Dependencies all met for dep_context=non-requeueable deps ti=<TaskInstance: local_to_minio_ingestion.ingest_local_folder scheduled__2025-11-19T19:27:09.164168+00:00 [queued]>
[2025-11-19T19:36:27.942+0000] {taskinstance.py:1157} INFO - Dependencies all met for dep_context=requeueable deps ti=<TaskInstance: local_to_minio_ingestion.ingest_local_folder scheduled__2025-11-19T19:27:09.164168+00:00 [queued]>
[2025-11-19T19:36:27.943+0000] {taskinstance.py:1359} INFO - Starting attempt 4 of 4
[2025-11-19T19:36:27.963+0000] {taskinstance.py:1380} INFO - Executing <Task(PythonOperator): ingest_local_folder> on 2025-11-19 19:27:09.164168+00:00
[2025-11-19T19:36:27.975+0000] {standard_task_runner.py:57} INFO - Started process 376 to run task
[2025-11-19T19:36:27.985+0000] {standard_task_runner.py:84} INFO - Running: ['***', 'tasks', 'run', 'local_to_minio_ingestion', 'ingest_local_folder', 'scheduled__2025-11-19T19:27:09.164168+00:00', '--job-id', '169', '--raw', '--subdir', 'DAGS_FOLDER/ingest_local_folder_dag.py', '--cfg-path', '/tmp/tmp05ea_iyi']
[2025-11-19T19:36:27.990+0000] {standard_task_runner.py:85} INFO - Job 169: Subtask ingest_local_folder
[2025-11-19T19:36:28.041+0000] {logging_mixin.py:151} WARNING - /home/***/.local/lib/python3.11/site-packages/***/settings.py:195 DeprecationWarning: The sql_alchemy_conn option in [core] has been moved to the sql_alchemy_conn option in [database] - the old setting has been used, but please update your config.
[2025-11-19T19:36:28.147+0000] {task_command.py:415} INFO - Running <TaskInstance: local_to_minio_ingestion.ingest_local_folder scheduled__2025-11-19T19:27:09.164168+00:00 [running]> on host c5a800daf272
[2025-11-19T19:36:28.361+0000] {taskinstance.py:1660} INFO - Exporting env vars: AIRFLOW_CTX_DAG_OWNER='***' AIRFLOW_CTX_DAG_ID='local_to_minio_ingestion' AIRFLOW_CTX_TASK_ID='ingest_local_folder' AIRFLOW_CTX_EXECUTION_DATE='2025-11-19T19:27:09.164168+00:00' AIRFLOW_CTX_TRY_NUMBER='4' AIRFLOW_CTX_DAG_RUN_ID='scheduled__2025-11-19T19:27:09.164168+00:00'
[2025-11-19T19:36:28.390+0000] {logging_mixin.py:151} INFO - Uploaded products.csv → MinIO raw/
[2025-11-19T19:36:28.391+0000] {taskinstance.py:1935} ERROR - Task failed with exception
Traceback (most recent call last):
  File "/home/airflow/.local/lib/python3.11/site-packages/airflow/operators/python.py", line 192, in execute
    return_value = self.execute_callable()
                   ^^^^^^^^^^^^^^^^^^^^^^^
  File "/home/airflow/.local/lib/python3.11/site-packages/airflow/operators/python.py", line 209, in execute_callable
    return self.python_callable(*self.op_args, **self.op_kwargs)
           ^^^^^^^^^^^^^^^^^^^^^^^^^^^^^^^^^^^^^^^^^^^^^^^^^^^^^
  File "/opt/airflow/dags/ingest_local_folder_dag.py", line 43, in ingest_local_files
    os.remove(fpath)  # remove only AFTER successful upload
    ^^^^^^^^^^^^^^^^
PermissionError: [Errno 13] Permission denied: '/opt/airflow/sample/products.csv'
[2025-11-19T19:36:28.413+0000] {taskinstance.py:1398} INFO - Marking task as FAILED. dag_id=local_to_minio_ingestion, task_id=ingest_local_folder, execution_date=20251119T192709, start_date=20251119T193627, end_date=20251119T193628
[2025-11-19T19:36:28.428+0000] {standard_task_runner.py:104} ERROR - Failed to execute job 169 for task ingest_local_folder ([Errno 13] Permission denied: '/opt/airflow/sample/products.csv'; 376)
[2025-11-19T19:36:28.452+0000] {local_task_job_runner.py:228} INFO - Task exited with return code 1
[2025-11-19T19:36:28.486+0000] {taskinstance.py:2776} INFO - 0 downstream tasks scheduled from follow-on schedule check
