[2025-11-19T18:11:41.071+0000] {taskinstance.py:1157} INFO - Dependencies all met for dep_context=non-requeueable deps ti=<TaskInstance: minio_dispatcher.scan_and_dispatch scheduled__2025-11-19T09:52:11.944836+00:00 [queued]>
[2025-11-19T18:11:41.087+0000] {taskinstance.py:1157} INFO - Dependencies all met for dep_context=requeueable deps ti=<TaskInstance: minio_dispatcher.scan_and_dispatch scheduled__2025-11-19T09:52:11.944836+00:00 [queued]>
[2025-11-19T18:11:41.088+0000] {taskinstance.py:1359} INFO - Starting attempt 2 of 2
[2025-11-19T18:11:41.114+0000] {taskinstance.py:1380} INFO - Executing <Task(PythonOperator): scan_and_dispatch> on 2025-11-19 09:52:11.944836+00:00
[2025-11-19T18:11:41.134+0000] {standard_task_runner.py:57} INFO - Started process 1852 to run task
[2025-11-19T18:11:41.148+0000] {standard_task_runner.py:84} INFO - Running: ['***', 'tasks', 'run', 'minio_dispatcher', 'scan_and_dispatch', 'scheduled__2025-11-19T09:52:11.944836+00:00', '--job-id', '56', '--raw', '--subdir', 'DAGS_FOLDER/minio_dispatcher_dag.py', '--cfg-path', '/tmp/tmpn5hmq8fr']
[2025-11-19T18:11:41.154+0000] {standard_task_runner.py:85} INFO - Job 56: Subtask scan_and_dispatch
[2025-11-19T18:11:41.192+0000] {logging_mixin.py:151} WARNING - /home/***/.local/lib/python3.11/site-packages/***/settings.py:195 DeprecationWarning: The sql_alchemy_conn option in [core] has been moved to the sql_alchemy_conn option in [database] - the old setting has been used, but please update your config.
[2025-11-19T18:11:41.276+0000] {task_command.py:415} INFO - Running <TaskInstance: minio_dispatcher.scan_and_dispatch scheduled__2025-11-19T09:52:11.944836+00:00 [running]> on host f5e84bb1d93e
[2025-11-19T18:11:41.467+0000] {taskinstance.py:1660} INFO - Exporting env vars: AIRFLOW_CTX_DAG_OWNER='nimish' AIRFLOW_CTX_DAG_ID='minio_dispatcher' AIRFLOW_CTX_TASK_ID='scan_and_dispatch' AIRFLOW_CTX_EXECUTION_DATE='2025-11-19T09:52:11.944836+00:00' AIRFLOW_CTX_TRY_NUMBER='2' AIRFLOW_CTX_DAG_RUN_ID='scheduled__2025-11-19T09:52:11.944836+00:00'
[2025-11-19T18:11:41.495+0000] {taskinstance.py:1935} ERROR - Task failed with exception
Traceback (most recent call last):
  File "/usr/local/lib/python3.11/contextlib.py", line 155, in __exit__
    self.gen.throw(typ, value, traceback)
  File "/home/airflow/.local/lib/python3.11/site-packages/airflow/models/taskinstance.py", line 176, in set_current_context
    yield context
  File "/home/airflow/.local/lib/python3.11/site-packages/airflow/models/taskinstance.py", line 1679, in _execute_task_with_callbacks
    result = self._execute_task(context, task_orig)
             ^^^^^^^^^^^^^^^^^^^^^^^^^^^^^^^^^^^^^^
  File "/home/airflow/.local/lib/python3.11/site-packages/airflow/models/taskinstance.py", line 1742, in _execute_task
    result = execute_callable(context=context, **execute_callable_kwargs)
             ^^^^^^^^^^^^^^^^^^^^^^^^^^^^^^^^^^^^^^^^^^^^^^^^^^^^^^^^^^^^
  File "/home/airflow/.local/lib/python3.11/site-packages/airflow/operators/python.py", line 192, in execute
    return_value = self.execute_callable()
                   ^^^^^^^^^^^^^^^^^^^^^^^
  File "/home/airflow/.local/lib/python3.11/site-packages/airflow/operators/python.py", line 209, in execute_callable
    return self.python_callable(*self.op_args, **self.op_kwargs)
           ^^^^^^^^^^^^^^^^^^^^^^^^^^^^^^^^^^^^^^^^^^^^^^^^^^^^^
  File "/opt/airflow/dags/minio_dispatcher_dag.py", line 46, in scan_and_dispatch
    for obj in objects:
  File "/home/airflow/.local/lib/python3.11/site-packages/minio/api.py", line 3323, in _list_objects
    response = self._execute(
               ^^^^^^^^^^^^^^
  File "/home/airflow/.local/lib/python3.11/site-packages/minio/api.py", line 441, in _execute
    region = self._get_region(bucket_name)
             ^^^^^^^^^^^^^^^^^^^^^^^^^^^^^
  File "/home/airflow/.local/lib/python3.11/site-packages/minio/api.py", line 498, in _get_region
    response = self._url_open(
               ^^^^^^^^^^^^^^^
  File "/home/airflow/.local/lib/python3.11/site-packages/minio/api.py", line 427, in _url_open
    raise response_error
minio.error.S3Error: S3 operation failed; code: InvalidRequest, message: Invalid Request (invalid hostname), resource: /lakehouse-data, request_id: 18797AF046EEBDFF, host_id: dd9025bab4ad464b049177c95eb6ebf374d3b3fd1af9251148b658df7ac2e3e8

During handling of the above exception, another exception occurred:

Traceback (most recent call last):
  File "/home/airflow/.local/lib/python3.11/site-packages/airflow/models/taskinstance.py", line 1516, in _run_raw_task
    self._execute_task_with_callbacks(context, test_mode, session=session)
  File "/home/airflow/.local/lib/python3.11/site-packages/airflow/models/taskinstance.py", line 1678, in _execute_task_with_callbacks
    with set_current_context(context):
  File "/usr/local/lib/python3.11/contextlib.py", line 188, in __exit__
    exc.__traceback__ = traceback
    ^^^^^^^^^^^^^^^^^
  File "<string>", line 4, in __setattr__
dataclasses.FrozenInstanceError: cannot assign to field '__traceback__'
[2025-11-19T18:11:41.528+0000] {taskinstance.py:1398} INFO - Marking task as FAILED. dag_id=minio_dispatcher, task_id=scan_and_dispatch, execution_date=20251119T095211, start_date=20251119T181141, end_date=20251119T181141
[2025-11-19T18:11:41.547+0000] {standard_task_runner.py:104} ERROR - Failed to execute job 56 for task scan_and_dispatch (cannot assign to field '__traceback__'; 1852)
[2025-11-19T18:11:41.602+0000] {local_task_job_runner.py:228} INFO - Task exited with return code 1
[2025-11-19T18:11:41.652+0000] {taskinstance.py:2776} INFO - 0 downstream tasks scheduled from follow-on schedule check
