[2025-12-30T06:53:35.039+0000] {taskinstance.py:1157} INFO - Dependencies all met for dep_context=non-requeueable deps ti=<TaskInstance: distillationDAG.scan_minio_and_dispatch scheduled__2025-12-30T06:52:25.899375+00:00 [queued]>
[2025-12-30T06:53:35.051+0000] {taskinstance.py:1157} INFO - Dependencies all met for dep_context=requeueable deps ti=<TaskInstance: distillationDAG.scan_minio_and_dispatch scheduled__2025-12-30T06:52:25.899375+00:00 [queued]>
[2025-12-30T06:53:35.051+0000] {taskinstance.py:1359} INFO - Starting attempt 2 of 4
[2025-12-30T06:53:35.067+0000] {taskinstance.py:1380} INFO - Executing <Task(PythonOperator): scan_minio_and_dispatch> on 2025-12-30 06:52:25.899375+00:00
[2025-12-30T06:53:35.076+0000] {standard_task_runner.py:57} INFO - Started process 246 to run task
[2025-12-30T06:53:35.081+0000] {standard_task_runner.py:84} INFO - Running: ['***', 'tasks', 'run', 'distillationDAG', 'scan_minio_and_dispatch', 'scheduled__2025-12-30T06:52:25.899375+00:00', '--job-id', '597', '--raw', '--subdir', 'DAGS_FOLDER/dispatcher_pipeline_dag.py', '--cfg-path', '/tmp/tmpzrmzfrp_']
[2025-12-30T06:53:35.086+0000] {standard_task_runner.py:85} INFO - Job 597: Subtask scan_minio_and_dispatch
[2025-12-30T06:53:35.115+0000] {logging_mixin.py:151} WARNING - /home/***/.local/lib/python3.11/site-packages/***/settings.py:195 DeprecationWarning: The sql_alchemy_conn option in [core] has been moved to the sql_alchemy_conn option in [database] - the old setting has been used, but please update your config.
[2025-12-30T06:53:35.180+0000] {task_command.py:415} INFO - Running <TaskInstance: distillationDAG.scan_minio_and_dispatch scheduled__2025-12-30T06:52:25.899375+00:00 [running]> on host f21ef6ceba2a
[2025-12-30T06:53:35.595+0000] {taskinstance.py:1660} INFO - Exporting env vars: AIRFLOW_CTX_DAG_OWNER='***' AIRFLOW_CTX_DAG_ID='distillationDAG' AIRFLOW_CTX_TASK_ID='scan_minio_and_dispatch' AIRFLOW_CTX_EXECUTION_DATE='2025-12-30T06:52:25.899375+00:00' AIRFLOW_CTX_TRY_NUMBER='2' AIRFLOW_CTX_DAG_RUN_ID='scheduled__2025-12-30T06:52:25.899375+00:00'
[2025-12-30T06:53:35.614+0000] {logging_mixin.py:151} INFO - [DISPATCHER] Found file: raw/sample-local-pdf.pdf
[2025-12-30T06:53:35.893+0000] {pdf_pipeline.py:216} INFO - [pdf] Processing raw/sample-local-pdf.pdf
[2025-12-30T06:53:35.901+0000] {pdf_pipeline.py:249} INFO - [pdf] Extracting text from PDF...
[2025-12-30T06:53:35.902+0000] {_utils.py:457} WARNING - Ignoring wrong pointing object 8 0 (offset 0)
[2025-12-30T06:53:36.112+0000] {pdf_pipeline.py:263} INFO - [pdf] Extracted 9209 characters of text from 3 pages
[2025-12-30T06:53:36.118+0000] {pdf_pipeline.py:277} INFO - [pdf] Uploaded extracted text -> processed/unstructured/text-extracted/sample-local-pdf.txt
[2025-12-30T06:53:36.120+0000] {pdf_pipeline.py:101} ERROR - [pdf] Failed inserting into unstructured_documents
Traceback (most recent call last):
  File "/opt/python-etl/pipelines/pdf_pipeline.py", line 86, in _save_unstructured_doc
    cursor.execute(
psycopg2.errors.InvalidColumnReference: there is no unique or exclusion constraint matching the ON CONFLICT specification

[2025-12-30T06:53:36.121+0000] {taskinstance.py:1935} ERROR - Task failed with exception
Traceback (most recent call last):
  File "/home/airflow/.local/lib/python3.11/site-packages/airflow/operators/python.py", line 192, in execute
    return_value = self.execute_callable()
                   ^^^^^^^^^^^^^^^^^^^^^^^
  File "/home/airflow/.local/lib/python3.11/site-packages/airflow/operators/python.py", line 209, in execute_callable
    return self.python_callable(*self.op_args, **self.op_kwargs)
           ^^^^^^^^^^^^^^^^^^^^^^^^^^^^^^^^^^^^^^^^^^^^^^^^^^^^^
  File "/opt/airflow/dags/dispatcher_pipeline_dag.py", line 56, in scan_and_dispatch
    run_pipeline_for_object(object_name)
  File "/opt/python-etl/etl_manager.py", line 276, in run_pipeline_for_object
    pdf_pipeline.process_minio_object(
  File "/opt/python-etl/pipelines/pdf_pipeline.py", line 281, in process_minio_object
    _save_unstructured_doc(
  File "/opt/python-etl/pipelines/pdf_pipeline.py", line 86, in _save_unstructured_doc
    cursor.execute(
psycopg2.errors.InvalidColumnReference: there is no unique or exclusion constraint matching the ON CONFLICT specification

[2025-12-30T06:53:36.137+0000] {taskinstance.py:1398} INFO - Marking task as UP_FOR_RETRY. dag_id=distillationDAG, task_id=scan_minio_and_dispatch, execution_date=20251230T065225, start_date=20251230T065335, end_date=20251230T065336
[2025-12-30T06:53:36.151+0000] {standard_task_runner.py:104} ERROR - Failed to execute job 597 for task scan_minio_and_dispatch (there is no unique or exclusion constraint matching the ON CONFLICT specification
; 246)
[2025-12-30T06:53:36.176+0000] {local_task_job_runner.py:228} INFO - Task exited with return code 1
[2025-12-30T06:53:36.208+0000] {taskinstance.py:2776} INFO - 0 downstream tasks scheduled from follow-on schedule check
