[2025-12-30T06:53:20.685+0000] {taskinstance.py:1157} INFO - Dependencies all met for dep_context=non-requeueable deps ti=<TaskInstance: distillationDAG.scan_minio_and_dispatch scheduled__2025-12-30T06:52:25.899375+00:00 [queued]>
[2025-12-30T06:53:20.696+0000] {taskinstance.py:1157} INFO - Dependencies all met for dep_context=requeueable deps ti=<TaskInstance: distillationDAG.scan_minio_and_dispatch scheduled__2025-12-30T06:52:25.899375+00:00 [queued]>
[2025-12-30T06:53:20.696+0000] {taskinstance.py:1359} INFO - Starting attempt 1 of 4
[2025-12-30T06:53:20.711+0000] {taskinstance.py:1380} INFO - Executing <Task(PythonOperator): scan_minio_and_dispatch> on 2025-12-30 06:52:25.899375+00:00
[2025-12-30T06:53:20.720+0000] {standard_task_runner.py:57} INFO - Started process 238 to run task
[2025-12-30T06:53:20.725+0000] {standard_task_runner.py:84} INFO - Running: ['***', 'tasks', 'run', 'distillationDAG', 'scan_minio_and_dispatch', 'scheduled__2025-12-30T06:52:25.899375+00:00', '--job-id', '596', '--raw', '--subdir', 'DAGS_FOLDER/dispatcher_pipeline_dag.py', '--cfg-path', '/tmp/tmp9nr3oqqg']
[2025-12-30T06:53:20.729+0000] {standard_task_runner.py:85} INFO - Job 596: Subtask scan_minio_and_dispatch
[2025-12-30T06:53:20.758+0000] {logging_mixin.py:151} WARNING - /home/***/.local/lib/python3.11/site-packages/***/settings.py:195 DeprecationWarning: The sql_alchemy_conn option in [core] has been moved to the sql_alchemy_conn option in [database] - the old setting has been used, but please update your config.
[2025-12-30T06:53:20.866+0000] {task_command.py:415} INFO - Running <TaskInstance: distillationDAG.scan_minio_and_dispatch scheduled__2025-12-30T06:52:25.899375+00:00 [running]> on host f21ef6ceba2a
[2025-12-30T06:53:21.455+0000] {taskinstance.py:1660} INFO - Exporting env vars: AIRFLOW_CTX_DAG_OWNER='***' AIRFLOW_CTX_DAG_ID='distillationDAG' AIRFLOW_CTX_TASK_ID='scan_minio_and_dispatch' AIRFLOW_CTX_EXECUTION_DATE='2025-12-30T06:52:25.899375+00:00' AIRFLOW_CTX_TRY_NUMBER='1' AIRFLOW_CTX_DAG_RUN_ID='scheduled__2025-12-30T06:52:25.899375+00:00'
[2025-12-30T06:53:21.470+0000] {logging_mixin.py:151} INFO - [DISPATCHER] Found file: raw/employees_100KB_min.json
[2025-12-30T06:53:21.689+0000] {structured_pipeline.py:497} INFO - [structured] Processing raw/employees_100KB_min.json
[2025-12-30T06:53:21.694+0000] {structured_pipeline.py:504} INFO - [structured] Downloaded 102744 bytes
[2025-12-30T06:53:21.694+0000] {structured_pipeline.py:508} INFO - [structured] Detected file type: json
[2025-12-30T06:53:21.698+0000] {structured_pipeline.py:21} INFO - Detected encoding: ascii (confidence: 1.00)
[2025-12-30T06:53:21.698+0000] {structured_pipeline.py:296} INFO - [JSON] Attempting to decode with ascii
[2025-12-30T06:53:21.705+0000] {structured_pipeline.py:311} INFO - [JSON] Successfully read as standard JSON: 117 rows
[2025-12-30T06:53:21.705+0000] {structured_pipeline.py:531} INFO - [structured] Initial read: 117 rows, 15 columns
[2025-12-30T06:53:21.705+0000] {structured_pipeline.py:362} INFO - [Clean] Cleaning dataframe...
[2025-12-30T06:53:21.716+0000] {structured_pipeline.py:387} INFO - [Clean] Cleaned dataframe: 117 rows, 15 columns
[2025-12-30T06:53:21.717+0000] {structured_pipeline.py:107} INFO - Table name: data_employees_100kb_min
[2025-12-30T06:53:21.717+0000] {structured_pipeline.py:123} INFO - [Normalize] Normalizing DataFrame with 15 columns
[2025-12-30T06:53:21.718+0000] {structured_pipeline.py:133} INFO - [Normalize] Flattening complex column: family
[2025-12-30T06:53:21.719+0000] {structured_pipeline.py:133} INFO - [Normalize] Flattening complex column: work_history
[2025-12-30T06:53:21.721+0000] {structured_pipeline.py:133} INFO - [Normalize] Flattening complex column: projects
[2025-12-30T06:53:21.724+0000] {structured_pipeline.py:401} INFO - [PostgreSQL] Dropped existing table: data_employees_100kb_min
[2025-12-30T06:53:21.726+0000] {structured_pipeline.py:410} INFO - [PostgreSQL] Column 'employee_id' -> INTEGER
[2025-12-30T06:53:21.729+0000] {logging_mixin.py:151} WARNING - /opt/python-etl/pipelines/structured_pipeline.py:189 UserWarning: Could not infer format, so each element will be parsed individually, falling back to `dateutil`. To ensure parsing is consistent and as-expected, please specify a format.
[2025-12-30T06:53:21.730+0000] {structured_pipeline.py:410} INFO - [PostgreSQL] Column 'name' -> TEXT
[2025-12-30T06:53:21.731+0000] {structured_pipeline.py:410} INFO - [PostgreSQL] Column 'age' -> INTEGER
[2025-12-30T06:53:21.732+0000] {logging_mixin.py:151} WARNING - /opt/python-etl/pipelines/structured_pipeline.py:189 UserWarning: Could not infer format, so each element will be parsed individually, falling back to `dateutil`. To ensure parsing is consistent and as-expected, please specify a format.
[2025-12-30T06:53:21.733+0000] {structured_pipeline.py:410} INFO - [PostgreSQL] Column 'position' -> TEXT
[2025-12-30T06:53:21.734+0000] {logging_mixin.py:151} WARNING - /opt/python-etl/pipelines/structured_pipeline.py:189 UserWarning: Could not infer format, so each element will be parsed individually, falling back to `dateutil`. To ensure parsing is consistent and as-expected, please specify a format.
[2025-12-30T06:53:21.735+0000] {structured_pipeline.py:410} INFO - [PostgreSQL] Column 'department' -> TEXT
[2025-12-30T06:53:21.736+0000] {logging_mixin.py:151} WARNING - /opt/python-etl/pipelines/structured_pipeline.py:189 UserWarning: Could not infer format, so each element will be parsed individually, falling back to `dateutil`. To ensure parsing is consistent and as-expected, please specify a format.
[2025-12-30T06:53:21.736+0000] {structured_pipeline.py:410} INFO - [PostgreSQL] Column 'manager' -> TEXT
[2025-12-30T06:53:21.737+0000] {structured_pipeline.py:410} INFO - [PostgreSQL] Column 'family' -> JSONB
[2025-12-30T06:53:21.737+0000] {structured_pipeline.py:410} INFO - [PostgreSQL] Column 'work_history' -> JSONB
[2025-12-30T06:53:21.738+0000] {structured_pipeline.py:410} INFO - [PostgreSQL] Column 'projects' -> JSONB
[2025-12-30T06:53:21.739+0000] {logging_mixin.py:151} WARNING - /opt/python-etl/pipelines/structured_pipeline.py:189 UserWarning: Could not infer format, so each element will be parsed individually, falling back to `dateutil`. To ensure parsing is consistent and as-expected, please specify a format.
[2025-12-30T06:53:21.740+0000] {structured_pipeline.py:410} INFO - [PostgreSQL] Column 'contact_email' -> TEXT
[2025-12-30T06:53:21.741+0000] {logging_mixin.py:151} WARNING - /opt/python-etl/pipelines/structured_pipeline.py:189 UserWarning: Could not infer format, so each element will be parsed individually, falling back to `dateutil`. To ensure parsing is consistent and as-expected, please specify a format.
[2025-12-30T06:53:21.741+0000] {structured_pipeline.py:410} INFO - [PostgreSQL] Column 'contact_phone' -> TEXT
[2025-12-30T06:53:21.743+0000] {logging_mixin.py:151} WARNING - /opt/python-etl/pipelines/structured_pipeline.py:189 UserWarning: Could not infer format, so each element will be parsed individually, falling back to `dateutil`. To ensure parsing is consistent and as-expected, please specify a format.
[2025-12-30T06:53:21.743+0000] {structured_pipeline.py:410} INFO - [PostgreSQL] Column 'address_street' -> TEXT
[2025-12-30T06:53:21.745+0000] {logging_mixin.py:151} WARNING - /opt/python-etl/pipelines/structured_pipeline.py:189 UserWarning: Could not infer format, so each element will be parsed individually, falling back to `dateutil`. To ensure parsing is consistent and as-expected, please specify a format.
[2025-12-30T06:53:21.745+0000] {structured_pipeline.py:410} INFO - [PostgreSQL] Column 'address_city' -> TEXT
[2025-12-30T06:53:21.746+0000] {structured_pipeline.py:410} INFO - [PostgreSQL] Column 'address_zip_code' -> INTEGER
[2025-12-30T06:53:21.747+0000] {logging_mixin.py:151} WARNING - /opt/python-etl/pipelines/structured_pipeline.py:189 UserWarning: Could not infer format, so each element will be parsed individually, falling back to `dateutil`. To ensure parsing is consistent and as-expected, please specify a format.
[2025-12-30T06:53:21.748+0000] {structured_pipeline.py:410} INFO - [PostgreSQL] Column 'address_country' -> TEXT
[2025-12-30T06:53:21.761+0000] {structured_pipeline.py:421} INFO - [PostgreSQL] Created table: data_employees_100kb_min
[2025-12-30T06:53:21.781+0000] {structured_pipeline.py:443} INFO - [PostgreSQL] Loaded 117 rows into data_employees_100kb_min
[2025-12-30T06:53:21.781+0000] {structured_pipeline.py:456} INFO - [Parquet] Writing Parquet file...
[2025-12-30T06:53:21.900+0000] {logging_mixin.py:151} WARNING - /home/***/.local/lib/python3.11/site-packages/pyarrow/pandas_compat.py:373 FutureWarning: is_sparse is deprecated and will be removed in a future version. Check `isinstance(dtype, pd.SparseDtype)` instead.
[2025-12-30T06:53:21.946+0000] {structured_pipeline.py:483} INFO - [Parquet] Saved to: processed/structured/employees_100KB_min.parquet
[2025-12-30T06:53:21.958+0000] {structured_pipeline.py:556} INFO - [structured] ✅ Successfully processed raw/employees_100KB_min.json
[2025-12-30T06:53:21.959+0000] {etl_manager.py:295} INFO - Processing complete for: raw/employees_100KB_min.json
[2025-12-30T06:53:21.960+0000] {logging_mixin.py:151} INFO - [DISPATCHER] Archiving raw/employees_100KB_min.json -> raw-data/2025-12-30/employees_100KB_min.json
[2025-12-30T06:53:21.987+0000] {logging_mixin.py:151} INFO - [DISPATCHER] Completed & removed landing copy: raw/employees_100KB_min.json
[2025-12-30T06:53:21.987+0000] {logging_mixin.py:151} INFO - [DISPATCHER] Found file: raw/employees_10KB.json
[2025-12-30T06:53:22.015+0000] {structured_pipeline.py:497} INFO - [structured] Processing raw/employees_10KB.json
[2025-12-30T06:53:22.026+0000] {structured_pipeline.py:504} INFO - [structured] Downloaded 11694 bytes
[2025-12-30T06:53:22.026+0000] {structured_pipeline.py:508} INFO - [structured] Detected file type: json
[2025-12-30T06:53:22.037+0000] {structured_pipeline.py:21} INFO - Detected encoding: ascii (confidence: 1.00)
[2025-12-30T06:53:22.038+0000] {structured_pipeline.py:296} INFO - [JSON] Attempting to decode with ascii
[2025-12-30T06:53:22.041+0000] {structured_pipeline.py:311} INFO - [JSON] Successfully read as standard JSON: 6 rows
[2025-12-30T06:53:22.041+0000] {structured_pipeline.py:531} INFO - [structured] Initial read: 6 rows, 10 columns
[2025-12-30T06:53:22.042+0000] {structured_pipeline.py:362} INFO - [Clean] Cleaning dataframe...
[2025-12-30T06:53:22.064+0000] {structured_pipeline.py:387} INFO - [Clean] Cleaned dataframe: 6 rows, 10 columns
[2025-12-30T06:53:22.065+0000] {structured_pipeline.py:107} INFO - Table name: data_employees_10kb
[2025-12-30T06:53:22.066+0000] {structured_pipeline.py:123} INFO - [Normalize] Normalizing DataFrame with 10 columns
[2025-12-30T06:53:22.071+0000] {structured_pipeline.py:133} INFO - [Normalize] Flattening complex column: employee_projects
[2025-12-30T06:53:22.074+0000] {structured_pipeline.py:401} INFO - [PostgreSQL] Dropped existing table: data_employees_10kb
[2025-12-30T06:53:22.079+0000] {logging_mixin.py:151} WARNING - /opt/python-etl/pipelines/structured_pipeline.py:189 UserWarning: Could not infer format, so each element will be parsed individually, falling back to `dateutil`. To ensure parsing is consistent and as-expected, please specify a format.
[2025-12-30T06:53:22.080+0000] {structured_pipeline.py:410} INFO - [PostgreSQL] Column 'employee_id' -> TEXT
[2025-12-30T06:53:22.084+0000] {logging_mixin.py:151} WARNING - /opt/python-etl/pipelines/structured_pipeline.py:189 UserWarning: Could not infer format, so each element will be parsed individually, falling back to `dateutil`. To ensure parsing is consistent and as-expected, please specify a format.
[2025-12-30T06:53:22.085+0000] {structured_pipeline.py:410} INFO - [PostgreSQL] Column 'employee_name' -> TEXT
[2025-12-30T06:53:22.089+0000] {logging_mixin.py:151} WARNING - /opt/python-etl/pipelines/structured_pipeline.py:189 UserWarning: Could not infer format, so each element will be parsed individually, falling back to `dateutil`. To ensure parsing is consistent and as-expected, please specify a format.
[2025-12-30T06:53:22.090+0000] {structured_pipeline.py:410} INFO - [PostgreSQL] Column 'employee_position' -> TEXT
[2025-12-30T06:53:22.094+0000] {logging_mixin.py:151} WARNING - /opt/python-etl/pipelines/structured_pipeline.py:189 UserWarning: Could not infer format, so each element will be parsed individually, falling back to `dateutil`. To ensure parsing is consistent and as-expected, please specify a format.
[2025-12-30T06:53:22.096+0000] {structured_pipeline.py:410} INFO - [PostgreSQL] Column 'employee_department_id' -> TEXT
[2025-12-30T06:53:22.100+0000] {logging_mixin.py:151} WARNING - /opt/python-etl/pipelines/structured_pipeline.py:189 UserWarning: Could not infer format, so each element will be parsed individually, falling back to `dateutil`. To ensure parsing is consistent and as-expected, please specify a format.
[2025-12-30T06:53:22.102+0000] {structured_pipeline.py:410} INFO - [PostgreSQL] Column 'employee_department_name' -> TEXT
[2025-12-30T06:53:22.108+0000] {logging_mixin.py:151} WARNING - /opt/python-etl/pipelines/structured_pipeline.py:189 UserWarning: Could not infer format, so each element will be parsed individually, falling back to `dateutil`. To ensure parsing is consistent and as-expected, please specify a format.
[2025-12-30T06:53:22.109+0000] {structured_pipeline.py:410} INFO - [PostgreSQL] Column 'employee_department_manager_id' -> TEXT
[2025-12-30T06:53:22.114+0000] {logging_mixin.py:151} WARNING - /opt/python-etl/pipelines/structured_pipeline.py:189 UserWarning: Could not infer format, so each element will be parsed individually, falling back to `dateutil`. To ensure parsing is consistent and as-expected, please specify a format.
[2025-12-30T06:53:22.115+0000] {structured_pipeline.py:410} INFO - [PostgreSQL] Column 'employee_department_manager_name' -> TEXT
[2025-12-30T06:53:22.119+0000] {logging_mixin.py:151} WARNING - /opt/python-etl/pipelines/structured_pipeline.py:189 UserWarning: Could not infer format, so each element will be parsed individually, falling back to `dateutil`. To ensure parsing is consistent and as-expected, please specify a format.
[2025-12-30T06:53:22.120+0000] {structured_pipeline.py:410} INFO - [PostgreSQL] Column 'employee_department_manager_contact_email' -> TEXT
[2025-12-30T06:53:22.124+0000] {logging_mixin.py:151} WARNING - /opt/python-etl/pipelines/structured_pipeline.py:189 UserWarning: Could not infer format, so each element will be parsed individually, falling back to `dateutil`. To ensure parsing is consistent and as-expected, please specify a format.
[2025-12-30T06:53:22.126+0000] {structured_pipeline.py:410} INFO - [PostgreSQL] Column 'employee_department_manager_contact_phone' -> TEXT
[2025-12-30T06:53:22.127+0000] {structured_pipeline.py:410} INFO - [PostgreSQL] Column 'employee_projects' -> JSONB
[2025-12-30T06:53:22.133+0000] {structured_pipeline.py:421} INFO - [PostgreSQL] Created table: data_employees_10kb
[2025-12-30T06:53:22.146+0000] {structured_pipeline.py:443} INFO - [PostgreSQL] Loaded 6 rows into data_employees_10kb
[2025-12-30T06:53:22.147+0000] {structured_pipeline.py:456} INFO - [Parquet] Writing Parquet file...
[2025-12-30T06:53:22.155+0000] {logging_mixin.py:151} WARNING - /home/***/.local/lib/python3.11/site-packages/pyarrow/pandas_compat.py:373 FutureWarning: is_sparse is deprecated and will be removed in a future version. Check `isinstance(dtype, pd.SparseDtype)` instead.
[2025-12-30T06:53:22.169+0000] {structured_pipeline.py:483} INFO - [Parquet] Saved to: processed/structured/employees_10KB.parquet
[2025-12-30T06:53:22.173+0000] {structured_pipeline.py:556} INFO - [structured] ✅ Successfully processed raw/employees_10KB.json
[2025-12-30T06:53:22.173+0000] {etl_manager.py:295} INFO - Processing complete for: raw/employees_10KB.json
[2025-12-30T06:53:22.174+0000] {logging_mixin.py:151} INFO - [DISPATCHER] Archiving raw/employees_10KB.json -> raw-data/2025-12-30/employees_10KB.json
[2025-12-30T06:53:22.195+0000] {logging_mixin.py:151} INFO - [DISPATCHER] Completed & removed landing copy: raw/employees_10KB.json
[2025-12-30T06:53:22.196+0000] {logging_mixin.py:151} INFO - [DISPATCHER] Found file: raw/organizations-1000.csv
[2025-12-30T06:53:22.223+0000] {structured_pipeline.py:497} INFO - [structured] Processing raw/organizations-1000.csv
[2025-12-30T06:53:22.238+0000] {structured_pipeline.py:504} INFO - [structured] Downloaded 138066 bytes
[2025-12-30T06:53:22.239+0000] {structured_pipeline.py:508} INFO - [structured] Detected file type: csv
[2025-12-30T06:53:22.250+0000] {structured_pipeline.py:21} INFO - Detected encoding: ascii (confidence: 1.00)
[2025-12-30T06:53:22.250+0000] {structured_pipeline.py:236} INFO - [CSV] Attempting to decode with ascii
[2025-12-30T06:53:22.253+0000] {structured_pipeline.py:40} INFO - Sniffer detected delimiter: ','
[2025-12-30T06:53:22.254+0000] {structured_pipeline.py:267} INFO - [CSV] Read attempt 1
[2025-12-30T06:53:22.283+0000] {structured_pipeline.py:271} INFO - [CSV] Successfully read 1000 rows with 9 columns
[2025-12-30T06:53:22.284+0000] {structured_pipeline.py:531} INFO - [structured] Initial read: 1000 rows, 9 columns
[2025-12-30T06:53:22.284+0000] {structured_pipeline.py:362} INFO - [Clean] Cleaning dataframe...
[2025-12-30T06:53:22.305+0000] {structured_pipeline.py:387} INFO - [Clean] Cleaned dataframe: 1000 rows, 9 columns
[2025-12-30T06:53:22.306+0000] {structured_pipeline.py:107} INFO - Table name: data_organizations_1000
[2025-12-30T06:53:22.306+0000] {structured_pipeline.py:123} INFO - [Normalize] Normalizing DataFrame with 9 columns
[2025-12-30T06:53:22.312+0000] {structured_pipeline.py:401} INFO - [PostgreSQL] Dropped existing table: data_organizations_1000
[2025-12-30T06:53:22.314+0000] {structured_pipeline.py:410} INFO - [PostgreSQL] Column 'index' -> INTEGER
[2025-12-30T06:53:22.318+0000] {logging_mixin.py:151} WARNING - /opt/python-etl/pipelines/structured_pipeline.py:189 UserWarning: Could not infer format, so each element will be parsed individually, falling back to `dateutil`. To ensure parsing is consistent and as-expected, please specify a format.
[2025-12-30T06:53:22.320+0000] {structured_pipeline.py:410} INFO - [PostgreSQL] Column 'organization_id' -> TEXT
[2025-12-30T06:53:22.324+0000] {logging_mixin.py:151} WARNING - /opt/python-etl/pipelines/structured_pipeline.py:189 UserWarning: Could not infer format, so each element will be parsed individually, falling back to `dateutil`. To ensure parsing is consistent and as-expected, please specify a format.
[2025-12-30T06:53:22.326+0000] {structured_pipeline.py:410} INFO - [PostgreSQL] Column 'name' -> TEXT
[2025-12-30T06:53:22.330+0000] {logging_mixin.py:151} WARNING - /opt/python-etl/pipelines/structured_pipeline.py:189 UserWarning: Could not infer format, so each element will be parsed individually, falling back to `dateutil`. To ensure parsing is consistent and as-expected, please specify a format.
[2025-12-30T06:53:22.332+0000] {structured_pipeline.py:410} INFO - [PostgreSQL] Column 'website' -> TEXT
[2025-12-30T06:53:22.336+0000] {logging_mixin.py:151} WARNING - /opt/python-etl/pipelines/structured_pipeline.py:189 UserWarning: Could not infer format, so each element will be parsed individually, falling back to `dateutil`. To ensure parsing is consistent and as-expected, please specify a format.
[2025-12-30T06:53:22.337+0000] {structured_pipeline.py:410} INFO - [PostgreSQL] Column 'country' -> TEXT
[2025-12-30T06:53:22.342+0000] {logging_mixin.py:151} WARNING - /opt/python-etl/pipelines/structured_pipeline.py:189 UserWarning: Could not infer format, so each element will be parsed individually, falling back to `dateutil`. To ensure parsing is consistent and as-expected, please specify a format.
[2025-12-30T06:53:22.343+0000] {structured_pipeline.py:410} INFO - [PostgreSQL] Column 'description' -> TEXT
[2025-12-30T06:53:22.345+0000] {structured_pipeline.py:410} INFO - [PostgreSQL] Column 'founded' -> INTEGER
[2025-12-30T06:53:22.350+0000] {logging_mixin.py:151} WARNING - /opt/python-etl/pipelines/structured_pipeline.py:189 UserWarning: Could not infer format, so each element will be parsed individually, falling back to `dateutil`. To ensure parsing is consistent and as-expected, please specify a format.
[2025-12-30T06:53:22.351+0000] {structured_pipeline.py:410} INFO - [PostgreSQL] Column 'industry' -> TEXT
[2025-12-30T06:53:22.353+0000] {structured_pipeline.py:410} INFO - [PostgreSQL] Column 'number_of_employees' -> INTEGER
[2025-12-30T06:53:22.359+0000] {structured_pipeline.py:421} INFO - [PostgreSQL] Created table: data_organizations_1000
[2025-12-30T06:53:22.414+0000] {structured_pipeline.py:443} INFO - [PostgreSQL] Loaded 1000 rows into data_organizations_1000
[2025-12-30T06:53:22.415+0000] {structured_pipeline.py:456} INFO - [Parquet] Writing Parquet file...
[2025-12-30T06:53:22.421+0000] {logging_mixin.py:151} WARNING - /home/***/.local/lib/python3.11/site-packages/pyarrow/pandas_compat.py:373 FutureWarning: is_sparse is deprecated and will be removed in a future version. Check `isinstance(dtype, pd.SparseDtype)` instead.
[2025-12-30T06:53:22.453+0000] {structured_pipeline.py:483} INFO - [Parquet] Saved to: processed/structured/organizations-1000.parquet
[2025-12-30T06:53:22.458+0000] {structured_pipeline.py:556} INFO - [structured] ✅ Successfully processed raw/organizations-1000.csv
[2025-12-30T06:53:22.458+0000] {etl_manager.py:295} INFO - Processing complete for: raw/organizations-1000.csv
[2025-12-30T06:53:22.459+0000] {logging_mixin.py:151} INFO - [DISPATCHER] Archiving raw/organizations-1000.csv -> raw-data/2025-12-30/organizations-1000.csv
[2025-12-30T06:53:22.487+0000] {logging_mixin.py:151} INFO - [DISPATCHER] Completed & removed landing copy: raw/organizations-1000.csv
[2025-12-30T06:53:22.487+0000] {logging_mixin.py:151} INFO - [DISPATCHER] Found file: raw/people-1000.csv
[2025-12-30T06:53:22.517+0000] {structured_pipeline.py:497} INFO - [structured] Processing raw/people-1000.csv
[2025-12-30T06:53:22.531+0000] {structured_pipeline.py:504} INFO - [structured] Downloaded 113908 bytes
[2025-12-30T06:53:22.531+0000] {structured_pipeline.py:508} INFO - [structured] Detected file type: csv
[2025-12-30T06:53:22.544+0000] {structured_pipeline.py:21} INFO - Detected encoding: ascii (confidence: 1.00)
[2025-12-30T06:53:22.545+0000] {structured_pipeline.py:236} INFO - [CSV] Attempting to decode with ascii
[2025-12-30T06:53:22.567+0000] {structured_pipeline.py:43} WARNING - Sniffer failed: Could not determine delimiter. Using fallback detection.
[2025-12-30T06:53:22.570+0000] {structured_pipeline.py:76} INFO - Fallback detected delimiter: ','
[2025-12-30T06:53:22.570+0000] {structured_pipeline.py:267} INFO - [CSV] Read attempt 1
[2025-12-30T06:53:22.596+0000] {structured_pipeline.py:271} INFO - [CSV] Successfully read 1000 rows with 9 columns
[2025-12-30T06:53:22.597+0000] {structured_pipeline.py:531} INFO - [structured] Initial read: 1000 rows, 9 columns
[2025-12-30T06:53:22.598+0000] {structured_pipeline.py:362} INFO - [Clean] Cleaning dataframe...
[2025-12-30T06:53:22.643+0000] {structured_pipeline.py:387} INFO - [Clean] Cleaned dataframe: 1000 rows, 9 columns
[2025-12-30T06:53:22.643+0000] {structured_pipeline.py:107} INFO - Table name: data_people_1000
[2025-12-30T06:53:22.644+0000] {structured_pipeline.py:123} INFO - [Normalize] Normalizing DataFrame with 9 columns
[2025-12-30T06:53:22.652+0000] {structured_pipeline.py:401} INFO - [PostgreSQL] Dropped existing table: data_people_1000
[2025-12-30T06:53:22.654+0000] {structured_pipeline.py:410} INFO - [PostgreSQL] Column 'index' -> INTEGER
[2025-12-30T06:53:22.659+0000] {logging_mixin.py:151} WARNING - /opt/python-etl/pipelines/structured_pipeline.py:189 UserWarning: Could not infer format, so each element will be parsed individually, falling back to `dateutil`. To ensure parsing is consistent and as-expected, please specify a format.
[2025-12-30T06:53:22.660+0000] {structured_pipeline.py:410} INFO - [PostgreSQL] Column 'user_id' -> TEXT
[2025-12-30T06:53:22.665+0000] {logging_mixin.py:151} WARNING - /opt/python-etl/pipelines/structured_pipeline.py:189 UserWarning: Could not infer format, so each element will be parsed individually, falling back to `dateutil`. To ensure parsing is consistent and as-expected, please specify a format.
[2025-12-30T06:53:22.667+0000] {structured_pipeline.py:410} INFO - [PostgreSQL] Column 'first_name' -> TEXT
[2025-12-30T06:53:22.671+0000] {logging_mixin.py:151} WARNING - /opt/python-etl/pipelines/structured_pipeline.py:189 UserWarning: Could not infer format, so each element will be parsed individually, falling back to `dateutil`. To ensure parsing is consistent and as-expected, please specify a format.
[2025-12-30T06:53:22.673+0000] {structured_pipeline.py:410} INFO - [PostgreSQL] Column 'last_name' -> TEXT
[2025-12-30T06:53:22.678+0000] {logging_mixin.py:151} WARNING - /opt/python-etl/pipelines/structured_pipeline.py:189 UserWarning: Could not infer format, so each element will be parsed individually, falling back to `dateutil`. To ensure parsing is consistent and as-expected, please specify a format.
[2025-12-30T06:53:22.679+0000] {structured_pipeline.py:410} INFO - [PostgreSQL] Column 'sex' -> TEXT
[2025-12-30T06:53:22.683+0000] {logging_mixin.py:151} WARNING - /opt/python-etl/pipelines/structured_pipeline.py:189 UserWarning: Could not infer format, so each element will be parsed individually, falling back to `dateutil`. To ensure parsing is consistent and as-expected, please specify a format.
[2025-12-30T06:53:22.685+0000] {structured_pipeline.py:410} INFO - [PostgreSQL] Column 'email' -> TEXT
[2025-12-30T06:53:22.689+0000] {logging_mixin.py:151} WARNING - /opt/python-etl/pipelines/structured_pipeline.py:189 UserWarning: Could not infer format, so each element will be parsed individually, falling back to `dateutil`. To ensure parsing is consistent and as-expected, please specify a format.
[2025-12-30T06:53:22.691+0000] {structured_pipeline.py:410} INFO - [PostgreSQL] Column 'phone' -> TEXT
[2025-12-30T06:53:22.698+0000] {structured_pipeline.py:410} INFO - [PostgreSQL] Column 'date_of_birth' -> TIMESTAMP
[2025-12-30T06:53:22.702+0000] {logging_mixin.py:151} WARNING - /opt/python-etl/pipelines/structured_pipeline.py:189 UserWarning: Could not infer format, so each element will be parsed individually, falling back to `dateutil`. To ensure parsing is consistent and as-expected, please specify a format.
[2025-12-30T06:53:22.704+0000] {structured_pipeline.py:410} INFO - [PostgreSQL] Column 'job_title' -> TEXT
[2025-12-30T06:53:22.711+0000] {structured_pipeline.py:421} INFO - [PostgreSQL] Created table: data_people_1000
[2025-12-30T06:53:22.743+0000] {structured_pipeline.py:443} INFO - [PostgreSQL] Loaded 1000 rows into data_people_1000
[2025-12-30T06:53:22.743+0000] {structured_pipeline.py:456} INFO - [Parquet] Writing Parquet file...
[2025-12-30T06:53:22.747+0000] {logging_mixin.py:151} WARNING - /home/***/.local/lib/python3.11/site-packages/pyarrow/pandas_compat.py:373 FutureWarning: is_sparse is deprecated and will be removed in a future version. Check `isinstance(dtype, pd.SparseDtype)` instead.
[2025-12-30T06:53:22.764+0000] {structured_pipeline.py:483} INFO - [Parquet] Saved to: processed/structured/people-1000.parquet
[2025-12-30T06:53:22.767+0000] {structured_pipeline.py:556} INFO - [structured] ✅ Successfully processed raw/people-1000.csv
[2025-12-30T06:53:22.767+0000] {etl_manager.py:295} INFO - Processing complete for: raw/people-1000.csv
[2025-12-30T06:53:22.768+0000] {logging_mixin.py:151} INFO - [DISPATCHER] Archiving raw/people-1000.csv -> raw-data/2025-12-30/people-1000.csv
[2025-12-30T06:53:22.784+0000] {logging_mixin.py:151} INFO - [DISPATCHER] Completed & removed landing copy: raw/people-1000.csv
[2025-12-30T06:53:22.784+0000] {logging_mixin.py:151} INFO - [DISPATCHER] Found file: raw/sample-local-pdf.pdf
[2025-12-30T06:53:22.799+0000] {pdf_pipeline.py:216} INFO - [pdf] Processing raw/sample-local-pdf.pdf
[2025-12-30T06:53:22.811+0000] {pdf_pipeline.py:249} INFO - [pdf] Extracting text from PDF...
[2025-12-30T06:53:22.812+0000] {_utils.py:457} WARNING - Ignoring wrong pointing object 8 0 (offset 0)
[2025-12-30T06:53:23.060+0000] {pdf_pipeline.py:263} INFO - [pdf] Extracted 9209 characters of text from 3 pages
[2025-12-30T06:53:23.066+0000] {pdf_pipeline.py:277} INFO - [pdf] Uploaded extracted text -> processed/unstructured/text-extracted/sample-local-pdf.txt
[2025-12-30T06:53:23.069+0000] {pdf_pipeline.py:101} ERROR - [pdf] Failed inserting into unstructured_documents
Traceback (most recent call last):
  File "/opt/python-etl/pipelines/pdf_pipeline.py", line 86, in _save_unstructured_doc
    cursor.execute(
psycopg2.errors.InvalidColumnReference: there is no unique or exclusion constraint matching the ON CONFLICT specification

[2025-12-30T06:53:23.069+0000] {taskinstance.py:1935} ERROR - Task failed with exception
Traceback (most recent call last):
  File "/home/airflow/.local/lib/python3.11/site-packages/airflow/operators/python.py", line 192, in execute
    return_value = self.execute_callable()
                   ^^^^^^^^^^^^^^^^^^^^^^^
  File "/home/airflow/.local/lib/python3.11/site-packages/airflow/operators/python.py", line 209, in execute_callable
    return self.python_callable(*self.op_args, **self.op_kwargs)
           ^^^^^^^^^^^^^^^^^^^^^^^^^^^^^^^^^^^^^^^^^^^^^^^^^^^^^
  File "/opt/airflow/dags/dispatcher_pipeline_dag.py", line 56, in scan_and_dispatch
    run_pipeline_for_object(object_name)
  File "/opt/python-etl/etl_manager.py", line 276, in run_pipeline_for_object
    pdf_pipeline.process_minio_object(
  File "/opt/python-etl/pipelines/pdf_pipeline.py", line 281, in process_minio_object
    _save_unstructured_doc(
  File "/opt/python-etl/pipelines/pdf_pipeline.py", line 86, in _save_unstructured_doc
    cursor.execute(
psycopg2.errors.InvalidColumnReference: there is no unique or exclusion constraint matching the ON CONFLICT specification

[2025-12-30T06:53:23.087+0000] {taskinstance.py:1398} INFO - Marking task as UP_FOR_RETRY. dag_id=distillationDAG, task_id=scan_minio_and_dispatch, execution_date=20251230T065225, start_date=20251230T065320, end_date=20251230T065323
[2025-12-30T06:53:23.101+0000] {standard_task_runner.py:104} ERROR - Failed to execute job 596 for task scan_minio_and_dispatch (there is no unique or exclusion constraint matching the ON CONFLICT specification
; 238)
[2025-12-30T06:53:23.146+0000] {local_task_job_runner.py:228} INFO - Task exited with return code 1
[2025-12-30T06:53:23.181+0000] {taskinstance.py:2776} INFO - 0 downstream tasks scheduled from follow-on schedule check
