[2026-02-18T11:52:46.843+0000] {processor.py:157} INFO - Started process (PID=171) to work on /opt/airflow/dags/dispatcher_pipeline_dag.py
[2026-02-18T11:52:46.849+0000] {processor.py:829} INFO - Processing file /opt/airflow/dags/dispatcher_pipeline_dag.py for tasks to queue
[2026-02-18T11:52:46.853+0000] {logging_mixin.py:151} INFO - [2026-02-18T11:52:46.850+0000] {dagbag.py:539} INFO - Filling up the DagBag from /opt/airflow/dags/dispatcher_pipeline_dag.py
[2026-02-18T11:52:51.277+0000] {processor.py:839} INFO - DAG(s) dict_keys(['distillationDAG']) retrieved from /opt/airflow/dags/dispatcher_pipeline_dag.py
[2026-02-18T11:52:51.434+0000] {logging_mixin.py:151} INFO - [2026-02-18T11:52:51.432+0000] {dag.py:2915} INFO - Sync 1 DAGs
[2026-02-18T11:52:51.533+0000] {logging_mixin.py:151} INFO - [2026-02-18T11:52:51.523+0000] {dag.py:3696} INFO - Setting next_dagrun for distillationDAG to 2026-02-18T11:52:06.522770+00:00, run_after=2026-02-18T11:52:51.522770+00:00
[2026-02-18T11:52:51.641+0000] {processor.py:179} INFO - Processing /opt/airflow/dags/dispatcher_pipeline_dag.py took 4.816 seconds
[2026-02-18T11:53:22.307+0000] {processor.py:157} INFO - Started process (PID=191) to work on /opt/airflow/dags/dispatcher_pipeline_dag.py
[2026-02-18T11:53:22.312+0000] {processor.py:829} INFO - Processing file /opt/airflow/dags/dispatcher_pipeline_dag.py for tasks to queue
[2026-02-18T11:53:22.314+0000] {logging_mixin.py:151} INFO - [2026-02-18T11:53:22.313+0000] {dagbag.py:539} INFO - Filling up the DagBag from /opt/airflow/dags/dispatcher_pipeline_dag.py
[2026-02-18T11:53:25.438+0000] {processor.py:839} INFO - DAG(s) dict_keys(['distillationDAG']) retrieved from /opt/airflow/dags/dispatcher_pipeline_dag.py
[2026-02-18T11:53:25.606+0000] {logging_mixin.py:151} INFO - [2026-02-18T11:53:25.605+0000] {dag.py:2915} INFO - Sync 1 DAGs
[2026-02-18T11:53:25.661+0000] {logging_mixin.py:151} INFO - [2026-02-18T11:53:25.660+0000] {dag.py:3696} INFO - Setting next_dagrun for distillationDAG to 2026-02-18T11:52:40.660028+00:00, run_after=2026-02-18T11:53:25.660028+00:00
[2026-02-18T11:53:25.707+0000] {processor.py:179} INFO - Processing /opt/airflow/dags/dispatcher_pipeline_dag.py took 3.419 seconds
[2026-02-18T11:53:55.989+0000] {processor.py:157} INFO - Started process (PID=208) to work on /opt/airflow/dags/dispatcher_pipeline_dag.py
[2026-02-18T11:53:55.995+0000] {processor.py:829} INFO - Processing file /opt/airflow/dags/dispatcher_pipeline_dag.py for tasks to queue
[2026-02-18T11:53:55.997+0000] {logging_mixin.py:151} INFO - [2026-02-18T11:53:55.996+0000] {dagbag.py:539} INFO - Filling up the DagBag from /opt/airflow/dags/dispatcher_pipeline_dag.py
[2026-02-18T11:53:58.094+0000] {processor.py:839} INFO - DAG(s) dict_keys(['distillationDAG']) retrieved from /opt/airflow/dags/dispatcher_pipeline_dag.py
[2026-02-18T11:53:58.194+0000] {logging_mixin.py:151} INFO - [2026-02-18T11:53:58.193+0000] {dag.py:2915} INFO - Sync 1 DAGs
[2026-02-18T11:53:58.266+0000] {logging_mixin.py:151} INFO - [2026-02-18T11:53:58.264+0000] {dag.py:3696} INFO - Setting next_dagrun for distillationDAG to 2026-02-18T11:53:13.263842+00:00, run_after=2026-02-18T11:53:58.263842+00:00
[2026-02-18T11:53:58.348+0000] {processor.py:179} INFO - Processing /opt/airflow/dags/dispatcher_pipeline_dag.py took 2.371 seconds
[2026-02-18T11:54:28.661+0000] {processor.py:157} INFO - Started process (PID=221) to work on /opt/airflow/dags/dispatcher_pipeline_dag.py
[2026-02-18T11:54:28.664+0000] {processor.py:829} INFO - Processing file /opt/airflow/dags/dispatcher_pipeline_dag.py for tasks to queue
[2026-02-18T11:54:28.667+0000] {logging_mixin.py:151} INFO - [2026-02-18T11:54:28.666+0000] {dagbag.py:539} INFO - Filling up the DagBag from /opt/airflow/dags/dispatcher_pipeline_dag.py
[2026-02-18T11:54:30.778+0000] {processor.py:839} INFO - DAG(s) dict_keys(['distillationDAG']) retrieved from /opt/airflow/dags/dispatcher_pipeline_dag.py
[2026-02-18T11:54:30.870+0000] {logging_mixin.py:151} INFO - [2026-02-18T11:54:30.868+0000] {dag.py:2915} INFO - Sync 1 DAGs
[2026-02-18T11:54:30.930+0000] {logging_mixin.py:151} INFO - [2026-02-18T11:54:30.929+0000] {dag.py:3696} INFO - Setting next_dagrun for distillationDAG to 2026-02-18T11:53:45.929551+00:00, run_after=2026-02-18T11:54:30.929551+00:00
[2026-02-18T11:54:31.020+0000] {processor.py:179} INFO - Processing /opt/airflow/dags/dispatcher_pipeline_dag.py took 2.371 seconds
[2026-02-18T11:55:01.327+0000] {processor.py:157} INFO - Started process (PID=234) to work on /opt/airflow/dags/dispatcher_pipeline_dag.py
[2026-02-18T11:55:01.330+0000] {processor.py:829} INFO - Processing file /opt/airflow/dags/dispatcher_pipeline_dag.py for tasks to queue
[2026-02-18T11:55:01.332+0000] {logging_mixin.py:151} INFO - [2026-02-18T11:55:01.331+0000] {dagbag.py:539} INFO - Filling up the DagBag from /opt/airflow/dags/dispatcher_pipeline_dag.py
[2026-02-18T11:55:03.105+0000] {processor.py:839} INFO - DAG(s) dict_keys(['distillationDAG']) retrieved from /opt/airflow/dags/dispatcher_pipeline_dag.py
[2026-02-18T11:55:03.183+0000] {logging_mixin.py:151} INFO - [2026-02-18T11:55:03.182+0000] {dag.py:2915} INFO - Sync 1 DAGs
[2026-02-18T11:55:03.241+0000] {logging_mixin.py:151} INFO - [2026-02-18T11:55:03.240+0000] {dag.py:3696} INFO - Setting next_dagrun for distillationDAG to 2026-02-18T11:54:18.240324+00:00, run_after=2026-02-18T11:55:03.240324+00:00
[2026-02-18T11:55:03.286+0000] {processor.py:179} INFO - Processing /opt/airflow/dags/dispatcher_pipeline_dag.py took 1.970 seconds
[2026-02-18T11:55:33.439+0000] {processor.py:157} INFO - Started process (PID=247) to work on /opt/airflow/dags/dispatcher_pipeline_dag.py
[2026-02-18T11:55:33.443+0000] {processor.py:829} INFO - Processing file /opt/airflow/dags/dispatcher_pipeline_dag.py for tasks to queue
[2026-02-18T11:55:33.445+0000] {logging_mixin.py:151} INFO - [2026-02-18T11:55:33.444+0000] {dagbag.py:539} INFO - Filling up the DagBag from /opt/airflow/dags/dispatcher_pipeline_dag.py
[2026-02-18T11:55:35.195+0000] {processor.py:839} INFO - DAG(s) dict_keys(['distillationDAG']) retrieved from /opt/airflow/dags/dispatcher_pipeline_dag.py
[2026-02-18T11:55:35.274+0000] {logging_mixin.py:151} INFO - [2026-02-18T11:55:35.273+0000] {dag.py:2915} INFO - Sync 1 DAGs
[2026-02-18T11:55:35.325+0000] {logging_mixin.py:151} INFO - [2026-02-18T11:55:35.325+0000] {dag.py:3696} INFO - Setting next_dagrun for distillationDAG to 2026-02-18T11:54:50.325003+00:00, run_after=2026-02-18T11:55:35.325003+00:00
[2026-02-18T11:55:35.365+0000] {processor.py:179} INFO - Processing /opt/airflow/dags/dispatcher_pipeline_dag.py took 1.936 seconds
[2026-02-18T11:56:05.515+0000] {processor.py:157} INFO - Started process (PID=260) to work on /opt/airflow/dags/dispatcher_pipeline_dag.py
[2026-02-18T11:56:05.518+0000] {processor.py:829} INFO - Processing file /opt/airflow/dags/dispatcher_pipeline_dag.py for tasks to queue
[2026-02-18T11:56:05.520+0000] {logging_mixin.py:151} INFO - [2026-02-18T11:56:05.519+0000] {dagbag.py:539} INFO - Filling up the DagBag from /opt/airflow/dags/dispatcher_pipeline_dag.py
[2026-02-18T11:56:07.326+0000] {processor.py:839} INFO - DAG(s) dict_keys(['distillationDAG']) retrieved from /opt/airflow/dags/dispatcher_pipeline_dag.py
[2026-02-18T11:56:07.403+0000] {logging_mixin.py:151} INFO - [2026-02-18T11:56:07.402+0000] {dag.py:2915} INFO - Sync 1 DAGs
[2026-02-18T11:56:07.454+0000] {logging_mixin.py:151} INFO - [2026-02-18T11:56:07.453+0000] {dag.py:3696} INFO - Setting next_dagrun for distillationDAG to 2026-02-18T11:55:22.453382+00:00, run_after=2026-02-18T11:56:07.453382+00:00
[2026-02-18T11:56:07.493+0000] {processor.py:179} INFO - Processing /opt/airflow/dags/dispatcher_pipeline_dag.py took 1.989 seconds
[2026-02-18T11:56:37.622+0000] {processor.py:157} INFO - Started process (PID=273) to work on /opt/airflow/dags/dispatcher_pipeline_dag.py
[2026-02-18T11:56:37.625+0000] {processor.py:829} INFO - Processing file /opt/airflow/dags/dispatcher_pipeline_dag.py for tasks to queue
[2026-02-18T11:56:37.627+0000] {logging_mixin.py:151} INFO - [2026-02-18T11:56:37.626+0000] {dagbag.py:539} INFO - Filling up the DagBag from /opt/airflow/dags/dispatcher_pipeline_dag.py
[2026-02-18T11:56:39.486+0000] {processor.py:839} INFO - DAG(s) dict_keys(['distillationDAG']) retrieved from /opt/airflow/dags/dispatcher_pipeline_dag.py
[2026-02-18T11:56:39.562+0000] {logging_mixin.py:151} INFO - [2026-02-18T11:56:39.561+0000] {dag.py:2915} INFO - Sync 1 DAGs
[2026-02-18T11:56:39.616+0000] {logging_mixin.py:151} INFO - [2026-02-18T11:56:39.615+0000] {dag.py:3696} INFO - Setting next_dagrun for distillationDAG to 2026-02-18T11:55:54.615220+00:00, run_after=2026-02-18T11:56:39.615220+00:00
[2026-02-18T11:56:39.656+0000] {processor.py:179} INFO - Processing /opt/airflow/dags/dispatcher_pipeline_dag.py took 2.045 seconds
[2026-02-18T11:57:09.742+0000] {processor.py:157} INFO - Started process (PID=286) to work on /opt/airflow/dags/dispatcher_pipeline_dag.py
[2026-02-18T11:57:09.744+0000] {processor.py:829} INFO - Processing file /opt/airflow/dags/dispatcher_pipeline_dag.py for tasks to queue
[2026-02-18T11:57:09.747+0000] {logging_mixin.py:151} INFO - [2026-02-18T11:57:09.746+0000] {dagbag.py:539} INFO - Filling up the DagBag from /opt/airflow/dags/dispatcher_pipeline_dag.py
[2026-02-18T11:57:11.736+0000] {processor.py:839} INFO - DAG(s) dict_keys(['distillationDAG']) retrieved from /opt/airflow/dags/dispatcher_pipeline_dag.py
[2026-02-18T11:57:11.815+0000] {logging_mixin.py:151} INFO - [2026-02-18T11:57:11.814+0000] {dag.py:2915} INFO - Sync 1 DAGs
[2026-02-18T11:57:11.875+0000] {logging_mixin.py:151} INFO - [2026-02-18T11:57:11.874+0000] {dag.py:3696} INFO - Setting next_dagrun for distillationDAG to 2026-02-18T11:56:26.874381+00:00, run_after=2026-02-18T11:57:11.874381+00:00
[2026-02-18T11:57:11.925+0000] {processor.py:179} INFO - Processing /opt/airflow/dags/dispatcher_pipeline_dag.py took 2.194 seconds
[2026-02-18T11:57:42.241+0000] {processor.py:157} INFO - Started process (PID=299) to work on /opt/airflow/dags/dispatcher_pipeline_dag.py
[2026-02-18T11:57:42.246+0000] {processor.py:829} INFO - Processing file /opt/airflow/dags/dispatcher_pipeline_dag.py for tasks to queue
[2026-02-18T11:57:42.249+0000] {logging_mixin.py:151} INFO - [2026-02-18T11:57:42.248+0000] {dagbag.py:539} INFO - Filling up the DagBag from /opt/airflow/dags/dispatcher_pipeline_dag.py
[2026-02-18T11:57:44.802+0000] {processor.py:839} INFO - DAG(s) dict_keys(['distillationDAG']) retrieved from /opt/airflow/dags/dispatcher_pipeline_dag.py
[2026-02-18T11:57:44.893+0000] {logging_mixin.py:151} INFO - [2026-02-18T11:57:44.892+0000] {dag.py:2915} INFO - Sync 1 DAGs
[2026-02-18T11:57:44.969+0000] {logging_mixin.py:151} INFO - [2026-02-18T11:57:44.969+0000] {dag.py:3696} INFO - Setting next_dagrun for distillationDAG to 2026-02-18T11:56:59.968423+00:00, run_after=2026-02-18T11:57:44.968423+00:00
[2026-02-18T11:57:45.039+0000] {processor.py:179} INFO - Processing /opt/airflow/dags/dispatcher_pipeline_dag.py took 2.813 seconds
[2026-02-18T11:58:15.266+0000] {processor.py:157} INFO - Started process (PID=312) to work on /opt/airflow/dags/dispatcher_pipeline_dag.py
[2026-02-18T11:58:15.269+0000] {processor.py:829} INFO - Processing file /opt/airflow/dags/dispatcher_pipeline_dag.py for tasks to queue
[2026-02-18T11:58:15.271+0000] {logging_mixin.py:151} INFO - [2026-02-18T11:58:15.270+0000] {dagbag.py:539} INFO - Filling up the DagBag from /opt/airflow/dags/dispatcher_pipeline_dag.py
[2026-02-18T11:58:17.022+0000] {processor.py:839} INFO - DAG(s) dict_keys(['distillationDAG']) retrieved from /opt/airflow/dags/dispatcher_pipeline_dag.py
[2026-02-18T11:58:17.102+0000] {logging_mixin.py:151} INFO - [2026-02-18T11:58:17.101+0000] {dag.py:2915} INFO - Sync 1 DAGs
[2026-02-18T11:58:17.154+0000] {logging_mixin.py:151} INFO - [2026-02-18T11:58:17.153+0000] {dag.py:3696} INFO - Setting next_dagrun for distillationDAG to 2026-02-18T11:57:32.153423+00:00, run_after=2026-02-18T11:58:17.153423+00:00
[2026-02-18T11:58:17.198+0000] {processor.py:179} INFO - Processing /opt/airflow/dags/dispatcher_pipeline_dag.py took 1.942 seconds
[2026-02-18T11:58:47.495+0000] {processor.py:157} INFO - Started process (PID=325) to work on /opt/airflow/dags/dispatcher_pipeline_dag.py
[2026-02-18T11:58:47.498+0000] {processor.py:829} INFO - Processing file /opt/airflow/dags/dispatcher_pipeline_dag.py for tasks to queue
[2026-02-18T11:58:47.500+0000] {logging_mixin.py:151} INFO - [2026-02-18T11:58:47.499+0000] {dagbag.py:539} INFO - Filling up the DagBag from /opt/airflow/dags/dispatcher_pipeline_dag.py
[2026-02-18T11:58:49.361+0000] {processor.py:839} INFO - DAG(s) dict_keys(['distillationDAG']) retrieved from /opt/airflow/dags/dispatcher_pipeline_dag.py
[2026-02-18T11:58:49.452+0000] {logging_mixin.py:151} INFO - [2026-02-18T11:58:49.451+0000] {dag.py:2915} INFO - Sync 1 DAGs
[2026-02-18T11:58:49.514+0000] {logging_mixin.py:151} INFO - [2026-02-18T11:58:49.514+0000] {dag.py:3696} INFO - Setting next_dagrun for distillationDAG to 2026-02-18T11:58:04.513653+00:00, run_after=2026-02-18T11:58:49.513653+00:00
[2026-02-18T11:58:49.562+0000] {processor.py:179} INFO - Processing /opt/airflow/dags/dispatcher_pipeline_dag.py took 2.078 seconds
[2026-02-18T11:59:19.829+0000] {processor.py:157} INFO - Started process (PID=338) to work on /opt/airflow/dags/dispatcher_pipeline_dag.py
[2026-02-18T11:59:19.832+0000] {processor.py:829} INFO - Processing file /opt/airflow/dags/dispatcher_pipeline_dag.py for tasks to queue
[2026-02-18T11:59:19.834+0000] {logging_mixin.py:151} INFO - [2026-02-18T11:59:19.833+0000] {dagbag.py:539} INFO - Filling up the DagBag from /opt/airflow/dags/dispatcher_pipeline_dag.py
[2026-02-18T11:59:21.608+0000] {processor.py:839} INFO - DAG(s) dict_keys(['distillationDAG']) retrieved from /opt/airflow/dags/dispatcher_pipeline_dag.py
[2026-02-18T11:59:21.684+0000] {logging_mixin.py:151} INFO - [2026-02-18T11:59:21.683+0000] {dag.py:2915} INFO - Sync 1 DAGs
[2026-02-18T11:59:21.735+0000] {logging_mixin.py:151} INFO - [2026-02-18T11:59:21.735+0000] {dag.py:3696} INFO - Setting next_dagrun for distillationDAG to 2026-02-18T11:58:36.735093+00:00, run_after=2026-02-18T11:59:21.735093+00:00
[2026-02-18T11:59:21.781+0000] {processor.py:179} INFO - Processing /opt/airflow/dags/dispatcher_pipeline_dag.py took 1.962 seconds
[2026-02-18T11:59:51.938+0000] {processor.py:157} INFO - Started process (PID=351) to work on /opt/airflow/dags/dispatcher_pipeline_dag.py
[2026-02-18T11:59:51.940+0000] {processor.py:829} INFO - Processing file /opt/airflow/dags/dispatcher_pipeline_dag.py for tasks to queue
[2026-02-18T11:59:51.942+0000] {logging_mixin.py:151} INFO - [2026-02-18T11:59:51.941+0000] {dagbag.py:539} INFO - Filling up the DagBag from /opt/airflow/dags/dispatcher_pipeline_dag.py
[2026-02-18T11:59:53.671+0000] {processor.py:839} INFO - DAG(s) dict_keys(['distillationDAG']) retrieved from /opt/airflow/dags/dispatcher_pipeline_dag.py
[2026-02-18T11:59:53.747+0000] {logging_mixin.py:151} INFO - [2026-02-18T11:59:53.746+0000] {dag.py:2915} INFO - Sync 1 DAGs
[2026-02-18T11:59:53.802+0000] {logging_mixin.py:151} INFO - [2026-02-18T11:59:53.802+0000] {dag.py:3696} INFO - Setting next_dagrun for distillationDAG to 2026-02-18T11:59:08.801572+00:00, run_after=2026-02-18T11:59:53.801572+00:00
[2026-02-18T11:59:53.841+0000] {processor.py:179} INFO - Processing /opt/airflow/dags/dispatcher_pipeline_dag.py took 1.913 seconds
[2026-02-18T12:00:23.951+0000] {processor.py:157} INFO - Started process (PID=364) to work on /opt/airflow/dags/dispatcher_pipeline_dag.py
[2026-02-18T12:00:23.953+0000] {processor.py:829} INFO - Processing file /opt/airflow/dags/dispatcher_pipeline_dag.py for tasks to queue
[2026-02-18T12:00:23.955+0000] {logging_mixin.py:151} INFO - [2026-02-18T12:00:23.954+0000] {dagbag.py:539} INFO - Filling up the DagBag from /opt/airflow/dags/dispatcher_pipeline_dag.py
[2026-02-18T12:00:25.733+0000] {processor.py:839} INFO - DAG(s) dict_keys(['distillationDAG']) retrieved from /opt/airflow/dags/dispatcher_pipeline_dag.py
[2026-02-18T12:00:25.810+0000] {logging_mixin.py:151} INFO - [2026-02-18T12:00:25.809+0000] {dag.py:2915} INFO - Sync 1 DAGs
[2026-02-18T12:00:25.861+0000] {logging_mixin.py:151} INFO - [2026-02-18T12:00:25.861+0000] {dag.py:3696} INFO - Setting next_dagrun for distillationDAG to 2026-02-18T11:59:40.860934+00:00, run_after=2026-02-18T12:00:25.860934+00:00
[2026-02-18T12:00:25.901+0000] {processor.py:179} INFO - Processing /opt/airflow/dags/dispatcher_pipeline_dag.py took 1.961 seconds
[2026-02-18T12:00:55.999+0000] {processor.py:157} INFO - Started process (PID=377) to work on /opt/airflow/dags/dispatcher_pipeline_dag.py
[2026-02-18T12:00:56.002+0000] {processor.py:829} INFO - Processing file /opt/airflow/dags/dispatcher_pipeline_dag.py for tasks to queue
[2026-02-18T12:00:56.005+0000] {logging_mixin.py:151} INFO - [2026-02-18T12:00:56.004+0000] {dagbag.py:539} INFO - Filling up the DagBag from /opt/airflow/dags/dispatcher_pipeline_dag.py
[2026-02-18T12:00:57.846+0000] {processor.py:839} INFO - DAG(s) dict_keys(['distillationDAG']) retrieved from /opt/airflow/dags/dispatcher_pipeline_dag.py
[2026-02-18T12:00:57.924+0000] {logging_mixin.py:151} INFO - [2026-02-18T12:00:57.923+0000] {dag.py:2915} INFO - Sync 1 DAGs
[2026-02-18T12:00:57.975+0000] {logging_mixin.py:151} INFO - [2026-02-18T12:00:57.974+0000] {dag.py:3696} INFO - Setting next_dagrun for distillationDAG to 2026-02-18T12:00:12.974261+00:00, run_after=2026-02-18T12:00:57.974261+00:00
[2026-02-18T12:00:58.015+0000] {processor.py:179} INFO - Processing /opt/airflow/dags/dispatcher_pipeline_dag.py took 2.027 seconds
[2026-02-18T12:01:28.117+0000] {processor.py:157} INFO - Started process (PID=390) to work on /opt/airflow/dags/dispatcher_pipeline_dag.py
[2026-02-18T12:01:28.123+0000] {processor.py:829} INFO - Processing file /opt/airflow/dags/dispatcher_pipeline_dag.py for tasks to queue
[2026-02-18T12:01:28.128+0000] {logging_mixin.py:151} INFO - [2026-02-18T12:01:28.127+0000] {dagbag.py:539} INFO - Filling up the DagBag from /opt/airflow/dags/dispatcher_pipeline_dag.py
[2026-02-18T12:01:30.195+0000] {processor.py:839} INFO - DAG(s) dict_keys(['distillationDAG']) retrieved from /opt/airflow/dags/dispatcher_pipeline_dag.py
[2026-02-18T12:01:30.280+0000] {logging_mixin.py:151} INFO - [2026-02-18T12:01:30.279+0000] {dag.py:2915} INFO - Sync 1 DAGs
[2026-02-18T12:01:30.333+0000] {logging_mixin.py:151} INFO - [2026-02-18T12:01:30.333+0000] {dag.py:3696} INFO - Setting next_dagrun for distillationDAG to 2026-02-18T12:00:45.332771+00:00, run_after=2026-02-18T12:01:30.332771+00:00
[2026-02-18T12:01:30.373+0000] {processor.py:179} INFO - Processing /opt/airflow/dags/dispatcher_pipeline_dag.py took 2.278 seconds
[2026-02-18T12:02:00.469+0000] {processor.py:157} INFO - Started process (PID=403) to work on /opt/airflow/dags/dispatcher_pipeline_dag.py
[2026-02-18T12:02:00.472+0000] {processor.py:829} INFO - Processing file /opt/airflow/dags/dispatcher_pipeline_dag.py for tasks to queue
[2026-02-18T12:02:00.474+0000] {logging_mixin.py:151} INFO - [2026-02-18T12:02:00.473+0000] {dagbag.py:539} INFO - Filling up the DagBag from /opt/airflow/dags/dispatcher_pipeline_dag.py
[2026-02-18T12:02:02.356+0000] {processor.py:839} INFO - DAG(s) dict_keys(['distillationDAG']) retrieved from /opt/airflow/dags/dispatcher_pipeline_dag.py
[2026-02-18T12:02:02.446+0000] {logging_mixin.py:151} INFO - [2026-02-18T12:02:02.444+0000] {dag.py:2915} INFO - Sync 1 DAGs
[2026-02-18T12:02:02.512+0000] {logging_mixin.py:151} INFO - [2026-02-18T12:02:02.512+0000] {dag.py:3696} INFO - Setting next_dagrun for distillationDAG to 2026-02-18T12:01:17.511583+00:00, run_after=2026-02-18T12:02:02.511583+00:00
[2026-02-18T12:02:02.563+0000] {processor.py:179} INFO - Processing /opt/airflow/dags/dispatcher_pipeline_dag.py took 2.104 seconds
[2026-02-18T12:02:32.835+0000] {processor.py:157} INFO - Started process (PID=416) to work on /opt/airflow/dags/dispatcher_pipeline_dag.py
[2026-02-18T12:02:32.838+0000] {processor.py:829} INFO - Processing file /opt/airflow/dags/dispatcher_pipeline_dag.py for tasks to queue
[2026-02-18T12:02:32.841+0000] {logging_mixin.py:151} INFO - [2026-02-18T12:02:32.840+0000] {dagbag.py:539} INFO - Filling up the DagBag from /opt/airflow/dags/dispatcher_pipeline_dag.py
[2026-02-18T12:02:34.660+0000] {processor.py:839} INFO - DAG(s) dict_keys(['distillationDAG']) retrieved from /opt/airflow/dags/dispatcher_pipeline_dag.py
[2026-02-18T12:02:34.736+0000] {logging_mixin.py:151} INFO - [2026-02-18T12:02:34.735+0000] {dag.py:2915} INFO - Sync 1 DAGs
[2026-02-18T12:02:34.791+0000] {logging_mixin.py:151} INFO - [2026-02-18T12:02:34.791+0000] {dag.py:3696} INFO - Setting next_dagrun for distillationDAG to 2026-02-18T12:01:49.791008+00:00, run_after=2026-02-18T12:02:34.791008+00:00
[2026-02-18T12:02:34.832+0000] {processor.py:179} INFO - Processing /opt/airflow/dags/dispatcher_pipeline_dag.py took 2.007 seconds
[2026-02-18T12:03:04.965+0000] {processor.py:157} INFO - Started process (PID=429) to work on /opt/airflow/dags/dispatcher_pipeline_dag.py
[2026-02-18T12:03:04.967+0000] {processor.py:829} INFO - Processing file /opt/airflow/dags/dispatcher_pipeline_dag.py for tasks to queue
[2026-02-18T12:03:04.970+0000] {logging_mixin.py:151} INFO - [2026-02-18T12:03:04.969+0000] {dagbag.py:539} INFO - Filling up the DagBag from /opt/airflow/dags/dispatcher_pipeline_dag.py
[2026-02-18T12:03:06.758+0000] {processor.py:839} INFO - DAG(s) dict_keys(['distillationDAG']) retrieved from /opt/airflow/dags/dispatcher_pipeline_dag.py
[2026-02-18T12:03:06.835+0000] {logging_mixin.py:151} INFO - [2026-02-18T12:03:06.834+0000] {dag.py:2915} INFO - Sync 1 DAGs
[2026-02-18T12:03:06.889+0000] {logging_mixin.py:151} INFO - [2026-02-18T12:03:06.888+0000] {dag.py:3696} INFO - Setting next_dagrun for distillationDAG to 2026-02-18T12:02:21.888206+00:00, run_after=2026-02-18T12:03:06.888206+00:00
[2026-02-18T12:03:06.928+0000] {processor.py:179} INFO - Processing /opt/airflow/dags/dispatcher_pipeline_dag.py took 1.974 seconds
[2026-02-18T12:03:37.206+0000] {processor.py:157} INFO - Started process (PID=442) to work on /opt/airflow/dags/dispatcher_pipeline_dag.py
[2026-02-18T12:03:37.209+0000] {processor.py:829} INFO - Processing file /opt/airflow/dags/dispatcher_pipeline_dag.py for tasks to queue
[2026-02-18T12:03:37.212+0000] {logging_mixin.py:151} INFO - [2026-02-18T12:03:37.211+0000] {dagbag.py:539} INFO - Filling up the DagBag from /opt/airflow/dags/dispatcher_pipeline_dag.py
[2026-02-18T12:03:39.117+0000] {processor.py:839} INFO - DAG(s) dict_keys(['distillationDAG']) retrieved from /opt/airflow/dags/dispatcher_pipeline_dag.py
[2026-02-18T12:03:39.196+0000] {logging_mixin.py:151} INFO - [2026-02-18T12:03:39.195+0000] {dag.py:2915} INFO - Sync 1 DAGs
[2026-02-18T12:03:39.248+0000] {logging_mixin.py:151} INFO - [2026-02-18T12:03:39.247+0000] {dag.py:3696} INFO - Setting next_dagrun for distillationDAG to 2026-02-18T12:02:54.247390+00:00, run_after=2026-02-18T12:03:39.247390+00:00
[2026-02-18T12:03:39.288+0000] {processor.py:179} INFO - Processing /opt/airflow/dags/dispatcher_pipeline_dag.py took 2.093 seconds
[2026-02-18T12:04:09.543+0000] {processor.py:157} INFO - Started process (PID=455) to work on /opt/airflow/dags/dispatcher_pipeline_dag.py
[2026-02-18T12:04:09.546+0000] {processor.py:829} INFO - Processing file /opt/airflow/dags/dispatcher_pipeline_dag.py for tasks to queue
[2026-02-18T12:04:09.548+0000] {logging_mixin.py:151} INFO - [2026-02-18T12:04:09.547+0000] {dagbag.py:539} INFO - Filling up the DagBag from /opt/airflow/dags/dispatcher_pipeline_dag.py
[2026-02-18T12:04:11.300+0000] {processor.py:839} INFO - DAG(s) dict_keys(['distillationDAG']) retrieved from /opt/airflow/dags/dispatcher_pipeline_dag.py
[2026-02-18T12:04:11.380+0000] {logging_mixin.py:151} INFO - [2026-02-18T12:04:11.379+0000] {dag.py:2915} INFO - Sync 1 DAGs
[2026-02-18T12:04:11.433+0000] {logging_mixin.py:151} INFO - [2026-02-18T12:04:11.433+0000] {dag.py:3696} INFO - Setting next_dagrun for distillationDAG to 2026-02-18T12:03:26.433113+00:00, run_after=2026-02-18T12:04:11.433113+00:00
[2026-02-18T12:04:11.475+0000] {processor.py:179} INFO - Processing /opt/airflow/dags/dispatcher_pipeline_dag.py took 1.941 seconds
[2026-02-18T12:04:41.745+0000] {processor.py:157} INFO - Started process (PID=468) to work on /opt/airflow/dags/dispatcher_pipeline_dag.py
[2026-02-18T12:04:41.747+0000] {processor.py:829} INFO - Processing file /opt/airflow/dags/dispatcher_pipeline_dag.py for tasks to queue
[2026-02-18T12:04:41.749+0000] {logging_mixin.py:151} INFO - [2026-02-18T12:04:41.748+0000] {dagbag.py:539} INFO - Filling up the DagBag from /opt/airflow/dags/dispatcher_pipeline_dag.py
[2026-02-18T12:04:43.701+0000] {processor.py:839} INFO - DAG(s) dict_keys(['distillationDAG']) retrieved from /opt/airflow/dags/dispatcher_pipeline_dag.py
[2026-02-18T12:04:43.785+0000] {logging_mixin.py:151} INFO - [2026-02-18T12:04:43.784+0000] {dag.py:2915} INFO - Sync 1 DAGs
[2026-02-18T12:04:43.854+0000] {logging_mixin.py:151} INFO - [2026-02-18T12:04:43.853+0000] {dag.py:3696} INFO - Setting next_dagrun for distillationDAG to 2026-02-18T12:03:58.853190+00:00, run_after=2026-02-18T12:04:43.853190+00:00
[2026-02-18T12:04:43.897+0000] {processor.py:179} INFO - Processing /opt/airflow/dags/dispatcher_pipeline_dag.py took 2.164 seconds
[2026-02-18T12:05:14.156+0000] {processor.py:157} INFO - Started process (PID=481) to work on /opt/airflow/dags/dispatcher_pipeline_dag.py
[2026-02-18T12:05:14.159+0000] {processor.py:829} INFO - Processing file /opt/airflow/dags/dispatcher_pipeline_dag.py for tasks to queue
[2026-02-18T12:05:14.162+0000] {logging_mixin.py:151} INFO - [2026-02-18T12:05:14.161+0000] {dagbag.py:539} INFO - Filling up the DagBag from /opt/airflow/dags/dispatcher_pipeline_dag.py
[2026-02-18T12:05:15.937+0000] {processor.py:839} INFO - DAG(s) dict_keys(['distillationDAG']) retrieved from /opt/airflow/dags/dispatcher_pipeline_dag.py
[2026-02-18T12:05:16.015+0000] {logging_mixin.py:151} INFO - [2026-02-18T12:05:16.014+0000] {dag.py:2915} INFO - Sync 1 DAGs
[2026-02-18T12:05:16.070+0000] {logging_mixin.py:151} INFO - [2026-02-18T12:05:16.070+0000] {dag.py:3696} INFO - Setting next_dagrun for distillationDAG to 2026-02-18T12:04:31.069570+00:00, run_after=2026-02-18T12:05:16.069570+00:00
[2026-02-18T12:05:16.110+0000] {processor.py:179} INFO - Processing /opt/airflow/dags/dispatcher_pipeline_dag.py took 1.964 seconds
[2026-02-18T12:05:46.310+0000] {processor.py:157} INFO - Started process (PID=494) to work on /opt/airflow/dags/dispatcher_pipeline_dag.py
[2026-02-18T12:05:46.313+0000] {processor.py:829} INFO - Processing file /opt/airflow/dags/dispatcher_pipeline_dag.py for tasks to queue
[2026-02-18T12:05:46.315+0000] {logging_mixin.py:151} INFO - [2026-02-18T12:05:46.314+0000] {dagbag.py:539} INFO - Filling up the DagBag from /opt/airflow/dags/dispatcher_pipeline_dag.py
[2026-02-18T12:05:48.216+0000] {processor.py:839} INFO - DAG(s) dict_keys(['distillationDAG']) retrieved from /opt/airflow/dags/dispatcher_pipeline_dag.py
[2026-02-18T12:05:48.295+0000] {logging_mixin.py:151} INFO - [2026-02-18T12:05:48.294+0000] {dag.py:2915} INFO - Sync 1 DAGs
[2026-02-18T12:05:48.346+0000] {logging_mixin.py:151} INFO - [2026-02-18T12:05:48.346+0000] {dag.py:3696} INFO - Setting next_dagrun for distillationDAG to 2026-02-18T12:05:03.345797+00:00, run_after=2026-02-18T12:05:48.345797+00:00
[2026-02-18T12:05:48.386+0000] {processor.py:179} INFO - Processing /opt/airflow/dags/dispatcher_pipeline_dag.py took 2.087 seconds
[2026-02-18T12:06:18.644+0000] {processor.py:157} INFO - Started process (PID=507) to work on /opt/airflow/dags/dispatcher_pipeline_dag.py
[2026-02-18T12:06:18.647+0000] {processor.py:829} INFO - Processing file /opt/airflow/dags/dispatcher_pipeline_dag.py for tasks to queue
[2026-02-18T12:06:18.649+0000] {logging_mixin.py:151} INFO - [2026-02-18T12:06:18.648+0000] {dagbag.py:539} INFO - Filling up the DagBag from /opt/airflow/dags/dispatcher_pipeline_dag.py
[2026-02-18T12:06:20.414+0000] {processor.py:839} INFO - DAG(s) dict_keys(['distillationDAG']) retrieved from /opt/airflow/dags/dispatcher_pipeline_dag.py
[2026-02-18T12:06:20.491+0000] {logging_mixin.py:151} INFO - [2026-02-18T12:06:20.490+0000] {dag.py:2915} INFO - Sync 1 DAGs
[2026-02-18T12:06:20.543+0000] {logging_mixin.py:151} INFO - [2026-02-18T12:06:20.542+0000] {dag.py:3696} INFO - Setting next_dagrun for distillationDAG to 2026-02-18T12:05:35.542138+00:00, run_after=2026-02-18T12:06:20.542138+00:00
[2026-02-18T12:06:20.582+0000] {processor.py:179} INFO - Processing /opt/airflow/dags/dispatcher_pipeline_dag.py took 1.949 seconds
[2026-02-18T12:06:50.847+0000] {processor.py:157} INFO - Started process (PID=520) to work on /opt/airflow/dags/dispatcher_pipeline_dag.py
[2026-02-18T12:06:50.849+0000] {processor.py:829} INFO - Processing file /opt/airflow/dags/dispatcher_pipeline_dag.py for tasks to queue
[2026-02-18T12:06:50.851+0000] {logging_mixin.py:151} INFO - [2026-02-18T12:06:50.850+0000] {dagbag.py:539} INFO - Filling up the DagBag from /opt/airflow/dags/dispatcher_pipeline_dag.py
[2026-02-18T12:06:52.650+0000] {processor.py:839} INFO - DAG(s) dict_keys(['distillationDAG']) retrieved from /opt/airflow/dags/dispatcher_pipeline_dag.py
[2026-02-18T12:06:52.727+0000] {logging_mixin.py:151} INFO - [2026-02-18T12:06:52.726+0000] {dag.py:2915} INFO - Sync 1 DAGs
[2026-02-18T12:06:52.781+0000] {logging_mixin.py:151} INFO - [2026-02-18T12:06:52.781+0000] {dag.py:3696} INFO - Setting next_dagrun for distillationDAG to 2026-02-18T12:06:07.781127+00:00, run_after=2026-02-18T12:06:52.781127+00:00
[2026-02-18T12:06:52.821+0000] {processor.py:179} INFO - Processing /opt/airflow/dags/dispatcher_pipeline_dag.py took 1.985 seconds
[2026-02-18T12:07:23.090+0000] {processor.py:157} INFO - Started process (PID=533) to work on /opt/airflow/dags/dispatcher_pipeline_dag.py
[2026-02-18T12:07:23.093+0000] {processor.py:829} INFO - Processing file /opt/airflow/dags/dispatcher_pipeline_dag.py for tasks to queue
[2026-02-18T12:07:23.095+0000] {logging_mixin.py:151} INFO - [2026-02-18T12:07:23.094+0000] {dagbag.py:539} INFO - Filling up the DagBag from /opt/airflow/dags/dispatcher_pipeline_dag.py
[2026-02-18T12:07:24.956+0000] {processor.py:839} INFO - DAG(s) dict_keys(['distillationDAG']) retrieved from /opt/airflow/dags/dispatcher_pipeline_dag.py
[2026-02-18T12:07:25.033+0000] {logging_mixin.py:151} INFO - [2026-02-18T12:07:25.032+0000] {dag.py:2915} INFO - Sync 1 DAGs
[2026-02-18T12:07:25.087+0000] {logging_mixin.py:151} INFO - [2026-02-18T12:07:25.087+0000] {dag.py:3696} INFO - Setting next_dagrun for distillationDAG to 2026-02-18T12:06:40.086802+00:00, run_after=2026-02-18T12:07:25.086802+00:00
[2026-02-18T12:07:25.127+0000] {processor.py:179} INFO - Processing /opt/airflow/dags/dispatcher_pipeline_dag.py took 2.048 seconds
[2026-02-18T12:07:55.388+0000] {processor.py:157} INFO - Started process (PID=546) to work on /opt/airflow/dags/dispatcher_pipeline_dag.py
[2026-02-18T12:07:55.391+0000] {processor.py:829} INFO - Processing file /opt/airflow/dags/dispatcher_pipeline_dag.py for tasks to queue
[2026-02-18T12:07:55.394+0000] {logging_mixin.py:151} INFO - [2026-02-18T12:07:55.392+0000] {dagbag.py:539} INFO - Filling up the DagBag from /opt/airflow/dags/dispatcher_pipeline_dag.py
[2026-02-18T12:07:57.274+0000] {processor.py:839} INFO - DAG(s) dict_keys(['distillationDAG']) retrieved from /opt/airflow/dags/dispatcher_pipeline_dag.py
[2026-02-18T12:07:57.356+0000] {logging_mixin.py:151} INFO - [2026-02-18T12:07:57.355+0000] {dag.py:2915} INFO - Sync 1 DAGs
[2026-02-18T12:07:57.414+0000] {logging_mixin.py:151} INFO - [2026-02-18T12:07:57.414+0000] {dag.py:3696} INFO - Setting next_dagrun for distillationDAG to 2026-02-18T12:07:12.413848+00:00, run_after=2026-02-18T12:07:57.413848+00:00
[2026-02-18T12:07:57.461+0000] {processor.py:179} INFO - Processing /opt/airflow/dags/dispatcher_pipeline_dag.py took 2.084 seconds
