[2026-02-18T11:52:46.780+0000] {processor.py:157} INFO - Started process (PID=168) to work on /opt/airflow/dags/ingest_local_folder_dag.py
[2026-02-18T11:52:46.789+0000] {processor.py:829} INFO - Processing file /opt/airflow/dags/ingest_local_folder_dag.py for tasks to queue
[2026-02-18T11:52:46.795+0000] {logging_mixin.py:151} INFO - [2026-02-18T11:52:46.794+0000] {dagbag.py:539} INFO - Filling up the DagBag from /opt/airflow/dags/ingest_local_folder_dag.py
[2026-02-18T11:52:48.658+0000] {processor.py:839} INFO - DAG(s) dict_keys(['ingestionDAG']) retrieved from /opt/airflow/dags/ingest_local_folder_dag.py
[2026-02-18T11:52:49.324+0000] {logging_mixin.py:151} INFO - [2026-02-18T11:52:49.323+0000] {dag.py:2915} INFO - Sync 1 DAGs
[2026-02-18T11:52:49.452+0000] {logging_mixin.py:151} INFO - [2026-02-18T11:52:49.452+0000] {dag.py:3696} INFO - Setting next_dagrun for ingestionDAG to 2026-02-18T11:52:19.451794+00:00, run_after=2026-02-18T11:52:49.451794+00:00
[2026-02-18T11:52:49.619+0000] {processor.py:179} INFO - Processing /opt/airflow/dags/ingest_local_folder_dag.py took 2.879 seconds
[2026-02-18T11:53:20.165+0000] {processor.py:157} INFO - Started process (PID=188) to work on /opt/airflow/dags/ingest_local_folder_dag.py
[2026-02-18T11:53:20.175+0000] {processor.py:829} INFO - Processing file /opt/airflow/dags/ingest_local_folder_dag.py for tasks to queue
[2026-02-18T11:53:20.185+0000] {logging_mixin.py:151} INFO - [2026-02-18T11:53:20.184+0000] {dagbag.py:539} INFO - Filling up the DagBag from /opt/airflow/dags/ingest_local_folder_dag.py
[2026-02-18T11:53:22.663+0000] {processor.py:839} INFO - DAG(s) dict_keys(['ingestionDAG']) retrieved from /opt/airflow/dags/ingest_local_folder_dag.py
[2026-02-18T11:53:22.989+0000] {logging_mixin.py:151} INFO - [2026-02-18T11:53:22.988+0000] {dag.py:2915} INFO - Sync 1 DAGs
[2026-02-18T11:53:23.196+0000] {logging_mixin.py:151} INFO - [2026-02-18T11:53:23.196+0000] {dag.py:3696} INFO - Setting next_dagrun for ingestionDAG to 2026-02-18T11:52:53.195890+00:00, run_after=2026-02-18T11:53:23.195890+00:00
[2026-02-18T11:53:23.345+0000] {processor.py:179} INFO - Processing /opt/airflow/dags/ingest_local_folder_dag.py took 3.213 seconds
[2026-02-18T11:53:53.933+0000] {processor.py:157} INFO - Started process (PID=201) to work on /opt/airflow/dags/ingest_local_folder_dag.py
[2026-02-18T11:53:53.936+0000] {processor.py:829} INFO - Processing file /opt/airflow/dags/ingest_local_folder_dag.py for tasks to queue
[2026-02-18T11:53:53.938+0000] {logging_mixin.py:151} INFO - [2026-02-18T11:53:53.937+0000] {dagbag.py:539} INFO - Filling up the DagBag from /opt/airflow/dags/ingest_local_folder_dag.py
[2026-02-18T11:53:54.613+0000] {processor.py:839} INFO - DAG(s) dict_keys(['ingestionDAG']) retrieved from /opt/airflow/dags/ingest_local_folder_dag.py
[2026-02-18T11:53:54.748+0000] {logging_mixin.py:151} INFO - [2026-02-18T11:53:54.748+0000] {dag.py:2915} INFO - Sync 1 DAGs
[2026-02-18T11:53:54.827+0000] {logging_mixin.py:151} INFO - [2026-02-18T11:53:54.826+0000] {dag.py:3696} INFO - Setting next_dagrun for ingestionDAG to 2026-02-18T11:53:24.825247+00:00, run_after=2026-02-18T11:53:54.825247+00:00
[2026-02-18T11:53:54.877+0000] {processor.py:179} INFO - Processing /opt/airflow/dags/ingest_local_folder_dag.py took 0.954 seconds
[2026-02-18T11:54:25.438+0000] {processor.py:157} INFO - Started process (PID=214) to work on /opt/airflow/dags/ingest_local_folder_dag.py
[2026-02-18T11:54:25.441+0000] {processor.py:829} INFO - Processing file /opt/airflow/dags/ingest_local_folder_dag.py for tasks to queue
[2026-02-18T11:54:25.444+0000] {logging_mixin.py:151} INFO - [2026-02-18T11:54:25.442+0000] {dagbag.py:539} INFO - Filling up the DagBag from /opt/airflow/dags/ingest_local_folder_dag.py
[2026-02-18T11:54:26.086+0000] {processor.py:839} INFO - DAG(s) dict_keys(['ingestionDAG']) retrieved from /opt/airflow/dags/ingest_local_folder_dag.py
[2026-02-18T11:54:26.193+0000] {logging_mixin.py:151} INFO - [2026-02-18T11:54:26.192+0000] {dag.py:2915} INFO - Sync 1 DAGs
[2026-02-18T11:54:26.266+0000] {logging_mixin.py:151} INFO - [2026-02-18T11:54:26.265+0000] {dag.py:3696} INFO - Setting next_dagrun for ingestionDAG to 2026-02-18T11:53:56.264935+00:00, run_after=2026-02-18T11:54:26.264935+00:00
[2026-02-18T11:54:26.342+0000] {processor.py:179} INFO - Processing /opt/airflow/dags/ingest_local_folder_dag.py took 0.915 seconds
[2026-02-18T11:54:56.847+0000] {processor.py:157} INFO - Started process (PID=227) to work on /opt/airflow/dags/ingest_local_folder_dag.py
[2026-02-18T11:54:56.850+0000] {processor.py:829} INFO - Processing file /opt/airflow/dags/ingest_local_folder_dag.py for tasks to queue
[2026-02-18T11:54:56.853+0000] {logging_mixin.py:151} INFO - [2026-02-18T11:54:56.852+0000] {dagbag.py:539} INFO - Filling up the DagBag from /opt/airflow/dags/ingest_local_folder_dag.py
[2026-02-18T11:54:57.439+0000] {processor.py:839} INFO - DAG(s) dict_keys(['ingestionDAG']) retrieved from /opt/airflow/dags/ingest_local_folder_dag.py
[2026-02-18T11:54:57.535+0000] {logging_mixin.py:151} INFO - [2026-02-18T11:54:57.534+0000] {dag.py:2915} INFO - Sync 1 DAGs
[2026-02-18T11:54:57.603+0000] {logging_mixin.py:151} INFO - [2026-02-18T11:54:57.603+0000] {dag.py:3696} INFO - Setting next_dagrun for ingestionDAG to 2026-02-18T11:54:27.602311+00:00, run_after=2026-02-18T11:54:57.602311+00:00
[2026-02-18T11:54:57.652+0000] {processor.py:179} INFO - Processing /opt/airflow/dags/ingest_local_folder_dag.py took 0.815 seconds
[2026-02-18T11:55:28.513+0000] {processor.py:157} INFO - Started process (PID=240) to work on /opt/airflow/dags/ingest_local_folder_dag.py
[2026-02-18T11:55:28.516+0000] {processor.py:829} INFO - Processing file /opt/airflow/dags/ingest_local_folder_dag.py for tasks to queue
[2026-02-18T11:55:28.518+0000] {logging_mixin.py:151} INFO - [2026-02-18T11:55:28.517+0000] {dagbag.py:539} INFO - Filling up the DagBag from /opt/airflow/dags/ingest_local_folder_dag.py
[2026-02-18T11:55:29.111+0000] {processor.py:839} INFO - DAG(s) dict_keys(['ingestionDAG']) retrieved from /opt/airflow/dags/ingest_local_folder_dag.py
[2026-02-18T11:55:29.210+0000] {logging_mixin.py:151} INFO - [2026-02-18T11:55:29.209+0000] {dag.py:2915} INFO - Sync 1 DAGs
[2026-02-18T11:55:29.298+0000] {logging_mixin.py:151} INFO - [2026-02-18T11:55:29.297+0000] {dag.py:3696} INFO - Setting next_dagrun for ingestionDAG to 2026-02-18T11:54:59.297075+00:00, run_after=2026-02-18T11:55:29.297075+00:00
[2026-02-18T11:55:29.348+0000] {processor.py:179} INFO - Processing /opt/airflow/dags/ingest_local_folder_dag.py took 0.845 seconds
[2026-02-18T11:55:59.599+0000] {processor.py:157} INFO - Started process (PID=253) to work on /opt/airflow/dags/ingest_local_folder_dag.py
[2026-02-18T11:55:59.602+0000] {processor.py:829} INFO - Processing file /opt/airflow/dags/ingest_local_folder_dag.py for tasks to queue
[2026-02-18T11:55:59.604+0000] {logging_mixin.py:151} INFO - [2026-02-18T11:55:59.603+0000] {dagbag.py:539} INFO - Filling up the DagBag from /opt/airflow/dags/ingest_local_folder_dag.py
[2026-02-18T11:56:00.199+0000] {processor.py:839} INFO - DAG(s) dict_keys(['ingestionDAG']) retrieved from /opt/airflow/dags/ingest_local_folder_dag.py
[2026-02-18T11:56:00.298+0000] {logging_mixin.py:151} INFO - [2026-02-18T11:56:00.298+0000] {dag.py:2915} INFO - Sync 1 DAGs
[2026-02-18T11:56:00.364+0000] {logging_mixin.py:151} INFO - [2026-02-18T11:56:00.363+0000] {dag.py:3696} INFO - Setting next_dagrun for ingestionDAG to 2026-02-18T11:55:30.363014+00:00, run_after=2026-02-18T11:56:00.363014+00:00
[2026-02-18T11:56:00.412+0000] {processor.py:179} INFO - Processing /opt/airflow/dags/ingest_local_folder_dag.py took 0.824 seconds
[2026-02-18T11:56:30.686+0000] {processor.py:157} INFO - Started process (PID=266) to work on /opt/airflow/dags/ingest_local_folder_dag.py
[2026-02-18T11:56:30.689+0000] {processor.py:829} INFO - Processing file /opt/airflow/dags/ingest_local_folder_dag.py for tasks to queue
[2026-02-18T11:56:30.691+0000] {logging_mixin.py:151} INFO - [2026-02-18T11:56:30.690+0000] {dagbag.py:539} INFO - Filling up the DagBag from /opt/airflow/dags/ingest_local_folder_dag.py
[2026-02-18T11:56:31.313+0000] {processor.py:839} INFO - DAG(s) dict_keys(['ingestionDAG']) retrieved from /opt/airflow/dags/ingest_local_folder_dag.py
[2026-02-18T11:56:31.409+0000] {logging_mixin.py:151} INFO - [2026-02-18T11:56:31.409+0000] {dag.py:2915} INFO - Sync 1 DAGs
[2026-02-18T11:56:31.474+0000] {logging_mixin.py:151} INFO - [2026-02-18T11:56:31.474+0000] {dag.py:3696} INFO - Setting next_dagrun for ingestionDAG to 2026-02-18T11:56:01.473705+00:00, run_after=2026-02-18T11:56:31.473705+00:00
[2026-02-18T11:56:31.521+0000] {processor.py:179} INFO - Processing /opt/airflow/dags/ingest_local_folder_dag.py took 0.845 seconds
[2026-02-18T11:57:01.803+0000] {processor.py:157} INFO - Started process (PID=279) to work on /opt/airflow/dags/ingest_local_folder_dag.py
[2026-02-18T11:57:01.806+0000] {processor.py:829} INFO - Processing file /opt/airflow/dags/ingest_local_folder_dag.py for tasks to queue
[2026-02-18T11:57:01.808+0000] {logging_mixin.py:151} INFO - [2026-02-18T11:57:01.807+0000] {dagbag.py:539} INFO - Filling up the DagBag from /opt/airflow/dags/ingest_local_folder_dag.py
[2026-02-18T11:57:02.421+0000] {processor.py:839} INFO - DAG(s) dict_keys(['ingestionDAG']) retrieved from /opt/airflow/dags/ingest_local_folder_dag.py
[2026-02-18T11:57:02.520+0000] {logging_mixin.py:151} INFO - [2026-02-18T11:57:02.520+0000] {dag.py:2915} INFO - Sync 1 DAGs
[2026-02-18T11:57:02.586+0000] {logging_mixin.py:151} INFO - [2026-02-18T11:57:02.585+0000] {dag.py:3696} INFO - Setting next_dagrun for ingestionDAG to 2026-02-18T11:56:32.585118+00:00, run_after=2026-02-18T11:57:02.585118+00:00
[2026-02-18T11:57:02.632+0000] {processor.py:179} INFO - Processing /opt/airflow/dags/ingest_local_folder_dag.py took 0.840 seconds
[2026-02-18T11:57:33.084+0000] {processor.py:157} INFO - Started process (PID=292) to work on /opt/airflow/dags/ingest_local_folder_dag.py
[2026-02-18T11:57:33.087+0000] {processor.py:829} INFO - Processing file /opt/airflow/dags/ingest_local_folder_dag.py for tasks to queue
[2026-02-18T11:57:33.089+0000] {logging_mixin.py:151} INFO - [2026-02-18T11:57:33.088+0000] {dagbag.py:539} INFO - Filling up the DagBag from /opt/airflow/dags/ingest_local_folder_dag.py
[2026-02-18T11:57:33.666+0000] {processor.py:839} INFO - DAG(s) dict_keys(['ingestionDAG']) retrieved from /opt/airflow/dags/ingest_local_folder_dag.py
[2026-02-18T11:57:33.765+0000] {logging_mixin.py:151} INFO - [2026-02-18T11:57:33.764+0000] {dag.py:2915} INFO - Sync 1 DAGs
[2026-02-18T11:57:33.827+0000] {logging_mixin.py:151} INFO - [2026-02-18T11:57:33.826+0000] {dag.py:3696} INFO - Setting next_dagrun for ingestionDAG to 2026-02-18T11:57:03.826371+00:00, run_after=2026-02-18T11:57:33.826371+00:00
[2026-02-18T11:57:33.870+0000] {processor.py:179} INFO - Processing /opt/airflow/dags/ingest_local_folder_dag.py took 0.795 seconds
[2026-02-18T11:58:04.364+0000] {processor.py:157} INFO - Started process (PID=305) to work on /opt/airflow/dags/ingest_local_folder_dag.py
[2026-02-18T11:58:04.368+0000] {processor.py:829} INFO - Processing file /opt/airflow/dags/ingest_local_folder_dag.py for tasks to queue
[2026-02-18T11:58:04.371+0000] {logging_mixin.py:151} INFO - [2026-02-18T11:58:04.370+0000] {dagbag.py:539} INFO - Filling up the DagBag from /opt/airflow/dags/ingest_local_folder_dag.py
[2026-02-18T11:58:04.950+0000] {processor.py:839} INFO - DAG(s) dict_keys(['ingestionDAG']) retrieved from /opt/airflow/dags/ingest_local_folder_dag.py
[2026-02-18T11:58:05.039+0000] {logging_mixin.py:151} INFO - [2026-02-18T11:58:05.038+0000] {dag.py:2915} INFO - Sync 1 DAGs
[2026-02-18T11:58:05.097+0000] {logging_mixin.py:151} INFO - [2026-02-18T11:58:05.097+0000] {dag.py:3696} INFO - Setting next_dagrun for ingestionDAG to 2026-02-18T11:57:35.096509+00:00, run_after=2026-02-18T11:58:05.096509+00:00
[2026-02-18T11:58:05.138+0000] {processor.py:179} INFO - Processing /opt/airflow/dags/ingest_local_folder_dag.py took 0.785 seconds
[2026-02-18T11:58:35.393+0000] {processor.py:157} INFO - Started process (PID=318) to work on /opt/airflow/dags/ingest_local_folder_dag.py
[2026-02-18T11:58:35.402+0000] {processor.py:829} INFO - Processing file /opt/airflow/dags/ingest_local_folder_dag.py for tasks to queue
[2026-02-18T11:58:35.411+0000] {logging_mixin.py:151} INFO - [2026-02-18T11:58:35.410+0000] {dagbag.py:539} INFO - Filling up the DagBag from /opt/airflow/dags/ingest_local_folder_dag.py
[2026-02-18T11:58:36.126+0000] {processor.py:839} INFO - DAG(s) dict_keys(['ingestionDAG']) retrieved from /opt/airflow/dags/ingest_local_folder_dag.py
[2026-02-18T11:58:36.237+0000] {logging_mixin.py:151} INFO - [2026-02-18T11:58:36.236+0000] {dag.py:2915} INFO - Sync 1 DAGs
[2026-02-18T11:58:36.327+0000] {logging_mixin.py:151} INFO - [2026-02-18T11:58:36.327+0000] {dag.py:3696} INFO - Setting next_dagrun for ingestionDAG to 2026-02-18T11:58:06.326249+00:00, run_after=2026-02-18T11:58:36.326249+00:00
[2026-02-18T11:58:36.396+0000] {processor.py:179} INFO - Processing /opt/airflow/dags/ingest_local_folder_dag.py took 1.016 seconds
[2026-02-18T11:59:06.675+0000] {processor.py:157} INFO - Started process (PID=331) to work on /opt/airflow/dags/ingest_local_folder_dag.py
[2026-02-18T11:59:06.679+0000] {processor.py:829} INFO - Processing file /opt/airflow/dags/ingest_local_folder_dag.py for tasks to queue
[2026-02-18T11:59:06.681+0000] {logging_mixin.py:151} INFO - [2026-02-18T11:59:06.680+0000] {dagbag.py:539} INFO - Filling up the DagBag from /opt/airflow/dags/ingest_local_folder_dag.py
[2026-02-18T11:59:07.241+0000] {processor.py:839} INFO - DAG(s) dict_keys(['ingestionDAG']) retrieved from /opt/airflow/dags/ingest_local_folder_dag.py
[2026-02-18T11:59:07.327+0000] {logging_mixin.py:151} INFO - [2026-02-18T11:59:07.326+0000] {dag.py:2915} INFO - Sync 1 DAGs
[2026-02-18T11:59:07.384+0000] {logging_mixin.py:151} INFO - [2026-02-18T11:59:07.383+0000] {dag.py:3696} INFO - Setting next_dagrun for ingestionDAG to 2026-02-18T11:58:37.383415+00:00, run_after=2026-02-18T11:59:07.383415+00:00
[2026-02-18T11:59:07.428+0000] {processor.py:179} INFO - Processing /opt/airflow/dags/ingest_local_folder_dag.py took 0.763 seconds
[2026-02-18T11:59:37.944+0000] {processor.py:157} INFO - Started process (PID=344) to work on /opt/airflow/dags/ingest_local_folder_dag.py
[2026-02-18T11:59:37.949+0000] {processor.py:829} INFO - Processing file /opt/airflow/dags/ingest_local_folder_dag.py for tasks to queue
[2026-02-18T11:59:37.952+0000] {logging_mixin.py:151} INFO - [2026-02-18T11:59:37.951+0000] {dagbag.py:539} INFO - Filling up the DagBag from /opt/airflow/dags/ingest_local_folder_dag.py
[2026-02-18T11:59:38.577+0000] {processor.py:839} INFO - DAG(s) dict_keys(['ingestionDAG']) retrieved from /opt/airflow/dags/ingest_local_folder_dag.py
[2026-02-18T11:59:38.675+0000] {logging_mixin.py:151} INFO - [2026-02-18T11:59:38.675+0000] {dag.py:2915} INFO - Sync 1 DAGs
[2026-02-18T11:59:38.740+0000] {logging_mixin.py:151} INFO - [2026-02-18T11:59:38.740+0000] {dag.py:3696} INFO - Setting next_dagrun for ingestionDAG to 2026-02-18T11:59:08.739538+00:00, run_after=2026-02-18T11:59:38.739538+00:00
[2026-02-18T11:59:38.791+0000] {processor.py:179} INFO - Processing /opt/airflow/dags/ingest_local_folder_dag.py took 0.857 seconds
[2026-02-18T12:00:09.016+0000] {processor.py:157} INFO - Started process (PID=357) to work on /opt/airflow/dags/ingest_local_folder_dag.py
[2026-02-18T12:00:09.019+0000] {processor.py:829} INFO - Processing file /opt/airflow/dags/ingest_local_folder_dag.py for tasks to queue
[2026-02-18T12:00:09.021+0000] {logging_mixin.py:151} INFO - [2026-02-18T12:00:09.020+0000] {dagbag.py:539} INFO - Filling up the DagBag from /opt/airflow/dags/ingest_local_folder_dag.py
[2026-02-18T12:00:09.597+0000] {processor.py:839} INFO - DAG(s) dict_keys(['ingestionDAG']) retrieved from /opt/airflow/dags/ingest_local_folder_dag.py
[2026-02-18T12:00:09.693+0000] {logging_mixin.py:151} INFO - [2026-02-18T12:00:09.692+0000] {dag.py:2915} INFO - Sync 1 DAGs
[2026-02-18T12:00:09.760+0000] {logging_mixin.py:151} INFO - [2026-02-18T12:00:09.759+0000] {dag.py:3696} INFO - Setting next_dagrun for ingestionDAG to 2026-02-18T11:59:39.759030+00:00, run_after=2026-02-18T12:00:09.759030+00:00
[2026-02-18T12:00:09.803+0000] {processor.py:179} INFO - Processing /opt/airflow/dags/ingest_local_folder_dag.py took 0.797 seconds
[2026-02-18T12:00:40.058+0000] {processor.py:157} INFO - Started process (PID=370) to work on /opt/airflow/dags/ingest_local_folder_dag.py
[2026-02-18T12:00:40.061+0000] {processor.py:829} INFO - Processing file /opt/airflow/dags/ingest_local_folder_dag.py for tasks to queue
[2026-02-18T12:00:40.064+0000] {logging_mixin.py:151} INFO - [2026-02-18T12:00:40.063+0000] {dagbag.py:539} INFO - Filling up the DagBag from /opt/airflow/dags/ingest_local_folder_dag.py
[2026-02-18T12:00:40.636+0000] {processor.py:839} INFO - DAG(s) dict_keys(['ingestionDAG']) retrieved from /opt/airflow/dags/ingest_local_folder_dag.py
[2026-02-18T12:00:40.733+0000] {logging_mixin.py:151} INFO - [2026-02-18T12:00:40.733+0000] {dag.py:2915} INFO - Sync 1 DAGs
[2026-02-18T12:00:40.798+0000] {logging_mixin.py:151} INFO - [2026-02-18T12:00:40.797+0000] {dag.py:3696} INFO - Setting next_dagrun for ingestionDAG to 2026-02-18T12:00:10.797196+00:00, run_after=2026-02-18T12:00:40.797196+00:00
[2026-02-18T12:00:40.840+0000] {processor.py:179} INFO - Processing /opt/airflow/dags/ingest_local_folder_dag.py took 0.793 seconds
[2026-02-18T12:01:11.105+0000] {processor.py:157} INFO - Started process (PID=383) to work on /opt/airflow/dags/ingest_local_folder_dag.py
[2026-02-18T12:01:11.107+0000] {processor.py:829} INFO - Processing file /opt/airflow/dags/ingest_local_folder_dag.py for tasks to queue
[2026-02-18T12:01:11.109+0000] {logging_mixin.py:151} INFO - [2026-02-18T12:01:11.108+0000] {dagbag.py:539} INFO - Filling up the DagBag from /opt/airflow/dags/ingest_local_folder_dag.py
[2026-02-18T12:01:11.708+0000] {processor.py:839} INFO - DAG(s) dict_keys(['ingestionDAG']) retrieved from /opt/airflow/dags/ingest_local_folder_dag.py
[2026-02-18T12:01:11.807+0000] {logging_mixin.py:151} INFO - [2026-02-18T12:01:11.806+0000] {dag.py:2915} INFO - Sync 1 DAGs
[2026-02-18T12:01:11.874+0000] {logging_mixin.py:151} INFO - [2026-02-18T12:01:11.874+0000] {dag.py:3696} INFO - Setting next_dagrun for ingestionDAG to 2026-02-18T12:00:41.873646+00:00, run_after=2026-02-18T12:01:11.873646+00:00
[2026-02-18T12:01:11.922+0000] {processor.py:179} INFO - Processing /opt/airflow/dags/ingest_local_folder_dag.py took 0.828 seconds
[2026-02-18T12:01:42.384+0000] {processor.py:157} INFO - Started process (PID=396) to work on /opt/airflow/dags/ingest_local_folder_dag.py
[2026-02-18T12:01:42.387+0000] {processor.py:829} INFO - Processing file /opt/airflow/dags/ingest_local_folder_dag.py for tasks to queue
[2026-02-18T12:01:42.390+0000] {logging_mixin.py:151} INFO - [2026-02-18T12:01:42.389+0000] {dagbag.py:539} INFO - Filling up the DagBag from /opt/airflow/dags/ingest_local_folder_dag.py
[2026-02-18T12:01:43.028+0000] {processor.py:839} INFO - DAG(s) dict_keys(['ingestionDAG']) retrieved from /opt/airflow/dags/ingest_local_folder_dag.py
[2026-02-18T12:01:43.153+0000] {logging_mixin.py:151} INFO - [2026-02-18T12:01:43.153+0000] {dag.py:2915} INFO - Sync 1 DAGs
[2026-02-18T12:01:43.225+0000] {logging_mixin.py:151} INFO - [2026-02-18T12:01:43.225+0000] {dag.py:3696} INFO - Setting next_dagrun for ingestionDAG to 2026-02-18T12:01:13.224461+00:00, run_after=2026-02-18T12:01:43.224461+00:00
[2026-02-18T12:01:43.285+0000] {processor.py:179} INFO - Processing /opt/airflow/dags/ingest_local_folder_dag.py took 0.911 seconds
[2026-02-18T12:02:13.576+0000] {processor.py:157} INFO - Started process (PID=409) to work on /opt/airflow/dags/ingest_local_folder_dag.py
[2026-02-18T12:02:13.578+0000] {processor.py:829} INFO - Processing file /opt/airflow/dags/ingest_local_folder_dag.py for tasks to queue
[2026-02-18T12:02:13.580+0000] {logging_mixin.py:151} INFO - [2026-02-18T12:02:13.579+0000] {dagbag.py:539} INFO - Filling up the DagBag from /opt/airflow/dags/ingest_local_folder_dag.py
[2026-02-18T12:02:14.136+0000] {processor.py:839} INFO - DAG(s) dict_keys(['ingestionDAG']) retrieved from /opt/airflow/dags/ingest_local_folder_dag.py
[2026-02-18T12:02:14.236+0000] {logging_mixin.py:151} INFO - [2026-02-18T12:02:14.236+0000] {dag.py:2915} INFO - Sync 1 DAGs
[2026-02-18T12:02:14.301+0000] {logging_mixin.py:151} INFO - [2026-02-18T12:02:14.301+0000] {dag.py:3696} INFO - Setting next_dagrun for ingestionDAG to 2026-02-18T12:01:44.300917+00:00, run_after=2026-02-18T12:02:14.300917+00:00
[2026-02-18T12:02:14.360+0000] {processor.py:179} INFO - Processing /opt/airflow/dags/ingest_local_folder_dag.py took 0.793 seconds
[2026-02-18T12:02:44.932+0000] {processor.py:157} INFO - Started process (PID=422) to work on /opt/airflow/dags/ingest_local_folder_dag.py
[2026-02-18T12:02:44.934+0000] {processor.py:829} INFO - Processing file /opt/airflow/dags/ingest_local_folder_dag.py for tasks to queue
[2026-02-18T12:02:44.937+0000] {logging_mixin.py:151} INFO - [2026-02-18T12:02:44.936+0000] {dagbag.py:539} INFO - Filling up the DagBag from /opt/airflow/dags/ingest_local_folder_dag.py
[2026-02-18T12:02:45.523+0000] {processor.py:839} INFO - DAG(s) dict_keys(['ingestionDAG']) retrieved from /opt/airflow/dags/ingest_local_folder_dag.py
[2026-02-18T12:02:45.609+0000] {logging_mixin.py:151} INFO - [2026-02-18T12:02:45.609+0000] {dag.py:2915} INFO - Sync 1 DAGs
[2026-02-18T12:02:45.670+0000] {logging_mixin.py:151} INFO - [2026-02-18T12:02:45.670+0000] {dag.py:3696} INFO - Setting next_dagrun for ingestionDAG to 2026-02-18T12:02:15.669595+00:00, run_after=2026-02-18T12:02:45.669595+00:00
[2026-02-18T12:02:45.731+0000] {processor.py:179} INFO - Processing /opt/airflow/dags/ingest_local_folder_dag.py took 0.810 seconds
[2026-02-18T12:03:16.055+0000] {processor.py:157} INFO - Started process (PID=435) to work on /opt/airflow/dags/ingest_local_folder_dag.py
[2026-02-18T12:03:16.057+0000] {processor.py:829} INFO - Processing file /opt/airflow/dags/ingest_local_folder_dag.py for tasks to queue
[2026-02-18T12:03:16.060+0000] {logging_mixin.py:151} INFO - [2026-02-18T12:03:16.059+0000] {dagbag.py:539} INFO - Filling up the DagBag from /opt/airflow/dags/ingest_local_folder_dag.py
[2026-02-18T12:03:16.628+0000] {processor.py:839} INFO - DAG(s) dict_keys(['ingestionDAG']) retrieved from /opt/airflow/dags/ingest_local_folder_dag.py
[2026-02-18T12:03:16.715+0000] {logging_mixin.py:151} INFO - [2026-02-18T12:03:16.715+0000] {dag.py:2915} INFO - Sync 1 DAGs
[2026-02-18T12:03:16.773+0000] {logging_mixin.py:151} INFO - [2026-02-18T12:03:16.773+0000] {dag.py:3696} INFO - Setting next_dagrun for ingestionDAG to 2026-02-18T12:02:46.772469+00:00, run_after=2026-02-18T12:03:16.772469+00:00
[2026-02-18T12:03:16.816+0000] {processor.py:179} INFO - Processing /opt/airflow/dags/ingest_local_folder_dag.py took 0.770 seconds
[2026-02-18T12:03:47.277+0000] {processor.py:157} INFO - Started process (PID=448) to work on /opt/airflow/dags/ingest_local_folder_dag.py
[2026-02-18T12:03:47.281+0000] {processor.py:829} INFO - Processing file /opt/airflow/dags/ingest_local_folder_dag.py for tasks to queue
[2026-02-18T12:03:47.283+0000] {logging_mixin.py:151} INFO - [2026-02-18T12:03:47.282+0000] {dagbag.py:539} INFO - Filling up the DagBag from /opt/airflow/dags/ingest_local_folder_dag.py
[2026-02-18T12:03:47.851+0000] {processor.py:839} INFO - DAG(s) dict_keys(['ingestionDAG']) retrieved from /opt/airflow/dags/ingest_local_folder_dag.py
[2026-02-18T12:03:47.949+0000] {logging_mixin.py:151} INFO - [2026-02-18T12:03:47.949+0000] {dag.py:2915} INFO - Sync 1 DAGs
[2026-02-18T12:03:48.014+0000] {logging_mixin.py:151} INFO - [2026-02-18T12:03:48.014+0000] {dag.py:3696} INFO - Setting next_dagrun for ingestionDAG to 2026-02-18T12:03:18.013752+00:00, run_after=2026-02-18T12:03:48.013752+00:00
[2026-02-18T12:03:48.058+0000] {processor.py:179} INFO - Processing /opt/airflow/dags/ingest_local_folder_dag.py took 0.792 seconds
[2026-02-18T12:04:18.328+0000] {processor.py:157} INFO - Started process (PID=461) to work on /opt/airflow/dags/ingest_local_folder_dag.py
[2026-02-18T12:04:18.330+0000] {processor.py:829} INFO - Processing file /opt/airflow/dags/ingest_local_folder_dag.py for tasks to queue
[2026-02-18T12:04:18.333+0000] {logging_mixin.py:151} INFO - [2026-02-18T12:04:18.332+0000] {dagbag.py:539} INFO - Filling up the DagBag from /opt/airflow/dags/ingest_local_folder_dag.py
[2026-02-18T12:04:18.953+0000] {processor.py:839} INFO - DAG(s) dict_keys(['ingestionDAG']) retrieved from /opt/airflow/dags/ingest_local_folder_dag.py
[2026-02-18T12:04:19.049+0000] {logging_mixin.py:151} INFO - [2026-02-18T12:04:19.048+0000] {dag.py:2915} INFO - Sync 1 DAGs
[2026-02-18T12:04:19.117+0000] {logging_mixin.py:151} INFO - [2026-02-18T12:04:19.117+0000] {dag.py:3696} INFO - Setting next_dagrun for ingestionDAG to 2026-02-18T12:03:49.116225+00:00, run_after=2026-02-18T12:04:19.116225+00:00
[2026-02-18T12:04:19.165+0000] {processor.py:179} INFO - Processing /opt/airflow/dags/ingest_local_folder_dag.py took 0.848 seconds
[2026-02-18T12:04:49.810+0000] {processor.py:157} INFO - Started process (PID=474) to work on /opt/airflow/dags/ingest_local_folder_dag.py
[2026-02-18T12:04:49.813+0000] {processor.py:829} INFO - Processing file /opt/airflow/dags/ingest_local_folder_dag.py for tasks to queue
[2026-02-18T12:04:49.815+0000] {logging_mixin.py:151} INFO - [2026-02-18T12:04:49.814+0000] {dagbag.py:539} INFO - Filling up the DagBag from /opt/airflow/dags/ingest_local_folder_dag.py
[2026-02-18T12:04:50.422+0000] {processor.py:839} INFO - DAG(s) dict_keys(['ingestionDAG']) retrieved from /opt/airflow/dags/ingest_local_folder_dag.py
[2026-02-18T12:04:50.532+0000] {logging_mixin.py:151} INFO - [2026-02-18T12:04:50.532+0000] {dag.py:2915} INFO - Sync 1 DAGs
[2026-02-18T12:04:50.608+0000] {logging_mixin.py:151} INFO - [2026-02-18T12:04:50.608+0000] {dag.py:3696} INFO - Setting next_dagrun for ingestionDAG to 2026-02-18T12:04:20.607589+00:00, run_after=2026-02-18T12:04:50.607589+00:00
[2026-02-18T12:04:50.661+0000] {processor.py:179} INFO - Processing /opt/airflow/dags/ingest_local_folder_dag.py took 0.861 seconds
[2026-02-18T12:05:21.212+0000] {processor.py:157} INFO - Started process (PID=487) to work on /opt/airflow/dags/ingest_local_folder_dag.py
[2026-02-18T12:05:21.215+0000] {processor.py:829} INFO - Processing file /opt/airflow/dags/ingest_local_folder_dag.py for tasks to queue
[2026-02-18T12:05:21.218+0000] {logging_mixin.py:151} INFO - [2026-02-18T12:05:21.217+0000] {dagbag.py:539} INFO - Filling up the DagBag from /opt/airflow/dags/ingest_local_folder_dag.py
[2026-02-18T12:05:21.869+0000] {processor.py:839} INFO - DAG(s) dict_keys(['ingestionDAG']) retrieved from /opt/airflow/dags/ingest_local_folder_dag.py
[2026-02-18T12:05:21.971+0000] {logging_mixin.py:151} INFO - [2026-02-18T12:05:21.971+0000] {dag.py:2915} INFO - Sync 1 DAGs
[2026-02-18T12:05:22.043+0000] {logging_mixin.py:151} INFO - [2026-02-18T12:05:22.043+0000] {dag.py:3696} INFO - Setting next_dagrun for ingestionDAG to 2026-02-18T12:04:52.042638+00:00, run_after=2026-02-18T12:05:22.042638+00:00
[2026-02-18T12:05:22.093+0000] {processor.py:179} INFO - Processing /opt/airflow/dags/ingest_local_folder_dag.py took 0.891 seconds
[2026-02-18T12:05:52.430+0000] {processor.py:157} INFO - Started process (PID=500) to work on /opt/airflow/dags/ingest_local_folder_dag.py
[2026-02-18T12:05:52.432+0000] {processor.py:829} INFO - Processing file /opt/airflow/dags/ingest_local_folder_dag.py for tasks to queue
[2026-02-18T12:05:52.434+0000] {logging_mixin.py:151} INFO - [2026-02-18T12:05:52.433+0000] {dagbag.py:539} INFO - Filling up the DagBag from /opt/airflow/dags/ingest_local_folder_dag.py
[2026-02-18T12:05:52.977+0000] {processor.py:839} INFO - DAG(s) dict_keys(['ingestionDAG']) retrieved from /opt/airflow/dags/ingest_local_folder_dag.py
[2026-02-18T12:05:53.063+0000] {logging_mixin.py:151} INFO - [2026-02-18T12:05:53.063+0000] {dag.py:2915} INFO - Sync 1 DAGs
[2026-02-18T12:05:53.122+0000] {logging_mixin.py:151} INFO - [2026-02-18T12:05:53.122+0000] {dag.py:3696} INFO - Setting next_dagrun for ingestionDAG to 2026-02-18T12:05:23.121429+00:00, run_after=2026-02-18T12:05:53.121429+00:00
[2026-02-18T12:05:53.164+0000] {processor.py:179} INFO - Processing /opt/airflow/dags/ingest_local_folder_dag.py took 0.744 seconds
[2026-02-18T12:06:23.410+0000] {processor.py:157} INFO - Started process (PID=513) to work on /opt/airflow/dags/ingest_local_folder_dag.py
[2026-02-18T12:06:23.413+0000] {processor.py:829} INFO - Processing file /opt/airflow/dags/ingest_local_folder_dag.py for tasks to queue
[2026-02-18T12:06:23.415+0000] {logging_mixin.py:151} INFO - [2026-02-18T12:06:23.414+0000] {dagbag.py:539} INFO - Filling up the DagBag from /opt/airflow/dags/ingest_local_folder_dag.py
[2026-02-18T12:06:23.956+0000] {processor.py:839} INFO - DAG(s) dict_keys(['ingestionDAG']) retrieved from /opt/airflow/dags/ingest_local_folder_dag.py
[2026-02-18T12:06:24.047+0000] {logging_mixin.py:151} INFO - [2026-02-18T12:06:24.047+0000] {dag.py:2915} INFO - Sync 1 DAGs
[2026-02-18T12:06:24.114+0000] {logging_mixin.py:151} INFO - [2026-02-18T12:06:24.114+0000] {dag.py:3696} INFO - Setting next_dagrun for ingestionDAG to 2026-02-18T12:05:54.113846+00:00, run_after=2026-02-18T12:06:24.113846+00:00
[2026-02-18T12:06:24.161+0000] {processor.py:179} INFO - Processing /opt/airflow/dags/ingest_local_folder_dag.py took 0.760 seconds
[2026-02-18T12:06:54.890+0000] {processor.py:157} INFO - Started process (PID=526) to work on /opt/airflow/dags/ingest_local_folder_dag.py
[2026-02-18T12:06:54.891+0000] {processor.py:829} INFO - Processing file /opt/airflow/dags/ingest_local_folder_dag.py for tasks to queue
[2026-02-18T12:06:54.893+0000] {logging_mixin.py:151} INFO - [2026-02-18T12:06:54.892+0000] {dagbag.py:539} INFO - Filling up the DagBag from /opt/airflow/dags/ingest_local_folder_dag.py
[2026-02-18T12:06:55.438+0000] {processor.py:839} INFO - DAG(s) dict_keys(['ingestionDAG']) retrieved from /opt/airflow/dags/ingest_local_folder_dag.py
[2026-02-18T12:06:55.523+0000] {logging_mixin.py:151} INFO - [2026-02-18T12:06:55.523+0000] {dag.py:2915} INFO - Sync 1 DAGs
[2026-02-18T12:06:55.585+0000] {logging_mixin.py:151} INFO - [2026-02-18T12:06:55.585+0000] {dag.py:3696} INFO - Setting next_dagrun for ingestionDAG to 2026-02-18T12:06:25.584742+00:00, run_after=2026-02-18T12:06:55.584742+00:00
[2026-02-18T12:06:55.627+0000] {processor.py:179} INFO - Processing /opt/airflow/dags/ingest_local_folder_dag.py took 0.748 seconds
[2026-02-18T12:07:26.121+0000] {processor.py:157} INFO - Started process (PID=539) to work on /opt/airflow/dags/ingest_local_folder_dag.py
[2026-02-18T12:07:26.124+0000] {processor.py:829} INFO - Processing file /opt/airflow/dags/ingest_local_folder_dag.py for tasks to queue
[2026-02-18T12:07:26.126+0000] {logging_mixin.py:151} INFO - [2026-02-18T12:07:26.125+0000] {dagbag.py:539} INFO - Filling up the DagBag from /opt/airflow/dags/ingest_local_folder_dag.py
[2026-02-18T12:07:26.699+0000] {processor.py:839} INFO - DAG(s) dict_keys(['ingestionDAG']) retrieved from /opt/airflow/dags/ingest_local_folder_dag.py
[2026-02-18T12:07:26.786+0000] {logging_mixin.py:151} INFO - [2026-02-18T12:07:26.786+0000] {dag.py:2915} INFO - Sync 1 DAGs
[2026-02-18T12:07:26.848+0000] {logging_mixin.py:151} INFO - [2026-02-18T12:07:26.848+0000] {dag.py:3696} INFO - Setting next_dagrun for ingestionDAG to 2026-02-18T12:06:56.847824+00:00, run_after=2026-02-18T12:07:26.847824+00:00
[2026-02-18T12:07:26.894+0000] {processor.py:179} INFO - Processing /opt/airflow/dags/ingest_local_folder_dag.py took 0.783 seconds
[2026-02-18T12:07:57.192+0000] {processor.py:157} INFO - Started process (PID=550) to work on /opt/airflow/dags/ingest_local_folder_dag.py
[2026-02-18T12:07:57.195+0000] {processor.py:829} INFO - Processing file /opt/airflow/dags/ingest_local_folder_dag.py for tasks to queue
[2026-02-18T12:07:57.197+0000] {logging_mixin.py:151} INFO - [2026-02-18T12:07:57.196+0000] {dagbag.py:539} INFO - Filling up the DagBag from /opt/airflow/dags/ingest_local_folder_dag.py
[2026-02-18T12:07:57.786+0000] {processor.py:839} INFO - DAG(s) dict_keys(['ingestionDAG']) retrieved from /opt/airflow/dags/ingest_local_folder_dag.py
[2026-02-18T12:07:57.888+0000] {logging_mixin.py:151} INFO - [2026-02-18T12:07:57.887+0000] {dag.py:2915} INFO - Sync 1 DAGs
[2026-02-18T12:07:57.950+0000] {logging_mixin.py:151} INFO - [2026-02-18T12:07:57.949+0000] {dag.py:3696} INFO - Setting next_dagrun for ingestionDAG to 2026-02-18T12:07:27.949028+00:00, run_after=2026-02-18T12:07:57.949028+00:00
[2026-02-18T12:07:58.015+0000] {processor.py:179} INFO - Processing /opt/airflow/dags/ingest_local_folder_dag.py took 0.833 seconds
