[2026-02-10T02:13:30.141+0000] {taskinstance.py:1157} INFO - Dependencies all met for dep_context=non-requeueable deps ti=<TaskInstance: distillationDAG.scan_minio_and_dispatch scheduled__2026-02-10T02:12:41.422180+00:00 [queued]>
[2026-02-10T02:13:30.151+0000] {taskinstance.py:1157} INFO - Dependencies all met for dep_context=requeueable deps ti=<TaskInstance: distillationDAG.scan_minio_and_dispatch scheduled__2026-02-10T02:12:41.422180+00:00 [queued]>
[2026-02-10T02:13:30.152+0000] {taskinstance.py:1359} INFO - Starting attempt 1 of 4
[2026-02-10T02:13:30.167+0000] {taskinstance.py:1380} INFO - Executing <Task(PythonOperator): scan_minio_and_dispatch> on 2026-02-10 02:12:41.422180+00:00
[2026-02-10T02:13:30.175+0000] {standard_task_runner.py:57} INFO - Started process 266 to run task
[2026-02-10T02:13:30.179+0000] {standard_task_runner.py:84} INFO - Running: ['***', 'tasks', 'run', 'distillationDAG', 'scan_minio_and_dispatch', 'scheduled__2026-02-10T02:12:41.422180+00:00', '--job-id', '1435', '--raw', '--subdir', 'DAGS_FOLDER/dispatcher_pipeline_dag.py', '--cfg-path', '/tmp/tmpiavwdx1p']
[2026-02-10T02:13:30.184+0000] {standard_task_runner.py:85} INFO - Job 1435: Subtask scan_minio_and_dispatch
[2026-02-10T02:13:30.266+0000] {task_command.py:415} INFO - Running <TaskInstance: distillationDAG.scan_minio_and_dispatch scheduled__2026-02-10T02:12:41.422180+00:00 [running]> on host 6fab49351b0b
[2026-02-10T02:13:30.616+0000] {taskinstance.py:1660} INFO - Exporting env vars: AIRFLOW_CTX_DAG_OWNER='***' AIRFLOW_CTX_DAG_ID='distillationDAG' AIRFLOW_CTX_TASK_ID='scan_minio_and_dispatch' AIRFLOW_CTX_EXECUTION_DATE='2026-02-10T02:12:41.422180+00:00' AIRFLOW_CTX_TRY_NUMBER='1' AIRFLOW_CTX_DAG_RUN_ID='scheduled__2026-02-10T02:12:41.422180+00:00'
[2026-02-10T02:13:30.630+0000] {logging_mixin.py:151} INFO - [DISPATCHER] Found file: raw/Nitin_gavhane_Resume.docx
[2026-02-10T02:13:30.990+0000] {docx_pipeline.py:303} INFO - [docx] Processing raw/Nitin_gavhane_Resume.docx
[2026-02-10T02:13:30.995+0000] {docx_pipeline.py:343} INFO - [docx] Extracting text from DOCX...
[2026-02-10T02:13:31.102+0000] {docx_pipeline.py:345} INFO - [docx] Extracted 3850 characters of text
[2026-02-10T02:13:31.103+0000] {docx_pipeline.py:347} INFO - [docx] Extracting tables from DOCX...
[2026-02-10T02:13:31.122+0000] {docx_pipeline.py:349} INFO - [docx] Found 1 tables
[2026-02-10T02:13:31.131+0000] {docx_pipeline.py:378} INFO - [docx] Uploaded extracted text -> processed/unstructured/text-extracted/Nitin_gavhane_Resume.txt
[2026-02-10T02:13:31.136+0000] {docx_pipeline.py:171} ERROR - [docx] Failed inserting into unstructured_documents
Traceback (most recent call last):
  File "/opt/python-etl/pipelines/docx_pipeline.py", line 155, in _save_unstructured_doc
    cursor.execute(
psycopg2.errors.SyntaxError: syntax error at end of input
LINE 51:             
                     ^

[2026-02-10T02:13:31.137+0000] {docx_pipeline.py:395} INFO - [docx] Processing 1 tables...
[2026-02-10T02:13:31.150+0000] {docx_pipeline.py:207} INFO - [docx] Uploaded table CSV -> processed/structured/docx-tables/Nitin_gavhane_Resume_table_1.csv
[2026-02-10T02:13:31.150+0000] {structured_pipeline.py:108} INFO - Table name: data_nitin_gavhane_resume_table_1
[2026-02-10T02:13:31.163+0000] {logging_mixin.py:151} WARNING - /opt/python-etl/pipelines/structured_pipeline.py:190 UserWarning: Could not infer format, so each element will be parsed individually, falling back to `dateutil`. To ensure parsing is consistent and as-expected, please specify a format.
[2026-02-10T02:13:31.168+0000] {logging_mixin.py:151} WARNING - /opt/python-etl/pipelines/structured_pipeline.py:190 UserWarning: Could not infer format, so each element will be parsed individually, falling back to `dateutil`. To ensure parsing is consistent and as-expected, please specify a format.
[2026-02-10T02:13:31.169+0000] {logging_mixin.py:151} WARNING - /opt/python-etl/pipelines/structured_pipeline.py:190 UserWarning: Could not infer format, so each element will be parsed individually, falling back to `dateutil`. To ensure parsing is consistent and as-expected, please specify a format.
[2026-02-10T02:13:31.171+0000] {logging_mixin.py:151} WARNING - /opt/python-etl/pipelines/structured_pipeline.py:190 UserWarning: Could not infer format, so each element will be parsed individually, falling back to `dateutil`. To ensure parsing is consistent and as-expected, please specify a format.
[2026-02-10T02:13:31.173+0000] {logging_mixin.py:151} WARNING - /opt/python-etl/pipelines/structured_pipeline.py:190 UserWarning: Could not infer format, so each element will be parsed individually, falling back to `dateutil`. To ensure parsing is consistent and as-expected, please specify a format.
[2026-02-10T02:13:31.185+0000] {docx_pipeline.py:237} INFO - [docx] Created table: data_nitin_gavhane_resume_table_1
[2026-02-10T02:13:31.188+0000] {docx_pipeline.py:250} INFO - [docx] Loaded 5 rows into data_nitin_gavhane_resume_table_1
[2026-02-10T02:13:31.193+0000] {docx_pipeline.py:418} INFO - [docx] Processed table 1/1: 5 rows, 5 columns
[2026-02-10T02:13:31.206+0000] {docx_pipeline.py:450} INFO - [docx] Updated catalog for raw/Nitin_gavhane_Resume.docx
[2026-02-10T02:13:31.206+0000] {docx_pipeline.py:455} INFO - [docx] ✅ Completed processing raw/Nitin_gavhane_Resume.docx | tables=1 | total_rows=5 | text_chars=3850
[2026-02-10T02:13:31.207+0000] {etl_manager.py:306} INFO - ETL completed: raw/Nitin_gavhane_Resume.docx
[2026-02-10T02:13:31.207+0000] {logging_mixin.py:151} INFO - [DISPATCHER] Archiving raw/Nitin_gavhane_Resume.docx -> raw-data/2026-02-10/Nitin_gavhane_Resume.docx
[2026-02-10T02:13:31.217+0000] {logging_mixin.py:151} INFO - [DISPATCHER] Completed & removed landing copy: raw/Nitin_gavhane_Resume.docx
[2026-02-10T02:13:31.217+0000] {logging_mixin.py:151} INFO - [DISPATCHER] Found file: raw/nimish_Research2.pdf
[2026-02-10T02:13:31.232+0000] {pdf_pipeline.py:354} INFO - [pdf] Processing raw/nimish_Research2.pdf
[2026-02-10T02:13:31.240+0000] {pdf_pipeline.py:408} INFO - [pdf] Extracting text from PDF...
[2026-02-10T02:13:31.255+0000] {pdf_pipeline.py:441} ERROR - [pdf] Text extraction failed for raw/nimish_Research2.pdf: cannot access local variable 'table_count' where it is not associated with a value
Traceback (most recent call last):
  File "/opt/python-etl/pipelines/pdf_pipeline.py", line 425, in process_minio_object
    'table_count': table_count,
                   ^^^^^^^^^^^
UnboundLocalError: cannot access local variable 'table_count' where it is not associated with a value
[2026-02-10T02:13:31.256+0000] {pdf_pipeline.py:477} WARNING - [pdf] No text extracted from raw/nimish_Research2.pdf
[2026-02-10T02:13:31.256+0000] {pdf_pipeline.py:480} INFO - [pdf] Extracting tables from PDF...
[2026-02-10T02:13:32.027+0000] {pdf_pipeline.py:539} WARNING - [pdf] Failed to process table 1 on page 4: _process_extracted_table() got an unexpected keyword argument 'uploaded_by'
[2026-02-10T02:13:32.292+0000] {pdf_pipeline.py:550} INFO - [pdf] Extracted 0 tables with 0 total rows
[2026-02-10T02:13:32.292+0000] {pdf_pipeline.py:566} ERROR - [pdf] Failed catalog update for raw/nimish_Research2.pdf: cannot access local variable 'pdf_metadata' where it is not associated with a value
Traceback (most recent call last):
  File "/opt/python-etl/pipelines/pdf_pipeline.py", line 560, in process_minio_object
    content_hash=file_hash,
                 ^^^^^^^^^
UnboundLocalError: cannot access local variable 'pdf_metadata' where it is not associated with a value
[2026-02-10T02:13:32.293+0000] {pdf_pipeline.py:569} INFO - [pdf] ✅ Completed processing: raw/nimish_Research2.pdf | pages=6 | tables=0 | rows=0 | text_chars=0
[2026-02-10T02:13:32.293+0000] {etl_manager.py:306} INFO - ETL completed: raw/nimish_Research2.pdf
[2026-02-10T02:13:32.294+0000] {logging_mixin.py:151} INFO - [DISPATCHER] Archiving raw/nimish_Research2.pdf -> raw-data/2026-02-10/nimish_Research2.pdf
[2026-02-10T02:13:32.314+0000] {logging_mixin.py:151} INFO - [DISPATCHER] Completed & removed landing copy: raw/nimish_Research2.pdf
[2026-02-10T02:13:32.314+0000] {python.py:194} INFO - Done. Returned value was: None
[2026-02-10T02:13:32.333+0000] {taskinstance.py:1398} INFO - Marking task as SUCCESS. dag_id=distillationDAG, task_id=scan_minio_and_dispatch, execution_date=20260210T021241, start_date=20260210T021330, end_date=20260210T021332
[2026-02-10T02:13:32.398+0000] {local_task_job_runner.py:228} INFO - Task exited with return code 0
[2026-02-10T02:13:32.450+0000] {taskinstance.py:2776} INFO - 0 downstream tasks scheduled from follow-on schedule check
