[2026-02-09T22:13:59.594+0000] {taskinstance.py:1157} INFO - Dependencies all met for dep_context=non-requeueable deps ti=<TaskInstance: distillationDAG.scan_minio_and_dispatch scheduled__2026-02-09T22:12:43.777918+00:00 [queued]>
[2026-02-09T22:13:59.610+0000] {taskinstance.py:1157} INFO - Dependencies all met for dep_context=requeueable deps ti=<TaskInstance: distillationDAG.scan_minio_and_dispatch scheduled__2026-02-09T22:12:43.777918+00:00 [queued]>
[2026-02-09T22:13:59.610+0000] {taskinstance.py:1359} INFO - Starting attempt 2 of 4
[2026-02-09T22:13:59.631+0000] {taskinstance.py:1380} INFO - Executing <Task(PythonOperator): scan_minio_and_dispatch> on 2026-02-09 22:12:43.777918+00:00
[2026-02-09T22:13:59.651+0000] {standard_task_runner.py:57} INFO - Started process 307 to run task
[2026-02-09T22:13:59.661+0000] {standard_task_runner.py:84} INFO - Running: ['***', 'tasks', 'run', 'distillationDAG', 'scan_minio_and_dispatch', 'scheduled__2026-02-09T22:12:43.777918+00:00', '--job-id', '1392', '--raw', '--subdir', 'DAGS_FOLDER/dispatcher_pipeline_dag.py', '--cfg-path', '/tmp/tmpi_z_32ri']
[2026-02-09T22:13:59.669+0000] {standard_task_runner.py:85} INFO - Job 1392: Subtask scan_minio_and_dispatch
[2026-02-09T22:13:59.785+0000] {task_command.py:415} INFO - Running <TaskInstance: distillationDAG.scan_minio_and_dispatch scheduled__2026-02-09T22:12:43.777918+00:00 [running]> on host 57c102fbe6ac
[2026-02-09T22:14:00.283+0000] {taskinstance.py:1660} INFO - Exporting env vars: AIRFLOW_CTX_DAG_OWNER='***' AIRFLOW_CTX_DAG_ID='distillationDAG' AIRFLOW_CTX_TASK_ID='scan_minio_and_dispatch' AIRFLOW_CTX_EXECUTION_DATE='2026-02-09T22:12:43.777918+00:00' AIRFLOW_CTX_TRY_NUMBER='2' AIRFLOW_CTX_DAG_RUN_ID='scheduled__2026-02-09T22:12:43.777918+00:00'
[2026-02-09T22:14:00.301+0000] {logging_mixin.py:151} INFO - [DISPATCHER] Found file: raw/Invoice_2449088033.pdf
[2026-02-09T22:14:00.707+0000] {taskinstance.py:1935} ERROR - Task failed with exception
Traceback (most recent call last):
  File "/home/airflow/.local/lib/python3.11/site-packages/airflow/operators/python.py", line 192, in execute
    return_value = self.execute_callable()
                   ^^^^^^^^^^^^^^^^^^^^^^^
  File "/home/airflow/.local/lib/python3.11/site-packages/airflow/operators/python.py", line 209, in execute_callable
    return self.python_callable(*self.op_args, **self.op_kwargs)
           ^^^^^^^^^^^^^^^^^^^^^^^^^^^^^^^^^^^^^^^^^^^^^^^^^^^^^
  File "/opt/airflow/dags/dispatcher_pipeline_dag.py", line 56, in scan_and_dispatch
    run_pipeline_for_object(object_name)
  File "/opt/python-etl/etl_manager.py", line 291, in run_pipeline_for_object
    pdf_pipeline.process_minio_object(**common_kwargs)
TypeError: process_minio_object() got an unexpected keyword argument 'bucket'
[2026-02-09T22:14:00.724+0000] {taskinstance.py:1398} INFO - Marking task as UP_FOR_RETRY. dag_id=distillationDAG, task_id=scan_minio_and_dispatch, execution_date=20260209T221243, start_date=20260209T221359, end_date=20260209T221400
[2026-02-09T22:14:00.739+0000] {standard_task_runner.py:104} ERROR - Failed to execute job 1392 for task scan_minio_and_dispatch (process_minio_object() got an unexpected keyword argument 'bucket'; 307)
[2026-02-09T22:14:00.766+0000] {local_task_job_runner.py:228} INFO - Task exited with return code 1
[2026-02-09T22:14:00.797+0000] {taskinstance.py:2776} INFO - 0 downstream tasks scheduled from follow-on schedule check
