[2026-01-08T15:21:32.076+0000] {taskinstance.py:1157} INFO - Dependencies all met for dep_context=non-requeueable deps ti=<TaskInstance: distillationDAG.scan_minio_and_dispatch manual__2026-01-08T15:21:08.881768+00:00 [queued]>
[2026-01-08T15:21:32.083+0000] {taskinstance.py:1157} INFO - Dependencies all met for dep_context=requeueable deps ti=<TaskInstance: distillationDAG.scan_minio_and_dispatch manual__2026-01-08T15:21:08.881768+00:00 [queued]>
[2026-01-08T15:21:32.084+0000] {taskinstance.py:1359} INFO - Starting attempt 2 of 4
[2026-01-08T15:21:32.136+0000] {taskinstance.py:1380} INFO - Executing <Task(PythonOperator): scan_minio_and_dispatch> on 2026-01-08 15:21:08.881768+00:00
[2026-01-08T15:21:32.155+0000] {standard_task_runner.py:57} INFO - Started process 329 to run task
[2026-01-08T15:21:32.167+0000] {standard_task_runner.py:84} INFO - Running: ['***', 'tasks', 'run', 'distillationDAG', 'scan_minio_and_dispatch', 'manual__2026-01-08T15:21:08.881768+00:00', '--job-id', '885', '--raw', '--subdir', 'DAGS_FOLDER/dispatcher_pipeline_dag.py', '--cfg-path', '/tmp/tmpqn2su5qe']
[2026-01-08T15:21:32.176+0000] {standard_task_runner.py:85} INFO - Job 885: Subtask scan_minio_and_dispatch
[2026-01-08T15:21:32.272+0000] {logging_mixin.py:151} WARNING - /home/***/.local/lib/python3.11/site-packages/***/settings.py:195 DeprecationWarning: The sql_alchemy_conn option in [core] has been moved to the sql_alchemy_conn option in [database] - the old setting has been used, but please update your config.
[2026-01-08T15:21:32.404+0000] {task_command.py:415} INFO - Running <TaskInstance: distillationDAG.scan_minio_and_dispatch manual__2026-01-08T15:21:08.881768+00:00 [running]> on host 73af49008f85
[2026-01-08T15:21:32.886+0000] {taskinstance.py:1660} INFO - Exporting env vars: AIRFLOW_CTX_DAG_OWNER='***' AIRFLOW_CTX_DAG_ID='distillationDAG' AIRFLOW_CTX_TASK_ID='scan_minio_and_dispatch' AIRFLOW_CTX_EXECUTION_DATE='2026-01-08T15:21:08.881768+00:00' AIRFLOW_CTX_TRY_NUMBER='2' AIRFLOW_CTX_DAG_RUN_ID='manual__2026-01-08T15:21:08.881768+00:00'
[2026-01-08T15:21:32.902+0000] {logging_mixin.py:151} INFO - [DISPATCHER] Found file: raw/names_and_emails.csv
[2026-01-08T15:21:33.180+0000] {structured_pipeline.py:497} INFO - [structured] Processing raw/names_and_emails.csv
[2026-01-08T15:21:33.185+0000] {structured_pipeline.py:504} INFO - [structured] Downloaded 22265 bytes
[2026-01-08T15:21:33.185+0000] {structured_pipeline.py:508} INFO - [structured] Detected file type: csv
[2026-01-08T15:21:33.189+0000] {structured_pipeline.py:21} INFO - Detected encoding: ascii (confidence: 1.00)
[2026-01-08T15:21:33.189+0000] {structured_pipeline.py:236} INFO - [CSV] Attempting to decode with ascii
[2026-01-08T15:21:33.192+0000] {structured_pipeline.py:40} INFO - Sniffer detected delimiter: ','
[2026-01-08T15:21:33.193+0000] {structured_pipeline.py:267} INFO - [CSV] Read attempt 1
[2026-01-08T15:21:33.198+0000] {structured_pipeline.py:271} INFO - [CSV] Successfully read 573 rows with 2 columns
[2026-01-08T15:21:33.198+0000] {structured_pipeline.py:531} INFO - [structured] Initial read: 573 rows, 2 columns
[2026-01-08T15:21:33.198+0000] {structured_pipeline.py:362} INFO - [Clean] Cleaning dataframe...
[2026-01-08T15:21:33.205+0000] {structured_pipeline.py:387} INFO - [Clean] Cleaned dataframe: 573 rows, 2 columns
[2026-01-08T15:21:33.206+0000] {structured_pipeline.py:107} INFO - Table name: data_names_and_emails
[2026-01-08T15:21:33.206+0000] {structured_pipeline.py:123} INFO - [Normalize] Normalizing DataFrame with 2 columns
[2026-01-08T15:21:33.210+0000] {structured_pipeline.py:401} INFO - [PostgreSQL] Dropped existing table: data_names_and_emails
[2026-01-08T15:21:33.217+0000] {logging_mixin.py:151} WARNING - /opt/python-etl/pipelines/structured_pipeline.py:189 UserWarning: Could not infer format, so each element will be parsed individually, falling back to `dateutil`. To ensure parsing is consistent and as-expected, please specify a format.
[2026-01-08T15:21:33.218+0000] {structured_pipeline.py:410} INFO - [PostgreSQL] Column 'name' -> TEXT
[2026-01-08T15:21:33.222+0000] {logging_mixin.py:151} WARNING - /opt/python-etl/pipelines/structured_pipeline.py:189 UserWarning: Could not infer format, so each element will be parsed individually, falling back to `dateutil`. To ensure parsing is consistent and as-expected, please specify a format.
[2026-01-08T15:21:33.222+0000] {structured_pipeline.py:410} INFO - [PostgreSQL] Column 'email' -> TEXT
[2026-01-08T15:21:33.224+0000] {structured_pipeline.py:421} INFO - [PostgreSQL] Created table: data_names_and_emails
[2026-01-08T15:21:34.209+0000] {structured_pipeline.py:443} INFO - [PostgreSQL] Loaded 573 rows into data_names_and_emails
[2026-01-08T15:21:34.209+0000] {structured_pipeline.py:456} INFO - [Parquet] Writing Parquet file...
[2026-01-08T15:21:34.245+0000] {logging_mixin.py:151} WARNING - /home/***/.local/lib/python3.11/site-packages/pyarrow/pandas_compat.py:373 FutureWarning: is_sparse is deprecated and will be removed in a future version. Check `isinstance(dtype, pd.SparseDtype)` instead.
[2026-01-08T15:21:34.263+0000] {structured_pipeline.py:483} INFO - [Parquet] Saved to: processed/structured/names_and_emails.parquet
[2026-01-08T15:21:34.267+0000] {structured_pipeline.py:570} ERROR - [structured] ❌ Error processing raw/names_and_emails.csv: name 'json' is not defined
Traceback (most recent call last):
  File "/opt/python-etl/pipelines/structured_pipeline.py", line 555, in process_minio_object
    catalog_updater(
  File "/opt/python-etl/etl_manager.py", line 90, in update_catalog
    (self.bucket_name, object_name, object_size, file_format, row_count, text_extracted, content_hash, uploaded_by, json.dumps(metadata or {}))
                                                                                                                    ^^^^
NameError: name 'json' is not defined
[2026-01-08T15:21:34.271+0000] {taskinstance.py:1935} ERROR - Task failed with exception
Traceback (most recent call last):
  File "/home/airflow/.local/lib/python3.11/site-packages/airflow/operators/python.py", line 192, in execute
    return_value = self.execute_callable()
                   ^^^^^^^^^^^^^^^^^^^^^^^
  File "/home/airflow/.local/lib/python3.11/site-packages/airflow/operators/python.py", line 209, in execute_callable
    return self.python_callable(*self.op_args, **self.op_kwargs)
           ^^^^^^^^^^^^^^^^^^^^^^^^^^^^^^^^^^^^^^^^^^^^^^^^^^^^^
  File "/opt/airflow/dags/dispatcher_pipeline_dag.py", line 56, in scan_and_dispatch
    run_pipeline_for_object(object_name)
  File "/opt/python-etl/etl_manager.py", line 268, in run_pipeline_for_object
    structured_pipeline.process_minio_object(
  File "/opt/python-etl/pipelines/structured_pipeline.py", line 555, in process_minio_object
    catalog_updater(
  File "/opt/python-etl/etl_manager.py", line 90, in update_catalog
    (self.bucket_name, object_name, object_size, file_format, row_count, text_extracted, content_hash, uploaded_by, json.dumps(metadata or {}))
                                                                                                                    ^^^^
NameError: name 'json' is not defined
[2026-01-08T15:21:34.300+0000] {taskinstance.py:1398} INFO - Marking task as UP_FOR_RETRY. dag_id=distillationDAG, task_id=scan_minio_and_dispatch, execution_date=20260108T152108, start_date=20260108T152132, end_date=20260108T152134
[2026-01-08T15:21:34.323+0000] {standard_task_runner.py:104} ERROR - Failed to execute job 885 for task scan_minio_and_dispatch (name 'json' is not defined; 329)
[2026-01-08T15:21:34.392+0000] {local_task_job_runner.py:228} INFO - Task exited with return code 1
[2026-01-08T15:21:34.429+0000] {taskinstance.py:2776} INFO - 0 downstream tasks scheduled from follow-on schedule check
