[2026-01-08T15:28:01.740+0000] {taskinstance.py:1157} INFO - Dependencies all met for dep_context=non-requeueable deps ti=<TaskInstance: distillationDAG.scan_minio_and_dispatch manual__2026-01-08T15:21:08.881768+00:00 [queued]>
[2026-01-08T15:28:01.748+0000] {taskinstance.py:1157} INFO - Dependencies all met for dep_context=requeueable deps ti=<TaskInstance: distillationDAG.scan_minio_and_dispatch manual__2026-01-08T15:21:08.881768+00:00 [queued]>
[2026-01-08T15:28:01.749+0000] {taskinstance.py:1359} INFO - Starting attempt 3 of 4
[2026-01-08T15:28:01.802+0000] {taskinstance.py:1380} INFO - Executing <Task(PythonOperator): scan_minio_and_dispatch> on 2026-01-08 15:21:08.881768+00:00
[2026-01-08T15:28:01.809+0000] {standard_task_runner.py:57} INFO - Started process 253 to run task
[2026-01-08T15:28:01.812+0000] {standard_task_runner.py:84} INFO - Running: ['***', 'tasks', 'run', 'distillationDAG', 'scan_minio_and_dispatch', 'manual__2026-01-08T15:21:08.881768+00:00', '--job-id', '887', '--raw', '--subdir', 'DAGS_FOLDER/dispatcher_pipeline_dag.py', '--cfg-path', '/tmp/tmpz1j8r0py']
[2026-01-08T15:28:01.815+0000] {standard_task_runner.py:85} INFO - Job 887: Subtask scan_minio_and_dispatch
[2026-01-08T15:28:01.874+0000] {logging_mixin.py:151} WARNING - /home/***/.local/lib/python3.11/site-packages/***/settings.py:195 DeprecationWarning: The sql_alchemy_conn option in [core] has been moved to the sql_alchemy_conn option in [database] - the old setting has been used, but please update your config.
[2026-01-08T15:28:01.982+0000] {task_command.py:415} INFO - Running <TaskInstance: distillationDAG.scan_minio_and_dispatch manual__2026-01-08T15:21:08.881768+00:00 [running]> on host 9a0568312538
[2026-01-08T15:28:02.462+0000] {taskinstance.py:1660} INFO - Exporting env vars: AIRFLOW_CTX_DAG_OWNER='***' AIRFLOW_CTX_DAG_ID='distillationDAG' AIRFLOW_CTX_TASK_ID='scan_minio_and_dispatch' AIRFLOW_CTX_EXECUTION_DATE='2026-01-08T15:21:08.881768+00:00' AIRFLOW_CTX_TRY_NUMBER='3' AIRFLOW_CTX_DAG_RUN_ID='manual__2026-01-08T15:21:08.881768+00:00'
[2026-01-08T15:28:02.474+0000] {logging_mixin.py:151} INFO - [DISPATCHER] Found file: raw/names_and_emails.csv
[2026-01-08T15:28:03.120+0000] {structured_pipeline.py:497} INFO - [structured] Processing raw/names_and_emails.csv
[2026-01-08T15:28:03.126+0000] {structured_pipeline.py:504} INFO - [structured] Downloaded 22265 bytes
[2026-01-08T15:28:03.126+0000] {structured_pipeline.py:508} INFO - [structured] Detected file type: csv
[2026-01-08T15:28:03.130+0000] {structured_pipeline.py:21} INFO - Detected encoding: ascii (confidence: 1.00)
[2026-01-08T15:28:03.130+0000] {structured_pipeline.py:236} INFO - [CSV] Attempting to decode with ascii
[2026-01-08T15:28:03.132+0000] {structured_pipeline.py:40} INFO - Sniffer detected delimiter: ','
[2026-01-08T15:28:03.132+0000] {structured_pipeline.py:267} INFO - [CSV] Read attempt 1
[2026-01-08T15:28:03.137+0000] {structured_pipeline.py:271} INFO - [CSV] Successfully read 573 rows with 2 columns
[2026-01-08T15:28:03.138+0000] {structured_pipeline.py:531} INFO - [structured] Initial read: 573 rows, 2 columns
[2026-01-08T15:28:03.138+0000] {structured_pipeline.py:362} INFO - [Clean] Cleaning dataframe...
[2026-01-08T15:28:03.143+0000] {structured_pipeline.py:387} INFO - [Clean] Cleaned dataframe: 573 rows, 2 columns
[2026-01-08T15:28:03.144+0000] {structured_pipeline.py:107} INFO - Table name: data_names_and_emails
[2026-01-08T15:28:03.144+0000] {structured_pipeline.py:123} INFO - [Normalize] Normalizing DataFrame with 2 columns
[2026-01-08T15:28:03.150+0000] {structured_pipeline.py:401} INFO - [PostgreSQL] Dropped existing table: data_names_and_emails
[2026-01-08T15:28:03.153+0000] {logging_mixin.py:151} WARNING - /opt/python-etl/pipelines/structured_pipeline.py:189 UserWarning: Could not infer format, so each element will be parsed individually, falling back to `dateutil`. To ensure parsing is consistent and as-expected, please specify a format.
[2026-01-08T15:28:03.154+0000] {structured_pipeline.py:410} INFO - [PostgreSQL] Column 'name' -> TEXT
[2026-01-08T15:28:03.155+0000] {logging_mixin.py:151} WARNING - /opt/python-etl/pipelines/structured_pipeline.py:189 UserWarning: Could not infer format, so each element will be parsed individually, falling back to `dateutil`. To ensure parsing is consistent and as-expected, please specify a format.
[2026-01-08T15:28:03.156+0000] {structured_pipeline.py:410} INFO - [PostgreSQL] Column 'email' -> TEXT
[2026-01-08T15:28:03.209+0000] {structured_pipeline.py:421} INFO - [PostgreSQL] Created table: data_names_and_emails
[2026-01-08T15:28:03.237+0000] {structured_pipeline.py:443} INFO - [PostgreSQL] Loaded 573 rows into data_names_and_emails
[2026-01-08T15:28:03.238+0000] {structured_pipeline.py:456} INFO - [Parquet] Writing Parquet file...
[2026-01-08T15:28:04.488+0000] {logging_mixin.py:151} WARNING - /home/***/.local/lib/python3.11/site-packages/pyarrow/pandas_compat.py:373 FutureWarning: is_sparse is deprecated and will be removed in a future version. Check `isinstance(dtype, pd.SparseDtype)` instead.
[2026-01-08T15:28:04.499+0000] {structured_pipeline.py:483} INFO - [Parquet] Saved to: processed/structured/names_and_emails.parquet
[2026-01-08T15:28:04.502+0000] {structured_pipeline.py:565} INFO - [structured] ✅ Successfully processed raw/names_and_emails.csv
[2026-01-08T15:28:04.502+0000] {etl_manager.py:292} INFO - Processing complete for: raw/names_and_emails.csv
[2026-01-08T15:28:04.502+0000] {logging_mixin.py:151} INFO - [DISPATCHER] Archiving raw/names_and_emails.csv -> raw-data/2026-01-08/names_and_emails.csv
[2026-01-08T15:28:04.511+0000] {logging_mixin.py:151} INFO - [DISPATCHER] Completed & removed landing copy: raw/names_and_emails.csv
[2026-01-08T15:28:04.512+0000] {python.py:194} INFO - Done. Returned value was: None
[2026-01-08T15:28:04.528+0000] {taskinstance.py:1398} INFO - Marking task as SUCCESS. dag_id=distillationDAG, task_id=scan_minio_and_dispatch, execution_date=20260108T152108, start_date=20260108T152801, end_date=20260108T152804
[2026-01-08T15:28:04.716+0000] {local_task_job_runner.py:228} INFO - Task exited with return code 0
[2026-01-08T15:28:04.763+0000] {taskinstance.py:2776} INFO - 0 downstream tasks scheduled from follow-on schedule check
