[2026-03-05T00:20:08.016+0000] {taskinstance.py:1157} INFO - Dependencies all met for dep_context=non-requeueable deps ti=<TaskInstance: embedding_sync_dag.process_queue scheduled__2026-03-05T00:15:00+00:00 [queued]>
[2026-03-05T00:20:08.037+0000] {taskinstance.py:1157} INFO - Dependencies all met for dep_context=requeueable deps ti=<TaskInstance: embedding_sync_dag.process_queue scheduled__2026-03-05T00:15:00+00:00 [queued]>
[2026-03-05T00:20:08.038+0000] {taskinstance.py:1359} INFO - Starting attempt 1 of 3
[2026-03-05T00:20:08.067+0000] {taskinstance.py:1380} INFO - Executing <Task(PythonOperator): process_queue> on 2026-03-05 00:15:00+00:00
[2026-03-05T00:20:08.080+0000] {standard_task_runner.py:57} INFO - Started process 1577 to run task
[2026-03-05T00:20:08.090+0000] {standard_task_runner.py:84} INFO - Running: ['***', 'tasks', 'run', 'embedding_sync_dag', 'process_queue', 'scheduled__2026-03-05T00:15:00+00:00', '--job-id', '2127', '--raw', '--subdir', 'DAGS_FOLDER/embedding_sync_dag.py', '--cfg-path', '/tmp/tmpeekon6f6']
[2026-03-05T00:20:08.098+0000] {standard_task_runner.py:85} INFO - Job 2127: Subtask process_queue
[2026-03-05T00:20:08.268+0000] {task_command.py:415} INFO - Running <TaskInstance: embedding_sync_dag.process_queue scheduled__2026-03-05T00:15:00+00:00 [running]> on host f8e2a5ccc16e
[2026-03-05T00:20:08.546+0000] {taskinstance.py:1660} INFO - Exporting env vars: AIRFLOW_CTX_DAG_OWNER='lakehouse' AIRFLOW_CTX_DAG_ID='embedding_sync_dag' AIRFLOW_CTX_TASK_ID='process_queue' AIRFLOW_CTX_EXECUTION_DATE='2026-03-05T00:15:00+00:00' AIRFLOW_CTX_TRY_NUMBER='1' AIRFLOW_CTX_DAG_RUN_ID='scheduled__2026-03-05T00:15:00+00:00'
[2026-03-05T00:20:25.906+0000] {embedding_pipeline.py:39} INFO - [embed] Loading all-MiniLM-L6-v2 (first use)...
[2026-03-05T00:20:25.908+0000] {SentenceTransformer.py:219} INFO - Use pytorch device_name: cpu
[2026-03-05T00:20:25.908+0000] {SentenceTransformer.py:227} INFO - Load pretrained SentenceTransformer: all-MiniLM-L6-v2
[2026-03-05T00:20:26.938+0000] {logging_mixin.py:151} WARNING - Warning: You are sending unauthenticated requests to the HF Hub. Please set a HF_TOKEN to enable higher rate limits and faster downloads.
[2026-03-05T00:20:26.937+0000] {_http.py:857} WARNING - Warning: You are sending unauthenticated requests to the HF Hub. Please set a HF_TOKEN to enable higher rate limits and faster downloads.
[2026-03-05T00:20:28.698+0000] {logging_mixin.py:151} WARNING - Loading weights:   0%|          | 0/103 [00:00<?, ?it/s]
[2026-03-05T00:20:28.761+0000] {logging_mixin.py:151} WARNING - Loading weights: 100%|##########| 103/103 [00:00<00:00, 1654.16it/s]
[2026-03-05T00:20:28.774+0000] {logging_mixin.py:151} WARNING - BertModel LOAD REPORT from: sentence-transformers/all-MiniLM-L6-v2
Key                     | Status     |  | 
------------------------+------------+--+-
embeddings.position_ids | UNEXPECTED |  | 

Notes:
- UNEXPECTED	:can be ignored when loading from different task/architecture; not ok if you expect identical arch.
[2026-03-05T00:20:30.840+0000] {embedding_pipeline.py:41} INFO - [embed] Model loaded.
[2026-03-05T00:20:30.880+0000] {embedding_pipeline.py:191} INFO - [embed] Queue empty after 0 rows.
[2026-03-05T00:20:30.880+0000] {embedding_pipeline.py:315} INFO - [embed] ✅ Done. processed=0 errors=0
[2026-03-05T00:20:30.930+0000] {python.py:194} INFO - Done. Returned value was: {'processed': 0, 'errors': 0}
[2026-03-05T00:20:31.009+0000] {taskinstance.py:1398} INFO - Marking task as SUCCESS. dag_id=embedding_sync_dag, task_id=process_queue, execution_date=20260305T001500, start_date=20260305T002008, end_date=20260305T002031
[2026-03-05T00:20:31.208+0000] {local_task_job_runner.py:228} INFO - Task exited with return code 0
[2026-03-05T00:20:31.275+0000] {taskinstance.py:2776} INFO - 1 downstream tasks scheduled from follow-on schedule check
