[2026-05-04T08:44:31.949+0000] {taskinstance.py:1157} INFO - Dependencies all met for dep_context=non-requeueable deps ti=<TaskInstance: embedding_sync_dag.backfill_existing_data scheduled__2026-05-04T08:35:00+00:00 [queued]>
[2026-05-04T08:44:31.959+0000] {taskinstance.py:1157} INFO - Dependencies all met for dep_context=requeueable deps ti=<TaskInstance: embedding_sync_dag.backfill_existing_data scheduled__2026-05-04T08:35:00+00:00 [queued]>
[2026-05-04T08:44:31.960+0000] {taskinstance.py:1359} INFO - Starting attempt 1 of 3
[2026-05-04T08:44:31.972+0000] {taskinstance.py:1380} INFO - Executing <Task(PythonOperator): backfill_existing_data> on 2026-05-04 08:35:00+00:00
[2026-05-04T08:44:31.985+0000] {standard_task_runner.py:57} INFO - Started process 3029 to run task
[2026-05-04T08:44:31.995+0000] {standard_task_runner.py:84} INFO - Running: ['***', 'tasks', 'run', 'embedding_sync_dag', 'backfill_existing_data', 'scheduled__2026-05-04T08:35:00+00:00', '--job-id', '4236', '--raw', '--subdir', 'DAGS_FOLDER/embedding_sync_dag.py', '--cfg-path', '/tmp/tmpwnnzxn0p']
[2026-05-04T08:44:31.999+0000] {standard_task_runner.py:85} INFO - Job 4236: Subtask backfill_existing_data
[2026-05-04T08:44:32.080+0000] {task_command.py:415} INFO - Running <TaskInstance: embedding_sync_dag.backfill_existing_data scheduled__2026-05-04T08:35:00+00:00 [running]> on host e8610aa59365
[2026-05-04T08:44:32.208+0000] {taskinstance.py:1660} INFO - Exporting env vars: AIRFLOW_CTX_DAG_OWNER='lakehouse' AIRFLOW_CTX_DAG_ID='embedding_sync_dag' AIRFLOW_CTX_TASK_ID='backfill_existing_data' AIRFLOW_CTX_EXECUTION_DATE='2026-05-04T08:35:00+00:00' AIRFLOW_CTX_TRY_NUMBER='1' AIRFLOW_CTX_DAG_RUN_ID='scheduled__2026-05-04T08:35:00+00:00'
[2026-05-04T08:44:33.105+0000] {embedding_pipeline.py:430} INFO - [embed] Backfill needed — source~1085, fully embedded=0, gap~1085
[2026-05-04T08:44:33.107+0000] {embedding_pipeline.py:448} INFO - [embed] Scanning 15 tables for unembedded rows...
[2026-05-04T08:44:33.115+0000] {embedding_pipeline.py:492} INFO - [embed] Queued 10 rows from data_datatest1
[2026-05-04T08:44:33.118+0000] {embedding_pipeline.py:492} INFO - [embed] Queued 10 rows from data_datatest2
[2026-05-04T08:44:33.121+0000] {embedding_pipeline.py:492} INFO - [embed] Queued 10 rows from data_datatest3
[2026-05-04T08:44:33.125+0000] {embedding_pipeline.py:492} INFO - [embed] Queued 10 rows from data_datatest4
[2026-05-04T08:44:33.127+0000] {embedding_pipeline.py:492} INFO - [embed] Queued 2 rows from data_iotpblfilecover_page1_table1
[2026-05-04T08:44:33.130+0000] {embedding_pipeline.py:492} INFO - [embed] Queued 2 rows from data_mispblintro_page1_table1
[2026-05-04T08:44:33.134+0000] {embedding_pipeline.py:492} INFO - [embed] Queued 4 rows from data_sample_1_page1_table1
[2026-05-04T08:44:33.137+0000] {embedding_pipeline.py:492} INFO - [embed] Queued 3 rows from data_sample_2_page1_table1
[2026-05-04T08:44:33.140+0000] {embedding_pipeline.py:492} INFO - [embed] Queued 7 rows from data_sample_3_page1_table1
[2026-05-04T08:44:33.144+0000] {embedding_pipeline.py:492} INFO - [embed] Queued 6 rows from data_sample_4_page1_table1
[2026-05-04T08:44:33.147+0000] {embedding_pipeline.py:492} INFO - [embed] Queued 6 rows from data_sample_5_page1_table1
[2026-05-04T08:44:33.161+0000] {embedding_pipeline.py:492} INFO - [embed] Queued 1000 rows from data_studentsperformance
[2026-05-04T08:44:33.165+0000] {embedding_pipeline.py:492} INFO - [embed] Queued 41 rows from minio_data_catalog
[2026-05-04T08:44:33.180+0000] {embedding_pipeline.py:492} INFO - [embed] Queued 103 rows from unstructured_documents
[2026-05-04T08:44:33.184+0000] {embedding_pipeline.py:492} INFO - [embed] Queued 19 rows from unstructured_images
[2026-05-04T08:44:33.186+0000] {embedding_pipeline.py:501} INFO - [embed] Backfill complete — 1233 rows queued
[2026-05-04T08:44:33.213+0000] {python.py:194} INFO - Done. Returned value was: 1233
[2026-05-04T08:44:33.253+0000] {taskinstance.py:1398} INFO - Marking task as SUCCESS. dag_id=embedding_sync_dag, task_id=backfill_existing_data, execution_date=20260504T083500, start_date=20260504T084431, end_date=20260504T084433
[2026-05-04T08:44:33.293+0000] {local_task_job_runner.py:228} INFO - Task exited with return code 0
[2026-05-04T08:44:33.327+0000] {taskinstance.py:2776} INFO - 0 downstream tasks scheduled from follow-on schedule check
