[2026-02-26T23:45:04.735+0000] {taskinstance.py:1157} INFO - Dependencies all met for dep_context=non-requeueable deps ti=<TaskInstance: distillationDAG.scan_minio_and_dispatch scheduled__2026-02-26T23:43:45.731662+00:00 [queued]>
[2026-02-26T23:45:04.758+0000] {taskinstance.py:1157} INFO - Dependencies all met for dep_context=requeueable deps ti=<TaskInstance: distillationDAG.scan_minio_and_dispatch scheduled__2026-02-26T23:43:45.731662+00:00 [queued]>
[2026-02-26T23:45:04.759+0000] {taskinstance.py:1359} INFO - Starting attempt 2 of 4
[2026-02-26T23:45:04.805+0000] {taskinstance.py:1380} INFO - Executing <Task(PythonOperator): scan_minio_and_dispatch> on 2026-02-26 23:43:45.731662+00:00
[2026-02-26T23:45:04.824+0000] {standard_task_runner.py:57} INFO - Started process 387 to run task
[2026-02-26T23:45:04.837+0000] {standard_task_runner.py:84} INFO - Running: ['***', 'tasks', 'run', 'distillationDAG', 'scan_minio_and_dispatch', 'scheduled__2026-02-26T23:43:45.731662+00:00', '--job-id', '1710', '--raw', '--subdir', 'DAGS_FOLDER/dispatcher_pipeline_dag.py', '--cfg-path', '/tmp/tmp0yucfbc9']
[2026-02-26T23:45:04.848+0000] {standard_task_runner.py:85} INFO - Job 1710: Subtask scan_minio_and_dispatch
[2026-02-26T23:45:05.048+0000] {task_command.py:415} INFO - Running <TaskInstance: distillationDAG.scan_minio_and_dispatch scheduled__2026-02-26T23:43:45.731662+00:00 [running]> on host 9dc8d7c4ba28
[2026-02-26T23:45:05.770+0000] {taskinstance.py:1660} INFO - Exporting env vars: AIRFLOW_CTX_DAG_OWNER='***' AIRFLOW_CTX_DAG_ID='distillationDAG' AIRFLOW_CTX_TASK_ID='scan_minio_and_dispatch' AIRFLOW_CTX_EXECUTION_DATE='2026-02-26T23:43:45.731662+00:00' AIRFLOW_CTX_TRY_NUMBER='2' AIRFLOW_CTX_DAG_RUN_ID='scheduled__2026-02-26T23:43:45.731662+00:00'
[2026-02-26T23:45:05.802+0000] {logging_mixin.py:151} INFO - [DISPATCHER] Found file: raw/flights.csv
[2026-02-26T23:45:06.672+0000] {structured_pipeline.py:505} INFO - [structured] Processing raw/flights.csv
[2026-02-26T23:45:06.684+0000] {structured_pipeline.py:519} INFO - [structured] Downloaded 509 bytes
[2026-02-26T23:45:06.684+0000] {structured_pipeline.py:523} INFO - [structured] Detected file type: csv
[2026-02-26T23:45:06.686+0000] {structured_pipeline.py:22} INFO - Detected encoding: ascii (confidence: 1.00)
[2026-02-26T23:45:06.686+0000] {structured_pipeline.py:237} INFO - [CSV] Attempting to decode with ascii
[2026-02-26T23:45:06.691+0000] {structured_pipeline.py:41} INFO - Sniffer detected delimiter: ','
[2026-02-26T23:45:06.691+0000] {structured_pipeline.py:268} INFO - [CSV] Read attempt 1
[2026-02-26T23:45:06.709+0000] {structured_pipeline.py:272} INFO - [CSV] Successfully read 8 rows with 9 columns
[2026-02-26T23:45:06.710+0000] {structured_pipeline.py:546} INFO - [structured] Initial read: 8 rows, 9 columns
[2026-02-26T23:45:06.710+0000] {structured_pipeline.py:363} INFO - [Clean] Cleaning dataframe...
[2026-02-26T23:45:06.729+0000] {structured_pipeline.py:388} INFO - [Clean] Cleaned dataframe: 8 rows, 9 columns
[2026-02-26T23:45:06.730+0000] {structured_pipeline.py:108} INFO - Table name: data_flights
[2026-02-26T23:45:06.731+0000] {structured_pipeline.py:124} INFO - [Normalize] Normalizing DataFrame with 9 columns
[2026-02-26T23:45:06.738+0000] {structured_pipeline.py:402} INFO - [PostgreSQL] Dropped existing table: data_flights
[2026-02-26T23:45:06.747+0000] {logging_mixin.py:151} WARNING - /opt/python-etl/pipelines/structured_pipeline.py:190 UserWarning: Could not infer format, so each element will be parsed individually, falling back to `dateutil`. To ensure parsing is consistent and as-expected, please specify a format.
[2026-02-26T23:45:06.751+0000] {structured_pipeline.py:411} INFO - [PostgreSQL] Column 'flightnumber' -> TEXT
[2026-02-26T23:45:06.756+0000] {logging_mixin.py:151} WARNING - /opt/python-etl/pipelines/structured_pipeline.py:190 UserWarning: Could not infer format, so each element will be parsed individually, falling back to `dateutil`. To ensure parsing is consistent and as-expected, please specify a format.
[2026-02-26T23:45:06.758+0000] {structured_pipeline.py:411} INFO - [PostgreSQL] Column 'airline' -> TEXT
[2026-02-26T23:45:06.763+0000] {logging_mixin.py:151} WARNING - /opt/python-etl/pipelines/structured_pipeline.py:190 UserWarning: Could not infer format, so each element will be parsed individually, falling back to `dateutil`. To ensure parsing is consistent and as-expected, please specify a format.
[2026-02-26T23:45:06.764+0000] {structured_pipeline.py:411} INFO - [PostgreSQL] Column 'origin' -> TEXT
[2026-02-26T23:45:06.768+0000] {logging_mixin.py:151} WARNING - /opt/python-etl/pipelines/structured_pipeline.py:190 UserWarning: Could not infer format, so each element will be parsed individually, falling back to `dateutil`. To ensure parsing is consistent and as-expected, please specify a format.
[2026-02-26T23:45:06.769+0000] {structured_pipeline.py:411} INFO - [PostgreSQL] Column 'destination' -> TEXT
[2026-02-26T23:45:06.775+0000] {logging_mixin.py:151} WARNING - /opt/python-etl/pipelines/structured_pipeline.py:190 UserWarning: Could not infer format, so each element will be parsed individually, falling back to `dateutil`. To ensure parsing is consistent and as-expected, please specify a format.
[2026-02-26T23:45:06.777+0000] {structured_pipeline.py:411} INFO - [PostgreSQL] Column 'departuretime' -> TIMESTAMP
[2026-02-26T23:45:06.782+0000] {logging_mixin.py:151} WARNING - /opt/python-etl/pipelines/structured_pipeline.py:190 UserWarning: Could not infer format, so each element will be parsed individually, falling back to `dateutil`. To ensure parsing is consistent and as-expected, please specify a format.
[2026-02-26T23:45:06.784+0000] {structured_pipeline.py:411} INFO - [PostgreSQL] Column 'arrivaltime' -> TIMESTAMP
[2026-02-26T23:45:06.787+0000] {structured_pipeline.py:411} INFO - [PostgreSQL] Column 'duration_min' -> INTEGER
[2026-02-26T23:45:06.789+0000] {structured_pipeline.py:411} INFO - [PostgreSQL] Column 'price' -> INTEGER
[2026-02-26T23:45:06.791+0000] {structured_pipeline.py:411} INFO - [PostgreSQL] Column 'seatsavailable' -> INTEGER
[2026-02-26T23:45:06.799+0000] {structured_pipeline.py:422} INFO - [PostgreSQL] Created table: data_flights
[2026-02-26T23:45:06.815+0000] {structured_pipeline.py:448} ERROR - [PostgreSQL] Load failed: invalid input syntax for type timestamp: "08:00"
CONTEXT:  COPY data_flights, line 1, column departuretime: "08:00"

[2026-02-26T23:45:06.816+0000] {structured_pipeline.py:585} ERROR - [structured] ❌ Error processing raw/flights.csv: invalid input syntax for type timestamp: "08:00"
CONTEXT:  COPY data_flights, line 1, column departuretime: "08:00"
Traceback (most recent call last):
  File "/opt/python-etl/pipelines/structured_pipeline.py", line 555, in process_minio_object
    load_to_postgres(df, table_name, pg_conn, use_smart_types=True)
  File "/opt/python-etl/pipelines/structured_pipeline.py", line 438, in load_to_postgres
    cursor.copy_expert(
psycopg2.errors.InvalidDatetimeFormat: invalid input syntax for type timestamp: "08:00"
CONTEXT:  COPY data_flights, line 1, column departuretime: "08:00"

[2026-02-26T23:45:06.818+0000] {taskinstance.py:1935} ERROR - Task failed with exception
Traceback (most recent call last):
  File "/home/airflow/.local/lib/python3.11/site-packages/airflow/operators/python.py", line 192, in execute
    return_value = self.execute_callable()
                   ^^^^^^^^^^^^^^^^^^^^^^^
  File "/home/airflow/.local/lib/python3.11/site-packages/airflow/operators/python.py", line 209, in execute_callable
    return self.python_callable(*self.op_args, **self.op_kwargs)
           ^^^^^^^^^^^^^^^^^^^^^^^^^^^^^^^^^^^^^^^^^^^^^^^^^^^^^
  File "/opt/airflow/dags/dispatcher_pipeline_dag.py", line 56, in scan_and_dispatch
    run_pipeline_for_object(object_name)
  File "/opt/python-etl/etl_manager.py", line 288, in run_pipeline_for_object
    structured_pipeline.process_minio_object(**common_kwargs)
  File "/opt/python-etl/pipelines/structured_pipeline.py", line 555, in process_minio_object
    load_to_postgres(df, table_name, pg_conn, use_smart_types=True)
  File "/opt/python-etl/pipelines/structured_pipeline.py", line 438, in load_to_postgres
    cursor.copy_expert(
psycopg2.errors.InvalidDatetimeFormat: invalid input syntax for type timestamp: "08:00"
CONTEXT:  COPY data_flights, line 1, column departuretime: "08:00"

[2026-02-26T23:45:06.864+0000] {taskinstance.py:1398} INFO - Marking task as UP_FOR_RETRY. dag_id=distillationDAG, task_id=scan_minio_and_dispatch, execution_date=20260226T234345, start_date=20260226T234504, end_date=20260226T234506
[2026-02-26T23:45:06.897+0000] {standard_task_runner.py:104} ERROR - Failed to execute job 1710 for task scan_minio_and_dispatch (invalid input syntax for type timestamp: "08:00"
CONTEXT:  COPY data_flights, line 1, column departuretime: "08:00"
; 387)
[2026-02-26T23:45:06.943+0000] {local_task_job_runner.py:228} INFO - Task exited with return code 1
[2026-02-26T23:45:07.029+0000] {taskinstance.py:2776} INFO - 0 downstream tasks scheduled from follow-on schedule check
