[2026-02-12T21:16:48.083+0000] {taskinstance.py:1157} INFO - Dependencies all met for dep_context=non-requeueable deps ti=<TaskInstance: distillationDAG.scan_minio_and_dispatch scheduled__2026-02-12T21:15:58.667167+00:00 [queued]>
[2026-02-12T21:16:48.130+0000] {taskinstance.py:1157} INFO - Dependencies all met for dep_context=requeueable deps ti=<TaskInstance: distillationDAG.scan_minio_and_dispatch scheduled__2026-02-12T21:15:58.667167+00:00 [queued]>
[2026-02-12T21:16:48.130+0000] {taskinstance.py:1359} INFO - Starting attempt 1 of 4
[2026-02-12T21:16:48.177+0000] {taskinstance.py:1380} INFO - Executing <Task(PythonOperator): scan_minio_and_dispatch> on 2026-02-12 21:15:58.667167+00:00
[2026-02-12T21:16:48.214+0000] {standard_task_runner.py:57} INFO - Started process 942 to run task
[2026-02-12T21:16:48.232+0000] {standard_task_runner.py:84} INFO - Running: ['***', 'tasks', 'run', 'distillationDAG', 'scan_minio_and_dispatch', 'scheduled__2026-02-12T21:15:58.667167+00:00', '--job-id', '1666', '--raw', '--subdir', 'DAGS_FOLDER/dispatcher_pipeline_dag.py', '--cfg-path', '/tmp/tmpcl2a_7b5']
[2026-02-12T21:16:48.241+0000] {standard_task_runner.py:85} INFO - Job 1666: Subtask scan_minio_and_dispatch
[2026-02-12T21:16:48.508+0000] {task_command.py:415} INFO - Running <TaskInstance: distillationDAG.scan_minio_and_dispatch scheduled__2026-02-12T21:15:58.667167+00:00 [running]> on host 22ad2876f4df
[2026-02-12T21:16:49.474+0000] {taskinstance.py:1660} INFO - Exporting env vars: AIRFLOW_CTX_DAG_OWNER='***' AIRFLOW_CTX_DAG_ID='distillationDAG' AIRFLOW_CTX_TASK_ID='scan_minio_and_dispatch' AIRFLOW_CTX_EXECUTION_DATE='2026-02-12T21:15:58.667167+00:00' AIRFLOW_CTX_TRY_NUMBER='1' AIRFLOW_CTX_DAG_RUN_ID='scheduled__2026-02-12T21:15:58.667167+00:00'
[2026-02-12T21:16:49.526+0000] {logging_mixin.py:151} INFO - [DISPATCHER] Found file: raw/8051_features_architecture.pdf
[2026-02-12T21:16:50.490+0000] {pdf_pipeline.py:355} INFO - [pdf] Processing raw/8051_features_architecture.pdf
[2026-02-12T21:16:50.513+0000] {pdf_pipeline.py:409} INFO - [pdf] Extracting text from PDF...
[2026-02-12T21:16:50.543+0000] {pdf_pipeline.py:442} ERROR - [pdf] Text extraction failed for raw/8051_features_architecture.pdf: cannot access local variable 'table_count' where it is not associated with a value
Traceback (most recent call last):
  File "/opt/python-etl/pipelines/pdf_pipeline.py", line 426, in process_minio_object
    'table_count': table_count,
                   ^^^^^^^^^^^
UnboundLocalError: cannot access local variable 'table_count' where it is not associated with a value
[2026-02-12T21:16:50.546+0000] {pdf_pipeline.py:478} WARNING - [pdf] No text extracted from raw/8051_features_architecture.pdf
[2026-02-12T21:16:50.546+0000] {pdf_pipeline.py:481} INFO - [pdf] Extracting tables from PDF...
[2026-02-12T21:16:51.338+0000] {pdf_pipeline.py:237} INFO - [pdf] Uploaded table CSV -> processed/structured/pdf-tables/8051_features_architecture_page3_table1.csv
[2026-02-12T21:16:51.339+0000] {structured_pipeline.py:108} INFO - Table name: data_8051_features_architecture_page3_table1
[2026-02-12T21:16:51.342+0000] {structured_pipeline.py:124} INFO - [Normalize] Normalizing DataFrame with 4 columns
[2026-02-12T21:16:51.352+0000] {logging_mixin.py:151} WARNING - /opt/python-etl/pipelines/structured_pipeline.py:190 UserWarning: Could not infer format, so each element will be parsed individually, falling back to `dateutil`. To ensure parsing is consistent and as-expected, please specify a format.
[2026-02-12T21:16:51.360+0000] {logging_mixin.py:151} WARNING - /opt/python-etl/pipelines/structured_pipeline.py:190 UserWarning: Could not infer format, so each element will be parsed individually, falling back to `dateutil`. To ensure parsing is consistent and as-expected, please specify a format.
[2026-02-12T21:16:51.365+0000] {logging_mixin.py:151} WARNING - /opt/python-etl/pipelines/structured_pipeline.py:190 UserWarning: Could not infer format, so each element will be parsed individually, falling back to `dateutil`. To ensure parsing is consistent and as-expected, please specify a format.
[2026-02-12T21:16:51.370+0000] {logging_mixin.py:151} WARNING - /opt/python-etl/pipelines/structured_pipeline.py:190 UserWarning: Could not infer format, so each element will be parsed individually, falling back to `dateutil`. To ensure parsing is consistent and as-expected, please specify a format.
[2026-02-12T21:16:51.379+0000] {pdf_pipeline.py:286} INFO - [pdf] Created table: data_8051_features_architecture_page3_table1
[2026-02-12T21:16:51.383+0000] {pdf_pipeline.py:299} INFO - [pdf] Loaded 6 rows into data_8051_features_architecture_page3_table1
[2026-02-12T21:16:51.389+0000] {pdf_pipeline.py:534} INFO - [pdf] Processed table 1: 6 rows, 4 columns
[2026-02-12T21:16:53.011+0000] {pdf_pipeline.py:551} INFO - [pdf] Extracted 1 tables with 6 total rows
[2026-02-12T21:16:53.011+0000] {pdf_pipeline.py:567} ERROR - [pdf] Failed catalog update for raw/8051_features_architecture.pdf: cannot access local variable 'pdf_metadata' where it is not associated with a value
Traceback (most recent call last):
  File "/opt/python-etl/pipelines/pdf_pipeline.py", line 561, in process_minio_object
    content_hash=file_hash,
                 ^^^^^^^^^
UnboundLocalError: cannot access local variable 'pdf_metadata' where it is not associated with a value
[2026-02-12T21:16:53.013+0000] {pdf_pipeline.py:570} INFO - [pdf] ✅ Completed processing: raw/8051_features_architecture.pdf | pages=10 | tables=1 | rows=6 | text_chars=0
[2026-02-12T21:16:53.014+0000] {etl_manager.py:306} INFO - ETL completed: raw/8051_features_architecture.pdf
[2026-02-12T21:16:53.015+0000] {logging_mixin.py:151} INFO - [DISPATCHER] Archiving raw/8051_features_architecture.pdf -> raw-data/2026-02-12/8051_features_architecture.pdf
[2026-02-12T21:16:53.040+0000] {logging_mixin.py:151} INFO - [DISPATCHER] Completed & removed landing copy: raw/8051_features_architecture.pdf
[2026-02-12T21:16:53.040+0000] {python.py:194} INFO - Done. Returned value was: None
[2026-02-12T21:16:53.083+0000] {taskinstance.py:1398} INFO - Marking task as SUCCESS. dag_id=distillationDAG, task_id=scan_minio_and_dispatch, execution_date=20260212T211558, start_date=20260212T211648, end_date=20260212T211653
[2026-02-12T21:16:53.154+0000] {local_task_job_runner.py:228} INFO - Task exited with return code 0
[2026-02-12T21:16:53.223+0000] {taskinstance.py:2776} INFO - 0 downstream tasks scheduled from follow-on schedule check
