[2026-01-17T16:33:50.367+0000] {processor.py:157} INFO - Started process (PID=171) to work on /opt/airflow/dags/dispatcher_pipeline_dag.py
[2026-01-17T16:33:50.374+0000] {processor.py:829} INFO - Processing file /opt/airflow/dags/dispatcher_pipeline_dag.py for tasks to queue
[2026-01-17T16:33:50.376+0000] {logging_mixin.py:151} INFO - [2026-01-17T16:33:50.375+0000] {dagbag.py:539} INFO - Filling up the DagBag from /opt/airflow/dags/dispatcher_pipeline_dag.py
[2026-01-17T16:33:54.836+0000] {processor.py:839} INFO - DAG(s) dict_keys(['distillationDAG']) retrieved from /opt/airflow/dags/dispatcher_pipeline_dag.py
[2026-01-17T16:33:54.959+0000] {logging_mixin.py:151} INFO - [2026-01-17T16:33:54.958+0000] {dag.py:2915} INFO - Sync 1 DAGs
[2026-01-17T16:33:55.026+0000] {logging_mixin.py:151} INFO - [2026-01-17T16:33:55.025+0000] {dag.py:3696} INFO - Setting next_dagrun for distillationDAG to 2026-01-17T16:33:10.025339+00:00, run_after=2026-01-17T16:33:55.025339+00:00
[2026-01-17T16:33:55.074+0000] {processor.py:179} INFO - Processing /opt/airflow/dags/dispatcher_pipeline_dag.py took 4.729 seconds
[2026-01-17T16:34:25.216+0000] {processor.py:157} INFO - Started process (PID=196) to work on /opt/airflow/dags/dispatcher_pipeline_dag.py
[2026-01-17T16:34:25.219+0000] {processor.py:829} INFO - Processing file /opt/airflow/dags/dispatcher_pipeline_dag.py for tasks to queue
[2026-01-17T16:34:25.222+0000] {logging_mixin.py:151} INFO - [2026-01-17T16:34:25.221+0000] {dagbag.py:539} INFO - Filling up the DagBag from /opt/airflow/dags/dispatcher_pipeline_dag.py
[2026-01-17T16:34:27.308+0000] {processor.py:839} INFO - DAG(s) dict_keys(['distillationDAG']) retrieved from /opt/airflow/dags/dispatcher_pipeline_dag.py
[2026-01-17T16:34:27.420+0000] {logging_mixin.py:151} INFO - [2026-01-17T16:34:27.419+0000] {dag.py:2915} INFO - Sync 1 DAGs
[2026-01-17T16:34:27.483+0000] {logging_mixin.py:151} INFO - [2026-01-17T16:34:27.483+0000] {dag.py:3696} INFO - Setting next_dagrun for distillationDAG to 2026-01-17T16:33:42.482598+00:00, run_after=2026-01-17T16:34:27.482598+00:00
[2026-01-17T16:34:27.527+0000] {processor.py:179} INFO - Processing /opt/airflow/dags/dispatcher_pipeline_dag.py took 2.322 seconds
[2026-01-17T16:34:57.735+0000] {processor.py:157} INFO - Started process (PID=214) to work on /opt/airflow/dags/dispatcher_pipeline_dag.py
[2026-01-17T16:34:57.738+0000] {processor.py:829} INFO - Processing file /opt/airflow/dags/dispatcher_pipeline_dag.py for tasks to queue
[2026-01-17T16:34:57.740+0000] {logging_mixin.py:151} INFO - [2026-01-17T16:34:57.739+0000] {dagbag.py:539} INFO - Filling up the DagBag from /opt/airflow/dags/dispatcher_pipeline_dag.py
[2026-01-17T16:34:59.523+0000] {processor.py:839} INFO - DAG(s) dict_keys(['distillationDAG']) retrieved from /opt/airflow/dags/dispatcher_pipeline_dag.py
[2026-01-17T16:34:59.599+0000] {logging_mixin.py:151} INFO - [2026-01-17T16:34:59.598+0000] {dag.py:2915} INFO - Sync 1 DAGs
[2026-01-17T16:34:59.654+0000] {logging_mixin.py:151} INFO - [2026-01-17T16:34:59.654+0000] {dag.py:3696} INFO - Setting next_dagrun for distillationDAG to 2026-01-17T16:34:14.654061+00:00, run_after=2026-01-17T16:34:59.654061+00:00
[2026-01-17T16:34:59.693+0000] {processor.py:179} INFO - Processing /opt/airflow/dags/dispatcher_pipeline_dag.py took 1.967 seconds
[2026-01-17T16:35:29.973+0000] {processor.py:157} INFO - Started process (PID=232) to work on /opt/airflow/dags/dispatcher_pipeline_dag.py
[2026-01-17T16:35:29.975+0000] {processor.py:829} INFO - Processing file /opt/airflow/dags/dispatcher_pipeline_dag.py for tasks to queue
[2026-01-17T16:35:29.977+0000] {logging_mixin.py:151} INFO - [2026-01-17T16:35:29.976+0000] {dagbag.py:539} INFO - Filling up the DagBag from /opt/airflow/dags/dispatcher_pipeline_dag.py
[2026-01-17T16:35:31.838+0000] {processor.py:839} INFO - DAG(s) dict_keys(['distillationDAG']) retrieved from /opt/airflow/dags/dispatcher_pipeline_dag.py
[2026-01-17T16:35:31.914+0000] {logging_mixin.py:151} INFO - [2026-01-17T16:35:31.913+0000] {dag.py:2915} INFO - Sync 1 DAGs
[2026-01-17T16:35:31.969+0000] {logging_mixin.py:151} INFO - [2026-01-17T16:35:31.968+0000] {dag.py:3696} INFO - Setting next_dagrun for distillationDAG to 2026-01-17T16:34:46.968312+00:00, run_after=2026-01-17T16:35:31.968312+00:00
[2026-01-17T16:35:32.008+0000] {processor.py:179} INFO - Processing /opt/airflow/dags/dispatcher_pipeline_dag.py took 2.045 seconds
[2026-01-17T16:36:02.335+0000] {processor.py:157} INFO - Started process (PID=245) to work on /opt/airflow/dags/dispatcher_pipeline_dag.py
[2026-01-17T16:36:02.337+0000] {processor.py:829} INFO - Processing file /opt/airflow/dags/dispatcher_pipeline_dag.py for tasks to queue
[2026-01-17T16:36:02.341+0000] {logging_mixin.py:151} INFO - [2026-01-17T16:36:02.338+0000] {dagbag.py:539} INFO - Filling up the DagBag from /opt/airflow/dags/dispatcher_pipeline_dag.py
[2026-01-17T16:36:04.187+0000] {processor.py:839} INFO - DAG(s) dict_keys(['distillationDAG']) retrieved from /opt/airflow/dags/dispatcher_pipeline_dag.py
[2026-01-17T16:36:04.270+0000] {logging_mixin.py:151} INFO - [2026-01-17T16:36:04.269+0000] {dag.py:2915} INFO - Sync 1 DAGs
[2026-01-17T16:36:04.322+0000] {logging_mixin.py:151} INFO - [2026-01-17T16:36:04.322+0000] {dag.py:3696} INFO - Setting next_dagrun for distillationDAG to 2026-01-17T16:35:19.321840+00:00, run_after=2026-01-17T16:36:04.321840+00:00
[2026-01-17T16:36:04.366+0000] {processor.py:179} INFO - Processing /opt/airflow/dags/dispatcher_pipeline_dag.py took 2.048 seconds
[2026-01-17T16:36:34.721+0000] {processor.py:157} INFO - Started process (PID=258) to work on /opt/airflow/dags/dispatcher_pipeline_dag.py
[2026-01-17T16:36:34.726+0000] {processor.py:829} INFO - Processing file /opt/airflow/dags/dispatcher_pipeline_dag.py for tasks to queue
[2026-01-17T16:36:34.734+0000] {logging_mixin.py:151} INFO - [2026-01-17T16:36:34.727+0000] {dagbag.py:539} INFO - Filling up the DagBag from /opt/airflow/dags/dispatcher_pipeline_dag.py
[2026-01-17T16:36:36.531+0000] {processor.py:839} INFO - DAG(s) dict_keys(['distillationDAG']) retrieved from /opt/airflow/dags/dispatcher_pipeline_dag.py
[2026-01-17T16:36:36.612+0000] {logging_mixin.py:151} INFO - [2026-01-17T16:36:36.611+0000] {dag.py:2915} INFO - Sync 1 DAGs
[2026-01-17T16:36:36.673+0000] {logging_mixin.py:151} INFO - [2026-01-17T16:36:36.672+0000] {dag.py:3696} INFO - Setting next_dagrun for distillationDAG to 2026-01-17T16:35:51.672276+00:00, run_after=2026-01-17T16:36:36.672276+00:00
[2026-01-17T16:36:36.720+0000] {processor.py:179} INFO - Processing /opt/airflow/dags/dispatcher_pipeline_dag.py took 2.015 seconds
[2026-01-17T16:37:07.110+0000] {processor.py:157} INFO - Started process (PID=271) to work on /opt/airflow/dags/dispatcher_pipeline_dag.py
[2026-01-17T16:37:07.113+0000] {processor.py:829} INFO - Processing file /opt/airflow/dags/dispatcher_pipeline_dag.py for tasks to queue
[2026-01-17T16:37:07.125+0000] {logging_mixin.py:151} INFO - [2026-01-17T16:37:07.118+0000] {dagbag.py:539} INFO - Filling up the DagBag from /opt/airflow/dags/dispatcher_pipeline_dag.py
[2026-01-17T16:37:08.996+0000] {processor.py:839} INFO - DAG(s) dict_keys(['distillationDAG']) retrieved from /opt/airflow/dags/dispatcher_pipeline_dag.py
[2026-01-17T16:37:09.107+0000] {logging_mixin.py:151} INFO - [2026-01-17T16:37:09.106+0000] {dag.py:2915} INFO - Sync 1 DAGs
[2026-01-17T16:37:09.177+0000] {logging_mixin.py:151} INFO - [2026-01-17T16:37:09.176+0000] {dag.py:3696} INFO - Setting next_dagrun for distillationDAG to 2026-01-17T16:36:24.176132+00:00, run_after=2026-01-17T16:37:09.176132+00:00
[2026-01-17T16:37:09.228+0000] {processor.py:179} INFO - Processing /opt/airflow/dags/dispatcher_pipeline_dag.py took 2.151 seconds
[2026-01-17T16:37:39.510+0000] {processor.py:157} INFO - Started process (PID=284) to work on /opt/airflow/dags/dispatcher_pipeline_dag.py
[2026-01-17T16:37:39.513+0000] {processor.py:829} INFO - Processing file /opt/airflow/dags/dispatcher_pipeline_dag.py for tasks to queue
[2026-01-17T16:37:39.516+0000] {logging_mixin.py:151} INFO - [2026-01-17T16:37:39.514+0000] {dagbag.py:539} INFO - Filling up the DagBag from /opt/airflow/dags/dispatcher_pipeline_dag.py
[2026-01-17T16:37:41.295+0000] {processor.py:839} INFO - DAG(s) dict_keys(['distillationDAG']) retrieved from /opt/airflow/dags/dispatcher_pipeline_dag.py
[2026-01-17T16:37:41.373+0000] {logging_mixin.py:151} INFO - [2026-01-17T16:37:41.371+0000] {dag.py:2915} INFO - Sync 1 DAGs
[2026-01-17T16:37:41.430+0000] {logging_mixin.py:151} INFO - [2026-01-17T16:37:41.429+0000] {dag.py:3696} INFO - Setting next_dagrun for distillationDAG to 2026-01-17T16:36:56.429171+00:00, run_after=2026-01-17T16:37:41.429171+00:00
[2026-01-17T16:37:41.468+0000] {processor.py:179} INFO - Processing /opt/airflow/dags/dispatcher_pipeline_dag.py took 1.968 seconds
[2026-01-17T16:38:11.787+0000] {processor.py:157} INFO - Started process (PID=297) to work on /opt/airflow/dags/dispatcher_pipeline_dag.py
[2026-01-17T16:38:11.793+0000] {processor.py:829} INFO - Processing file /opt/airflow/dags/dispatcher_pipeline_dag.py for tasks to queue
[2026-01-17T16:38:11.799+0000] {logging_mixin.py:151} INFO - [2026-01-17T16:38:11.796+0000] {dagbag.py:539} INFO - Filling up the DagBag from /opt/airflow/dags/dispatcher_pipeline_dag.py
[2026-01-17T16:38:13.657+0000] {processor.py:839} INFO - DAG(s) dict_keys(['distillationDAG']) retrieved from /opt/airflow/dags/dispatcher_pipeline_dag.py
[2026-01-17T16:38:13.736+0000] {logging_mixin.py:151} INFO - [2026-01-17T16:38:13.735+0000] {dag.py:2915} INFO - Sync 1 DAGs
[2026-01-17T16:38:13.795+0000] {logging_mixin.py:151} INFO - [2026-01-17T16:38:13.795+0000] {dag.py:3696} INFO - Setting next_dagrun for distillationDAG to 2026-01-17T16:37:28.794624+00:00, run_after=2026-01-17T16:38:13.794624+00:00
[2026-01-17T16:38:13.839+0000] {processor.py:179} INFO - Processing /opt/airflow/dags/dispatcher_pipeline_dag.py took 2.067 seconds
[2026-01-17T16:38:44.240+0000] {processor.py:157} INFO - Started process (PID=310) to work on /opt/airflow/dags/dispatcher_pipeline_dag.py
[2026-01-17T16:38:44.242+0000] {processor.py:829} INFO - Processing file /opt/airflow/dags/dispatcher_pipeline_dag.py for tasks to queue
[2026-01-17T16:38:44.245+0000] {logging_mixin.py:151} INFO - [2026-01-17T16:38:44.244+0000] {dagbag.py:539} INFO - Filling up the DagBag from /opt/airflow/dags/dispatcher_pipeline_dag.py
[2026-01-17T16:38:46.100+0000] {processor.py:839} INFO - DAG(s) dict_keys(['distillationDAG']) retrieved from /opt/airflow/dags/dispatcher_pipeline_dag.py
[2026-01-17T16:38:46.180+0000] {logging_mixin.py:151} INFO - [2026-01-17T16:38:46.179+0000] {dag.py:2915} INFO - Sync 1 DAGs
[2026-01-17T16:38:46.238+0000] {logging_mixin.py:151} INFO - [2026-01-17T16:38:46.238+0000] {dag.py:3696} INFO - Setting next_dagrun for distillationDAG to 2026-01-17T16:38:01.237762+00:00, run_after=2026-01-17T16:38:46.237762+00:00
[2026-01-17T16:38:46.275+0000] {processor.py:179} INFO - Processing /opt/airflow/dags/dispatcher_pipeline_dag.py took 2.050 seconds
[2026-01-17T16:39:16.569+0000] {processor.py:157} INFO - Started process (PID=323) to work on /opt/airflow/dags/dispatcher_pipeline_dag.py
[2026-01-17T16:39:16.572+0000] {processor.py:829} INFO - Processing file /opt/airflow/dags/dispatcher_pipeline_dag.py for tasks to queue
[2026-01-17T16:39:16.574+0000] {logging_mixin.py:151} INFO - [2026-01-17T16:39:16.573+0000] {dagbag.py:539} INFO - Filling up the DagBag from /opt/airflow/dags/dispatcher_pipeline_dag.py
[2026-01-17T16:39:18.355+0000] {processor.py:839} INFO - DAG(s) dict_keys(['distillationDAG']) retrieved from /opt/airflow/dags/dispatcher_pipeline_dag.py
[2026-01-17T16:39:18.431+0000] {logging_mixin.py:151} INFO - [2026-01-17T16:39:18.430+0000] {dag.py:2915} INFO - Sync 1 DAGs
[2026-01-17T16:39:18.484+0000] {logging_mixin.py:151} INFO - [2026-01-17T16:39:18.484+0000] {dag.py:3696} INFO - Setting next_dagrun for distillationDAG to 2026-01-17T16:38:33.483870+00:00, run_after=2026-01-17T16:39:18.483870+00:00
[2026-01-17T16:39:18.526+0000] {processor.py:179} INFO - Processing /opt/airflow/dags/dispatcher_pipeline_dag.py took 1.967 seconds
[2026-01-17T16:39:48.812+0000] {processor.py:157} INFO - Started process (PID=336) to work on /opt/airflow/dags/dispatcher_pipeline_dag.py
[2026-01-17T16:39:48.814+0000] {processor.py:829} INFO - Processing file /opt/airflow/dags/dispatcher_pipeline_dag.py for tasks to queue
[2026-01-17T16:39:48.816+0000] {logging_mixin.py:151} INFO - [2026-01-17T16:39:48.815+0000] {dagbag.py:539} INFO - Filling up the DagBag from /opt/airflow/dags/dispatcher_pipeline_dag.py
[2026-01-17T16:39:50.877+0000] {processor.py:839} INFO - DAG(s) dict_keys(['distillationDAG']) retrieved from /opt/airflow/dags/dispatcher_pipeline_dag.py
[2026-01-17T16:39:50.982+0000] {logging_mixin.py:151} INFO - [2026-01-17T16:39:50.981+0000] {dag.py:2915} INFO - Sync 1 DAGs
[2026-01-17T16:39:51.061+0000] {logging_mixin.py:151} INFO - [2026-01-17T16:39:51.061+0000] {dag.py:3696} INFO - Setting next_dagrun for distillationDAG to 2026-01-17T16:39:06.060834+00:00, run_after=2026-01-17T16:39:51.060834+00:00
[2026-01-17T16:39:51.115+0000] {processor.py:179} INFO - Processing /opt/airflow/dags/dispatcher_pipeline_dag.py took 2.312 seconds
[2026-01-17T16:40:21.439+0000] {processor.py:157} INFO - Started process (PID=349) to work on /opt/airflow/dags/dispatcher_pipeline_dag.py
[2026-01-17T16:40:21.442+0000] {processor.py:829} INFO - Processing file /opt/airflow/dags/dispatcher_pipeline_dag.py for tasks to queue
[2026-01-17T16:40:21.444+0000] {logging_mixin.py:151} INFO - [2026-01-17T16:40:21.443+0000] {dagbag.py:539} INFO - Filling up the DagBag from /opt/airflow/dags/dispatcher_pipeline_dag.py
[2026-01-17T16:40:23.275+0000] {processor.py:839} INFO - DAG(s) dict_keys(['distillationDAG']) retrieved from /opt/airflow/dags/dispatcher_pipeline_dag.py
[2026-01-17T16:40:23.354+0000] {logging_mixin.py:151} INFO - [2026-01-17T16:40:23.353+0000] {dag.py:2915} INFO - Sync 1 DAGs
[2026-01-17T16:40:23.408+0000] {logging_mixin.py:151} INFO - [2026-01-17T16:40:23.407+0000] {dag.py:3696} INFO - Setting next_dagrun for distillationDAG to 2026-01-17T16:39:38.407421+00:00, run_after=2026-01-17T16:40:23.407421+00:00
[2026-01-17T16:40:23.447+0000] {processor.py:179} INFO - Processing /opt/airflow/dags/dispatcher_pipeline_dag.py took 2.020 seconds
[2026-01-17T16:40:53.721+0000] {processor.py:157} INFO - Started process (PID=362) to work on /opt/airflow/dags/dispatcher_pipeline_dag.py
[2026-01-17T16:40:53.723+0000] {processor.py:829} INFO - Processing file /opt/airflow/dags/dispatcher_pipeline_dag.py for tasks to queue
[2026-01-17T16:40:53.726+0000] {logging_mixin.py:151} INFO - [2026-01-17T16:40:53.725+0000] {dagbag.py:539} INFO - Filling up the DagBag from /opt/airflow/dags/dispatcher_pipeline_dag.py
[2026-01-17T16:40:55.519+0000] {processor.py:839} INFO - DAG(s) dict_keys(['distillationDAG']) retrieved from /opt/airflow/dags/dispatcher_pipeline_dag.py
[2026-01-17T16:40:55.602+0000] {logging_mixin.py:151} INFO - [2026-01-17T16:40:55.601+0000] {dag.py:2915} INFO - Sync 1 DAGs
[2026-01-17T16:40:55.656+0000] {logging_mixin.py:151} INFO - [2026-01-17T16:40:55.655+0000] {dag.py:3696} INFO - Setting next_dagrun for distillationDAG to 2026-01-17T16:40:10.655153+00:00, run_after=2026-01-17T16:40:55.655153+00:00
[2026-01-17T16:40:55.696+0000] {processor.py:179} INFO - Processing /opt/airflow/dags/dispatcher_pipeline_dag.py took 1.986 seconds
[2026-01-17T16:41:25.947+0000] {processor.py:157} INFO - Started process (PID=375) to work on /opt/airflow/dags/dispatcher_pipeline_dag.py
[2026-01-17T16:41:25.949+0000] {processor.py:829} INFO - Processing file /opt/airflow/dags/dispatcher_pipeline_dag.py for tasks to queue
[2026-01-17T16:41:25.952+0000] {logging_mixin.py:151} INFO - [2026-01-17T16:41:25.951+0000] {dagbag.py:539} INFO - Filling up the DagBag from /opt/airflow/dags/dispatcher_pipeline_dag.py
[2026-01-17T16:41:27.742+0000] {processor.py:839} INFO - DAG(s) dict_keys(['distillationDAG']) retrieved from /opt/airflow/dags/dispatcher_pipeline_dag.py
[2026-01-17T16:41:27.818+0000] {logging_mixin.py:151} INFO - [2026-01-17T16:41:27.817+0000] {dag.py:2915} INFO - Sync 1 DAGs
[2026-01-17T16:41:27.871+0000] {logging_mixin.py:151} INFO - [2026-01-17T16:41:27.871+0000] {dag.py:3696} INFO - Setting next_dagrun for distillationDAG to 2026-01-17T16:40:42.870769+00:00, run_after=2026-01-17T16:41:27.870769+00:00
[2026-01-17T16:41:27.915+0000] {processor.py:179} INFO - Processing /opt/airflow/dags/dispatcher_pipeline_dag.py took 1.978 seconds
[2026-01-17T16:41:58.201+0000] {processor.py:157} INFO - Started process (PID=388) to work on /opt/airflow/dags/dispatcher_pipeline_dag.py
[2026-01-17T16:41:58.204+0000] {processor.py:829} INFO - Processing file /opt/airflow/dags/dispatcher_pipeline_dag.py for tasks to queue
[2026-01-17T16:41:58.206+0000] {logging_mixin.py:151} INFO - [2026-01-17T16:41:58.205+0000] {dagbag.py:539} INFO - Filling up the DagBag from /opt/airflow/dags/dispatcher_pipeline_dag.py
[2026-01-17T16:41:59.981+0000] {processor.py:839} INFO - DAG(s) dict_keys(['distillationDAG']) retrieved from /opt/airflow/dags/dispatcher_pipeline_dag.py
[2026-01-17T16:42:00.057+0000] {logging_mixin.py:151} INFO - [2026-01-17T16:42:00.056+0000] {dag.py:2915} INFO - Sync 1 DAGs
[2026-01-17T16:42:00.112+0000] {logging_mixin.py:151} INFO - [2026-01-17T16:42:00.112+0000] {dag.py:3696} INFO - Setting next_dagrun for distillationDAG to 2026-01-17T16:41:15.111591+00:00, run_after=2026-01-17T16:42:00.111591+00:00
[2026-01-17T16:42:00.151+0000] {processor.py:179} INFO - Processing /opt/airflow/dags/dispatcher_pipeline_dag.py took 1.961 seconds
[2026-01-17T16:42:30.511+0000] {processor.py:157} INFO - Started process (PID=401) to work on /opt/airflow/dags/dispatcher_pipeline_dag.py
[2026-01-17T16:42:30.514+0000] {processor.py:829} INFO - Processing file /opt/airflow/dags/dispatcher_pipeline_dag.py for tasks to queue
[2026-01-17T16:42:30.516+0000] {logging_mixin.py:151} INFO - [2026-01-17T16:42:30.515+0000] {dagbag.py:539} INFO - Filling up the DagBag from /opt/airflow/dags/dispatcher_pipeline_dag.py
[2026-01-17T16:42:32.299+0000] {processor.py:839} INFO - DAG(s) dict_keys(['distillationDAG']) retrieved from /opt/airflow/dags/dispatcher_pipeline_dag.py
[2026-01-17T16:42:32.377+0000] {logging_mixin.py:151} INFO - [2026-01-17T16:42:32.376+0000] {dag.py:2915} INFO - Sync 1 DAGs
[2026-01-17T16:42:32.432+0000] {logging_mixin.py:151} INFO - [2026-01-17T16:42:32.431+0000] {dag.py:3696} INFO - Setting next_dagrun for distillationDAG to 2026-01-17T16:41:47.431114+00:00, run_after=2026-01-17T16:42:32.431114+00:00
[2026-01-17T16:42:32.472+0000] {processor.py:179} INFO - Processing /opt/airflow/dags/dispatcher_pipeline_dag.py took 1.971 seconds
[2026-01-17T16:43:02.759+0000] {processor.py:157} INFO - Started process (PID=414) to work on /opt/airflow/dags/dispatcher_pipeline_dag.py
[2026-01-17T16:43:02.762+0000] {processor.py:829} INFO - Processing file /opt/airflow/dags/dispatcher_pipeline_dag.py for tasks to queue
[2026-01-17T16:43:02.764+0000] {logging_mixin.py:151} INFO - [2026-01-17T16:43:02.763+0000] {dagbag.py:539} INFO - Filling up the DagBag from /opt/airflow/dags/dispatcher_pipeline_dag.py
[2026-01-17T16:43:04.530+0000] {processor.py:839} INFO - DAG(s) dict_keys(['distillationDAG']) retrieved from /opt/airflow/dags/dispatcher_pipeline_dag.py
[2026-01-17T16:43:04.608+0000] {logging_mixin.py:151} INFO - [2026-01-17T16:43:04.607+0000] {dag.py:2915} INFO - Sync 1 DAGs
[2026-01-17T16:43:04.660+0000] {logging_mixin.py:151} INFO - [2026-01-17T16:43:04.660+0000] {dag.py:3696} INFO - Setting next_dagrun for distillationDAG to 2026-01-17T16:42:19.659850+00:00, run_after=2026-01-17T16:43:04.659850+00:00
[2026-01-17T16:43:04.698+0000] {processor.py:179} INFO - Processing /opt/airflow/dags/dispatcher_pipeline_dag.py took 1.950 seconds
[2026-01-17T16:43:35.083+0000] {processor.py:157} INFO - Started process (PID=427) to work on /opt/airflow/dags/dispatcher_pipeline_dag.py
[2026-01-17T16:43:35.085+0000] {processor.py:829} INFO - Processing file /opt/airflow/dags/dispatcher_pipeline_dag.py for tasks to queue
[2026-01-17T16:43:35.087+0000] {logging_mixin.py:151} INFO - [2026-01-17T16:43:35.086+0000] {dagbag.py:539} INFO - Filling up the DagBag from /opt/airflow/dags/dispatcher_pipeline_dag.py
[2026-01-17T16:43:36.940+0000] {processor.py:839} INFO - DAG(s) dict_keys(['distillationDAG']) retrieved from /opt/airflow/dags/dispatcher_pipeline_dag.py
[2026-01-17T16:43:37.019+0000] {logging_mixin.py:151} INFO - [2026-01-17T16:43:37.018+0000] {dag.py:2915} INFO - Sync 1 DAGs
[2026-01-17T16:43:37.072+0000] {logging_mixin.py:151} INFO - [2026-01-17T16:43:37.072+0000] {dag.py:3696} INFO - Setting next_dagrun for distillationDAG to 2026-01-17T16:42:52.071576+00:00, run_after=2026-01-17T16:43:37.071576+00:00
[2026-01-17T16:43:37.111+0000] {processor.py:179} INFO - Processing /opt/airflow/dags/dispatcher_pipeline_dag.py took 2.039 seconds
[2026-01-17T16:44:07.388+0000] {processor.py:157} INFO - Started process (PID=440) to work on /opt/airflow/dags/dispatcher_pipeline_dag.py
[2026-01-17T16:44:07.391+0000] {processor.py:829} INFO - Processing file /opt/airflow/dags/dispatcher_pipeline_dag.py for tasks to queue
[2026-01-17T16:44:07.394+0000] {logging_mixin.py:151} INFO - [2026-01-17T16:44:07.393+0000] {dagbag.py:539} INFO - Filling up the DagBag from /opt/airflow/dags/dispatcher_pipeline_dag.py
[2026-01-17T16:44:09.182+0000] {processor.py:839} INFO - DAG(s) dict_keys(['distillationDAG']) retrieved from /opt/airflow/dags/dispatcher_pipeline_dag.py
[2026-01-17T16:44:09.267+0000] {logging_mixin.py:151} INFO - [2026-01-17T16:44:09.264+0000] {dag.py:2915} INFO - Sync 1 DAGs
[2026-01-17T16:44:09.322+0000] {logging_mixin.py:151} INFO - [2026-01-17T16:44:09.322+0000] {dag.py:3696} INFO - Setting next_dagrun for distillationDAG to 2026-01-17T16:43:24.321753+00:00, run_after=2026-01-17T16:44:09.321753+00:00
[2026-01-17T16:44:09.371+0000] {processor.py:179} INFO - Processing /opt/airflow/dags/dispatcher_pipeline_dag.py took 1.995 seconds
[2026-01-17T16:44:39.718+0000] {processor.py:157} INFO - Started process (PID=453) to work on /opt/airflow/dags/dispatcher_pipeline_dag.py
[2026-01-17T16:44:39.720+0000] {processor.py:829} INFO - Processing file /opt/airflow/dags/dispatcher_pipeline_dag.py for tasks to queue
[2026-01-17T16:44:39.723+0000] {logging_mixin.py:151} INFO - [2026-01-17T16:44:39.722+0000] {dagbag.py:539} INFO - Filling up the DagBag from /opt/airflow/dags/dispatcher_pipeline_dag.py
[2026-01-17T16:44:41.521+0000] {processor.py:839} INFO - DAG(s) dict_keys(['distillationDAG']) retrieved from /opt/airflow/dags/dispatcher_pipeline_dag.py
[2026-01-17T16:44:41.598+0000] {logging_mixin.py:151} INFO - [2026-01-17T16:44:41.597+0000] {dag.py:2915} INFO - Sync 1 DAGs
[2026-01-17T16:44:41.653+0000] {logging_mixin.py:151} INFO - [2026-01-17T16:44:41.653+0000] {dag.py:3696} INFO - Setting next_dagrun for distillationDAG to 2026-01-17T16:43:56.652678+00:00, run_after=2026-01-17T16:44:41.652678+00:00
[2026-01-17T16:44:41.692+0000] {processor.py:179} INFO - Processing /opt/airflow/dags/dispatcher_pipeline_dag.py took 1.985 seconds
[2026-01-17T16:45:11.972+0000] {processor.py:157} INFO - Started process (PID=466) to work on /opt/airflow/dags/dispatcher_pipeline_dag.py
[2026-01-17T16:45:11.975+0000] {processor.py:829} INFO - Processing file /opt/airflow/dags/dispatcher_pipeline_dag.py for tasks to queue
[2026-01-17T16:45:11.978+0000] {logging_mixin.py:151} INFO - [2026-01-17T16:45:11.976+0000] {dagbag.py:539} INFO - Filling up the DagBag from /opt/airflow/dags/dispatcher_pipeline_dag.py
[2026-01-17T16:45:13.935+0000] {processor.py:839} INFO - DAG(s) dict_keys(['distillationDAG']) retrieved from /opt/airflow/dags/dispatcher_pipeline_dag.py
[2026-01-17T16:45:14.017+0000] {logging_mixin.py:151} INFO - [2026-01-17T16:45:14.016+0000] {dag.py:2915} INFO - Sync 1 DAGs
[2026-01-17T16:45:14.074+0000] {logging_mixin.py:151} INFO - [2026-01-17T16:45:14.073+0000] {dag.py:3696} INFO - Setting next_dagrun for distillationDAG to 2026-01-17T16:44:29.073406+00:00, run_after=2026-01-17T16:45:14.073406+00:00
[2026-01-17T16:45:14.115+0000] {processor.py:179} INFO - Processing /opt/airflow/dags/dispatcher_pipeline_dag.py took 2.154 seconds
[2026-01-17T16:45:44.393+0000] {processor.py:157} INFO - Started process (PID=479) to work on /opt/airflow/dags/dispatcher_pipeline_dag.py
[2026-01-17T16:45:44.396+0000] {processor.py:829} INFO - Processing file /opt/airflow/dags/dispatcher_pipeline_dag.py for tasks to queue
[2026-01-17T16:45:44.398+0000] {logging_mixin.py:151} INFO - [2026-01-17T16:45:44.397+0000] {dagbag.py:539} INFO - Filling up the DagBag from /opt/airflow/dags/dispatcher_pipeline_dag.py
[2026-01-17T16:45:46.273+0000] {processor.py:839} INFO - DAG(s) dict_keys(['distillationDAG']) retrieved from /opt/airflow/dags/dispatcher_pipeline_dag.py
[2026-01-17T16:45:46.352+0000] {logging_mixin.py:151} INFO - [2026-01-17T16:45:46.350+0000] {dag.py:2915} INFO - Sync 1 DAGs
[2026-01-17T16:45:46.407+0000] {logging_mixin.py:151} INFO - [2026-01-17T16:45:46.406+0000] {dag.py:3696} INFO - Setting next_dagrun for distillationDAG to 2026-01-17T16:45:01.406308+00:00, run_after=2026-01-17T16:45:46.406308+00:00
[2026-01-17T16:45:46.448+0000] {processor.py:179} INFO - Processing /opt/airflow/dags/dispatcher_pipeline_dag.py took 2.067 seconds
[2026-01-17T16:46:16.724+0000] {processor.py:157} INFO - Started process (PID=492) to work on /opt/airflow/dags/dispatcher_pipeline_dag.py
[2026-01-17T16:46:16.727+0000] {processor.py:829} INFO - Processing file /opt/airflow/dags/dispatcher_pipeline_dag.py for tasks to queue
[2026-01-17T16:46:16.729+0000] {logging_mixin.py:151} INFO - [2026-01-17T16:46:16.728+0000] {dagbag.py:539} INFO - Filling up the DagBag from /opt/airflow/dags/dispatcher_pipeline_dag.py
[2026-01-17T16:46:18.570+0000] {processor.py:839} INFO - DAG(s) dict_keys(['distillationDAG']) retrieved from /opt/airflow/dags/dispatcher_pipeline_dag.py
[2026-01-17T16:46:18.649+0000] {logging_mixin.py:151} INFO - [2026-01-17T16:46:18.648+0000] {dag.py:2915} INFO - Sync 1 DAGs
[2026-01-17T16:46:18.711+0000] {logging_mixin.py:151} INFO - [2026-01-17T16:46:18.710+0000] {dag.py:3696} INFO - Setting next_dagrun for distillationDAG to 2026-01-17T16:45:33.709257+00:00, run_after=2026-01-17T16:46:18.709257+00:00
[2026-01-17T16:46:18.760+0000] {processor.py:179} INFO - Processing /opt/airflow/dags/dispatcher_pipeline_dag.py took 2.049 seconds
[2026-01-17T16:46:49.032+0000] {processor.py:157} INFO - Started process (PID=505) to work on /opt/airflow/dags/dispatcher_pipeline_dag.py
[2026-01-17T16:46:49.034+0000] {processor.py:829} INFO - Processing file /opt/airflow/dags/dispatcher_pipeline_dag.py for tasks to queue
[2026-01-17T16:46:49.037+0000] {logging_mixin.py:151} INFO - [2026-01-17T16:46:49.036+0000] {dagbag.py:539} INFO - Filling up the DagBag from /opt/airflow/dags/dispatcher_pipeline_dag.py
[2026-01-17T16:46:50.967+0000] {processor.py:839} INFO - DAG(s) dict_keys(['distillationDAG']) retrieved from /opt/airflow/dags/dispatcher_pipeline_dag.py
[2026-01-17T16:46:51.050+0000] {logging_mixin.py:151} INFO - [2026-01-17T16:46:51.049+0000] {dag.py:2915} INFO - Sync 1 DAGs
[2026-01-17T16:46:51.109+0000] {logging_mixin.py:151} INFO - [2026-01-17T16:46:51.108+0000] {dag.py:3696} INFO - Setting next_dagrun for distillationDAG to 2026-01-17T16:46:06.107816+00:00, run_after=2026-01-17T16:46:51.107816+00:00
[2026-01-17T16:46:51.149+0000] {processor.py:179} INFO - Processing /opt/airflow/dags/dispatcher_pipeline_dag.py took 2.129 seconds
[2026-01-17T16:47:21.419+0000] {processor.py:157} INFO - Started process (PID=518) to work on /opt/airflow/dags/dispatcher_pipeline_dag.py
[2026-01-17T16:47:21.422+0000] {processor.py:829} INFO - Processing file /opt/airflow/dags/dispatcher_pipeline_dag.py for tasks to queue
[2026-01-17T16:47:21.424+0000] {logging_mixin.py:151} INFO - [2026-01-17T16:47:21.423+0000] {dagbag.py:539} INFO - Filling up the DagBag from /opt/airflow/dags/dispatcher_pipeline_dag.py
[2026-01-17T16:47:23.331+0000] {processor.py:839} INFO - DAG(s) dict_keys(['distillationDAG']) retrieved from /opt/airflow/dags/dispatcher_pipeline_dag.py
[2026-01-17T16:47:23.413+0000] {logging_mixin.py:151} INFO - [2026-01-17T16:47:23.412+0000] {dag.py:2915} INFO - Sync 1 DAGs
[2026-01-17T16:47:23.470+0000] {logging_mixin.py:151} INFO - [2026-01-17T16:47:23.470+0000] {dag.py:3696} INFO - Setting next_dagrun for distillationDAG to 2026-01-17T16:46:38.469649+00:00, run_after=2026-01-17T16:47:23.469649+00:00
[2026-01-17T16:47:23.512+0000] {processor.py:179} INFO - Processing /opt/airflow/dags/dispatcher_pipeline_dag.py took 2.103 seconds
[2026-01-17T16:47:53.785+0000] {processor.py:157} INFO - Started process (PID=531) to work on /opt/airflow/dags/dispatcher_pipeline_dag.py
[2026-01-17T16:47:53.788+0000] {processor.py:829} INFO - Processing file /opt/airflow/dags/dispatcher_pipeline_dag.py for tasks to queue
[2026-01-17T16:47:53.791+0000] {logging_mixin.py:151} INFO - [2026-01-17T16:47:53.789+0000] {dagbag.py:539} INFO - Filling up the DagBag from /opt/airflow/dags/dispatcher_pipeline_dag.py
[2026-01-17T16:47:55.676+0000] {processor.py:839} INFO - DAG(s) dict_keys(['distillationDAG']) retrieved from /opt/airflow/dags/dispatcher_pipeline_dag.py
[2026-01-17T16:47:55.758+0000] {logging_mixin.py:151} INFO - [2026-01-17T16:47:55.757+0000] {dag.py:2915} INFO - Sync 1 DAGs
[2026-01-17T16:47:55.812+0000] {logging_mixin.py:151} INFO - [2026-01-17T16:47:55.812+0000] {dag.py:3696} INFO - Setting next_dagrun for distillationDAG to 2026-01-17T16:47:10.811821+00:00, run_after=2026-01-17T16:47:55.811821+00:00
[2026-01-17T16:47:55.853+0000] {processor.py:179} INFO - Processing /opt/airflow/dags/dispatcher_pipeline_dag.py took 2.078 seconds
[2026-01-17T16:48:26.134+0000] {processor.py:157} INFO - Started process (PID=544) to work on /opt/airflow/dags/dispatcher_pipeline_dag.py
[2026-01-17T16:48:26.136+0000] {processor.py:829} INFO - Processing file /opt/airflow/dags/dispatcher_pipeline_dag.py for tasks to queue
[2026-01-17T16:48:26.138+0000] {logging_mixin.py:151} INFO - [2026-01-17T16:48:26.137+0000] {dagbag.py:539} INFO - Filling up the DagBag from /opt/airflow/dags/dispatcher_pipeline_dag.py
[2026-01-17T16:48:28.002+0000] {processor.py:839} INFO - DAG(s) dict_keys(['distillationDAG']) retrieved from /opt/airflow/dags/dispatcher_pipeline_dag.py
[2026-01-17T16:48:28.082+0000] {logging_mixin.py:151} INFO - [2026-01-17T16:48:28.081+0000] {dag.py:2915} INFO - Sync 1 DAGs
[2026-01-17T16:48:28.137+0000] {logging_mixin.py:151} INFO - [2026-01-17T16:48:28.136+0000] {dag.py:3696} INFO - Setting next_dagrun for distillationDAG to 2026-01-17T16:47:43.136100+00:00, run_after=2026-01-17T16:48:28.136100+00:00
[2026-01-17T16:48:28.183+0000] {processor.py:179} INFO - Processing /opt/airflow/dags/dispatcher_pipeline_dag.py took 2.061 seconds
[2026-01-17T16:48:58.481+0000] {processor.py:157} INFO - Started process (PID=557) to work on /opt/airflow/dags/dispatcher_pipeline_dag.py
[2026-01-17T16:48:58.484+0000] {processor.py:829} INFO - Processing file /opt/airflow/dags/dispatcher_pipeline_dag.py for tasks to queue
[2026-01-17T16:48:58.486+0000] {logging_mixin.py:151} INFO - [2026-01-17T16:48:58.485+0000] {dagbag.py:539} INFO - Filling up the DagBag from /opt/airflow/dags/dispatcher_pipeline_dag.py
[2026-01-17T16:49:00.366+0000] {processor.py:839} INFO - DAG(s) dict_keys(['distillationDAG']) retrieved from /opt/airflow/dags/dispatcher_pipeline_dag.py
[2026-01-17T16:49:00.460+0000] {logging_mixin.py:151} INFO - [2026-01-17T16:49:00.459+0000] {dag.py:2915} INFO - Sync 1 DAGs
[2026-01-17T16:49:00.526+0000] {logging_mixin.py:151} INFO - [2026-01-17T16:49:00.525+0000] {dag.py:3696} INFO - Setting next_dagrun for distillationDAG to 2026-01-17T16:48:15.525279+00:00, run_after=2026-01-17T16:49:00.525279+00:00
[2026-01-17T16:49:00.567+0000] {processor.py:179} INFO - Processing /opt/airflow/dags/dispatcher_pipeline_dag.py took 2.096 seconds
[2026-01-17T16:49:30.847+0000] {processor.py:157} INFO - Started process (PID=573) to work on /opt/airflow/dags/dispatcher_pipeline_dag.py
[2026-01-17T16:49:30.849+0000] {processor.py:829} INFO - Processing file /opt/airflow/dags/dispatcher_pipeline_dag.py for tasks to queue
[2026-01-17T16:49:30.852+0000] {logging_mixin.py:151} INFO - [2026-01-17T16:49:30.851+0000] {dagbag.py:539} INFO - Filling up the DagBag from /opt/airflow/dags/dispatcher_pipeline_dag.py
[2026-01-17T16:49:33.086+0000] {processor.py:839} INFO - DAG(s) dict_keys(['distillationDAG']) retrieved from /opt/airflow/dags/dispatcher_pipeline_dag.py
[2026-01-17T16:49:33.165+0000] {logging_mixin.py:151} INFO - [2026-01-17T16:49:33.164+0000] {dag.py:2915} INFO - Sync 1 DAGs
[2026-01-17T16:49:33.222+0000] {logging_mixin.py:151} INFO - [2026-01-17T16:49:33.222+0000] {dag.py:3696} INFO - Setting next_dagrun for distillationDAG to 2026-01-17T16:48:48.221983+00:00, run_after=2026-01-17T16:49:33.221983+00:00
[2026-01-17T16:49:33.264+0000] {processor.py:179} INFO - Processing /opt/airflow/dags/dispatcher_pipeline_dag.py took 2.429 seconds
[2026-01-17T16:50:03.542+0000] {processor.py:157} INFO - Started process (PID=588) to work on /opt/airflow/dags/dispatcher_pipeline_dag.py
[2026-01-17T16:50:03.544+0000] {processor.py:829} INFO - Processing file /opt/airflow/dags/dispatcher_pipeline_dag.py for tasks to queue
[2026-01-17T16:50:03.546+0000] {logging_mixin.py:151} INFO - [2026-01-17T16:50:03.545+0000] {dagbag.py:539} INFO - Filling up the DagBag from /opt/airflow/dags/dispatcher_pipeline_dag.py
[2026-01-17T16:50:05.352+0000] {processor.py:839} INFO - DAG(s) dict_keys(['distillationDAG']) retrieved from /opt/airflow/dags/dispatcher_pipeline_dag.py
[2026-01-17T16:50:05.434+0000] {logging_mixin.py:151} INFO - [2026-01-17T16:50:05.433+0000] {dag.py:2915} INFO - Sync 1 DAGs
[2026-01-17T16:50:05.491+0000] {logging_mixin.py:151} INFO - [2026-01-17T16:50:05.491+0000] {dag.py:3696} INFO - Setting next_dagrun for distillationDAG to 2026-01-17T16:49:20.490650+00:00, run_after=2026-01-17T16:50:05.490650+00:00
[2026-01-17T16:50:05.532+0000] {processor.py:179} INFO - Processing /opt/airflow/dags/dispatcher_pipeline_dag.py took 2.001 seconds
[2026-01-17T16:50:35.783+0000] {processor.py:157} INFO - Started process (PID=603) to work on /opt/airflow/dags/dispatcher_pipeline_dag.py
[2026-01-17T16:50:35.785+0000] {processor.py:829} INFO - Processing file /opt/airflow/dags/dispatcher_pipeline_dag.py for tasks to queue
[2026-01-17T16:50:35.788+0000] {logging_mixin.py:151} INFO - [2026-01-17T16:50:35.787+0000] {dagbag.py:539} INFO - Filling up the DagBag from /opt/airflow/dags/dispatcher_pipeline_dag.py
[2026-01-17T16:50:37.666+0000] {processor.py:839} INFO - DAG(s) dict_keys(['distillationDAG']) retrieved from /opt/airflow/dags/dispatcher_pipeline_dag.py
[2026-01-17T16:50:37.748+0000] {logging_mixin.py:151} INFO - [2026-01-17T16:50:37.746+0000] {dag.py:2915} INFO - Sync 1 DAGs
[2026-01-17T16:50:37.804+0000] {logging_mixin.py:151} INFO - [2026-01-17T16:50:37.804+0000] {dag.py:3696} INFO - Setting next_dagrun for distillationDAG to 2026-01-17T16:49:52.803721+00:00, run_after=2026-01-17T16:50:37.803721+00:00
[2026-01-17T16:50:37.845+0000] {processor.py:179} INFO - Processing /opt/airflow/dags/dispatcher_pipeline_dag.py took 2.072 seconds
[2026-01-17T16:51:08.101+0000] {processor.py:157} INFO - Started process (PID=616) to work on /opt/airflow/dags/dispatcher_pipeline_dag.py
[2026-01-17T16:51:08.103+0000] {processor.py:829} INFO - Processing file /opt/airflow/dags/dispatcher_pipeline_dag.py for tasks to queue
[2026-01-17T16:51:08.106+0000] {logging_mixin.py:151} INFO - [2026-01-17T16:51:08.105+0000] {dagbag.py:539} INFO - Filling up the DagBag from /opt/airflow/dags/dispatcher_pipeline_dag.py
[2026-01-17T16:51:09.954+0000] {processor.py:839} INFO - DAG(s) dict_keys(['distillationDAG']) retrieved from /opt/airflow/dags/dispatcher_pipeline_dag.py
[2026-01-17T16:51:10.034+0000] {logging_mixin.py:151} INFO - [2026-01-17T16:51:10.033+0000] {dag.py:2915} INFO - Sync 1 DAGs
[2026-01-17T16:51:10.089+0000] {logging_mixin.py:151} INFO - [2026-01-17T16:51:10.089+0000] {dag.py:3696} INFO - Setting next_dagrun for distillationDAG to 2026-01-17T16:50:25.088847+00:00, run_after=2026-01-17T16:51:10.088847+00:00
[2026-01-17T16:51:10.134+0000] {processor.py:179} INFO - Processing /opt/airflow/dags/dispatcher_pipeline_dag.py took 2.042 seconds
[2026-01-17T16:51:40.390+0000] {processor.py:157} INFO - Started process (PID=629) to work on /opt/airflow/dags/dispatcher_pipeline_dag.py
[2026-01-17T16:51:40.392+0000] {processor.py:829} INFO - Processing file /opt/airflow/dags/dispatcher_pipeline_dag.py for tasks to queue
[2026-01-17T16:51:40.395+0000] {logging_mixin.py:151} INFO - [2026-01-17T16:51:40.394+0000] {dagbag.py:539} INFO - Filling up the DagBag from /opt/airflow/dags/dispatcher_pipeline_dag.py
[2026-01-17T16:51:42.277+0000] {processor.py:839} INFO - DAG(s) dict_keys(['distillationDAG']) retrieved from /opt/airflow/dags/dispatcher_pipeline_dag.py
[2026-01-17T16:51:42.356+0000] {logging_mixin.py:151} INFO - [2026-01-17T16:51:42.355+0000] {dag.py:2915} INFO - Sync 1 DAGs
[2026-01-17T16:51:42.416+0000] {logging_mixin.py:151} INFO - [2026-01-17T16:51:42.415+0000] {dag.py:3696} INFO - Setting next_dagrun for distillationDAG to 2026-01-17T16:50:57.415157+00:00, run_after=2026-01-17T16:51:42.415157+00:00
[2026-01-17T16:51:42.456+0000] {processor.py:179} INFO - Processing /opt/airflow/dags/dispatcher_pipeline_dag.py took 2.078 seconds
[2026-01-17T16:52:12.708+0000] {processor.py:157} INFO - Started process (PID=642) to work on /opt/airflow/dags/dispatcher_pipeline_dag.py
[2026-01-17T16:52:12.710+0000] {processor.py:829} INFO - Processing file /opt/airflow/dags/dispatcher_pipeline_dag.py for tasks to queue
[2026-01-17T16:52:12.712+0000] {logging_mixin.py:151} INFO - [2026-01-17T16:52:12.711+0000] {dagbag.py:539} INFO - Filling up the DagBag from /opt/airflow/dags/dispatcher_pipeline_dag.py
[2026-01-17T16:52:14.545+0000] {processor.py:839} INFO - DAG(s) dict_keys(['distillationDAG']) retrieved from /opt/airflow/dags/dispatcher_pipeline_dag.py
[2026-01-17T16:52:14.626+0000] {logging_mixin.py:151} INFO - [2026-01-17T16:52:14.625+0000] {dag.py:2915} INFO - Sync 1 DAGs
[2026-01-17T16:52:14.685+0000] {logging_mixin.py:151} INFO - [2026-01-17T16:52:14.684+0000] {dag.py:3696} INFO - Setting next_dagrun for distillationDAG to 2026-01-17T16:51:29.684466+00:00, run_after=2026-01-17T16:52:14.684466+00:00
[2026-01-17T16:52:14.726+0000] {processor.py:179} INFO - Processing /opt/airflow/dags/dispatcher_pipeline_dag.py took 2.029 seconds
[2026-01-17T16:52:44.983+0000] {processor.py:157} INFO - Started process (PID=655) to work on /opt/airflow/dags/dispatcher_pipeline_dag.py
[2026-01-17T16:52:44.986+0000] {processor.py:829} INFO - Processing file /opt/airflow/dags/dispatcher_pipeline_dag.py for tasks to queue
[2026-01-17T16:52:44.988+0000] {logging_mixin.py:151} INFO - [2026-01-17T16:52:44.987+0000] {dagbag.py:539} INFO - Filling up the DagBag from /opt/airflow/dags/dispatcher_pipeline_dag.py
[2026-01-17T16:52:46.877+0000] {processor.py:839} INFO - DAG(s) dict_keys(['distillationDAG']) retrieved from /opt/airflow/dags/dispatcher_pipeline_dag.py
[2026-01-17T16:52:46.960+0000] {logging_mixin.py:151} INFO - [2026-01-17T16:52:46.959+0000] {dag.py:2915} INFO - Sync 1 DAGs
[2026-01-17T16:52:47.015+0000] {logging_mixin.py:151} INFO - [2026-01-17T16:52:47.015+0000] {dag.py:3696} INFO - Setting next_dagrun for distillationDAG to 2026-01-17T16:52:02.014608+00:00, run_after=2026-01-17T16:52:47.014608+00:00
[2026-01-17T16:52:47.057+0000] {processor.py:179} INFO - Processing /opt/airflow/dags/dispatcher_pipeline_dag.py took 2.085 seconds
[2026-01-17T16:53:17.313+0000] {processor.py:157} INFO - Started process (PID=668) to work on /opt/airflow/dags/dispatcher_pipeline_dag.py
[2026-01-17T16:53:17.315+0000] {processor.py:829} INFO - Processing file /opt/airflow/dags/dispatcher_pipeline_dag.py for tasks to queue
[2026-01-17T16:53:17.318+0000] {logging_mixin.py:151} INFO - [2026-01-17T16:53:17.317+0000] {dagbag.py:539} INFO - Filling up the DagBag from /opt/airflow/dags/dispatcher_pipeline_dag.py
[2026-01-17T16:53:19.138+0000] {processor.py:839} INFO - DAG(s) dict_keys(['distillationDAG']) retrieved from /opt/airflow/dags/dispatcher_pipeline_dag.py
[2026-01-17T16:53:19.220+0000] {logging_mixin.py:151} INFO - [2026-01-17T16:53:19.219+0000] {dag.py:2915} INFO - Sync 1 DAGs
[2026-01-17T16:53:19.276+0000] {logging_mixin.py:151} INFO - [2026-01-17T16:53:19.276+0000] {dag.py:3696} INFO - Setting next_dagrun for distillationDAG to 2026-01-17T16:52:34.275984+00:00, run_after=2026-01-17T16:53:19.275984+00:00
[2026-01-17T16:53:19.319+0000] {processor.py:179} INFO - Processing /opt/airflow/dags/dispatcher_pipeline_dag.py took 2.017 seconds
[2026-01-17T16:53:49.583+0000] {processor.py:157} INFO - Started process (PID=681) to work on /opt/airflow/dags/dispatcher_pipeline_dag.py
[2026-01-17T16:53:49.585+0000] {processor.py:829} INFO - Processing file /opt/airflow/dags/dispatcher_pipeline_dag.py for tasks to queue
[2026-01-17T16:53:49.588+0000] {logging_mixin.py:151} INFO - [2026-01-17T16:53:49.587+0000] {dagbag.py:539} INFO - Filling up the DagBag from /opt/airflow/dags/dispatcher_pipeline_dag.py
[2026-01-17T16:53:51.478+0000] {processor.py:839} INFO - DAG(s) dict_keys(['distillationDAG']) retrieved from /opt/airflow/dags/dispatcher_pipeline_dag.py
[2026-01-17T16:53:51.557+0000] {logging_mixin.py:151} INFO - [2026-01-17T16:53:51.556+0000] {dag.py:2915} INFO - Sync 1 DAGs
[2026-01-17T16:53:51.614+0000] {logging_mixin.py:151} INFO - [2026-01-17T16:53:51.614+0000] {dag.py:3696} INFO - Setting next_dagrun for distillationDAG to 2026-01-17T16:53:06.613709+00:00, run_after=2026-01-17T16:53:51.613709+00:00
[2026-01-17T16:53:51.655+0000] {processor.py:179} INFO - Processing /opt/airflow/dags/dispatcher_pipeline_dag.py took 2.083 seconds
[2026-01-17T16:54:21.905+0000] {processor.py:157} INFO - Started process (PID=694) to work on /opt/airflow/dags/dispatcher_pipeline_dag.py
[2026-01-17T16:54:21.907+0000] {processor.py:829} INFO - Processing file /opt/airflow/dags/dispatcher_pipeline_dag.py for tasks to queue
[2026-01-17T16:54:21.909+0000] {logging_mixin.py:151} INFO - [2026-01-17T16:54:21.908+0000] {dagbag.py:539} INFO - Filling up the DagBag from /opt/airflow/dags/dispatcher_pipeline_dag.py
[2026-01-17T16:54:23.713+0000] {processor.py:839} INFO - DAG(s) dict_keys(['distillationDAG']) retrieved from /opt/airflow/dags/dispatcher_pipeline_dag.py
[2026-01-17T16:54:23.793+0000] {logging_mixin.py:151} INFO - [2026-01-17T16:54:23.792+0000] {dag.py:2915} INFO - Sync 1 DAGs
[2026-01-17T16:54:23.850+0000] {logging_mixin.py:151} INFO - [2026-01-17T16:54:23.849+0000] {dag.py:3696} INFO - Setting next_dagrun for distillationDAG to 2026-01-17T16:53:38.849479+00:00, run_after=2026-01-17T16:54:23.849479+00:00
[2026-01-17T16:54:23.892+0000] {processor.py:179} INFO - Processing /opt/airflow/dags/dispatcher_pipeline_dag.py took 1.997 seconds
[2026-01-17T16:54:54.153+0000] {processor.py:157} INFO - Started process (PID=707) to work on /opt/airflow/dags/dispatcher_pipeline_dag.py
[2026-01-17T16:54:54.156+0000] {processor.py:829} INFO - Processing file /opt/airflow/dags/dispatcher_pipeline_dag.py for tasks to queue
[2026-01-17T16:54:54.158+0000] {logging_mixin.py:151} INFO - [2026-01-17T16:54:54.157+0000] {dagbag.py:539} INFO - Filling up the DagBag from /opt/airflow/dags/dispatcher_pipeline_dag.py
[2026-01-17T16:54:55.994+0000] {processor.py:839} INFO - DAG(s) dict_keys(['distillationDAG']) retrieved from /opt/airflow/dags/dispatcher_pipeline_dag.py
[2026-01-17T16:54:56.076+0000] {logging_mixin.py:151} INFO - [2026-01-17T16:54:56.075+0000] {dag.py:2915} INFO - Sync 1 DAGs
[2026-01-17T16:54:56.132+0000] {logging_mixin.py:151} INFO - [2026-01-17T16:54:56.131+0000] {dag.py:3696} INFO - Setting next_dagrun for distillationDAG to 2026-01-17T16:54:11.131215+00:00, run_after=2026-01-17T16:54:56.131215+00:00
[2026-01-17T16:54:56.173+0000] {processor.py:179} INFO - Processing /opt/airflow/dags/dispatcher_pipeline_dag.py took 2.031 seconds
[2026-01-17T16:55:26.430+0000] {processor.py:157} INFO - Started process (PID=720) to work on /opt/airflow/dags/dispatcher_pipeline_dag.py
[2026-01-17T16:55:26.433+0000] {processor.py:829} INFO - Processing file /opt/airflow/dags/dispatcher_pipeline_dag.py for tasks to queue
[2026-01-17T16:55:26.436+0000] {logging_mixin.py:151} INFO - [2026-01-17T16:55:26.434+0000] {dagbag.py:539} INFO - Filling up the DagBag from /opt/airflow/dags/dispatcher_pipeline_dag.py
[2026-01-17T16:55:28.288+0000] {processor.py:839} INFO - DAG(s) dict_keys(['distillationDAG']) retrieved from /opt/airflow/dags/dispatcher_pipeline_dag.py
[2026-01-17T16:55:28.366+0000] {logging_mixin.py:151} INFO - [2026-01-17T16:55:28.365+0000] {dag.py:2915} INFO - Sync 1 DAGs
[2026-01-17T16:55:28.420+0000] {logging_mixin.py:151} INFO - [2026-01-17T16:55:28.420+0000] {dag.py:3696} INFO - Setting next_dagrun for distillationDAG to 2026-01-17T16:54:43.419915+00:00, run_after=2026-01-17T16:55:28.419915+00:00
[2026-01-17T16:55:28.465+0000] {processor.py:179} INFO - Processing /opt/airflow/dags/dispatcher_pipeline_dag.py took 2.046 seconds
[2026-01-17T16:55:58.744+0000] {processor.py:157} INFO - Started process (PID=733) to work on /opt/airflow/dags/dispatcher_pipeline_dag.py
[2026-01-17T16:55:58.746+0000] {processor.py:829} INFO - Processing file /opt/airflow/dags/dispatcher_pipeline_dag.py for tasks to queue
[2026-01-17T16:55:58.749+0000] {logging_mixin.py:151} INFO - [2026-01-17T16:55:58.748+0000] {dagbag.py:539} INFO - Filling up the DagBag from /opt/airflow/dags/dispatcher_pipeline_dag.py
[2026-01-17T16:56:00.674+0000] {processor.py:839} INFO - DAG(s) dict_keys(['distillationDAG']) retrieved from /opt/airflow/dags/dispatcher_pipeline_dag.py
[2026-01-17T16:56:00.756+0000] {logging_mixin.py:151} INFO - [2026-01-17T16:56:00.755+0000] {dag.py:2915} INFO - Sync 1 DAGs
[2026-01-17T16:56:00.814+0000] {logging_mixin.py:151} INFO - [2026-01-17T16:56:00.814+0000] {dag.py:3696} INFO - Setting next_dagrun for distillationDAG to 2026-01-17T16:55:15.813894+00:00, run_after=2026-01-17T16:56:00.813894+00:00
[2026-01-17T16:56:00.857+0000] {processor.py:179} INFO - Processing /opt/airflow/dags/dispatcher_pipeline_dag.py took 2.125 seconds
[2026-01-17T16:56:31.136+0000] {processor.py:157} INFO - Started process (PID=746) to work on /opt/airflow/dags/dispatcher_pipeline_dag.py
[2026-01-17T16:56:31.138+0000] {processor.py:829} INFO - Processing file /opt/airflow/dags/dispatcher_pipeline_dag.py for tasks to queue
[2026-01-17T16:56:31.141+0000] {logging_mixin.py:151} INFO - [2026-01-17T16:56:31.139+0000] {dagbag.py:539} INFO - Filling up the DagBag from /opt/airflow/dags/dispatcher_pipeline_dag.py
[2026-01-17T16:56:33.035+0000] {processor.py:839} INFO - DAG(s) dict_keys(['distillationDAG']) retrieved from /opt/airflow/dags/dispatcher_pipeline_dag.py
[2026-01-17T16:56:33.117+0000] {logging_mixin.py:151} INFO - [2026-01-17T16:56:33.116+0000] {dag.py:2915} INFO - Sync 1 DAGs
[2026-01-17T16:56:33.175+0000] {logging_mixin.py:151} INFO - [2026-01-17T16:56:33.175+0000] {dag.py:3696} INFO - Setting next_dagrun for distillationDAG to 2026-01-17T16:55:48.174588+00:00, run_after=2026-01-17T16:56:33.174588+00:00
[2026-01-17T16:56:33.217+0000] {processor.py:179} INFO - Processing /opt/airflow/dags/dispatcher_pipeline_dag.py took 2.092 seconds
[2026-01-17T16:57:03.485+0000] {processor.py:157} INFO - Started process (PID=759) to work on /opt/airflow/dags/dispatcher_pipeline_dag.py
[2026-01-17T16:57:03.487+0000] {processor.py:829} INFO - Processing file /opt/airflow/dags/dispatcher_pipeline_dag.py for tasks to queue
[2026-01-17T16:57:03.489+0000] {logging_mixin.py:151} INFO - [2026-01-17T16:57:03.488+0000] {dagbag.py:539} INFO - Filling up the DagBag from /opt/airflow/dags/dispatcher_pipeline_dag.py
[2026-01-17T16:57:05.356+0000] {processor.py:839} INFO - DAG(s) dict_keys(['distillationDAG']) retrieved from /opt/airflow/dags/dispatcher_pipeline_dag.py
[2026-01-17T16:57:05.439+0000] {logging_mixin.py:151} INFO - [2026-01-17T16:57:05.438+0000] {dag.py:2915} INFO - Sync 1 DAGs
[2026-01-17T16:57:05.496+0000] {logging_mixin.py:151} INFO - [2026-01-17T16:57:05.496+0000] {dag.py:3696} INFO - Setting next_dagrun for distillationDAG to 2026-01-17T16:56:20.495848+00:00, run_after=2026-01-17T16:57:05.495848+00:00
[2026-01-17T16:57:05.540+0000] {processor.py:179} INFO - Processing /opt/airflow/dags/dispatcher_pipeline_dag.py took 2.065 seconds
[2026-01-17T16:57:35.808+0000] {processor.py:157} INFO - Started process (PID=772) to work on /opt/airflow/dags/dispatcher_pipeline_dag.py
[2026-01-17T16:57:35.811+0000] {processor.py:829} INFO - Processing file /opt/airflow/dags/dispatcher_pipeline_dag.py for tasks to queue
[2026-01-17T16:57:35.813+0000] {logging_mixin.py:151} INFO - [2026-01-17T16:57:35.812+0000] {dagbag.py:539} INFO - Filling up the DagBag from /opt/airflow/dags/dispatcher_pipeline_dag.py
[2026-01-17T16:57:37.645+0000] {processor.py:839} INFO - DAG(s) dict_keys(['distillationDAG']) retrieved from /opt/airflow/dags/dispatcher_pipeline_dag.py
[2026-01-17T16:57:37.726+0000] {logging_mixin.py:151} INFO - [2026-01-17T16:57:37.725+0000] {dag.py:2915} INFO - Sync 1 DAGs
[2026-01-17T16:57:37.781+0000] {logging_mixin.py:151} INFO - [2026-01-17T16:57:37.781+0000] {dag.py:3696} INFO - Setting next_dagrun for distillationDAG to 2026-01-17T16:56:52.780890+00:00, run_after=2026-01-17T16:57:37.780890+00:00
[2026-01-17T16:57:37.823+0000] {processor.py:179} INFO - Processing /opt/airflow/dags/dispatcher_pipeline_dag.py took 2.026 seconds
[2026-01-17T16:58:08.100+0000] {processor.py:157} INFO - Started process (PID=785) to work on /opt/airflow/dags/dispatcher_pipeline_dag.py
[2026-01-17T16:58:08.102+0000] {processor.py:829} INFO - Processing file /opt/airflow/dags/dispatcher_pipeline_dag.py for tasks to queue
[2026-01-17T16:58:08.105+0000] {logging_mixin.py:151} INFO - [2026-01-17T16:58:08.104+0000] {dagbag.py:539} INFO - Filling up the DagBag from /opt/airflow/dags/dispatcher_pipeline_dag.py
[2026-01-17T16:58:09.924+0000] {processor.py:839} INFO - DAG(s) dict_keys(['distillationDAG']) retrieved from /opt/airflow/dags/dispatcher_pipeline_dag.py
[2026-01-17T16:58:10.004+0000] {logging_mixin.py:151} INFO - [2026-01-17T16:58:10.003+0000] {dag.py:2915} INFO - Sync 1 DAGs
[2026-01-17T16:58:10.059+0000] {logging_mixin.py:151} INFO - [2026-01-17T16:58:10.058+0000] {dag.py:3696} INFO - Setting next_dagrun for distillationDAG to 2026-01-17T16:57:25.058450+00:00, run_after=2026-01-17T16:58:10.058450+00:00
[2026-01-17T16:58:10.103+0000] {processor.py:179} INFO - Processing /opt/airflow/dags/dispatcher_pipeline_dag.py took 2.015 seconds
[2026-01-17T16:58:40.365+0000] {processor.py:157} INFO - Started process (PID=798) to work on /opt/airflow/dags/dispatcher_pipeline_dag.py
[2026-01-17T16:58:40.367+0000] {processor.py:829} INFO - Processing file /opt/airflow/dags/dispatcher_pipeline_dag.py for tasks to queue
[2026-01-17T16:58:40.370+0000] {logging_mixin.py:151} INFO - [2026-01-17T16:58:40.369+0000] {dagbag.py:539} INFO - Filling up the DagBag from /opt/airflow/dags/dispatcher_pipeline_dag.py
[2026-01-17T16:58:42.243+0000] {processor.py:839} INFO - DAG(s) dict_keys(['distillationDAG']) retrieved from /opt/airflow/dags/dispatcher_pipeline_dag.py
[2026-01-17T16:58:42.325+0000] {logging_mixin.py:151} INFO - [2026-01-17T16:58:42.324+0000] {dag.py:2915} INFO - Sync 1 DAGs
[2026-01-17T16:58:42.383+0000] {logging_mixin.py:151} INFO - [2026-01-17T16:58:42.383+0000] {dag.py:3696} INFO - Setting next_dagrun for distillationDAG to 2026-01-17T16:57:57.382640+00:00, run_after=2026-01-17T16:58:42.382640+00:00
[2026-01-17T16:58:42.424+0000] {processor.py:179} INFO - Processing /opt/airflow/dags/dispatcher_pipeline_dag.py took 2.070 seconds
[2026-01-17T16:59:12.733+0000] {processor.py:157} INFO - Started process (PID=811) to work on /opt/airflow/dags/dispatcher_pipeline_dag.py
[2026-01-17T16:59:12.735+0000] {processor.py:829} INFO - Processing file /opt/airflow/dags/dispatcher_pipeline_dag.py for tasks to queue
[2026-01-17T16:59:12.737+0000] {logging_mixin.py:151} INFO - [2026-01-17T16:59:12.736+0000] {dagbag.py:539} INFO - Filling up the DagBag from /opt/airflow/dags/dispatcher_pipeline_dag.py
[2026-01-17T16:59:14.571+0000] {processor.py:839} INFO - DAG(s) dict_keys(['distillationDAG']) retrieved from /opt/airflow/dags/dispatcher_pipeline_dag.py
[2026-01-17T16:59:14.652+0000] {logging_mixin.py:151} INFO - [2026-01-17T16:59:14.651+0000] {dag.py:2915} INFO - Sync 1 DAGs
[2026-01-17T16:59:14.711+0000] {logging_mixin.py:151} INFO - [2026-01-17T16:59:14.710+0000] {dag.py:3696} INFO - Setting next_dagrun for distillationDAG to 2026-01-17T16:58:29.710119+00:00, run_after=2026-01-17T16:59:14.710119+00:00
[2026-01-17T16:59:14.752+0000] {processor.py:179} INFO - Processing /opt/airflow/dags/dispatcher_pipeline_dag.py took 2.030 seconds
[2026-01-17T16:59:45.014+0000] {processor.py:157} INFO - Started process (PID=824) to work on /opt/airflow/dags/dispatcher_pipeline_dag.py
[2026-01-17T16:59:45.017+0000] {processor.py:829} INFO - Processing file /opt/airflow/dags/dispatcher_pipeline_dag.py for tasks to queue
[2026-01-17T16:59:45.019+0000] {logging_mixin.py:151} INFO - [2026-01-17T16:59:45.018+0000] {dagbag.py:539} INFO - Filling up the DagBag from /opt/airflow/dags/dispatcher_pipeline_dag.py
[2026-01-17T16:59:46.934+0000] {processor.py:839} INFO - DAG(s) dict_keys(['distillationDAG']) retrieved from /opt/airflow/dags/dispatcher_pipeline_dag.py
[2026-01-17T16:59:47.016+0000] {logging_mixin.py:151} INFO - [2026-01-17T16:59:47.015+0000] {dag.py:2915} INFO - Sync 1 DAGs
[2026-01-17T16:59:47.070+0000] {logging_mixin.py:151} INFO - [2026-01-17T16:59:47.070+0000] {dag.py:3696} INFO - Setting next_dagrun for distillationDAG to 2026-01-17T16:59:02.069671+00:00, run_after=2026-01-17T16:59:47.069671+00:00
[2026-01-17T16:59:47.112+0000] {processor.py:179} INFO - Processing /opt/airflow/dags/dispatcher_pipeline_dag.py took 2.109 seconds
[2026-01-17T17:45:04.483+0000] {processor.py:157} INFO - Started process (PID=836) to work on /opt/airflow/dags/dispatcher_pipeline_dag.py
[2026-01-17T17:45:04.489+0000] {processor.py:829} INFO - Processing file /opt/airflow/dags/dispatcher_pipeline_dag.py for tasks to queue
[2026-01-17T17:45:04.499+0000] {logging_mixin.py:151} INFO - [2026-01-17T17:45:04.495+0000] {dagbag.py:539} INFO - Filling up the DagBag from /opt/airflow/dags/dispatcher_pipeline_dag.py
[2026-01-17T17:45:06.587+0000] {processor.py:839} INFO - DAG(s) dict_keys(['distillationDAG']) retrieved from /opt/airflow/dags/dispatcher_pipeline_dag.py
[2026-01-17T17:45:06.667+0000] {logging_mixin.py:151} INFO - [2026-01-17T17:45:06.666+0000] {dag.py:2915} INFO - Sync 1 DAGs
[2026-01-17T17:45:06.720+0000] {logging_mixin.py:151} INFO - [2026-01-17T17:45:06.720+0000] {dag.py:3696} INFO - Setting next_dagrun for distillationDAG to 2026-01-17T17:44:21.720022+00:00, run_after=2026-01-17T17:45:06.720022+00:00
[2026-01-17T17:45:06.762+0000] {processor.py:179} INFO - Processing /opt/airflow/dags/dispatcher_pipeline_dag.py took 2.331 seconds
[2026-01-17T17:45:37.041+0000] {processor.py:157} INFO - Started process (PID=852) to work on /opt/airflow/dags/dispatcher_pipeline_dag.py
[2026-01-17T17:45:37.043+0000] {processor.py:829} INFO - Processing file /opt/airflow/dags/dispatcher_pipeline_dag.py for tasks to queue
[2026-01-17T17:45:37.046+0000] {logging_mixin.py:151} INFO - [2026-01-17T17:45:37.045+0000] {dagbag.py:539} INFO - Filling up the DagBag from /opt/airflow/dags/dispatcher_pipeline_dag.py
[2026-01-17T17:45:38.926+0000] {processor.py:839} INFO - DAG(s) dict_keys(['distillationDAG']) retrieved from /opt/airflow/dags/dispatcher_pipeline_dag.py
[2026-01-17T17:45:39.016+0000] {logging_mixin.py:151} INFO - [2026-01-17T17:45:39.015+0000] {dag.py:2915} INFO - Sync 1 DAGs
[2026-01-17T17:45:39.078+0000] {logging_mixin.py:151} INFO - [2026-01-17T17:45:39.077+0000] {dag.py:3696} INFO - Setting next_dagrun for distillationDAG to 2026-01-17T17:44:54.077470+00:00, run_after=2026-01-17T17:45:39.077470+00:00
[2026-01-17T17:45:39.124+0000] {processor.py:179} INFO - Processing /opt/airflow/dags/dispatcher_pipeline_dag.py took 2.095 seconds
[2026-01-17T17:46:09.394+0000] {processor.py:157} INFO - Started process (PID=865) to work on /opt/airflow/dags/dispatcher_pipeline_dag.py
[2026-01-17T17:46:09.396+0000] {processor.py:829} INFO - Processing file /opt/airflow/dags/dispatcher_pipeline_dag.py for tasks to queue
[2026-01-17T17:46:09.399+0000] {logging_mixin.py:151} INFO - [2026-01-17T17:46:09.398+0000] {dagbag.py:539} INFO - Filling up the DagBag from /opt/airflow/dags/dispatcher_pipeline_dag.py
[2026-01-17T17:46:11.210+0000] {processor.py:839} INFO - DAG(s) dict_keys(['distillationDAG']) retrieved from /opt/airflow/dags/dispatcher_pipeline_dag.py
[2026-01-17T17:46:11.286+0000] {logging_mixin.py:151} INFO - [2026-01-17T17:46:11.285+0000] {dag.py:2915} INFO - Sync 1 DAGs
[2026-01-17T17:46:11.340+0000] {logging_mixin.py:151} INFO - [2026-01-17T17:46:11.340+0000] {dag.py:3696} INFO - Setting next_dagrun for distillationDAG to 2026-01-17T17:45:26.339695+00:00, run_after=2026-01-17T17:46:11.339695+00:00
[2026-01-17T17:46:11.378+0000] {processor.py:179} INFO - Processing /opt/airflow/dags/dispatcher_pipeline_dag.py took 1.995 seconds
[2026-01-17T17:46:41.642+0000] {processor.py:157} INFO - Started process (PID=878) to work on /opt/airflow/dags/dispatcher_pipeline_dag.py
[2026-01-17T17:46:41.644+0000] {processor.py:829} INFO - Processing file /opt/airflow/dags/dispatcher_pipeline_dag.py for tasks to queue
[2026-01-17T17:46:41.646+0000] {logging_mixin.py:151} INFO - [2026-01-17T17:46:41.645+0000] {dagbag.py:539} INFO - Filling up the DagBag from /opt/airflow/dags/dispatcher_pipeline_dag.py
[2026-01-17T17:46:43.620+0000] {processor.py:839} INFO - DAG(s) dict_keys(['distillationDAG']) retrieved from /opt/airflow/dags/dispatcher_pipeline_dag.py
[2026-01-17T17:46:43.706+0000] {logging_mixin.py:151} INFO - [2026-01-17T17:46:43.705+0000] {dag.py:2915} INFO - Sync 1 DAGs
[2026-01-17T17:46:43.768+0000] {logging_mixin.py:151} INFO - [2026-01-17T17:46:43.767+0000] {dag.py:3696} INFO - Setting next_dagrun for distillationDAG to 2026-01-17T17:45:58.767315+00:00, run_after=2026-01-17T17:46:43.767315+00:00
[2026-01-17T17:46:43.810+0000] {processor.py:179} INFO - Processing /opt/airflow/dags/dispatcher_pipeline_dag.py took 2.179 seconds
[2026-01-17T17:47:14.082+0000] {processor.py:157} INFO - Started process (PID=891) to work on /opt/airflow/dags/dispatcher_pipeline_dag.py
[2026-01-17T17:47:14.084+0000] {processor.py:829} INFO - Processing file /opt/airflow/dags/dispatcher_pipeline_dag.py for tasks to queue
[2026-01-17T17:47:14.087+0000] {logging_mixin.py:151} INFO - [2026-01-17T17:47:14.086+0000] {dagbag.py:539} INFO - Filling up the DagBag from /opt/airflow/dags/dispatcher_pipeline_dag.py
[2026-01-17T17:47:15.884+0000] {processor.py:839} INFO - DAG(s) dict_keys(['distillationDAG']) retrieved from /opt/airflow/dags/dispatcher_pipeline_dag.py
[2026-01-17T17:47:15.962+0000] {logging_mixin.py:151} INFO - [2026-01-17T17:47:15.961+0000] {dag.py:2915} INFO - Sync 1 DAGs
[2026-01-17T17:47:16.014+0000] {logging_mixin.py:151} INFO - [2026-01-17T17:47:16.013+0000] {dag.py:3696} INFO - Setting next_dagrun for distillationDAG to 2026-01-17T17:46:31.013456+00:00, run_after=2026-01-17T17:47:16.013456+00:00
[2026-01-17T17:47:16.051+0000] {processor.py:179} INFO - Processing /opt/airflow/dags/dispatcher_pipeline_dag.py took 1.981 seconds
[2026-01-17T17:47:46.331+0000] {processor.py:157} INFO - Started process (PID=904) to work on /opt/airflow/dags/dispatcher_pipeline_dag.py
[2026-01-17T17:47:46.333+0000] {processor.py:829} INFO - Processing file /opt/airflow/dags/dispatcher_pipeline_dag.py for tasks to queue
[2026-01-17T17:47:46.336+0000] {logging_mixin.py:151} INFO - [2026-01-17T17:47:46.335+0000] {dagbag.py:539} INFO - Filling up the DagBag from /opt/airflow/dags/dispatcher_pipeline_dag.py
[2026-01-17T17:47:48.130+0000] {processor.py:839} INFO - DAG(s) dict_keys(['distillationDAG']) retrieved from /opt/airflow/dags/dispatcher_pipeline_dag.py
[2026-01-17T17:47:48.206+0000] {logging_mixin.py:151} INFO - [2026-01-17T17:47:48.205+0000] {dag.py:2915} INFO - Sync 1 DAGs
[2026-01-17T17:47:48.258+0000] {logging_mixin.py:151} INFO - [2026-01-17T17:47:48.257+0000] {dag.py:3696} INFO - Setting next_dagrun for distillationDAG to 2026-01-17T17:47:03.257278+00:00, run_after=2026-01-17T17:47:48.257278+00:00
[2026-01-17T17:47:48.295+0000] {processor.py:179} INFO - Processing /opt/airflow/dags/dispatcher_pipeline_dag.py took 1.975 seconds
[2026-01-17T17:48:18.584+0000] {processor.py:157} INFO - Started process (PID=917) to work on /opt/airflow/dags/dispatcher_pipeline_dag.py
[2026-01-17T17:48:18.586+0000] {processor.py:829} INFO - Processing file /opt/airflow/dags/dispatcher_pipeline_dag.py for tasks to queue
[2026-01-17T17:48:18.588+0000] {logging_mixin.py:151} INFO - [2026-01-17T17:48:18.587+0000] {dagbag.py:539} INFO - Filling up the DagBag from /opt/airflow/dags/dispatcher_pipeline_dag.py
[2026-01-17T17:48:20.398+0000] {processor.py:839} INFO - DAG(s) dict_keys(['distillationDAG']) retrieved from /opt/airflow/dags/dispatcher_pipeline_dag.py
[2026-01-17T17:48:20.474+0000] {logging_mixin.py:151} INFO - [2026-01-17T17:48:20.473+0000] {dag.py:2915} INFO - Sync 1 DAGs
[2026-01-17T17:48:20.529+0000] {logging_mixin.py:151} INFO - [2026-01-17T17:48:20.528+0000] {dag.py:3696} INFO - Setting next_dagrun for distillationDAG to 2026-01-17T17:47:35.528243+00:00, run_after=2026-01-17T17:48:20.528243+00:00
[2026-01-17T17:48:20.566+0000] {processor.py:179} INFO - Processing /opt/airflow/dags/dispatcher_pipeline_dag.py took 1.994 seconds
[2026-01-17T17:48:50.828+0000] {processor.py:157} INFO - Started process (PID=930) to work on /opt/airflow/dags/dispatcher_pipeline_dag.py
[2026-01-17T17:48:50.831+0000] {processor.py:829} INFO - Processing file /opt/airflow/dags/dispatcher_pipeline_dag.py for tasks to queue
[2026-01-17T17:48:50.833+0000] {logging_mixin.py:151} INFO - [2026-01-17T17:48:50.832+0000] {dagbag.py:539} INFO - Filling up the DagBag from /opt/airflow/dags/dispatcher_pipeline_dag.py
[2026-01-17T17:48:52.631+0000] {processor.py:839} INFO - DAG(s) dict_keys(['distillationDAG']) retrieved from /opt/airflow/dags/dispatcher_pipeline_dag.py
[2026-01-17T17:48:52.706+0000] {logging_mixin.py:151} INFO - [2026-01-17T17:48:52.705+0000] {dag.py:2915} INFO - Sync 1 DAGs
[2026-01-17T17:48:52.760+0000] {logging_mixin.py:151} INFO - [2026-01-17T17:48:52.759+0000] {dag.py:3696} INFO - Setting next_dagrun for distillationDAG to 2026-01-17T17:48:07.759558+00:00, run_after=2026-01-17T17:48:52.759558+00:00
[2026-01-17T17:48:52.797+0000] {processor.py:179} INFO - Processing /opt/airflow/dags/dispatcher_pipeline_dag.py took 1.980 seconds
[2026-01-17T17:49:23.099+0000] {processor.py:157} INFO - Started process (PID=943) to work on /opt/airflow/dags/dispatcher_pipeline_dag.py
[2026-01-17T17:49:23.102+0000] {processor.py:829} INFO - Processing file /opt/airflow/dags/dispatcher_pipeline_dag.py for tasks to queue
[2026-01-17T17:49:23.104+0000] {logging_mixin.py:151} INFO - [2026-01-17T17:49:23.103+0000] {dagbag.py:539} INFO - Filling up the DagBag from /opt/airflow/dags/dispatcher_pipeline_dag.py
[2026-01-17T17:49:24.889+0000] {processor.py:839} INFO - DAG(s) dict_keys(['distillationDAG']) retrieved from /opt/airflow/dags/dispatcher_pipeline_dag.py
[2026-01-17T17:49:24.968+0000] {logging_mixin.py:151} INFO - [2026-01-17T17:49:24.967+0000] {dag.py:2915} INFO - Sync 1 DAGs
[2026-01-17T17:49:25.020+0000] {logging_mixin.py:151} INFO - [2026-01-17T17:49:25.019+0000] {dag.py:3696} INFO - Setting next_dagrun for distillationDAG to 2026-01-17T17:48:40.019301+00:00, run_after=2026-01-17T17:49:25.019301+00:00
[2026-01-17T17:49:25.057+0000] {processor.py:179} INFO - Processing /opt/airflow/dags/dispatcher_pipeline_dag.py took 1.969 seconds
[2026-01-17T17:49:55.352+0000] {processor.py:157} INFO - Started process (PID=956) to work on /opt/airflow/dags/dispatcher_pipeline_dag.py
[2026-01-17T17:49:55.354+0000] {processor.py:829} INFO - Processing file /opt/airflow/dags/dispatcher_pipeline_dag.py for tasks to queue
[2026-01-17T17:49:55.357+0000] {logging_mixin.py:151} INFO - [2026-01-17T17:49:55.356+0000] {dagbag.py:539} INFO - Filling up the DagBag from /opt/airflow/dags/dispatcher_pipeline_dag.py
[2026-01-17T17:49:57.150+0000] {processor.py:839} INFO - DAG(s) dict_keys(['distillationDAG']) retrieved from /opt/airflow/dags/dispatcher_pipeline_dag.py
[2026-01-17T17:49:57.225+0000] {logging_mixin.py:151} INFO - [2026-01-17T17:49:57.224+0000] {dag.py:2915} INFO - Sync 1 DAGs
[2026-01-17T17:49:57.276+0000] {logging_mixin.py:151} INFO - [2026-01-17T17:49:57.276+0000] {dag.py:3696} INFO - Setting next_dagrun for distillationDAG to 2026-01-17T17:49:12.275893+00:00, run_after=2026-01-17T17:49:57.275893+00:00
[2026-01-17T17:49:57.314+0000] {processor.py:179} INFO - Processing /opt/airflow/dags/dispatcher_pipeline_dag.py took 1.973 seconds
[2026-01-17T17:50:27.632+0000] {processor.py:157} INFO - Started process (PID=969) to work on /opt/airflow/dags/dispatcher_pipeline_dag.py
[2026-01-17T17:50:27.634+0000] {processor.py:829} INFO - Processing file /opt/airflow/dags/dispatcher_pipeline_dag.py for tasks to queue
[2026-01-17T17:50:27.637+0000] {logging_mixin.py:151} INFO - [2026-01-17T17:50:27.636+0000] {dagbag.py:539} INFO - Filling up the DagBag from /opt/airflow/dags/dispatcher_pipeline_dag.py
[2026-01-17T17:50:29.406+0000] {processor.py:839} INFO - DAG(s) dict_keys(['distillationDAG']) retrieved from /opt/airflow/dags/dispatcher_pipeline_dag.py
[2026-01-17T17:50:29.481+0000] {logging_mixin.py:151} INFO - [2026-01-17T17:50:29.480+0000] {dag.py:2915} INFO - Sync 1 DAGs
[2026-01-17T17:50:29.536+0000] {logging_mixin.py:151} INFO - [2026-01-17T17:50:29.535+0000] {dag.py:3696} INFO - Setting next_dagrun for distillationDAG to 2026-01-17T17:49:44.535343+00:00, run_after=2026-01-17T17:50:29.535343+00:00
[2026-01-17T17:50:29.573+0000] {processor.py:179} INFO - Processing /opt/airflow/dags/dispatcher_pipeline_dag.py took 1.953 seconds
[2026-01-17T17:50:59.961+0000] {processor.py:157} INFO - Started process (PID=982) to work on /opt/airflow/dags/dispatcher_pipeline_dag.py
[2026-01-17T17:50:59.963+0000] {processor.py:829} INFO - Processing file /opt/airflow/dags/dispatcher_pipeline_dag.py for tasks to queue
[2026-01-17T17:50:59.966+0000] {logging_mixin.py:151} INFO - [2026-01-17T17:50:59.965+0000] {dagbag.py:539} INFO - Filling up the DagBag from /opt/airflow/dags/dispatcher_pipeline_dag.py
[2026-01-17T17:51:01.750+0000] {processor.py:839} INFO - DAG(s) dict_keys(['distillationDAG']) retrieved from /opt/airflow/dags/dispatcher_pipeline_dag.py
[2026-01-17T17:51:01.825+0000] {logging_mixin.py:151} INFO - [2026-01-17T17:51:01.824+0000] {dag.py:2915} INFO - Sync 1 DAGs
[2026-01-17T17:51:01.879+0000] {logging_mixin.py:151} INFO - [2026-01-17T17:51:01.878+0000] {dag.py:3696} INFO - Setting next_dagrun for distillationDAG to 2026-01-17T17:50:16.878466+00:00, run_after=2026-01-17T17:51:01.878466+00:00
[2026-01-17T17:51:01.916+0000] {processor.py:179} INFO - Processing /opt/airflow/dags/dispatcher_pipeline_dag.py took 1.966 seconds
[2026-01-17T17:51:32.215+0000] {processor.py:157} INFO - Started process (PID=995) to work on /opt/airflow/dags/dispatcher_pipeline_dag.py
[2026-01-17T17:51:32.218+0000] {processor.py:829} INFO - Processing file /opt/airflow/dags/dispatcher_pipeline_dag.py for tasks to queue
[2026-01-17T17:51:32.220+0000] {logging_mixin.py:151} INFO - [2026-01-17T17:51:32.219+0000] {dagbag.py:539} INFO - Filling up the DagBag from /opt/airflow/dags/dispatcher_pipeline_dag.py
[2026-01-17T17:51:33.998+0000] {processor.py:839} INFO - DAG(s) dict_keys(['distillationDAG']) retrieved from /opt/airflow/dags/dispatcher_pipeline_dag.py
[2026-01-17T17:51:34.073+0000] {logging_mixin.py:151} INFO - [2026-01-17T17:51:34.072+0000] {dag.py:2915} INFO - Sync 1 DAGs
[2026-01-17T17:51:34.130+0000] {logging_mixin.py:151} INFO - [2026-01-17T17:51:34.129+0000] {dag.py:3696} INFO - Setting next_dagrun for distillationDAG to 2026-01-17T17:50:49.129241+00:00, run_after=2026-01-17T17:51:34.129241+00:00
[2026-01-17T17:51:34.171+0000] {processor.py:179} INFO - Processing /opt/airflow/dags/dispatcher_pipeline_dag.py took 1.966 seconds
[2026-01-17T17:52:04.460+0000] {processor.py:157} INFO - Started process (PID=1008) to work on /opt/airflow/dags/dispatcher_pipeline_dag.py
[2026-01-17T17:52:04.463+0000] {processor.py:829} INFO - Processing file /opt/airflow/dags/dispatcher_pipeline_dag.py for tasks to queue
[2026-01-17T17:52:04.465+0000] {logging_mixin.py:151} INFO - [2026-01-17T17:52:04.464+0000] {dagbag.py:539} INFO - Filling up the DagBag from /opt/airflow/dags/dispatcher_pipeline_dag.py
[2026-01-17T17:52:06.244+0000] {processor.py:839} INFO - DAG(s) dict_keys(['distillationDAG']) retrieved from /opt/airflow/dags/dispatcher_pipeline_dag.py
[2026-01-17T17:52:06.325+0000] {logging_mixin.py:151} INFO - [2026-01-17T17:52:06.324+0000] {dag.py:2915} INFO - Sync 1 DAGs
[2026-01-17T17:52:06.377+0000] {logging_mixin.py:151} INFO - [2026-01-17T17:52:06.377+0000] {dag.py:3696} INFO - Setting next_dagrun for distillationDAG to 2026-01-17T17:51:21.376758+00:00, run_after=2026-01-17T17:52:06.376758+00:00
[2026-01-17T17:52:06.415+0000] {processor.py:179} INFO - Processing /opt/airflow/dags/dispatcher_pipeline_dag.py took 1.966 seconds
[2026-01-17T17:52:36.712+0000] {processor.py:157} INFO - Started process (PID=1021) to work on /opt/airflow/dags/dispatcher_pipeline_dag.py
[2026-01-17T17:52:36.714+0000] {processor.py:829} INFO - Processing file /opt/airflow/dags/dispatcher_pipeline_dag.py for tasks to queue
[2026-01-17T17:52:36.716+0000] {logging_mixin.py:151} INFO - [2026-01-17T17:52:36.715+0000] {dagbag.py:539} INFO - Filling up the DagBag from /opt/airflow/dags/dispatcher_pipeline_dag.py
[2026-01-17T17:52:38.509+0000] {processor.py:839} INFO - DAG(s) dict_keys(['distillationDAG']) retrieved from /opt/airflow/dags/dispatcher_pipeline_dag.py
[2026-01-17T17:52:38.585+0000] {logging_mixin.py:151} INFO - [2026-01-17T17:52:38.584+0000] {dag.py:2915} INFO - Sync 1 DAGs
[2026-01-17T17:52:38.636+0000] {logging_mixin.py:151} INFO - [2026-01-17T17:52:38.636+0000] {dag.py:3696} INFO - Setting next_dagrun for distillationDAG to 2026-01-17T17:51:53.635964+00:00, run_after=2026-01-17T17:52:38.635964+00:00
[2026-01-17T17:52:38.675+0000] {processor.py:179} INFO - Processing /opt/airflow/dags/dispatcher_pipeline_dag.py took 1.974 seconds
[2026-01-17T17:53:08.967+0000] {processor.py:157} INFO - Started process (PID=1034) to work on /opt/airflow/dags/dispatcher_pipeline_dag.py
[2026-01-17T17:53:08.970+0000] {processor.py:829} INFO - Processing file /opt/airflow/dags/dispatcher_pipeline_dag.py for tasks to queue
[2026-01-17T17:53:08.972+0000] {logging_mixin.py:151} INFO - [2026-01-17T17:53:08.971+0000] {dagbag.py:539} INFO - Filling up the DagBag from /opt/airflow/dags/dispatcher_pipeline_dag.py
[2026-01-17T17:53:10.756+0000] {processor.py:839} INFO - DAG(s) dict_keys(['distillationDAG']) retrieved from /opt/airflow/dags/dispatcher_pipeline_dag.py
[2026-01-17T17:53:10.832+0000] {logging_mixin.py:151} INFO - [2026-01-17T17:53:10.831+0000] {dag.py:2915} INFO - Sync 1 DAGs
[2026-01-17T17:53:10.887+0000] {logging_mixin.py:151} INFO - [2026-01-17T17:53:10.887+0000] {dag.py:3696} INFO - Setting next_dagrun for distillationDAG to 2026-01-17T17:52:25.886692+00:00, run_after=2026-01-17T17:53:10.886692+00:00
[2026-01-17T17:53:10.925+0000] {processor.py:179} INFO - Processing /opt/airflow/dags/dispatcher_pipeline_dag.py took 1.969 seconds
[2026-01-17T17:53:41.211+0000] {processor.py:157} INFO - Started process (PID=1047) to work on /opt/airflow/dags/dispatcher_pipeline_dag.py
[2026-01-17T17:53:41.213+0000] {processor.py:829} INFO - Processing file /opt/airflow/dags/dispatcher_pipeline_dag.py for tasks to queue
[2026-01-17T17:53:41.216+0000] {logging_mixin.py:151} INFO - [2026-01-17T17:53:41.215+0000] {dagbag.py:539} INFO - Filling up the DagBag from /opt/airflow/dags/dispatcher_pipeline_dag.py
[2026-01-17T17:53:43.006+0000] {processor.py:839} INFO - DAG(s) dict_keys(['distillationDAG']) retrieved from /opt/airflow/dags/dispatcher_pipeline_dag.py
[2026-01-17T17:53:43.080+0000] {logging_mixin.py:151} INFO - [2026-01-17T17:53:43.079+0000] {dag.py:2915} INFO - Sync 1 DAGs
[2026-01-17T17:53:43.134+0000] {logging_mixin.py:151} INFO - [2026-01-17T17:53:43.133+0000] {dag.py:3696} INFO - Setting next_dagrun for distillationDAG to 2026-01-17T17:52:58.133414+00:00, run_after=2026-01-17T17:53:43.133414+00:00
[2026-01-17T17:53:43.171+0000] {processor.py:179} INFO - Processing /opt/airflow/dags/dispatcher_pipeline_dag.py took 1.971 seconds
[2026-01-17T17:54:13.462+0000] {processor.py:157} INFO - Started process (PID=1060) to work on /opt/airflow/dags/dispatcher_pipeline_dag.py
[2026-01-17T17:54:13.464+0000] {processor.py:829} INFO - Processing file /opt/airflow/dags/dispatcher_pipeline_dag.py for tasks to queue
[2026-01-17T17:54:13.467+0000] {logging_mixin.py:151} INFO - [2026-01-17T17:54:13.466+0000] {dagbag.py:539} INFO - Filling up the DagBag from /opt/airflow/dags/dispatcher_pipeline_dag.py
[2026-01-17T17:54:15.300+0000] {processor.py:839} INFO - DAG(s) dict_keys(['distillationDAG']) retrieved from /opt/airflow/dags/dispatcher_pipeline_dag.py
[2026-01-17T17:54:15.376+0000] {logging_mixin.py:151} INFO - [2026-01-17T17:54:15.375+0000] {dag.py:2915} INFO - Sync 1 DAGs
[2026-01-17T17:54:15.430+0000] {logging_mixin.py:151} INFO - [2026-01-17T17:54:15.429+0000] {dag.py:3696} INFO - Setting next_dagrun for distillationDAG to 2026-01-17T17:53:30.429183+00:00, run_after=2026-01-17T17:54:15.429183+00:00
[2026-01-17T17:54:15.468+0000] {processor.py:179} INFO - Processing /opt/airflow/dags/dispatcher_pipeline_dag.py took 2.017 seconds
[2026-01-17T17:54:45.736+0000] {processor.py:157} INFO - Started process (PID=1073) to work on /opt/airflow/dags/dispatcher_pipeline_dag.py
[2026-01-17T17:54:45.738+0000] {processor.py:829} INFO - Processing file /opt/airflow/dags/dispatcher_pipeline_dag.py for tasks to queue
[2026-01-17T17:54:45.740+0000] {logging_mixin.py:151} INFO - [2026-01-17T17:54:45.739+0000] {dagbag.py:539} INFO - Filling up the DagBag from /opt/airflow/dags/dispatcher_pipeline_dag.py
[2026-01-17T17:54:47.531+0000] {processor.py:839} INFO - DAG(s) dict_keys(['distillationDAG']) retrieved from /opt/airflow/dags/dispatcher_pipeline_dag.py
[2026-01-17T17:54:47.609+0000] {logging_mixin.py:151} INFO - [2026-01-17T17:54:47.608+0000] {dag.py:2915} INFO - Sync 1 DAGs
[2026-01-17T17:54:47.660+0000] {logging_mixin.py:151} INFO - [2026-01-17T17:54:47.660+0000] {dag.py:3696} INFO - Setting next_dagrun for distillationDAG to 2026-01-17T17:54:02.660026+00:00, run_after=2026-01-17T17:54:47.660026+00:00
[2026-01-17T17:54:47.699+0000] {processor.py:179} INFO - Processing /opt/airflow/dags/dispatcher_pipeline_dag.py took 1.974 seconds
[2026-01-17T17:55:18.026+0000] {processor.py:157} INFO - Started process (PID=1086) to work on /opt/airflow/dags/dispatcher_pipeline_dag.py
[2026-01-17T17:55:18.029+0000] {processor.py:829} INFO - Processing file /opt/airflow/dags/dispatcher_pipeline_dag.py for tasks to queue
[2026-01-17T17:55:18.031+0000] {logging_mixin.py:151} INFO - [2026-01-17T17:55:18.030+0000] {dagbag.py:539} INFO - Filling up the DagBag from /opt/airflow/dags/dispatcher_pipeline_dag.py
[2026-01-17T17:55:19.809+0000] {processor.py:839} INFO - DAG(s) dict_keys(['distillationDAG']) retrieved from /opt/airflow/dags/dispatcher_pipeline_dag.py
[2026-01-17T17:55:19.888+0000] {logging_mixin.py:151} INFO - [2026-01-17T17:55:19.887+0000] {dag.py:2915} INFO - Sync 1 DAGs
[2026-01-17T17:55:19.940+0000] {logging_mixin.py:151} INFO - [2026-01-17T17:55:19.940+0000] {dag.py:3696} INFO - Setting next_dagrun for distillationDAG to 2026-01-17T17:54:34.939763+00:00, run_after=2026-01-17T17:55:19.939763+00:00
[2026-01-17T17:55:19.982+0000] {processor.py:179} INFO - Processing /opt/airflow/dags/dispatcher_pipeline_dag.py took 1.967 seconds
[2026-01-17T17:55:50.269+0000] {processor.py:157} INFO - Started process (PID=1099) to work on /opt/airflow/dags/dispatcher_pipeline_dag.py
[2026-01-17T17:55:50.272+0000] {processor.py:829} INFO - Processing file /opt/airflow/dags/dispatcher_pipeline_dag.py for tasks to queue
[2026-01-17T17:55:50.274+0000] {logging_mixin.py:151} INFO - [2026-01-17T17:55:50.273+0000] {dagbag.py:539} INFO - Filling up the DagBag from /opt/airflow/dags/dispatcher_pipeline_dag.py
[2026-01-17T17:55:52.064+0000] {processor.py:839} INFO - DAG(s) dict_keys(['distillationDAG']) retrieved from /opt/airflow/dags/dispatcher_pipeline_dag.py
[2026-01-17T17:55:52.140+0000] {logging_mixin.py:151} INFO - [2026-01-17T17:55:52.139+0000] {dag.py:2915} INFO - Sync 1 DAGs
[2026-01-17T17:55:52.194+0000] {logging_mixin.py:151} INFO - [2026-01-17T17:55:52.194+0000] {dag.py:3696} INFO - Setting next_dagrun for distillationDAG to 2026-01-17T17:55:07.193877+00:00, run_after=2026-01-17T17:55:52.193877+00:00
[2026-01-17T17:55:52.232+0000] {processor.py:179} INFO - Processing /opt/airflow/dags/dispatcher_pipeline_dag.py took 1.974 seconds
[2026-01-17T17:56:22.521+0000] {processor.py:157} INFO - Started process (PID=1112) to work on /opt/airflow/dags/dispatcher_pipeline_dag.py
[2026-01-17T17:56:22.523+0000] {processor.py:829} INFO - Processing file /opt/airflow/dags/dispatcher_pipeline_dag.py for tasks to queue
[2026-01-17T17:56:22.525+0000] {logging_mixin.py:151} INFO - [2026-01-17T17:56:22.524+0000] {dagbag.py:539} INFO - Filling up the DagBag from /opt/airflow/dags/dispatcher_pipeline_dag.py
[2026-01-17T17:56:24.274+0000] {processor.py:839} INFO - DAG(s) dict_keys(['distillationDAG']) retrieved from /opt/airflow/dags/dispatcher_pipeline_dag.py
[2026-01-17T17:56:24.350+0000] {logging_mixin.py:151} INFO - [2026-01-17T17:56:24.349+0000] {dag.py:2915} INFO - Sync 1 DAGs
[2026-01-17T17:56:24.404+0000] {logging_mixin.py:151} INFO - [2026-01-17T17:56:24.403+0000] {dag.py:3696} INFO - Setting next_dagrun for distillationDAG to 2026-01-17T17:55:39.403393+00:00, run_after=2026-01-17T17:56:24.403393+00:00
[2026-01-17T17:56:24.442+0000] {processor.py:179} INFO - Processing /opt/airflow/dags/dispatcher_pipeline_dag.py took 1.932 seconds
[2026-01-17T17:56:54.730+0000] {processor.py:157} INFO - Started process (PID=1125) to work on /opt/airflow/dags/dispatcher_pipeline_dag.py
[2026-01-17T17:56:54.733+0000] {processor.py:829} INFO - Processing file /opt/airflow/dags/dispatcher_pipeline_dag.py for tasks to queue
[2026-01-17T17:56:54.735+0000] {logging_mixin.py:151} INFO - [2026-01-17T17:56:54.734+0000] {dagbag.py:539} INFO - Filling up the DagBag from /opt/airflow/dags/dispatcher_pipeline_dag.py
[2026-01-17T17:56:56.525+0000] {processor.py:839} INFO - DAG(s) dict_keys(['distillationDAG']) retrieved from /opt/airflow/dags/dispatcher_pipeline_dag.py
[2026-01-17T17:56:56.602+0000] {logging_mixin.py:151} INFO - [2026-01-17T17:56:56.601+0000] {dag.py:2915} INFO - Sync 1 DAGs
[2026-01-17T17:56:56.653+0000] {logging_mixin.py:151} INFO - [2026-01-17T17:56:56.653+0000] {dag.py:3696} INFO - Setting next_dagrun for distillationDAG to 2026-01-17T17:56:11.653112+00:00, run_after=2026-01-17T17:56:56.653112+00:00
[2026-01-17T17:56:56.691+0000] {processor.py:179} INFO - Processing /opt/airflow/dags/dispatcher_pipeline_dag.py took 1.972 seconds
[2026-01-17T17:57:26.980+0000] {processor.py:157} INFO - Started process (PID=1138) to work on /opt/airflow/dags/dispatcher_pipeline_dag.py
[2026-01-17T17:57:26.983+0000] {processor.py:829} INFO - Processing file /opt/airflow/dags/dispatcher_pipeline_dag.py for tasks to queue
[2026-01-17T17:57:26.985+0000] {logging_mixin.py:151} INFO - [2026-01-17T17:57:26.984+0000] {dagbag.py:539} INFO - Filling up the DagBag from /opt/airflow/dags/dispatcher_pipeline_dag.py
[2026-01-17T17:57:28.779+0000] {processor.py:839} INFO - DAG(s) dict_keys(['distillationDAG']) retrieved from /opt/airflow/dags/dispatcher_pipeline_dag.py
[2026-01-17T17:57:28.855+0000] {logging_mixin.py:151} INFO - [2026-01-17T17:57:28.854+0000] {dag.py:2915} INFO - Sync 1 DAGs
[2026-01-17T17:57:28.907+0000] {logging_mixin.py:151} INFO - [2026-01-17T17:57:28.907+0000] {dag.py:3696} INFO - Setting next_dagrun for distillationDAG to 2026-01-17T17:56:43.906557+00:00, run_after=2026-01-17T17:57:28.906557+00:00
[2026-01-17T17:57:28.949+0000] {processor.py:179} INFO - Processing /opt/airflow/dags/dispatcher_pipeline_dag.py took 1.980 seconds
[2026-01-17T17:57:59.230+0000] {processor.py:157} INFO - Started process (PID=1151) to work on /opt/airflow/dags/dispatcher_pipeline_dag.py
[2026-01-17T17:57:59.232+0000] {processor.py:829} INFO - Processing file /opt/airflow/dags/dispatcher_pipeline_dag.py for tasks to queue
[2026-01-17T17:57:59.234+0000] {logging_mixin.py:151} INFO - [2026-01-17T17:57:59.233+0000] {dagbag.py:539} INFO - Filling up the DagBag from /opt/airflow/dags/dispatcher_pipeline_dag.py
[2026-01-17T17:58:01.030+0000] {processor.py:839} INFO - DAG(s) dict_keys(['distillationDAG']) retrieved from /opt/airflow/dags/dispatcher_pipeline_dag.py
[2026-01-17T17:58:01.106+0000] {logging_mixin.py:151} INFO - [2026-01-17T17:58:01.105+0000] {dag.py:2915} INFO - Sync 1 DAGs
[2026-01-17T17:58:01.160+0000] {logging_mixin.py:151} INFO - [2026-01-17T17:58:01.160+0000] {dag.py:3696} INFO - Setting next_dagrun for distillationDAG to 2026-01-17T17:57:16.159957+00:00, run_after=2026-01-17T17:58:01.159957+00:00
[2026-01-17T17:58:01.198+0000] {processor.py:179} INFO - Processing /opt/airflow/dags/dispatcher_pipeline_dag.py took 1.980 seconds
[2026-01-17T17:58:31.479+0000] {processor.py:157} INFO - Started process (PID=1164) to work on /opt/airflow/dags/dispatcher_pipeline_dag.py
[2026-01-17T17:58:31.482+0000] {processor.py:829} INFO - Processing file /opt/airflow/dags/dispatcher_pipeline_dag.py for tasks to queue
[2026-01-17T17:58:31.484+0000] {logging_mixin.py:151} INFO - [2026-01-17T17:58:31.483+0000] {dagbag.py:539} INFO - Filling up the DagBag from /opt/airflow/dags/dispatcher_pipeline_dag.py
[2026-01-17T17:58:33.270+0000] {processor.py:839} INFO - DAG(s) dict_keys(['distillationDAG']) retrieved from /opt/airflow/dags/dispatcher_pipeline_dag.py
[2026-01-17T17:58:33.347+0000] {logging_mixin.py:151} INFO - [2026-01-17T17:58:33.346+0000] {dag.py:2915} INFO - Sync 1 DAGs
[2026-01-17T17:58:33.399+0000] {logging_mixin.py:151} INFO - [2026-01-17T17:58:33.398+0000] {dag.py:3696} INFO - Setting next_dagrun for distillationDAG to 2026-01-17T17:57:48.398379+00:00, run_after=2026-01-17T17:58:33.398379+00:00
[2026-01-17T17:58:33.436+0000] {processor.py:179} INFO - Processing /opt/airflow/dags/dispatcher_pipeline_dag.py took 1.968 seconds
[2026-01-17T17:59:03.728+0000] {processor.py:157} INFO - Started process (PID=1177) to work on /opt/airflow/dags/dispatcher_pipeline_dag.py
[2026-01-17T17:59:03.730+0000] {processor.py:829} INFO - Processing file /opt/airflow/dags/dispatcher_pipeline_dag.py for tasks to queue
[2026-01-17T17:59:03.733+0000] {logging_mixin.py:151} INFO - [2026-01-17T17:59:03.732+0000] {dagbag.py:539} INFO - Filling up the DagBag from /opt/airflow/dags/dispatcher_pipeline_dag.py
[2026-01-17T17:59:05.505+0000] {processor.py:839} INFO - DAG(s) dict_keys(['distillationDAG']) retrieved from /opt/airflow/dags/dispatcher_pipeline_dag.py
[2026-01-17T17:59:05.583+0000] {logging_mixin.py:151} INFO - [2026-01-17T17:59:05.582+0000] {dag.py:2915} INFO - Sync 1 DAGs
[2026-01-17T17:59:05.634+0000] {logging_mixin.py:151} INFO - [2026-01-17T17:59:05.634+0000] {dag.py:3696} INFO - Setting next_dagrun for distillationDAG to 2026-01-17T17:58:20.634063+00:00, run_after=2026-01-17T17:59:05.634063+00:00
[2026-01-17T17:59:05.673+0000] {processor.py:179} INFO - Processing /opt/airflow/dags/dispatcher_pipeline_dag.py took 1.956 seconds
[2026-01-17T17:59:36.011+0000] {processor.py:157} INFO - Started process (PID=1190) to work on /opt/airflow/dags/dispatcher_pipeline_dag.py
[2026-01-17T17:59:36.013+0000] {processor.py:829} INFO - Processing file /opt/airflow/dags/dispatcher_pipeline_dag.py for tasks to queue
[2026-01-17T17:59:36.015+0000] {logging_mixin.py:151} INFO - [2026-01-17T17:59:36.014+0000] {dagbag.py:539} INFO - Filling up the DagBag from /opt/airflow/dags/dispatcher_pipeline_dag.py
[2026-01-17T17:59:37.797+0000] {processor.py:839} INFO - DAG(s) dict_keys(['distillationDAG']) retrieved from /opt/airflow/dags/dispatcher_pipeline_dag.py
[2026-01-17T17:59:37.874+0000] {logging_mixin.py:151} INFO - [2026-01-17T17:59:37.873+0000] {dag.py:2915} INFO - Sync 1 DAGs
[2026-01-17T17:59:37.926+0000] {logging_mixin.py:151} INFO - [2026-01-17T17:59:37.925+0000] {dag.py:3696} INFO - Setting next_dagrun for distillationDAG to 2026-01-17T17:58:52.925341+00:00, run_after=2026-01-17T17:59:37.925341+00:00
[2026-01-17T17:59:37.965+0000] {processor.py:179} INFO - Processing /opt/airflow/dags/dispatcher_pipeline_dag.py took 1.964 seconds
[2026-01-17T18:00:08.281+0000] {processor.py:157} INFO - Started process (PID=1203) to work on /opt/airflow/dags/dispatcher_pipeline_dag.py
[2026-01-17T18:00:08.284+0000] {processor.py:829} INFO - Processing file /opt/airflow/dags/dispatcher_pipeline_dag.py for tasks to queue
[2026-01-17T18:00:08.286+0000] {logging_mixin.py:151} INFO - [2026-01-17T18:00:08.285+0000] {dagbag.py:539} INFO - Filling up the DagBag from /opt/airflow/dags/dispatcher_pipeline_dag.py
[2026-01-17T18:00:10.088+0000] {processor.py:839} INFO - DAG(s) dict_keys(['distillationDAG']) retrieved from /opt/airflow/dags/dispatcher_pipeline_dag.py
[2026-01-17T18:00:10.165+0000] {logging_mixin.py:151} INFO - [2026-01-17T18:00:10.164+0000] {dag.py:2915} INFO - Sync 1 DAGs
[2026-01-17T18:00:10.220+0000] {logging_mixin.py:151} INFO - [2026-01-17T18:00:10.220+0000] {dag.py:3696} INFO - Setting next_dagrun for distillationDAG to 2026-01-17T17:59:25.219940+00:00, run_after=2026-01-17T18:00:10.219940+00:00
[2026-01-17T18:00:10.259+0000] {processor.py:179} INFO - Processing /opt/airflow/dags/dispatcher_pipeline_dag.py took 1.989 seconds
[2026-01-17T18:00:40.552+0000] {processor.py:157} INFO - Started process (PID=1219) to work on /opt/airflow/dags/dispatcher_pipeline_dag.py
[2026-01-17T18:00:40.554+0000] {processor.py:829} INFO - Processing file /opt/airflow/dags/dispatcher_pipeline_dag.py for tasks to queue
[2026-01-17T18:00:40.557+0000] {logging_mixin.py:151} INFO - [2026-01-17T18:00:40.556+0000] {dagbag.py:539} INFO - Filling up the DagBag from /opt/airflow/dags/dispatcher_pipeline_dag.py
[2026-01-17T18:00:42.356+0000] {processor.py:839} INFO - DAG(s) dict_keys(['distillationDAG']) retrieved from /opt/airflow/dags/dispatcher_pipeline_dag.py
[2026-01-17T18:00:42.436+0000] {logging_mixin.py:151} INFO - [2026-01-17T18:00:42.435+0000] {dag.py:2915} INFO - Sync 1 DAGs
[2026-01-17T18:00:42.488+0000] {logging_mixin.py:151} INFO - [2026-01-17T18:00:42.488+0000] {dag.py:3696} INFO - Setting next_dagrun for distillationDAG to 2026-01-17T17:59:57.487902+00:00, run_after=2026-01-17T18:00:42.487902+00:00
[2026-01-17T18:00:42.526+0000] {processor.py:179} INFO - Processing /opt/airflow/dags/dispatcher_pipeline_dag.py took 1.984 seconds
[2026-01-17T18:01:12.808+0000] {processor.py:157} INFO - Started process (PID=1234) to work on /opt/airflow/dags/dispatcher_pipeline_dag.py
[2026-01-17T18:01:12.810+0000] {processor.py:829} INFO - Processing file /opt/airflow/dags/dispatcher_pipeline_dag.py for tasks to queue
[2026-01-17T18:01:12.812+0000] {logging_mixin.py:151} INFO - [2026-01-17T18:01:12.811+0000] {dagbag.py:539} INFO - Filling up the DagBag from /opt/airflow/dags/dispatcher_pipeline_dag.py
[2026-01-17T18:01:14.513+0000] {processor.py:839} INFO - DAG(s) dict_keys(['distillationDAG']) retrieved from /opt/airflow/dags/dispatcher_pipeline_dag.py
[2026-01-17T18:01:14.591+0000] {logging_mixin.py:151} INFO - [2026-01-17T18:01:14.590+0000] {dag.py:2915} INFO - Sync 1 DAGs
[2026-01-17T18:01:14.643+0000] {logging_mixin.py:151} INFO - [2026-01-17T18:01:14.642+0000] {dag.py:3696} INFO - Setting next_dagrun for distillationDAG to 2026-01-17T18:00:29.642219+00:00, run_after=2026-01-17T18:01:14.642219+00:00
[2026-01-17T18:01:14.681+0000] {processor.py:179} INFO - Processing /opt/airflow/dags/dispatcher_pipeline_dag.py took 1.882 seconds
[2026-01-17T18:01:45.099+0000] {processor.py:157} INFO - Started process (PID=1249) to work on /opt/airflow/dags/dispatcher_pipeline_dag.py
[2026-01-17T18:01:45.101+0000] {processor.py:829} INFO - Processing file /opt/airflow/dags/dispatcher_pipeline_dag.py for tasks to queue
[2026-01-17T18:01:45.104+0000] {logging_mixin.py:151} INFO - [2026-01-17T18:01:45.103+0000] {dagbag.py:539} INFO - Filling up the DagBag from /opt/airflow/dags/dispatcher_pipeline_dag.py
