[2026-01-17T16:33:50.345+0000] {processor.py:157} INFO - Started process (PID=167) to work on /opt/airflow/dags/ingest_local_folder_dag.py
[2026-01-17T16:33:50.348+0000] {processor.py:829} INFO - Processing file /opt/airflow/dags/ingest_local_folder_dag.py for tasks to queue
[2026-01-17T16:33:50.351+0000] {logging_mixin.py:151} INFO - [2026-01-17T16:33:50.350+0000] {dagbag.py:539} INFO - Filling up the DagBag from /opt/airflow/dags/ingest_local_folder_dag.py
[2026-01-17T16:33:51.418+0000] {processor.py:839} INFO - DAG(s) dict_keys(['ingestionDAG']) retrieved from /opt/airflow/dags/ingest_local_folder_dag.py
[2026-01-17T16:33:51.706+0000] {logging_mixin.py:151} INFO - [2026-01-17T16:33:51.705+0000] {dag.py:2915} INFO - Sync 1 DAGs
[2026-01-17T16:33:51.788+0000] {logging_mixin.py:151} INFO - [2026-01-17T16:33:51.787+0000] {dag.py:3696} INFO - Setting next_dagrun for ingestionDAG to 2026-01-17T16:33:21.787295+00:00, run_after=2026-01-17T16:33:51.787295+00:00
[2026-01-17T16:33:51.834+0000] {processor.py:179} INFO - Processing /opt/airflow/dags/ingest_local_folder_dag.py took 1.515 seconds
[2026-01-17T16:34:22.197+0000] {processor.py:157} INFO - Started process (PID=188) to work on /opt/airflow/dags/ingest_local_folder_dag.py
[2026-01-17T16:34:22.200+0000] {processor.py:829} INFO - Processing file /opt/airflow/dags/ingest_local_folder_dag.py for tasks to queue
[2026-01-17T16:34:22.213+0000] {logging_mixin.py:151} INFO - [2026-01-17T16:34:22.205+0000] {dagbag.py:539} INFO - Filling up the DagBag from /opt/airflow/dags/ingest_local_folder_dag.py
[2026-01-17T16:34:23.025+0000] {processor.py:839} INFO - DAG(s) dict_keys(['ingestionDAG']) retrieved from /opt/airflow/dags/ingest_local_folder_dag.py
[2026-01-17T16:34:23.089+0000] {logging_mixin.py:151} INFO - [2026-01-17T16:34:23.088+0000] {dag.py:2915} INFO - Sync 1 DAGs
[2026-01-17T16:34:23.185+0000] {logging_mixin.py:151} INFO - [2026-01-17T16:34:23.185+0000] {dag.py:3696} INFO - Setting next_dagrun for ingestionDAG to 2026-01-17T16:33:53.184092+00:00, run_after=2026-01-17T16:34:23.184092+00:00
[2026-01-17T16:34:23.239+0000] {processor.py:179} INFO - Processing /opt/airflow/dags/ingest_local_folder_dag.py took 1.060 seconds
[2026-01-17T16:34:53.550+0000] {processor.py:157} INFO - Started process (PID=206) to work on /opt/airflow/dags/ingest_local_folder_dag.py
[2026-01-17T16:34:53.552+0000] {processor.py:829} INFO - Processing file /opt/airflow/dags/ingest_local_folder_dag.py for tasks to queue
[2026-01-17T16:34:53.555+0000] {logging_mixin.py:151} INFO - [2026-01-17T16:34:53.554+0000] {dagbag.py:539} INFO - Filling up the DagBag from /opt/airflow/dags/ingest_local_folder_dag.py
[2026-01-17T16:34:54.130+0000] {processor.py:839} INFO - DAG(s) dict_keys(['ingestionDAG']) retrieved from /opt/airflow/dags/ingest_local_folder_dag.py
[2026-01-17T16:34:54.220+0000] {logging_mixin.py:151} INFO - [2026-01-17T16:34:54.220+0000] {dag.py:2915} INFO - Sync 1 DAGs
[2026-01-17T16:34:54.281+0000] {logging_mixin.py:151} INFO - [2026-01-17T16:34:54.281+0000] {dag.py:3696} INFO - Setting next_dagrun for ingestionDAG to 2026-01-17T16:34:24.280685+00:00, run_after=2026-01-17T16:34:54.280685+00:00
[2026-01-17T16:34:54.643+0000] {processor.py:179} INFO - Processing /opt/airflow/dags/ingest_local_folder_dag.py took 1.105 seconds
[2026-01-17T16:35:24.915+0000] {processor.py:157} INFO - Started process (PID=225) to work on /opt/airflow/dags/ingest_local_folder_dag.py
[2026-01-17T16:35:24.918+0000] {processor.py:829} INFO - Processing file /opt/airflow/dags/ingest_local_folder_dag.py for tasks to queue
[2026-01-17T16:35:24.920+0000] {logging_mixin.py:151} INFO - [2026-01-17T16:35:24.919+0000] {dagbag.py:539} INFO - Filling up the DagBag from /opt/airflow/dags/ingest_local_folder_dag.py
[2026-01-17T16:35:25.496+0000] {processor.py:839} INFO - DAG(s) dict_keys(['ingestionDAG']) retrieved from /opt/airflow/dags/ingest_local_folder_dag.py
[2026-01-17T16:35:25.583+0000] {logging_mixin.py:151} INFO - [2026-01-17T16:35:25.583+0000] {dag.py:2915} INFO - Sync 1 DAGs
[2026-01-17T16:35:25.967+0000] {logging_mixin.py:151} INFO - [2026-01-17T16:35:25.966+0000] {dag.py:3696} INFO - Setting next_dagrun for ingestionDAG to 2026-01-17T16:34:55.966487+00:00, run_after=2026-01-17T16:35:25.966487+00:00
[2026-01-17T16:35:26.008+0000] {processor.py:179} INFO - Processing /opt/airflow/dags/ingest_local_folder_dag.py took 1.103 seconds
[2026-01-17T16:35:56.173+0000] {processor.py:157} INFO - Started process (PID=238) to work on /opt/airflow/dags/ingest_local_folder_dag.py
[2026-01-17T16:35:56.175+0000] {processor.py:829} INFO - Processing file /opt/airflow/dags/ingest_local_folder_dag.py for tasks to queue
[2026-01-17T16:35:56.180+0000] {logging_mixin.py:151} INFO - [2026-01-17T16:35:56.176+0000] {dagbag.py:539} INFO - Filling up the DagBag from /opt/airflow/dags/ingest_local_folder_dag.py
[2026-01-17T16:35:56.815+0000] {processor.py:839} INFO - DAG(s) dict_keys(['ingestionDAG']) retrieved from /opt/airflow/dags/ingest_local_folder_dag.py
[2026-01-17T16:35:57.250+0000] {logging_mixin.py:151} INFO - [2026-01-17T16:35:57.249+0000] {dag.py:2915} INFO - Sync 1 DAGs
[2026-01-17T16:35:57.315+0000] {logging_mixin.py:151} INFO - [2026-01-17T16:35:57.314+0000] {dag.py:3696} INFO - Setting next_dagrun for ingestionDAG to 2026-01-17T16:35:27.314248+00:00, run_after=2026-01-17T16:35:57.314248+00:00
[2026-01-17T16:35:57.363+0000] {processor.py:179} INFO - Processing /opt/airflow/dags/ingest_local_folder_dag.py took 1.206 seconds
[2026-01-17T16:36:27.526+0000] {processor.py:157} INFO - Started process (PID=251) to work on /opt/airflow/dags/ingest_local_folder_dag.py
[2026-01-17T16:36:27.529+0000] {processor.py:829} INFO - Processing file /opt/airflow/dags/ingest_local_folder_dag.py for tasks to queue
[2026-01-17T16:36:27.534+0000] {logging_mixin.py:151} INFO - [2026-01-17T16:36:27.530+0000] {dagbag.py:539} INFO - Filling up the DagBag from /opt/airflow/dags/ingest_local_folder_dag.py
[2026-01-17T16:36:28.535+0000] {processor.py:839} INFO - DAG(s) dict_keys(['ingestionDAG']) retrieved from /opt/airflow/dags/ingest_local_folder_dag.py
[2026-01-17T16:36:28.638+0000] {logging_mixin.py:151} INFO - [2026-01-17T16:36:28.638+0000] {dag.py:2915} INFO - Sync 1 DAGs
[2026-01-17T16:36:28.705+0000] {logging_mixin.py:151} INFO - [2026-01-17T16:36:28.705+0000] {dag.py:3696} INFO - Setting next_dagrun for ingestionDAG to 2026-01-17T16:35:58.704983+00:00, run_after=2026-01-17T16:36:28.704983+00:00
[2026-01-17T16:36:28.752+0000] {processor.py:179} INFO - Processing /opt/airflow/dags/ingest_local_folder_dag.py took 1.241 seconds
[2026-01-17T16:36:58.912+0000] {processor.py:157} INFO - Started process (PID=264) to work on /opt/airflow/dags/ingest_local_folder_dag.py
[2026-01-17T16:36:58.915+0000] {processor.py:829} INFO - Processing file /opt/airflow/dags/ingest_local_folder_dag.py for tasks to queue
[2026-01-17T16:36:58.926+0000] {logging_mixin.py:151} INFO - [2026-01-17T16:36:58.916+0000] {dagbag.py:539} INFO - Filling up the DagBag from /opt/airflow/dags/ingest_local_folder_dag.py
[2026-01-17T16:36:59.843+0000] {processor.py:839} INFO - DAG(s) dict_keys(['ingestionDAG']) retrieved from /opt/airflow/dags/ingest_local_folder_dag.py
[2026-01-17T16:36:59.951+0000] {logging_mixin.py:151} INFO - [2026-01-17T16:36:59.947+0000] {dag.py:2915} INFO - Sync 1 DAGs
[2026-01-17T16:37:00.027+0000] {logging_mixin.py:151} INFO - [2026-01-17T16:37:00.026+0000] {dag.py:3696} INFO - Setting next_dagrun for ingestionDAG to 2026-01-17T16:36:30.026262+00:00, run_after=2026-01-17T16:37:00.026262+00:00
[2026-01-17T16:37:00.072+0000] {processor.py:179} INFO - Processing /opt/airflow/dags/ingest_local_folder_dag.py took 1.169 seconds
[2026-01-17T16:37:30.374+0000] {processor.py:157} INFO - Started process (PID=277) to work on /opt/airflow/dags/ingest_local_folder_dag.py
[2026-01-17T16:37:30.377+0000] {processor.py:829} INFO - Processing file /opt/airflow/dags/ingest_local_folder_dag.py for tasks to queue
[2026-01-17T16:37:30.380+0000] {logging_mixin.py:151} INFO - [2026-01-17T16:37:30.378+0000] {dagbag.py:539} INFO - Filling up the DagBag from /opt/airflow/dags/ingest_local_folder_dag.py
[2026-01-17T16:37:31.255+0000] {processor.py:839} INFO - DAG(s) dict_keys(['ingestionDAG']) retrieved from /opt/airflow/dags/ingest_local_folder_dag.py
[2026-01-17T16:37:31.329+0000] {logging_mixin.py:151} INFO - [2026-01-17T16:37:31.328+0000] {dag.py:2915} INFO - Sync 1 DAGs
[2026-01-17T16:37:31.384+0000] {logging_mixin.py:151} INFO - [2026-01-17T16:37:31.384+0000] {dag.py:3696} INFO - Setting next_dagrun for ingestionDAG to 2026-01-17T16:37:01.383598+00:00, run_after=2026-01-17T16:37:31.383598+00:00
[2026-01-17T16:37:31.425+0000] {processor.py:179} INFO - Processing /opt/airflow/dags/ingest_local_folder_dag.py took 1.062 seconds
[2026-01-17T16:38:01.669+0000] {processor.py:157} INFO - Started process (PID=290) to work on /opt/airflow/dags/ingest_local_folder_dag.py
[2026-01-17T16:38:01.671+0000] {processor.py:829} INFO - Processing file /opt/airflow/dags/ingest_local_folder_dag.py for tasks to queue
[2026-01-17T16:38:01.674+0000] {logging_mixin.py:151} INFO - [2026-01-17T16:38:01.673+0000] {dagbag.py:539} INFO - Filling up the DagBag from /opt/airflow/dags/ingest_local_folder_dag.py
[2026-01-17T16:38:02.587+0000] {processor.py:839} INFO - DAG(s) dict_keys(['ingestionDAG']) retrieved from /opt/airflow/dags/ingest_local_folder_dag.py
[2026-01-17T16:38:02.662+0000] {logging_mixin.py:151} INFO - [2026-01-17T16:38:02.662+0000] {dag.py:2915} INFO - Sync 1 DAGs
[2026-01-17T16:38:02.717+0000] {logging_mixin.py:151} INFO - [2026-01-17T16:38:02.717+0000] {dag.py:3696} INFO - Setting next_dagrun for ingestionDAG to 2026-01-17T16:37:32.716564+00:00, run_after=2026-01-17T16:38:02.716564+00:00
[2026-01-17T16:38:02.756+0000] {processor.py:179} INFO - Processing /opt/airflow/dags/ingest_local_folder_dag.py took 1.098 seconds
[2026-01-17T16:38:33.045+0000] {processor.py:157} INFO - Started process (PID=303) to work on /opt/airflow/dags/ingest_local_folder_dag.py
[2026-01-17T16:38:33.050+0000] {processor.py:829} INFO - Processing file /opt/airflow/dags/ingest_local_folder_dag.py for tasks to queue
[2026-01-17T16:38:33.061+0000] {logging_mixin.py:151} INFO - [2026-01-17T16:38:33.057+0000] {dagbag.py:539} INFO - Filling up the DagBag from /opt/airflow/dags/ingest_local_folder_dag.py
[2026-01-17T16:38:33.731+0000] {processor.py:839} INFO - DAG(s) dict_keys(['ingestionDAG']) retrieved from /opt/airflow/dags/ingest_local_folder_dag.py
[2026-01-17T16:38:34.212+0000] {logging_mixin.py:151} INFO - [2026-01-17T16:38:34.212+0000] {dag.py:2915} INFO - Sync 1 DAGs
[2026-01-17T16:38:34.282+0000] {logging_mixin.py:151} INFO - [2026-01-17T16:38:34.281+0000] {dag.py:3696} INFO - Setting next_dagrun for ingestionDAG to 2026-01-17T16:38:04.281520+00:00, run_after=2026-01-17T16:38:34.281520+00:00
[2026-01-17T16:38:34.331+0000] {processor.py:179} INFO - Processing /opt/airflow/dags/ingest_local_folder_dag.py took 1.296 seconds
[2026-01-17T16:39:04.468+0000] {processor.py:157} INFO - Started process (PID=316) to work on /opt/airflow/dags/ingest_local_folder_dag.py
[2026-01-17T16:39:04.470+0000] {processor.py:829} INFO - Processing file /opt/airflow/dags/ingest_local_folder_dag.py for tasks to queue
[2026-01-17T16:39:04.473+0000] {logging_mixin.py:151} INFO - [2026-01-17T16:39:04.472+0000] {dagbag.py:539} INFO - Filling up the DagBag from /opt/airflow/dags/ingest_local_folder_dag.py
[2026-01-17T16:39:05.438+0000] {processor.py:839} INFO - DAG(s) dict_keys(['ingestionDAG']) retrieved from /opt/airflow/dags/ingest_local_folder_dag.py
[2026-01-17T16:39:05.516+0000] {logging_mixin.py:151} INFO - [2026-01-17T16:39:05.516+0000] {dag.py:2915} INFO - Sync 1 DAGs
[2026-01-17T16:39:05.569+0000] {logging_mixin.py:151} INFO - [2026-01-17T16:39:05.568+0000] {dag.py:3696} INFO - Setting next_dagrun for ingestionDAG to 2026-01-17T16:38:35.568181+00:00, run_after=2026-01-17T16:39:05.568181+00:00
[2026-01-17T16:39:05.612+0000] {processor.py:179} INFO - Processing /opt/airflow/dags/ingest_local_folder_dag.py took 1.158 seconds
[2026-01-17T16:39:35.711+0000] {processor.py:157} INFO - Started process (PID=329) to work on /opt/airflow/dags/ingest_local_folder_dag.py
[2026-01-17T16:39:35.714+0000] {processor.py:829} INFO - Processing file /opt/airflow/dags/ingest_local_folder_dag.py for tasks to queue
[2026-01-17T16:39:35.717+0000] {logging_mixin.py:151} INFO - [2026-01-17T16:39:35.715+0000] {dagbag.py:539} INFO - Filling up the DagBag from /opt/airflow/dags/ingest_local_folder_dag.py
[2026-01-17T16:39:36.729+0000] {processor.py:839} INFO - DAG(s) dict_keys(['ingestionDAG']) retrieved from /opt/airflow/dags/ingest_local_folder_dag.py
[2026-01-17T16:39:36.808+0000] {logging_mixin.py:151} INFO - [2026-01-17T16:39:36.807+0000] {dag.py:2915} INFO - Sync 1 DAGs
[2026-01-17T16:39:36.863+0000] {logging_mixin.py:151} INFO - [2026-01-17T16:39:36.863+0000] {dag.py:3696} INFO - Setting next_dagrun for ingestionDAG to 2026-01-17T16:39:06.862572+00:00, run_after=2026-01-17T16:39:36.862572+00:00
[2026-01-17T16:39:36.909+0000] {processor.py:179} INFO - Processing /opt/airflow/dags/ingest_local_folder_dag.py took 1.208 seconds
[2026-01-17T16:40:07.204+0000] {processor.py:157} INFO - Started process (PID=342) to work on /opt/airflow/dags/ingest_local_folder_dag.py
[2026-01-17T16:40:07.207+0000] {processor.py:829} INFO - Processing file /opt/airflow/dags/ingest_local_folder_dag.py for tasks to queue
[2026-01-17T16:40:07.209+0000] {logging_mixin.py:151} INFO - [2026-01-17T16:40:07.208+0000] {dagbag.py:539} INFO - Filling up the DagBag from /opt/airflow/dags/ingest_local_folder_dag.py
[2026-01-17T16:40:08.157+0000] {processor.py:839} INFO - DAG(s) dict_keys(['ingestionDAG']) retrieved from /opt/airflow/dags/ingest_local_folder_dag.py
[2026-01-17T16:40:08.244+0000] {logging_mixin.py:151} INFO - [2026-01-17T16:40:08.243+0000] {dag.py:2915} INFO - Sync 1 DAGs
[2026-01-17T16:40:08.305+0000] {logging_mixin.py:151} INFO - [2026-01-17T16:40:08.305+0000] {dag.py:3696} INFO - Setting next_dagrun for ingestionDAG to 2026-01-17T16:39:38.304574+00:00, run_after=2026-01-17T16:40:08.304574+00:00
[2026-01-17T16:40:08.350+0000] {processor.py:179} INFO - Processing /opt/airflow/dags/ingest_local_folder_dag.py took 1.157 seconds
[2026-01-17T16:40:38.610+0000] {processor.py:157} INFO - Started process (PID=355) to work on /opt/airflow/dags/ingest_local_folder_dag.py
[2026-01-17T16:40:38.613+0000] {processor.py:829} INFO - Processing file /opt/airflow/dags/ingest_local_folder_dag.py for tasks to queue
[2026-01-17T16:40:38.615+0000] {logging_mixin.py:151} INFO - [2026-01-17T16:40:38.614+0000] {dagbag.py:539} INFO - Filling up the DagBag from /opt/airflow/dags/ingest_local_folder_dag.py
[2026-01-17T16:40:39.503+0000] {processor.py:839} INFO - DAG(s) dict_keys(['ingestionDAG']) retrieved from /opt/airflow/dags/ingest_local_folder_dag.py
[2026-01-17T16:40:39.580+0000] {logging_mixin.py:151} INFO - [2026-01-17T16:40:39.579+0000] {dag.py:2915} INFO - Sync 1 DAGs
[2026-01-17T16:40:39.632+0000] {logging_mixin.py:151} INFO - [2026-01-17T16:40:39.631+0000] {dag.py:3696} INFO - Setting next_dagrun for ingestionDAG to 2026-01-17T16:40:09.631155+00:00, run_after=2026-01-17T16:40:39.631155+00:00
[2026-01-17T16:40:39.669+0000] {processor.py:179} INFO - Processing /opt/airflow/dags/ingest_local_folder_dag.py took 1.069 seconds
[2026-01-17T16:41:09.835+0000] {processor.py:157} INFO - Started process (PID=368) to work on /opt/airflow/dags/ingest_local_folder_dag.py
[2026-01-17T16:41:09.837+0000] {processor.py:829} INFO - Processing file /opt/airflow/dags/ingest_local_folder_dag.py for tasks to queue
[2026-01-17T16:41:09.839+0000] {logging_mixin.py:151} INFO - [2026-01-17T16:41:09.838+0000] {dagbag.py:539} INFO - Filling up the DagBag from /opt/airflow/dags/ingest_local_folder_dag.py
[2026-01-17T16:41:10.716+0000] {processor.py:839} INFO - DAG(s) dict_keys(['ingestionDAG']) retrieved from /opt/airflow/dags/ingest_local_folder_dag.py
[2026-01-17T16:41:10.793+0000] {logging_mixin.py:151} INFO - [2026-01-17T16:41:10.793+0000] {dag.py:2915} INFO - Sync 1 DAGs
[2026-01-17T16:41:10.846+0000] {logging_mixin.py:151} INFO - [2026-01-17T16:41:10.846+0000] {dag.py:3696} INFO - Setting next_dagrun for ingestionDAG to 2026-01-17T16:40:40.845876+00:00, run_after=2026-01-17T16:41:10.845876+00:00
[2026-01-17T16:41:10.889+0000] {processor.py:179} INFO - Processing /opt/airflow/dags/ingest_local_folder_dag.py took 1.063 seconds
[2026-01-17T16:41:41.058+0000] {processor.py:157} INFO - Started process (PID=381) to work on /opt/airflow/dags/ingest_local_folder_dag.py
[2026-01-17T16:41:41.061+0000] {processor.py:829} INFO - Processing file /opt/airflow/dags/ingest_local_folder_dag.py for tasks to queue
[2026-01-17T16:41:41.063+0000] {logging_mixin.py:151} INFO - [2026-01-17T16:41:41.062+0000] {dagbag.py:539} INFO - Filling up the DagBag from /opt/airflow/dags/ingest_local_folder_dag.py
[2026-01-17T16:41:41.978+0000] {processor.py:839} INFO - DAG(s) dict_keys(['ingestionDAG']) retrieved from /opt/airflow/dags/ingest_local_folder_dag.py
[2026-01-17T16:41:42.055+0000] {logging_mixin.py:151} INFO - [2026-01-17T16:41:42.054+0000] {dag.py:2915} INFO - Sync 1 DAGs
[2026-01-17T16:41:42.109+0000] {logging_mixin.py:151} INFO - [2026-01-17T16:41:42.108+0000] {dag.py:3696} INFO - Setting next_dagrun for ingestionDAG to 2026-01-17T16:41:12.108473+00:00, run_after=2026-01-17T16:41:42.108473+00:00
[2026-01-17T16:41:42.148+0000] {processor.py:179} INFO - Processing /opt/airflow/dags/ingest_local_folder_dag.py took 1.100 seconds
[2026-01-17T16:42:12.304+0000] {processor.py:157} INFO - Started process (PID=394) to work on /opt/airflow/dags/ingest_local_folder_dag.py
[2026-01-17T16:42:12.307+0000] {processor.py:829} INFO - Processing file /opt/airflow/dags/ingest_local_folder_dag.py for tasks to queue
[2026-01-17T16:42:12.309+0000] {logging_mixin.py:151} INFO - [2026-01-17T16:42:12.308+0000] {dagbag.py:539} INFO - Filling up the DagBag from /opt/airflow/dags/ingest_local_folder_dag.py
[2026-01-17T16:42:13.221+0000] {processor.py:839} INFO - DAG(s) dict_keys(['ingestionDAG']) retrieved from /opt/airflow/dags/ingest_local_folder_dag.py
[2026-01-17T16:42:13.297+0000] {logging_mixin.py:151} INFO - [2026-01-17T16:42:13.297+0000] {dag.py:2915} INFO - Sync 1 DAGs
[2026-01-17T16:42:13.349+0000] {logging_mixin.py:151} INFO - [2026-01-17T16:42:13.348+0000] {dag.py:3696} INFO - Setting next_dagrun for ingestionDAG to 2026-01-17T16:41:43.348357+00:00, run_after=2026-01-17T16:42:13.348357+00:00
[2026-01-17T16:42:13.392+0000] {processor.py:179} INFO - Processing /opt/airflow/dags/ingest_local_folder_dag.py took 1.099 seconds
[2026-01-17T16:42:43.608+0000] {processor.py:157} INFO - Started process (PID=407) to work on /opt/airflow/dags/ingest_local_folder_dag.py
[2026-01-17T16:42:43.611+0000] {processor.py:829} INFO - Processing file /opt/airflow/dags/ingest_local_folder_dag.py for tasks to queue
[2026-01-17T16:42:43.615+0000] {logging_mixin.py:151} INFO - [2026-01-17T16:42:43.613+0000] {dagbag.py:539} INFO - Filling up the DagBag from /opt/airflow/dags/ingest_local_folder_dag.py
[2026-01-17T16:42:44.532+0000] {processor.py:839} INFO - DAG(s) dict_keys(['ingestionDAG']) retrieved from /opt/airflow/dags/ingest_local_folder_dag.py
[2026-01-17T16:42:44.609+0000] {logging_mixin.py:151} INFO - [2026-01-17T16:42:44.609+0000] {dag.py:2915} INFO - Sync 1 DAGs
[2026-01-17T16:42:44.666+0000] {logging_mixin.py:151} INFO - [2026-01-17T16:42:44.666+0000] {dag.py:3696} INFO - Setting next_dagrun for ingestionDAG to 2026-01-17T16:42:14.665915+00:00, run_after=2026-01-17T16:42:44.665915+00:00
[2026-01-17T16:42:44.708+0000] {processor.py:179} INFO - Processing /opt/airflow/dags/ingest_local_folder_dag.py took 1.111 seconds
[2026-01-17T16:43:14.839+0000] {processor.py:157} INFO - Started process (PID=420) to work on /opt/airflow/dags/ingest_local_folder_dag.py
[2026-01-17T16:43:14.842+0000] {processor.py:829} INFO - Processing file /opt/airflow/dags/ingest_local_folder_dag.py for tasks to queue
[2026-01-17T16:43:14.844+0000] {logging_mixin.py:151} INFO - [2026-01-17T16:43:14.843+0000] {dagbag.py:539} INFO - Filling up the DagBag from /opt/airflow/dags/ingest_local_folder_dag.py
[2026-01-17T16:43:15.767+0000] {processor.py:839} INFO - DAG(s) dict_keys(['ingestionDAG']) retrieved from /opt/airflow/dags/ingest_local_folder_dag.py
[2026-01-17T16:43:15.844+0000] {logging_mixin.py:151} INFO - [2026-01-17T16:43:15.843+0000] {dag.py:2915} INFO - Sync 1 DAGs
[2026-01-17T16:43:15.896+0000] {logging_mixin.py:151} INFO - [2026-01-17T16:43:15.895+0000] {dag.py:3696} INFO - Setting next_dagrun for ingestionDAG to 2026-01-17T16:42:45.895125+00:00, run_after=2026-01-17T16:43:15.895125+00:00
[2026-01-17T16:43:15.933+0000] {processor.py:179} INFO - Processing /opt/airflow/dags/ingest_local_folder_dag.py took 1.105 seconds
[2026-01-17T16:43:46.184+0000] {processor.py:157} INFO - Started process (PID=433) to work on /opt/airflow/dags/ingest_local_folder_dag.py
[2026-01-17T16:43:46.186+0000] {processor.py:829} INFO - Processing file /opt/airflow/dags/ingest_local_folder_dag.py for tasks to queue
[2026-01-17T16:43:46.188+0000] {logging_mixin.py:151} INFO - [2026-01-17T16:43:46.187+0000] {dagbag.py:539} INFO - Filling up the DagBag from /opt/airflow/dags/ingest_local_folder_dag.py
[2026-01-17T16:43:46.767+0000] {processor.py:839} INFO - DAG(s) dict_keys(['ingestionDAG']) retrieved from /opt/airflow/dags/ingest_local_folder_dag.py
[2026-01-17T16:43:47.179+0000] {logging_mixin.py:151} INFO - [2026-01-17T16:43:47.179+0000] {dag.py:2915} INFO - Sync 1 DAGs
[2026-01-17T16:43:47.232+0000] {logging_mixin.py:151} INFO - [2026-01-17T16:43:47.232+0000] {dag.py:3696} INFO - Setting next_dagrun for ingestionDAG to 2026-01-17T16:43:17.232054+00:00, run_after=2026-01-17T16:43:47.232054+00:00
[2026-01-17T16:43:47.271+0000] {processor.py:179} INFO - Processing /opt/airflow/dags/ingest_local_folder_dag.py took 1.099 seconds
[2026-01-17T16:44:17.482+0000] {processor.py:157} INFO - Started process (PID=446) to work on /opt/airflow/dags/ingest_local_folder_dag.py
[2026-01-17T16:44:17.490+0000] {processor.py:829} INFO - Processing file /opt/airflow/dags/ingest_local_folder_dag.py for tasks to queue
[2026-01-17T16:44:17.501+0000] {logging_mixin.py:151} INFO - [2026-01-17T16:44:17.498+0000] {dagbag.py:539} INFO - Filling up the DagBag from /opt/airflow/dags/ingest_local_folder_dag.py
[2026-01-17T16:44:18.453+0000] {processor.py:839} INFO - DAG(s) dict_keys(['ingestionDAG']) retrieved from /opt/airflow/dags/ingest_local_folder_dag.py
[2026-01-17T16:44:18.573+0000] {logging_mixin.py:151} INFO - [2026-01-17T16:44:18.572+0000] {dag.py:2915} INFO - Sync 1 DAGs
[2026-01-17T16:44:18.632+0000] {logging_mixin.py:151} INFO - [2026-01-17T16:44:18.631+0000] {dag.py:3696} INFO - Setting next_dagrun for ingestionDAG to 2026-01-17T16:43:48.631469+00:00, run_after=2026-01-17T16:44:18.631469+00:00
[2026-01-17T16:44:18.690+0000] {processor.py:179} INFO - Processing /opt/airflow/dags/ingest_local_folder_dag.py took 1.224 seconds
[2026-01-17T16:44:48.813+0000] {processor.py:157} INFO - Started process (PID=459) to work on /opt/airflow/dags/ingest_local_folder_dag.py
[2026-01-17T16:44:48.816+0000] {processor.py:829} INFO - Processing file /opt/airflow/dags/ingest_local_folder_dag.py for tasks to queue
[2026-01-17T16:44:48.818+0000] {logging_mixin.py:151} INFO - [2026-01-17T16:44:48.817+0000] {dagbag.py:539} INFO - Filling up the DagBag from /opt/airflow/dags/ingest_local_folder_dag.py
[2026-01-17T16:44:49.790+0000] {processor.py:839} INFO - DAG(s) dict_keys(['ingestionDAG']) retrieved from /opt/airflow/dags/ingest_local_folder_dag.py
[2026-01-17T16:44:49.874+0000] {logging_mixin.py:151} INFO - [2026-01-17T16:44:49.874+0000] {dag.py:2915} INFO - Sync 1 DAGs
[2026-01-17T16:44:49.935+0000] {logging_mixin.py:151} INFO - [2026-01-17T16:44:49.935+0000] {dag.py:3696} INFO - Setting next_dagrun for ingestionDAG to 2026-01-17T16:44:19.935088+00:00, run_after=2026-01-17T16:44:49.935088+00:00
[2026-01-17T16:44:49.979+0000] {processor.py:179} INFO - Processing /opt/airflow/dags/ingest_local_folder_dag.py took 1.177 seconds
[2026-01-17T16:45:20.232+0000] {processor.py:157} INFO - Started process (PID=472) to work on /opt/airflow/dags/ingest_local_folder_dag.py
[2026-01-17T16:45:20.234+0000] {processor.py:829} INFO - Processing file /opt/airflow/dags/ingest_local_folder_dag.py for tasks to queue
[2026-01-17T16:45:20.237+0000] {logging_mixin.py:151} INFO - [2026-01-17T16:45:20.236+0000] {dagbag.py:539} INFO - Filling up the DagBag from /opt/airflow/dags/ingest_local_folder_dag.py
[2026-01-17T16:45:21.151+0000] {processor.py:839} INFO - DAG(s) dict_keys(['ingestionDAG']) retrieved from /opt/airflow/dags/ingest_local_folder_dag.py
[2026-01-17T16:45:21.237+0000] {logging_mixin.py:151} INFO - [2026-01-17T16:45:21.236+0000] {dag.py:2915} INFO - Sync 1 DAGs
[2026-01-17T16:45:21.292+0000] {logging_mixin.py:151} INFO - [2026-01-17T16:45:21.292+0000] {dag.py:3696} INFO - Setting next_dagrun for ingestionDAG to 2026-01-17T16:44:51.292074+00:00, run_after=2026-01-17T16:45:21.292074+00:00
[2026-01-17T16:45:21.334+0000] {processor.py:179} INFO - Processing /opt/airflow/dags/ingest_local_folder_dag.py took 1.112 seconds
[2026-01-17T16:45:51.457+0000] {processor.py:157} INFO - Started process (PID=485) to work on /opt/airflow/dags/ingest_local_folder_dag.py
[2026-01-17T16:45:51.459+0000] {processor.py:829} INFO - Processing file /opt/airflow/dags/ingest_local_folder_dag.py for tasks to queue
[2026-01-17T16:45:51.462+0000] {logging_mixin.py:151} INFO - [2026-01-17T16:45:51.460+0000] {dagbag.py:539} INFO - Filling up the DagBag from /opt/airflow/dags/ingest_local_folder_dag.py
[2026-01-17T16:45:52.438+0000] {processor.py:839} INFO - DAG(s) dict_keys(['ingestionDAG']) retrieved from /opt/airflow/dags/ingest_local_folder_dag.py
[2026-01-17T16:45:52.523+0000] {logging_mixin.py:151} INFO - [2026-01-17T16:45:52.523+0000] {dag.py:2915} INFO - Sync 1 DAGs
[2026-01-17T16:45:52.579+0000] {logging_mixin.py:151} INFO - [2026-01-17T16:45:52.578+0000] {dag.py:3696} INFO - Setting next_dagrun for ingestionDAG to 2026-01-17T16:45:22.578467+00:00, run_after=2026-01-17T16:45:52.578467+00:00
[2026-01-17T16:45:52.621+0000] {processor.py:179} INFO - Processing /opt/airflow/dags/ingest_local_folder_dag.py took 1.177 seconds
[2026-01-17T16:46:22.779+0000] {processor.py:157} INFO - Started process (PID=498) to work on /opt/airflow/dags/ingest_local_folder_dag.py
[2026-01-17T16:46:22.781+0000] {processor.py:829} INFO - Processing file /opt/airflow/dags/ingest_local_folder_dag.py for tasks to queue
[2026-01-17T16:46:22.783+0000] {logging_mixin.py:151} INFO - [2026-01-17T16:46:22.782+0000] {dagbag.py:539} INFO - Filling up the DagBag from /opt/airflow/dags/ingest_local_folder_dag.py
[2026-01-17T16:46:23.747+0000] {processor.py:839} INFO - DAG(s) dict_keys(['ingestionDAG']) retrieved from /opt/airflow/dags/ingest_local_folder_dag.py
[2026-01-17T16:46:23.828+0000] {logging_mixin.py:151} INFO - [2026-01-17T16:46:23.827+0000] {dag.py:2915} INFO - Sync 1 DAGs
[2026-01-17T16:46:23.882+0000] {logging_mixin.py:151} INFO - [2026-01-17T16:46:23.882+0000] {dag.py:3696} INFO - Setting next_dagrun for ingestionDAG to 2026-01-17T16:45:53.881903+00:00, run_after=2026-01-17T16:46:23.881903+00:00
[2026-01-17T16:46:23.926+0000] {processor.py:179} INFO - Processing /opt/airflow/dags/ingest_local_folder_dag.py took 1.159 seconds
[2026-01-17T16:46:54.169+0000] {processor.py:157} INFO - Started process (PID=511) to work on /opt/airflow/dags/ingest_local_folder_dag.py
[2026-01-17T16:46:54.172+0000] {processor.py:829} INFO - Processing file /opt/airflow/dags/ingest_local_folder_dag.py for tasks to queue
[2026-01-17T16:46:54.175+0000] {logging_mixin.py:151} INFO - [2026-01-17T16:46:54.173+0000] {dagbag.py:539} INFO - Filling up the DagBag from /opt/airflow/dags/ingest_local_folder_dag.py
[2026-01-17T16:46:55.086+0000] {processor.py:839} INFO - DAG(s) dict_keys(['ingestionDAG']) retrieved from /opt/airflow/dags/ingest_local_folder_dag.py
[2026-01-17T16:46:55.164+0000] {logging_mixin.py:151} INFO - [2026-01-17T16:46:55.164+0000] {dag.py:2915} INFO - Sync 1 DAGs
[2026-01-17T16:46:55.221+0000] {logging_mixin.py:151} INFO - [2026-01-17T16:46:55.221+0000] {dag.py:3696} INFO - Setting next_dagrun for ingestionDAG to 2026-01-17T16:46:25.220992+00:00, run_after=2026-01-17T16:46:55.220992+00:00
[2026-01-17T16:46:55.264+0000] {processor.py:179} INFO - Processing /opt/airflow/dags/ingest_local_folder_dag.py took 1.105 seconds
[2026-01-17T16:47:25.501+0000] {processor.py:157} INFO - Started process (PID=524) to work on /opt/airflow/dags/ingest_local_folder_dag.py
[2026-01-17T16:47:25.503+0000] {processor.py:829} INFO - Processing file /opt/airflow/dags/ingest_local_folder_dag.py for tasks to queue
[2026-01-17T16:47:25.505+0000] {logging_mixin.py:151} INFO - [2026-01-17T16:47:25.504+0000] {dagbag.py:539} INFO - Filling up the DagBag from /opt/airflow/dags/ingest_local_folder_dag.py
[2026-01-17T16:47:26.420+0000] {processor.py:839} INFO - DAG(s) dict_keys(['ingestionDAG']) retrieved from /opt/airflow/dags/ingest_local_folder_dag.py
[2026-01-17T16:47:26.500+0000] {logging_mixin.py:151} INFO - [2026-01-17T16:47:26.500+0000] {dag.py:2915} INFO - Sync 1 DAGs
[2026-01-17T16:47:26.559+0000] {logging_mixin.py:151} INFO - [2026-01-17T16:47:26.558+0000] {dag.py:3696} INFO - Setting next_dagrun for ingestionDAG to 2026-01-17T16:46:56.558515+00:00, run_after=2026-01-17T16:47:26.558515+00:00
[2026-01-17T16:47:26.600+0000] {processor.py:179} INFO - Processing /opt/airflow/dags/ingest_local_folder_dag.py took 1.110 seconds
[2026-01-17T16:47:56.845+0000] {processor.py:157} INFO - Started process (PID=537) to work on /opt/airflow/dags/ingest_local_folder_dag.py
[2026-01-17T16:47:56.847+0000] {processor.py:829} INFO - Processing file /opt/airflow/dags/ingest_local_folder_dag.py for tasks to queue
[2026-01-17T16:47:56.850+0000] {logging_mixin.py:151} INFO - [2026-01-17T16:47:56.848+0000] {dagbag.py:539} INFO - Filling up the DagBag from /opt/airflow/dags/ingest_local_folder_dag.py
[2026-01-17T16:47:57.769+0000] {processor.py:839} INFO - DAG(s) dict_keys(['ingestionDAG']) retrieved from /opt/airflow/dags/ingest_local_folder_dag.py
[2026-01-17T16:47:57.868+0000] {logging_mixin.py:151} INFO - [2026-01-17T16:47:57.867+0000] {dag.py:2915} INFO - Sync 1 DAGs
[2026-01-17T16:47:57.924+0000] {logging_mixin.py:151} INFO - [2026-01-17T16:47:57.924+0000] {dag.py:3696} INFO - Setting next_dagrun for ingestionDAG to 2026-01-17T16:47:27.923849+00:00, run_after=2026-01-17T16:47:57.923849+00:00
[2026-01-17T16:47:57.969+0000] {processor.py:179} INFO - Processing /opt/airflow/dags/ingest_local_folder_dag.py took 1.135 seconds
[2026-01-17T16:48:28.159+0000] {processor.py:157} INFO - Started process (PID=548) to work on /opt/airflow/dags/ingest_local_folder_dag.py
[2026-01-17T16:48:28.162+0000] {processor.py:829} INFO - Processing file /opt/airflow/dags/ingest_local_folder_dag.py for tasks to queue
[2026-01-17T16:48:28.164+0000] {logging_mixin.py:151} INFO - [2026-01-17T16:48:28.163+0000] {dagbag.py:539} INFO - Filling up the DagBag from /opt/airflow/dags/ingest_local_folder_dag.py
[2026-01-17T16:48:29.077+0000] {processor.py:839} INFO - DAG(s) dict_keys(['ingestionDAG']) retrieved from /opt/airflow/dags/ingest_local_folder_dag.py
[2026-01-17T16:48:29.163+0000] {logging_mixin.py:151} INFO - [2026-01-17T16:48:29.162+0000] {dag.py:2915} INFO - Sync 1 DAGs
[2026-01-17T16:48:29.216+0000] {logging_mixin.py:151} INFO - [2026-01-17T16:48:29.215+0000] {dag.py:3696} INFO - Setting next_dagrun for ingestionDAG to 2026-01-17T16:47:59.215496+00:00, run_after=2026-01-17T16:48:29.215496+00:00
[2026-01-17T16:48:29.257+0000] {processor.py:179} INFO - Processing /opt/airflow/dags/ingest_local_folder_dag.py took 1.108 seconds
[2026-01-17T16:48:59.522+0000] {processor.py:157} INFO - Started process (PID=560) to work on /opt/airflow/dags/ingest_local_folder_dag.py
[2026-01-17T16:48:59.524+0000] {processor.py:829} INFO - Processing file /opt/airflow/dags/ingest_local_folder_dag.py for tasks to queue
[2026-01-17T16:48:59.530+0000] {logging_mixin.py:151} INFO - [2026-01-17T16:48:59.526+0000] {dagbag.py:539} INFO - Filling up the DagBag from /opt/airflow/dags/ingest_local_folder_dag.py
[2026-01-17T16:49:00.437+0000] {processor.py:839} INFO - DAG(s) dict_keys(['ingestionDAG']) retrieved from /opt/airflow/dags/ingest_local_folder_dag.py
[2026-01-17T16:49:00.519+0000] {logging_mixin.py:151} INFO - [2026-01-17T16:49:00.519+0000] {dag.py:2915} INFO - Sync 1 DAGs
[2026-01-17T16:49:00.577+0000] {logging_mixin.py:151} INFO - [2026-01-17T16:49:00.576+0000] {dag.py:3696} INFO - Setting next_dagrun for ingestionDAG to 2026-01-17T16:48:30.575361+00:00, run_after=2026-01-17T16:49:00.575361+00:00
[2026-01-17T16:49:00.625+0000] {processor.py:179} INFO - Processing /opt/airflow/dags/ingest_local_folder_dag.py took 1.114 seconds
[2026-01-17T16:49:30.819+0000] {processor.py:157} INFO - Started process (PID=570) to work on /opt/airflow/dags/ingest_local_folder_dag.py
[2026-01-17T16:49:30.822+0000] {processor.py:829} INFO - Processing file /opt/airflow/dags/ingest_local_folder_dag.py for tasks to queue
[2026-01-17T16:49:30.824+0000] {logging_mixin.py:151} INFO - [2026-01-17T16:49:30.823+0000] {dagbag.py:539} INFO - Filling up the DagBag from /opt/airflow/dags/ingest_local_folder_dag.py
[2026-01-17T16:49:31.970+0000] {processor.py:839} INFO - DAG(s) dict_keys(['ingestionDAG']) retrieved from /opt/airflow/dags/ingest_local_folder_dag.py
[2026-01-17T16:49:32.098+0000] {logging_mixin.py:151} INFO - [2026-01-17T16:49:32.098+0000] {dag.py:2915} INFO - Sync 1 DAGs
[2026-01-17T16:49:32.200+0000] {logging_mixin.py:151} INFO - [2026-01-17T16:49:32.199+0000] {dag.py:3696} INFO - Setting next_dagrun for ingestionDAG to 2026-01-17T16:49:02.199361+00:00, run_after=2026-01-17T16:49:32.199361+00:00
[2026-01-17T16:49:32.270+0000] {processor.py:179} INFO - Processing /opt/airflow/dags/ingest_local_folder_dag.py took 1.461 seconds
[2026-01-17T16:50:02.517+0000] {processor.py:157} INFO - Started process (PID=583) to work on /opt/airflow/dags/ingest_local_folder_dag.py
[2026-01-17T16:50:02.519+0000] {processor.py:829} INFO - Processing file /opt/airflow/dags/ingest_local_folder_dag.py for tasks to queue
[2026-01-17T16:50:02.521+0000] {logging_mixin.py:151} INFO - [2026-01-17T16:50:02.520+0000] {dagbag.py:539} INFO - Filling up the DagBag from /opt/airflow/dags/ingest_local_folder_dag.py
[2026-01-17T16:50:03.411+0000] {processor.py:839} INFO - DAG(s) dict_keys(['ingestionDAG']) retrieved from /opt/airflow/dags/ingest_local_folder_dag.py
[2026-01-17T16:50:03.493+0000] {logging_mixin.py:151} INFO - [2026-01-17T16:50:03.493+0000] {dag.py:2915} INFO - Sync 1 DAGs
[2026-01-17T16:50:03.550+0000] {logging_mixin.py:151} INFO - [2026-01-17T16:50:03.550+0000] {dag.py:3696} INFO - Setting next_dagrun for ingestionDAG to 2026-01-17T16:49:33.549571+00:00, run_after=2026-01-17T16:50:03.549571+00:00
[2026-01-17T16:50:03.596+0000] {processor.py:179} INFO - Processing /opt/airflow/dags/ingest_local_folder_dag.py took 1.089 seconds
[2026-01-17T16:50:33.731+0000] {processor.py:157} INFO - Started process (PID=596) to work on /opt/airflow/dags/ingest_local_folder_dag.py
[2026-01-17T16:50:33.733+0000] {processor.py:829} INFO - Processing file /opt/airflow/dags/ingest_local_folder_dag.py for tasks to queue
[2026-01-17T16:50:33.735+0000] {logging_mixin.py:151} INFO - [2026-01-17T16:50:33.734+0000] {dagbag.py:539} INFO - Filling up the DagBag from /opt/airflow/dags/ingest_local_folder_dag.py
[2026-01-17T16:50:34.687+0000] {processor.py:839} INFO - DAG(s) dict_keys(['ingestionDAG']) retrieved from /opt/airflow/dags/ingest_local_folder_dag.py
[2026-01-17T16:50:34.774+0000] {logging_mixin.py:151} INFO - [2026-01-17T16:50:34.773+0000] {dag.py:2915} INFO - Sync 1 DAGs
[2026-01-17T16:50:34.828+0000] {logging_mixin.py:151} INFO - [2026-01-17T16:50:34.827+0000] {dag.py:3696} INFO - Setting next_dagrun for ingestionDAG to 2026-01-17T16:50:04.827139+00:00, run_after=2026-01-17T16:50:34.827139+00:00
[2026-01-17T16:50:34.868+0000] {processor.py:179} INFO - Processing /opt/airflow/dags/ingest_local_folder_dag.py took 1.147 seconds
[2026-01-17T16:51:04.969+0000] {processor.py:157} INFO - Started process (PID=609) to work on /opt/airflow/dags/ingest_local_folder_dag.py
[2026-01-17T16:51:04.971+0000] {processor.py:829} INFO - Processing file /opt/airflow/dags/ingest_local_folder_dag.py for tasks to queue
[2026-01-17T16:51:04.973+0000] {logging_mixin.py:151} INFO - [2026-01-17T16:51:04.972+0000] {dagbag.py:539} INFO - Filling up the DagBag from /opt/airflow/dags/ingest_local_folder_dag.py
[2026-01-17T16:51:05.867+0000] {processor.py:839} INFO - DAG(s) dict_keys(['ingestionDAG']) retrieved from /opt/airflow/dags/ingest_local_folder_dag.py
[2026-01-17T16:51:05.947+0000] {logging_mixin.py:151} INFO - [2026-01-17T16:51:05.946+0000] {dag.py:2915} INFO - Sync 1 DAGs
[2026-01-17T16:51:06.001+0000] {logging_mixin.py:151} INFO - [2026-01-17T16:51:06.000+0000] {dag.py:3696} INFO - Setting next_dagrun for ingestionDAG to 2026-01-17T16:50:36.000238+00:00, run_after=2026-01-17T16:51:06.000238+00:00
[2026-01-17T16:51:06.042+0000] {processor.py:179} INFO - Processing /opt/airflow/dags/ingest_local_folder_dag.py took 1.083 seconds
[2026-01-17T16:51:36.298+0000] {processor.py:157} INFO - Started process (PID=622) to work on /opt/airflow/dags/ingest_local_folder_dag.py
[2026-01-17T16:51:36.300+0000] {processor.py:829} INFO - Processing file /opt/airflow/dags/ingest_local_folder_dag.py for tasks to queue
[2026-01-17T16:51:36.303+0000] {logging_mixin.py:151} INFO - [2026-01-17T16:51:36.302+0000] {dagbag.py:539} INFO - Filling up the DagBag from /opt/airflow/dags/ingest_local_folder_dag.py
[2026-01-17T16:51:37.203+0000] {processor.py:839} INFO - DAG(s) dict_keys(['ingestionDAG']) retrieved from /opt/airflow/dags/ingest_local_folder_dag.py
[2026-01-17T16:51:37.282+0000] {logging_mixin.py:151} INFO - [2026-01-17T16:51:37.281+0000] {dag.py:2915} INFO - Sync 1 DAGs
[2026-01-17T16:51:37.337+0000] {logging_mixin.py:151} INFO - [2026-01-17T16:51:37.336+0000] {dag.py:3696} INFO - Setting next_dagrun for ingestionDAG to 2026-01-17T16:51:07.336477+00:00, run_after=2026-01-17T16:51:37.336477+00:00
[2026-01-17T16:51:37.382+0000] {processor.py:179} INFO - Processing /opt/airflow/dags/ingest_local_folder_dag.py took 1.094 seconds
[2026-01-17T16:52:07.643+0000] {processor.py:157} INFO - Started process (PID=635) to work on /opt/airflow/dags/ingest_local_folder_dag.py
[2026-01-17T16:52:07.646+0000] {processor.py:829} INFO - Processing file /opt/airflow/dags/ingest_local_folder_dag.py for tasks to queue
[2026-01-17T16:52:07.648+0000] {logging_mixin.py:151} INFO - [2026-01-17T16:52:07.647+0000] {dagbag.py:539} INFO - Filling up the DagBag from /opt/airflow/dags/ingest_local_folder_dag.py
[2026-01-17T16:52:08.580+0000] {processor.py:839} INFO - DAG(s) dict_keys(['ingestionDAG']) retrieved from /opt/airflow/dags/ingest_local_folder_dag.py
[2026-01-17T16:52:08.659+0000] {logging_mixin.py:151} INFO - [2026-01-17T16:52:08.659+0000] {dag.py:2915} INFO - Sync 1 DAGs
[2026-01-17T16:52:08.718+0000] {logging_mixin.py:151} INFO - [2026-01-17T16:52:08.717+0000] {dag.py:3696} INFO - Setting next_dagrun for ingestionDAG to 2026-01-17T16:51:38.717277+00:00, run_after=2026-01-17T16:52:08.717277+00:00
[2026-01-17T16:52:08.759+0000] {processor.py:179} INFO - Processing /opt/airflow/dags/ingest_local_folder_dag.py took 1.127 seconds
[2026-01-17T16:52:38.872+0000] {processor.py:157} INFO - Started process (PID=648) to work on /opt/airflow/dags/ingest_local_folder_dag.py
[2026-01-17T16:52:38.874+0000] {processor.py:829} INFO - Processing file /opt/airflow/dags/ingest_local_folder_dag.py for tasks to queue
[2026-01-17T16:52:38.876+0000] {logging_mixin.py:151} INFO - [2026-01-17T16:52:38.875+0000] {dagbag.py:539} INFO - Filling up the DagBag from /opt/airflow/dags/ingest_local_folder_dag.py
[2026-01-17T16:52:39.799+0000] {processor.py:839} INFO - DAG(s) dict_keys(['ingestionDAG']) retrieved from /opt/airflow/dags/ingest_local_folder_dag.py
[2026-01-17T16:52:39.880+0000] {logging_mixin.py:151} INFO - [2026-01-17T16:52:39.880+0000] {dag.py:2915} INFO - Sync 1 DAGs
[2026-01-17T16:52:39.935+0000] {logging_mixin.py:151} INFO - [2026-01-17T16:52:39.935+0000] {dag.py:3696} INFO - Setting next_dagrun for ingestionDAG to 2026-01-17T16:52:09.934671+00:00, run_after=2026-01-17T16:52:39.934671+00:00
[2026-01-17T16:52:39.977+0000] {processor.py:179} INFO - Processing /opt/airflow/dags/ingest_local_folder_dag.py took 1.116 seconds
[2026-01-17T16:53:10.240+0000] {processor.py:157} INFO - Started process (PID=661) to work on /opt/airflow/dags/ingest_local_folder_dag.py
[2026-01-17T16:53:10.242+0000] {processor.py:829} INFO - Processing file /opt/airflow/dags/ingest_local_folder_dag.py for tasks to queue
[2026-01-17T16:53:10.244+0000] {logging_mixin.py:151} INFO - [2026-01-17T16:53:10.243+0000] {dagbag.py:539} INFO - Filling up the DagBag from /opt/airflow/dags/ingest_local_folder_dag.py
[2026-01-17T16:53:11.169+0000] {processor.py:839} INFO - DAG(s) dict_keys(['ingestionDAG']) retrieved from /opt/airflow/dags/ingest_local_folder_dag.py
[2026-01-17T16:53:11.248+0000] {logging_mixin.py:151} INFO - [2026-01-17T16:53:11.247+0000] {dag.py:2915} INFO - Sync 1 DAGs
[2026-01-17T16:53:11.304+0000] {logging_mixin.py:151} INFO - [2026-01-17T16:53:11.304+0000] {dag.py:3696} INFO - Setting next_dagrun for ingestionDAG to 2026-01-17T16:52:41.303770+00:00, run_after=2026-01-17T16:53:11.303770+00:00
[2026-01-17T16:53:11.344+0000] {processor.py:179} INFO - Processing /opt/airflow/dags/ingest_local_folder_dag.py took 1.115 seconds
[2026-01-17T16:53:41.479+0000] {processor.py:157} INFO - Started process (PID=674) to work on /opt/airflow/dags/ingest_local_folder_dag.py
[2026-01-17T16:53:41.481+0000] {processor.py:829} INFO - Processing file /opt/airflow/dags/ingest_local_folder_dag.py for tasks to queue
[2026-01-17T16:53:41.483+0000] {logging_mixin.py:151} INFO - [2026-01-17T16:53:41.482+0000] {dagbag.py:539} INFO - Filling up the DagBag from /opt/airflow/dags/ingest_local_folder_dag.py
[2026-01-17T16:53:42.428+0000] {processor.py:839} INFO - DAG(s) dict_keys(['ingestionDAG']) retrieved from /opt/airflow/dags/ingest_local_folder_dag.py
[2026-01-17T16:53:42.509+0000] {logging_mixin.py:151} INFO - [2026-01-17T16:53:42.508+0000] {dag.py:2915} INFO - Sync 1 DAGs
[2026-01-17T16:53:42.565+0000] {logging_mixin.py:151} INFO - [2026-01-17T16:53:42.565+0000] {dag.py:3696} INFO - Setting next_dagrun for ingestionDAG to 2026-01-17T16:53:12.564677+00:00, run_after=2026-01-17T16:53:42.564677+00:00
[2026-01-17T16:53:42.607+0000] {processor.py:179} INFO - Processing /opt/airflow/dags/ingest_local_folder_dag.py took 1.140 seconds
[2026-01-17T16:54:12.773+0000] {processor.py:157} INFO - Started process (PID=687) to work on /opt/airflow/dags/ingest_local_folder_dag.py
[2026-01-17T16:54:12.776+0000] {processor.py:829} INFO - Processing file /opt/airflow/dags/ingest_local_folder_dag.py for tasks to queue
[2026-01-17T16:54:12.778+0000] {logging_mixin.py:151} INFO - [2026-01-17T16:54:12.777+0000] {dagbag.py:539} INFO - Filling up the DagBag from /opt/airflow/dags/ingest_local_folder_dag.py
[2026-01-17T16:54:13.729+0000] {processor.py:839} INFO - DAG(s) dict_keys(['ingestionDAG']) retrieved from /opt/airflow/dags/ingest_local_folder_dag.py
[2026-01-17T16:54:13.811+0000] {logging_mixin.py:151} INFO - [2026-01-17T16:54:13.810+0000] {dag.py:2915} INFO - Sync 1 DAGs
[2026-01-17T16:54:13.870+0000] {logging_mixin.py:151} INFO - [2026-01-17T16:54:13.870+0000] {dag.py:3696} INFO - Setting next_dagrun for ingestionDAG to 2026-01-17T16:53:43.869572+00:00, run_after=2026-01-17T16:54:13.869572+00:00
[2026-01-17T16:54:13.914+0000] {processor.py:179} INFO - Processing /opt/airflow/dags/ingest_local_folder_dag.py took 1.153 seconds
[2026-01-17T16:54:44.046+0000] {processor.py:157} INFO - Started process (PID=700) to work on /opt/airflow/dags/ingest_local_folder_dag.py
[2026-01-17T16:54:44.049+0000] {processor.py:829} INFO - Processing file /opt/airflow/dags/ingest_local_folder_dag.py for tasks to queue
[2026-01-17T16:54:44.051+0000] {logging_mixin.py:151} INFO - [2026-01-17T16:54:44.050+0000] {dagbag.py:539} INFO - Filling up the DagBag from /opt/airflow/dags/ingest_local_folder_dag.py
[2026-01-17T16:54:44.960+0000] {processor.py:839} INFO - DAG(s) dict_keys(['ingestionDAG']) retrieved from /opt/airflow/dags/ingest_local_folder_dag.py
[2026-01-17T16:54:45.042+0000] {logging_mixin.py:151} INFO - [2026-01-17T16:54:45.041+0000] {dag.py:2915} INFO - Sync 1 DAGs
[2026-01-17T16:54:45.100+0000] {logging_mixin.py:151} INFO - [2026-01-17T16:54:45.099+0000] {dag.py:3696} INFO - Setting next_dagrun for ingestionDAG to 2026-01-17T16:54:15.099495+00:00, run_after=2026-01-17T16:54:45.099495+00:00
[2026-01-17T16:54:45.141+0000] {processor.py:179} INFO - Processing /opt/airflow/dags/ingest_local_folder_dag.py took 1.107 seconds
[2026-01-17T16:55:15.294+0000] {processor.py:157} INFO - Started process (PID=713) to work on /opt/airflow/dags/ingest_local_folder_dag.py
[2026-01-17T16:55:15.297+0000] {processor.py:829} INFO - Processing file /opt/airflow/dags/ingest_local_folder_dag.py for tasks to queue
[2026-01-17T16:55:15.299+0000] {logging_mixin.py:151} INFO - [2026-01-17T16:55:15.298+0000] {dagbag.py:539} INFO - Filling up the DagBag from /opt/airflow/dags/ingest_local_folder_dag.py
[2026-01-17T16:55:16.218+0000] {processor.py:839} INFO - DAG(s) dict_keys(['ingestionDAG']) retrieved from /opt/airflow/dags/ingest_local_folder_dag.py
[2026-01-17T16:55:16.295+0000] {logging_mixin.py:151} INFO - [2026-01-17T16:55:16.295+0000] {dag.py:2915} INFO - Sync 1 DAGs
[2026-01-17T16:55:16.349+0000] {logging_mixin.py:151} INFO - [2026-01-17T16:55:16.349+0000] {dag.py:3696} INFO - Setting next_dagrun for ingestionDAG to 2026-01-17T16:54:46.348576+00:00, run_after=2026-01-17T16:55:16.348576+00:00
[2026-01-17T16:55:16.390+0000] {processor.py:179} INFO - Processing /opt/airflow/dags/ingest_local_folder_dag.py took 1.107 seconds
[2026-01-17T16:55:46.642+0000] {processor.py:157} INFO - Started process (PID=726) to work on /opt/airflow/dags/ingest_local_folder_dag.py
[2026-01-17T16:55:46.644+0000] {processor.py:829} INFO - Processing file /opt/airflow/dags/ingest_local_folder_dag.py for tasks to queue
[2026-01-17T16:55:46.647+0000] {logging_mixin.py:151} INFO - [2026-01-17T16:55:46.646+0000] {dagbag.py:539} INFO - Filling up the DagBag from /opt/airflow/dags/ingest_local_folder_dag.py
[2026-01-17T16:55:47.559+0000] {processor.py:839} INFO - DAG(s) dict_keys(['ingestionDAG']) retrieved from /opt/airflow/dags/ingest_local_folder_dag.py
[2026-01-17T16:55:47.640+0000] {logging_mixin.py:151} INFO - [2026-01-17T16:55:47.640+0000] {dag.py:2915} INFO - Sync 1 DAGs
[2026-01-17T16:55:47.696+0000] {logging_mixin.py:151} INFO - [2026-01-17T16:55:47.695+0000] {dag.py:3696} INFO - Setting next_dagrun for ingestionDAG to 2026-01-17T16:55:17.695523+00:00, run_after=2026-01-17T16:55:47.695523+00:00
[2026-01-17T16:55:47.740+0000] {processor.py:179} INFO - Processing /opt/airflow/dags/ingest_local_folder_dag.py took 1.107 seconds
[2026-01-17T16:56:18.014+0000] {processor.py:157} INFO - Started process (PID=739) to work on /opt/airflow/dags/ingest_local_folder_dag.py
[2026-01-17T16:56:18.017+0000] {processor.py:829} INFO - Processing file /opt/airflow/dags/ingest_local_folder_dag.py for tasks to queue
[2026-01-17T16:56:18.020+0000] {logging_mixin.py:151} INFO - [2026-01-17T16:56:18.018+0000] {dagbag.py:539} INFO - Filling up the DagBag from /opt/airflow/dags/ingest_local_folder_dag.py
[2026-01-17T16:56:18.995+0000] {processor.py:839} INFO - DAG(s) dict_keys(['ingestionDAG']) retrieved from /opt/airflow/dags/ingest_local_folder_dag.py
[2026-01-17T16:56:19.079+0000] {logging_mixin.py:151} INFO - [2026-01-17T16:56:19.079+0000] {dag.py:2915} INFO - Sync 1 DAGs
[2026-01-17T16:56:19.137+0000] {logging_mixin.py:151} INFO - [2026-01-17T16:56:19.137+0000] {dag.py:3696} INFO - Setting next_dagrun for ingestionDAG to 2026-01-17T16:55:49.136606+00:00, run_after=2026-01-17T16:56:19.136606+00:00
[2026-01-17T16:56:19.179+0000] {processor.py:179} INFO - Processing /opt/airflow/dags/ingest_local_folder_dag.py took 1.176 seconds
[2026-01-17T16:56:49.258+0000] {processor.py:157} INFO - Started process (PID=752) to work on /opt/airflow/dags/ingest_local_folder_dag.py
[2026-01-17T16:56:49.260+0000] {processor.py:829} INFO - Processing file /opt/airflow/dags/ingest_local_folder_dag.py for tasks to queue
[2026-01-17T16:56:49.263+0000] {logging_mixin.py:151} INFO - [2026-01-17T16:56:49.262+0000] {dagbag.py:539} INFO - Filling up the DagBag from /opt/airflow/dags/ingest_local_folder_dag.py
[2026-01-17T16:56:50.186+0000] {processor.py:839} INFO - DAG(s) dict_keys(['ingestionDAG']) retrieved from /opt/airflow/dags/ingest_local_folder_dag.py
[2026-01-17T16:56:50.264+0000] {logging_mixin.py:151} INFO - [2026-01-17T16:56:50.264+0000] {dag.py:2915} INFO - Sync 1 DAGs
[2026-01-17T16:56:50.323+0000] {logging_mixin.py:151} INFO - [2026-01-17T16:56:50.323+0000] {dag.py:3696} INFO - Setting next_dagrun for ingestionDAG to 2026-01-17T16:56:20.322971+00:00, run_after=2026-01-17T16:56:50.322971+00:00
[2026-01-17T16:56:50.365+0000] {processor.py:179} INFO - Processing /opt/airflow/dags/ingest_local_folder_dag.py took 1.118 seconds
[2026-01-17T16:57:20.615+0000] {processor.py:157} INFO - Started process (PID=765) to work on /opt/airflow/dags/ingest_local_folder_dag.py
[2026-01-17T16:57:20.617+0000] {processor.py:829} INFO - Processing file /opt/airflow/dags/ingest_local_folder_dag.py for tasks to queue
[2026-01-17T16:57:20.619+0000] {logging_mixin.py:151} INFO - [2026-01-17T16:57:20.618+0000] {dagbag.py:539} INFO - Filling up the DagBag from /opt/airflow/dags/ingest_local_folder_dag.py
[2026-01-17T16:57:21.505+0000] {processor.py:839} INFO - DAG(s) dict_keys(['ingestionDAG']) retrieved from /opt/airflow/dags/ingest_local_folder_dag.py
[2026-01-17T16:57:21.587+0000] {logging_mixin.py:151} INFO - [2026-01-17T16:57:21.586+0000] {dag.py:2915} INFO - Sync 1 DAGs
[2026-01-17T16:57:21.643+0000] {logging_mixin.py:151} INFO - [2026-01-17T16:57:21.642+0000] {dag.py:3696} INFO - Setting next_dagrun for ingestionDAG to 2026-01-17T16:56:51.642108+00:00, run_after=2026-01-17T16:57:21.642108+00:00
[2026-01-17T16:57:21.685+0000] {processor.py:179} INFO - Processing /opt/airflow/dags/ingest_local_folder_dag.py took 1.080 seconds
[2026-01-17T16:57:51.956+0000] {processor.py:157} INFO - Started process (PID=778) to work on /opt/airflow/dags/ingest_local_folder_dag.py
[2026-01-17T16:57:51.958+0000] {processor.py:829} INFO - Processing file /opt/airflow/dags/ingest_local_folder_dag.py for tasks to queue
[2026-01-17T16:57:51.960+0000] {logging_mixin.py:151} INFO - [2026-01-17T16:57:51.959+0000] {dagbag.py:539} INFO - Filling up the DagBag from /opt/airflow/dags/ingest_local_folder_dag.py
[2026-01-17T16:57:52.850+0000] {processor.py:839} INFO - DAG(s) dict_keys(['ingestionDAG']) retrieved from /opt/airflow/dags/ingest_local_folder_dag.py
[2026-01-17T16:57:52.932+0000] {logging_mixin.py:151} INFO - [2026-01-17T16:57:52.932+0000] {dag.py:2915} INFO - Sync 1 DAGs
[2026-01-17T16:57:52.988+0000] {logging_mixin.py:151} INFO - [2026-01-17T16:57:52.988+0000] {dag.py:3696} INFO - Setting next_dagrun for ingestionDAG to 2026-01-17T16:57:22.987539+00:00, run_after=2026-01-17T16:57:52.987539+00:00
[2026-01-17T16:57:53.031+0000] {processor.py:179} INFO - Processing /opt/airflow/dags/ingest_local_folder_dag.py took 1.084 seconds
[2026-01-17T16:58:23.203+0000] {processor.py:157} INFO - Started process (PID=791) to work on /opt/airflow/dags/ingest_local_folder_dag.py
[2026-01-17T16:58:23.206+0000] {processor.py:829} INFO - Processing file /opt/airflow/dags/ingest_local_folder_dag.py for tasks to queue
[2026-01-17T16:58:23.209+0000] {logging_mixin.py:151} INFO - [2026-01-17T16:58:23.208+0000] {dagbag.py:539} INFO - Filling up the DagBag from /opt/airflow/dags/ingest_local_folder_dag.py
[2026-01-17T16:58:24.133+0000] {processor.py:839} INFO - DAG(s) dict_keys(['ingestionDAG']) retrieved from /opt/airflow/dags/ingest_local_folder_dag.py
[2026-01-17T16:58:24.212+0000] {logging_mixin.py:151} INFO - [2026-01-17T16:58:24.212+0000] {dag.py:2915} INFO - Sync 1 DAGs
[2026-01-17T16:58:24.268+0000] {logging_mixin.py:151} INFO - [2026-01-17T16:58:24.267+0000] {dag.py:3696} INFO - Setting next_dagrun for ingestionDAG to 2026-01-17T16:57:54.267121+00:00, run_after=2026-01-17T16:58:24.267121+00:00
[2026-01-17T16:58:24.313+0000] {processor.py:179} INFO - Processing /opt/airflow/dags/ingest_local_folder_dag.py took 1.121 seconds
[2026-01-17T16:58:54.596+0000] {processor.py:157} INFO - Started process (PID=804) to work on /opt/airflow/dags/ingest_local_folder_dag.py
[2026-01-17T16:58:54.599+0000] {processor.py:829} INFO - Processing file /opt/airflow/dags/ingest_local_folder_dag.py for tasks to queue
[2026-01-17T16:58:54.601+0000] {logging_mixin.py:151} INFO - [2026-01-17T16:58:54.600+0000] {dagbag.py:539} INFO - Filling up the DagBag from /opt/airflow/dags/ingest_local_folder_dag.py
[2026-01-17T16:58:55.545+0000] {processor.py:839} INFO - DAG(s) dict_keys(['ingestionDAG']) retrieved from /opt/airflow/dags/ingest_local_folder_dag.py
[2026-01-17T16:58:55.627+0000] {logging_mixin.py:151} INFO - [2026-01-17T16:58:55.626+0000] {dag.py:2915} INFO - Sync 1 DAGs
[2026-01-17T16:58:55.685+0000] {logging_mixin.py:151} INFO - [2026-01-17T16:58:55.684+0000] {dag.py:3696} INFO - Setting next_dagrun for ingestionDAG to 2026-01-17T16:58:25.684381+00:00, run_after=2026-01-17T16:58:55.684381+00:00
[2026-01-17T16:58:55.727+0000] {processor.py:179} INFO - Processing /opt/airflow/dags/ingest_local_folder_dag.py took 1.141 seconds
[2026-01-17T16:59:25.821+0000] {processor.py:157} INFO - Started process (PID=817) to work on /opt/airflow/dags/ingest_local_folder_dag.py
[2026-01-17T16:59:25.823+0000] {processor.py:829} INFO - Processing file /opt/airflow/dags/ingest_local_folder_dag.py for tasks to queue
[2026-01-17T16:59:25.826+0000] {logging_mixin.py:151} INFO - [2026-01-17T16:59:25.825+0000] {dagbag.py:539} INFO - Filling up the DagBag from /opt/airflow/dags/ingest_local_folder_dag.py
[2026-01-17T16:59:26.776+0000] {processor.py:839} INFO - DAG(s) dict_keys(['ingestionDAG']) retrieved from /opt/airflow/dags/ingest_local_folder_dag.py
[2026-01-17T16:59:26.856+0000] {logging_mixin.py:151} INFO - [2026-01-17T16:59:26.855+0000] {dag.py:2915} INFO - Sync 1 DAGs
[2026-01-17T16:59:26.915+0000] {logging_mixin.py:151} INFO - [2026-01-17T16:59:26.914+0000] {dag.py:3696} INFO - Setting next_dagrun for ingestionDAG to 2026-01-17T16:58:56.914117+00:00, run_after=2026-01-17T16:59:26.914117+00:00
[2026-01-17T16:59:26.957+0000] {processor.py:179} INFO - Processing /opt/airflow/dags/ingest_local_folder_dag.py took 1.148 seconds
[2026-01-17T16:59:57.220+0000] {processor.py:157} INFO - Started process (PID=830) to work on /opt/airflow/dags/ingest_local_folder_dag.py
[2026-01-17T16:59:57.222+0000] {processor.py:829} INFO - Processing file /opt/airflow/dags/ingest_local_folder_dag.py for tasks to queue
[2026-01-17T16:59:57.225+0000] {logging_mixin.py:151} INFO - [2026-01-17T16:59:57.224+0000] {dagbag.py:539} INFO - Filling up the DagBag from /opt/airflow/dags/ingest_local_folder_dag.py
[2026-01-17T17:45:34.003+0000] {processor.py:157} INFO - Started process (PID=845) to work on /opt/airflow/dags/ingest_local_folder_dag.py
[2026-01-17T17:45:34.006+0000] {processor.py:829} INFO - Processing file /opt/airflow/dags/ingest_local_folder_dag.py for tasks to queue
[2026-01-17T17:45:34.009+0000] {logging_mixin.py:151} INFO - [2026-01-17T17:45:34.007+0000] {dagbag.py:539} INFO - Filling up the DagBag from /opt/airflow/dags/ingest_local_folder_dag.py
[2026-01-17T17:45:34.897+0000] {processor.py:839} INFO - DAG(s) dict_keys(['ingestionDAG']) retrieved from /opt/airflow/dags/ingest_local_folder_dag.py
[2026-01-17T17:45:34.972+0000] {logging_mixin.py:151} INFO - [2026-01-17T17:45:34.972+0000] {dag.py:2915} INFO - Sync 1 DAGs
[2026-01-17T17:45:35.025+0000] {logging_mixin.py:151} INFO - [2026-01-17T17:45:35.024+0000] {dag.py:3696} INFO - Setting next_dagrun for ingestionDAG to 2026-01-17T17:45:05.024471+00:00, run_after=2026-01-17T17:45:35.024471+00:00
[2026-01-17T17:45:35.063+0000] {processor.py:179} INFO - Processing /opt/airflow/dags/ingest_local_folder_dag.py took 1.070 seconds
[2026-01-17T17:46:05.336+0000] {processor.py:157} INFO - Started process (PID=858) to work on /opt/airflow/dags/ingest_local_folder_dag.py
[2026-01-17T17:46:05.338+0000] {processor.py:829} INFO - Processing file /opt/airflow/dags/ingest_local_folder_dag.py for tasks to queue
[2026-01-17T17:46:05.341+0000] {logging_mixin.py:151} INFO - [2026-01-17T17:46:05.340+0000] {dagbag.py:539} INFO - Filling up the DagBag from /opt/airflow/dags/ingest_local_folder_dag.py
[2026-01-17T17:46:06.252+0000] {processor.py:839} INFO - DAG(s) dict_keys(['ingestionDAG']) retrieved from /opt/airflow/dags/ingest_local_folder_dag.py
[2026-01-17T17:46:06.327+0000] {logging_mixin.py:151} INFO - [2026-01-17T17:46:06.327+0000] {dag.py:2915} INFO - Sync 1 DAGs
[2026-01-17T17:46:06.379+0000] {logging_mixin.py:151} INFO - [2026-01-17T17:46:06.378+0000] {dag.py:3696} INFO - Setting next_dagrun for ingestionDAG to 2026-01-17T17:45:36.378191+00:00, run_after=2026-01-17T17:46:06.378191+00:00
[2026-01-17T17:46:06.420+0000] {processor.py:179} INFO - Processing /opt/airflow/dags/ingest_local_folder_dag.py took 1.094 seconds
[2026-01-17T17:46:36.578+0000] {processor.py:157} INFO - Started process (PID=871) to work on /opt/airflow/dags/ingest_local_folder_dag.py
[2026-01-17T17:46:36.580+0000] {processor.py:829} INFO - Processing file /opt/airflow/dags/ingest_local_folder_dag.py for tasks to queue
[2026-01-17T17:46:36.582+0000] {logging_mixin.py:151} INFO - [2026-01-17T17:46:36.581+0000] {dagbag.py:539} INFO - Filling up the DagBag from /opt/airflow/dags/ingest_local_folder_dag.py
[2026-01-17T17:46:37.520+0000] {processor.py:839} INFO - DAG(s) dict_keys(['ingestionDAG']) retrieved from /opt/airflow/dags/ingest_local_folder_dag.py
[2026-01-17T17:46:37.595+0000] {logging_mixin.py:151} INFO - [2026-01-17T17:46:37.595+0000] {dag.py:2915} INFO - Sync 1 DAGs
[2026-01-17T17:46:37.650+0000] {logging_mixin.py:151} INFO - [2026-01-17T17:46:37.649+0000] {dag.py:3696} INFO - Setting next_dagrun for ingestionDAG to 2026-01-17T17:46:07.649205+00:00, run_after=2026-01-17T17:46:37.649205+00:00
[2026-01-17T17:46:37.688+0000] {processor.py:179} INFO - Processing /opt/airflow/dags/ingest_local_folder_dag.py took 1.121 seconds
[2026-01-17T17:47:07.962+0000] {processor.py:157} INFO - Started process (PID=884) to work on /opt/airflow/dags/ingest_local_folder_dag.py
[2026-01-17T17:47:07.965+0000] {processor.py:829} INFO - Processing file /opt/airflow/dags/ingest_local_folder_dag.py for tasks to queue
[2026-01-17T17:47:07.968+0000] {logging_mixin.py:151} INFO - [2026-01-17T17:47:07.966+0000] {dagbag.py:539} INFO - Filling up the DagBag from /opt/airflow/dags/ingest_local_folder_dag.py
[2026-01-17T17:47:08.917+0000] {processor.py:839} INFO - DAG(s) dict_keys(['ingestionDAG']) retrieved from /opt/airflow/dags/ingest_local_folder_dag.py
[2026-01-17T17:47:08.991+0000] {logging_mixin.py:151} INFO - [2026-01-17T17:47:08.991+0000] {dag.py:2915} INFO - Sync 1 DAGs
[2026-01-17T17:47:09.045+0000] {logging_mixin.py:151} INFO - [2026-01-17T17:47:09.045+0000] {dag.py:3696} INFO - Setting next_dagrun for ingestionDAG to 2026-01-17T17:46:39.044896+00:00, run_after=2026-01-17T17:47:09.044896+00:00
[2026-01-17T17:47:09.082+0000] {processor.py:179} INFO - Processing /opt/airflow/dags/ingest_local_folder_dag.py took 1.131 seconds
[2026-01-17T17:47:39.249+0000] {processor.py:157} INFO - Started process (PID=897) to work on /opt/airflow/dags/ingest_local_folder_dag.py
[2026-01-17T17:47:39.251+0000] {processor.py:829} INFO - Processing file /opt/airflow/dags/ingest_local_folder_dag.py for tasks to queue
[2026-01-17T17:47:39.254+0000] {logging_mixin.py:151} INFO - [2026-01-17T17:47:39.253+0000] {dagbag.py:539} INFO - Filling up the DagBag from /opt/airflow/dags/ingest_local_folder_dag.py
[2026-01-17T17:47:40.178+0000] {processor.py:839} INFO - DAG(s) dict_keys(['ingestionDAG']) retrieved from /opt/airflow/dags/ingest_local_folder_dag.py
[2026-01-17T17:47:40.255+0000] {logging_mixin.py:151} INFO - [2026-01-17T17:47:40.254+0000] {dag.py:2915} INFO - Sync 1 DAGs
[2026-01-17T17:47:40.306+0000] {logging_mixin.py:151} INFO - [2026-01-17T17:47:40.305+0000] {dag.py:3696} INFO - Setting next_dagrun for ingestionDAG to 2026-01-17T17:47:10.305315+00:00, run_after=2026-01-17T17:47:40.305315+00:00
[2026-01-17T17:47:40.343+0000] {processor.py:179} INFO - Processing /opt/airflow/dags/ingest_local_folder_dag.py took 1.105 seconds
[2026-01-17T17:48:10.501+0000] {processor.py:157} INFO - Started process (PID=910) to work on /opt/airflow/dags/ingest_local_folder_dag.py
[2026-01-17T17:48:10.503+0000] {processor.py:829} INFO - Processing file /opt/airflow/dags/ingest_local_folder_dag.py for tasks to queue
[2026-01-17T17:48:10.506+0000] {logging_mixin.py:151} INFO - [2026-01-17T17:48:10.504+0000] {dagbag.py:539} INFO - Filling up the DagBag from /opt/airflow/dags/ingest_local_folder_dag.py
[2026-01-17T17:48:11.412+0000] {processor.py:839} INFO - DAG(s) dict_keys(['ingestionDAG']) retrieved from /opt/airflow/dags/ingest_local_folder_dag.py
[2026-01-17T17:48:11.487+0000] {logging_mixin.py:151} INFO - [2026-01-17T17:48:11.487+0000] {dag.py:2915} INFO - Sync 1 DAGs
[2026-01-17T17:48:11.539+0000] {logging_mixin.py:151} INFO - [2026-01-17T17:48:11.538+0000] {dag.py:3696} INFO - Setting next_dagrun for ingestionDAG to 2026-01-17T17:47:41.538246+00:00, run_after=2026-01-17T17:48:11.538246+00:00
[2026-01-17T17:48:11.577+0000] {processor.py:179} INFO - Processing /opt/airflow/dags/ingest_local_folder_dag.py took 1.087 seconds
[2026-01-17T17:48:41.739+0000] {processor.py:157} INFO - Started process (PID=923) to work on /opt/airflow/dags/ingest_local_folder_dag.py
[2026-01-17T17:48:41.741+0000] {processor.py:829} INFO - Processing file /opt/airflow/dags/ingest_local_folder_dag.py for tasks to queue
[2026-01-17T17:48:41.744+0000] {logging_mixin.py:151} INFO - [2026-01-17T17:48:41.743+0000] {dagbag.py:539} INFO - Filling up the DagBag from /opt/airflow/dags/ingest_local_folder_dag.py
[2026-01-17T17:48:42.681+0000] {processor.py:839} INFO - DAG(s) dict_keys(['ingestionDAG']) retrieved from /opt/airflow/dags/ingest_local_folder_dag.py
[2026-01-17T17:48:42.755+0000] {logging_mixin.py:151} INFO - [2026-01-17T17:48:42.755+0000] {dag.py:2915} INFO - Sync 1 DAGs
[2026-01-17T17:48:42.807+0000] {logging_mixin.py:151} INFO - [2026-01-17T17:48:42.806+0000] {dag.py:3696} INFO - Setting next_dagrun for ingestionDAG to 2026-01-17T17:48:12.806324+00:00, run_after=2026-01-17T17:48:42.806324+00:00
[2026-01-17T17:48:42.848+0000] {processor.py:179} INFO - Processing /opt/airflow/dags/ingest_local_folder_dag.py took 1.119 seconds
[2026-01-17T17:49:13.004+0000] {processor.py:157} INFO - Started process (PID=936) to work on /opt/airflow/dags/ingest_local_folder_dag.py
[2026-01-17T17:49:13.006+0000] {processor.py:829} INFO - Processing file /opt/airflow/dags/ingest_local_folder_dag.py for tasks to queue
[2026-01-17T17:49:13.008+0000] {logging_mixin.py:151} INFO - [2026-01-17T17:49:13.007+0000] {dagbag.py:539} INFO - Filling up the DagBag from /opt/airflow/dags/ingest_local_folder_dag.py
[2026-01-17T17:49:13.924+0000] {processor.py:839} INFO - DAG(s) dict_keys(['ingestionDAG']) retrieved from /opt/airflow/dags/ingest_local_folder_dag.py
[2026-01-17T17:49:13.999+0000] {logging_mixin.py:151} INFO - [2026-01-17T17:49:13.999+0000] {dag.py:2915} INFO - Sync 1 DAGs
[2026-01-17T17:49:14.055+0000] {logging_mixin.py:151} INFO - [2026-01-17T17:49:14.054+0000] {dag.py:3696} INFO - Setting next_dagrun for ingestionDAG to 2026-01-17T17:48:44.054514+00:00, run_after=2026-01-17T17:49:14.054514+00:00
[2026-01-17T17:49:14.092+0000] {processor.py:179} INFO - Processing /opt/airflow/dags/ingest_local_folder_dag.py took 1.098 seconds
[2026-01-17T17:49:44.250+0000] {processor.py:157} INFO - Started process (PID=949) to work on /opt/airflow/dags/ingest_local_folder_dag.py
[2026-01-17T17:49:44.253+0000] {processor.py:829} INFO - Processing file /opt/airflow/dags/ingest_local_folder_dag.py for tasks to queue
[2026-01-17T17:49:44.255+0000] {logging_mixin.py:151} INFO - [2026-01-17T17:49:44.254+0000] {dagbag.py:539} INFO - Filling up the DagBag from /opt/airflow/dags/ingest_local_folder_dag.py
[2026-01-17T17:49:45.176+0000] {processor.py:839} INFO - DAG(s) dict_keys(['ingestionDAG']) retrieved from /opt/airflow/dags/ingest_local_folder_dag.py
[2026-01-17T17:49:45.255+0000] {logging_mixin.py:151} INFO - [2026-01-17T17:49:45.255+0000] {dag.py:2915} INFO - Sync 1 DAGs
[2026-01-17T17:49:45.307+0000] {logging_mixin.py:151} INFO - [2026-01-17T17:49:45.306+0000] {dag.py:3696} INFO - Setting next_dagrun for ingestionDAG to 2026-01-17T17:49:15.306114+00:00, run_after=2026-01-17T17:49:45.306114+00:00
[2026-01-17T17:49:45.345+0000] {processor.py:179} INFO - Processing /opt/airflow/dags/ingest_local_folder_dag.py took 1.105 seconds
[2026-01-17T17:50:15.527+0000] {processor.py:157} INFO - Started process (PID=962) to work on /opt/airflow/dags/ingest_local_folder_dag.py
[2026-01-17T17:50:15.530+0000] {processor.py:829} INFO - Processing file /opt/airflow/dags/ingest_local_folder_dag.py for tasks to queue
[2026-01-17T17:50:15.532+0000] {logging_mixin.py:151} INFO - [2026-01-17T17:50:15.531+0000] {dagbag.py:539} INFO - Filling up the DagBag from /opt/airflow/dags/ingest_local_folder_dag.py
[2026-01-17T17:50:16.452+0000] {processor.py:839} INFO - DAG(s) dict_keys(['ingestionDAG']) retrieved from /opt/airflow/dags/ingest_local_folder_dag.py
[2026-01-17T17:50:16.527+0000] {logging_mixin.py:151} INFO - [2026-01-17T17:50:16.527+0000] {dag.py:2915} INFO - Sync 1 DAGs
[2026-01-17T17:50:16.578+0000] {logging_mixin.py:151} INFO - [2026-01-17T17:50:16.578+0000] {dag.py:3696} INFO - Setting next_dagrun for ingestionDAG to 2026-01-17T17:49:46.577955+00:00, run_after=2026-01-17T17:50:16.577955+00:00
[2026-01-17T17:50:16.616+0000] {processor.py:179} INFO - Processing /opt/airflow/dags/ingest_local_folder_dag.py took 1.099 seconds
[2026-01-17T17:50:46.766+0000] {processor.py:157} INFO - Started process (PID=975) to work on /opt/airflow/dags/ingest_local_folder_dag.py
[2026-01-17T17:50:46.769+0000] {processor.py:829} INFO - Processing file /opt/airflow/dags/ingest_local_folder_dag.py for tasks to queue
[2026-01-17T17:50:46.771+0000] {logging_mixin.py:151} INFO - [2026-01-17T17:50:46.770+0000] {dagbag.py:539} INFO - Filling up the DagBag from /opt/airflow/dags/ingest_local_folder_dag.py
[2026-01-17T17:50:47.687+0000] {processor.py:839} INFO - DAG(s) dict_keys(['ingestionDAG']) retrieved from /opt/airflow/dags/ingest_local_folder_dag.py
[2026-01-17T17:50:47.762+0000] {logging_mixin.py:151} INFO - [2026-01-17T17:50:47.761+0000] {dag.py:2915} INFO - Sync 1 DAGs
[2026-01-17T17:50:47.813+0000] {logging_mixin.py:151} INFO - [2026-01-17T17:50:47.813+0000] {dag.py:3696} INFO - Setting next_dagrun for ingestionDAG to 2026-01-17T17:50:17.813045+00:00, run_after=2026-01-17T17:50:47.813045+00:00
[2026-01-17T17:50:47.855+0000] {processor.py:179} INFO - Processing /opt/airflow/dags/ingest_local_folder_dag.py took 1.100 seconds
[2026-01-17T17:51:18.095+0000] {processor.py:157} INFO - Started process (PID=988) to work on /opt/airflow/dags/ingest_local_folder_dag.py
[2026-01-17T17:51:18.097+0000] {processor.py:829} INFO - Processing file /opt/airflow/dags/ingest_local_folder_dag.py for tasks to queue
[2026-01-17T17:51:18.100+0000] {logging_mixin.py:151} INFO - [2026-01-17T17:51:18.099+0000] {dagbag.py:539} INFO - Filling up the DagBag from /opt/airflow/dags/ingest_local_folder_dag.py
[2026-01-17T17:51:19.019+0000] {processor.py:839} INFO - DAG(s) dict_keys(['ingestionDAG']) retrieved from /opt/airflow/dags/ingest_local_folder_dag.py
[2026-01-17T17:51:19.094+0000] {logging_mixin.py:151} INFO - [2026-01-17T17:51:19.093+0000] {dag.py:2915} INFO - Sync 1 DAGs
[2026-01-17T17:51:19.147+0000] {logging_mixin.py:151} INFO - [2026-01-17T17:51:19.147+0000] {dag.py:3696} INFO - Setting next_dagrun for ingestionDAG to 2026-01-17T17:50:49.146762+00:00, run_after=2026-01-17T17:51:19.146762+00:00
[2026-01-17T17:51:19.186+0000] {processor.py:179} INFO - Processing /opt/airflow/dags/ingest_local_folder_dag.py took 1.101 seconds
[2026-01-17T17:51:49.337+0000] {processor.py:157} INFO - Started process (PID=1001) to work on /opt/airflow/dags/ingest_local_folder_dag.py
[2026-01-17T17:51:49.339+0000] {processor.py:829} INFO - Processing file /opt/airflow/dags/ingest_local_folder_dag.py for tasks to queue
[2026-01-17T17:51:49.342+0000] {logging_mixin.py:151} INFO - [2026-01-17T17:51:49.341+0000] {dagbag.py:539} INFO - Filling up the DagBag from /opt/airflow/dags/ingest_local_folder_dag.py
[2026-01-17T17:51:50.264+0000] {processor.py:839} INFO - DAG(s) dict_keys(['ingestionDAG']) retrieved from /opt/airflow/dags/ingest_local_folder_dag.py
[2026-01-17T17:51:50.340+0000] {logging_mixin.py:151} INFO - [2026-01-17T17:51:50.339+0000] {dag.py:2915} INFO - Sync 1 DAGs
[2026-01-17T17:51:50.392+0000] {logging_mixin.py:151} INFO - [2026-01-17T17:51:50.391+0000] {dag.py:3696} INFO - Setting next_dagrun for ingestionDAG to 2026-01-17T17:51:20.391256+00:00, run_after=2026-01-17T17:51:50.391256+00:00
[2026-01-17T17:51:50.429+0000] {processor.py:179} INFO - Processing /opt/airflow/dags/ingest_local_folder_dag.py took 1.103 seconds
[2026-01-17T17:52:20.582+0000] {processor.py:157} INFO - Started process (PID=1014) to work on /opt/airflow/dags/ingest_local_folder_dag.py
[2026-01-17T17:52:20.584+0000] {processor.py:829} INFO - Processing file /opt/airflow/dags/ingest_local_folder_dag.py for tasks to queue
[2026-01-17T17:52:20.586+0000] {logging_mixin.py:151} INFO - [2026-01-17T17:52:20.585+0000] {dagbag.py:539} INFO - Filling up the DagBag from /opt/airflow/dags/ingest_local_folder_dag.py
[2026-01-17T17:52:21.509+0000] {processor.py:839} INFO - DAG(s) dict_keys(['ingestionDAG']) retrieved from /opt/airflow/dags/ingest_local_folder_dag.py
[2026-01-17T17:52:21.584+0000] {logging_mixin.py:151} INFO - [2026-01-17T17:52:21.584+0000] {dag.py:2915} INFO - Sync 1 DAGs
[2026-01-17T17:52:21.635+0000] {logging_mixin.py:151} INFO - [2026-01-17T17:52:21.635+0000] {dag.py:3696} INFO - Setting next_dagrun for ingestionDAG to 2026-01-17T17:51:51.634900+00:00, run_after=2026-01-17T17:52:21.634900+00:00
[2026-01-17T17:52:21.675+0000] {processor.py:179} INFO - Processing /opt/airflow/dags/ingest_local_folder_dag.py took 1.104 seconds
[2026-01-17T17:52:51.826+0000] {processor.py:157} INFO - Started process (PID=1027) to work on /opt/airflow/dags/ingest_local_folder_dag.py
[2026-01-17T17:52:51.828+0000] {processor.py:829} INFO - Processing file /opt/airflow/dags/ingest_local_folder_dag.py for tasks to queue
[2026-01-17T17:52:51.830+0000] {logging_mixin.py:151} INFO - [2026-01-17T17:52:51.829+0000] {dagbag.py:539} INFO - Filling up the DagBag from /opt/airflow/dags/ingest_local_folder_dag.py
[2026-01-17T17:52:52.739+0000] {processor.py:839} INFO - DAG(s) dict_keys(['ingestionDAG']) retrieved from /opt/airflow/dags/ingest_local_folder_dag.py
[2026-01-17T17:52:52.815+0000] {logging_mixin.py:151} INFO - [2026-01-17T17:52:52.815+0000] {dag.py:2915} INFO - Sync 1 DAGs
[2026-01-17T17:52:52.866+0000] {logging_mixin.py:151} INFO - [2026-01-17T17:52:52.866+0000] {dag.py:3696} INFO - Setting next_dagrun for ingestionDAG to 2026-01-17T17:52:22.865744+00:00, run_after=2026-01-17T17:52:52.865744+00:00
[2026-01-17T17:52:52.904+0000] {processor.py:179} INFO - Processing /opt/airflow/dags/ingest_local_folder_dag.py took 1.089 seconds
[2026-01-17T17:53:23.071+0000] {processor.py:157} INFO - Started process (PID=1040) to work on /opt/airflow/dags/ingest_local_folder_dag.py
[2026-01-17T17:53:23.073+0000] {processor.py:829} INFO - Processing file /opt/airflow/dags/ingest_local_folder_dag.py for tasks to queue
[2026-01-17T17:53:23.076+0000] {logging_mixin.py:151} INFO - [2026-01-17T17:53:23.075+0000] {dagbag.py:539} INFO - Filling up the DagBag from /opt/airflow/dags/ingest_local_folder_dag.py
[2026-01-17T17:53:23.982+0000] {processor.py:839} INFO - DAG(s) dict_keys(['ingestionDAG']) retrieved from /opt/airflow/dags/ingest_local_folder_dag.py
[2026-01-17T17:53:24.057+0000] {logging_mixin.py:151} INFO - [2026-01-17T17:53:24.056+0000] {dag.py:2915} INFO - Sync 1 DAGs
[2026-01-17T17:53:24.110+0000] {logging_mixin.py:151} INFO - [2026-01-17T17:53:24.110+0000] {dag.py:3696} INFO - Setting next_dagrun for ingestionDAG to 2026-01-17T17:52:54.109936+00:00, run_after=2026-01-17T17:53:24.109936+00:00
[2026-01-17T17:53:24.147+0000] {processor.py:179} INFO - Processing /opt/airflow/dags/ingest_local_folder_dag.py took 1.086 seconds
[2026-01-17T17:53:54.312+0000] {processor.py:157} INFO - Started process (PID=1053) to work on /opt/airflow/dags/ingest_local_folder_dag.py
[2026-01-17T17:53:54.314+0000] {processor.py:829} INFO - Processing file /opt/airflow/dags/ingest_local_folder_dag.py for tasks to queue
[2026-01-17T17:53:54.317+0000] {logging_mixin.py:151} INFO - [2026-01-17T17:53:54.316+0000] {dagbag.py:539} INFO - Filling up the DagBag from /opt/airflow/dags/ingest_local_folder_dag.py
[2026-01-17T17:53:55.229+0000] {processor.py:839} INFO - DAG(s) dict_keys(['ingestionDAG']) retrieved from /opt/airflow/dags/ingest_local_folder_dag.py
[2026-01-17T17:53:55.304+0000] {logging_mixin.py:151} INFO - [2026-01-17T17:53:55.304+0000] {dag.py:2915} INFO - Sync 1 DAGs
[2026-01-17T17:53:55.358+0000] {logging_mixin.py:151} INFO - [2026-01-17T17:53:55.357+0000] {dag.py:3696} INFO - Setting next_dagrun for ingestionDAG to 2026-01-17T17:53:25.357528+00:00, run_after=2026-01-17T17:53:55.357528+00:00
[2026-01-17T17:53:55.397+0000] {processor.py:179} INFO - Processing /opt/airflow/dags/ingest_local_folder_dag.py took 1.095 seconds
[2026-01-17T17:54:25.560+0000] {processor.py:157} INFO - Started process (PID=1066) to work on /opt/airflow/dags/ingest_local_folder_dag.py
[2026-01-17T17:54:25.562+0000] {processor.py:829} INFO - Processing file /opt/airflow/dags/ingest_local_folder_dag.py for tasks to queue
[2026-01-17T17:54:25.565+0000] {logging_mixin.py:151} INFO - [2026-01-17T17:54:25.564+0000] {dagbag.py:539} INFO - Filling up the DagBag from /opt/airflow/dags/ingest_local_folder_dag.py
[2026-01-17T17:54:26.485+0000] {processor.py:839} INFO - DAG(s) dict_keys(['ingestionDAG']) retrieved from /opt/airflow/dags/ingest_local_folder_dag.py
[2026-01-17T17:54:26.559+0000] {logging_mixin.py:151} INFO - [2026-01-17T17:54:26.559+0000] {dag.py:2915} INFO - Sync 1 DAGs
[2026-01-17T17:54:26.613+0000] {logging_mixin.py:151} INFO - [2026-01-17T17:54:26.612+0000] {dag.py:3696} INFO - Setting next_dagrun for ingestionDAG to 2026-01-17T17:53:56.612548+00:00, run_after=2026-01-17T17:54:26.612548+00:00
[2026-01-17T17:54:26.650+0000] {processor.py:179} INFO - Processing /opt/airflow/dags/ingest_local_folder_dag.py took 1.101 seconds
[2026-01-17T17:54:56.825+0000] {processor.py:157} INFO - Started process (PID=1079) to work on /opt/airflow/dags/ingest_local_folder_dag.py
[2026-01-17T17:54:56.827+0000] {processor.py:829} INFO - Processing file /opt/airflow/dags/ingest_local_folder_dag.py for tasks to queue
[2026-01-17T17:54:56.830+0000] {logging_mixin.py:151} INFO - [2026-01-17T17:54:56.828+0000] {dagbag.py:539} INFO - Filling up the DagBag from /opt/airflow/dags/ingest_local_folder_dag.py
[2026-01-17T17:54:57.732+0000] {processor.py:839} INFO - DAG(s) dict_keys(['ingestionDAG']) retrieved from /opt/airflow/dags/ingest_local_folder_dag.py
[2026-01-17T17:54:57.807+0000] {logging_mixin.py:151} INFO - [2026-01-17T17:54:57.807+0000] {dag.py:2915} INFO - Sync 1 DAGs
[2026-01-17T17:54:57.858+0000] {logging_mixin.py:151} INFO - [2026-01-17T17:54:57.858+0000] {dag.py:3696} INFO - Setting next_dagrun for ingestionDAG to 2026-01-17T17:54:27.857579+00:00, run_after=2026-01-17T17:54:57.857579+00:00
[2026-01-17T17:54:57.897+0000] {processor.py:179} INFO - Processing /opt/airflow/dags/ingest_local_folder_dag.py took 1.082 seconds
[2026-01-17T17:55:28.100+0000] {processor.py:157} INFO - Started process (PID=1092) to work on /opt/airflow/dags/ingest_local_folder_dag.py
[2026-01-17T17:55:28.102+0000] {processor.py:829} INFO - Processing file /opt/airflow/dags/ingest_local_folder_dag.py for tasks to queue
[2026-01-17T17:55:28.105+0000] {logging_mixin.py:151} INFO - [2026-01-17T17:55:28.103+0000] {dagbag.py:539} INFO - Filling up the DagBag from /opt/airflow/dags/ingest_local_folder_dag.py
[2026-01-17T17:55:29.020+0000] {processor.py:839} INFO - DAG(s) dict_keys(['ingestionDAG']) retrieved from /opt/airflow/dags/ingest_local_folder_dag.py
[2026-01-17T17:55:29.095+0000] {logging_mixin.py:151} INFO - [2026-01-17T17:55:29.095+0000] {dag.py:2915} INFO - Sync 1 DAGs
[2026-01-17T17:55:29.146+0000] {logging_mixin.py:151} INFO - [2026-01-17T17:55:29.146+0000] {dag.py:3696} INFO - Setting next_dagrun for ingestionDAG to 2026-01-17T17:54:59.145769+00:00, run_after=2026-01-17T17:55:29.145769+00:00
[2026-01-17T17:55:29.189+0000] {processor.py:179} INFO - Processing /opt/airflow/dags/ingest_local_folder_dag.py took 1.099 seconds
[2026-01-17T17:55:59.339+0000] {processor.py:157} INFO - Started process (PID=1105) to work on /opt/airflow/dags/ingest_local_folder_dag.py
[2026-01-17T17:55:59.341+0000] {processor.py:829} INFO - Processing file /opt/airflow/dags/ingest_local_folder_dag.py for tasks to queue
[2026-01-17T17:55:59.344+0000] {logging_mixin.py:151} INFO - [2026-01-17T17:55:59.342+0000] {dagbag.py:539} INFO - Filling up the DagBag from /opt/airflow/dags/ingest_local_folder_dag.py
[2026-01-17T17:56:00.255+0000] {processor.py:839} INFO - DAG(s) dict_keys(['ingestionDAG']) retrieved from /opt/airflow/dags/ingest_local_folder_dag.py
[2026-01-17T17:56:00.329+0000] {logging_mixin.py:151} INFO - [2026-01-17T17:56:00.329+0000] {dag.py:2915} INFO - Sync 1 DAGs
[2026-01-17T17:56:00.382+0000] {logging_mixin.py:151} INFO - [2026-01-17T17:56:00.382+0000] {dag.py:3696} INFO - Setting next_dagrun for ingestionDAG to 2026-01-17T17:55:30.381831+00:00, run_after=2026-01-17T17:56:00.381831+00:00
[2026-01-17T17:56:00.420+0000] {processor.py:179} INFO - Processing /opt/airflow/dags/ingest_local_folder_dag.py took 1.092 seconds
[2026-01-17T17:56:30.560+0000] {processor.py:157} INFO - Started process (PID=1118) to work on /opt/airflow/dags/ingest_local_folder_dag.py
[2026-01-17T17:56:30.562+0000] {processor.py:829} INFO - Processing file /opt/airflow/dags/ingest_local_folder_dag.py for tasks to queue
[2026-01-17T17:56:30.564+0000] {logging_mixin.py:151} INFO - [2026-01-17T17:56:30.563+0000] {dagbag.py:539} INFO - Filling up the DagBag from /opt/airflow/dags/ingest_local_folder_dag.py
[2026-01-17T17:56:31.437+0000] {processor.py:839} INFO - DAG(s) dict_keys(['ingestionDAG']) retrieved from /opt/airflow/dags/ingest_local_folder_dag.py
[2026-01-17T17:56:31.514+0000] {logging_mixin.py:151} INFO - [2026-01-17T17:56:31.514+0000] {dag.py:2915} INFO - Sync 1 DAGs
[2026-01-17T17:56:31.566+0000] {logging_mixin.py:151} INFO - [2026-01-17T17:56:31.565+0000] {dag.py:3696} INFO - Setting next_dagrun for ingestionDAG to 2026-01-17T17:56:01.565436+00:00, run_after=2026-01-17T17:56:31.565436+00:00
[2026-01-17T17:56:31.604+0000] {processor.py:179} INFO - Processing /opt/airflow/dags/ingest_local_folder_dag.py took 1.055 seconds
[2026-01-17T17:57:01.789+0000] {processor.py:157} INFO - Started process (PID=1131) to work on /opt/airflow/dags/ingest_local_folder_dag.py
[2026-01-17T17:57:01.792+0000] {processor.py:829} INFO - Processing file /opt/airflow/dags/ingest_local_folder_dag.py for tasks to queue
[2026-01-17T17:57:01.794+0000] {logging_mixin.py:151} INFO - [2026-01-17T17:57:01.793+0000] {dagbag.py:539} INFO - Filling up the DagBag from /opt/airflow/dags/ingest_local_folder_dag.py
[2026-01-17T17:57:02.684+0000] {processor.py:839} INFO - DAG(s) dict_keys(['ingestionDAG']) retrieved from /opt/airflow/dags/ingest_local_folder_dag.py
[2026-01-17T17:57:02.759+0000] {logging_mixin.py:151} INFO - [2026-01-17T17:57:02.759+0000] {dag.py:2915} INFO - Sync 1 DAGs
[2026-01-17T17:57:02.811+0000] {logging_mixin.py:151} INFO - [2026-01-17T17:57:02.810+0000] {dag.py:3696} INFO - Setting next_dagrun for ingestionDAG to 2026-01-17T17:56:32.810142+00:00, run_after=2026-01-17T17:57:02.810142+00:00
[2026-01-17T17:57:02.850+0000] {processor.py:179} INFO - Processing /opt/airflow/dags/ingest_local_folder_dag.py took 1.071 seconds
[2026-01-17T17:57:33.030+0000] {processor.py:157} INFO - Started process (PID=1144) to work on /opt/airflow/dags/ingest_local_folder_dag.py
[2026-01-17T17:57:33.032+0000] {processor.py:829} INFO - Processing file /opt/airflow/dags/ingest_local_folder_dag.py for tasks to queue
[2026-01-17T17:57:33.034+0000] {logging_mixin.py:151} INFO - [2026-01-17T17:57:33.033+0000] {dagbag.py:539} INFO - Filling up the DagBag from /opt/airflow/dags/ingest_local_folder_dag.py
[2026-01-17T17:57:33.908+0000] {processor.py:839} INFO - DAG(s) dict_keys(['ingestionDAG']) retrieved from /opt/airflow/dags/ingest_local_folder_dag.py
[2026-01-17T17:57:33.983+0000] {logging_mixin.py:151} INFO - [2026-01-17T17:57:33.982+0000] {dag.py:2915} INFO - Sync 1 DAGs
[2026-01-17T17:57:34.034+0000] {logging_mixin.py:151} INFO - [2026-01-17T17:57:34.034+0000] {dag.py:3696} INFO - Setting next_dagrun for ingestionDAG to 2026-01-17T17:57:04.033860+00:00, run_after=2026-01-17T17:57:34.033860+00:00
[2026-01-17T17:57:34.076+0000] {processor.py:179} INFO - Processing /opt/airflow/dags/ingest_local_folder_dag.py took 1.056 seconds
[2026-01-17T17:58:04.276+0000] {processor.py:157} INFO - Started process (PID=1157) to work on /opt/airflow/dags/ingest_local_folder_dag.py
[2026-01-17T17:58:04.278+0000] {processor.py:829} INFO - Processing file /opt/airflow/dags/ingest_local_folder_dag.py for tasks to queue
[2026-01-17T17:58:04.280+0000] {logging_mixin.py:151} INFO - [2026-01-17T17:58:04.279+0000] {dagbag.py:539} INFO - Filling up the DagBag from /opt/airflow/dags/ingest_local_folder_dag.py
[2026-01-17T17:58:05.154+0000] {processor.py:839} INFO - DAG(s) dict_keys(['ingestionDAG']) retrieved from /opt/airflow/dags/ingest_local_folder_dag.py
[2026-01-17T17:58:05.228+0000] {logging_mixin.py:151} INFO - [2026-01-17T17:58:05.228+0000] {dag.py:2915} INFO - Sync 1 DAGs
[2026-01-17T17:58:05.282+0000] {logging_mixin.py:151} INFO - [2026-01-17T17:58:05.281+0000] {dag.py:3696} INFO - Setting next_dagrun for ingestionDAG to 2026-01-17T17:57:35.281327+00:00, run_after=2026-01-17T17:58:05.281327+00:00
[2026-01-17T17:58:05.318+0000] {processor.py:179} INFO - Processing /opt/airflow/dags/ingest_local_folder_dag.py took 1.052 seconds
[2026-01-17T17:58:35.520+0000] {processor.py:157} INFO - Started process (PID=1170) to work on /opt/airflow/dags/ingest_local_folder_dag.py
[2026-01-17T17:58:35.522+0000] {processor.py:829} INFO - Processing file /opt/airflow/dags/ingest_local_folder_dag.py for tasks to queue
[2026-01-17T17:58:35.524+0000] {logging_mixin.py:151} INFO - [2026-01-17T17:58:35.523+0000] {dagbag.py:539} INFO - Filling up the DagBag from /opt/airflow/dags/ingest_local_folder_dag.py
[2026-01-17T17:58:36.399+0000] {processor.py:839} INFO - DAG(s) dict_keys(['ingestionDAG']) retrieved from /opt/airflow/dags/ingest_local_folder_dag.py
[2026-01-17T17:58:36.473+0000] {logging_mixin.py:151} INFO - [2026-01-17T17:58:36.473+0000] {dag.py:2915} INFO - Sync 1 DAGs
[2026-01-17T17:58:36.527+0000] {logging_mixin.py:151} INFO - [2026-01-17T17:58:36.527+0000] {dag.py:3696} INFO - Setting next_dagrun for ingestionDAG to 2026-01-17T17:58:06.526583+00:00, run_after=2026-01-17T17:58:36.526583+00:00
[2026-01-17T17:58:36.565+0000] {processor.py:179} INFO - Processing /opt/airflow/dags/ingest_local_folder_dag.py took 1.055 seconds
[2026-01-17T17:59:06.757+0000] {processor.py:157} INFO - Started process (PID=1183) to work on /opt/airflow/dags/ingest_local_folder_dag.py
[2026-01-17T17:59:06.760+0000] {processor.py:829} INFO - Processing file /opt/airflow/dags/ingest_local_folder_dag.py for tasks to queue
[2026-01-17T17:59:06.762+0000] {logging_mixin.py:151} INFO - [2026-01-17T17:59:06.761+0000] {dagbag.py:539} INFO - Filling up the DagBag from /opt/airflow/dags/ingest_local_folder_dag.py
[2026-01-17T17:59:07.629+0000] {processor.py:839} INFO - DAG(s) dict_keys(['ingestionDAG']) retrieved from /opt/airflow/dags/ingest_local_folder_dag.py
[2026-01-17T17:59:07.706+0000] {logging_mixin.py:151} INFO - [2026-01-17T17:59:07.705+0000] {dag.py:2915} INFO - Sync 1 DAGs
[2026-01-17T17:59:07.757+0000] {logging_mixin.py:151} INFO - [2026-01-17T17:59:07.756+0000] {dag.py:3696} INFO - Setting next_dagrun for ingestionDAG to 2026-01-17T17:58:37.756305+00:00, run_after=2026-01-17T17:59:07.756305+00:00
[2026-01-17T17:59:07.796+0000] {processor.py:179} INFO - Processing /opt/airflow/dags/ingest_local_folder_dag.py took 1.048 seconds
[2026-01-17T17:59:38.035+0000] {processor.py:157} INFO - Started process (PID=1196) to work on /opt/airflow/dags/ingest_local_folder_dag.py
[2026-01-17T17:59:38.037+0000] {processor.py:829} INFO - Processing file /opt/airflow/dags/ingest_local_folder_dag.py for tasks to queue
[2026-01-17T17:59:38.039+0000] {logging_mixin.py:151} INFO - [2026-01-17T17:59:38.038+0000] {dagbag.py:539} INFO - Filling up the DagBag from /opt/airflow/dags/ingest_local_folder_dag.py
[2026-01-17T17:59:38.893+0000] {processor.py:839} INFO - DAG(s) dict_keys(['ingestionDAG']) retrieved from /opt/airflow/dags/ingest_local_folder_dag.py
[2026-01-17T17:59:38.967+0000] {logging_mixin.py:151} INFO - [2026-01-17T17:59:38.967+0000] {dag.py:2915} INFO - Sync 1 DAGs
[2026-01-17T17:59:39.018+0000] {logging_mixin.py:151} INFO - [2026-01-17T17:59:39.018+0000] {dag.py:3696} INFO - Setting next_dagrun for ingestionDAG to 2026-01-17T17:59:09.018041+00:00, run_after=2026-01-17T17:59:39.018041+00:00
[2026-01-17T17:59:39.056+0000] {processor.py:179} INFO - Processing /opt/airflow/dags/ingest_local_folder_dag.py took 1.030 seconds
[2026-01-17T18:00:09.307+0000] {processor.py:157} INFO - Started process (PID=1207) to work on /opt/airflow/dags/ingest_local_folder_dag.py
[2026-01-17T18:00:09.309+0000] {processor.py:829} INFO - Processing file /opt/airflow/dags/ingest_local_folder_dag.py for tasks to queue
[2026-01-17T18:00:09.311+0000] {logging_mixin.py:151} INFO - [2026-01-17T18:00:09.310+0000] {dagbag.py:539} INFO - Filling up the DagBag from /opt/airflow/dags/ingest_local_folder_dag.py
[2026-01-17T18:00:10.174+0000] {processor.py:839} INFO - DAG(s) dict_keys(['ingestionDAG']) retrieved from /opt/airflow/dags/ingest_local_folder_dag.py
[2026-01-17T18:00:10.249+0000] {logging_mixin.py:151} INFO - [2026-01-17T18:00:10.249+0000] {dag.py:2915} INFO - Sync 1 DAGs
[2026-01-17T18:00:10.305+0000] {logging_mixin.py:151} INFO - [2026-01-17T18:00:10.304+0000] {dag.py:3696} INFO - Setting next_dagrun for ingestionDAG to 2026-01-17T17:59:40.304215+00:00, run_after=2026-01-17T18:00:10.304215+00:00
[2026-01-17T18:00:10.342+0000] {processor.py:179} INFO - Processing /opt/airflow/dags/ingest_local_folder_dag.py took 1.044 seconds
[2026-01-17T18:00:40.532+0000] {processor.py:157} INFO - Started process (PID=1216) to work on /opt/airflow/dags/ingest_local_folder_dag.py
[2026-01-17T18:00:40.534+0000] {processor.py:829} INFO - Processing file /opt/airflow/dags/ingest_local_folder_dag.py for tasks to queue
[2026-01-17T18:00:40.537+0000] {logging_mixin.py:151} INFO - [2026-01-17T18:00:40.535+0000] {dagbag.py:539} INFO - Filling up the DagBag from /opt/airflow/dags/ingest_local_folder_dag.py
[2026-01-17T18:00:41.470+0000] {processor.py:839} INFO - DAG(s) dict_keys(['ingestionDAG']) retrieved from /opt/airflow/dags/ingest_local_folder_dag.py
[2026-01-17T18:00:41.552+0000] {logging_mixin.py:151} INFO - [2026-01-17T18:00:41.551+0000] {dag.py:2915} INFO - Sync 1 DAGs
[2026-01-17T18:00:41.604+0000] {logging_mixin.py:151} INFO - [2026-01-17T18:00:41.604+0000] {dag.py:3696} INFO - Setting next_dagrun for ingestionDAG to 2026-01-17T18:00:11.603678+00:00, run_after=2026-01-17T18:00:41.603678+00:00
[2026-01-17T18:00:41.643+0000] {processor.py:179} INFO - Processing /opt/airflow/dags/ingest_local_folder_dag.py took 1.122 seconds
[2026-01-17T18:01:11.790+0000] {processor.py:157} INFO - Started process (PID=1229) to work on /opt/airflow/dags/ingest_local_folder_dag.py
[2026-01-17T18:01:11.792+0000] {processor.py:829} INFO - Processing file /opt/airflow/dags/ingest_local_folder_dag.py for tasks to queue
[2026-01-17T18:01:11.795+0000] {logging_mixin.py:151} INFO - [2026-01-17T18:01:11.794+0000] {dagbag.py:539} INFO - Filling up the DagBag from /opt/airflow/dags/ingest_local_folder_dag.py
[2026-01-17T18:01:12.668+0000] {processor.py:839} INFO - DAG(s) dict_keys(['ingestionDAG']) retrieved from /opt/airflow/dags/ingest_local_folder_dag.py
[2026-01-17T18:01:12.745+0000] {logging_mixin.py:151} INFO - [2026-01-17T18:01:12.745+0000] {dag.py:2915} INFO - Sync 1 DAGs
[2026-01-17T18:01:12.797+0000] {logging_mixin.py:151} INFO - [2026-01-17T18:01:12.797+0000] {dag.py:3696} INFO - Setting next_dagrun for ingestionDAG to 2026-01-17T18:00:42.796719+00:00, run_after=2026-01-17T18:01:12.796719+00:00
[2026-01-17T18:01:12.835+0000] {processor.py:179} INFO - Processing /opt/airflow/dags/ingest_local_folder_dag.py took 1.055 seconds
[2026-01-17T18:01:42.942+0000] {processor.py:157} INFO - Started process (PID=1242) to work on /opt/airflow/dags/ingest_local_folder_dag.py
[2026-01-17T18:01:42.945+0000] {processor.py:829} INFO - Processing file /opt/airflow/dags/ingest_local_folder_dag.py for tasks to queue
[2026-01-17T18:01:42.947+0000] {logging_mixin.py:151} INFO - [2026-01-17T18:01:42.946+0000] {dagbag.py:539} INFO - Filling up the DagBag from /opt/airflow/dags/ingest_local_folder_dag.py
[2026-01-17T18:01:43.871+0000] {processor.py:839} INFO - DAG(s) dict_keys(['ingestionDAG']) retrieved from /opt/airflow/dags/ingest_local_folder_dag.py
[2026-01-17T18:01:44.006+0000] {logging_mixin.py:151} INFO - [2026-01-17T18:01:44.005+0000] {dag.py:2915} INFO - Sync 1 DAGs
[2026-01-17T18:01:44.062+0000] {logging_mixin.py:151} INFO - [2026-01-17T18:01:44.061+0000] {dag.py:3696} INFO - Setting next_dagrun for ingestionDAG to 2026-01-17T18:01:14.061500+00:00, run_after=2026-01-17T18:01:44.061500+00:00
[2026-01-17T18:01:44.103+0000] {processor.py:179} INFO - Processing /opt/airflow/dags/ingest_local_folder_dag.py took 1.172 seconds
