[2026-03-08T06:10:58.992+0000] {taskinstance.py:1157} INFO - Dependencies all met for dep_context=non-requeueable deps ti=<TaskInstance: embedding_sync_dag.log_stats scheduled__2026-03-08T04:30:00+00:00 [queued]>
[2026-03-08T06:10:59.019+0000] {taskinstance.py:1157} INFO - Dependencies all met for dep_context=requeueable deps ti=<TaskInstance: embedding_sync_dag.log_stats scheduled__2026-03-08T04:30:00+00:00 [queued]>
[2026-03-08T06:10:59.019+0000] {taskinstance.py:1359} INFO - Starting attempt 1 of 3
[2026-03-08T06:10:59.057+0000] {taskinstance.py:1380} INFO - Executing <Task(PythonOperator): log_stats> on 2026-03-08 04:30:00+00:00
[2026-03-08T06:10:59.071+0000] {standard_task_runner.py:57} INFO - Started process 8531 to run task
[2026-03-08T06:10:59.081+0000] {standard_task_runner.py:84} INFO - Running: ['***', 'tasks', 'run', 'embedding_sync_dag', 'log_stats', 'scheduled__2026-03-08T04:30:00+00:00', '--job-id', '2163', '--raw', '--subdir', 'DAGS_FOLDER/embedding_sync_dag.py', '--cfg-path', '/tmp/tmptlal4kzj']
[2026-03-08T06:10:59.090+0000] {standard_task_runner.py:85} INFO - Job 2163: Subtask log_stats
[2026-03-08T06:10:59.271+0000] {task_command.py:415} INFO - Running <TaskInstance: embedding_sync_dag.log_stats scheduled__2026-03-08T04:30:00+00:00 [running]> on host 98946f05c164
[2026-03-08T06:10:59.564+0000] {taskinstance.py:1660} INFO - Exporting env vars: AIRFLOW_CTX_DAG_OWNER='lakehouse' AIRFLOW_CTX_DAG_ID='embedding_sync_dag' AIRFLOW_CTX_TASK_ID='log_stats' AIRFLOW_CTX_EXECUTION_DATE='2026-03-08T04:30:00+00:00' AIRFLOW_CTX_TRY_NUMBER='1' AIRFLOW_CTX_DAG_RUN_ID='scheduled__2026-03-08T04:30:00+00:00'
[2026-03-08T06:10:59.690+0000] {embedding_sync_dag.py:115} INFO - =======================================================
[2026-03-08T06:10:59.691+0000] {embedding_sync_dag.py:116} INFO -   Embedding Sync Summary
[2026-03-08T06:10:59.691+0000] {embedding_sync_dag.py:117} INFO -   Rows backfill-queued : 4122
[2026-03-08T06:10:59.691+0000] {embedding_sync_dag.py:118} INFO -   New tables watched   : 0
[2026-03-08T06:10:59.692+0000] {embedding_sync_dag.py:119} INFO -   Rows embedded        : 4122
[2026-03-08T06:10:59.692+0000] {embedding_sync_dag.py:120} INFO -   Errors               : 0
[2026-03-08T06:10:59.693+0000] {embedding_sync_dag.py:121} INFO - =======================================================
[2026-03-08T06:10:59.693+0000] {python.py:194} INFO - Done. Returned value was: None
[2026-03-08T06:10:59.736+0000] {taskinstance.py:1398} INFO - Marking task as SUCCESS. dag_id=embedding_sync_dag, task_id=log_stats, execution_date=20260308T043000, start_date=20260308T061058, end_date=20260308T061059
[2026-03-08T06:10:59.816+0000] {local_task_job_runner.py:228} INFO - Task exited with return code 0
[2026-03-08T06:10:59.887+0000] {taskinstance.py:2776} INFO - 0 downstream tasks scheduled from follow-on schedule check
