[2026-03-08T15:29:24.648+0000] {taskinstance.py:1157} INFO - Dependencies all met for dep_context=non-requeueable deps ti=<TaskInstance: embedding_sync_dag.log_stats scheduled__2026-03-08T13:55:00+00:00 [queued]>
[2026-03-08T15:29:24.688+0000] {taskinstance.py:1157} INFO - Dependencies all met for dep_context=requeueable deps ti=<TaskInstance: embedding_sync_dag.log_stats scheduled__2026-03-08T13:55:00+00:00 [queued]>
[2026-03-08T15:29:24.689+0000] {taskinstance.py:1359} INFO - Starting attempt 1 of 3
[2026-03-08T15:29:24.728+0000] {taskinstance.py:1380} INFO - Executing <Task(PythonOperator): log_stats> on 2026-03-08 13:55:00+00:00
[2026-03-08T15:29:24.754+0000] {standard_task_runner.py:57} INFO - Started process 242 to run task
[2026-03-08T15:29:24.771+0000] {standard_task_runner.py:84} INFO - Running: ['***', 'tasks', 'run', 'embedding_sync_dag', 'log_stats', 'scheduled__2026-03-08T13:55:00+00:00', '--job-id', '2276', '--raw', '--subdir', 'DAGS_FOLDER/embedding_sync_dag.py', '--cfg-path', '/tmp/tmpebsvt6p2']
[2026-03-08T15:29:24.784+0000] {standard_task_runner.py:85} INFO - Job 2276: Subtask log_stats
[2026-03-08T15:29:25.012+0000] {task_command.py:415} INFO - Running <TaskInstance: embedding_sync_dag.log_stats scheduled__2026-03-08T13:55:00+00:00 [running]> on host 78f9a73a02d7
[2026-03-08T15:29:25.333+0000] {taskinstance.py:1660} INFO - Exporting env vars: AIRFLOW_CTX_DAG_OWNER='lakehouse' AIRFLOW_CTX_DAG_ID='embedding_sync_dag' AIRFLOW_CTX_TASK_ID='log_stats' AIRFLOW_CTX_EXECUTION_DATE='2026-03-08T13:55:00+00:00' AIRFLOW_CTX_TRY_NUMBER='1' AIRFLOW_CTX_DAG_RUN_ID='scheduled__2026-03-08T13:55:00+00:00'
[2026-03-08T15:29:25.481+0000] {embedding_sync_dag.py:115} INFO - =======================================================
[2026-03-08T15:29:25.485+0000] {embedding_sync_dag.py:116} INFO -   Embedding Sync Summary
[2026-03-08T15:29:25.485+0000] {embedding_sync_dag.py:117} INFO -   Rows backfill-queued : 4128
[2026-03-08T15:29:25.488+0000] {embedding_sync_dag.py:118} INFO -   New tables watched   : 0
[2026-03-08T15:29:25.489+0000] {embedding_sync_dag.py:119} INFO -   Rows embedded        : 4150
[2026-03-08T15:29:25.489+0000] {embedding_sync_dag.py:120} INFO -   Errors               : 0
[2026-03-08T15:29:25.489+0000] {embedding_sync_dag.py:121} INFO - =======================================================
[2026-03-08T15:29:25.490+0000] {python.py:194} INFO - Done. Returned value was: None
[2026-03-08T15:29:25.570+0000] {taskinstance.py:1398} INFO - Marking task as SUCCESS. dag_id=embedding_sync_dag, task_id=log_stats, execution_date=20260308T135500, start_date=20260308T152924, end_date=20260308T152925
[2026-03-08T15:29:25.630+0000] {local_task_job_runner.py:228} INFO - Task exited with return code 0
[2026-03-08T15:29:25.723+0000] {taskinstance.py:2776} INFO - 0 downstream tasks scheduled from follow-on schedule check
