[2025-12-02T12:14:57.798+0000] {processor.py:157} INFO - Started process (PID=1342) to work on /opt/airflow/dags/dispatcher_pipeline_dag.py
[2025-12-02T12:14:57.992+0000] {processor.py:829} INFO - Processing file /opt/airflow/dags/dispatcher_pipeline_dag.py for tasks to queue
[2025-12-02T12:14:58.104+0000] {logging_mixin.py:151} INFO - [2025-12-02T12:14:58.021+0000] {dagbag.py:539} INFO - Filling up the DagBag from /opt/airflow/dags/dispatcher_pipeline_dag.py
[2025-12-02T12:15:01.491+0000] {processor.py:839} INFO - DAG(s) dict_keys(['distillationDAG']) retrieved from /opt/airflow/dags/dispatcher_pipeline_dag.py
[2025-12-02T12:15:01.567+0000] {logging_mixin.py:151} INFO - [2025-12-02T12:15:01.566+0000] {dag.py:2915} INFO - Sync 1 DAGs
[2025-12-02T12:15:01.622+0000] {logging_mixin.py:151} INFO - [2025-12-02T12:15:01.621+0000] {dag.py:3696} INFO - Setting next_dagrun for distillationDAG to 2025-12-02T12:14:16.621307+00:00, run_after=2025-12-02T12:15:01.621307+00:00
[2025-12-02T12:15:01.661+0000] {processor.py:179} INFO - Processing /opt/airflow/dags/dispatcher_pipeline_dag.py took 4.169 seconds
[2025-12-02T12:15:32.050+0000] {processor.py:157} INFO - Started process (PID=1370) to work on /opt/airflow/dags/dispatcher_pipeline_dag.py
[2025-12-02T12:15:32.054+0000] {processor.py:829} INFO - Processing file /opt/airflow/dags/dispatcher_pipeline_dag.py for tasks to queue
[2025-12-02T12:15:32.057+0000] {logging_mixin.py:151} INFO - [2025-12-02T12:15:32.055+0000] {dagbag.py:539} INFO - Filling up the DagBag from /opt/airflow/dags/dispatcher_pipeline_dag.py
[2025-12-02T12:15:34.073+0000] {processor.py:839} INFO - DAG(s) dict_keys(['distillationDAG']) retrieved from /opt/airflow/dags/dispatcher_pipeline_dag.py
[2025-12-02T12:15:34.156+0000] {logging_mixin.py:151} INFO - [2025-12-02T12:15:34.155+0000] {dag.py:2915} INFO - Sync 1 DAGs
[2025-12-02T12:15:34.212+0000] {logging_mixin.py:151} INFO - [2025-12-02T12:15:34.211+0000] {dag.py:3696} INFO - Setting next_dagrun for distillationDAG to 2025-12-02T12:14:49.211057+00:00, run_after=2025-12-02T12:15:34.211057+00:00
[2025-12-02T12:15:34.258+0000] {processor.py:179} INFO - Processing /opt/airflow/dags/dispatcher_pipeline_dag.py took 2.222 seconds
[2025-12-02T12:16:04.426+0000] {processor.py:157} INFO - Started process (PID=1387) to work on /opt/airflow/dags/dispatcher_pipeline_dag.py
[2025-12-02T12:16:04.429+0000] {processor.py:829} INFO - Processing file /opt/airflow/dags/dispatcher_pipeline_dag.py for tasks to queue
[2025-12-02T12:16:04.431+0000] {logging_mixin.py:151} INFO - [2025-12-02T12:16:04.430+0000] {dagbag.py:539} INFO - Filling up the DagBag from /opt/airflow/dags/dispatcher_pipeline_dag.py
[2025-12-02T12:16:06.208+0000] {processor.py:839} INFO - DAG(s) dict_keys(['distillationDAG']) retrieved from /opt/airflow/dags/dispatcher_pipeline_dag.py
[2025-12-02T12:16:06.289+0000] {logging_mixin.py:151} INFO - [2025-12-02T12:16:06.288+0000] {dag.py:2915} INFO - Sync 1 DAGs
[2025-12-02T12:16:06.342+0000] {logging_mixin.py:151} INFO - [2025-12-02T12:16:06.341+0000] {dag.py:3696} INFO - Setting next_dagrun for distillationDAG to 2025-12-02T12:15:21.341432+00:00, run_after=2025-12-02T12:16:06.341432+00:00
[2025-12-02T12:16:06.383+0000] {processor.py:179} INFO - Processing /opt/airflow/dags/dispatcher_pipeline_dag.py took 1.968 seconds
[2025-12-02T12:16:36.510+0000] {processor.py:157} INFO - Started process (PID=1404) to work on /opt/airflow/dags/dispatcher_pipeline_dag.py
[2025-12-02T12:16:36.513+0000] {processor.py:829} INFO - Processing file /opt/airflow/dags/dispatcher_pipeline_dag.py for tasks to queue
[2025-12-02T12:16:36.515+0000] {logging_mixin.py:151} INFO - [2025-12-02T12:16:36.514+0000] {dagbag.py:539} INFO - Filling up the DagBag from /opt/airflow/dags/dispatcher_pipeline_dag.py
[2025-12-02T12:16:38.459+0000] {processor.py:839} INFO - DAG(s) dict_keys(['distillationDAG']) retrieved from /opt/airflow/dags/dispatcher_pipeline_dag.py
[2025-12-02T12:16:38.534+0000] {logging_mixin.py:151} INFO - [2025-12-02T12:16:38.533+0000] {dag.py:2915} INFO - Sync 1 DAGs
[2025-12-02T12:16:38.588+0000] {logging_mixin.py:151} INFO - [2025-12-02T12:16:38.587+0000] {dag.py:3696} INFO - Setting next_dagrun for distillationDAG to 2025-12-02T12:15:53.587562+00:00, run_after=2025-12-02T12:16:38.587562+00:00
[2025-12-02T12:16:38.627+0000] {processor.py:179} INFO - Processing /opt/airflow/dags/dispatcher_pipeline_dag.py took 2.127 seconds
[2025-12-02T12:17:09.522+0000] {processor.py:157} INFO - Started process (PID=1421) to work on /opt/airflow/dags/dispatcher_pipeline_dag.py
[2025-12-02T12:17:09.524+0000] {processor.py:829} INFO - Processing file /opt/airflow/dags/dispatcher_pipeline_dag.py for tasks to queue
[2025-12-02T12:17:09.527+0000] {logging_mixin.py:151} INFO - [2025-12-02T12:17:09.526+0000] {dagbag.py:539} INFO - Filling up the DagBag from /opt/airflow/dags/dispatcher_pipeline_dag.py
[2025-12-02T12:17:11.408+0000] {processor.py:839} INFO - DAG(s) dict_keys(['distillationDAG']) retrieved from /opt/airflow/dags/dispatcher_pipeline_dag.py
[2025-12-02T12:17:11.484+0000] {logging_mixin.py:151} INFO - [2025-12-02T12:17:11.482+0000] {dag.py:2915} INFO - Sync 1 DAGs
[2025-12-02T12:17:11.538+0000] {logging_mixin.py:151} INFO - [2025-12-02T12:17:11.537+0000] {dag.py:3696} INFO - Setting next_dagrun for distillationDAG to 2025-12-02T12:16:26.537282+00:00, run_after=2025-12-02T12:17:11.537282+00:00
[2025-12-02T12:17:11.579+0000] {processor.py:179} INFO - Processing /opt/airflow/dags/dispatcher_pipeline_dag.py took 2.068 seconds
[2025-12-02T12:17:41.717+0000] {processor.py:157} INFO - Started process (PID=1438) to work on /opt/airflow/dags/dispatcher_pipeline_dag.py
[2025-12-02T12:17:41.720+0000] {processor.py:829} INFO - Processing file /opt/airflow/dags/dispatcher_pipeline_dag.py for tasks to queue
[2025-12-02T12:17:41.723+0000] {logging_mixin.py:151} INFO - [2025-12-02T12:17:41.721+0000] {dagbag.py:539} INFO - Filling up the DagBag from /opt/airflow/dags/dispatcher_pipeline_dag.py
[2025-12-02T12:17:43.547+0000] {processor.py:839} INFO - DAG(s) dict_keys(['distillationDAG']) retrieved from /opt/airflow/dags/dispatcher_pipeline_dag.py
[2025-12-02T12:17:43.624+0000] {logging_mixin.py:151} INFO - [2025-12-02T12:17:43.623+0000] {dag.py:2915} INFO - Sync 1 DAGs
[2025-12-02T12:17:43.675+0000] {logging_mixin.py:151} INFO - [2025-12-02T12:17:43.674+0000] {dag.py:3696} INFO - Setting next_dagrun for distillationDAG to 2025-12-02T12:16:58.674519+00:00, run_after=2025-12-02T12:17:43.674519+00:00
[2025-12-02T12:17:43.717+0000] {processor.py:179} INFO - Processing /opt/airflow/dags/dispatcher_pipeline_dag.py took 2.011 seconds
[2025-12-02T12:18:13.996+0000] {processor.py:157} INFO - Started process (PID=1455) to work on /opt/airflow/dags/dispatcher_pipeline_dag.py
[2025-12-02T12:18:13.999+0000] {processor.py:829} INFO - Processing file /opt/airflow/dags/dispatcher_pipeline_dag.py for tasks to queue
[2025-12-02T12:18:14.001+0000] {logging_mixin.py:151} INFO - [2025-12-02T12:18:14.000+0000] {dagbag.py:539} INFO - Filling up the DagBag from /opt/airflow/dags/dispatcher_pipeline_dag.py
[2025-12-02T12:18:15.902+0000] {processor.py:839} INFO - DAG(s) dict_keys(['distillationDAG']) retrieved from /opt/airflow/dags/dispatcher_pipeline_dag.py
[2025-12-02T12:18:15.982+0000] {logging_mixin.py:151} INFO - [2025-12-02T12:18:15.981+0000] {dag.py:2915} INFO - Sync 1 DAGs
[2025-12-02T12:18:16.034+0000] {logging_mixin.py:151} INFO - [2025-12-02T12:18:16.033+0000] {dag.py:3696} INFO - Setting next_dagrun for distillationDAG to 2025-12-02T12:17:31.033472+00:00, run_after=2025-12-02T12:18:16.033472+00:00
[2025-12-02T12:18:16.073+0000] {processor.py:179} INFO - Processing /opt/airflow/dags/dispatcher_pipeline_dag.py took 2.088 seconds
[2025-12-02T12:18:46.358+0000] {processor.py:157} INFO - Started process (PID=1472) to work on /opt/airflow/dags/dispatcher_pipeline_dag.py
[2025-12-02T12:18:46.361+0000] {processor.py:829} INFO - Processing file /opt/airflow/dags/dispatcher_pipeline_dag.py for tasks to queue
[2025-12-02T12:18:46.363+0000] {logging_mixin.py:151} INFO - [2025-12-02T12:18:46.362+0000] {dagbag.py:539} INFO - Filling up the DagBag from /opt/airflow/dags/dispatcher_pipeline_dag.py
[2025-12-02T12:18:48.322+0000] {processor.py:839} INFO - DAG(s) dict_keys(['distillationDAG']) retrieved from /opt/airflow/dags/dispatcher_pipeline_dag.py
[2025-12-02T12:18:48.401+0000] {logging_mixin.py:151} INFO - [2025-12-02T12:18:48.400+0000] {dag.py:2915} INFO - Sync 1 DAGs
[2025-12-02T12:18:48.467+0000] {logging_mixin.py:151} INFO - [2025-12-02T12:18:48.466+0000] {dag.py:3696} INFO - Setting next_dagrun for distillationDAG to 2025-12-02T12:18:03.466207+00:00, run_after=2025-12-02T12:18:48.466207+00:00
[2025-12-02T12:18:48.515+0000] {processor.py:179} INFO - Processing /opt/airflow/dags/dispatcher_pipeline_dag.py took 2.166 seconds
[2025-12-02T12:19:18.631+0000] {processor.py:157} INFO - Started process (PID=1489) to work on /opt/airflow/dags/dispatcher_pipeline_dag.py
[2025-12-02T12:19:18.633+0000] {processor.py:829} INFO - Processing file /opt/airflow/dags/dispatcher_pipeline_dag.py for tasks to queue
[2025-12-02T12:19:18.636+0000] {logging_mixin.py:151} INFO - [2025-12-02T12:19:18.635+0000] {dagbag.py:539} INFO - Filling up the DagBag from /opt/airflow/dags/dispatcher_pipeline_dag.py
[2025-12-02T12:19:20.422+0000] {processor.py:839} INFO - DAG(s) dict_keys(['distillationDAG']) retrieved from /opt/airflow/dags/dispatcher_pipeline_dag.py
[2025-12-02T12:19:20.498+0000] {logging_mixin.py:151} INFO - [2025-12-02T12:19:20.497+0000] {dag.py:2915} INFO - Sync 1 DAGs
[2025-12-02T12:19:20.552+0000] {logging_mixin.py:151} INFO - [2025-12-02T12:19:20.551+0000] {dag.py:3696} INFO - Setting next_dagrun for distillationDAG to 2025-12-02T12:18:35.551321+00:00, run_after=2025-12-02T12:19:20.551321+00:00
[2025-12-02T12:19:20.590+0000] {processor.py:179} INFO - Processing /opt/airflow/dags/dispatcher_pipeline_dag.py took 1.970 seconds
[2025-12-02T12:19:50.682+0000] {processor.py:157} INFO - Started process (PID=1506) to work on /opt/airflow/dags/dispatcher_pipeline_dag.py
[2025-12-02T12:19:50.684+0000] {processor.py:829} INFO - Processing file /opt/airflow/dags/dispatcher_pipeline_dag.py for tasks to queue
[2025-12-02T12:19:50.687+0000] {logging_mixin.py:151} INFO - [2025-12-02T12:19:50.686+0000] {dagbag.py:539} INFO - Filling up the DagBag from /opt/airflow/dags/dispatcher_pipeline_dag.py
[2025-12-02T12:19:52.491+0000] {processor.py:839} INFO - DAG(s) dict_keys(['distillationDAG']) retrieved from /opt/airflow/dags/dispatcher_pipeline_dag.py
[2025-12-02T12:19:52.569+0000] {logging_mixin.py:151} INFO - [2025-12-02T12:19:52.568+0000] {dag.py:2915} INFO - Sync 1 DAGs
[2025-12-02T12:19:52.632+0000] {logging_mixin.py:151} INFO - [2025-12-02T12:19:52.631+0000] {dag.py:3696} INFO - Setting next_dagrun for distillationDAG to 2025-12-02T12:19:07.631206+00:00, run_after=2025-12-02T12:19:52.631206+00:00
[2025-12-02T12:19:52.670+0000] {processor.py:179} INFO - Processing /opt/airflow/dags/dispatcher_pipeline_dag.py took 1.999 seconds
[2025-12-02T12:20:22.793+0000] {processor.py:157} INFO - Started process (PID=1523) to work on /opt/airflow/dags/dispatcher_pipeline_dag.py
[2025-12-02T12:20:22.796+0000] {processor.py:829} INFO - Processing file /opt/airflow/dags/dispatcher_pipeline_dag.py for tasks to queue
[2025-12-02T12:20:22.798+0000] {logging_mixin.py:151} INFO - [2025-12-02T12:20:22.797+0000] {dagbag.py:539} INFO - Filling up the DagBag from /opt/airflow/dags/dispatcher_pipeline_dag.py
[2025-12-02T12:20:24.641+0000] {processor.py:839} INFO - DAG(s) dict_keys(['distillationDAG']) retrieved from /opt/airflow/dags/dispatcher_pipeline_dag.py
[2025-12-02T12:20:24.728+0000] {logging_mixin.py:151} INFO - [2025-12-02T12:20:24.727+0000] {dag.py:2915} INFO - Sync 1 DAGs
[2025-12-02T12:20:24.784+0000] {logging_mixin.py:151} INFO - [2025-12-02T12:20:24.784+0000] {dag.py:3696} INFO - Setting next_dagrun for distillationDAG to 2025-12-02T12:19:39.783642+00:00, run_after=2025-12-02T12:20:24.783642+00:00
[2025-12-02T12:20:24.829+0000] {processor.py:179} INFO - Processing /opt/airflow/dags/dispatcher_pipeline_dag.py took 2.048 seconds
[2025-12-02T12:20:55.808+0000] {processor.py:157} INFO - Started process (PID=1540) to work on /opt/airflow/dags/dispatcher_pipeline_dag.py
[2025-12-02T12:20:55.811+0000] {processor.py:829} INFO - Processing file /opt/airflow/dags/dispatcher_pipeline_dag.py for tasks to queue
[2025-12-02T12:20:55.813+0000] {logging_mixin.py:151} INFO - [2025-12-02T12:20:55.812+0000] {dagbag.py:539} INFO - Filling up the DagBag from /opt/airflow/dags/dispatcher_pipeline_dag.py
[2025-12-02T12:20:57.554+0000] {processor.py:839} INFO - DAG(s) dict_keys(['distillationDAG']) retrieved from /opt/airflow/dags/dispatcher_pipeline_dag.py
[2025-12-02T12:20:57.631+0000] {logging_mixin.py:151} INFO - [2025-12-02T12:20:57.630+0000] {dag.py:2915} INFO - Sync 1 DAGs
[2025-12-02T12:20:57.686+0000] {logging_mixin.py:151} INFO - [2025-12-02T12:20:57.686+0000] {dag.py:3696} INFO - Setting next_dagrun for distillationDAG to 2025-12-02T12:20:12.685705+00:00, run_after=2025-12-02T12:20:57.685705+00:00
[2025-12-02T12:20:57.725+0000] {processor.py:179} INFO - Processing /opt/airflow/dags/dispatcher_pipeline_dag.py took 1.927 seconds
[2025-12-02T12:21:27.858+0000] {processor.py:157} INFO - Started process (PID=1557) to work on /opt/airflow/dags/dispatcher_pipeline_dag.py
[2025-12-02T12:21:27.861+0000] {processor.py:829} INFO - Processing file /opt/airflow/dags/dispatcher_pipeline_dag.py for tasks to queue
[2025-12-02T12:21:27.863+0000] {logging_mixin.py:151} INFO - [2025-12-02T12:21:27.862+0000] {dagbag.py:539} INFO - Filling up the DagBag from /opt/airflow/dags/dispatcher_pipeline_dag.py
[2025-12-02T12:21:29.633+0000] {processor.py:839} INFO - DAG(s) dict_keys(['distillationDAG']) retrieved from /opt/airflow/dags/dispatcher_pipeline_dag.py
[2025-12-02T12:21:29.710+0000] {logging_mixin.py:151} INFO - [2025-12-02T12:21:29.709+0000] {dag.py:2915} INFO - Sync 1 DAGs
[2025-12-02T12:21:29.764+0000] {logging_mixin.py:151} INFO - [2025-12-02T12:21:29.763+0000] {dag.py:3696} INFO - Setting next_dagrun for distillationDAG to 2025-12-02T12:20:44.763537+00:00, run_after=2025-12-02T12:21:29.763537+00:00
[2025-12-02T12:21:29.803+0000] {processor.py:179} INFO - Processing /opt/airflow/dags/dispatcher_pipeline_dag.py took 1.956 seconds
[2025-12-02T12:22:00.519+0000] {processor.py:157} INFO - Started process (PID=1574) to work on /opt/airflow/dags/dispatcher_pipeline_dag.py
[2025-12-02T12:22:00.522+0000] {processor.py:829} INFO - Processing file /opt/airflow/dags/dispatcher_pipeline_dag.py for tasks to queue
[2025-12-02T12:22:00.524+0000] {logging_mixin.py:151} INFO - [2025-12-02T12:22:00.523+0000] {dagbag.py:539} INFO - Filling up the DagBag from /opt/airflow/dags/dispatcher_pipeline_dag.py
[2025-12-02T12:22:02.443+0000] {processor.py:839} INFO - DAG(s) dict_keys(['distillationDAG']) retrieved from /opt/airflow/dags/dispatcher_pipeline_dag.py
[2025-12-02T12:22:02.526+0000] {logging_mixin.py:151} INFO - [2025-12-02T12:22:02.524+0000] {dag.py:2915} INFO - Sync 1 DAGs
[2025-12-02T12:22:02.585+0000] {logging_mixin.py:151} INFO - [2025-12-02T12:22:02.584+0000] {dag.py:3696} INFO - Setting next_dagrun for distillationDAG to 2025-12-02T12:21:17.584161+00:00, run_after=2025-12-02T12:22:02.584161+00:00
[2025-12-02T12:22:02.627+0000] {processor.py:179} INFO - Processing /opt/airflow/dags/dispatcher_pipeline_dag.py took 2.118 seconds
[2025-12-02T12:22:33.700+0000] {processor.py:157} INFO - Started process (PID=1591) to work on /opt/airflow/dags/dispatcher_pipeline_dag.py
[2025-12-02T12:22:33.703+0000] {processor.py:829} INFO - Processing file /opt/airflow/dags/dispatcher_pipeline_dag.py for tasks to queue
[2025-12-02T12:22:33.705+0000] {logging_mixin.py:151} INFO - [2025-12-02T12:22:33.704+0000] {dagbag.py:539} INFO - Filling up the DagBag from /opt/airflow/dags/dispatcher_pipeline_dag.py
[2025-12-02T12:22:35.589+0000] {processor.py:839} INFO - DAG(s) dict_keys(['distillationDAG']) retrieved from /opt/airflow/dags/dispatcher_pipeline_dag.py
[2025-12-02T12:22:35.667+0000] {logging_mixin.py:151} INFO - [2025-12-02T12:22:35.666+0000] {dag.py:2915} INFO - Sync 1 DAGs
[2025-12-02T12:22:35.719+0000] {logging_mixin.py:151} INFO - [2025-12-02T12:22:35.719+0000] {dag.py:3696} INFO - Setting next_dagrun for distillationDAG to 2025-12-02T12:21:50.718673+00:00, run_after=2025-12-02T12:22:35.718673+00:00
[2025-12-02T12:22:35.758+0000] {processor.py:179} INFO - Processing /opt/airflow/dags/dispatcher_pipeline_dag.py took 2.069 seconds
[2025-12-02T12:23:05.892+0000] {processor.py:157} INFO - Started process (PID=1608) to work on /opt/airflow/dags/dispatcher_pipeline_dag.py
[2025-12-02T12:23:05.894+0000] {processor.py:829} INFO - Processing file /opt/airflow/dags/dispatcher_pipeline_dag.py for tasks to queue
[2025-12-02T12:23:05.897+0000] {logging_mixin.py:151} INFO - [2025-12-02T12:23:05.896+0000] {dagbag.py:539} INFO - Filling up the DagBag from /opt/airflow/dags/dispatcher_pipeline_dag.py
[2025-12-02T12:23:07.750+0000] {processor.py:839} INFO - DAG(s) dict_keys(['distillationDAG']) retrieved from /opt/airflow/dags/dispatcher_pipeline_dag.py
[2025-12-02T12:23:07.830+0000] {logging_mixin.py:151} INFO - [2025-12-02T12:23:07.829+0000] {dag.py:2915} INFO - Sync 1 DAGs
[2025-12-02T12:23:07.886+0000] {logging_mixin.py:151} INFO - [2025-12-02T12:23:07.886+0000] {dag.py:3696} INFO - Setting next_dagrun for distillationDAG to 2025-12-02T12:22:22.885798+00:00, run_after=2025-12-02T12:23:07.885798+00:00
[2025-12-02T12:23:07.928+0000] {processor.py:179} INFO - Processing /opt/airflow/dags/dispatcher_pipeline_dag.py took 2.047 seconds
[2025-12-02T12:23:38.082+0000] {processor.py:157} INFO - Started process (PID=1625) to work on /opt/airflow/dags/dispatcher_pipeline_dag.py
[2025-12-02T12:23:38.084+0000] {processor.py:829} INFO - Processing file /opt/airflow/dags/dispatcher_pipeline_dag.py for tasks to queue
[2025-12-02T12:23:38.086+0000] {logging_mixin.py:151} INFO - [2025-12-02T12:23:38.085+0000] {dagbag.py:539} INFO - Filling up the DagBag from /opt/airflow/dags/dispatcher_pipeline_dag.py
[2025-12-02T12:23:39.884+0000] {processor.py:839} INFO - DAG(s) dict_keys(['distillationDAG']) retrieved from /opt/airflow/dags/dispatcher_pipeline_dag.py
[2025-12-02T12:23:39.961+0000] {logging_mixin.py:151} INFO - [2025-12-02T12:23:39.960+0000] {dag.py:2915} INFO - Sync 1 DAGs
[2025-12-02T12:23:40.016+0000] {logging_mixin.py:151} INFO - [2025-12-02T12:23:40.015+0000] {dag.py:3696} INFO - Setting next_dagrun for distillationDAG to 2025-12-02T12:22:55.015461+00:00, run_after=2025-12-02T12:23:40.015461+00:00
[2025-12-02T12:23:40.056+0000] {processor.py:179} INFO - Processing /opt/airflow/dags/dispatcher_pipeline_dag.py took 1.985 seconds
[2025-12-02T12:24:10.331+0000] {processor.py:157} INFO - Started process (PID=1642) to work on /opt/airflow/dags/dispatcher_pipeline_dag.py
[2025-12-02T12:24:10.334+0000] {processor.py:829} INFO - Processing file /opt/airflow/dags/dispatcher_pipeline_dag.py for tasks to queue
[2025-12-02T12:24:10.336+0000] {logging_mixin.py:151} INFO - [2025-12-02T12:24:10.335+0000] {dagbag.py:539} INFO - Filling up the DagBag from /opt/airflow/dags/dispatcher_pipeline_dag.py
[2025-12-02T12:24:12.111+0000] {processor.py:839} INFO - DAG(s) dict_keys(['distillationDAG']) retrieved from /opt/airflow/dags/dispatcher_pipeline_dag.py
[2025-12-02T12:24:12.190+0000] {logging_mixin.py:151} INFO - [2025-12-02T12:24:12.189+0000] {dag.py:2915} INFO - Sync 1 DAGs
[2025-12-02T12:24:12.242+0000] {logging_mixin.py:151} INFO - [2025-12-02T12:24:12.241+0000] {dag.py:3696} INFO - Setting next_dagrun for distillationDAG to 2025-12-02T12:23:27.241116+00:00, run_after=2025-12-02T12:24:12.241116+00:00
[2025-12-02T12:24:12.281+0000] {processor.py:179} INFO - Processing /opt/airflow/dags/dispatcher_pipeline_dag.py took 1.961 seconds
[2025-12-02T12:24:42.577+0000] {processor.py:157} INFO - Started process (PID=1659) to work on /opt/airflow/dags/dispatcher_pipeline_dag.py
[2025-12-02T12:24:42.580+0000] {processor.py:829} INFO - Processing file /opt/airflow/dags/dispatcher_pipeline_dag.py for tasks to queue
[2025-12-02T12:24:42.582+0000] {logging_mixin.py:151} INFO - [2025-12-02T12:24:42.581+0000] {dagbag.py:539} INFO - Filling up the DagBag from /opt/airflow/dags/dispatcher_pipeline_dag.py
[2025-12-02T12:24:44.399+0000] {processor.py:839} INFO - DAG(s) dict_keys(['distillationDAG']) retrieved from /opt/airflow/dags/dispatcher_pipeline_dag.py
[2025-12-02T12:24:44.476+0000] {logging_mixin.py:151} INFO - [2025-12-02T12:24:44.475+0000] {dag.py:2915} INFO - Sync 1 DAGs
[2025-12-02T12:24:44.527+0000] {logging_mixin.py:151} INFO - [2025-12-02T12:24:44.527+0000] {dag.py:3696} INFO - Setting next_dagrun for distillationDAG to 2025-12-02T12:23:59.526713+00:00, run_after=2025-12-02T12:24:44.526713+00:00
[2025-12-02T12:24:44.567+0000] {processor.py:179} INFO - Processing /opt/airflow/dags/dispatcher_pipeline_dag.py took 2.001 seconds
[2025-12-02T12:25:14.837+0000] {processor.py:157} INFO - Started process (PID=1676) to work on /opt/airflow/dags/dispatcher_pipeline_dag.py
[2025-12-02T12:25:14.839+0000] {processor.py:829} INFO - Processing file /opt/airflow/dags/dispatcher_pipeline_dag.py for tasks to queue
[2025-12-02T12:25:14.842+0000] {logging_mixin.py:151} INFO - [2025-12-02T12:25:14.841+0000] {dagbag.py:539} INFO - Filling up the DagBag from /opt/airflow/dags/dispatcher_pipeline_dag.py
[2025-12-02T12:25:16.647+0000] {processor.py:839} INFO - DAG(s) dict_keys(['distillationDAG']) retrieved from /opt/airflow/dags/dispatcher_pipeline_dag.py
[2025-12-02T12:25:16.723+0000] {logging_mixin.py:151} INFO - [2025-12-02T12:25:16.722+0000] {dag.py:2915} INFO - Sync 1 DAGs
[2025-12-02T12:25:16.774+0000] {logging_mixin.py:151} INFO - [2025-12-02T12:25:16.773+0000] {dag.py:3696} INFO - Setting next_dagrun for distillationDAG to 2025-12-02T12:24:31.773492+00:00, run_after=2025-12-02T12:25:16.773492+00:00
[2025-12-02T12:25:16.814+0000] {processor.py:179} INFO - Processing /opt/airflow/dags/dispatcher_pipeline_dag.py took 1.989 seconds
[2025-12-02T12:25:47.083+0000] {processor.py:157} INFO - Started process (PID=1693) to work on /opt/airflow/dags/dispatcher_pipeline_dag.py
[2025-12-02T12:25:47.086+0000] {processor.py:829} INFO - Processing file /opt/airflow/dags/dispatcher_pipeline_dag.py for tasks to queue
[2025-12-02T12:25:47.088+0000] {logging_mixin.py:151} INFO - [2025-12-02T12:25:47.087+0000] {dagbag.py:539} INFO - Filling up the DagBag from /opt/airflow/dags/dispatcher_pipeline_dag.py
[2025-12-02T12:25:48.900+0000] {processor.py:839} INFO - DAG(s) dict_keys(['distillationDAG']) retrieved from /opt/airflow/dags/dispatcher_pipeline_dag.py
[2025-12-02T12:25:48.978+0000] {logging_mixin.py:151} INFO - [2025-12-02T12:25:48.976+0000] {dag.py:2915} INFO - Sync 1 DAGs
[2025-12-02T12:25:49.031+0000] {logging_mixin.py:151} INFO - [2025-12-02T12:25:49.031+0000] {dag.py:3696} INFO - Setting next_dagrun for distillationDAG to 2025-12-02T12:25:04.031056+00:00, run_after=2025-12-02T12:25:49.031056+00:00
[2025-12-02T12:25:49.071+0000] {processor.py:179} INFO - Processing /opt/airflow/dags/dispatcher_pipeline_dag.py took 1.999 seconds
[2025-12-02T12:26:19.349+0000] {processor.py:157} INFO - Started process (PID=1710) to work on /opt/airflow/dags/dispatcher_pipeline_dag.py
[2025-12-02T12:26:19.352+0000] {processor.py:829} INFO - Processing file /opt/airflow/dags/dispatcher_pipeline_dag.py for tasks to queue
[2025-12-02T12:26:19.354+0000] {logging_mixin.py:151} INFO - [2025-12-02T12:26:19.353+0000] {dagbag.py:539} INFO - Filling up the DagBag from /opt/airflow/dags/dispatcher_pipeline_dag.py
[2025-12-02T12:26:21.299+0000] {processor.py:839} INFO - DAG(s) dict_keys(['distillationDAG']) retrieved from /opt/airflow/dags/dispatcher_pipeline_dag.py
[2025-12-02T12:26:21.390+0000] {logging_mixin.py:151} INFO - [2025-12-02T12:26:21.389+0000] {dag.py:2915} INFO - Sync 1 DAGs
[2025-12-02T12:26:21.448+0000] {logging_mixin.py:151} INFO - [2025-12-02T12:26:21.448+0000] {dag.py:3696} INFO - Setting next_dagrun for distillationDAG to 2025-12-02T12:25:36.447858+00:00, run_after=2025-12-02T12:26:21.447858+00:00
[2025-12-02T12:26:21.491+0000] {processor.py:179} INFO - Processing /opt/airflow/dags/dispatcher_pipeline_dag.py took 2.154 seconds
[2025-12-02T12:26:51.767+0000] {processor.py:157} INFO - Started process (PID=1727) to work on /opt/airflow/dags/dispatcher_pipeline_dag.py
[2025-12-02T12:26:51.769+0000] {processor.py:829} INFO - Processing file /opt/airflow/dags/dispatcher_pipeline_dag.py for tasks to queue
[2025-12-02T12:26:51.772+0000] {logging_mixin.py:151} INFO - [2025-12-02T12:26:51.771+0000] {dagbag.py:539} INFO - Filling up the DagBag from /opt/airflow/dags/dispatcher_pipeline_dag.py
[2025-12-02T12:26:53.569+0000] {processor.py:839} INFO - DAG(s) dict_keys(['distillationDAG']) retrieved from /opt/airflow/dags/dispatcher_pipeline_dag.py
[2025-12-02T12:26:53.646+0000] {logging_mixin.py:151} INFO - [2025-12-02T12:26:53.645+0000] {dag.py:2915} INFO - Sync 1 DAGs
[2025-12-02T12:26:53.700+0000] {logging_mixin.py:151} INFO - [2025-12-02T12:26:53.700+0000] {dag.py:3696} INFO - Setting next_dagrun for distillationDAG to 2025-12-02T12:26:08.699274+00:00, run_after=2025-12-02T12:26:53.699274+00:00
[2025-12-02T12:26:53.739+0000] {processor.py:179} INFO - Processing /opt/airflow/dags/dispatcher_pipeline_dag.py took 1.983 seconds
[2025-12-02T12:27:24.009+0000] {processor.py:157} INFO - Started process (PID=1744) to work on /opt/airflow/dags/dispatcher_pipeline_dag.py
[2025-12-02T12:27:24.011+0000] {processor.py:829} INFO - Processing file /opt/airflow/dags/dispatcher_pipeline_dag.py for tasks to queue
[2025-12-02T12:27:24.013+0000] {logging_mixin.py:151} INFO - [2025-12-02T12:27:24.012+0000] {dagbag.py:539} INFO - Filling up the DagBag from /opt/airflow/dags/dispatcher_pipeline_dag.py
[2025-12-02T12:27:25.777+0000] {processor.py:839} INFO - DAG(s) dict_keys(['distillationDAG']) retrieved from /opt/airflow/dags/dispatcher_pipeline_dag.py
[2025-12-02T12:27:25.853+0000] {logging_mixin.py:151} INFO - [2025-12-02T12:27:25.852+0000] {dag.py:2915} INFO - Sync 1 DAGs
[2025-12-02T12:27:25.905+0000] {logging_mixin.py:151} INFO - [2025-12-02T12:27:25.905+0000] {dag.py:3696} INFO - Setting next_dagrun for distillationDAG to 2025-12-02T12:26:40.904865+00:00, run_after=2025-12-02T12:27:25.904865+00:00
[2025-12-02T12:27:25.948+0000] {processor.py:179} INFO - Processing /opt/airflow/dags/dispatcher_pipeline_dag.py took 1.951 seconds
[2025-12-02T12:27:56.307+0000] {processor.py:157} INFO - Started process (PID=1761) to work on /opt/airflow/dags/dispatcher_pipeline_dag.py
[2025-12-02T12:27:56.310+0000] {processor.py:829} INFO - Processing file /opt/airflow/dags/dispatcher_pipeline_dag.py for tasks to queue
[2025-12-02T12:27:56.313+0000] {logging_mixin.py:151} INFO - [2025-12-02T12:27:56.311+0000] {dagbag.py:539} INFO - Filling up the DagBag from /opt/airflow/dags/dispatcher_pipeline_dag.py
[2025-12-02T12:27:58.282+0000] {processor.py:839} INFO - DAG(s) dict_keys(['distillationDAG']) retrieved from /opt/airflow/dags/dispatcher_pipeline_dag.py
[2025-12-02T12:27:58.361+0000] {logging_mixin.py:151} INFO - [2025-12-02T12:27:58.360+0000] {dag.py:2915} INFO - Sync 1 DAGs
[2025-12-02T12:27:58.416+0000] {logging_mixin.py:151} INFO - [2025-12-02T12:27:58.415+0000] {dag.py:3696} INFO - Setting next_dagrun for distillationDAG to 2025-12-02T12:27:13.415338+00:00, run_after=2025-12-02T12:27:58.415338+00:00
[2025-12-02T12:27:58.456+0000] {processor.py:179} INFO - Processing /opt/airflow/dags/dispatcher_pipeline_dag.py took 2.160 seconds
[2025-12-02T12:28:29.029+0000] {processor.py:157} INFO - Started process (PID=1778) to work on /opt/airflow/dags/dispatcher_pipeline_dag.py
[2025-12-02T12:28:29.031+0000] {processor.py:829} INFO - Processing file /opt/airflow/dags/dispatcher_pipeline_dag.py for tasks to queue
[2025-12-02T12:28:29.034+0000] {logging_mixin.py:151} INFO - [2025-12-02T12:28:29.033+0000] {dagbag.py:539} INFO - Filling up the DagBag from /opt/airflow/dags/dispatcher_pipeline_dag.py
[2025-12-02T12:28:30.813+0000] {processor.py:839} INFO - DAG(s) dict_keys(['distillationDAG']) retrieved from /opt/airflow/dags/dispatcher_pipeline_dag.py
[2025-12-02T12:28:30.893+0000] {logging_mixin.py:151} INFO - [2025-12-02T12:28:30.892+0000] {dag.py:2915} INFO - Sync 1 DAGs
[2025-12-02T12:28:30.944+0000] {logging_mixin.py:151} INFO - [2025-12-02T12:28:30.944+0000] {dag.py:3696} INFO - Setting next_dagrun for distillationDAG to 2025-12-02T12:27:45.943966+00:00, run_after=2025-12-02T12:28:30.943966+00:00
[2025-12-02T12:28:30.983+0000] {processor.py:179} INFO - Processing /opt/airflow/dags/dispatcher_pipeline_dag.py took 1.966 seconds
[2025-12-02T12:29:01.722+0000] {processor.py:157} INFO - Started process (PID=1800) to work on /opt/airflow/dags/dispatcher_pipeline_dag.py
[2025-12-02T12:29:01.724+0000] {processor.py:829} INFO - Processing file /opt/airflow/dags/dispatcher_pipeline_dag.py for tasks to queue
[2025-12-02T12:29:01.726+0000] {logging_mixin.py:151} INFO - [2025-12-02T12:29:01.725+0000] {dagbag.py:539} INFO - Filling up the DagBag from /opt/airflow/dags/dispatcher_pipeline_dag.py
[2025-12-02T12:29:03.452+0000] {processor.py:839} INFO - DAG(s) dict_keys(['distillationDAG']) retrieved from /opt/airflow/dags/dispatcher_pipeline_dag.py
[2025-12-02T12:29:03.528+0000] {logging_mixin.py:151} INFO - [2025-12-02T12:29:03.527+0000] {dag.py:2915} INFO - Sync 1 DAGs
[2025-12-02T12:29:03.579+0000] {logging_mixin.py:151} INFO - [2025-12-02T12:29:03.579+0000] {dag.py:3696} INFO - Setting next_dagrun for distillationDAG to 2025-12-02T12:28:18.578863+00:00, run_after=2025-12-02T12:29:03.578863+00:00
[2025-12-02T12:29:03.617+0000] {processor.py:179} INFO - Processing /opt/airflow/dags/dispatcher_pipeline_dag.py took 1.905 seconds
[2025-12-02T12:29:34.012+0000] {processor.py:157} INFO - Started process (PID=1817) to work on /opt/airflow/dags/dispatcher_pipeline_dag.py
[2025-12-02T12:29:34.015+0000] {processor.py:829} INFO - Processing file /opt/airflow/dags/dispatcher_pipeline_dag.py for tasks to queue
[2025-12-02T12:29:34.017+0000] {logging_mixin.py:151} INFO - [2025-12-02T12:29:34.016+0000] {dagbag.py:539} INFO - Filling up the DagBag from /opt/airflow/dags/dispatcher_pipeline_dag.py
[2025-12-02T12:29:35.760+0000] {processor.py:839} INFO - DAG(s) dict_keys(['distillationDAG']) retrieved from /opt/airflow/dags/dispatcher_pipeline_dag.py
[2025-12-02T12:29:35.836+0000] {logging_mixin.py:151} INFO - [2025-12-02T12:29:35.835+0000] {dag.py:2915} INFO - Sync 1 DAGs
[2025-12-02T12:29:35.890+0000] {logging_mixin.py:151} INFO - [2025-12-02T12:29:35.890+0000] {dag.py:3696} INFO - Setting next_dagrun for distillationDAG to 2025-12-02T12:28:50.889876+00:00, run_after=2025-12-02T12:29:35.889876+00:00
[2025-12-02T12:29:35.930+0000] {processor.py:179} INFO - Processing /opt/airflow/dags/dispatcher_pipeline_dag.py took 1.928 seconds
[2025-12-02T12:30:06.238+0000] {processor.py:157} INFO - Started process (PID=1834) to work on /opt/airflow/dags/dispatcher_pipeline_dag.py
[2025-12-02T12:30:06.240+0000] {processor.py:829} INFO - Processing file /opt/airflow/dags/dispatcher_pipeline_dag.py for tasks to queue
[2025-12-02T12:30:06.242+0000] {logging_mixin.py:151} INFO - [2025-12-02T12:30:06.241+0000] {dagbag.py:539} INFO - Filling up the DagBag from /opt/airflow/dags/dispatcher_pipeline_dag.py
[2025-12-02T12:30:07.988+0000] {processor.py:839} INFO - DAG(s) dict_keys(['distillationDAG']) retrieved from /opt/airflow/dags/dispatcher_pipeline_dag.py
[2025-12-02T12:30:08.065+0000] {logging_mixin.py:151} INFO - [2025-12-02T12:30:08.064+0000] {dag.py:2915} INFO - Sync 1 DAGs
[2025-12-02T12:30:08.119+0000] {logging_mixin.py:151} INFO - [2025-12-02T12:30:08.118+0000] {dag.py:3696} INFO - Setting next_dagrun for distillationDAG to 2025-12-02T12:29:23.118463+00:00, run_after=2025-12-02T12:30:08.118463+00:00
[2025-12-02T12:30:08.158+0000] {processor.py:179} INFO - Processing /opt/airflow/dags/dispatcher_pipeline_dag.py took 1.931 seconds
[2025-12-02T12:30:38.281+0000] {processor.py:157} INFO - Started process (PID=1851) to work on /opt/airflow/dags/dispatcher_pipeline_dag.py
[2025-12-02T12:30:38.284+0000] {processor.py:829} INFO - Processing file /opt/airflow/dags/dispatcher_pipeline_dag.py for tasks to queue
[2025-12-02T12:30:38.286+0000] {logging_mixin.py:151} INFO - [2025-12-02T12:30:38.285+0000] {dagbag.py:539} INFO - Filling up the DagBag from /opt/airflow/dags/dispatcher_pipeline_dag.py
[2025-12-02T12:30:40.052+0000] {processor.py:839} INFO - DAG(s) dict_keys(['distillationDAG']) retrieved from /opt/airflow/dags/dispatcher_pipeline_dag.py
[2025-12-02T12:30:40.131+0000] {logging_mixin.py:151} INFO - [2025-12-02T12:30:40.130+0000] {dag.py:2915} INFO - Sync 1 DAGs
[2025-12-02T12:30:40.182+0000] {logging_mixin.py:151} INFO - [2025-12-02T12:30:40.182+0000] {dag.py:3696} INFO - Setting next_dagrun for distillationDAG to 2025-12-02T12:29:55.182073+00:00, run_after=2025-12-02T12:30:40.182073+00:00
[2025-12-02T12:30:40.220+0000] {processor.py:179} INFO - Processing /opt/airflow/dags/dispatcher_pipeline_dag.py took 1.951 seconds
[2025-12-02T12:31:10.928+0000] {processor.py:157} INFO - Started process (PID=1868) to work on /opt/airflow/dags/dispatcher_pipeline_dag.py
[2025-12-02T12:31:10.930+0000] {processor.py:829} INFO - Processing file /opt/airflow/dags/dispatcher_pipeline_dag.py for tasks to queue
[2025-12-02T12:31:10.933+0000] {logging_mixin.py:151} INFO - [2025-12-02T12:31:10.932+0000] {dagbag.py:539} INFO - Filling up the DagBag from /opt/airflow/dags/dispatcher_pipeline_dag.py
[2025-12-02T12:31:12.684+0000] {processor.py:839} INFO - DAG(s) dict_keys(['distillationDAG']) retrieved from /opt/airflow/dags/dispatcher_pipeline_dag.py
[2025-12-02T12:31:12.759+0000] {logging_mixin.py:151} INFO - [2025-12-02T12:31:12.758+0000] {dag.py:2915} INFO - Sync 1 DAGs
[2025-12-02T12:31:12.811+0000] {logging_mixin.py:151} INFO - [2025-12-02T12:31:12.810+0000] {dag.py:3696} INFO - Setting next_dagrun for distillationDAG to 2025-12-02T12:30:27.810376+00:00, run_after=2025-12-02T12:31:12.810376+00:00
[2025-12-02T12:31:12.849+0000] {processor.py:179} INFO - Processing /opt/airflow/dags/dispatcher_pipeline_dag.py took 1.932 seconds
[2025-12-02T12:31:43.223+0000] {processor.py:157} INFO - Started process (PID=1885) to work on /opt/airflow/dags/dispatcher_pipeline_dag.py
[2025-12-02T12:31:43.225+0000] {processor.py:829} INFO - Processing file /opt/airflow/dags/dispatcher_pipeline_dag.py for tasks to queue
[2025-12-02T12:31:43.228+0000] {logging_mixin.py:151} INFO - [2025-12-02T12:31:43.226+0000] {dagbag.py:539} INFO - Filling up the DagBag from /opt/airflow/dags/dispatcher_pipeline_dag.py
[2025-12-02T12:31:45.009+0000] {processor.py:839} INFO - DAG(s) dict_keys(['distillationDAG']) retrieved from /opt/airflow/dags/dispatcher_pipeline_dag.py
[2025-12-02T12:31:45.085+0000] {logging_mixin.py:151} INFO - [2025-12-02T12:31:45.084+0000] {dag.py:2915} INFO - Sync 1 DAGs
[2025-12-02T12:31:45.140+0000] {logging_mixin.py:151} INFO - [2025-12-02T12:31:45.140+0000] {dag.py:3696} INFO - Setting next_dagrun for distillationDAG to 2025-12-02T12:31:00.139908+00:00, run_after=2025-12-02T12:31:45.139908+00:00
[2025-12-02T12:31:45.180+0000] {processor.py:179} INFO - Processing /opt/airflow/dags/dispatcher_pipeline_dag.py took 1.968 seconds
[2025-12-02T12:32:15.494+0000] {processor.py:157} INFO - Started process (PID=1902) to work on /opt/airflow/dags/dispatcher_pipeline_dag.py
[2025-12-02T12:32:15.496+0000] {processor.py:829} INFO - Processing file /opt/airflow/dags/dispatcher_pipeline_dag.py for tasks to queue
[2025-12-02T12:32:15.499+0000] {logging_mixin.py:151} INFO - [2025-12-02T12:32:15.498+0000] {dagbag.py:539} INFO - Filling up the DagBag from /opt/airflow/dags/dispatcher_pipeline_dag.py
[2025-12-02T12:32:17.244+0000] {processor.py:839} INFO - DAG(s) dict_keys(['distillationDAG']) retrieved from /opt/airflow/dags/dispatcher_pipeline_dag.py
[2025-12-02T12:32:17.320+0000] {logging_mixin.py:151} INFO - [2025-12-02T12:32:17.319+0000] {dag.py:2915} INFO - Sync 1 DAGs
[2025-12-02T12:32:17.375+0000] {logging_mixin.py:151} INFO - [2025-12-02T12:32:17.374+0000] {dag.py:3696} INFO - Setting next_dagrun for distillationDAG to 2025-12-02T12:31:32.374403+00:00, run_after=2025-12-02T12:32:17.374403+00:00
[2025-12-02T12:32:17.414+0000] {processor.py:179} INFO - Processing /opt/airflow/dags/dispatcher_pipeline_dag.py took 1.931 seconds
[2025-12-02T12:32:47.687+0000] {processor.py:157} INFO - Started process (PID=1919) to work on /opt/airflow/dags/dispatcher_pipeline_dag.py
[2025-12-02T12:32:47.690+0000] {processor.py:829} INFO - Processing file /opt/airflow/dags/dispatcher_pipeline_dag.py for tasks to queue
[2025-12-02T12:32:47.692+0000] {logging_mixin.py:151} INFO - [2025-12-02T12:32:47.691+0000] {dagbag.py:539} INFO - Filling up the DagBag from /opt/airflow/dags/dispatcher_pipeline_dag.py
[2025-12-02T12:32:49.439+0000] {processor.py:839} INFO - DAG(s) dict_keys(['distillationDAG']) retrieved from /opt/airflow/dags/dispatcher_pipeline_dag.py
[2025-12-02T12:32:49.521+0000] {logging_mixin.py:151} INFO - [2025-12-02T12:32:49.520+0000] {dag.py:2915} INFO - Sync 1 DAGs
[2025-12-02T12:32:49.580+0000] {logging_mixin.py:151} INFO - [2025-12-02T12:32:49.580+0000] {dag.py:3696} INFO - Setting next_dagrun for distillationDAG to 2025-12-02T12:32:04.579942+00:00, run_after=2025-12-02T12:32:49.579942+00:00
[2025-12-02T12:32:49.620+0000] {processor.py:179} INFO - Processing /opt/airflow/dags/dispatcher_pipeline_dag.py took 1.943 seconds
[2025-12-02T12:33:19.976+0000] {processor.py:157} INFO - Started process (PID=1936) to work on /opt/airflow/dags/dispatcher_pipeline_dag.py
[2025-12-02T12:33:19.978+0000] {processor.py:829} INFO - Processing file /opt/airflow/dags/dispatcher_pipeline_dag.py for tasks to queue
[2025-12-02T12:33:19.981+0000] {logging_mixin.py:151} INFO - [2025-12-02T12:33:19.980+0000] {dagbag.py:539} INFO - Filling up the DagBag from /opt/airflow/dags/dispatcher_pipeline_dag.py
[2025-12-02T12:33:21.732+0000] {processor.py:839} INFO - DAG(s) dict_keys(['distillationDAG']) retrieved from /opt/airflow/dags/dispatcher_pipeline_dag.py
[2025-12-02T12:33:21.808+0000] {logging_mixin.py:151} INFO - [2025-12-02T12:33:21.807+0000] {dag.py:2915} INFO - Sync 1 DAGs
[2025-12-02T12:33:21.859+0000] {logging_mixin.py:151} INFO - [2025-12-02T12:33:21.859+0000] {dag.py:3696} INFO - Setting next_dagrun for distillationDAG to 2025-12-02T12:32:36.858978+00:00, run_after=2025-12-02T12:33:21.858978+00:00
[2025-12-02T12:33:21.898+0000] {processor.py:179} INFO - Processing /opt/airflow/dags/dispatcher_pipeline_dag.py took 1.933 seconds
[2025-12-02T12:33:52.602+0000] {processor.py:157} INFO - Started process (PID=1953) to work on /opt/airflow/dags/dispatcher_pipeline_dag.py
[2025-12-02T12:33:52.604+0000] {processor.py:829} INFO - Processing file /opt/airflow/dags/dispatcher_pipeline_dag.py for tasks to queue
[2025-12-02T12:33:52.607+0000] {logging_mixin.py:151} INFO - [2025-12-02T12:33:52.606+0000] {dagbag.py:539} INFO - Filling up the DagBag from /opt/airflow/dags/dispatcher_pipeline_dag.py
[2025-12-02T12:33:54.374+0000] {processor.py:839} INFO - DAG(s) dict_keys(['distillationDAG']) retrieved from /opt/airflow/dags/dispatcher_pipeline_dag.py
[2025-12-02T12:33:54.450+0000] {logging_mixin.py:151} INFO - [2025-12-02T12:33:54.449+0000] {dag.py:2915} INFO - Sync 1 DAGs
[2025-12-02T12:33:54.502+0000] {logging_mixin.py:151} INFO - [2025-12-02T12:33:54.501+0000] {dag.py:3696} INFO - Setting next_dagrun for distillationDAG to 2025-12-02T12:33:09.501549+00:00, run_after=2025-12-02T12:33:54.501549+00:00
[2025-12-02T12:33:54.545+0000] {processor.py:179} INFO - Processing /opt/airflow/dags/dispatcher_pipeline_dag.py took 1.953 seconds
[2025-12-02T12:34:24.672+0000] {processor.py:157} INFO - Started process (PID=1970) to work on /opt/airflow/dags/dispatcher_pipeline_dag.py
[2025-12-02T12:34:24.675+0000] {processor.py:829} INFO - Processing file /opt/airflow/dags/dispatcher_pipeline_dag.py for tasks to queue
[2025-12-02T12:34:24.677+0000] {logging_mixin.py:151} INFO - [2025-12-02T12:34:24.676+0000] {dagbag.py:539} INFO - Filling up the DagBag from /opt/airflow/dags/dispatcher_pipeline_dag.py
[2025-12-02T12:34:26.413+0000] {processor.py:839} INFO - DAG(s) dict_keys(['distillationDAG']) retrieved from /opt/airflow/dags/dispatcher_pipeline_dag.py
[2025-12-02T12:34:26.488+0000] {logging_mixin.py:151} INFO - [2025-12-02T12:34:26.487+0000] {dag.py:2915} INFO - Sync 1 DAGs
[2025-12-02T12:34:26.541+0000] {logging_mixin.py:151} INFO - [2025-12-02T12:34:26.541+0000] {dag.py:3696} INFO - Setting next_dagrun for distillationDAG to 2025-12-02T12:33:41.541081+00:00, run_after=2025-12-02T12:34:26.541081+00:00
[2025-12-02T12:34:26.581+0000] {processor.py:179} INFO - Processing /opt/airflow/dags/dispatcher_pipeline_dag.py took 1.920 seconds
[2025-12-02T12:34:56.967+0000] {processor.py:157} INFO - Started process (PID=1987) to work on /opt/airflow/dags/dispatcher_pipeline_dag.py
[2025-12-02T12:34:56.969+0000] {processor.py:829} INFO - Processing file /opt/airflow/dags/dispatcher_pipeline_dag.py for tasks to queue
[2025-12-02T12:34:56.971+0000] {logging_mixin.py:151} INFO - [2025-12-02T12:34:56.970+0000] {dagbag.py:539} INFO - Filling up the DagBag from /opt/airflow/dags/dispatcher_pipeline_dag.py
[2025-12-02T12:34:58.707+0000] {processor.py:839} INFO - DAG(s) dict_keys(['distillationDAG']) retrieved from /opt/airflow/dags/dispatcher_pipeline_dag.py
[2025-12-02T12:34:58.785+0000] {logging_mixin.py:151} INFO - [2025-12-02T12:34:58.784+0000] {dag.py:2915} INFO - Sync 1 DAGs
[2025-12-02T12:34:58.836+0000] {logging_mixin.py:151} INFO - [2025-12-02T12:34:58.836+0000] {dag.py:3696} INFO - Setting next_dagrun for distillationDAG to 2025-12-02T12:34:13.835630+00:00, run_after=2025-12-02T12:34:58.835630+00:00
[2025-12-02T12:34:58.874+0000] {processor.py:179} INFO - Processing /opt/airflow/dags/dispatcher_pipeline_dag.py took 1.918 seconds
[2025-12-02T12:35:29.416+0000] {processor.py:157} INFO - Started process (PID=2004) to work on /opt/airflow/dags/dispatcher_pipeline_dag.py
[2025-12-02T12:35:29.418+0000] {processor.py:829} INFO - Processing file /opt/airflow/dags/dispatcher_pipeline_dag.py for tasks to queue
[2025-12-02T12:35:29.420+0000] {logging_mixin.py:151} INFO - [2025-12-02T12:35:29.419+0000] {dagbag.py:539} INFO - Filling up the DagBag from /opt/airflow/dags/dispatcher_pipeline_dag.py
[2025-12-02T12:35:31.163+0000] {processor.py:839} INFO - DAG(s) dict_keys(['distillationDAG']) retrieved from /opt/airflow/dags/dispatcher_pipeline_dag.py
[2025-12-02T12:35:31.240+0000] {logging_mixin.py:151} INFO - [2025-12-02T12:35:31.239+0000] {dag.py:2915} INFO - Sync 1 DAGs
[2025-12-02T12:35:31.291+0000] {logging_mixin.py:151} INFO - [2025-12-02T12:35:31.291+0000] {dag.py:3696} INFO - Setting next_dagrun for distillationDAG to 2025-12-02T12:34:46.290602+00:00, run_after=2025-12-02T12:35:31.290602+00:00
[2025-12-02T12:35:31.330+0000] {processor.py:179} INFO - Processing /opt/airflow/dags/dispatcher_pipeline_dag.py took 1.924 seconds
[2025-12-02T12:36:01.956+0000] {processor.py:157} INFO - Started process (PID=2021) to work on /opt/airflow/dags/dispatcher_pipeline_dag.py
[2025-12-02T12:36:01.959+0000] {processor.py:829} INFO - Processing file /opt/airflow/dags/dispatcher_pipeline_dag.py for tasks to queue
[2025-12-02T12:36:01.961+0000] {logging_mixin.py:151} INFO - [2025-12-02T12:36:01.960+0000] {dagbag.py:539} INFO - Filling up the DagBag from /opt/airflow/dags/dispatcher_pipeline_dag.py
[2025-12-02T12:36:03.699+0000] {processor.py:839} INFO - DAG(s) dict_keys(['distillationDAG']) retrieved from /opt/airflow/dags/dispatcher_pipeline_dag.py
[2025-12-02T12:36:03.774+0000] {logging_mixin.py:151} INFO - [2025-12-02T12:36:03.773+0000] {dag.py:2915} INFO - Sync 1 DAGs
[2025-12-02T12:36:03.826+0000] {logging_mixin.py:151} INFO - [2025-12-02T12:36:03.825+0000] {dag.py:3696} INFO - Setting next_dagrun for distillationDAG to 2025-12-02T12:35:18.825509+00:00, run_after=2025-12-02T12:36:03.825509+00:00
[2025-12-02T12:36:03.867+0000] {processor.py:179} INFO - Processing /opt/airflow/dags/dispatcher_pipeline_dag.py took 1.921 seconds
[2025-12-02T12:36:33.949+0000] {processor.py:157} INFO - Started process (PID=2038) to work on /opt/airflow/dags/dispatcher_pipeline_dag.py
[2025-12-02T12:36:33.952+0000] {processor.py:829} INFO - Processing file /opt/airflow/dags/dispatcher_pipeline_dag.py for tasks to queue
[2025-12-02T12:36:33.954+0000] {logging_mixin.py:151} INFO - [2025-12-02T12:36:33.953+0000] {dagbag.py:539} INFO - Filling up the DagBag from /opt/airflow/dags/dispatcher_pipeline_dag.py
[2025-12-02T12:36:35.802+0000] {processor.py:839} INFO - DAG(s) dict_keys(['distillationDAG']) retrieved from /opt/airflow/dags/dispatcher_pipeline_dag.py
[2025-12-02T12:36:35.878+0000] {logging_mixin.py:151} INFO - [2025-12-02T12:36:35.877+0000] {dag.py:2915} INFO - Sync 1 DAGs
[2025-12-02T12:36:35.937+0000] {logging_mixin.py:151} INFO - [2025-12-02T12:36:35.936+0000] {dag.py:3696} INFO - Setting next_dagrun for distillationDAG to 2025-12-02T12:35:50.936403+00:00, run_after=2025-12-02T12:36:35.936403+00:00
[2025-12-02T12:36:35.983+0000] {processor.py:179} INFO - Processing /opt/airflow/dags/dispatcher_pipeline_dag.py took 2.044 seconds
[2025-12-02T12:37:06.215+0000] {processor.py:157} INFO - Started process (PID=2055) to work on /opt/airflow/dags/dispatcher_pipeline_dag.py
[2025-12-02T12:37:06.218+0000] {processor.py:829} INFO - Processing file /opt/airflow/dags/dispatcher_pipeline_dag.py for tasks to queue
[2025-12-02T12:37:06.221+0000] {logging_mixin.py:151} INFO - [2025-12-02T12:37:06.220+0000] {dagbag.py:539} INFO - Filling up the DagBag from /opt/airflow/dags/dispatcher_pipeline_dag.py
[2025-12-02T12:37:08.035+0000] {processor.py:839} INFO - DAG(s) dict_keys(['distillationDAG']) retrieved from /opt/airflow/dags/dispatcher_pipeline_dag.py
[2025-12-02T12:37:08.118+0000] {logging_mixin.py:151} INFO - [2025-12-02T12:37:08.116+0000] {dag.py:2915} INFO - Sync 1 DAGs
[2025-12-02T12:37:08.172+0000] {logging_mixin.py:151} INFO - [2025-12-02T12:37:08.171+0000] {dag.py:3696} INFO - Setting next_dagrun for distillationDAG to 2025-12-02T12:36:23.171429+00:00, run_after=2025-12-02T12:37:08.171429+00:00
[2025-12-02T12:37:08.213+0000] {processor.py:179} INFO - Processing /opt/airflow/dags/dispatcher_pipeline_dag.py took 2.010 seconds
[2025-12-02T12:37:38.519+0000] {processor.py:157} INFO - Started process (PID=2072) to work on /opt/airflow/dags/dispatcher_pipeline_dag.py
[2025-12-02T12:37:38.521+0000] {processor.py:829} INFO - Processing file /opt/airflow/dags/dispatcher_pipeline_dag.py for tasks to queue
[2025-12-02T12:37:38.524+0000] {logging_mixin.py:151} INFO - [2025-12-02T12:37:38.523+0000] {dagbag.py:539} INFO - Filling up the DagBag from /opt/airflow/dags/dispatcher_pipeline_dag.py
[2025-12-02T12:37:40.387+0000] {processor.py:839} INFO - DAG(s) dict_keys(['distillationDAG']) retrieved from /opt/airflow/dags/dispatcher_pipeline_dag.py
[2025-12-02T12:37:40.466+0000] {logging_mixin.py:151} INFO - [2025-12-02T12:37:40.465+0000] {dag.py:2915} INFO - Sync 1 DAGs
[2025-12-02T12:37:40.519+0000] {logging_mixin.py:151} INFO - [2025-12-02T12:37:40.518+0000] {dag.py:3696} INFO - Setting next_dagrun for distillationDAG to 2025-12-02T12:36:55.518489+00:00, run_after=2025-12-02T12:37:40.518489+00:00
[2025-12-02T12:37:40.560+0000] {processor.py:179} INFO - Processing /opt/airflow/dags/dispatcher_pipeline_dag.py took 2.052 seconds
[2025-12-02T12:38:10.827+0000] {processor.py:157} INFO - Started process (PID=2087) to work on /opt/airflow/dags/dispatcher_pipeline_dag.py
[2025-12-02T12:38:10.829+0000] {processor.py:829} INFO - Processing file /opt/airflow/dags/dispatcher_pipeline_dag.py for tasks to queue
[2025-12-02T12:38:10.831+0000] {logging_mixin.py:151} INFO - [2025-12-02T12:38:10.830+0000] {dagbag.py:539} INFO - Filling up the DagBag from /opt/airflow/dags/dispatcher_pipeline_dag.py
[2025-12-02T12:38:12.526+0000] {processor.py:839} INFO - DAG(s) dict_keys(['distillationDAG']) retrieved from /opt/airflow/dags/dispatcher_pipeline_dag.py
[2025-12-02T12:38:12.603+0000] {logging_mixin.py:151} INFO - [2025-12-02T12:38:12.602+0000] {dag.py:2915} INFO - Sync 1 DAGs
[2025-12-02T12:38:12.654+0000] {logging_mixin.py:151} INFO - [2025-12-02T12:38:12.654+0000] {dag.py:3696} INFO - Setting next_dagrun for distillationDAG to 2025-12-02T12:37:27.653867+00:00, run_after=2025-12-02T12:38:12.653867+00:00
[2025-12-02T12:38:12.696+0000] {processor.py:179} INFO - Processing /opt/airflow/dags/dispatcher_pipeline_dag.py took 1.879 seconds
[2025-12-02T12:38:42.831+0000] {processor.py:157} INFO - Started process (PID=2104) to work on /opt/airflow/dags/dispatcher_pipeline_dag.py
[2025-12-02T12:38:42.834+0000] {processor.py:829} INFO - Processing file /opt/airflow/dags/dispatcher_pipeline_dag.py for tasks to queue
[2025-12-02T12:38:42.837+0000] {logging_mixin.py:151} INFO - [2025-12-02T12:38:42.835+0000] {dagbag.py:539} INFO - Filling up the DagBag from /opt/airflow/dags/dispatcher_pipeline_dag.py
[2025-12-02T12:38:44.546+0000] {processor.py:839} INFO - DAG(s) dict_keys(['distillationDAG']) retrieved from /opt/airflow/dags/dispatcher_pipeline_dag.py
[2025-12-02T12:38:44.623+0000] {logging_mixin.py:151} INFO - [2025-12-02T12:38:44.622+0000] {dag.py:2915} INFO - Sync 1 DAGs
[2025-12-02T12:38:44.678+0000] {logging_mixin.py:151} INFO - [2025-12-02T12:38:44.678+0000] {dag.py:3696} INFO - Setting next_dagrun for distillationDAG to 2025-12-02T12:37:59.678062+00:00, run_after=2025-12-02T12:38:44.678062+00:00
[2025-12-02T12:38:44.719+0000] {processor.py:179} INFO - Processing /opt/airflow/dags/dispatcher_pipeline_dag.py took 1.898 seconds
[2025-12-02T12:39:15.325+0000] {processor.py:157} INFO - Started process (PID=2121) to work on /opt/airflow/dags/dispatcher_pipeline_dag.py
[2025-12-02T12:39:15.328+0000] {processor.py:829} INFO - Processing file /opt/airflow/dags/dispatcher_pipeline_dag.py for tasks to queue
[2025-12-02T12:39:15.331+0000] {logging_mixin.py:151} INFO - [2025-12-02T12:39:15.330+0000] {dagbag.py:539} INFO - Filling up the DagBag from /opt/airflow/dags/dispatcher_pipeline_dag.py
[2025-12-02T12:39:17.123+0000] {processor.py:839} INFO - DAG(s) dict_keys(['distillationDAG']) retrieved from /opt/airflow/dags/dispatcher_pipeline_dag.py
[2025-12-02T12:39:17.201+0000] {logging_mixin.py:151} INFO - [2025-12-02T12:39:17.200+0000] {dag.py:2915} INFO - Sync 1 DAGs
[2025-12-02T12:39:17.252+0000] {logging_mixin.py:151} INFO - [2025-12-02T12:39:17.252+0000] {dag.py:3696} INFO - Setting next_dagrun for distillationDAG to 2025-12-02T12:38:32.251937+00:00, run_after=2025-12-02T12:39:17.251937+00:00
[2025-12-02T12:39:17.292+0000] {processor.py:179} INFO - Processing /opt/airflow/dags/dispatcher_pipeline_dag.py took 1.979 seconds
[2025-12-02T12:39:48.257+0000] {processor.py:157} INFO - Started process (PID=2138) to work on /opt/airflow/dags/dispatcher_pipeline_dag.py
[2025-12-02T12:39:48.259+0000] {processor.py:829} INFO - Processing file /opt/airflow/dags/dispatcher_pipeline_dag.py for tasks to queue
[2025-12-02T12:39:48.261+0000] {logging_mixin.py:151} INFO - [2025-12-02T12:39:48.260+0000] {dagbag.py:539} INFO - Filling up the DagBag from /opt/airflow/dags/dispatcher_pipeline_dag.py
[2025-12-02T12:39:50.006+0000] {processor.py:839} INFO - DAG(s) dict_keys(['distillationDAG']) retrieved from /opt/airflow/dags/dispatcher_pipeline_dag.py
[2025-12-02T12:39:50.084+0000] {logging_mixin.py:151} INFO - [2025-12-02T12:39:50.083+0000] {dag.py:2915} INFO - Sync 1 DAGs
[2025-12-02T12:39:50.135+0000] {logging_mixin.py:151} INFO - [2025-12-02T12:39:50.135+0000] {dag.py:3696} INFO - Setting next_dagrun for distillationDAG to 2025-12-02T12:39:05.134690+00:00, run_after=2025-12-02T12:39:50.134690+00:00
[2025-12-02T12:39:50.174+0000] {processor.py:179} INFO - Processing /opt/airflow/dags/dispatcher_pipeline_dag.py took 1.929 seconds
[2025-12-02T12:40:21.177+0000] {processor.py:157} INFO - Started process (PID=2155) to work on /opt/airflow/dags/dispatcher_pipeline_dag.py
[2025-12-02T12:40:21.181+0000] {processor.py:829} INFO - Processing file /opt/airflow/dags/dispatcher_pipeline_dag.py for tasks to queue
[2025-12-02T12:40:21.184+0000] {logging_mixin.py:151} INFO - [2025-12-02T12:40:21.183+0000] {dagbag.py:539} INFO - Filling up the DagBag from /opt/airflow/dags/dispatcher_pipeline_dag.py
[2025-12-02T12:40:23.023+0000] {processor.py:839} INFO - DAG(s) dict_keys(['distillationDAG']) retrieved from /opt/airflow/dags/dispatcher_pipeline_dag.py
[2025-12-02T12:40:23.101+0000] {logging_mixin.py:151} INFO - [2025-12-02T12:40:23.100+0000] {dag.py:2915} INFO - Sync 1 DAGs
[2025-12-02T12:40:23.153+0000] {logging_mixin.py:151} INFO - [2025-12-02T12:40:23.153+0000] {dag.py:3696} INFO - Setting next_dagrun for distillationDAG to 2025-12-02T12:39:38.152874+00:00, run_after=2025-12-02T12:40:23.152874+00:00
[2025-12-02T12:40:23.197+0000] {processor.py:179} INFO - Processing /opt/airflow/dags/dispatcher_pipeline_dag.py took 2.034 seconds
[2025-12-02T12:40:54.243+0000] {processor.py:157} INFO - Started process (PID=2172) to work on /opt/airflow/dags/dispatcher_pipeline_dag.py
[2025-12-02T12:40:54.245+0000] {processor.py:829} INFO - Processing file /opt/airflow/dags/dispatcher_pipeline_dag.py for tasks to queue
[2025-12-02T12:40:54.247+0000] {logging_mixin.py:151} INFO - [2025-12-02T12:40:54.246+0000] {dagbag.py:539} INFO - Filling up the DagBag from /opt/airflow/dags/dispatcher_pipeline_dag.py
[2025-12-02T12:40:56.016+0000] {processor.py:839} INFO - DAG(s) dict_keys(['distillationDAG']) retrieved from /opt/airflow/dags/dispatcher_pipeline_dag.py
[2025-12-02T12:40:56.095+0000] {logging_mixin.py:151} INFO - [2025-12-02T12:40:56.094+0000] {dag.py:2915} INFO - Sync 1 DAGs
[2025-12-02T12:40:56.150+0000] {logging_mixin.py:151} INFO - [2025-12-02T12:40:56.149+0000] {dag.py:3696} INFO - Setting next_dagrun for distillationDAG to 2025-12-02T12:40:11.149380+00:00, run_after=2025-12-02T12:40:56.149380+00:00
[2025-12-02T12:40:56.192+0000] {processor.py:179} INFO - Processing /opt/airflow/dags/dispatcher_pipeline_dag.py took 1.960 seconds
[2025-12-02T12:41:26.504+0000] {processor.py:157} INFO - Started process (PID=2185) to work on /opt/airflow/dags/dispatcher_pipeline_dag.py
[2025-12-02T12:41:26.506+0000] {processor.py:829} INFO - Processing file /opt/airflow/dags/dispatcher_pipeline_dag.py for tasks to queue
[2025-12-02T12:41:26.508+0000] {logging_mixin.py:151} INFO - [2025-12-02T12:41:26.507+0000] {dagbag.py:539} INFO - Filling up the DagBag from /opt/airflow/dags/dispatcher_pipeline_dag.py
[2025-12-02T12:41:28.331+0000] {processor.py:839} INFO - DAG(s) dict_keys(['distillationDAG']) retrieved from /opt/airflow/dags/dispatcher_pipeline_dag.py
[2025-12-02T12:41:28.415+0000] {logging_mixin.py:151} INFO - [2025-12-02T12:41:28.414+0000] {dag.py:2915} INFO - Sync 1 DAGs
[2025-12-02T12:41:28.470+0000] {logging_mixin.py:151} INFO - [2025-12-02T12:41:28.470+0000] {dag.py:3696} INFO - Setting next_dagrun for distillationDAG to 2025-12-02T12:40:43.469843+00:00, run_after=2025-12-02T12:41:28.469843+00:00
[2025-12-02T12:41:28.510+0000] {processor.py:179} INFO - Processing /opt/airflow/dags/dispatcher_pipeline_dag.py took 2.018 seconds
[2025-12-02T12:41:58.788+0000] {processor.py:157} INFO - Started process (PID=2202) to work on /opt/airflow/dags/dispatcher_pipeline_dag.py
[2025-12-02T12:41:58.791+0000] {processor.py:829} INFO - Processing file /opt/airflow/dags/dispatcher_pipeline_dag.py for tasks to queue
[2025-12-02T12:41:58.793+0000] {logging_mixin.py:151} INFO - [2025-12-02T12:41:58.792+0000] {dagbag.py:539} INFO - Filling up the DagBag from /opt/airflow/dags/dispatcher_pipeline_dag.py
[2025-12-02T12:42:00.585+0000] {processor.py:839} INFO - DAG(s) dict_keys(['distillationDAG']) retrieved from /opt/airflow/dags/dispatcher_pipeline_dag.py
[2025-12-02T12:42:00.667+0000] {logging_mixin.py:151} INFO - [2025-12-02T12:42:00.665+0000] {dag.py:2915} INFO - Sync 1 DAGs
[2025-12-02T12:42:00.721+0000] {logging_mixin.py:151} INFO - [2025-12-02T12:42:00.721+0000] {dag.py:3696} INFO - Setting next_dagrun for distillationDAG to 2025-12-02T12:41:15.720994+00:00, run_after=2025-12-02T12:42:00.720994+00:00
[2025-12-02T12:42:00.770+0000] {processor.py:179} INFO - Processing /opt/airflow/dags/dispatcher_pipeline_dag.py took 1.993 seconds
[2025-12-02T12:42:31.198+0000] {processor.py:157} INFO - Started process (PID=2219) to work on /opt/airflow/dags/dispatcher_pipeline_dag.py
[2025-12-02T12:42:31.201+0000] {processor.py:829} INFO - Processing file /opt/airflow/dags/dispatcher_pipeline_dag.py for tasks to queue
[2025-12-02T12:42:31.209+0000] {logging_mixin.py:151} INFO - [2025-12-02T12:42:31.205+0000] {dagbag.py:539} INFO - Filling up the DagBag from /opt/airflow/dags/dispatcher_pipeline_dag.py
[2025-12-02T12:42:34.565+0000] {processor.py:839} INFO - DAG(s) dict_keys(['distillationDAG']) retrieved from /opt/airflow/dags/dispatcher_pipeline_dag.py
[2025-12-02T12:42:34.645+0000] {logging_mixin.py:151} INFO - [2025-12-02T12:42:34.643+0000] {dag.py:2915} INFO - Sync 1 DAGs
[2025-12-02T12:42:34.698+0000] {logging_mixin.py:151} INFO - [2025-12-02T12:42:34.697+0000] {dag.py:3696} INFO - Setting next_dagrun for distillationDAG to 2025-12-02T12:41:49.697428+00:00, run_after=2025-12-02T12:42:34.697428+00:00
[2025-12-02T12:42:34.739+0000] {processor.py:179} INFO - Processing /opt/airflow/dags/dispatcher_pipeline_dag.py took 3.575 seconds
[2025-12-02T12:43:04.897+0000] {processor.py:157} INFO - Started process (PID=2241) to work on /opt/airflow/dags/dispatcher_pipeline_dag.py
[2025-12-02T12:43:04.900+0000] {processor.py:829} INFO - Processing file /opt/airflow/dags/dispatcher_pipeline_dag.py for tasks to queue
[2025-12-02T12:43:04.906+0000] {logging_mixin.py:151} INFO - [2025-12-02T12:43:04.901+0000] {dagbag.py:539} INFO - Filling up the DagBag from /opt/airflow/dags/dispatcher_pipeline_dag.py
[2025-12-02T12:43:06.762+0000] {processor.py:839} INFO - DAG(s) dict_keys(['distillationDAG']) retrieved from /opt/airflow/dags/dispatcher_pipeline_dag.py
[2025-12-02T12:43:06.854+0000] {logging_mixin.py:151} INFO - [2025-12-02T12:43:06.853+0000] {dag.py:2915} INFO - Sync 1 DAGs
[2025-12-02T12:43:06.925+0000] {logging_mixin.py:151} INFO - [2025-12-02T12:43:06.924+0000] {dag.py:3696} INFO - Setting next_dagrun for distillationDAG to 2025-12-02T12:42:21.924489+00:00, run_after=2025-12-02T12:43:06.924489+00:00
[2025-12-02T12:43:06.990+0000] {processor.py:179} INFO - Processing /opt/airflow/dags/dispatcher_pipeline_dag.py took 2.104 seconds
[2025-12-02T12:43:37.731+0000] {processor.py:157} INFO - Started process (PID=2258) to work on /opt/airflow/dags/dispatcher_pipeline_dag.py
[2025-12-02T12:43:37.733+0000] {processor.py:829} INFO - Processing file /opt/airflow/dags/dispatcher_pipeline_dag.py for tasks to queue
[2025-12-02T12:43:37.735+0000] {logging_mixin.py:151} INFO - [2025-12-02T12:43:37.734+0000] {dagbag.py:539} INFO - Filling up the DagBag from /opt/airflow/dags/dispatcher_pipeline_dag.py
[2025-12-02T12:43:39.467+0000] {processor.py:839} INFO - DAG(s) dict_keys(['distillationDAG']) retrieved from /opt/airflow/dags/dispatcher_pipeline_dag.py
[2025-12-02T12:43:39.544+0000] {logging_mixin.py:151} INFO - [2025-12-02T12:43:39.543+0000] {dag.py:2915} INFO - Sync 1 DAGs
[2025-12-02T12:43:39.598+0000] {logging_mixin.py:151} INFO - [2025-12-02T12:43:39.598+0000] {dag.py:3696} INFO - Setting next_dagrun for distillationDAG to 2025-12-02T12:42:54.597821+00:00, run_after=2025-12-02T12:43:39.597821+00:00
[2025-12-02T12:43:39.638+0000] {processor.py:179} INFO - Processing /opt/airflow/dags/dispatcher_pipeline_dag.py took 1.917 seconds
[2025-12-02T12:44:10.036+0000] {processor.py:157} INFO - Started process (PID=2275) to work on /opt/airflow/dags/dispatcher_pipeline_dag.py
[2025-12-02T12:44:10.039+0000] {processor.py:829} INFO - Processing file /opt/airflow/dags/dispatcher_pipeline_dag.py for tasks to queue
[2025-12-02T12:44:10.041+0000] {logging_mixin.py:151} INFO - [2025-12-02T12:44:10.040+0000] {dagbag.py:539} INFO - Filling up the DagBag from /opt/airflow/dags/dispatcher_pipeline_dag.py
[2025-12-02T12:44:11.806+0000] {processor.py:839} INFO - DAG(s) dict_keys(['distillationDAG']) retrieved from /opt/airflow/dags/dispatcher_pipeline_dag.py
[2025-12-02T12:44:11.884+0000] {logging_mixin.py:151} INFO - [2025-12-02T12:44:11.883+0000] {dag.py:2915} INFO - Sync 1 DAGs
[2025-12-02T12:44:11.935+0000] {logging_mixin.py:151} INFO - [2025-12-02T12:44:11.935+0000] {dag.py:3696} INFO - Setting next_dagrun for distillationDAG to 2025-12-02T12:43:26.934650+00:00, run_after=2025-12-02T12:44:11.934650+00:00
[2025-12-02T12:44:11.973+0000] {processor.py:179} INFO - Processing /opt/airflow/dags/dispatcher_pipeline_dag.py took 1.948 seconds
[2025-12-02T12:44:42.133+0000] {processor.py:157} INFO - Started process (PID=2292) to work on /opt/airflow/dags/dispatcher_pipeline_dag.py
[2025-12-02T12:44:42.135+0000] {processor.py:829} INFO - Processing file /opt/airflow/dags/dispatcher_pipeline_dag.py for tasks to queue
[2025-12-02T12:44:42.137+0000] {logging_mixin.py:151} INFO - [2025-12-02T12:44:42.136+0000] {dagbag.py:539} INFO - Filling up the DagBag from /opt/airflow/dags/dispatcher_pipeline_dag.py
[2025-12-02T12:44:43.987+0000] {processor.py:839} INFO - DAG(s) dict_keys(['distillationDAG']) retrieved from /opt/airflow/dags/dispatcher_pipeline_dag.py
[2025-12-02T12:44:44.066+0000] {logging_mixin.py:151} INFO - [2025-12-02T12:44:44.065+0000] {dag.py:2915} INFO - Sync 1 DAGs
[2025-12-02T12:44:44.122+0000] {logging_mixin.py:151} INFO - [2025-12-02T12:44:44.122+0000] {dag.py:3696} INFO - Setting next_dagrun for distillationDAG to 2025-12-02T12:43:59.121560+00:00, run_after=2025-12-02T12:44:44.121560+00:00
[2025-12-02T12:44:44.171+0000] {processor.py:179} INFO - Processing /opt/airflow/dags/dispatcher_pipeline_dag.py took 2.048 seconds
[2025-12-02T12:45:14.411+0000] {processor.py:157} INFO - Started process (PID=2309) to work on /opt/airflow/dags/dispatcher_pipeline_dag.py
[2025-12-02T12:45:14.413+0000] {processor.py:829} INFO - Processing file /opt/airflow/dags/dispatcher_pipeline_dag.py for tasks to queue
[2025-12-02T12:45:14.415+0000] {logging_mixin.py:151} INFO - [2025-12-02T12:45:14.414+0000] {dagbag.py:539} INFO - Filling up the DagBag from /opt/airflow/dags/dispatcher_pipeline_dag.py
[2025-12-02T12:45:16.253+0000] {processor.py:839} INFO - DAG(s) dict_keys(['distillationDAG']) retrieved from /opt/airflow/dags/dispatcher_pipeline_dag.py
[2025-12-02T12:45:16.330+0000] {logging_mixin.py:151} INFO - [2025-12-02T12:45:16.329+0000] {dag.py:2915} INFO - Sync 1 DAGs
[2025-12-02T12:45:16.384+0000] {logging_mixin.py:151} INFO - [2025-12-02T12:45:16.384+0000] {dag.py:3696} INFO - Setting next_dagrun for distillationDAG to 2025-12-02T12:44:31.383900+00:00, run_after=2025-12-02T12:45:16.383900+00:00
[2025-12-02T12:45:16.423+0000] {processor.py:179} INFO - Processing /opt/airflow/dags/dispatcher_pipeline_dag.py took 2.023 seconds
[2025-12-02T12:45:46.701+0000] {processor.py:157} INFO - Started process (PID=2326) to work on /opt/airflow/dags/dispatcher_pipeline_dag.py
[2025-12-02T12:45:46.704+0000] {processor.py:829} INFO - Processing file /opt/airflow/dags/dispatcher_pipeline_dag.py for tasks to queue
[2025-12-02T12:45:46.706+0000] {logging_mixin.py:151} INFO - [2025-12-02T12:45:46.705+0000] {dagbag.py:539} INFO - Filling up the DagBag from /opt/airflow/dags/dispatcher_pipeline_dag.py
[2025-12-02T12:45:48.483+0000] {processor.py:839} INFO - DAG(s) dict_keys(['distillationDAG']) retrieved from /opt/airflow/dags/dispatcher_pipeline_dag.py
[2025-12-02T12:45:48.560+0000] {logging_mixin.py:151} INFO - [2025-12-02T12:45:48.559+0000] {dag.py:2915} INFO - Sync 1 DAGs
[2025-12-02T12:45:48.614+0000] {logging_mixin.py:151} INFO - [2025-12-02T12:45:48.613+0000] {dag.py:3696} INFO - Setting next_dagrun for distillationDAG to 2025-12-02T12:45:03.613123+00:00, run_after=2025-12-02T12:45:48.613123+00:00
[2025-12-02T12:45:48.653+0000] {processor.py:179} INFO - Processing /opt/airflow/dags/dispatcher_pipeline_dag.py took 1.963 seconds
[2025-12-02T12:46:18.962+0000] {processor.py:157} INFO - Started process (PID=2343) to work on /opt/airflow/dags/dispatcher_pipeline_dag.py
[2025-12-02T12:46:18.965+0000] {processor.py:829} INFO - Processing file /opt/airflow/dags/dispatcher_pipeline_dag.py for tasks to queue
[2025-12-02T12:46:18.967+0000] {logging_mixin.py:151} INFO - [2025-12-02T12:46:18.966+0000] {dagbag.py:539} INFO - Filling up the DagBag from /opt/airflow/dags/dispatcher_pipeline_dag.py
[2025-12-02T12:46:20.724+0000] {processor.py:839} INFO - DAG(s) dict_keys(['distillationDAG']) retrieved from /opt/airflow/dags/dispatcher_pipeline_dag.py
[2025-12-02T12:46:20.802+0000] {logging_mixin.py:151} INFO - [2025-12-02T12:46:20.801+0000] {dag.py:2915} INFO - Sync 1 DAGs
[2025-12-02T12:46:20.853+0000] {logging_mixin.py:151} INFO - [2025-12-02T12:46:20.853+0000] {dag.py:3696} INFO - Setting next_dagrun for distillationDAG to 2025-12-02T12:45:35.852919+00:00, run_after=2025-12-02T12:46:20.852919+00:00
[2025-12-02T12:46:20.894+0000] {processor.py:179} INFO - Processing /opt/airflow/dags/dispatcher_pipeline_dag.py took 1.943 seconds
[2025-12-02T12:46:51.065+0000] {processor.py:157} INFO - Started process (PID=2360) to work on /opt/airflow/dags/dispatcher_pipeline_dag.py
[2025-12-02T12:46:51.067+0000] {processor.py:829} INFO - Processing file /opt/airflow/dags/dispatcher_pipeline_dag.py for tasks to queue
[2025-12-02T12:46:51.069+0000] {logging_mixin.py:151} INFO - [2025-12-02T12:46:51.068+0000] {dagbag.py:539} INFO - Filling up the DagBag from /opt/airflow/dags/dispatcher_pipeline_dag.py
[2025-12-02T12:46:52.806+0000] {processor.py:839} INFO - DAG(s) dict_keys(['distillationDAG']) retrieved from /opt/airflow/dags/dispatcher_pipeline_dag.py
[2025-12-02T12:46:52.883+0000] {logging_mixin.py:151} INFO - [2025-12-02T12:46:52.882+0000] {dag.py:2915} INFO - Sync 1 DAGs
[2025-12-02T12:46:52.934+0000] {logging_mixin.py:151} INFO - [2025-12-02T12:46:52.934+0000] {dag.py:3696} INFO - Setting next_dagrun for distillationDAG to 2025-12-02T12:46:07.933821+00:00, run_after=2025-12-02T12:46:52.933821+00:00
[2025-12-02T12:46:52.974+0000] {processor.py:179} INFO - Processing /opt/airflow/dags/dispatcher_pipeline_dag.py took 1.920 seconds
[2025-12-02T12:47:23.061+0000] {processor.py:157} INFO - Started process (PID=2377) to work on /opt/airflow/dags/dispatcher_pipeline_dag.py
[2025-12-02T12:47:23.063+0000] {processor.py:829} INFO - Processing file /opt/airflow/dags/dispatcher_pipeline_dag.py for tasks to queue
[2025-12-02T12:47:23.066+0000] {logging_mixin.py:151} INFO - [2025-12-02T12:47:23.065+0000] {dagbag.py:539} INFO - Filling up the DagBag from /opt/airflow/dags/dispatcher_pipeline_dag.py
[2025-12-02T12:47:24.820+0000] {processor.py:839} INFO - DAG(s) dict_keys(['distillationDAG']) retrieved from /opt/airflow/dags/dispatcher_pipeline_dag.py
[2025-12-02T12:47:24.898+0000] {logging_mixin.py:151} INFO - [2025-12-02T12:47:24.897+0000] {dag.py:2915} INFO - Sync 1 DAGs
[2025-12-02T12:47:24.952+0000] {logging_mixin.py:151} INFO - [2025-12-02T12:47:24.952+0000] {dag.py:3696} INFO - Setting next_dagrun for distillationDAG to 2025-12-02T12:46:39.951982+00:00, run_after=2025-12-02T12:47:24.951982+00:00
[2025-12-02T12:47:24.992+0000] {processor.py:179} INFO - Processing /opt/airflow/dags/dispatcher_pipeline_dag.py took 1.943 seconds
[2025-12-02T12:47:55.424+0000] {processor.py:157} INFO - Started process (PID=2394) to work on /opt/airflow/dags/dispatcher_pipeline_dag.py
[2025-12-02T12:47:55.426+0000] {processor.py:829} INFO - Processing file /opt/airflow/dags/dispatcher_pipeline_dag.py for tasks to queue
[2025-12-02T12:47:55.428+0000] {logging_mixin.py:151} INFO - [2025-12-02T12:47:55.427+0000] {dagbag.py:539} INFO - Filling up the DagBag from /opt/airflow/dags/dispatcher_pipeline_dag.py
[2025-12-02T12:47:57.181+0000] {processor.py:839} INFO - DAG(s) dict_keys(['distillationDAG']) retrieved from /opt/airflow/dags/dispatcher_pipeline_dag.py
[2025-12-02T12:47:57.259+0000] {logging_mixin.py:151} INFO - [2025-12-02T12:47:57.258+0000] {dag.py:2915} INFO - Sync 1 DAGs
[2025-12-02T12:47:57.311+0000] {logging_mixin.py:151} INFO - [2025-12-02T12:47:57.310+0000] {dag.py:3696} INFO - Setting next_dagrun for distillationDAG to 2025-12-02T12:47:12.310539+00:00, run_after=2025-12-02T12:47:57.310539+00:00
[2025-12-02T12:47:57.350+0000] {processor.py:179} INFO - Processing /opt/airflow/dags/dispatcher_pipeline_dag.py took 1.936 seconds
[2025-12-02T12:48:27.673+0000] {processor.py:157} INFO - Started process (PID=2411) to work on /opt/airflow/dags/dispatcher_pipeline_dag.py
[2025-12-02T12:48:27.675+0000] {processor.py:829} INFO - Processing file /opt/airflow/dags/dispatcher_pipeline_dag.py for tasks to queue
[2025-12-02T12:48:27.678+0000] {logging_mixin.py:151} INFO - [2025-12-02T12:48:27.677+0000] {dagbag.py:539} INFO - Filling up the DagBag from /opt/airflow/dags/dispatcher_pipeline_dag.py
[2025-12-02T12:48:29.433+0000] {processor.py:839} INFO - DAG(s) dict_keys(['distillationDAG']) retrieved from /opt/airflow/dags/dispatcher_pipeline_dag.py
[2025-12-02T12:48:29.512+0000] {logging_mixin.py:151} INFO - [2025-12-02T12:48:29.511+0000] {dag.py:2915} INFO - Sync 1 DAGs
[2025-12-02T12:48:29.564+0000] {logging_mixin.py:151} INFO - [2025-12-02T12:48:29.563+0000] {dag.py:3696} INFO - Setting next_dagrun for distillationDAG to 2025-12-02T12:47:44.563539+00:00, run_after=2025-12-02T12:48:29.563539+00:00
[2025-12-02T12:48:29.604+0000] {processor.py:179} INFO - Processing /opt/airflow/dags/dispatcher_pipeline_dag.py took 1.942 seconds
[2025-12-02T12:48:59.961+0000] {processor.py:157} INFO - Started process (PID=2428) to work on /opt/airflow/dags/dispatcher_pipeline_dag.py
[2025-12-02T12:48:59.963+0000] {processor.py:829} INFO - Processing file /opt/airflow/dags/dispatcher_pipeline_dag.py for tasks to queue
[2025-12-02T12:48:59.965+0000] {logging_mixin.py:151} INFO - [2025-12-02T12:48:59.964+0000] {dagbag.py:539} INFO - Filling up the DagBag from /opt/airflow/dags/dispatcher_pipeline_dag.py
[2025-12-02T12:49:01.740+0000] {processor.py:839} INFO - DAG(s) dict_keys(['distillationDAG']) retrieved from /opt/airflow/dags/dispatcher_pipeline_dag.py
[2025-12-02T12:49:01.816+0000] {logging_mixin.py:151} INFO - [2025-12-02T12:49:01.815+0000] {dag.py:2915} INFO - Sync 1 DAGs
[2025-12-02T12:49:01.868+0000] {logging_mixin.py:151} INFO - [2025-12-02T12:49:01.867+0000] {dag.py:3696} INFO - Setting next_dagrun for distillationDAG to 2025-12-02T12:48:16.867228+00:00, run_after=2025-12-02T12:49:01.867228+00:00
[2025-12-02T12:49:01.907+0000] {processor.py:179} INFO - Processing /opt/airflow/dags/dispatcher_pipeline_dag.py took 1.956 seconds
[2025-12-02T12:49:32.757+0000] {processor.py:157} INFO - Started process (PID=2445) to work on /opt/airflow/dags/dispatcher_pipeline_dag.py
[2025-12-02T12:49:32.760+0000] {processor.py:829} INFO - Processing file /opt/airflow/dags/dispatcher_pipeline_dag.py for tasks to queue
[2025-12-02T12:49:32.762+0000] {logging_mixin.py:151} INFO - [2025-12-02T12:49:32.761+0000] {dagbag.py:539} INFO - Filling up the DagBag from /opt/airflow/dags/dispatcher_pipeline_dag.py
[2025-12-02T12:49:34.648+0000] {processor.py:839} INFO - DAG(s) dict_keys(['distillationDAG']) retrieved from /opt/airflow/dags/dispatcher_pipeline_dag.py
[2025-12-02T12:49:34.725+0000] {logging_mixin.py:151} INFO - [2025-12-02T12:49:34.723+0000] {dag.py:2915} INFO - Sync 1 DAGs
[2025-12-02T12:49:34.779+0000] {logging_mixin.py:151} INFO - [2025-12-02T12:49:34.779+0000] {dag.py:3696} INFO - Setting next_dagrun for distillationDAG to 2025-12-02T12:48:49.778772+00:00, run_after=2025-12-02T12:49:34.778772+00:00
[2025-12-02T12:49:34.819+0000] {processor.py:179} INFO - Processing /opt/airflow/dags/dispatcher_pipeline_dag.py took 2.074 seconds
