[2026-03-20T02:29:47.885+0000] {taskinstance.py:1157} INFO - Dependencies all met for dep_context=non-requeueable deps ti=<TaskInstance: embedding_sync_dag.backfill_existing_data scheduled__2026-03-20T02:20:00+00:00 [queued]>
[2026-03-20T02:29:47.893+0000] {taskinstance.py:1157} INFO - Dependencies all met for dep_context=requeueable deps ti=<TaskInstance: embedding_sync_dag.backfill_existing_data scheduled__2026-03-20T02:20:00+00:00 [queued]>
[2026-03-20T02:29:47.893+0000] {taskinstance.py:1359} INFO - Starting attempt 1 of 3
[2026-03-20T02:29:47.909+0000] {taskinstance.py:1380} INFO - Executing <Task(PythonOperator): backfill_existing_data> on 2026-03-20 02:20:00+00:00
[2026-03-20T02:29:47.915+0000] {standard_task_runner.py:57} INFO - Started process 7306 to run task
[2026-03-20T02:29:47.919+0000] {standard_task_runner.py:84} INFO - Running: ['***', 'tasks', 'run', 'embedding_sync_dag', 'backfill_existing_data', 'scheduled__2026-03-20T02:20:00+00:00', '--job-id', '2451', '--raw', '--subdir', 'DAGS_FOLDER/embedding_sync_dag.py', '--cfg-path', '/tmp/tmp772pvnd3']
[2026-03-20T02:29:47.923+0000] {standard_task_runner.py:85} INFO - Job 2451: Subtask backfill_existing_data
[2026-03-20T02:29:48.006+0000] {task_command.py:415} INFO - Running <TaskInstance: embedding_sync_dag.backfill_existing_data scheduled__2026-03-20T02:20:00+00:00 [running]> on host 76de17b6f6da
[2026-03-20T02:29:48.133+0000] {taskinstance.py:1660} INFO - Exporting env vars: AIRFLOW_CTX_DAG_OWNER='lakehouse' AIRFLOW_CTX_DAG_ID='embedding_sync_dag' AIRFLOW_CTX_TASK_ID='backfill_existing_data' AIRFLOW_CTX_EXECUTION_DATE='2026-03-20T02:20:00+00:00' AIRFLOW_CTX_TRY_NUMBER='1' AIRFLOW_CTX_DAG_RUN_ID='scheduled__2026-03-20T02:20:00+00:00'
[2026-03-20T02:29:48.978+0000] {embedding_pipeline.py:430} INFO - [embed] Backfill needed — source~3137, fully embedded=0, gap~3137
[2026-03-20T02:29:48.980+0000] {embedding_pipeline.py:448} INFO - [embed] Scanning 53 tables for unembedded rows...
[2026-03-20T02:29:48.987+0000] {embedding_pipeline.py:492} INFO - [embed] Queued 5 rows from data_doc10_research_data_page2_table1
[2026-03-20T02:29:48.990+0000] {embedding_pipeline.py:492} INFO - [embed] Queued 5 rows from data_doc10_research_data_page2_table2
[2026-03-20T02:29:48.993+0000] {embedding_pipeline.py:492} INFO - [embed] Queued 4 rows from data_doc10_research_data_page3_table1
[2026-03-20T02:29:48.995+0000] {embedding_pipeline.py:492} INFO - [embed] Queued 4 rows from data_doc10_research_dataaaaaa_table_1
[2026-03-20T02:29:48.998+0000] {embedding_pipeline.py:492} INFO - [embed] Queued 4 rows from data_doc10_research_dataaaaaa_table_2
[2026-03-20T02:29:49.001+0000] {embedding_pipeline.py:492} INFO - [embed] Queued 4 rows from data_doc10_research_dataaaaaa_table_3
[2026-03-20T02:29:49.004+0000] {embedding_pipeline.py:492} INFO - [embed] Queued 4 rows from data_doc1111_table_1
[2026-03-20T02:29:49.007+0000] {embedding_pipeline.py:492} INFO - [embed] Queued 4 rows from data_doc1111_table_2
[2026-03-20T02:29:49.010+0000] {embedding_pipeline.py:492} INFO - [embed] Queued 4 rows from data_doc1111_table_3
[2026-03-20T02:29:49.013+0000] {embedding_pipeline.py:492} INFO - [embed] Queued 4 rows from data_doc1_sales_report_table_1
[2026-03-20T02:29:49.016+0000] {embedding_pipeline.py:492} INFO - [embed] Queued 4 rows from data_doc1_sales_report_table_2
[2026-03-20T02:29:49.019+0000] {embedding_pipeline.py:492} INFO - [embed] Queued 4 rows from data_doc1_sales_report_table_3
[2026-03-20T02:29:49.022+0000] {embedding_pipeline.py:492} INFO - [embed] Queued 5 rows from data_doc2_employee_directory_table_1
[2026-03-20T02:29:49.024+0000] {embedding_pipeline.py:492} INFO - [embed] Queued 4 rows from data_doc2_employee_directory_table_2
[2026-03-20T02:29:49.027+0000] {embedding_pipeline.py:492} INFO - [embed] Queued 4 rows from data_doc2_employee_directory_table_3
[2026-03-20T02:29:49.030+0000] {embedding_pipeline.py:492} INFO - [embed] Queued 4 rows from data_doc3_inventory_report_table_1
[2026-03-20T02:29:49.033+0000] {embedding_pipeline.py:492} INFO - [embed] Queued 4 rows from data_doc3_inventory_report_table_2
[2026-03-20T02:29:49.036+0000] {embedding_pipeline.py:492} INFO - [embed] Queued 4 rows from data_doc3_inventory_report_table_3
[2026-03-20T02:29:49.039+0000] {embedding_pipeline.py:492} INFO - [embed] Queued 4 rows from data_doc4_financial_statement_table_1
[2026-03-20T02:29:49.042+0000] {embedding_pipeline.py:492} INFO - [embed] Queued 4 rows from data_doc4_financial_statement_table_2
[2026-03-20T02:29:49.045+0000] {embedding_pipeline.py:492} INFO - [embed] Queued 4 rows from data_doc4_financial_statement_table_3
[2026-03-20T02:29:49.049+0000] {embedding_pipeline.py:492} INFO - [embed] Queued 4 rows from data_doc5_project_status_table_1
[2026-03-20T02:29:49.051+0000] {embedding_pipeline.py:492} INFO - [embed] Queued 4 rows from data_doc5_project_status_table_2
[2026-03-20T02:29:49.054+0000] {embedding_pipeline.py:492} INFO - [embed] Queued 4 rows from data_doc5_project_status_table_3
[2026-03-20T02:29:49.057+0000] {embedding_pipeline.py:492} INFO - [embed] Queued 4 rows from data_doc6_customer_analysis_table_1
[2026-03-20T02:29:49.062+0000] {embedding_pipeline.py:492} INFO - [embed] Queued 4 rows from data_doc6_customer_analysis_table_2
[2026-03-20T02:29:49.064+0000] {embedding_pipeline.py:492} INFO - [embed] Queued 4 rows from data_doc6_customer_analysis_table_3
[2026-03-20T02:29:49.067+0000] {embedding_pipeline.py:492} INFO - [embed] Queued 4 rows from data_doc7_marketing_metricsss_table_1
[2026-03-20T02:29:49.070+0000] {embedding_pipeline.py:492} INFO - [embed] Queued 4 rows from data_doc7_marketing_metricsss_table_3
[2026-03-20T02:29:49.073+0000] {embedding_pipeline.py:492} INFO - [embed] Queued 5 rows from data_doc8_it_assets_page2_table1
[2026-03-20T02:29:49.075+0000] {embedding_pipeline.py:492} INFO - [embed] Queued 5 rows from data_doc8_it_assets_page2_table2
[2026-03-20T02:29:49.078+0000] {embedding_pipeline.py:492} INFO - [embed] Queued 5 rows from data_doc8_it_assets_page3_table1
[2026-03-20T02:29:49.081+0000] {embedding_pipeline.py:492} INFO - [embed] Queued 5 rows from data_doc9_quality_assurance_page2_table1
[2026-03-20T02:29:49.084+0000] {embedding_pipeline.py:492} INFO - [embed] Queued 4 rows from data_doc9_quality_assurance_page2_table2
[2026-03-20T02:29:49.087+0000] {embedding_pipeline.py:492} INFO - [embed] Queued 5 rows from data_doc9_quality_assurance_page3_table1
[2026-03-20T02:29:49.089+0000] {embedding_pipeline.py:492} INFO - [embed] Queued 4 rows from data_doc9_quality_assuranceeee_table_1
[2026-03-20T02:29:49.092+0000] {embedding_pipeline.py:492} INFO - [embed] Queued 4 rows from data_doc9_quality_assuranceeee_table_2
[2026-03-20T02:29:49.094+0000] {embedding_pipeline.py:492} INFO - [embed] Queued 4 rows from data_doc9_quality_assuranceeee_table_3
[2026-03-20T02:29:49.097+0000] {embedding_pipeline.py:492} INFO - [embed] Queued 8 rows from data_movies
[2026-03-20T02:29:49.100+0000] {embedding_pipeline.py:492} INFO - [embed] Queued 5 rows from data_nimish_research1_1_page3_table1
[2026-03-20T02:29:49.103+0000] {embedding_pipeline.py:492} INFO - [embed] Queued 5 rows from data_nimish_research3_page4_table1
[2026-03-20T02:29:49.105+0000] {embedding_pipeline.py:492} INFO - [embed] Queued 8 rows from data_nimish_research3_page7_table1
[2026-03-20T02:29:49.108+0000] {embedding_pipeline.py:492} INFO - [embed] Queued 5 rows from data_nitin_gavhane_resume_table_1
[2026-03-20T02:29:49.124+0000] {embedding_pipeline.py:492} INFO - [embed] Queued 1000 rows from data_organizations_1000
[2026-03-20T02:29:49.139+0000] {embedding_pipeline.py:492} INFO - [embed] Queued 1000 rows from data_people_1000
[2026-03-20T02:29:49.142+0000] {embedding_pipeline.py:492} INFO - [embed] Queued 8 rows from data_products
[2026-03-20T02:29:49.144+0000] {embedding_pipeline.py:492} INFO - [embed] Queued 8 rows from data_sales
[2026-03-20T02:29:49.147+0000] {embedding_pipeline.py:492} INFO - [embed] Queued 7 rows from data_sample_tables_page7_table2
[2026-03-20T02:29:49.150+0000] {embedding_pipeline.py:492} INFO - [embed] Queued 8 rows from data_social_media
[2026-03-20T02:29:49.164+0000] {embedding_pipeline.py:492} INFO - [embed] Queued 1000 rows from data_studentsperformance
[2026-03-20T02:29:49.169+0000] {embedding_pipeline.py:492} INFO - [embed] Queued 125 rows from minio_data_catalog
[2026-03-20T02:29:49.186+0000] {embedding_pipeline.py:492} INFO - [embed] Queued 103 rows from unstructured_documents
[2026-03-20T02:29:49.189+0000] {embedding_pipeline.py:492} INFO - [embed] Queued 19 rows from unstructured_images
[2026-03-20T02:29:49.190+0000] {embedding_pipeline.py:501} INFO - [embed] Backfill complete — 3469 rows queued
[2026-03-20T02:29:49.210+0000] {python.py:194} INFO - Done. Returned value was: 3469
[2026-03-20T02:29:49.245+0000] {taskinstance.py:1398} INFO - Marking task as SUCCESS. dag_id=embedding_sync_dag, task_id=backfill_existing_data, execution_date=20260320T022000, start_date=20260320T022947, end_date=20260320T022949
[2026-03-20T02:29:49.300+0000] {local_task_job_runner.py:228} INFO - Task exited with return code 0
[2026-03-20T02:29:49.332+0000] {taskinstance.py:2776} INFO - 0 downstream tasks scheduled from follow-on schedule check
