[2026-03-20T00:08:10.604+0000] {taskinstance.py:1157} INFO - Dependencies all met for dep_context=non-requeueable deps ti=<TaskInstance: embedding_sync_dag.log_stats scheduled__2026-03-19T23:25:00+00:00 [queued]>
[2026-03-20T00:08:10.632+0000] {taskinstance.py:1157} INFO - Dependencies all met for dep_context=requeueable deps ti=<TaskInstance: embedding_sync_dag.log_stats scheduled__2026-03-19T23:25:00+00:00 [queued]>
[2026-03-20T00:08:10.633+0000] {taskinstance.py:1359} INFO - Starting attempt 1 of 3
[2026-03-20T00:08:10.662+0000] {taskinstance.py:1380} INFO - Executing <Task(PythonOperator): log_stats> on 2026-03-19 23:25:00+00:00
[2026-03-20T00:08:10.679+0000] {standard_task_runner.py:57} INFO - Started process 3459 to run task
[2026-03-20T00:08:10.693+0000] {standard_task_runner.py:84} INFO - Running: ['***', 'tasks', 'run', 'embedding_sync_dag', 'log_stats', 'scheduled__2026-03-19T23:25:00+00:00', '--job-id', '2408', '--raw', '--subdir', 'DAGS_FOLDER/embedding_sync_dag.py', '--cfg-path', '/tmp/tmpoesa8hok']
[2026-03-20T00:08:10.702+0000] {standard_task_runner.py:85} INFO - Job 2408: Subtask log_stats
[2026-03-20T00:08:10.874+0000] {task_command.py:415} INFO - Running <TaskInstance: embedding_sync_dag.log_stats scheduled__2026-03-19T23:25:00+00:00 [running]> on host 76de17b6f6da
[2026-03-20T00:08:11.152+0000] {taskinstance.py:1660} INFO - Exporting env vars: AIRFLOW_CTX_DAG_OWNER='lakehouse' AIRFLOW_CTX_DAG_ID='embedding_sync_dag' AIRFLOW_CTX_TASK_ID='log_stats' AIRFLOW_CTX_EXECUTION_DATE='2026-03-19T23:25:00+00:00' AIRFLOW_CTX_TRY_NUMBER='1' AIRFLOW_CTX_DAG_RUN_ID='scheduled__2026-03-19T23:25:00+00:00'
[2026-03-20T00:08:11.311+0000] {embedding_sync_dag.py:159} INFO - =======================================================
[2026-03-20T00:08:11.312+0000] {embedding_sync_dag.py:160} INFO -   Embedding Sync Summary
[2026-03-20T00:08:11.312+0000] {embedding_sync_dag.py:161} INFO -   Rows backfill-queued    : 3483
[2026-03-20T00:08:11.312+0000] {embedding_sync_dag.py:162} INFO -   New tables watched      : 0
[2026-03-20T00:08:11.313+0000] {embedding_sync_dag.py:163} INFO -   Rows embedded           : 3483
[2026-03-20T00:08:11.313+0000] {embedding_sync_dag.py:164} INFO -   Embed errors            : 0
[2026-03-20T00:08:11.313+0000] {embedding_sync_dag.py:165} INFO -   Orphaned tables removed : 51
[2026-03-20T00:08:11.314+0000] {embedding_sync_dag.py:166} INFO -   Stale embeddings purged : 651
[2026-03-20T00:08:11.314+0000] {embedding_sync_dag.py:168} WARNING -   Dropped tables cleaned  : ['data_2025_review_thoughtworks_employee_privacy_notice_page15_ta', 'data_2025_review_thoughtworks_employee_privacy_notice_page16_ta', 'data_2025_review_thoughtworks_employee_privacy_notice_page17_ta', 'data_2025_review_thoughtworks_employee_privacy_notice_page18_ta', 'data_2025_review_thoughtworks_employee_privacy_notice_page19_ta', 'data_2025_review_thoughtworks_employee_privacy_notice_page20_ta', 'data_2025_review_thoughtworks_employee_privacy_notice_page21_ta', 'data_2025_review_thoughtworks_employee_privacy_notice_page22_ta', 'data_2025_review_thoughtworks_employee_privacy_notice_page23_ta', 'data_2025_review_thoughtworks_employee_privacy_notice_page24_ta', 'data_2025_review_thoughtworks_employee_privacy_notice_page25_ta', 'data_2025_review_thoughtworks_employee_privacy_notice_page26_ta', 'data_2025_review_thoughtworks_employee_privacy_notice_page27_ta', 'data_2025_review_thoughtworks_employee_privacy_notice_page28_ta', 'data_2025_review_thoughtworks_employee_privacy_notice_page29_ta', 'data_2025_review_thoughtworks_employee_privacy_notice_page30_ta', 'data_2025_review_thoughtworks_employee_privacy_notice_page31_ta', 'data_2025_review_thoughtworks_employee_privacy_notice_page32_ta', 'data_2025_review_thoughtworks_employee_privacy_notice_page33_ta', 'data_2025_review_thoughtworks_employee_privacy_notice_page34_ta', 'data_2025_review_thoughtworks_employee_privacy_notice_page35_ta', 'data_2025_review_thoughtworks_employee_privacy_notice_page36_ta', 'data_2025_review_thoughtworks_employee_privacy_notice_page37_ta', 'data_sample_tables_page10_table1', 'data_sample_tables_page10_table2', 'data_sample_tables_page11_table1', 'data_sample_tables_page1_table1', 'data_sample_tables_page1_table2', 'data_sample_tables_page1_table3', 'data_sample_tables_page2_table1', 'data_sample_tables_page2_table2', 'data_sample_tables_page2_table3', 'data_sample_tables_page3_table1', 'data_sample_tables_page3_table2', 'data_sample_tables_page3_table3', 'data_sample_tables_page4_table1', 'data_sample_tables_page4_table2', 'data_sample_tables_page5_table1', 'data_sample_tables_page5_table2', 'data_sample_tables_page5_table3', 'data_sample_tables_page5_table4', 'data_sample_tables_page6_table1', 'data_sample_tables_page6_table2', 'data_sample_tables_page6_table3', 'data_sample_tables_page7_table1', 'data_sample_tables_page8_table1', 'data_sample_tables_page8_table2', 'data_sample_tables_page8_table3', 'data_sample_tables_page9_table1', 'data_sample_tables_page9_table2', 'data_sample_tables_page9_table3']
[2026-03-20T00:08:11.315+0000] {embedding_sync_dag.py:169} INFO - =======================================================
[2026-03-20T00:08:11.315+0000] {python.py:194} INFO - Done. Returned value was: None
[2026-03-20T00:08:11.354+0000] {taskinstance.py:1398} INFO - Marking task as SUCCESS. dag_id=embedding_sync_dag, task_id=log_stats, execution_date=20260319T232500, start_date=20260320T000810, end_date=20260320T000811
[2026-03-20T00:08:11.393+0000] {local_task_job_runner.py:228} INFO - Task exited with return code 0
[2026-03-20T00:08:11.458+0000] {taskinstance.py:2776} INFO - 0 downstream tasks scheduled from follow-on schedule check
