[2025-11-19T21:46:20.155+0000] {taskinstance.py:1157} INFO - Dependencies all met for dep_context=non-requeueable deps ti=<TaskInstance: minio_raw_dispatcher.scan_minio_and_dispatch manual__2025-11-19T21:46:03.341030+00:00 [queued]>
[2025-11-19T21:46:20.162+0000] {taskinstance.py:1157} INFO - Dependencies all met for dep_context=requeueable deps ti=<TaskInstance: minio_raw_dispatcher.scan_minio_and_dispatch manual__2025-11-19T21:46:03.341030+00:00 [queued]>
[2025-11-19T21:46:20.163+0000] {taskinstance.py:1359} INFO - Starting attempt 1 of 4
[2025-11-19T21:46:20.173+0000] {taskinstance.py:1380} INFO - Executing <Task(PythonOperator): scan_minio_and_dispatch> on 2025-11-19 21:46:03.341030+00:00
[2025-11-19T21:46:20.180+0000] {standard_task_runner.py:57} INFO - Started process 449 to run task
[2025-11-19T21:46:20.183+0000] {standard_task_runner.py:84} INFO - Running: ['***', 'tasks', 'run', 'minio_raw_dispatcher', 'scan_minio_and_dispatch', 'manual__2025-11-19T21:46:03.341030+00:00', '--job-id', '366', '--raw', '--subdir', 'DAGS_FOLDER/dispatcher_pipeline_dag.py', '--cfg-path', '/tmp/tmp54f6vqju']
[2025-11-19T21:46:20.186+0000] {standard_task_runner.py:85} INFO - Job 366: Subtask scan_minio_and_dispatch
[2025-11-19T21:46:20.206+0000] {logging_mixin.py:151} WARNING - /home/***/.local/lib/python3.11/site-packages/***/settings.py:195 DeprecationWarning: The sql_alchemy_conn option in [core] has been moved to the sql_alchemy_conn option in [database] - the old setting has been used, but please update your config.
[2025-11-19T21:46:20.244+0000] {task_command.py:415} INFO - Running <TaskInstance: minio_raw_dispatcher.scan_minio_and_dispatch manual__2025-11-19T21:46:03.341030+00:00 [running]> on host 732f8b14630c
[2025-11-19T21:46:20.498+0000] {taskinstance.py:1660} INFO - Exporting env vars: AIRFLOW_CTX_DAG_OWNER='***' AIRFLOW_CTX_DAG_ID='minio_raw_dispatcher' AIRFLOW_CTX_TASK_ID='scan_minio_and_dispatch' AIRFLOW_CTX_EXECUTION_DATE='2025-11-19T21:46:03.341030+00:00' AIRFLOW_CTX_TRY_NUMBER='1' AIRFLOW_CTX_DAG_RUN_ID='manual__2025-11-19T21:46:03.341030+00:00'
[2025-11-19T21:46:20.507+0000] {logging_mixin.py:151} INFO - [DISPATCHER] Found file: raw/DevOps_quesbank.pdf
[2025-11-19T21:46:20.639+0000] {pdf_pipeline.py:24} INFO - [pdf] Processing raw/DevOps_quesbank.pdf
[2025-11-19T21:46:20.659+0000] {pdf_pipeline.py:36} INFO - [pdf] Uploaded extracted text to processed/unstructured/text-extracted/DevOps_quesbank.txt
[2025-11-19T21:46:20.663+0000] {etl_manager.py:272} INFO - Processing complete for: raw/DevOps_quesbank.pdf
[2025-11-19T21:46:20.663+0000] {logging_mixin.py:151} INFO - [DISPATCHER] Moving raw/DevOps_quesbank.pdf → raw/processed/DevOps_quesbank.pdf
[2025-11-19T21:46:20.663+0000] {taskinstance.py:1935} ERROR - Task failed with exception
Traceback (most recent call last):
  File "/home/airflow/.local/lib/python3.11/site-packages/airflow/operators/python.py", line 192, in execute
    return_value = self.execute_callable()
                   ^^^^^^^^^^^^^^^^^^^^^^^
  File "/home/airflow/.local/lib/python3.11/site-packages/airflow/operators/python.py", line 209, in execute_callable
    return self.python_callable(*self.op_args, **self.op_kwargs)
           ^^^^^^^^^^^^^^^^^^^^^^^^^^^^^^^^^^^^^^^^^^^^^^^^^^^^^
  File "/opt/airflow/dags/dispatcher_pipeline_dag.py", line 59, in scan_and_dispatch
    client.copy_object(
  File "/home/airflow/.local/lib/python3.11/site-packages/minio/api.py", line 1397, in copy_object
    raise ValueError("source must be CopySource type")
ValueError: source must be CopySource type
[2025-11-19T21:46:20.676+0000] {taskinstance.py:1398} INFO - Marking task as UP_FOR_RETRY. dag_id=minio_raw_dispatcher, task_id=scan_minio_and_dispatch, execution_date=20251119T214603, start_date=20251119T214620, end_date=20251119T214620
[2025-11-19T21:46:20.685+0000] {standard_task_runner.py:104} ERROR - Failed to execute job 366 for task scan_minio_and_dispatch (source must be CopySource type; 449)
[2025-11-19T21:46:20.716+0000] {local_task_job_runner.py:228} INFO - Task exited with return code 1
[2025-11-19T21:46:20.738+0000] {taskinstance.py:2776} INFO - 0 downstream tasks scheduled from follow-on schedule check
