[2025-11-30T03:59:20.348+0000] {processor.py:157} INFO - Started process (PID=2683) to work on /opt/airflow/dags/ingest_local_folder_dag.py
[2025-11-30T03:59:20.352+0000] {processor.py:829} INFO - Processing file /opt/airflow/dags/ingest_local_folder_dag.py for tasks to queue
[2025-11-30T03:59:20.356+0000] {logging_mixin.py:151} INFO - [2025-11-30T03:59:20.354+0000] {dagbag.py:539} INFO - Filling up the DagBag from /opt/airflow/dags/ingest_local_folder_dag.py
[2025-11-30T03:59:22.818+0000] {processor.py:839} INFO - DAG(s) dict_keys(['ingestionDAG']) retrieved from /opt/airflow/dags/ingest_local_folder_dag.py
[2025-11-30T03:59:22.916+0000] {logging_mixin.py:151} INFO - [2025-11-30T03:59:22.916+0000] {dag.py:2915} INFO - Sync 1 DAGs
[2025-11-30T03:59:22.989+0000] {logging_mixin.py:151} INFO - [2025-11-30T03:59:22.989+0000] {dag.py:3696} INFO - Setting next_dagrun for ingestionDAG to 2025-11-30T03:58:52.988901+00:00, run_after=2025-11-30T03:59:22.988901+00:00
[2025-11-30T03:59:23.050+0000] {processor.py:179} INFO - Processing /opt/airflow/dags/ingest_local_folder_dag.py took 2.719 seconds
[2025-11-30T03:59:53.576+0000] {processor.py:157} INFO - Started process (PID=2701) to work on /opt/airflow/dags/ingest_local_folder_dag.py
[2025-11-30T03:59:53.579+0000] {processor.py:829} INFO - Processing file /opt/airflow/dags/ingest_local_folder_dag.py for tasks to queue
[2025-11-30T03:59:53.582+0000] {logging_mixin.py:151} INFO - [2025-11-30T03:59:53.580+0000] {dagbag.py:539} INFO - Filling up the DagBag from /opt/airflow/dags/ingest_local_folder_dag.py
[2025-11-30T03:59:54.529+0000] {processor.py:839} INFO - DAG(s) dict_keys(['ingestionDAG']) retrieved from /opt/airflow/dags/ingest_local_folder_dag.py
[2025-11-30T03:59:54.630+0000] {logging_mixin.py:151} INFO - [2025-11-30T03:59:54.630+0000] {dag.py:2915} INFO - Sync 1 DAGs
[2025-11-30T03:59:54.701+0000] {logging_mixin.py:151} INFO - [2025-11-30T03:59:54.700+0000] {dag.py:3696} INFO - Setting next_dagrun for ingestionDAG to 2025-11-30T03:59:24.700160+00:00, run_after=2025-11-30T03:59:54.700160+00:00
[2025-11-30T03:59:54.756+0000] {processor.py:179} INFO - Processing /opt/airflow/dags/ingest_local_folder_dag.py took 1.190 seconds
[2025-11-30T04:00:24.866+0000] {processor.py:157} INFO - Started process (PID=2718) to work on /opt/airflow/dags/ingest_local_folder_dag.py
[2025-11-30T04:00:24.869+0000] {processor.py:829} INFO - Processing file /opt/airflow/dags/ingest_local_folder_dag.py for tasks to queue
[2025-11-30T04:00:24.871+0000] {logging_mixin.py:151} INFO - [2025-11-30T04:00:24.870+0000] {dagbag.py:539} INFO - Filling up the DagBag from /opt/airflow/dags/ingest_local_folder_dag.py
[2025-11-30T04:00:25.778+0000] {processor.py:839} INFO - DAG(s) dict_keys(['ingestionDAG']) retrieved from /opt/airflow/dags/ingest_local_folder_dag.py
[2025-11-30T04:00:25.853+0000] {logging_mixin.py:151} INFO - [2025-11-30T04:00:25.853+0000] {dag.py:2915} INFO - Sync 1 DAGs
[2025-11-30T04:00:25.904+0000] {logging_mixin.py:151} INFO - [2025-11-30T04:00:25.904+0000] {dag.py:3696} INFO - Setting next_dagrun for ingestionDAG to 2025-11-30T03:59:55.903806+00:00, run_after=2025-11-30T04:00:25.903806+00:00
[2025-11-30T04:00:25.945+0000] {processor.py:179} INFO - Processing /opt/airflow/dags/ingest_local_folder_dag.py took 1.090 seconds
[2025-11-30T04:00:56.210+0000] {processor.py:157} INFO - Started process (PID=2735) to work on /opt/airflow/dags/ingest_local_folder_dag.py
[2025-11-30T04:00:56.212+0000] {processor.py:829} INFO - Processing file /opt/airflow/dags/ingest_local_folder_dag.py for tasks to queue
[2025-11-30T04:00:56.215+0000] {logging_mixin.py:151} INFO - [2025-11-30T04:00:56.213+0000] {dagbag.py:539} INFO - Filling up the DagBag from /opt/airflow/dags/ingest_local_folder_dag.py
[2025-11-30T04:00:57.094+0000] {processor.py:839} INFO - DAG(s) dict_keys(['ingestionDAG']) retrieved from /opt/airflow/dags/ingest_local_folder_dag.py
[2025-11-30T04:00:57.168+0000] {logging_mixin.py:151} INFO - [2025-11-30T04:00:57.168+0000] {dag.py:2915} INFO - Sync 1 DAGs
[2025-11-30T04:00:57.221+0000] {logging_mixin.py:151} INFO - [2025-11-30T04:00:57.221+0000] {dag.py:3696} INFO - Setting next_dagrun for ingestionDAG to 2025-11-30T04:00:27.220742+00:00, run_after=2025-11-30T04:00:57.220742+00:00
[2025-11-30T04:00:57.259+0000] {processor.py:179} INFO - Processing /opt/airflow/dags/ingest_local_folder_dag.py took 1.061 seconds
[2025-11-30T04:01:27.523+0000] {processor.py:157} INFO - Started process (PID=2752) to work on /opt/airflow/dags/ingest_local_folder_dag.py
[2025-11-30T04:01:27.526+0000] {processor.py:829} INFO - Processing file /opt/airflow/dags/ingest_local_folder_dag.py for tasks to queue
[2025-11-30T04:01:27.528+0000] {logging_mixin.py:151} INFO - [2025-11-30T04:01:27.527+0000] {dagbag.py:539} INFO - Filling up the DagBag from /opt/airflow/dags/ingest_local_folder_dag.py
[2025-11-30T04:01:28.423+0000] {processor.py:839} INFO - DAG(s) dict_keys(['ingestionDAG']) retrieved from /opt/airflow/dags/ingest_local_folder_dag.py
[2025-11-30T04:01:28.499+0000] {logging_mixin.py:151} INFO - [2025-11-30T04:01:28.499+0000] {dag.py:2915} INFO - Sync 1 DAGs
[2025-11-30T04:01:28.550+0000] {logging_mixin.py:151} INFO - [2025-11-30T04:01:28.550+0000] {dag.py:3696} INFO - Setting next_dagrun for ingestionDAG to 2025-11-30T04:00:58.550037+00:00, run_after=2025-11-30T04:01:28.550037+00:00
[2025-11-30T04:01:28.589+0000] {processor.py:179} INFO - Processing /opt/airflow/dags/ingest_local_folder_dag.py took 1.076 seconds
[2025-11-30T04:01:58.854+0000] {processor.py:157} INFO - Started process (PID=2769) to work on /opt/airflow/dags/ingest_local_folder_dag.py
[2025-11-30T04:01:58.857+0000] {processor.py:829} INFO - Processing file /opt/airflow/dags/ingest_local_folder_dag.py for tasks to queue
[2025-11-30T04:01:58.859+0000] {logging_mixin.py:151} INFO - [2025-11-30T04:01:58.858+0000] {dagbag.py:539} INFO - Filling up the DagBag from /opt/airflow/dags/ingest_local_folder_dag.py
[2025-11-30T04:01:59.741+0000] {processor.py:839} INFO - DAG(s) dict_keys(['ingestionDAG']) retrieved from /opt/airflow/dags/ingest_local_folder_dag.py
[2025-11-30T04:01:59.817+0000] {logging_mixin.py:151} INFO - [2025-11-30T04:01:59.817+0000] {dag.py:2915} INFO - Sync 1 DAGs
[2025-11-30T04:01:59.868+0000] {logging_mixin.py:151} INFO - [2025-11-30T04:01:59.867+0000] {dag.py:3696} INFO - Setting next_dagrun for ingestionDAG to 2025-11-30T04:01:29.867404+00:00, run_after=2025-11-30T04:01:59.867404+00:00
[2025-11-30T04:01:59.907+0000] {processor.py:179} INFO - Processing /opt/airflow/dags/ingest_local_folder_dag.py took 1.063 seconds
[2025-11-30T04:02:30.176+0000] {processor.py:157} INFO - Started process (PID=2786) to work on /opt/airflow/dags/ingest_local_folder_dag.py
[2025-11-30T04:02:30.179+0000] {processor.py:829} INFO - Processing file /opt/airflow/dags/ingest_local_folder_dag.py for tasks to queue
[2025-11-30T04:02:30.181+0000] {logging_mixin.py:151} INFO - [2025-11-30T04:02:30.180+0000] {dagbag.py:539} INFO - Filling up the DagBag from /opt/airflow/dags/ingest_local_folder_dag.py
[2025-11-30T04:02:31.078+0000] {processor.py:839} INFO - DAG(s) dict_keys(['ingestionDAG']) retrieved from /opt/airflow/dags/ingest_local_folder_dag.py
[2025-11-30T04:02:31.151+0000] {logging_mixin.py:151} INFO - [2025-11-30T04:02:31.151+0000] {dag.py:2915} INFO - Sync 1 DAGs
[2025-11-30T04:02:31.202+0000] {logging_mixin.py:151} INFO - [2025-11-30T04:02:31.202+0000] {dag.py:3696} INFO - Setting next_dagrun for ingestionDAG to 2025-11-30T04:02:01.201988+00:00, run_after=2025-11-30T04:02:31.201988+00:00
[2025-11-30T04:02:31.241+0000] {processor.py:179} INFO - Processing /opt/airflow/dags/ingest_local_folder_dag.py took 1.075 seconds
[2025-11-30T04:03:01.504+0000] {processor.py:157} INFO - Started process (PID=2803) to work on /opt/airflow/dags/ingest_local_folder_dag.py
[2025-11-30T04:03:01.507+0000] {processor.py:829} INFO - Processing file /opt/airflow/dags/ingest_local_folder_dag.py for tasks to queue
[2025-11-30T04:03:01.509+0000] {logging_mixin.py:151} INFO - [2025-11-30T04:03:01.508+0000] {dagbag.py:539} INFO - Filling up the DagBag from /opt/airflow/dags/ingest_local_folder_dag.py
[2025-11-30T04:03:02.396+0000] {processor.py:839} INFO - DAG(s) dict_keys(['ingestionDAG']) retrieved from /opt/airflow/dags/ingest_local_folder_dag.py
[2025-11-30T04:03:02.471+0000] {logging_mixin.py:151} INFO - [2025-11-30T04:03:02.471+0000] {dag.py:2915} INFO - Sync 1 DAGs
[2025-11-30T04:03:02.524+0000] {logging_mixin.py:151} INFO - [2025-11-30T04:03:02.524+0000] {dag.py:3696} INFO - Setting next_dagrun for ingestionDAG to 2025-11-30T04:02:32.524084+00:00, run_after=2025-11-30T04:03:02.524084+00:00
[2025-11-30T04:03:02.562+0000] {processor.py:179} INFO - Processing /opt/airflow/dags/ingest_local_folder_dag.py took 1.069 seconds
[2025-11-30T04:03:32.823+0000] {processor.py:157} INFO - Started process (PID=2820) to work on /opt/airflow/dags/ingest_local_folder_dag.py
[2025-11-30T04:03:32.826+0000] {processor.py:829} INFO - Processing file /opt/airflow/dags/ingest_local_folder_dag.py for tasks to queue
[2025-11-30T04:03:32.828+0000] {logging_mixin.py:151} INFO - [2025-11-30T04:03:32.827+0000] {dagbag.py:539} INFO - Filling up the DagBag from /opt/airflow/dags/ingest_local_folder_dag.py
[2025-11-30T04:03:33.713+0000] {processor.py:839} INFO - DAG(s) dict_keys(['ingestionDAG']) retrieved from /opt/airflow/dags/ingest_local_folder_dag.py
[2025-11-30T04:03:33.787+0000] {logging_mixin.py:151} INFO - [2025-11-30T04:03:33.787+0000] {dag.py:2915} INFO - Sync 1 DAGs
[2025-11-30T04:03:33.842+0000] {logging_mixin.py:151} INFO - [2025-11-30T04:03:33.841+0000] {dag.py:3696} INFO - Setting next_dagrun for ingestionDAG to 2025-11-30T04:03:03.841518+00:00, run_after=2025-11-30T04:03:33.841518+00:00
[2025-11-30T04:03:33.880+0000] {processor.py:179} INFO - Processing /opt/airflow/dags/ingest_local_folder_dag.py took 1.068 seconds
[2025-11-30T04:04:04.142+0000] {processor.py:157} INFO - Started process (PID=2837) to work on /opt/airflow/dags/ingest_local_folder_dag.py
[2025-11-30T04:04:04.144+0000] {processor.py:829} INFO - Processing file /opt/airflow/dags/ingest_local_folder_dag.py for tasks to queue
[2025-11-30T04:04:04.147+0000] {logging_mixin.py:151} INFO - [2025-11-30T04:04:04.146+0000] {dagbag.py:539} INFO - Filling up the DagBag from /opt/airflow/dags/ingest_local_folder_dag.py
[2025-11-30T04:04:05.067+0000] {processor.py:839} INFO - DAG(s) dict_keys(['ingestionDAG']) retrieved from /opt/airflow/dags/ingest_local_folder_dag.py
[2025-11-30T04:04:05.143+0000] {logging_mixin.py:151} INFO - [2025-11-30T04:04:05.143+0000] {dag.py:2915} INFO - Sync 1 DAGs
[2025-11-30T04:04:05.194+0000] {logging_mixin.py:151} INFO - [2025-11-30T04:04:05.193+0000] {dag.py:3696} INFO - Setting next_dagrun for ingestionDAG to 2025-11-30T04:03:35.193401+00:00, run_after=2025-11-30T04:04:05.193401+00:00
[2025-11-30T04:04:05.239+0000] {processor.py:179} INFO - Processing /opt/airflow/dags/ingest_local_folder_dag.py took 1.109 seconds
[2025-11-30T04:04:35.505+0000] {processor.py:157} INFO - Started process (PID=2854) to work on /opt/airflow/dags/ingest_local_folder_dag.py
[2025-11-30T04:04:35.507+0000] {processor.py:829} INFO - Processing file /opt/airflow/dags/ingest_local_folder_dag.py for tasks to queue
[2025-11-30T04:04:35.510+0000] {logging_mixin.py:151} INFO - [2025-11-30T04:04:35.509+0000] {dagbag.py:539} INFO - Filling up the DagBag from /opt/airflow/dags/ingest_local_folder_dag.py
[2025-11-30T04:04:36.395+0000] {processor.py:839} INFO - DAG(s) dict_keys(['ingestionDAG']) retrieved from /opt/airflow/dags/ingest_local_folder_dag.py
[2025-11-30T04:04:36.469+0000] {logging_mixin.py:151} INFO - [2025-11-30T04:04:36.469+0000] {dag.py:2915} INFO - Sync 1 DAGs
[2025-11-30T04:04:36.521+0000] {logging_mixin.py:151} INFO - [2025-11-30T04:04:36.520+0000] {dag.py:3696} INFO - Setting next_dagrun for ingestionDAG to 2025-11-30T04:04:06.520151+00:00, run_after=2025-11-30T04:04:36.520151+00:00
[2025-11-30T04:04:36.559+0000] {processor.py:179} INFO - Processing /opt/airflow/dags/ingest_local_folder_dag.py took 1.065 seconds
[2025-11-30T04:05:06.769+0000] {processor.py:157} INFO - Started process (PID=2871) to work on /opt/airflow/dags/ingest_local_folder_dag.py
[2025-11-30T04:05:06.771+0000] {processor.py:829} INFO - Processing file /opt/airflow/dags/ingest_local_folder_dag.py for tasks to queue
[2025-11-30T04:05:06.773+0000] {logging_mixin.py:151} INFO - [2025-11-30T04:05:06.772+0000] {dagbag.py:539} INFO - Filling up the DagBag from /opt/airflow/dags/ingest_local_folder_dag.py
[2025-11-30T04:05:07.693+0000] {processor.py:839} INFO - DAG(s) dict_keys(['ingestionDAG']) retrieved from /opt/airflow/dags/ingest_local_folder_dag.py
[2025-11-30T04:05:07.768+0000] {logging_mixin.py:151} INFO - [2025-11-30T04:05:07.767+0000] {dag.py:2915} INFO - Sync 1 DAGs
[2025-11-30T04:05:07.821+0000] {logging_mixin.py:151} INFO - [2025-11-30T04:05:07.821+0000] {dag.py:3696} INFO - Setting next_dagrun for ingestionDAG to 2025-11-30T04:04:37.820833+00:00, run_after=2025-11-30T04:05:07.820833+00:00
[2025-11-30T04:05:07.859+0000] {processor.py:179} INFO - Processing /opt/airflow/dags/ingest_local_folder_dag.py took 1.102 seconds
[2025-11-30T04:05:38.120+0000] {processor.py:157} INFO - Started process (PID=2888) to work on /opt/airflow/dags/ingest_local_folder_dag.py
[2025-11-30T04:05:38.122+0000] {processor.py:829} INFO - Processing file /opt/airflow/dags/ingest_local_folder_dag.py for tasks to queue
[2025-11-30T04:05:38.125+0000] {logging_mixin.py:151} INFO - [2025-11-30T04:05:38.124+0000] {dagbag.py:539} INFO - Filling up the DagBag from /opt/airflow/dags/ingest_local_folder_dag.py
[2025-11-30T04:05:38.995+0000] {processor.py:839} INFO - DAG(s) dict_keys(['ingestionDAG']) retrieved from /opt/airflow/dags/ingest_local_folder_dag.py
[2025-11-30T04:05:39.071+0000] {logging_mixin.py:151} INFO - [2025-11-30T04:05:39.071+0000] {dag.py:2915} INFO - Sync 1 DAGs
[2025-11-30T04:05:39.122+0000] {logging_mixin.py:151} INFO - [2025-11-30T04:05:39.122+0000] {dag.py:3696} INFO - Setting next_dagrun for ingestionDAG to 2025-11-30T04:05:09.122018+00:00, run_after=2025-11-30T04:05:39.122018+00:00
[2025-11-30T04:05:39.162+0000] {processor.py:179} INFO - Processing /opt/airflow/dags/ingest_local_folder_dag.py took 1.053 seconds
[2025-11-30T04:06:09.423+0000] {processor.py:157} INFO - Started process (PID=2905) to work on /opt/airflow/dags/ingest_local_folder_dag.py
[2025-11-30T04:06:09.425+0000] {processor.py:829} INFO - Processing file /opt/airflow/dags/ingest_local_folder_dag.py for tasks to queue
[2025-11-30T04:06:09.428+0000] {logging_mixin.py:151} INFO - [2025-11-30T04:06:09.427+0000] {dagbag.py:539} INFO - Filling up the DagBag from /opt/airflow/dags/ingest_local_folder_dag.py
[2025-11-30T04:06:10.301+0000] {processor.py:839} INFO - DAG(s) dict_keys(['ingestionDAG']) retrieved from /opt/airflow/dags/ingest_local_folder_dag.py
[2025-11-30T04:06:10.377+0000] {logging_mixin.py:151} INFO - [2025-11-30T04:06:10.377+0000] {dag.py:2915} INFO - Sync 1 DAGs
[2025-11-30T04:06:10.428+0000] {logging_mixin.py:151} INFO - [2025-11-30T04:06:10.427+0000] {dag.py:3696} INFO - Setting next_dagrun for ingestionDAG to 2025-11-30T04:05:40.427408+00:00, run_after=2025-11-30T04:06:10.427408+00:00
[2025-11-30T04:06:10.465+0000] {processor.py:179} INFO - Processing /opt/airflow/dags/ingest_local_folder_dag.py took 1.053 seconds
[2025-11-30T04:06:40.726+0000] {processor.py:157} INFO - Started process (PID=2922) to work on /opt/airflow/dags/ingest_local_folder_dag.py
[2025-11-30T04:06:40.728+0000] {processor.py:829} INFO - Processing file /opt/airflow/dags/ingest_local_folder_dag.py for tasks to queue
[2025-11-30T04:06:40.730+0000] {logging_mixin.py:151} INFO - [2025-11-30T04:06:40.729+0000] {dagbag.py:539} INFO - Filling up the DagBag from /opt/airflow/dags/ingest_local_folder_dag.py
[2025-11-30T04:06:41.560+0000] {processor.py:839} INFO - DAG(s) dict_keys(['ingestionDAG']) retrieved from /opt/airflow/dags/ingest_local_folder_dag.py
[2025-11-30T04:06:41.634+0000] {logging_mixin.py:151} INFO - [2025-11-30T04:06:41.634+0000] {dag.py:2915} INFO - Sync 1 DAGs
[2025-11-30T04:06:41.685+0000] {logging_mixin.py:151} INFO - [2025-11-30T04:06:41.685+0000] {dag.py:3696} INFO - Setting next_dagrun for ingestionDAG to 2025-11-30T04:06:11.684697+00:00, run_after=2025-11-30T04:06:41.684697+00:00
[2025-11-30T04:06:41.723+0000] {processor.py:179} INFO - Processing /opt/airflow/dags/ingest_local_folder_dag.py took 1.007 seconds
[2025-11-30T04:07:11.986+0000] {processor.py:157} INFO - Started process (PID=2939) to work on /opt/airflow/dags/ingest_local_folder_dag.py
[2025-11-30T04:07:11.988+0000] {processor.py:829} INFO - Processing file /opt/airflow/dags/ingest_local_folder_dag.py for tasks to queue
[2025-11-30T04:07:11.990+0000] {logging_mixin.py:151} INFO - [2025-11-30T04:07:11.989+0000] {dagbag.py:539} INFO - Filling up the DagBag from /opt/airflow/dags/ingest_local_folder_dag.py
[2025-11-30T04:07:12.828+0000] {processor.py:839} INFO - DAG(s) dict_keys(['ingestionDAG']) retrieved from /opt/airflow/dags/ingest_local_folder_dag.py
[2025-11-30T04:07:12.902+0000] {logging_mixin.py:151} INFO - [2025-11-30T04:07:12.901+0000] {dag.py:2915} INFO - Sync 1 DAGs
[2025-11-30T04:07:12.955+0000] {logging_mixin.py:151} INFO - [2025-11-30T04:07:12.955+0000] {dag.py:3696} INFO - Setting next_dagrun for ingestionDAG to 2025-11-30T04:06:42.954794+00:00, run_after=2025-11-30T04:07:12.954794+00:00
[2025-11-30T04:07:12.994+0000] {processor.py:179} INFO - Processing /opt/airflow/dags/ingest_local_folder_dag.py took 1.018 seconds
[2025-11-30T04:07:43.215+0000] {processor.py:157} INFO - Started process (PID=2954) to work on /opt/airflow/dags/ingest_local_folder_dag.py
[2025-11-30T04:07:43.217+0000] {processor.py:829} INFO - Processing file /opt/airflow/dags/ingest_local_folder_dag.py for tasks to queue
[2025-11-30T04:07:43.223+0000] {logging_mixin.py:151} INFO - [2025-11-30T04:07:43.222+0000] {dagbag.py:539} INFO - Filling up the DagBag from /opt/airflow/dags/ingest_local_folder_dag.py
[2025-11-30T04:07:44.054+0000] {processor.py:839} INFO - DAG(s) dict_keys(['ingestionDAG']) retrieved from /opt/airflow/dags/ingest_local_folder_dag.py
[2025-11-30T04:07:44.130+0000] {logging_mixin.py:151} INFO - [2025-11-30T04:07:44.129+0000] {dag.py:2915} INFO - Sync 1 DAGs
[2025-11-30T04:07:44.181+0000] {logging_mixin.py:151} INFO - [2025-11-30T04:07:44.181+0000] {dag.py:3696} INFO - Setting next_dagrun for ingestionDAG to 2025-11-30T04:07:14.180813+00:00, run_after=2025-11-30T04:07:44.180813+00:00
[2025-11-30T04:07:44.220+0000] {processor.py:179} INFO - Processing /opt/airflow/dags/ingest_local_folder_dag.py took 1.015 seconds
[2025-11-30T04:08:14.478+0000] {processor.py:157} INFO - Started process (PID=2967) to work on /opt/airflow/dags/ingest_local_folder_dag.py
[2025-11-30T04:08:14.480+0000] {processor.py:829} INFO - Processing file /opt/airflow/dags/ingest_local_folder_dag.py for tasks to queue
[2025-11-30T04:08:14.483+0000] {logging_mixin.py:151} INFO - [2025-11-30T04:08:14.482+0000] {dagbag.py:539} INFO - Filling up the DagBag from /opt/airflow/dags/ingest_local_folder_dag.py
[2025-11-30T04:08:15.375+0000] {processor.py:839} INFO - DAG(s) dict_keys(['ingestionDAG']) retrieved from /opt/airflow/dags/ingest_local_folder_dag.py
[2025-11-30T04:08:15.451+0000] {logging_mixin.py:151} INFO - [2025-11-30T04:08:15.451+0000] {dag.py:2915} INFO - Sync 1 DAGs
[2025-11-30T04:08:15.502+0000] {logging_mixin.py:151} INFO - [2025-11-30T04:08:15.502+0000] {dag.py:3696} INFO - Setting next_dagrun for ingestionDAG to 2025-11-30T04:07:45.502134+00:00, run_after=2025-11-30T04:08:15.502134+00:00
[2025-11-30T04:08:15.541+0000] {processor.py:179} INFO - Processing /opt/airflow/dags/ingest_local_folder_dag.py took 1.074 seconds
[2025-11-30T04:08:45.823+0000] {processor.py:157} INFO - Started process (PID=2984) to work on /opt/airflow/dags/ingest_local_folder_dag.py
[2025-11-30T04:08:45.825+0000] {processor.py:829} INFO - Processing file /opt/airflow/dags/ingest_local_folder_dag.py for tasks to queue
[2025-11-30T04:08:45.828+0000] {logging_mixin.py:151} INFO - [2025-11-30T04:08:45.827+0000] {dagbag.py:539} INFO - Filling up the DagBag from /opt/airflow/dags/ingest_local_folder_dag.py
[2025-11-30T04:08:46.717+0000] {processor.py:839} INFO - DAG(s) dict_keys(['ingestionDAG']) retrieved from /opt/airflow/dags/ingest_local_folder_dag.py
[2025-11-30T04:08:46.791+0000] {logging_mixin.py:151} INFO - [2025-11-30T04:08:46.791+0000] {dag.py:2915} INFO - Sync 1 DAGs
[2025-11-30T04:08:46.842+0000] {logging_mixin.py:151} INFO - [2025-11-30T04:08:46.841+0000] {dag.py:3696} INFO - Setting next_dagrun for ingestionDAG to 2025-11-30T04:08:16.841415+00:00, run_after=2025-11-30T04:08:46.841415+00:00
[2025-11-30T04:08:46.880+0000] {processor.py:179} INFO - Processing /opt/airflow/dags/ingest_local_folder_dag.py took 1.068 seconds
[2025-11-30T04:09:17.162+0000] {processor.py:157} INFO - Started process (PID=3001) to work on /opt/airflow/dags/ingest_local_folder_dag.py
[2025-11-30T04:09:17.165+0000] {processor.py:829} INFO - Processing file /opt/airflow/dags/ingest_local_folder_dag.py for tasks to queue
[2025-11-30T04:09:17.167+0000] {logging_mixin.py:151} INFO - [2025-11-30T04:09:17.166+0000] {dagbag.py:539} INFO - Filling up the DagBag from /opt/airflow/dags/ingest_local_folder_dag.py
[2025-11-30T04:09:18.063+0000] {processor.py:839} INFO - DAG(s) dict_keys(['ingestionDAG']) retrieved from /opt/airflow/dags/ingest_local_folder_dag.py
[2025-11-30T04:09:18.137+0000] {logging_mixin.py:151} INFO - [2025-11-30T04:09:18.137+0000] {dag.py:2915} INFO - Sync 1 DAGs
[2025-11-30T04:09:18.188+0000] {logging_mixin.py:151} INFO - [2025-11-30T04:09:18.188+0000] {dag.py:3696} INFO - Setting next_dagrun for ingestionDAG to 2025-11-30T04:08:48.187919+00:00, run_after=2025-11-30T04:09:18.187919+00:00
[2025-11-30T04:09:18.229+0000] {processor.py:179} INFO - Processing /opt/airflow/dags/ingest_local_folder_dag.py took 1.076 seconds
[2025-11-30T04:09:48.522+0000] {processor.py:157} INFO - Started process (PID=3018) to work on /opt/airflow/dags/ingest_local_folder_dag.py
[2025-11-30T04:09:48.524+0000] {processor.py:829} INFO - Processing file /opt/airflow/dags/ingest_local_folder_dag.py for tasks to queue
[2025-11-30T04:09:48.526+0000] {logging_mixin.py:151} INFO - [2025-11-30T04:09:48.525+0000] {dagbag.py:539} INFO - Filling up the DagBag from /opt/airflow/dags/ingest_local_folder_dag.py
[2025-11-30T04:09:49.407+0000] {processor.py:839} INFO - DAG(s) dict_keys(['ingestionDAG']) retrieved from /opt/airflow/dags/ingest_local_folder_dag.py
[2025-11-30T04:09:49.481+0000] {logging_mixin.py:151} INFO - [2025-11-30T04:09:49.480+0000] {dag.py:2915} INFO - Sync 1 DAGs
[2025-11-30T04:09:49.534+0000] {logging_mixin.py:151} INFO - [2025-11-30T04:09:49.533+0000] {dag.py:3696} INFO - Setting next_dagrun for ingestionDAG to 2025-11-30T04:09:19.533542+00:00, run_after=2025-11-30T04:09:49.533542+00:00
[2025-11-30T04:09:49.572+0000] {processor.py:179} INFO - Processing /opt/airflow/dags/ingest_local_folder_dag.py took 1.062 seconds
[2025-11-30T04:10:19.841+0000] {processor.py:157} INFO - Started process (PID=3035) to work on /opt/airflow/dags/ingest_local_folder_dag.py
[2025-11-30T04:10:19.844+0000] {processor.py:829} INFO - Processing file /opt/airflow/dags/ingest_local_folder_dag.py for tasks to queue
[2025-11-30T04:10:19.846+0000] {logging_mixin.py:151} INFO - [2025-11-30T04:10:19.845+0000] {dagbag.py:539} INFO - Filling up the DagBag from /opt/airflow/dags/ingest_local_folder_dag.py
[2025-11-30T04:10:20.723+0000] {processor.py:839} INFO - DAG(s) dict_keys(['ingestionDAG']) retrieved from /opt/airflow/dags/ingest_local_folder_dag.py
[2025-11-30T04:10:20.799+0000] {logging_mixin.py:151} INFO - [2025-11-30T04:10:20.798+0000] {dag.py:2915} INFO - Sync 1 DAGs
[2025-11-30T04:10:20.850+0000] {logging_mixin.py:151} INFO - [2025-11-30T04:10:20.849+0000] {dag.py:3696} INFO - Setting next_dagrun for ingestionDAG to 2025-11-30T04:09:50.849243+00:00, run_after=2025-11-30T04:10:20.849243+00:00
[2025-11-30T04:10:20.887+0000] {processor.py:179} INFO - Processing /opt/airflow/dags/ingest_local_folder_dag.py took 1.057 seconds
[2025-11-30T04:10:51.144+0000] {processor.py:157} INFO - Started process (PID=3052) to work on /opt/airflow/dags/ingest_local_folder_dag.py
[2025-11-30T04:10:51.146+0000] {processor.py:829} INFO - Processing file /opt/airflow/dags/ingest_local_folder_dag.py for tasks to queue
[2025-11-30T04:10:51.149+0000] {logging_mixin.py:151} INFO - [2025-11-30T04:10:51.148+0000] {dagbag.py:539} INFO - Filling up the DagBag from /opt/airflow/dags/ingest_local_folder_dag.py
[2025-11-30T04:10:52.051+0000] {processor.py:839} INFO - DAG(s) dict_keys(['ingestionDAG']) retrieved from /opt/airflow/dags/ingest_local_folder_dag.py
[2025-11-30T04:10:52.125+0000] {logging_mixin.py:151} INFO - [2025-11-30T04:10:52.124+0000] {dag.py:2915} INFO - Sync 1 DAGs
[2025-11-30T04:10:52.175+0000] {logging_mixin.py:151} INFO - [2025-11-30T04:10:52.175+0000] {dag.py:3696} INFO - Setting next_dagrun for ingestionDAG to 2025-11-30T04:10:22.174799+00:00, run_after=2025-11-30T04:10:52.174799+00:00
[2025-11-30T04:10:52.213+0000] {processor.py:179} INFO - Processing /opt/airflow/dags/ingest_local_folder_dag.py took 1.081 seconds
[2025-11-30T04:11:22.479+0000] {processor.py:157} INFO - Started process (PID=3069) to work on /opt/airflow/dags/ingest_local_folder_dag.py
[2025-11-30T04:11:22.482+0000] {processor.py:829} INFO - Processing file /opt/airflow/dags/ingest_local_folder_dag.py for tasks to queue
[2025-11-30T04:11:22.485+0000] {logging_mixin.py:151} INFO - [2025-11-30T04:11:22.484+0000] {dagbag.py:539} INFO - Filling up the DagBag from /opt/airflow/dags/ingest_local_folder_dag.py
[2025-11-30T04:11:23.368+0000] {processor.py:839} INFO - DAG(s) dict_keys(['ingestionDAG']) retrieved from /opt/airflow/dags/ingest_local_folder_dag.py
[2025-11-30T04:11:23.442+0000] {logging_mixin.py:151} INFO - [2025-11-30T04:11:23.441+0000] {dag.py:2915} INFO - Sync 1 DAGs
[2025-11-30T04:11:23.493+0000] {logging_mixin.py:151} INFO - [2025-11-30T04:11:23.492+0000] {dag.py:3696} INFO - Setting next_dagrun for ingestionDAG to 2025-11-30T04:10:53.492141+00:00, run_after=2025-11-30T04:11:23.492141+00:00
[2025-11-30T04:11:23.530+0000] {processor.py:179} INFO - Processing /opt/airflow/dags/ingest_local_folder_dag.py took 1.062 seconds
[2025-11-30T04:11:53.789+0000] {processor.py:157} INFO - Started process (PID=3086) to work on /opt/airflow/dags/ingest_local_folder_dag.py
[2025-11-30T04:11:53.791+0000] {processor.py:829} INFO - Processing file /opt/airflow/dags/ingest_local_folder_dag.py for tasks to queue
[2025-11-30T04:11:53.794+0000] {logging_mixin.py:151} INFO - [2025-11-30T04:11:53.793+0000] {dagbag.py:539} INFO - Filling up the DagBag from /opt/airflow/dags/ingest_local_folder_dag.py
[2025-11-30T04:11:54.693+0000] {processor.py:839} INFO - DAG(s) dict_keys(['ingestionDAG']) retrieved from /opt/airflow/dags/ingest_local_folder_dag.py
[2025-11-30T04:11:54.767+0000] {logging_mixin.py:151} INFO - [2025-11-30T04:11:54.767+0000] {dag.py:2915} INFO - Sync 1 DAGs
[2025-11-30T04:11:54.820+0000] {logging_mixin.py:151} INFO - [2025-11-30T04:11:54.820+0000] {dag.py:3696} INFO - Setting next_dagrun for ingestionDAG to 2025-11-30T04:11:24.819756+00:00, run_after=2025-11-30T04:11:54.819756+00:00
[2025-11-30T04:11:54.858+0000] {processor.py:179} INFO - Processing /opt/airflow/dags/ingest_local_folder_dag.py took 1.080 seconds
[2025-11-30T04:12:25.117+0000] {processor.py:157} INFO - Started process (PID=3103) to work on /opt/airflow/dags/ingest_local_folder_dag.py
[2025-11-30T04:12:25.120+0000] {processor.py:829} INFO - Processing file /opt/airflow/dags/ingest_local_folder_dag.py for tasks to queue
[2025-11-30T04:12:25.123+0000] {logging_mixin.py:151} INFO - [2025-11-30T04:12:25.121+0000] {dagbag.py:539} INFO - Filling up the DagBag from /opt/airflow/dags/ingest_local_folder_dag.py
[2025-11-30T04:12:25.993+0000] {processor.py:839} INFO - DAG(s) dict_keys(['ingestionDAG']) retrieved from /opt/airflow/dags/ingest_local_folder_dag.py
[2025-11-30T04:12:26.067+0000] {logging_mixin.py:151} INFO - [2025-11-30T04:12:26.067+0000] {dag.py:2915} INFO - Sync 1 DAGs
[2025-11-30T04:12:26.118+0000] {logging_mixin.py:151} INFO - [2025-11-30T04:12:26.117+0000] {dag.py:3696} INFO - Setting next_dagrun for ingestionDAG to 2025-11-30T04:11:56.117435+00:00, run_after=2025-11-30T04:12:26.117435+00:00
[2025-11-30T04:12:26.156+0000] {processor.py:179} INFO - Processing /opt/airflow/dags/ingest_local_folder_dag.py took 1.050 seconds
[2025-11-30T04:12:56.412+0000] {processor.py:157} INFO - Started process (PID=3120) to work on /opt/airflow/dags/ingest_local_folder_dag.py
[2025-11-30T04:12:56.415+0000] {processor.py:829} INFO - Processing file /opt/airflow/dags/ingest_local_folder_dag.py for tasks to queue
[2025-11-30T04:12:56.417+0000] {logging_mixin.py:151} INFO - [2025-11-30T04:12:56.416+0000] {dagbag.py:539} INFO - Filling up the DagBag from /opt/airflow/dags/ingest_local_folder_dag.py
[2025-11-30T04:12:57.281+0000] {processor.py:839} INFO - DAG(s) dict_keys(['ingestionDAG']) retrieved from /opt/airflow/dags/ingest_local_folder_dag.py
[2025-11-30T04:12:57.356+0000] {logging_mixin.py:151} INFO - [2025-11-30T04:12:57.355+0000] {dag.py:2915} INFO - Sync 1 DAGs
[2025-11-30T04:12:57.407+0000] {logging_mixin.py:151} INFO - [2025-11-30T04:12:57.406+0000] {dag.py:3696} INFO - Setting next_dagrun for ingestionDAG to 2025-11-30T04:12:27.406315+00:00, run_after=2025-11-30T04:12:57.406315+00:00
[2025-11-30T04:12:57.445+0000] {processor.py:179} INFO - Processing /opt/airflow/dags/ingest_local_folder_dag.py took 1.044 seconds
[2025-11-30T04:13:27.987+0000] {processor.py:157} INFO - Started process (PID=3137) to work on /opt/airflow/dags/ingest_local_folder_dag.py
[2025-11-30T04:13:27.990+0000] {processor.py:829} INFO - Processing file /opt/airflow/dags/ingest_local_folder_dag.py for tasks to queue
[2025-11-30T04:13:27.993+0000] {logging_mixin.py:151} INFO - [2025-11-30T04:13:27.992+0000] {dagbag.py:539} INFO - Filling up the DagBag from /opt/airflow/dags/ingest_local_folder_dag.py
[2025-11-30T04:13:28.527+0000] {processor.py:839} INFO - DAG(s) dict_keys(['ingestionDAG']) retrieved from /opt/airflow/dags/ingest_local_folder_dag.py
[2025-11-30T04:13:28.623+0000] {logging_mixin.py:151} INFO - [2025-11-30T04:13:28.622+0000] {dag.py:2915} INFO - Sync 1 DAGs
[2025-11-30T04:13:28.686+0000] {logging_mixin.py:151} INFO - [2025-11-30T04:13:28.685+0000] {dag.py:3696} INFO - Setting next_dagrun for ingestionDAG to 2025-11-30T04:12:58.685299+00:00, run_after=2025-11-30T04:13:28.685299+00:00
[2025-11-30T04:13:28.728+0000] {processor.py:179} INFO - Processing /opt/airflow/dags/ingest_local_folder_dag.py took 0.755 seconds
[2025-11-30T04:13:59.191+0000] {processor.py:157} INFO - Started process (PID=3154) to work on /opt/airflow/dags/ingest_local_folder_dag.py
[2025-11-30T04:13:59.194+0000] {processor.py:829} INFO - Processing file /opt/airflow/dags/ingest_local_folder_dag.py for tasks to queue
[2025-11-30T04:13:59.196+0000] {logging_mixin.py:151} INFO - [2025-11-30T04:13:59.195+0000] {dagbag.py:539} INFO - Filling up the DagBag from /opt/airflow/dags/ingest_local_folder_dag.py
[2025-11-30T04:13:59.732+0000] {processor.py:839} INFO - DAG(s) dict_keys(['ingestionDAG']) retrieved from /opt/airflow/dags/ingest_local_folder_dag.py
[2025-11-30T04:13:59.816+0000] {logging_mixin.py:151} INFO - [2025-11-30T04:13:59.816+0000] {dag.py:2915} INFO - Sync 1 DAGs
[2025-11-30T04:13:59.876+0000] {logging_mixin.py:151} INFO - [2025-11-30T04:13:59.875+0000] {dag.py:3696} INFO - Setting next_dagrun for ingestionDAG to 2025-11-30T04:13:29.875293+00:00, run_after=2025-11-30T04:13:59.875293+00:00
[2025-11-30T04:13:59.916+0000] {processor.py:179} INFO - Processing /opt/airflow/dags/ingest_local_folder_dag.py took 0.735 seconds
[2025-11-30T04:14:30.187+0000] {processor.py:157} INFO - Started process (PID=3171) to work on /opt/airflow/dags/ingest_local_folder_dag.py
[2025-11-30T04:14:30.190+0000] {processor.py:829} INFO - Processing file /opt/airflow/dags/ingest_local_folder_dag.py for tasks to queue
[2025-11-30T04:14:30.192+0000] {logging_mixin.py:151} INFO - [2025-11-30T04:14:30.191+0000] {dagbag.py:539} INFO - Filling up the DagBag from /opt/airflow/dags/ingest_local_folder_dag.py
[2025-11-30T04:14:30.723+0000] {processor.py:839} INFO - DAG(s) dict_keys(['ingestionDAG']) retrieved from /opt/airflow/dags/ingest_local_folder_dag.py
[2025-11-30T04:14:30.810+0000] {logging_mixin.py:151} INFO - [2025-11-30T04:14:30.809+0000] {dag.py:2915} INFO - Sync 1 DAGs
[2025-11-30T04:14:30.867+0000] {logging_mixin.py:151} INFO - [2025-11-30T04:14:30.866+0000] {dag.py:3696} INFO - Setting next_dagrun for ingestionDAG to 2025-11-30T04:14:00.866360+00:00, run_after=2025-11-30T04:14:30.866360+00:00
[2025-11-30T04:14:30.908+0000] {processor.py:179} INFO - Processing /opt/airflow/dags/ingest_local_folder_dag.py took 0.732 seconds
[2025-11-30T04:15:01.031+0000] {processor.py:157} INFO - Started process (PID=3188) to work on /opt/airflow/dags/ingest_local_folder_dag.py
[2025-11-30T04:15:01.033+0000] {processor.py:829} INFO - Processing file /opt/airflow/dags/ingest_local_folder_dag.py for tasks to queue
[2025-11-30T04:15:01.035+0000] {logging_mixin.py:151} INFO - [2025-11-30T04:15:01.034+0000] {dagbag.py:539} INFO - Filling up the DagBag from /opt/airflow/dags/ingest_local_folder_dag.py
[2025-11-30T04:15:01.564+0000] {processor.py:839} INFO - DAG(s) dict_keys(['ingestionDAG']) retrieved from /opt/airflow/dags/ingest_local_folder_dag.py
[2025-11-30T04:15:01.648+0000] {logging_mixin.py:151} INFO - [2025-11-30T04:15:01.647+0000] {dag.py:2915} INFO - Sync 1 DAGs
[2025-11-30T04:15:01.705+0000] {logging_mixin.py:151} INFO - [2025-11-30T04:15:01.705+0000] {dag.py:3696} INFO - Setting next_dagrun for ingestionDAG to 2025-11-30T04:14:31.704517+00:00, run_after=2025-11-30T04:15:01.704517+00:00
[2025-11-30T04:15:01.745+0000] {processor.py:179} INFO - Processing /opt/airflow/dags/ingest_local_folder_dag.py took 0.724 seconds
[2025-11-30T04:15:31.911+0000] {processor.py:157} INFO - Started process (PID=3205) to work on /opt/airflow/dags/ingest_local_folder_dag.py
[2025-11-30T04:15:31.913+0000] {processor.py:829} INFO - Processing file /opt/airflow/dags/ingest_local_folder_dag.py for tasks to queue
[2025-11-30T04:15:31.915+0000] {logging_mixin.py:151} INFO - [2025-11-30T04:15:31.914+0000] {dagbag.py:539} INFO - Filling up the DagBag from /opt/airflow/dags/ingest_local_folder_dag.py
[2025-11-30T04:15:32.437+0000] {processor.py:839} INFO - DAG(s) dict_keys(['ingestionDAG']) retrieved from /opt/airflow/dags/ingest_local_folder_dag.py
[2025-11-30T04:15:32.522+0000] {logging_mixin.py:151} INFO - [2025-11-30T04:15:32.521+0000] {dag.py:2915} INFO - Sync 1 DAGs
[2025-11-30T04:15:32.580+0000] {logging_mixin.py:151} INFO - [2025-11-30T04:15:32.579+0000] {dag.py:3696} INFO - Setting next_dagrun for ingestionDAG to 2025-11-30T04:15:02.579292+00:00, run_after=2025-11-30T04:15:32.579292+00:00
[2025-11-30T04:15:32.622+0000] {processor.py:179} INFO - Processing /opt/airflow/dags/ingest_local_folder_dag.py took 0.722 seconds
[2025-11-30T04:16:02.882+0000] {processor.py:157} INFO - Started process (PID=3220) to work on /opt/airflow/dags/ingest_local_folder_dag.py
[2025-11-30T04:16:02.884+0000] {processor.py:829} INFO - Processing file /opt/airflow/dags/ingest_local_folder_dag.py for tasks to queue
[2025-11-30T04:16:02.892+0000] {logging_mixin.py:151} INFO - [2025-11-30T04:16:02.885+0000] {dagbag.py:539} INFO - Filling up the DagBag from /opt/airflow/dags/ingest_local_folder_dag.py
[2025-11-30T04:16:03.498+0000] {processor.py:839} INFO - DAG(s) dict_keys(['ingestionDAG']) retrieved from /opt/airflow/dags/ingest_local_folder_dag.py
[2025-11-30T04:16:03.587+0000] {logging_mixin.py:151} INFO - [2025-11-30T04:16:03.586+0000] {dag.py:2915} INFO - Sync 1 DAGs
[2025-11-30T04:16:03.652+0000] {logging_mixin.py:151} INFO - [2025-11-30T04:16:03.651+0000] {dag.py:3696} INFO - Setting next_dagrun for ingestionDAG to 2025-11-30T04:15:33.651314+00:00, run_after=2025-11-30T04:16:03.651314+00:00
[2025-11-30T04:16:03.694+0000] {processor.py:179} INFO - Processing /opt/airflow/dags/ingest_local_folder_dag.py took 0.823 seconds
[2025-11-30T04:16:33.965+0000] {processor.py:157} INFO - Started process (PID=3231) to work on /opt/airflow/dags/ingest_local_folder_dag.py
[2025-11-30T04:16:33.967+0000] {processor.py:829} INFO - Processing file /opt/airflow/dags/ingest_local_folder_dag.py for tasks to queue
[2025-11-30T04:16:33.969+0000] {logging_mixin.py:151} INFO - [2025-11-30T04:16:33.968+0000] {dagbag.py:539} INFO - Filling up the DagBag from /opt/airflow/dags/ingest_local_folder_dag.py
[2025-11-30T04:16:34.503+0000] {processor.py:839} INFO - DAG(s) dict_keys(['ingestionDAG']) retrieved from /opt/airflow/dags/ingest_local_folder_dag.py
[2025-11-30T04:16:34.593+0000] {logging_mixin.py:151} INFO - [2025-11-30T04:16:34.593+0000] {dag.py:2915} INFO - Sync 1 DAGs
[2025-11-30T04:16:34.654+0000] {logging_mixin.py:151} INFO - [2025-11-30T04:16:34.653+0000] {dag.py:3696} INFO - Setting next_dagrun for ingestionDAG to 2025-11-30T04:16:04.653367+00:00, run_after=2025-11-30T04:16:34.653367+00:00
[2025-11-30T04:16:34.698+0000] {processor.py:179} INFO - Processing /opt/airflow/dags/ingest_local_folder_dag.py took 0.743 seconds
[2025-11-30T14:39:31.894+0000] {processor.py:157} INFO - Started process (PID=3247) to work on /opt/airflow/dags/ingest_local_folder_dag.py
[2025-11-30T14:39:31.901+0000] {processor.py:829} INFO - Processing file /opt/airflow/dags/ingest_local_folder_dag.py for tasks to queue
[2025-11-30T14:39:31.913+0000] {logging_mixin.py:151} INFO - [2025-11-30T14:39:31.909+0000] {dagbag.py:539} INFO - Filling up the DagBag from /opt/airflow/dags/ingest_local_folder_dag.py
[2025-11-30T14:39:32.719+0000] {processor.py:839} INFO - DAG(s) dict_keys(['ingestionDAG']) retrieved from /opt/airflow/dags/ingest_local_folder_dag.py
[2025-11-30T14:39:32.806+0000] {logging_mixin.py:151} INFO - [2025-11-30T14:39:32.806+0000] {dag.py:2915} INFO - Sync 1 DAGs
[2025-11-30T14:39:32.864+0000] {logging_mixin.py:151} INFO - [2025-11-30T14:39:32.863+0000] {dag.py:3696} INFO - Setting next_dagrun for ingestionDAG to 2025-11-30T14:39:02.863318+00:00, run_after=2025-11-30T14:39:32.863318+00:00
[2025-11-30T14:39:32.905+0000] {processor.py:179} INFO - Processing /opt/airflow/dags/ingest_local_folder_dag.py took 1.189 seconds
