[2026-05-04T08:22:12.205+0000] {taskinstance.py:1157} INFO - Dependencies all met for dep_context=non-requeueable deps ti=<TaskInstance: embedding_sync_dag.backfill_existing_data scheduled__2026-05-04T08:15:00+00:00 [queued]>
[2026-05-04T08:22:12.214+0000] {taskinstance.py:1157} INFO - Dependencies all met for dep_context=requeueable deps ti=<TaskInstance: embedding_sync_dag.backfill_existing_data scheduled__2026-05-04T08:15:00+00:00 [queued]>
[2026-05-04T08:22:12.214+0000] {taskinstance.py:1359} INFO - Starting attempt 1 of 3
[2026-05-04T08:22:12.232+0000] {taskinstance.py:1380} INFO - Executing <Task(PythonOperator): backfill_existing_data> on 2026-05-04 08:15:00+00:00
[2026-05-04T08:22:12.240+0000] {standard_task_runner.py:57} INFO - Started process 2192 to run task
[2026-05-04T08:22:12.248+0000] {standard_task_runner.py:84} INFO - Running: ['***', 'tasks', 'run', 'embedding_sync_dag', 'backfill_existing_data', 'scheduled__2026-05-04T08:15:00+00:00', '--job-id', '4215', '--raw', '--subdir', 'DAGS_FOLDER/embedding_sync_dag.py', '--cfg-path', '/tmp/tmpqtd1980u']
[2026-05-04T08:22:12.253+0000] {standard_task_runner.py:85} INFO - Job 4215: Subtask backfill_existing_data
[2026-05-04T08:22:12.356+0000] {task_command.py:415} INFO - Running <TaskInstance: embedding_sync_dag.backfill_existing_data scheduled__2026-05-04T08:15:00+00:00 [running]> on host e8610aa59365
[2026-05-04T08:22:12.529+0000] {taskinstance.py:1660} INFO - Exporting env vars: AIRFLOW_CTX_DAG_OWNER='lakehouse' AIRFLOW_CTX_DAG_ID='embedding_sync_dag' AIRFLOW_CTX_TASK_ID='backfill_existing_data' AIRFLOW_CTX_EXECUTION_DATE='2026-05-04T08:15:00+00:00' AIRFLOW_CTX_TRY_NUMBER='1' AIRFLOW_CTX_DAG_RUN_ID='scheduled__2026-05-04T08:15:00+00:00'
[2026-05-04T08:22:13.543+0000] {embedding_pipeline.py:430} INFO - [embed] Backfill needed — source~1085, fully embedded=0, gap~1085
[2026-05-04T08:22:13.545+0000] {embedding_pipeline.py:448} INFO - [embed] Scanning 15 tables for unembedded rows...
[2026-05-04T08:22:13.556+0000] {embedding_pipeline.py:492} INFO - [embed] Queued 10 rows from data_datatest1
[2026-05-04T08:22:13.561+0000] {embedding_pipeline.py:492} INFO - [embed] Queued 10 rows from data_datatest2
[2026-05-04T08:22:13.566+0000] {embedding_pipeline.py:492} INFO - [embed] Queued 10 rows from data_datatest3
[2026-05-04T08:22:13.573+0000] {embedding_pipeline.py:492} INFO - [embed] Queued 10 rows from data_datatest4
[2026-05-04T08:22:13.577+0000] {embedding_pipeline.py:492} INFO - [embed] Queued 2 rows from data_iotpblfilecover_page1_table1
[2026-05-04T08:22:13.584+0000] {embedding_pipeline.py:492} INFO - [embed] Queued 2 rows from data_mispblintro_page1_table1
[2026-05-04T08:22:13.587+0000] {embedding_pipeline.py:492} INFO - [embed] Queued 4 rows from data_sample_1_page1_table1
[2026-05-04T08:22:13.590+0000] {embedding_pipeline.py:492} INFO - [embed] Queued 3 rows from data_sample_2_page1_table1
[2026-05-04T08:22:13.593+0000] {embedding_pipeline.py:492} INFO - [embed] Queued 7 rows from data_sample_3_page1_table1
[2026-05-04T08:22:13.597+0000] {embedding_pipeline.py:492} INFO - [embed] Queued 6 rows from data_sample_4_page1_table1
[2026-05-04T08:22:13.600+0000] {embedding_pipeline.py:492} INFO - [embed] Queued 6 rows from data_sample_5_page1_table1
[2026-05-04T08:22:13.622+0000] {embedding_pipeline.py:492} INFO - [embed] Queued 1000 rows from data_studentsperformance
[2026-05-04T08:22:13.631+0000] {embedding_pipeline.py:492} INFO - [embed] Queued 41 rows from minio_data_catalog
[2026-05-04T08:22:13.657+0000] {embedding_pipeline.py:492} INFO - [embed] Queued 103 rows from unstructured_documents
[2026-05-04T08:22:13.661+0000] {embedding_pipeline.py:492} INFO - [embed] Queued 19 rows from unstructured_images
[2026-05-04T08:22:13.665+0000] {embedding_pipeline.py:501} INFO - [embed] Backfill complete — 1233 rows queued
[2026-05-04T08:22:13.713+0000] {python.py:194} INFO - Done. Returned value was: 1233
[2026-05-04T08:22:13.788+0000] {taskinstance.py:1398} INFO - Marking task as SUCCESS. dag_id=embedding_sync_dag, task_id=backfill_existing_data, execution_date=20260504T081500, start_date=20260504T082212, end_date=20260504T082213
[2026-05-04T08:22:13.872+0000] {local_task_job_runner.py:228} INFO - Task exited with return code 0
[2026-05-04T08:22:13.912+0000] {taskinstance.py:2776} INFO - 1 downstream tasks scheduled from follow-on schedule check
