[2025-11-28T06:18:34.570+0000] {taskinstance.py:1157} INFO - Dependencies all met for dep_context=non-requeueable deps ti=<TaskInstance: distillationDAG.scan_minio_and_dispatch scheduled__2025-11-28T06:17:35.553205+00:00 [queued]>
[2025-11-28T06:18:34.595+0000] {taskinstance.py:1157} INFO - Dependencies all met for dep_context=requeueable deps ti=<TaskInstance: distillationDAG.scan_minio_and_dispatch scheduled__2025-11-28T06:17:35.553205+00:00 [queued]>
[2025-11-28T06:18:34.596+0000] {taskinstance.py:1359} INFO - Starting attempt 1 of 4
[2025-11-28T06:18:34.630+0000] {taskinstance.py:1380} INFO - Executing <Task(PythonOperator): scan_minio_and_dispatch> on 2025-11-28 06:17:35.553205+00:00
[2025-11-28T06:18:34.647+0000] {standard_task_runner.py:57} INFO - Started process 7374 to run task
[2025-11-28T06:18:34.657+0000] {standard_task_runner.py:84} INFO - Running: ['***', 'tasks', 'run', 'distillationDAG', 'scan_minio_and_dispatch', 'scheduled__2025-11-28T06:17:35.553205+00:00', '--job-id', '534', '--raw', '--subdir', 'DAGS_FOLDER/dispatcher_pipeline_dag.py', '--cfg-path', '/tmp/tmpv_8v1kgs']
[2025-11-28T06:18:34.666+0000] {standard_task_runner.py:85} INFO - Job 534: Subtask scan_minio_and_dispatch
[2025-11-28T06:18:34.728+0000] {logging_mixin.py:151} WARNING - /home/***/.local/lib/python3.11/site-packages/***/settings.py:195 DeprecationWarning: The sql_alchemy_conn option in [core] has been moved to the sql_alchemy_conn option in [database] - the old setting has been used, but please update your config.
[2025-11-28T06:18:34.880+0000] {task_command.py:415} INFO - Running <TaskInstance: distillationDAG.scan_minio_and_dispatch scheduled__2025-11-28T06:17:35.553205+00:00 [running]> on host ca4e2af379ef
[2025-11-28T06:18:35.633+0000] {taskinstance.py:1660} INFO - Exporting env vars: AIRFLOW_CTX_DAG_OWNER='***' AIRFLOW_CTX_DAG_ID='distillationDAG' AIRFLOW_CTX_TASK_ID='scan_minio_and_dispatch' AIRFLOW_CTX_EXECUTION_DATE='2025-11-28T06:17:35.553205+00:00' AIRFLOW_CTX_TRY_NUMBER='1' AIRFLOW_CTX_DAG_RUN_ID='scheduled__2025-11-28T06:17:35.553205+00:00'
[2025-11-28T06:18:35.658+0000] {logging_mixin.py:151} INFO - [DISPATCHER] Found file: raw/customer.csv
[2025-11-28T06:18:36.151+0000] {structured_pipeline.py:155} INFO - [structured] Processing raw/customer.csv
[2025-11-28T06:18:36.164+0000] {structured_pipeline.py:162} INFO - [structured] Downloaded 225 bytes
[2025-11-28T06:18:36.165+0000] {structured_pipeline.py:19} INFO - Detected encoding: ascii (confidence: 1.00)
[2025-11-28T06:18:36.166+0000] {structured_pipeline.py:173} INFO - [structured] Attempting to decode with ascii
[2025-11-28T06:18:36.170+0000] {structured_pipeline.py:38} INFO - Sniffer detected delimiter: ','
[2025-11-28T06:18:36.170+0000] {structured_pipeline.py:211} INFO - [structured] Read attempt 1
[2025-11-28T06:18:36.190+0000] {structured_pipeline.py:215} INFO - [structured] Successfully read 4 rows with 4 columns
[2025-11-28T06:18:36.190+0000] {structured_pipeline.py:235} INFO - [structured] Cleaning dataframe...
[2025-11-28T06:18:36.208+0000] {structured_pipeline.py:257} INFO - [structured] Cleaned dataframe: 4 rows, 4 columns
[2025-11-28T06:18:36.209+0000] {structured_pipeline.py:116} INFO - Table name: data_customer
[2025-11-28T06:18:36.219+0000] {logging_mixin.py:151} WARNING - /opt/python-etl/pipelines/structured_pipeline.py:134 UserWarning: Could not infer format, so each element will be parsed individually, falling back to `dateutil`. To ensure parsing is consistent and as-expected, please specify a format.
[2025-11-28T06:18:36.226+0000] {logging_mixin.py:151} WARNING - /opt/python-etl/pipelines/structured_pipeline.py:134 UserWarning: Could not infer format, so each element will be parsed individually, falling back to `dateutil`. To ensure parsing is consistent and as-expected, please specify a format.
[2025-11-28T06:18:36.240+0000] {structured_pipeline.py:281} INFO - [structured] Created table: data_customer
[2025-11-28T06:18:36.249+0000] {structured_pipeline.py:294} INFO - [structured] Loaded 4 rows into data_customer
[2025-11-28T06:18:36.249+0000] {structured_pipeline.py:298} INFO - [structured] Writing Parquet file...
[2025-11-28T06:18:36.296+0000] {logging_mixin.py:151} WARNING - /home/***/.local/lib/python3.11/site-packages/pyarrow/pandas_compat.py:373 FutureWarning: is_sparse is deprecated and will be removed in a future version. Check `isinstance(dtype, pd.SparseDtype)` instead.
[2025-11-28T06:18:36.317+0000] {structured_pipeline.py:311} INFO - [structured] Parquet saved to: processed/structured/customer.parquet
[2025-11-28T06:18:36.322+0000] {structured_pipeline.py:323} INFO - [structured] ✅ Successfully processed raw/customer.csv
[2025-11-28T06:18:36.322+0000] {etl_manager.py:295} INFO - Processing complete for: raw/customer.csv
[2025-11-28T06:18:36.323+0000] {logging_mixin.py:151} INFO - [DISPATCHER] Archiving raw/customer.csv -> raw-data/2025-11-28/customer.csv
[2025-11-28T06:18:36.344+0000] {logging_mixin.py:151} INFO - [DISPATCHER] Completed & removed landing copy: raw/customer.csv
[2025-11-28T06:18:36.345+0000] {logging_mixin.py:151} INFO - [DISPATCHER] Found file: raw/products.csv
[2025-11-28T06:18:36.370+0000] {structured_pipeline.py:155} INFO - [structured] Processing raw/products.csv
[2025-11-28T06:18:36.379+0000] {structured_pipeline.py:162} INFO - [structured] Downloaded 260 bytes
[2025-11-28T06:18:36.380+0000] {structured_pipeline.py:19} INFO - Detected encoding: ascii (confidence: 1.00)
[2025-11-28T06:18:36.381+0000] {structured_pipeline.py:173} INFO - [structured] Attempting to decode with ascii
[2025-11-28T06:18:36.383+0000] {structured_pipeline.py:38} INFO - Sniffer detected delimiter: ','
[2025-11-28T06:18:36.383+0000] {structured_pipeline.py:211} INFO - [structured] Read attempt 1
[2025-11-28T06:18:36.387+0000] {structured_pipeline.py:215} INFO - [structured] Successfully read 8 rows with 4 columns
[2025-11-28T06:18:36.388+0000] {structured_pipeline.py:235} INFO - [structured] Cleaning dataframe...
[2025-11-28T06:18:36.395+0000] {structured_pipeline.py:257} INFO - [structured] Cleaned dataframe: 8 rows, 4 columns
[2025-11-28T06:18:36.395+0000] {structured_pipeline.py:116} INFO - Table name: data_products
[2025-11-28T06:18:36.402+0000] {logging_mixin.py:151} WARNING - /opt/python-etl/pipelines/structured_pipeline.py:134 UserWarning: Could not infer format, so each element will be parsed individually, falling back to `dateutil`. To ensure parsing is consistent and as-expected, please specify a format.
[2025-11-28T06:18:36.407+0000] {logging_mixin.py:151} WARNING - /opt/python-etl/pipelines/structured_pipeline.py:134 UserWarning: Could not infer format, so each element will be parsed individually, falling back to `dateutil`. To ensure parsing is consistent and as-expected, please specify a format.
[2025-11-28T06:18:36.413+0000] {structured_pipeline.py:281} INFO - [structured] Created table: data_products
[2025-11-28T06:18:36.419+0000] {structured_pipeline.py:294} INFO - [structured] Loaded 8 rows into data_products
[2025-11-28T06:18:36.420+0000] {structured_pipeline.py:298} INFO - [structured] Writing Parquet file...
[2025-11-28T06:18:36.423+0000] {logging_mixin.py:151} WARNING - /home/***/.local/lib/python3.11/site-packages/pyarrow/pandas_compat.py:373 FutureWarning: is_sparse is deprecated and will be removed in a future version. Check `isinstance(dtype, pd.SparseDtype)` instead.
[2025-11-28T06:18:36.434+0000] {structured_pipeline.py:311} INFO - [structured] Parquet saved to: processed/structured/products.parquet
[2025-11-28T06:18:36.438+0000] {structured_pipeline.py:323} INFO - [structured] ✅ Successfully processed raw/products.csv
[2025-11-28T06:18:36.439+0000] {etl_manager.py:295} INFO - Processing complete for: raw/products.csv
[2025-11-28T06:18:36.439+0000] {logging_mixin.py:151} INFO - [DISPATCHER] Archiving raw/products.csv -> raw-data/2025-11-28/products.csv
[2025-11-28T06:18:36.455+0000] {logging_mixin.py:151} INFO - [DISPATCHER] Completed & removed landing copy: raw/products.csv
[2025-11-28T06:18:36.456+0000] {logging_mixin.py:151} INFO - [DISPATCHER] Found file: raw/sales.csv
[2025-11-28T06:18:36.481+0000] {structured_pipeline.py:155} INFO - [structured] Processing raw/sales.csv
[2025-11-28T06:18:36.489+0000] {structured_pipeline.py:162} INFO - [structured] Downloaded 292 bytes
[2025-11-28T06:18:36.490+0000] {structured_pipeline.py:19} INFO - Detected encoding: ascii (confidence: 1.00)
[2025-11-28T06:18:36.490+0000] {structured_pipeline.py:173} INFO - [structured] Attempting to decode with ascii
[2025-11-28T06:18:36.493+0000] {structured_pipeline.py:38} INFO - Sniffer detected delimiter: ','
[2025-11-28T06:18:36.493+0000] {structured_pipeline.py:211} INFO - [structured] Read attempt 1
[2025-11-28T06:18:36.497+0000] {structured_pipeline.py:215} INFO - [structured] Successfully read 8 rows with 6 columns
[2025-11-28T06:18:36.497+0000] {structured_pipeline.py:235} INFO - [structured] Cleaning dataframe...
[2025-11-28T06:18:36.504+0000] {structured_pipeline.py:257} INFO - [structured] Cleaned dataframe: 8 rows, 6 columns
[2025-11-28T06:18:36.504+0000] {structured_pipeline.py:116} INFO - Table name: data_sales
[2025-11-28T06:18:36.514+0000] {logging_mixin.py:151} WARNING - /opt/python-etl/pipelines/structured_pipeline.py:134 UserWarning: Could not infer format, so each element will be parsed individually, falling back to `dateutil`. To ensure parsing is consistent and as-expected, please specify a format.
[2025-11-28T06:18:36.520+0000] {structured_pipeline.py:281} INFO - [structured] Created table: data_sales
[2025-11-28T06:18:36.525+0000] {structured_pipeline.py:294} INFO - [structured] Loaded 8 rows into data_sales
[2025-11-28T06:18:36.526+0000] {structured_pipeline.py:298} INFO - [structured] Writing Parquet file...
[2025-11-28T06:18:36.528+0000] {logging_mixin.py:151} WARNING - /home/***/.local/lib/python3.11/site-packages/pyarrow/pandas_compat.py:373 FutureWarning: is_sparse is deprecated and will be removed in a future version. Check `isinstance(dtype, pd.SparseDtype)` instead.
[2025-11-28T06:18:36.540+0000] {structured_pipeline.py:311} INFO - [structured] Parquet saved to: processed/structured/sales.parquet
[2025-11-28T06:18:36.544+0000] {structured_pipeline.py:323} INFO - [structured] ✅ Successfully processed raw/sales.csv
[2025-11-28T06:18:36.544+0000] {etl_manager.py:295} INFO - Processing complete for: raw/sales.csv
[2025-11-28T06:18:36.545+0000] {logging_mixin.py:151} INFO - [DISPATCHER] Archiving raw/sales.csv -> raw-data/2025-11-28/sales.csv
[2025-11-28T06:18:36.561+0000] {logging_mixin.py:151} INFO - [DISPATCHER] Completed & removed landing copy: raw/sales.csv
[2025-11-28T06:18:36.562+0000] {python.py:194} INFO - Done. Returned value was: None
[2025-11-28T06:18:36.601+0000] {taskinstance.py:1398} INFO - Marking task as SUCCESS. dag_id=distillationDAG, task_id=scan_minio_and_dispatch, execution_date=20251128T061735, start_date=20251128T061834, end_date=20251128T061836
[2025-11-28T06:18:36.684+0000] {local_task_job_runner.py:228} INFO - Task exited with return code 0
[2025-11-28T06:18:36.751+0000] {taskinstance.py:2776} INFO - 0 downstream tasks scheduled from follow-on schedule check
