[2026-03-04T23:50:32.454+0000] {taskinstance.py:1157} INFO - Dependencies all met for dep_context=non-requeueable deps ti=<TaskInstance: embedding_sync_dag.process_queue scheduled__2026-03-04T23:45:00+00:00 [queued]>
[2026-03-04T23:50:32.477+0000] {taskinstance.py:1157} INFO - Dependencies all met for dep_context=requeueable deps ti=<TaskInstance: embedding_sync_dag.process_queue scheduled__2026-03-04T23:45:00+00:00 [queued]>
[2026-03-04T23:50:32.478+0000] {taskinstance.py:1359} INFO - Starting attempt 1 of 3
[2026-03-04T23:50:32.509+0000] {taskinstance.py:1380} INFO - Executing <Task(PythonOperator): process_queue> on 2026-03-04 23:45:00+00:00
[2026-03-04T23:50:32.524+0000] {standard_task_runner.py:57} INFO - Started process 459 to run task
[2026-03-04T23:50:32.533+0000] {standard_task_runner.py:84} INFO - Running: ['***', 'tasks', 'run', 'embedding_sync_dag', 'process_queue', 'scheduled__2026-03-04T23:45:00+00:00', '--job-id', '2109', '--raw', '--subdir', 'DAGS_FOLDER/embedding_sync_dag.py', '--cfg-path', '/tmp/tmppsbc5t53']
[2026-03-04T23:50:32.542+0000] {standard_task_runner.py:85} INFO - Job 2109: Subtask process_queue
[2026-03-04T23:50:32.749+0000] {task_command.py:415} INFO - Running <TaskInstance: embedding_sync_dag.process_queue scheduled__2026-03-04T23:45:00+00:00 [running]> on host f8e2a5ccc16e
[2026-03-04T23:50:33.048+0000] {taskinstance.py:1660} INFO - Exporting env vars: AIRFLOW_CTX_DAG_OWNER='lakehouse' AIRFLOW_CTX_DAG_ID='embedding_sync_dag' AIRFLOW_CTX_TASK_ID='process_queue' AIRFLOW_CTX_EXECUTION_DATE='2026-03-04T23:45:00+00:00' AIRFLOW_CTX_TRY_NUMBER='1' AIRFLOW_CTX_DAG_RUN_ID='scheduled__2026-03-04T23:45:00+00:00'
[2026-03-04T23:50:53.107+0000] {embedding_pipeline.py:39} INFO - [embed] Loading all-MiniLM-L6-v2 (first use)...
[2026-03-04T23:50:53.109+0000] {SentenceTransformer.py:219} INFO - Use pytorch device_name: cpu
[2026-03-04T23:50:53.110+0000] {SentenceTransformer.py:227} INFO - Load pretrained SentenceTransformer: all-MiniLM-L6-v2
[2026-03-04T23:50:54.111+0000] {logging_mixin.py:151} WARNING - Warning: You are sending unauthenticated requests to the HF Hub. Please set a HF_TOKEN to enable higher rate limits and faster downloads.
[2026-03-04T23:50:54.110+0000] {_http.py:857} WARNING - Warning: You are sending unauthenticated requests to the HF Hub. Please set a HF_TOKEN to enable higher rate limits and faster downloads.
[2026-03-04T23:50:55.931+0000] {logging_mixin.py:151} WARNING - Loading weights:   0%|          | 0/103 [00:00<?, ?it/s]
[2026-03-04T23:50:55.975+0000] {logging_mixin.py:151} WARNING - Loading weights: 100%|##########| 103/103 [00:00<00:00, 2477.58it/s]
[2026-03-04T23:50:55.989+0000] {logging_mixin.py:151} WARNING - BertModel LOAD REPORT from: sentence-transformers/all-MiniLM-L6-v2
Key                     | Status     |  | 
------------------------+------------+--+-
embeddings.position_ids | UNEXPECTED |  | 

Notes:
- UNEXPECTED	:can be ignored when loading from different task/architecture; not ok if you expect identical arch.
[2026-03-04T23:50:58.000+0000] {embedding_pipeline.py:41} INFO - [embed] Model loaded.
[2026-03-04T23:50:58.043+0000] {embedding_pipeline.py:191} INFO - [embed] Queue empty after 0 rows.
[2026-03-04T23:50:58.044+0000] {embedding_pipeline.py:315} INFO - [embed] ✅ Done. processed=0 errors=0
[2026-03-04T23:50:58.106+0000] {python.py:194} INFO - Done. Returned value was: {'processed': 0, 'errors': 0}
[2026-03-04T23:50:58.197+0000] {taskinstance.py:1398} INFO - Marking task as SUCCESS. dag_id=embedding_sync_dag, task_id=process_queue, execution_date=20260304T234500, start_date=20260304T235032, end_date=20260304T235058
[2026-03-04T23:50:58.403+0000] {local_task_job_runner.py:228} INFO - Task exited with return code 0
[2026-03-04T23:50:58.469+0000] {taskinstance.py:2776} INFO - 0 downstream tasks scheduled from follow-on schedule check
