[2025-11-27T20:49:38.034+0000] {taskinstance.py:1157} INFO - Dependencies all met for dep_context=non-requeueable deps ti=<TaskInstance: distillationDAG.scan_minio_and_dispatch scheduled__2025-11-27T20:47:54.559715+00:00 [queued]>
[2025-11-27T20:49:38.057+0000] {taskinstance.py:1157} INFO - Dependencies all met for dep_context=requeueable deps ti=<TaskInstance: distillationDAG.scan_minio_and_dispatch scheduled__2025-11-27T20:47:54.559715+00:00 [queued]>
[2025-11-27T20:49:38.058+0000] {taskinstance.py:1359} INFO - Starting attempt 4 of 4
[2025-11-27T20:49:38.090+0000] {taskinstance.py:1380} INFO - Executing <Task(PythonOperator): scan_minio_and_dispatch> on 2025-11-27 20:47:54.559715+00:00
[2025-11-27T20:49:38.106+0000] {standard_task_runner.py:57} INFO - Started process 2832 to run task
[2025-11-27T20:49:38.116+0000] {standard_task_runner.py:84} INFO - Running: ['***', 'tasks', 'run', 'distillationDAG', 'scan_minio_and_dispatch', 'scheduled__2025-11-27T20:47:54.559715+00:00', '--job-id', '505', '--raw', '--subdir', 'DAGS_FOLDER/dispatcher_pipeline_dag.py', '--cfg-path', '/tmp/tmpxmj83t9d']
[2025-11-27T20:49:38.124+0000] {standard_task_runner.py:85} INFO - Job 505: Subtask scan_minio_and_dispatch
[2025-11-27T20:49:38.187+0000] {logging_mixin.py:151} WARNING - /home/***/.local/lib/python3.11/site-packages/***/settings.py:195 DeprecationWarning: The sql_alchemy_conn option in [core] has been moved to the sql_alchemy_conn option in [database] - the old setting has been used, but please update your config.
[2025-11-27T20:49:38.300+0000] {task_command.py:415} INFO - Running <TaskInstance: distillationDAG.scan_minio_and_dispatch scheduled__2025-11-27T20:47:54.559715+00:00 [running]> on host 93f0080637f5
[2025-11-27T20:49:38.613+0000] {taskinstance.py:1660} INFO - Exporting env vars: AIRFLOW_CTX_DAG_OWNER='***' AIRFLOW_CTX_DAG_ID='distillationDAG' AIRFLOW_CTX_TASK_ID='scan_minio_and_dispatch' AIRFLOW_CTX_EXECUTION_DATE='2025-11-27T20:47:54.559715+00:00' AIRFLOW_CTX_TRY_NUMBER='4' AIRFLOW_CTX_DAG_RUN_ID='scheduled__2025-11-27T20:47:54.559715+00:00'
[2025-11-27T20:49:38.675+0000] {logging_mixin.py:151} INFO - [DISPATCHER] Found file: raw/earth-with-text.jpg
[2025-11-27T20:49:39.625+0000] {image_pipeline.py:85} INFO - [image] Processing raw/earth-with-text.jpg
[2025-11-27T20:49:39.657+0000] {image_pipeline.py:122} INFO - [image] Image metadata: 640x640, format=JPEG
[2025-11-27T20:49:39.657+0000] {image_pipeline.py:128} INFO - [image] Running OCR on raw/earth-with-text.jpg...
[2025-11-27T20:49:39.684+0000] {image_pipeline.py:150} WARNING - [image] OCR failed for raw/earth-with-text.jpg: [Errno 13] Permission denied: 'tesseract'
[2025-11-27T20:49:39.687+0000] {image_pipeline.py:195} ERROR - [image] Error processing raw/earth-with-text.jpg: column "content_hash" of relation "unstructured_images" does not exist
LINE 3: ...object_name, img_format, width, height, ocr_text, content_ha...
                                                             ^
Traceback (most recent call last):
  File "/opt/python-etl/pipelines/image_pipeline.py", line 158, in process_minio_object
    cursor.execute(
psycopg2.errors.UndefinedColumn: column "content_hash" of relation "unstructured_images" does not exist
LINE 3: ...object_name, img_format, width, height, ocr_text, content_ha...
                                                             ^

[2025-11-27T20:49:39.689+0000] {taskinstance.py:1935} ERROR - Task failed with exception
Traceback (most recent call last):
  File "/home/airflow/.local/lib/python3.11/site-packages/airflow/operators/python.py", line 192, in execute
    return_value = self.execute_callable()
                   ^^^^^^^^^^^^^^^^^^^^^^^
  File "/home/airflow/.local/lib/python3.11/site-packages/airflow/operators/python.py", line 209, in execute_callable
    return self.python_callable(*self.op_args, **self.op_kwargs)
           ^^^^^^^^^^^^^^^^^^^^^^^^^^^^^^^^^^^^^^^^^^^^^^^^^^^^^
  File "/opt/airflow/dags/dispatcher_pipeline_dag.py", line 56, in scan_and_dispatch
    run_pipeline_for_object(object_name)
  File "/opt/python-etl/etl_manager.py", line 284, in run_pipeline_for_object
    image_pipeline.process_minio_object(
  File "/opt/python-etl/pipelines/image_pipeline.py", line 158, in process_minio_object
    cursor.execute(
psycopg2.errors.UndefinedColumn: column "content_hash" of relation "unstructured_images" does not exist
LINE 3: ...object_name, img_format, width, height, ocr_text, content_ha...
                                                             ^

[2025-11-27T20:49:39.728+0000] {taskinstance.py:1398} INFO - Marking task as FAILED. dag_id=distillationDAG, task_id=scan_minio_and_dispatch, execution_date=20251127T204754, start_date=20251127T204938, end_date=20251127T204939
[2025-11-27T20:49:39.756+0000] {standard_task_runner.py:104} ERROR - Failed to execute job 505 for task scan_minio_and_dispatch (column "content_hash" of relation "unstructured_images" does not exist
LINE 3: ...object_name, img_format, width, height, ocr_text, content_ha...
                                                             ^
; 2832)
[2025-11-27T20:49:39.829+0000] {local_task_job_runner.py:228} INFO - Task exited with return code 1
[2025-11-27T20:49:39.901+0000] {taskinstance.py:2776} INFO - 0 downstream tasks scheduled from follow-on schedule check
