[2026-02-28T00:00:30.285+0000] {processor.py:157} INFO - Started process (PID=1183) to work on /opt/airflow/dags/ingest_local_folder_dag.py
[2026-02-28T00:00:30.288+0000] {processor.py:829} INFO - Processing file /opt/airflow/dags/ingest_local_folder_dag.py for tasks to queue
[2026-02-28T00:00:30.291+0000] {logging_mixin.py:151} INFO - [2026-02-28T00:00:30.290+0000] {dagbag.py:539} INFO - Filling up the DagBag from /opt/airflow/dags/ingest_local_folder_dag.py
[2026-02-28T00:00:30.947+0000] {processor.py:839} INFO - DAG(s) dict_keys(['ingestionDAG']) retrieved from /opt/airflow/dags/ingest_local_folder_dag.py
[2026-02-28T00:00:31.042+0000] {logging_mixin.py:151} INFO - [2026-02-28T00:00:31.042+0000] {dag.py:2915} INFO - Sync 1 DAGs
[2026-02-28T00:00:31.105+0000] {logging_mixin.py:151} INFO - [2026-02-28T00:00:31.105+0000] {dag.py:3696} INFO - Setting next_dagrun for ingestionDAG to 2026-02-28T00:00:01.104802+00:00, run_after=2026-02-28T00:00:31.104802+00:00
[2026-02-28T00:00:31.153+0000] {processor.py:179} INFO - Processing /opt/airflow/dags/ingest_local_folder_dag.py took 0.882 seconds
[2026-02-28T00:01:01.314+0000] {processor.py:157} INFO - Started process (PID=1196) to work on /opt/airflow/dags/ingest_local_folder_dag.py
[2026-02-28T00:01:01.316+0000] {processor.py:829} INFO - Processing file /opt/airflow/dags/ingest_local_folder_dag.py for tasks to queue
[2026-02-28T00:01:01.319+0000] {logging_mixin.py:151} INFO - [2026-02-28T00:01:01.318+0000] {dagbag.py:539} INFO - Filling up the DagBag from /opt/airflow/dags/ingest_local_folder_dag.py
[2026-02-28T00:01:01.955+0000] {processor.py:839} INFO - DAG(s) dict_keys(['ingestionDAG']) retrieved from /opt/airflow/dags/ingest_local_folder_dag.py
[2026-02-28T00:01:02.053+0000] {logging_mixin.py:151} INFO - [2026-02-28T00:01:02.052+0000] {dag.py:2915} INFO - Sync 1 DAGs
[2026-02-28T00:01:02.117+0000] {logging_mixin.py:151} INFO - [2026-02-28T00:01:02.117+0000] {dag.py:3696} INFO - Setting next_dagrun for ingestionDAG to 2026-02-28T00:00:32.116847+00:00, run_after=2026-02-28T00:01:02.116847+00:00
[2026-02-28T00:01:02.170+0000] {processor.py:179} INFO - Processing /opt/airflow/dags/ingest_local_folder_dag.py took 0.868 seconds
[2026-02-28T00:01:32.763+0000] {processor.py:157} INFO - Started process (PID=1209) to work on /opt/airflow/dags/ingest_local_folder_dag.py
[2026-02-28T00:01:32.791+0000] {processor.py:829} INFO - Processing file /opt/airflow/dags/ingest_local_folder_dag.py for tasks to queue
[2026-02-28T00:01:32.847+0000] {logging_mixin.py:151} INFO - [2026-02-28T00:01:32.808+0000] {dagbag.py:539} INFO - Filling up the DagBag from /opt/airflow/dags/ingest_local_folder_dag.py
[2026-02-28T00:04:49.522+0000] {processor.py:157} INFO - Started process (PID=170) to work on /opt/airflow/dags/ingest_local_folder_dag.py
[2026-02-28T00:04:49.530+0000] {processor.py:829} INFO - Processing file /opt/airflow/dags/ingest_local_folder_dag.py for tasks to queue
[2026-02-28T00:04:49.532+0000] {logging_mixin.py:151} INFO - [2026-02-28T00:04:49.532+0000] {dagbag.py:539} INFO - Filling up the DagBag from /opt/airflow/dags/ingest_local_folder_dag.py
[2026-02-28T00:04:50.286+0000] {processor.py:839} INFO - DAG(s) dict_keys(['ingestionDAG']) retrieved from /opt/airflow/dags/ingest_local_folder_dag.py
[2026-02-28T00:04:50.451+0000] {logging_mixin.py:151} INFO - [2026-02-28T00:04:50.451+0000] {dag.py:2915} INFO - Sync 1 DAGs
[2026-02-28T00:04:50.564+0000] {logging_mixin.py:151} INFO - [2026-02-28T00:04:50.563+0000] {dag.py:3696} INFO - Setting next_dagrun for ingestionDAG to 2026-02-28T00:04:20.563311+00:00, run_after=2026-02-28T00:04:50.563311+00:00
[2026-02-28T00:04:50.655+0000] {processor.py:179} INFO - Processing /opt/airflow/dags/ingest_local_folder_dag.py took 1.151 seconds
[2026-02-28T00:05:20.867+0000] {processor.py:157} INFO - Started process (PID=190) to work on /opt/airflow/dags/ingest_local_folder_dag.py
[2026-02-28T00:05:20.870+0000] {processor.py:829} INFO - Processing file /opt/airflow/dags/ingest_local_folder_dag.py for tasks to queue
[2026-02-28T00:05:20.872+0000] {logging_mixin.py:151} INFO - [2026-02-28T00:05:20.871+0000] {dagbag.py:539} INFO - Filling up the DagBag from /opt/airflow/dags/ingest_local_folder_dag.py
[2026-02-28T00:05:21.414+0000] {processor.py:839} INFO - DAG(s) dict_keys(['ingestionDAG']) retrieved from /opt/airflow/dags/ingest_local_folder_dag.py
[2026-02-28T00:05:21.502+0000] {logging_mixin.py:151} INFO - [2026-02-28T00:05:21.502+0000] {dag.py:2915} INFO - Sync 1 DAGs
[2026-02-28T00:05:21.560+0000] {logging_mixin.py:151} INFO - [2026-02-28T00:05:21.560+0000] {dag.py:3696} INFO - Setting next_dagrun for ingestionDAG to 2026-02-28T00:04:51.559496+00:00, run_after=2026-02-28T00:05:21.559496+00:00
[2026-02-28T00:05:21.603+0000] {processor.py:179} INFO - Processing /opt/airflow/dags/ingest_local_folder_dag.py took 0.745 seconds
[2026-02-28T00:05:51.868+0000] {processor.py:157} INFO - Started process (PID=203) to work on /opt/airflow/dags/ingest_local_folder_dag.py
[2026-02-28T00:05:51.871+0000] {processor.py:829} INFO - Processing file /opt/airflow/dags/ingest_local_folder_dag.py for tasks to queue
[2026-02-28T00:05:51.873+0000] {logging_mixin.py:151} INFO - [2026-02-28T00:05:51.872+0000] {dagbag.py:539} INFO - Filling up the DagBag from /opt/airflow/dags/ingest_local_folder_dag.py
[2026-02-28T00:05:52.409+0000] {processor.py:839} INFO - DAG(s) dict_keys(['ingestionDAG']) retrieved from /opt/airflow/dags/ingest_local_folder_dag.py
[2026-02-28T00:05:52.495+0000] {logging_mixin.py:151} INFO - [2026-02-28T00:05:52.495+0000] {dag.py:2915} INFO - Sync 1 DAGs
[2026-02-28T00:05:52.553+0000] {logging_mixin.py:151} INFO - [2026-02-28T00:05:52.552+0000] {dag.py:3696} INFO - Setting next_dagrun for ingestionDAG to 2026-02-28T00:05:22.552386+00:00, run_after=2026-02-28T00:05:52.552386+00:00
[2026-02-28T00:05:52.595+0000] {processor.py:179} INFO - Processing /opt/airflow/dags/ingest_local_folder_dag.py took 0.737 seconds
