[2026-03-31T14:06:59.235+0000] {processor.py:157} INFO - Started process (PID=167) to work on /opt/airflow/dags/dispatcher_pipeline_dag.py
[2026-03-31T14:06:59.237+0000] {processor.py:829} INFO - Processing file /opt/airflow/dags/dispatcher_pipeline_dag.py for tasks to queue
[2026-03-31T14:06:59.240+0000] {logging_mixin.py:151} INFO - [2026-03-31T14:06:59.239+0000] {dagbag.py:539} INFO - Filling up the DagBag from /opt/airflow/dags/dispatcher_pipeline_dag.py
[2026-03-31T14:07:01.199+0000] {processor.py:839} INFO - DAG(s) dict_keys(['distillationDAG']) retrieved from /opt/airflow/dags/dispatcher_pipeline_dag.py
[2026-03-31T14:07:01.314+0000] {logging_mixin.py:151} INFO - [2026-03-31T14:07:01.313+0000] {dag.py:2915} INFO - Sync 1 DAGs
[2026-03-31T14:07:01.404+0000] {logging_mixin.py:151} INFO - [2026-03-31T14:07:01.403+0000] {dag.py:3696} INFO - Setting next_dagrun for distillationDAG to 2026-03-31T14:06:16.403078+00:00, run_after=2026-03-31T14:07:01.403078+00:00
[2026-03-31T14:07:01.449+0000] {processor.py:179} INFO - Processing /opt/airflow/dags/dispatcher_pipeline_dag.py took 2.226 seconds
[2026-03-31T14:07:31.585+0000] {processor.py:157} INFO - Started process (PID=212) to work on /opt/airflow/dags/dispatcher_pipeline_dag.py
[2026-03-31T14:07:31.587+0000] {processor.py:829} INFO - Processing file /opt/airflow/dags/dispatcher_pipeline_dag.py for tasks to queue
[2026-03-31T14:07:31.590+0000] {logging_mixin.py:151} INFO - [2026-03-31T14:07:31.589+0000] {dagbag.py:539} INFO - Filling up the DagBag from /opt/airflow/dags/dispatcher_pipeline_dag.py
[2026-03-31T14:07:33.525+0000] {processor.py:839} INFO - DAG(s) dict_keys(['distillationDAG']) retrieved from /opt/airflow/dags/dispatcher_pipeline_dag.py
[2026-03-31T14:07:33.612+0000] {logging_mixin.py:151} INFO - [2026-03-31T14:07:33.611+0000] {dag.py:2915} INFO - Sync 1 DAGs
[2026-03-31T14:07:33.666+0000] {logging_mixin.py:151} INFO - [2026-03-31T14:07:33.666+0000] {dag.py:3696} INFO - Setting next_dagrun for distillationDAG to 2026-03-31T14:06:48.665647+00:00, run_after=2026-03-31T14:07:33.665647+00:00
[2026-03-31T14:07:33.712+0000] {processor.py:179} INFO - Processing /opt/airflow/dags/dispatcher_pipeline_dag.py took 2.137 seconds
[2026-03-31T14:08:04.156+0000] {processor.py:157} INFO - Started process (PID=232) to work on /opt/airflow/dags/dispatcher_pipeline_dag.py
[2026-03-31T14:08:04.158+0000] {processor.py:829} INFO - Processing file /opt/airflow/dags/dispatcher_pipeline_dag.py for tasks to queue
[2026-03-31T14:08:04.161+0000] {logging_mixin.py:151} INFO - [2026-03-31T14:08:04.160+0000] {dagbag.py:539} INFO - Filling up the DagBag from /opt/airflow/dags/dispatcher_pipeline_dag.py
[2026-03-31T14:08:05.956+0000] {processor.py:839} INFO - DAG(s) dict_keys(['distillationDAG']) retrieved from /opt/airflow/dags/dispatcher_pipeline_dag.py
[2026-03-31T14:08:06.033+0000] {logging_mixin.py:151} INFO - [2026-03-31T14:08:06.032+0000] {dag.py:2915} INFO - Sync 1 DAGs
[2026-03-31T14:08:06.088+0000] {logging_mixin.py:151} INFO - [2026-03-31T14:08:06.087+0000] {dag.py:3696} INFO - Setting next_dagrun for distillationDAG to 2026-03-31T14:07:21.087270+00:00, run_after=2026-03-31T14:08:06.087270+00:00
[2026-03-31T14:08:06.127+0000] {processor.py:179} INFO - Processing /opt/airflow/dags/dispatcher_pipeline_dag.py took 1.980 seconds
[2026-03-31T14:08:36.449+0000] {processor.py:157} INFO - Started process (PID=254) to work on /opt/airflow/dags/dispatcher_pipeline_dag.py
[2026-03-31T14:08:36.454+0000] {processor.py:829} INFO - Processing file /opt/airflow/dags/dispatcher_pipeline_dag.py for tasks to queue
[2026-03-31T14:08:36.458+0000] {logging_mixin.py:151} INFO - [2026-03-31T14:08:36.457+0000] {dagbag.py:539} INFO - Filling up the DagBag from /opt/airflow/dags/dispatcher_pipeline_dag.py
[2026-03-31T14:08:39.171+0000] {processor.py:839} INFO - DAG(s) dict_keys(['distillationDAG']) retrieved from /opt/airflow/dags/dispatcher_pipeline_dag.py
[2026-03-31T14:08:39.254+0000] {logging_mixin.py:151} INFO - [2026-03-31T14:08:39.253+0000] {dag.py:2915} INFO - Sync 1 DAGs
[2026-03-31T14:08:39.309+0000] {logging_mixin.py:151} INFO - [2026-03-31T14:08:39.308+0000] {dag.py:3696} INFO - Setting next_dagrun for distillationDAG to 2026-03-31T14:07:54.308185+00:00, run_after=2026-03-31T14:08:39.308185+00:00
[2026-03-31T14:08:39.351+0000] {processor.py:179} INFO - Processing /opt/airflow/dags/dispatcher_pipeline_dag.py took 2.925 seconds
[2026-03-31T14:09:09.715+0000] {processor.py:157} INFO - Started process (PID=272) to work on /opt/airflow/dags/dispatcher_pipeline_dag.py
[2026-03-31T14:09:09.718+0000] {processor.py:829} INFO - Processing file /opt/airflow/dags/dispatcher_pipeline_dag.py for tasks to queue
[2026-03-31T14:09:09.720+0000] {logging_mixin.py:151} INFO - [2026-03-31T14:09:09.719+0000] {dagbag.py:539} INFO - Filling up the DagBag from /opt/airflow/dags/dispatcher_pipeline_dag.py
[2026-03-31T14:09:11.506+0000] {processor.py:839} INFO - DAG(s) dict_keys(['distillationDAG']) retrieved from /opt/airflow/dags/dispatcher_pipeline_dag.py
[2026-03-31T14:09:11.583+0000] {logging_mixin.py:151} INFO - [2026-03-31T14:09:11.582+0000] {dag.py:2915} INFO - Sync 1 DAGs
[2026-03-31T14:09:11.637+0000] {logging_mixin.py:151} INFO - [2026-03-31T14:09:11.637+0000] {dag.py:3696} INFO - Setting next_dagrun for distillationDAG to 2026-03-31T14:08:26.637048+00:00, run_after=2026-03-31T14:09:11.637048+00:00
[2026-03-31T14:09:11.685+0000] {processor.py:179} INFO - Processing /opt/airflow/dags/dispatcher_pipeline_dag.py took 1.979 seconds
[2026-03-31T14:09:41.990+0000] {processor.py:157} INFO - Started process (PID=290) to work on /opt/airflow/dags/dispatcher_pipeline_dag.py
[2026-03-31T14:09:41.993+0000] {processor.py:829} INFO - Processing file /opt/airflow/dags/dispatcher_pipeline_dag.py for tasks to queue
[2026-03-31T14:09:41.995+0000] {logging_mixin.py:151} INFO - [2026-03-31T14:09:41.994+0000] {dagbag.py:539} INFO - Filling up the DagBag from /opt/airflow/dags/dispatcher_pipeline_dag.py
[2026-03-31T14:09:43.805+0000] {processor.py:839} INFO - DAG(s) dict_keys(['distillationDAG']) retrieved from /opt/airflow/dags/dispatcher_pipeline_dag.py
[2026-03-31T14:09:43.885+0000] {logging_mixin.py:151} INFO - [2026-03-31T14:09:43.884+0000] {dag.py:2915} INFO - Sync 1 DAGs
[2026-03-31T14:09:43.941+0000] {logging_mixin.py:151} INFO - [2026-03-31T14:09:43.941+0000] {dag.py:3696} INFO - Setting next_dagrun for distillationDAG to 2026-03-31T14:08:58.941014+00:00, run_after=2026-03-31T14:09:43.941014+00:00
[2026-03-31T14:09:43.982+0000] {processor.py:179} INFO - Processing /opt/airflow/dags/dispatcher_pipeline_dag.py took 2.003 seconds
[2026-03-31T14:10:14.277+0000] {processor.py:157} INFO - Started process (PID=309) to work on /opt/airflow/dags/dispatcher_pipeline_dag.py
[2026-03-31T14:10:14.280+0000] {processor.py:829} INFO - Processing file /opt/airflow/dags/dispatcher_pipeline_dag.py for tasks to queue
[2026-03-31T14:10:14.282+0000] {logging_mixin.py:151} INFO - [2026-03-31T14:10:14.281+0000] {dagbag.py:539} INFO - Filling up the DagBag from /opt/airflow/dags/dispatcher_pipeline_dag.py
[2026-03-31T14:10:16.074+0000] {processor.py:839} INFO - DAG(s) dict_keys(['distillationDAG']) retrieved from /opt/airflow/dags/dispatcher_pipeline_dag.py
[2026-03-31T14:10:16.155+0000] {logging_mixin.py:151} INFO - [2026-03-31T14:10:16.154+0000] {dag.py:2915} INFO - Sync 1 DAGs
[2026-03-31T14:10:16.207+0000] {logging_mixin.py:151} INFO - [2026-03-31T14:10:16.207+0000] {dag.py:3696} INFO - Setting next_dagrun for distillationDAG to 2026-03-31T14:09:31.206753+00:00, run_after=2026-03-31T14:10:16.206753+00:00
[2026-03-31T14:10:16.246+0000] {processor.py:179} INFO - Processing /opt/airflow/dags/dispatcher_pipeline_dag.py took 1.979 seconds
[2026-03-31T14:10:46.541+0000] {processor.py:157} INFO - Started process (PID=327) to work on /opt/airflow/dags/dispatcher_pipeline_dag.py
[2026-03-31T14:10:46.544+0000] {processor.py:829} INFO - Processing file /opt/airflow/dags/dispatcher_pipeline_dag.py for tasks to queue
[2026-03-31T14:10:46.547+0000] {logging_mixin.py:151} INFO - [2026-03-31T14:10:46.545+0000] {dagbag.py:539} INFO - Filling up the DagBag from /opt/airflow/dags/dispatcher_pipeline_dag.py
[2026-03-31T14:10:48.345+0000] {processor.py:839} INFO - DAG(s) dict_keys(['distillationDAG']) retrieved from /opt/airflow/dags/dispatcher_pipeline_dag.py
[2026-03-31T14:10:48.423+0000] {logging_mixin.py:151} INFO - [2026-03-31T14:10:48.422+0000] {dag.py:2915} INFO - Sync 1 DAGs
[2026-03-31T14:10:48.474+0000] {logging_mixin.py:151} INFO - [2026-03-31T14:10:48.474+0000] {dag.py:3696} INFO - Setting next_dagrun for distillationDAG to 2026-03-31T14:10:03.473754+00:00, run_after=2026-03-31T14:10:48.473754+00:00
[2026-03-31T14:10:48.517+0000] {processor.py:179} INFO - Processing /opt/airflow/dags/dispatcher_pipeline_dag.py took 1.987 seconds
[2026-03-31T14:11:18.819+0000] {processor.py:157} INFO - Started process (PID=345) to work on /opt/airflow/dags/dispatcher_pipeline_dag.py
[2026-03-31T14:11:18.821+0000] {processor.py:829} INFO - Processing file /opt/airflow/dags/dispatcher_pipeline_dag.py for tasks to queue
[2026-03-31T14:11:18.824+0000] {logging_mixin.py:151} INFO - [2026-03-31T14:11:18.823+0000] {dagbag.py:539} INFO - Filling up the DagBag from /opt/airflow/dags/dispatcher_pipeline_dag.py
[2026-03-31T14:11:20.742+0000] {processor.py:839} INFO - DAG(s) dict_keys(['distillationDAG']) retrieved from /opt/airflow/dags/dispatcher_pipeline_dag.py
[2026-03-31T14:11:20.828+0000] {logging_mixin.py:151} INFO - [2026-03-31T14:11:20.827+0000] {dag.py:2915} INFO - Sync 1 DAGs
[2026-03-31T14:11:20.880+0000] {logging_mixin.py:151} INFO - [2026-03-31T14:11:20.880+0000] {dag.py:3696} INFO - Setting next_dagrun for distillationDAG to 2026-03-31T14:10:35.880117+00:00, run_after=2026-03-31T14:11:20.880117+00:00
[2026-03-31T14:11:20.923+0000] {processor.py:179} INFO - Processing /opt/airflow/dags/dispatcher_pipeline_dag.py took 2.115 seconds
[2026-03-31T14:11:51.230+0000] {processor.py:157} INFO - Started process (PID=363) to work on /opt/airflow/dags/dispatcher_pipeline_dag.py
[2026-03-31T14:11:51.234+0000] {processor.py:829} INFO - Processing file /opt/airflow/dags/dispatcher_pipeline_dag.py for tasks to queue
[2026-03-31T14:11:51.237+0000] {logging_mixin.py:151} INFO - [2026-03-31T14:11:51.235+0000] {dagbag.py:539} INFO - Filling up the DagBag from /opt/airflow/dags/dispatcher_pipeline_dag.py
[2026-03-31T14:11:53.419+0000] {processor.py:839} INFO - DAG(s) dict_keys(['distillationDAG']) retrieved from /opt/airflow/dags/dispatcher_pipeline_dag.py
[2026-03-31T14:11:53.514+0000] {logging_mixin.py:151} INFO - [2026-03-31T14:11:53.513+0000] {dag.py:2915} INFO - Sync 1 DAGs
[2026-03-31T14:11:53.578+0000] {logging_mixin.py:151} INFO - [2026-03-31T14:11:53.578+0000] {dag.py:3696} INFO - Setting next_dagrun for distillationDAG to 2026-03-31T14:11:08.577801+00:00, run_after=2026-03-31T14:11:53.577801+00:00
[2026-03-31T14:11:53.628+0000] {processor.py:179} INFO - Processing /opt/airflow/dags/dispatcher_pipeline_dag.py took 2.410 seconds
[2026-03-31T14:12:23.992+0000] {processor.py:157} INFO - Started process (PID=381) to work on /opt/airflow/dags/dispatcher_pipeline_dag.py
[2026-03-31T14:12:23.995+0000] {processor.py:829} INFO - Processing file /opt/airflow/dags/dispatcher_pipeline_dag.py for tasks to queue
[2026-03-31T14:12:23.997+0000] {logging_mixin.py:151} INFO - [2026-03-31T14:12:23.996+0000] {dagbag.py:539} INFO - Filling up the DagBag from /opt/airflow/dags/dispatcher_pipeline_dag.py
[2026-03-31T14:12:25.867+0000] {processor.py:839} INFO - DAG(s) dict_keys(['distillationDAG']) retrieved from /opt/airflow/dags/dispatcher_pipeline_dag.py
[2026-03-31T14:12:25.979+0000] {logging_mixin.py:151} INFO - [2026-03-31T14:12:25.977+0000] {dag.py:2915} INFO - Sync 1 DAGs
[2026-03-31T14:12:26.058+0000] {logging_mixin.py:151} INFO - [2026-03-31T14:12:26.058+0000] {dag.py:3696} INFO - Setting next_dagrun for distillationDAG to 2026-03-31T14:11:41.057266+00:00, run_after=2026-03-31T14:12:26.057266+00:00
[2026-03-31T14:12:26.113+0000] {processor.py:179} INFO - Processing /opt/airflow/dags/dispatcher_pipeline_dag.py took 2.133 seconds
[2026-03-31T14:12:56.269+0000] {processor.py:157} INFO - Started process (PID=399) to work on /opt/airflow/dags/dispatcher_pipeline_dag.py
[2026-03-31T14:12:56.272+0000] {processor.py:829} INFO - Processing file /opt/airflow/dags/dispatcher_pipeline_dag.py for tasks to queue
[2026-03-31T14:12:56.275+0000] {logging_mixin.py:151} INFO - [2026-03-31T14:12:56.274+0000] {dagbag.py:539} INFO - Filling up the DagBag from /opt/airflow/dags/dispatcher_pipeline_dag.py
[2026-03-31T14:12:57.939+0000] {processor.py:839} INFO - DAG(s) dict_keys(['distillationDAG']) retrieved from /opt/airflow/dags/dispatcher_pipeline_dag.py
[2026-03-31T14:12:58.034+0000] {logging_mixin.py:151} INFO - [2026-03-31T14:12:58.032+0000] {dag.py:2915} INFO - Sync 1 DAGs
[2026-03-31T14:12:58.095+0000] {logging_mixin.py:151} INFO - [2026-03-31T14:12:58.094+0000] {dag.py:3696} INFO - Setting next_dagrun for distillationDAG to 2026-03-31T14:12:13.094356+00:00, run_after=2026-03-31T14:12:58.094356+00:00
[2026-03-31T14:12:58.141+0000] {processor.py:179} INFO - Processing /opt/airflow/dags/dispatcher_pipeline_dag.py took 1.885 seconds
[2026-03-31T14:13:28.977+0000] {processor.py:157} INFO - Started process (PID=441) to work on /opt/airflow/dags/dispatcher_pipeline_dag.py
[2026-03-31T14:13:28.981+0000] {processor.py:829} INFO - Processing file /opt/airflow/dags/dispatcher_pipeline_dag.py for tasks to queue
[2026-03-31T14:13:28.984+0000] {logging_mixin.py:151} INFO - [2026-03-31T14:13:28.982+0000] {dagbag.py:539} INFO - Filling up the DagBag from /opt/airflow/dags/dispatcher_pipeline_dag.py
[2026-03-31T14:13:30.666+0000] {processor.py:839} INFO - DAG(s) dict_keys(['distillationDAG']) retrieved from /opt/airflow/dags/dispatcher_pipeline_dag.py
[2026-03-31T14:13:30.802+0000] {logging_mixin.py:151} INFO - [2026-03-31T14:13:30.801+0000] {dag.py:2915} INFO - Sync 1 DAGs
[2026-03-31T14:13:30.876+0000] {logging_mixin.py:151} INFO - [2026-03-31T14:13:30.875+0000] {dag.py:3696} INFO - Setting next_dagrun for distillationDAG to 2026-03-31T14:12:45.874866+00:00, run_after=2026-03-31T14:13:30.874866+00:00
[2026-03-31T14:13:30.938+0000] {processor.py:179} INFO - Processing /opt/airflow/dags/dispatcher_pipeline_dag.py took 1.973 seconds
[2026-03-31T14:14:01.285+0000] {processor.py:157} INFO - Started process (PID=459) to work on /opt/airflow/dags/dispatcher_pipeline_dag.py
[2026-03-31T14:14:01.288+0000] {processor.py:829} INFO - Processing file /opt/airflow/dags/dispatcher_pipeline_dag.py for tasks to queue
[2026-03-31T14:14:01.291+0000] {logging_mixin.py:151} INFO - [2026-03-31T14:14:01.290+0000] {dagbag.py:539} INFO - Filling up the DagBag from /opt/airflow/dags/dispatcher_pipeline_dag.py
[2026-03-31T14:14:03.157+0000] {processor.py:839} INFO - DAG(s) dict_keys(['distillationDAG']) retrieved from /opt/airflow/dags/dispatcher_pipeline_dag.py
[2026-03-31T14:14:03.271+0000] {logging_mixin.py:151} INFO - [2026-03-31T14:14:03.270+0000] {dag.py:2915} INFO - Sync 1 DAGs
[2026-03-31T14:14:03.349+0000] {logging_mixin.py:151} INFO - [2026-03-31T14:14:03.349+0000] {dag.py:3696} INFO - Setting next_dagrun for distillationDAG to 2026-03-31T14:13:18.348607+00:00, run_after=2026-03-31T14:14:03.348607+00:00
[2026-03-31T14:14:03.405+0000] {processor.py:179} INFO - Processing /opt/airflow/dags/dispatcher_pipeline_dag.py took 2.134 seconds
[2026-03-31T14:14:33.735+0000] {processor.py:157} INFO - Started process (PID=477) to work on /opt/airflow/dags/dispatcher_pipeline_dag.py
[2026-03-31T14:14:33.737+0000] {processor.py:829} INFO - Processing file /opt/airflow/dags/dispatcher_pipeline_dag.py for tasks to queue
[2026-03-31T14:14:33.740+0000] {logging_mixin.py:151} INFO - [2026-03-31T14:14:33.739+0000] {dagbag.py:539} INFO - Filling up the DagBag from /opt/airflow/dags/dispatcher_pipeline_dag.py
[2026-03-31T14:14:35.333+0000] {processor.py:839} INFO - DAG(s) dict_keys(['distillationDAG']) retrieved from /opt/airflow/dags/dispatcher_pipeline_dag.py
[2026-03-31T14:14:35.422+0000] {logging_mixin.py:151} INFO - [2026-03-31T14:14:35.421+0000] {dag.py:2915} INFO - Sync 1 DAGs
[2026-03-31T14:14:35.479+0000] {logging_mixin.py:151} INFO - [2026-03-31T14:14:35.479+0000] {dag.py:3696} INFO - Setting next_dagrun for distillationDAG to 2026-03-31T14:13:50.478557+00:00, run_after=2026-03-31T14:14:35.478557+00:00
[2026-03-31T14:14:35.522+0000] {processor.py:179} INFO - Processing /opt/airflow/dags/dispatcher_pipeline_dag.py took 1.798 seconds
[2026-03-31T14:15:05.805+0000] {processor.py:157} INFO - Started process (PID=495) to work on /opt/airflow/dags/dispatcher_pipeline_dag.py
[2026-03-31T14:15:05.809+0000] {processor.py:829} INFO - Processing file /opt/airflow/dags/dispatcher_pipeline_dag.py for tasks to queue
[2026-03-31T14:15:05.812+0000] {logging_mixin.py:151} INFO - [2026-03-31T14:15:05.810+0000] {dagbag.py:539} INFO - Filling up the DagBag from /opt/airflow/dags/dispatcher_pipeline_dag.py
[2026-03-31T14:15:07.357+0000] {processor.py:839} INFO - DAG(s) dict_keys(['distillationDAG']) retrieved from /opt/airflow/dags/dispatcher_pipeline_dag.py
[2026-03-31T14:15:07.450+0000] {logging_mixin.py:151} INFO - [2026-03-31T14:15:07.449+0000] {dag.py:2915} INFO - Sync 1 DAGs
[2026-03-31T14:15:07.508+0000] {logging_mixin.py:151} INFO - [2026-03-31T14:15:07.508+0000] {dag.py:3696} INFO - Setting next_dagrun for distillationDAG to 2026-03-31T14:14:22.507707+00:00, run_after=2026-03-31T14:15:07.507707+00:00
[2026-03-31T14:15:07.553+0000] {processor.py:179} INFO - Processing /opt/airflow/dags/dispatcher_pipeline_dag.py took 1.761 seconds
[2026-03-31T14:15:37.805+0000] {processor.py:157} INFO - Started process (PID=513) to work on /opt/airflow/dags/dispatcher_pipeline_dag.py
[2026-03-31T14:15:37.808+0000] {processor.py:829} INFO - Processing file /opt/airflow/dags/dispatcher_pipeline_dag.py for tasks to queue
[2026-03-31T14:15:37.810+0000] {logging_mixin.py:151} INFO - [2026-03-31T14:15:37.809+0000] {dagbag.py:539} INFO - Filling up the DagBag from /opt/airflow/dags/dispatcher_pipeline_dag.py
[2026-03-31T14:15:39.329+0000] {processor.py:839} INFO - DAG(s) dict_keys(['distillationDAG']) retrieved from /opt/airflow/dags/dispatcher_pipeline_dag.py
[2026-03-31T14:15:39.416+0000] {logging_mixin.py:151} INFO - [2026-03-31T14:15:39.415+0000] {dag.py:2915} INFO - Sync 1 DAGs
[2026-03-31T14:15:39.476+0000] {logging_mixin.py:151} INFO - [2026-03-31T14:15:39.475+0000] {dag.py:3696} INFO - Setting next_dagrun for distillationDAG to 2026-03-31T14:14:54.475171+00:00, run_after=2026-03-31T14:15:39.475171+00:00
[2026-03-31T14:15:39.517+0000] {processor.py:179} INFO - Processing /opt/airflow/dags/dispatcher_pipeline_dag.py took 1.724 seconds
[2026-03-31T14:16:09.667+0000] {processor.py:157} INFO - Started process (PID=531) to work on /opt/airflow/dags/dispatcher_pipeline_dag.py
[2026-03-31T14:16:09.670+0000] {processor.py:829} INFO - Processing file /opt/airflow/dags/dispatcher_pipeline_dag.py for tasks to queue
[2026-03-31T14:16:09.673+0000] {logging_mixin.py:151} INFO - [2026-03-31T14:16:09.672+0000] {dagbag.py:539} INFO - Filling up the DagBag from /opt/airflow/dags/dispatcher_pipeline_dag.py
[2026-03-31T14:16:11.253+0000] {processor.py:839} INFO - DAG(s) dict_keys(['distillationDAG']) retrieved from /opt/airflow/dags/dispatcher_pipeline_dag.py
[2026-03-31T14:16:11.341+0000] {logging_mixin.py:151} INFO - [2026-03-31T14:16:11.340+0000] {dag.py:2915} INFO - Sync 1 DAGs
[2026-03-31T14:16:11.398+0000] {logging_mixin.py:151} INFO - [2026-03-31T14:16:11.397+0000] {dag.py:3696} INFO - Setting next_dagrun for distillationDAG to 2026-03-31T14:15:26.397207+00:00, run_after=2026-03-31T14:16:11.397207+00:00
[2026-03-31T14:16:11.441+0000] {processor.py:179} INFO - Processing /opt/airflow/dags/dispatcher_pipeline_dag.py took 1.787 seconds
[2026-03-31T14:16:41.961+0000] {processor.py:157} INFO - Started process (PID=549) to work on /opt/airflow/dags/dispatcher_pipeline_dag.py
[2026-03-31T14:16:41.964+0000] {processor.py:829} INFO - Processing file /opt/airflow/dags/dispatcher_pipeline_dag.py for tasks to queue
[2026-03-31T14:16:41.966+0000] {logging_mixin.py:151} INFO - [2026-03-31T14:16:41.965+0000] {dagbag.py:539} INFO - Filling up the DagBag from /opt/airflow/dags/dispatcher_pipeline_dag.py
[2026-03-31T14:16:43.465+0000] {processor.py:839} INFO - DAG(s) dict_keys(['distillationDAG']) retrieved from /opt/airflow/dags/dispatcher_pipeline_dag.py
[2026-03-31T14:16:43.553+0000] {logging_mixin.py:151} INFO - [2026-03-31T14:16:43.552+0000] {dag.py:2915} INFO - Sync 1 DAGs
[2026-03-31T14:16:43.613+0000] {logging_mixin.py:151} INFO - [2026-03-31T14:16:43.613+0000] {dag.py:3696} INFO - Setting next_dagrun for distillationDAG to 2026-03-31T14:15:58.612456+00:00, run_after=2026-03-31T14:16:43.612456+00:00
[2026-03-31T14:16:43.660+0000] {processor.py:179} INFO - Processing /opt/airflow/dags/dispatcher_pipeline_dag.py took 1.711 seconds
[2026-03-31T14:17:13.817+0000] {processor.py:157} INFO - Started process (PID=567) to work on /opt/airflow/dags/dispatcher_pipeline_dag.py
[2026-03-31T14:17:13.820+0000] {processor.py:829} INFO - Processing file /opt/airflow/dags/dispatcher_pipeline_dag.py for tasks to queue
[2026-03-31T14:17:13.822+0000] {logging_mixin.py:151} INFO - [2026-03-31T14:17:13.821+0000] {dagbag.py:539} INFO - Filling up the DagBag from /opt/airflow/dags/dispatcher_pipeline_dag.py
[2026-03-31T14:17:15.346+0000] {processor.py:839} INFO - DAG(s) dict_keys(['distillationDAG']) retrieved from /opt/airflow/dags/dispatcher_pipeline_dag.py
[2026-03-31T14:17:15.431+0000] {logging_mixin.py:151} INFO - [2026-03-31T14:17:15.430+0000] {dag.py:2915} INFO - Sync 1 DAGs
[2026-03-31T14:17:15.490+0000] {logging_mixin.py:151} INFO - [2026-03-31T14:17:15.490+0000] {dag.py:3696} INFO - Setting next_dagrun for distillationDAG to 2026-03-31T14:16:30.489952+00:00, run_after=2026-03-31T14:17:15.489952+00:00
[2026-03-31T14:17:15.532+0000] {processor.py:179} INFO - Processing /opt/airflow/dags/dispatcher_pipeline_dag.py took 1.727 seconds
