[2026-03-31T14:06:59.257+0000] {processor.py:157} INFO - Started process (PID=170) to work on /opt/airflow/dags/embedding_sync_dag.py
[2026-03-31T14:06:59.259+0000] {processor.py:829} INFO - Processing file /opt/airflow/dags/embedding_sync_dag.py for tasks to queue
[2026-03-31T14:06:59.261+0000] {logging_mixin.py:151} INFO - [2026-03-31T14:06:59.260+0000] {dagbag.py:539} INFO - Filling up the DagBag from /opt/airflow/dags/embedding_sync_dag.py
[2026-03-31T14:06:59.308+0000] {processor.py:839} INFO - DAG(s) dict_keys(['embedding_sync_dag']) retrieved from /opt/airflow/dags/embedding_sync_dag.py
[2026-03-31T14:06:59.526+0000] {logging_mixin.py:151} INFO - [2026-03-31T14:06:59.526+0000] {dag.py:2915} INFO - Sync 1 DAGs
[2026-03-31T14:06:59.701+0000] {processor.py:179} INFO - Processing /opt/airflow/dags/embedding_sync_dag.py took 0.454 seconds
[2026-03-31T14:07:30.655+0000] {processor.py:157} INFO - Started process (PID=200) to work on /opt/airflow/dags/embedding_sync_dag.py
[2026-03-31T14:07:30.657+0000] {processor.py:829} INFO - Processing file /opt/airflow/dags/embedding_sync_dag.py for tasks to queue
[2026-03-31T14:07:30.659+0000] {logging_mixin.py:151} INFO - [2026-03-31T14:07:30.658+0000] {dagbag.py:539} INFO - Filling up the DagBag from /opt/airflow/dags/embedding_sync_dag.py
[2026-03-31T14:07:30.712+0000] {processor.py:839} INFO - DAG(s) dict_keys(['embedding_sync_dag']) retrieved from /opt/airflow/dags/embedding_sync_dag.py
[2026-03-31T14:07:30.811+0000] {logging_mixin.py:151} INFO - [2026-03-31T14:07:30.810+0000] {dag.py:2915} INFO - Sync 1 DAGs
[2026-03-31T14:07:30.922+0000] {processor.py:179} INFO - Processing /opt/airflow/dags/embedding_sync_dag.py took 0.282 seconds
[2026-03-31T14:08:01.779+0000] {processor.py:157} INFO - Started process (PID=220) to work on /opt/airflow/dags/embedding_sync_dag.py
[2026-03-31T14:08:01.782+0000] {processor.py:829} INFO - Processing file /opt/airflow/dags/embedding_sync_dag.py for tasks to queue
[2026-03-31T14:08:01.784+0000] {logging_mixin.py:151} INFO - [2026-03-31T14:08:01.783+0000] {dagbag.py:539} INFO - Filling up the DagBag from /opt/airflow/dags/embedding_sync_dag.py
[2026-03-31T14:08:01.830+0000] {processor.py:839} INFO - DAG(s) dict_keys(['embedding_sync_dag']) retrieved from /opt/airflow/dags/embedding_sync_dag.py
[2026-03-31T14:08:01.928+0000] {logging_mixin.py:151} INFO - [2026-03-31T14:08:01.928+0000] {dag.py:2915} INFO - Sync 1 DAGs
[2026-03-31T14:08:02.059+0000] {processor.py:179} INFO - Processing /opt/airflow/dags/embedding_sync_dag.py took 0.290 seconds
[2026-03-31T14:08:32.397+0000] {processor.py:157} INFO - Started process (PID=242) to work on /opt/airflow/dags/embedding_sync_dag.py
[2026-03-31T14:08:32.403+0000] {processor.py:829} INFO - Processing file /opt/airflow/dags/embedding_sync_dag.py for tasks to queue
[2026-03-31T14:08:32.408+0000] {logging_mixin.py:151} INFO - [2026-03-31T14:08:32.407+0000] {dagbag.py:539} INFO - Filling up the DagBag from /opt/airflow/dags/embedding_sync_dag.py
[2026-03-31T14:08:32.484+0000] {processor.py:839} INFO - DAG(s) dict_keys(['embedding_sync_dag']) retrieved from /opt/airflow/dags/embedding_sync_dag.py
[2026-03-31T14:08:32.705+0000] {logging_mixin.py:151} INFO - [2026-03-31T14:08:32.704+0000] {dag.py:2915} INFO - Sync 1 DAGs
[2026-03-31T14:08:32.891+0000] {processor.py:179} INFO - Processing /opt/airflow/dags/embedding_sync_dag.py took 0.509 seconds
[2026-03-31T14:09:03.318+0000] {processor.py:157} INFO - Started process (PID=260) to work on /opt/airflow/dags/embedding_sync_dag.py
[2026-03-31T14:09:03.323+0000] {processor.py:829} INFO - Processing file /opt/airflow/dags/embedding_sync_dag.py for tasks to queue
[2026-03-31T14:09:03.325+0000] {logging_mixin.py:151} INFO - [2026-03-31T14:09:03.324+0000] {dagbag.py:539} INFO - Filling up the DagBag from /opt/airflow/dags/embedding_sync_dag.py
[2026-03-31T14:09:03.377+0000] {processor.py:839} INFO - DAG(s) dict_keys(['embedding_sync_dag']) retrieved from /opt/airflow/dags/embedding_sync_dag.py
[2026-03-31T14:09:03.477+0000] {logging_mixin.py:151} INFO - [2026-03-31T14:09:03.476+0000] {dag.py:2915} INFO - Sync 1 DAGs
[2026-03-31T14:09:03.598+0000] {processor.py:179} INFO - Processing /opt/airflow/dags/embedding_sync_dag.py took 0.290 seconds
[2026-03-31T14:09:33.891+0000] {processor.py:157} INFO - Started process (PID=278) to work on /opt/airflow/dags/embedding_sync_dag.py
[2026-03-31T14:09:33.894+0000] {processor.py:829} INFO - Processing file /opt/airflow/dags/embedding_sync_dag.py for tasks to queue
[2026-03-31T14:09:33.896+0000] {logging_mixin.py:151} INFO - [2026-03-31T14:09:33.895+0000] {dagbag.py:539} INFO - Filling up the DagBag from /opt/airflow/dags/embedding_sync_dag.py
[2026-03-31T14:09:33.945+0000] {processor.py:839} INFO - DAG(s) dict_keys(['embedding_sync_dag']) retrieved from /opt/airflow/dags/embedding_sync_dag.py
[2026-03-31T14:09:34.053+0000] {logging_mixin.py:151} INFO - [2026-03-31T14:09:34.052+0000] {dag.py:2915} INFO - Sync 1 DAGs
[2026-03-31T14:09:34.174+0000] {processor.py:179} INFO - Processing /opt/airflow/dags/embedding_sync_dag.py took 0.293 seconds
[2026-03-31T14:10:05.169+0000] {processor.py:157} INFO - Started process (PID=296) to work on /opt/airflow/dags/embedding_sync_dag.py
[2026-03-31T14:10:05.172+0000] {processor.py:829} INFO - Processing file /opt/airflow/dags/embedding_sync_dag.py for tasks to queue
[2026-03-31T14:10:05.175+0000] {logging_mixin.py:151} INFO - [2026-03-31T14:10:05.174+0000] {dagbag.py:539} INFO - Filling up the DagBag from /opt/airflow/dags/embedding_sync_dag.py
[2026-03-31T14:10:05.220+0000] {processor.py:839} INFO - DAG(s) dict_keys(['embedding_sync_dag']) retrieved from /opt/airflow/dags/embedding_sync_dag.py
[2026-03-31T14:10:05.317+0000] {logging_mixin.py:151} INFO - [2026-03-31T14:10:05.317+0000] {dag.py:2915} INFO - Sync 1 DAGs
[2026-03-31T14:10:05.429+0000] {processor.py:179} INFO - Processing /opt/airflow/dags/embedding_sync_dag.py took 0.270 seconds
[2026-03-31T14:10:36.429+0000] {processor.py:157} INFO - Started process (PID=315) to work on /opt/airflow/dags/embedding_sync_dag.py
[2026-03-31T14:10:36.432+0000] {processor.py:829} INFO - Processing file /opt/airflow/dags/embedding_sync_dag.py for tasks to queue
[2026-03-31T14:10:36.434+0000] {logging_mixin.py:151} INFO - [2026-03-31T14:10:36.433+0000] {dagbag.py:539} INFO - Filling up the DagBag from /opt/airflow/dags/embedding_sync_dag.py
[2026-03-31T14:10:36.483+0000] {processor.py:839} INFO - DAG(s) dict_keys(['embedding_sync_dag']) retrieved from /opt/airflow/dags/embedding_sync_dag.py
[2026-03-31T14:10:36.589+0000] {logging_mixin.py:151} INFO - [2026-03-31T14:10:36.589+0000] {dag.py:2915} INFO - Sync 1 DAGs
[2026-03-31T14:10:36.705+0000] {processor.py:179} INFO - Processing /opt/airflow/dags/embedding_sync_dag.py took 0.286 seconds
[2026-03-31T14:11:07.697+0000] {processor.py:157} INFO - Started process (PID=333) to work on /opt/airflow/dags/embedding_sync_dag.py
[2026-03-31T14:11:07.701+0000] {processor.py:829} INFO - Processing file /opt/airflow/dags/embedding_sync_dag.py for tasks to queue
[2026-03-31T14:11:07.703+0000] {logging_mixin.py:151} INFO - [2026-03-31T14:11:07.702+0000] {dagbag.py:539} INFO - Filling up the DagBag from /opt/airflow/dags/embedding_sync_dag.py
[2026-03-31T14:11:07.752+0000] {processor.py:839} INFO - DAG(s) dict_keys(['embedding_sync_dag']) retrieved from /opt/airflow/dags/embedding_sync_dag.py
[2026-03-31T14:11:07.859+0000] {logging_mixin.py:151} INFO - [2026-03-31T14:11:07.858+0000] {dag.py:2915} INFO - Sync 1 DAGs
[2026-03-31T14:11:07.980+0000] {processor.py:179} INFO - Processing /opt/airflow/dags/embedding_sync_dag.py took 0.293 seconds
[2026-03-31T14:11:38.106+0000] {processor.py:157} INFO - Started process (PID=351) to work on /opt/airflow/dags/embedding_sync_dag.py
[2026-03-31T14:11:38.108+0000] {processor.py:829} INFO - Processing file /opt/airflow/dags/embedding_sync_dag.py for tasks to queue
[2026-03-31T14:11:38.111+0000] {logging_mixin.py:151} INFO - [2026-03-31T14:11:38.109+0000] {dagbag.py:539} INFO - Filling up the DagBag from /opt/airflow/dags/embedding_sync_dag.py
[2026-03-31T14:11:38.156+0000] {processor.py:839} INFO - DAG(s) dict_keys(['embedding_sync_dag']) retrieved from /opt/airflow/dags/embedding_sync_dag.py
[2026-03-31T14:11:38.256+0000] {logging_mixin.py:151} INFO - [2026-03-31T14:11:38.256+0000] {dag.py:2915} INFO - Sync 1 DAGs
[2026-03-31T14:11:38.704+0000] {processor.py:179} INFO - Processing /opt/airflow/dags/embedding_sync_dag.py took 0.609 seconds
[2026-03-31T14:12:08.833+0000] {processor.py:157} INFO - Started process (PID=369) to work on /opt/airflow/dags/embedding_sync_dag.py
[2026-03-31T14:12:08.836+0000] {processor.py:829} INFO - Processing file /opt/airflow/dags/embedding_sync_dag.py for tasks to queue
[2026-03-31T14:12:08.839+0000] {logging_mixin.py:151} INFO - [2026-03-31T14:12:08.838+0000] {dagbag.py:539} INFO - Filling up the DagBag from /opt/airflow/dags/embedding_sync_dag.py
[2026-03-31T14:12:09.268+0000] {processor.py:839} INFO - DAG(s) dict_keys(['embedding_sync_dag']) retrieved from /opt/airflow/dags/embedding_sync_dag.py
[2026-03-31T14:12:09.372+0000] {logging_mixin.py:151} INFO - [2026-03-31T14:12:09.371+0000] {dag.py:2915} INFO - Sync 1 DAGs
[2026-03-31T14:12:09.484+0000] {processor.py:179} INFO - Processing /opt/airflow/dags/embedding_sync_dag.py took 0.663 seconds
[2026-03-31T14:12:40.149+0000] {processor.py:157} INFO - Started process (PID=387) to work on /opt/airflow/dags/embedding_sync_dag.py
[2026-03-31T14:12:40.152+0000] {processor.py:829} INFO - Processing file /opt/airflow/dags/embedding_sync_dag.py for tasks to queue
[2026-03-31T14:12:40.154+0000] {logging_mixin.py:151} INFO - [2026-03-31T14:12:40.153+0000] {dagbag.py:539} INFO - Filling up the DagBag from /opt/airflow/dags/embedding_sync_dag.py
[2026-03-31T14:12:40.212+0000] {processor.py:839} INFO - DAG(s) dict_keys(['embedding_sync_dag']) retrieved from /opt/airflow/dags/embedding_sync_dag.py
[2026-03-31T14:12:40.331+0000] {logging_mixin.py:151} INFO - [2026-03-31T14:12:40.331+0000] {dag.py:2915} INFO - Sync 1 DAGs
[2026-03-31T14:12:40.467+0000] {processor.py:179} INFO - Processing /opt/airflow/dags/embedding_sync_dag.py took 0.332 seconds
[2026-03-31T14:13:10.744+0000] {processor.py:157} INFO - Started process (PID=405) to work on /opt/airflow/dags/embedding_sync_dag.py
[2026-03-31T14:13:10.748+0000] {processor.py:829} INFO - Processing file /opt/airflow/dags/embedding_sync_dag.py for tasks to queue
[2026-03-31T14:13:10.751+0000] {logging_mixin.py:151} INFO - [2026-03-31T14:13:10.750+0000] {dagbag.py:539} INFO - Filling up the DagBag from /opt/airflow/dags/embedding_sync_dag.py
[2026-03-31T14:13:10.807+0000] {processor.py:839} INFO - DAG(s) dict_keys(['embedding_sync_dag']) retrieved from /opt/airflow/dags/embedding_sync_dag.py
[2026-03-31T14:13:10.921+0000] {logging_mixin.py:151} INFO - [2026-03-31T14:13:10.921+0000] {dag.py:2915} INFO - Sync 1 DAGs
[2026-03-31T14:13:11.046+0000] {processor.py:179} INFO - Processing /opt/airflow/dags/embedding_sync_dag.py took 0.315 seconds
[2026-03-31T14:13:41.121+0000] {processor.py:157} INFO - Started process (PID=447) to work on /opt/airflow/dags/embedding_sync_dag.py
[2026-03-31T14:13:41.123+0000] {processor.py:829} INFO - Processing file /opt/airflow/dags/embedding_sync_dag.py for tasks to queue
[2026-03-31T14:13:41.126+0000] {logging_mixin.py:151} INFO - [2026-03-31T14:13:41.125+0000] {dagbag.py:539} INFO - Filling up the DagBag from /opt/airflow/dags/embedding_sync_dag.py
[2026-03-31T14:13:41.179+0000] {processor.py:839} INFO - DAG(s) dict_keys(['embedding_sync_dag']) retrieved from /opt/airflow/dags/embedding_sync_dag.py
[2026-03-31T14:13:41.293+0000] {logging_mixin.py:151} INFO - [2026-03-31T14:13:41.292+0000] {dag.py:2915} INFO - Sync 1 DAGs
[2026-03-31T14:13:41.412+0000] {processor.py:179} INFO - Processing /opt/airflow/dags/embedding_sync_dag.py took 0.302 seconds
[2026-03-31T14:14:11.552+0000] {processor.py:157} INFO - Started process (PID=465) to work on /opt/airflow/dags/embedding_sync_dag.py
[2026-03-31T14:14:11.556+0000] {processor.py:829} INFO - Processing file /opt/airflow/dags/embedding_sync_dag.py for tasks to queue
[2026-03-31T14:14:11.559+0000] {logging_mixin.py:151} INFO - [2026-03-31T14:14:11.558+0000] {dagbag.py:539} INFO - Filling up the DagBag from /opt/airflow/dags/embedding_sync_dag.py
[2026-03-31T14:14:11.616+0000] {processor.py:839} INFO - DAG(s) dict_keys(['embedding_sync_dag']) retrieved from /opt/airflow/dags/embedding_sync_dag.py
[2026-03-31T14:14:11.743+0000] {logging_mixin.py:151} INFO - [2026-03-31T14:14:11.743+0000] {dag.py:2915} INFO - Sync 1 DAGs
[2026-03-31T14:14:11.871+0000] {processor.py:179} INFO - Processing /opt/airflow/dags/embedding_sync_dag.py took 0.331 seconds
[2026-03-31T14:14:42.653+0000] {processor.py:157} INFO - Started process (PID=483) to work on /opt/airflow/dags/embedding_sync_dag.py
[2026-03-31T14:14:42.656+0000] {processor.py:829} INFO - Processing file /opt/airflow/dags/embedding_sync_dag.py for tasks to queue
[2026-03-31T14:14:42.658+0000] {logging_mixin.py:151} INFO - [2026-03-31T14:14:42.657+0000] {dagbag.py:539} INFO - Filling up the DagBag from /opt/airflow/dags/embedding_sync_dag.py
[2026-03-31T14:14:42.710+0000] {processor.py:839} INFO - DAG(s) dict_keys(['embedding_sync_dag']) retrieved from /opt/airflow/dags/embedding_sync_dag.py
[2026-03-31T14:14:42.859+0000] {logging_mixin.py:151} INFO - [2026-03-31T14:14:42.858+0000] {dag.py:2915} INFO - Sync 1 DAGs
[2026-03-31T14:14:43.000+0000] {processor.py:179} INFO - Processing /opt/airflow/dags/embedding_sync_dag.py took 0.359 seconds
[2026-03-31T14:15:13.284+0000] {processor.py:157} INFO - Started process (PID=501) to work on /opt/airflow/dags/embedding_sync_dag.py
[2026-03-31T14:15:13.287+0000] {processor.py:829} INFO - Processing file /opt/airflow/dags/embedding_sync_dag.py for tasks to queue
[2026-03-31T14:15:13.289+0000] {logging_mixin.py:151} INFO - [2026-03-31T14:15:13.288+0000] {dagbag.py:539} INFO - Filling up the DagBag from /opt/airflow/dags/embedding_sync_dag.py
[2026-03-31T14:15:13.341+0000] {processor.py:839} INFO - DAG(s) dict_keys(['embedding_sync_dag']) retrieved from /opt/airflow/dags/embedding_sync_dag.py
[2026-03-31T14:15:13.459+0000] {logging_mixin.py:151} INFO - [2026-03-31T14:15:13.459+0000] {dag.py:2915} INFO - Sync 1 DAGs
[2026-03-31T14:15:13.574+0000] {processor.py:179} INFO - Processing /opt/airflow/dags/embedding_sync_dag.py took 0.302 seconds
[2026-03-31T14:15:44.380+0000] {processor.py:157} INFO - Started process (PID=519) to work on /opt/airflow/dags/embedding_sync_dag.py
[2026-03-31T14:15:44.383+0000] {processor.py:829} INFO - Processing file /opt/airflow/dags/embedding_sync_dag.py for tasks to queue
[2026-03-31T14:15:44.386+0000] {logging_mixin.py:151} INFO - [2026-03-31T14:15:44.384+0000] {dagbag.py:539} INFO - Filling up the DagBag from /opt/airflow/dags/embedding_sync_dag.py
[2026-03-31T14:15:44.437+0000] {processor.py:839} INFO - DAG(s) dict_keys(['embedding_sync_dag']) retrieved from /opt/airflow/dags/embedding_sync_dag.py
[2026-03-31T14:15:44.537+0000] {logging_mixin.py:151} INFO - [2026-03-31T14:15:44.537+0000] {dag.py:2915} INFO - Sync 1 DAGs
[2026-03-31T14:15:44.653+0000] {processor.py:179} INFO - Processing /opt/airflow/dags/embedding_sync_dag.py took 0.284 seconds
[2026-03-31T14:16:14.922+0000] {processor.py:157} INFO - Started process (PID=537) to work on /opt/airflow/dags/embedding_sync_dag.py
[2026-03-31T14:16:14.925+0000] {processor.py:829} INFO - Processing file /opt/airflow/dags/embedding_sync_dag.py for tasks to queue
[2026-03-31T14:16:14.927+0000] {logging_mixin.py:151} INFO - [2026-03-31T14:16:14.926+0000] {dagbag.py:539} INFO - Filling up the DagBag from /opt/airflow/dags/embedding_sync_dag.py
[2026-03-31T14:16:14.973+0000] {processor.py:839} INFO - DAG(s) dict_keys(['embedding_sync_dag']) retrieved from /opt/airflow/dags/embedding_sync_dag.py
[2026-03-31T14:16:15.067+0000] {logging_mixin.py:151} INFO - [2026-03-31T14:16:15.067+0000] {dag.py:2915} INFO - Sync 1 DAGs
[2026-03-31T14:16:15.177+0000] {processor.py:179} INFO - Processing /opt/airflow/dags/embedding_sync_dag.py took 0.266 seconds
[2026-03-31T14:16:45.454+0000] {processor.py:157} INFO - Started process (PID=555) to work on /opt/airflow/dags/embedding_sync_dag.py
[2026-03-31T14:16:45.457+0000] {processor.py:829} INFO - Processing file /opt/airflow/dags/embedding_sync_dag.py for tasks to queue
[2026-03-31T14:16:45.459+0000] {logging_mixin.py:151} INFO - [2026-03-31T14:16:45.458+0000] {dagbag.py:539} INFO - Filling up the DagBag from /opt/airflow/dags/embedding_sync_dag.py
[2026-03-31T14:16:45.504+0000] {processor.py:839} INFO - DAG(s) dict_keys(['embedding_sync_dag']) retrieved from /opt/airflow/dags/embedding_sync_dag.py
[2026-03-31T14:16:45.599+0000] {logging_mixin.py:151} INFO - [2026-03-31T14:16:45.599+0000] {dag.py:2915} INFO - Sync 1 DAGs
[2026-03-31T14:16:45.701+0000] {processor.py:179} INFO - Processing /opt/airflow/dags/embedding_sync_dag.py took 0.258 seconds
[2026-03-31T14:17:15.980+0000] {processor.py:157} INFO - Started process (PID=573) to work on /opt/airflow/dags/embedding_sync_dag.py
[2026-03-31T14:17:15.983+0000] {processor.py:829} INFO - Processing file /opt/airflow/dags/embedding_sync_dag.py for tasks to queue
[2026-03-31T14:17:15.985+0000] {logging_mixin.py:151} INFO - [2026-03-31T14:17:15.984+0000] {dagbag.py:539} INFO - Filling up the DagBag from /opt/airflow/dags/embedding_sync_dag.py
[2026-03-31T14:17:16.031+0000] {processor.py:839} INFO - DAG(s) dict_keys(['embedding_sync_dag']) retrieved from /opt/airflow/dags/embedding_sync_dag.py
[2026-03-31T14:17:16.125+0000] {logging_mixin.py:151} INFO - [2026-03-31T14:17:16.124+0000] {dag.py:2915} INFO - Sync 1 DAGs
[2026-03-31T14:17:16.227+0000] {processor.py:179} INFO - Processing /opt/airflow/dags/embedding_sync_dag.py took 0.258 seconds
