[2026-05-06T05:15:56.652+0000] {taskinstance.py:1157} INFO - Dependencies all met for dep_context=non-requeueable deps ti=<TaskInstance: embedding_sync_dag.log_stats scheduled__2026-05-06T05:05:00+00:00 [queued]>
[2026-05-06T05:15:56.660+0000] {taskinstance.py:1157} INFO - Dependencies all met for dep_context=requeueable deps ti=<TaskInstance: embedding_sync_dag.log_stats scheduled__2026-05-06T05:05:00+00:00 [queued]>
[2026-05-06T05:15:56.660+0000] {taskinstance.py:1359} INFO - Starting attempt 1 of 3
[2026-05-06T05:15:56.673+0000] {taskinstance.py:1380} INFO - Executing <Task(PythonOperator): log_stats> on 2026-05-06 05:05:00+00:00
[2026-05-06T05:15:56.678+0000] {standard_task_runner.py:57} INFO - Started process 494 to run task
[2026-05-06T05:15:56.682+0000] {standard_task_runner.py:84} INFO - Running: ['***', 'tasks', 'run', 'embedding_sync_dag', 'log_stats', 'scheduled__2026-05-06T05:05:00+00:00', '--job-id', '4278', '--raw', '--subdir', 'DAGS_FOLDER/embedding_sync_dag.py', '--cfg-path', '/tmp/tmptv577sit']
[2026-05-06T05:15:56.685+0000] {standard_task_runner.py:85} INFO - Job 4278: Subtask log_stats
[2026-05-06T05:15:56.747+0000] {task_command.py:415} INFO - Running <TaskInstance: embedding_sync_dag.log_stats scheduled__2026-05-06T05:05:00+00:00 [running]> on host e8610aa59365
[2026-05-06T05:15:56.847+0000] {taskinstance.py:1660} INFO - Exporting env vars: AIRFLOW_CTX_DAG_OWNER='lakehouse' AIRFLOW_CTX_DAG_ID='embedding_sync_dag' AIRFLOW_CTX_TASK_ID='log_stats' AIRFLOW_CTX_EXECUTION_DATE='2026-05-06T05:05:00+00:00' AIRFLOW_CTX_TRY_NUMBER='1' AIRFLOW_CTX_DAG_RUN_ID='scheduled__2026-05-06T05:05:00+00:00'
[2026-05-06T05:15:56.900+0000] {embedding_sync_dag.py:159} INFO - =======================================================
[2026-05-06T05:15:56.900+0000] {embedding_sync_dag.py:160} INFO -   Embedding Sync Summary
[2026-05-06T05:15:56.900+0000] {embedding_sync_dag.py:161} INFO -   Rows backfill-queued    : 1033
[2026-05-06T05:15:56.900+0000] {embedding_sync_dag.py:162} INFO -   New tables watched      : 0
[2026-05-06T05:15:56.901+0000] {embedding_sync_dag.py:163} INFO -   Rows embedded           : 1033
[2026-05-06T05:15:56.901+0000] {embedding_sync_dag.py:164} INFO -   Embed errors            : 0
[2026-05-06T05:15:56.901+0000] {embedding_sync_dag.py:165} INFO -   Orphaned tables removed : 0
[2026-05-06T05:15:56.901+0000] {embedding_sync_dag.py:166} INFO -   Stale embeddings purged : 0
[2026-05-06T05:15:56.901+0000] {embedding_sync_dag.py:169} INFO - =======================================================
[2026-05-06T05:15:56.901+0000] {python.py:194} INFO - Done. Returned value was: None
[2026-05-06T05:15:56.914+0000] {taskinstance.py:1398} INFO - Marking task as SUCCESS. dag_id=embedding_sync_dag, task_id=log_stats, execution_date=20260506T050500, start_date=20260506T051556, end_date=20260506T051556
[2026-05-06T05:15:56.934+0000] {local_task_job_runner.py:228} INFO - Task exited with return code 0
[2026-05-06T05:15:56.955+0000] {taskinstance.py:2776} INFO - 0 downstream tasks scheduled from follow-on schedule check
