[2026-04-21T15:13:47.779+0000] {taskinstance.py:1157} INFO - Dependencies all met for dep_context=non-requeueable deps ti=<TaskInstance: distillationDAG.scan_minio_and_dispatch scheduled__2026-04-21T15:12:33.707968+00:00 [queued]>
[2026-04-21T15:13:47.791+0000] {taskinstance.py:1157} INFO - Dependencies all met for dep_context=requeueable deps ti=<TaskInstance: distillationDAG.scan_minio_and_dispatch scheduled__2026-04-21T15:12:33.707968+00:00 [queued]>
[2026-04-21T15:13:47.792+0000] {taskinstance.py:1359} INFO - Starting attempt 3 of 4
[2026-04-21T15:13:47.812+0000] {taskinstance.py:1380} INFO - Executing <Task(PythonOperator): scan_minio_and_dispatch> on 2026-04-21 15:12:33.707968+00:00
[2026-04-21T15:13:47.820+0000] {standard_task_runner.py:57} INFO - Started process 1051 to run task
[2026-04-21T15:13:47.825+0000] {standard_task_runner.py:84} INFO - Running: ['***', 'tasks', 'run', 'distillationDAG', 'scan_minio_and_dispatch', 'scheduled__2026-04-21T15:12:33.707968+00:00', '--job-id', '2687', '--raw', '--subdir', 'DAGS_FOLDER/dispatcher_pipeline_dag.py', '--cfg-path', '/tmp/tmpett2ry3n']
[2026-04-21T15:13:47.829+0000] {standard_task_runner.py:85} INFO - Job 2687: Subtask scan_minio_and_dispatch
[2026-04-21T15:13:47.945+0000] {task_command.py:415} INFO - Running <TaskInstance: distillationDAG.scan_minio_and_dispatch scheduled__2026-04-21T15:12:33.707968+00:00 [running]> on host 8056b61ed15b
[2026-04-21T15:13:48.267+0000] {taskinstance.py:1660} INFO - Exporting env vars: AIRFLOW_CTX_DAG_OWNER='***' AIRFLOW_CTX_DAG_ID='distillationDAG' AIRFLOW_CTX_TASK_ID='scan_minio_and_dispatch' AIRFLOW_CTX_EXECUTION_DATE='2026-04-21T15:12:33.707968+00:00' AIRFLOW_CTX_TRY_NUMBER='3' AIRFLOW_CTX_DAG_RUN_ID='scheduled__2026-04-21T15:12:33.707968+00:00'
[2026-04-21T15:13:48.290+0000] {logging_mixin.py:151} INFO - [DISPATCHER] Found file: raw/machine-readable-business-employment-data-dec-2025-quarter.csv
[2026-04-21T15:13:48.524+0000] {structured_pipeline.py:615} INFO - [structured] Processing raw/machine-readable-business-employment-data-dec-2025-quarter.csv
[2026-04-21T15:13:48.533+0000] {structured_pipeline.py:629} INFO - [structured] Downloaded 3983855 bytes
[2026-04-21T15:13:48.534+0000] {structured_pipeline.py:633} INFO - [structured] Detected file type: csv
[2026-04-21T15:13:48.537+0000] {structured_pipeline.py:22} INFO - Detected encoding: ascii (confidence: 1.00)
[2026-04-21T15:13:48.537+0000] {structured_pipeline.py:248} INFO - [CSV] Attempting to decode with ascii
[2026-04-21T15:13:48.541+0000] {structured_pipeline.py:41} INFO - Sniffer detected delimiter: ','
[2026-04-21T15:13:48.541+0000] {structured_pipeline.py:279} INFO - [CSV] Read attempt 1
[2026-04-21T15:13:48.718+0000] {structured_pipeline.py:283} INFO - [CSV] Successfully read 25672 rows with 14 columns
[2026-04-21T15:13:48.719+0000] {structured_pipeline.py:656} INFO - [structured] Initial read: 25672 rows, 14 columns
[2026-04-21T15:13:48.719+0000] {structured_pipeline.py:374} INFO - [Clean] Cleaning dataframe...
[2026-04-21T15:13:48.829+0000] {structured_pipeline.py:399} INFO - [Clean] Cleaned dataframe: 25672 rows, 14 columns
[2026-04-21T15:13:48.830+0000] {structured_pipeline.py:108} INFO - Table name: data_machine_readable_business_employment_data_dec_2025_quarter
[2026-04-21T15:13:48.830+0000] {structured_pipeline.py:124} INFO - [Normalize] Normalizing DataFrame with 14 columns
[2026-04-21T15:13:48.847+0000] {logging_mixin.py:151} WARNING - /opt/python-etl/pipelines/structured_pipeline.py:211 UserWarning: Could not infer format, so each element will be parsed individually, falling back to `dateutil`. To ensure parsing is consistent and as-expected, please specify a format.
[2026-04-21T15:13:48.848+0000] {structured_pipeline.py:419} INFO - [PostgreSQL] Column 'series_reference' -> TEXT
[2026-04-21T15:13:48.850+0000] {structured_pipeline.py:419} INFO - [PostgreSQL] Column 'period' -> NUMERIC
[2026-04-21T15:13:48.853+0000] {structured_pipeline.py:419} INFO - [PostgreSQL] Column 'data_value' -> NUMERIC
[2026-04-21T15:13:48.856+0000] {logging_mixin.py:151} WARNING - /opt/python-etl/pipelines/structured_pipeline.py:211 UserWarning: Could not infer format, so each element will be parsed individually, falling back to `dateutil`. To ensure parsing is consistent and as-expected, please specify a format.
[2026-04-21T15:13:48.856+0000] {structured_pipeline.py:419} INFO - [PostgreSQL] Column 'suppressed' -> TEXT
[2026-04-21T15:13:48.860+0000] {logging_mixin.py:151} WARNING - /opt/python-etl/pipelines/structured_pipeline.py:211 UserWarning: Could not infer format, so each element will be parsed individually, falling back to `dateutil`. To ensure parsing is consistent and as-expected, please specify a format.
[2026-04-21T15:13:48.861+0000] {structured_pipeline.py:419} INFO - [PostgreSQL] Column 'status' -> TEXT
[2026-04-21T15:13:48.865+0000] {logging_mixin.py:151} WARNING - /opt/python-etl/pipelines/structured_pipeline.py:211 UserWarning: Could not infer format, so each element will be parsed individually, falling back to `dateutil`. To ensure parsing is consistent and as-expected, please specify a format.
[2026-04-21T15:13:48.865+0000] {structured_pipeline.py:419} INFO - [PostgreSQL] Column 'units' -> TEXT
[2026-04-21T15:13:48.866+0000] {structured_pipeline.py:419} INFO - [PostgreSQL] Column 'magnitude' -> INTEGER
[2026-04-21T15:13:48.871+0000] {logging_mixin.py:151} WARNING - /opt/python-etl/pipelines/structured_pipeline.py:211 UserWarning: Could not infer format, so each element will be parsed individually, falling back to `dateutil`. To ensure parsing is consistent and as-expected, please specify a format.
[2026-04-21T15:13:48.871+0000] {structured_pipeline.py:419} INFO - [PostgreSQL] Column 'subject' -> TEXT
[2026-04-21T15:13:48.876+0000] {logging_mixin.py:151} WARNING - /opt/python-etl/pipelines/structured_pipeline.py:211 UserWarning: Could not infer format, so each element will be parsed individually, falling back to `dateutil`. To ensure parsing is consistent and as-expected, please specify a format.
[2026-04-21T15:13:48.877+0000] {structured_pipeline.py:419} INFO - [PostgreSQL] Column 'group' -> TEXT
[2026-04-21T15:13:48.881+0000] {logging_mixin.py:151} WARNING - /opt/python-etl/pipelines/structured_pipeline.py:211 UserWarning: Could not infer format, so each element will be parsed individually, falling back to `dateutil`. To ensure parsing is consistent and as-expected, please specify a format.
[2026-04-21T15:13:48.881+0000] {structured_pipeline.py:419} INFO - [PostgreSQL] Column 'series_title_1' -> TEXT
[2026-04-21T15:13:48.885+0000] {logging_mixin.py:151} WARNING - /opt/python-etl/pipelines/structured_pipeline.py:211 UserWarning: Could not infer format, so each element will be parsed individually, falling back to `dateutil`. To ensure parsing is consistent and as-expected, please specify a format.
[2026-04-21T15:13:48.886+0000] {structured_pipeline.py:419} INFO - [PostgreSQL] Column 'series_title_2' -> TEXT
[2026-04-21T15:13:48.890+0000] {logging_mixin.py:151} WARNING - /opt/python-etl/pipelines/structured_pipeline.py:211 UserWarning: Could not infer format, so each element will be parsed individually, falling back to `dateutil`. To ensure parsing is consistent and as-expected, please specify a format.
[2026-04-21T15:13:48.890+0000] {structured_pipeline.py:419} INFO - [PostgreSQL] Column 'series_title_3' -> TEXT
[2026-04-21T15:13:48.890+0000] {structured_pipeline.py:419} INFO - [PostgreSQL] Column 'series_title_4' -> TEXT
[2026-04-21T15:13:48.891+0000] {structured_pipeline.py:419} INFO - [PostgreSQL] Column 'series_title_5' -> TEXT
[2026-04-21T15:13:48.891+0000] {structured_pipeline.py:431} INFO - [PostgreSQL] Dropped existing table: data_machine_readable_business_employment_data_dec_2025_quarter
[2026-04-21T15:13:48.893+0000] {structured_pipeline.py:435} INFO - [PostgreSQL] Created table: data_machine_readable_business_employment_data_dec_2025_quarter
[2026-04-21T15:13:49.312+0000] {structured_pipeline.py:557} ERROR - [PostgreSQL] Load failed: invalid input syntax for type numeric: "\\N"
CONTEXT:  COPY data_machine_readable_business_employment_data_dec_2025_quarter, line 3600, column data_value: "\\N"

[2026-04-21T15:13:49.312+0000] {structured_pipeline.py:695} ERROR - [structured] ❌ Error processing raw/machine-readable-business-employment-data-dec-2025-quarter.csv: invalid input syntax for type numeric: "\\N"
CONTEXT:  COPY data_machine_readable_business_employment_data_dec_2025_quarter, line 3600, column data_value: "\\N"
Traceback (most recent call last):
  File "/opt/python-etl/pipelines/structured_pipeline.py", line 665, in process_minio_object
    load_to_postgres(df, table_name, pg_conn, use_smart_types=True)
  File "/opt/python-etl/pipelines/structured_pipeline.py", line 546, in load_to_postgres
    cursor.copy_expert(
psycopg2.errors.InvalidTextRepresentation: invalid input syntax for type numeric: "\\N"
CONTEXT:  COPY data_machine_readable_business_employment_data_dec_2025_quarter, line 3600, column data_value: "\\N"

[2026-04-21T15:13:49.313+0000] {logging_mixin.py:151} INFO - [DISPATCHER] Pipeline failed for raw/machine-readable-business-employment-data-dec-2025-quarter.csv: invalid input syntax for type numeric: "\\N"
CONTEXT:  COPY data_machine_readable_business_employment_data_dec_2025_quarter, line 3600, column data_value: "\\N"
[2026-04-21T15:13:49.314+0000] {taskinstance.py:1935} ERROR - Task failed with exception
Traceback (most recent call last):
  File "/home/airflow/.local/lib/python3.11/site-packages/airflow/operators/python.py", line 192, in execute
    return_value = self.execute_callable()
                   ^^^^^^^^^^^^^^^^^^^^^^^
  File "/home/airflow/.local/lib/python3.11/site-packages/airflow/operators/python.py", line 209, in execute_callable
    return self.python_callable(*self.op_args, **self.op_kwargs)
           ^^^^^^^^^^^^^^^^^^^^^^^^^^^^^^^^^^^^^^^^^^^^^^^^^^^^^
  File "/opt/airflow/dags/dispatcher_pipeline_dag.py", line 155, in scan_and_dispatch
    run_pipeline_for_object(object_name)
  File "/opt/python-etl/etl_manager.py", line 269, in run_pipeline_for_object
    structured_pipeline.process_minio_object(**common_kwargs)
  File "/opt/python-etl/pipelines/structured_pipeline.py", line 665, in process_minio_object
    load_to_postgres(df, table_name, pg_conn, use_smart_types=True)
  File "/opt/python-etl/pipelines/structured_pipeline.py", line 546, in load_to_postgres
    cursor.copy_expert(
psycopg2.errors.InvalidTextRepresentation: invalid input syntax for type numeric: "\\N"
CONTEXT:  COPY data_machine_readable_business_employment_data_dec_2025_quarter, line 3600, column data_value: "\\N"

[2026-04-21T15:13:49.331+0000] {taskinstance.py:1398} INFO - Marking task as UP_FOR_RETRY. dag_id=distillationDAG, task_id=scan_minio_and_dispatch, execution_date=20260421T151233, start_date=20260421T151347, end_date=20260421T151349
[2026-04-21T15:13:49.348+0000] {standard_task_runner.py:104} ERROR - Failed to execute job 2687 for task scan_minio_and_dispatch (invalid input syntax for type numeric: "\\N"
CONTEXT:  COPY data_machine_readable_business_employment_data_dec_2025_quarter, line 3600, column data_value: "\\N"
; 1051)
[2026-04-21T15:13:49.404+0000] {local_task_job_runner.py:228} INFO - Task exited with return code 1
[2026-04-21T15:13:49.433+0000] {taskinstance.py:2776} INFO - 0 downstream tasks scheduled from follow-on schedule check
