[2026-05-06T02:57:55.379+0000] {processor.py:157} INFO - Started process (PID=4395) to work on /opt/airflow/dags/ingest_local_folder_dag.py
[2026-05-06T02:57:55.387+0000] {processor.py:829} INFO - Processing file /opt/airflow/dags/ingest_local_folder_dag.py for tasks to queue
[2026-05-06T02:57:55.397+0000] {logging_mixin.py:151} INFO - [2026-05-06T02:57:55.396+0000] {dagbag.py:539} INFO - Filling up the DagBag from /opt/airflow/dags/ingest_local_folder_dag.py
[2026-05-06T02:57:56.911+0000] {processor.py:839} INFO - DAG(s) dict_keys(['ingestionDAG']) retrieved from /opt/airflow/dags/ingest_local_folder_dag.py
[2026-05-06T02:57:57.082+0000] {logging_mixin.py:151} INFO - [2026-05-06T02:57:57.081+0000] {dag.py:2915} INFO - Sync 1 DAGs
[2026-05-06T02:57:57.232+0000] {logging_mixin.py:151} INFO - [2026-05-06T02:57:57.229+0000] {dag.py:3696} INFO - Setting next_dagrun for ingestionDAG to 2026-05-06T02:57:27.228839+00:00, run_after=2026-05-06T02:57:57.228839+00:00
[2026-05-06T02:57:57.317+0000] {processor.py:179} INFO - Processing /opt/airflow/dags/ingest_local_folder_dag.py took 2.016 seconds
[2026-05-06T02:58:27.822+0000] {processor.py:157} INFO - Started process (PID=4426) to work on /opt/airflow/dags/ingest_local_folder_dag.py
[2026-05-06T02:58:27.825+0000] {processor.py:829} INFO - Processing file /opt/airflow/dags/ingest_local_folder_dag.py for tasks to queue
[2026-05-06T02:58:27.828+0000] {logging_mixin.py:151} INFO - [2026-05-06T02:58:27.826+0000] {dagbag.py:539} INFO - Filling up the DagBag from /opt/airflow/dags/ingest_local_folder_dag.py
[2026-05-06T02:58:28.426+0000] {processor.py:839} INFO - DAG(s) dict_keys(['ingestionDAG']) retrieved from /opt/airflow/dags/ingest_local_folder_dag.py
[2026-05-06T02:58:28.517+0000] {logging_mixin.py:151} INFO - [2026-05-06T02:58:28.517+0000] {dag.py:2915} INFO - Sync 1 DAGs
[2026-05-06T02:58:28.587+0000] {logging_mixin.py:151} INFO - [2026-05-06T02:58:28.587+0000] {dag.py:3696} INFO - Setting next_dagrun for ingestionDAG to 2026-05-06T02:57:58.586655+00:00, run_after=2026-05-06T02:58:28.586655+00:00
[2026-05-06T02:58:28.633+0000] {processor.py:179} INFO - Processing /opt/airflow/dags/ingest_local_folder_dag.py took 0.822 seconds
[2026-05-06T02:58:58.844+0000] {processor.py:157} INFO - Started process (PID=4457) to work on /opt/airflow/dags/ingest_local_folder_dag.py
[2026-05-06T02:58:58.850+0000] {processor.py:829} INFO - Processing file /opt/airflow/dags/ingest_local_folder_dag.py for tasks to queue
[2026-05-06T02:58:58.856+0000] {logging_mixin.py:151} INFO - [2026-05-06T02:58:58.855+0000] {dagbag.py:539} INFO - Filling up the DagBag from /opt/airflow/dags/ingest_local_folder_dag.py
[2026-05-06T02:58:59.812+0000] {processor.py:839} INFO - DAG(s) dict_keys(['ingestionDAG']) retrieved from /opt/airflow/dags/ingest_local_folder_dag.py
[2026-05-06T02:59:00.016+0000] {logging_mixin.py:151} INFO - [2026-05-06T02:59:00.015+0000] {dag.py:2915} INFO - Sync 1 DAGs
[2026-05-06T02:59:00.176+0000] {logging_mixin.py:151} INFO - [2026-05-06T02:59:00.175+0000] {dag.py:3696} INFO - Setting next_dagrun for ingestionDAG to 2026-05-06T02:58:30.174892+00:00, run_after=2026-05-06T02:59:00.174892+00:00
[2026-05-06T02:59:00.297+0000] {processor.py:179} INFO - Processing /opt/airflow/dags/ingest_local_folder_dag.py took 1.482 seconds
[2026-05-06T02:59:30.977+0000] {processor.py:157} INFO - Started process (PID=4481) to work on /opt/airflow/dags/ingest_local_folder_dag.py
[2026-05-06T02:59:30.980+0000] {processor.py:829} INFO - Processing file /opt/airflow/dags/ingest_local_folder_dag.py for tasks to queue
[2026-05-06T02:59:30.982+0000] {logging_mixin.py:151} INFO - [2026-05-06T02:59:30.981+0000] {dagbag.py:539} INFO - Filling up the DagBag from /opt/airflow/dags/ingest_local_folder_dag.py
[2026-05-06T02:59:31.712+0000] {processor.py:839} INFO - DAG(s) dict_keys(['ingestionDAG']) retrieved from /opt/airflow/dags/ingest_local_folder_dag.py
[2026-05-06T02:59:31.803+0000] {logging_mixin.py:151} INFO - [2026-05-06T02:59:31.802+0000] {dag.py:2915} INFO - Sync 1 DAGs
[2026-05-06T02:59:31.866+0000] {logging_mixin.py:151} INFO - [2026-05-06T02:59:31.866+0000] {dag.py:3696} INFO - Setting next_dagrun for ingestionDAG to 2026-05-06T02:59:01.865678+00:00, run_after=2026-05-06T02:59:31.865678+00:00
[2026-05-06T02:59:31.915+0000] {processor.py:179} INFO - Processing /opt/airflow/dags/ingest_local_folder_dag.py took 0.949 seconds
[2026-05-06T03:19:14.087+0000] {processor.py:157} INFO - Started process (PID=4510) to work on /opt/airflow/dags/ingest_local_folder_dag.py
[2026-05-06T03:19:14.093+0000] {processor.py:829} INFO - Processing file /opt/airflow/dags/ingest_local_folder_dag.py for tasks to queue
[2026-05-06T03:19:14.101+0000] {logging_mixin.py:151} INFO - [2026-05-06T03:19:14.096+0000] {dagbag.py:539} INFO - Filling up the DagBag from /opt/airflow/dags/ingest_local_folder_dag.py
[2026-05-06T03:19:14.933+0000] {processor.py:839} INFO - DAG(s) dict_keys(['ingestionDAG']) retrieved from /opt/airflow/dags/ingest_local_folder_dag.py
[2026-05-06T03:19:15.037+0000] {logging_mixin.py:151} INFO - [2026-05-06T03:19:15.037+0000] {dag.py:2915} INFO - Sync 1 DAGs
[2026-05-06T03:19:15.103+0000] {logging_mixin.py:151} INFO - [2026-05-06T03:19:15.102+0000] {dag.py:3696} INFO - Setting next_dagrun for ingestionDAG to 2026-05-06T03:18:45.102104+00:00, run_after=2026-05-06T03:19:15.102104+00:00
[2026-05-06T03:19:15.165+0000] {processor.py:179} INFO - Processing /opt/airflow/dags/ingest_local_folder_dag.py took 1.101 seconds
[2026-05-06T05:08:01.891+0000] {processor.py:157} INFO - Started process (PID=178) to work on /opt/airflow/dags/ingest_local_folder_dag.py
[2026-05-06T05:08:01.897+0000] {processor.py:829} INFO - Processing file /opt/airflow/dags/ingest_local_folder_dag.py for tasks to queue
[2026-05-06T05:08:01.898+0000] {logging_mixin.py:151} INFO - [2026-05-06T05:08:01.897+0000] {dagbag.py:539} INFO - Filling up the DagBag from /opt/airflow/dags/ingest_local_folder_dag.py
[2026-05-06T05:08:02.873+0000] {processor.py:839} INFO - DAG(s) dict_keys(['ingestionDAG']) retrieved from /opt/airflow/dags/ingest_local_folder_dag.py
[2026-05-06T05:08:02.972+0000] {logging_mixin.py:151} INFO - [2026-05-06T05:08:02.972+0000] {dag.py:2915} INFO - Sync 1 DAGs
[2026-05-06T05:08:03.100+0000] {logging_mixin.py:151} INFO - [2026-05-06T05:08:03.100+0000] {dag.py:3696} INFO - Setting next_dagrun for ingestionDAG to 2026-05-06T05:07:33.099963+00:00, run_after=2026-05-06T05:08:03.099963+00:00
[2026-05-06T05:08:03.151+0000] {processor.py:179} INFO - Processing /opt/airflow/dags/ingest_local_folder_dag.py took 1.272 seconds
[2026-05-06T05:08:33.975+0000] {processor.py:157} INFO - Started process (PID=211) to work on /opt/airflow/dags/ingest_local_folder_dag.py
[2026-05-06T05:08:33.977+0000] {processor.py:829} INFO - Processing file /opt/airflow/dags/ingest_local_folder_dag.py for tasks to queue
[2026-05-06T05:08:33.987+0000] {logging_mixin.py:151} INFO - [2026-05-06T05:08:33.977+0000] {dagbag.py:539} INFO - Filling up the DagBag from /opt/airflow/dags/ingest_local_folder_dag.py
[2026-05-06T05:08:35.702+0000] {processor.py:839} INFO - DAG(s) dict_keys(['ingestionDAG']) retrieved from /opt/airflow/dags/ingest_local_folder_dag.py
[2026-05-06T05:08:35.765+0000] {logging_mixin.py:151} INFO - [2026-05-06T05:08:35.764+0000] {dag.py:2915} INFO - Sync 1 DAGs
[2026-05-06T05:08:35.821+0000] {logging_mixin.py:151} INFO - [2026-05-06T05:08:35.821+0000] {dag.py:3696} INFO - Setting next_dagrun for ingestionDAG to 2026-05-06T05:08:05.820454+00:00, run_after=2026-05-06T05:08:35.820454+00:00
[2026-05-06T05:08:35.857+0000] {processor.py:179} INFO - Processing /opt/airflow/dags/ingest_local_folder_dag.py took 1.912 seconds
[2026-05-06T05:09:06.142+0000] {processor.py:157} INFO - Started process (PID=235) to work on /opt/airflow/dags/ingest_local_folder_dag.py
[2026-05-06T05:09:06.146+0000] {processor.py:829} INFO - Processing file /opt/airflow/dags/ingest_local_folder_dag.py for tasks to queue
[2026-05-06T05:09:06.146+0000] {logging_mixin.py:151} INFO - [2026-05-06T05:09:06.146+0000] {dagbag.py:539} INFO - Filling up the DagBag from /opt/airflow/dags/ingest_local_folder_dag.py
[2026-05-06T05:09:06.407+0000] {processor.py:839} INFO - DAG(s) dict_keys(['ingestionDAG']) retrieved from /opt/airflow/dags/ingest_local_folder_dag.py
[2026-05-06T05:09:06.454+0000] {logging_mixin.py:151} INFO - [2026-05-06T05:09:06.453+0000] {dag.py:2915} INFO - Sync 1 DAGs
[2026-05-06T05:09:06.485+0000] {logging_mixin.py:151} INFO - [2026-05-06T05:09:06.485+0000] {dag.py:3696} INFO - Setting next_dagrun for ingestionDAG to 2026-05-06T05:08:36.485052+00:00, run_after=2026-05-06T05:09:06.485052+00:00
[2026-05-06T05:09:06.532+0000] {processor.py:179} INFO - Processing /opt/airflow/dags/ingest_local_folder_dag.py took 0.396 seconds
[2026-05-06T05:09:36.822+0000] {processor.py:157} INFO - Started process (PID=250) to work on /opt/airflow/dags/ingest_local_folder_dag.py
[2026-05-06T05:09:36.824+0000] {processor.py:829} INFO - Processing file /opt/airflow/dags/ingest_local_folder_dag.py for tasks to queue
[2026-05-06T05:09:36.825+0000] {logging_mixin.py:151} INFO - [2026-05-06T05:09:36.824+0000] {dagbag.py:539} INFO - Filling up the DagBag from /opt/airflow/dags/ingest_local_folder_dag.py
[2026-05-06T05:09:37.023+0000] {processor.py:839} INFO - DAG(s) dict_keys(['ingestionDAG']) retrieved from /opt/airflow/dags/ingest_local_folder_dag.py
[2026-05-06T05:09:37.059+0000] {logging_mixin.py:151} INFO - [2026-05-06T05:09:37.059+0000] {dag.py:2915} INFO - Sync 1 DAGs
[2026-05-06T05:09:37.078+0000] {logging_mixin.py:151} INFO - [2026-05-06T05:09:37.078+0000] {dag.py:3696} INFO - Setting next_dagrun for ingestionDAG to 2026-05-06T05:09:07.078467+00:00, run_after=2026-05-06T05:09:37.078467+00:00
[2026-05-06T05:09:37.092+0000] {processor.py:179} INFO - Processing /opt/airflow/dags/ingest_local_folder_dag.py took 0.275 seconds
[2026-05-06T05:10:07.227+0000] {processor.py:157} INFO - Started process (PID=268) to work on /opt/airflow/dags/ingest_local_folder_dag.py
[2026-05-06T05:10:07.231+0000] {processor.py:829} INFO - Processing file /opt/airflow/dags/ingest_local_folder_dag.py for tasks to queue
[2026-05-06T05:10:07.232+0000] {logging_mixin.py:151} INFO - [2026-05-06T05:10:07.232+0000] {dagbag.py:539} INFO - Filling up the DagBag from /opt/airflow/dags/ingest_local_folder_dag.py
[2026-05-06T05:10:07.416+0000] {processor.py:839} INFO - DAG(s) dict_keys(['ingestionDAG']) retrieved from /opt/airflow/dags/ingest_local_folder_dag.py
[2026-05-06T05:10:07.444+0000] {logging_mixin.py:151} INFO - [2026-05-06T05:10:07.444+0000] {dag.py:2915} INFO - Sync 1 DAGs
[2026-05-06T05:10:07.463+0000] {logging_mixin.py:151} INFO - [2026-05-06T05:10:07.463+0000] {dag.py:3696} INFO - Setting next_dagrun for ingestionDAG to 2026-05-06T05:09:37.463181+00:00, run_after=2026-05-06T05:10:07.463181+00:00
[2026-05-06T05:10:07.480+0000] {processor.py:179} INFO - Processing /opt/airflow/dags/ingest_local_folder_dag.py took 0.258 seconds
[2026-05-06T05:10:37.702+0000] {processor.py:157} INFO - Started process (PID=286) to work on /opt/airflow/dags/ingest_local_folder_dag.py
[2026-05-06T05:10:37.706+0000] {processor.py:829} INFO - Processing file /opt/airflow/dags/ingest_local_folder_dag.py for tasks to queue
[2026-05-06T05:10:37.706+0000] {logging_mixin.py:151} INFO - [2026-05-06T05:10:37.706+0000] {dagbag.py:539} INFO - Filling up the DagBag from /opt/airflow/dags/ingest_local_folder_dag.py
[2026-05-06T05:10:37.893+0000] {processor.py:839} INFO - DAG(s) dict_keys(['ingestionDAG']) retrieved from /opt/airflow/dags/ingest_local_folder_dag.py
[2026-05-06T05:10:37.924+0000] {logging_mixin.py:151} INFO - [2026-05-06T05:10:37.923+0000] {dag.py:2915} INFO - Sync 1 DAGs
[2026-05-06T05:10:37.943+0000] {logging_mixin.py:151} INFO - [2026-05-06T05:10:37.943+0000] {dag.py:3696} INFO - Setting next_dagrun for ingestionDAG to 2026-05-06T05:10:07.943112+00:00, run_after=2026-05-06T05:10:37.943112+00:00
[2026-05-06T05:10:37.960+0000] {processor.py:179} INFO - Processing /opt/airflow/dags/ingest_local_folder_dag.py took 0.265 seconds
[2026-05-06T05:11:08.096+0000] {processor.py:157} INFO - Started process (PID=304) to work on /opt/airflow/dags/ingest_local_folder_dag.py
[2026-05-06T05:11:08.097+0000] {processor.py:829} INFO - Processing file /opt/airflow/dags/ingest_local_folder_dag.py for tasks to queue
[2026-05-06T05:11:08.098+0000] {logging_mixin.py:151} INFO - [2026-05-06T05:11:08.098+0000] {dagbag.py:539} INFO - Filling up the DagBag from /opt/airflow/dags/ingest_local_folder_dag.py
[2026-05-06T05:11:08.278+0000] {processor.py:839} INFO - DAG(s) dict_keys(['ingestionDAG']) retrieved from /opt/airflow/dags/ingest_local_folder_dag.py
[2026-05-06T05:11:08.308+0000] {logging_mixin.py:151} INFO - [2026-05-06T05:11:08.307+0000] {dag.py:2915} INFO - Sync 1 DAGs
[2026-05-06T05:11:08.440+0000] {logging_mixin.py:151} INFO - [2026-05-06T05:11:08.440+0000] {dag.py:3696} INFO - Setting next_dagrun for ingestionDAG to 2026-05-06T05:10:38.440469+00:00, run_after=2026-05-06T05:11:08.440469+00:00
[2026-05-06T05:11:08.457+0000] {processor.py:179} INFO - Processing /opt/airflow/dags/ingest_local_folder_dag.py took 0.364 seconds
[2026-05-06T05:11:38.598+0000] {processor.py:157} INFO - Started process (PID=322) to work on /opt/airflow/dags/ingest_local_folder_dag.py
[2026-05-06T05:11:38.600+0000] {processor.py:829} INFO - Processing file /opt/airflow/dags/ingest_local_folder_dag.py for tasks to queue
[2026-05-06T05:11:38.600+0000] {logging_mixin.py:151} INFO - [2026-05-06T05:11:38.600+0000] {dagbag.py:539} INFO - Filling up the DagBag from /opt/airflow/dags/ingest_local_folder_dag.py
[2026-05-06T05:11:38.800+0000] {processor.py:839} INFO - DAG(s) dict_keys(['ingestionDAG']) retrieved from /opt/airflow/dags/ingest_local_folder_dag.py
[2026-05-06T05:11:38.833+0000] {logging_mixin.py:151} INFO - [2026-05-06T05:11:38.833+0000] {dag.py:2915} INFO - Sync 1 DAGs
[2026-05-06T05:11:38.853+0000] {logging_mixin.py:151} INFO - [2026-05-06T05:11:38.852+0000] {dag.py:3696} INFO - Setting next_dagrun for ingestionDAG to 2026-05-06T05:11:08.852686+00:00, run_after=2026-05-06T05:11:38.852686+00:00
[2026-05-06T05:11:38.872+0000] {processor.py:179} INFO - Processing /opt/airflow/dags/ingest_local_folder_dag.py took 0.283 seconds
[2026-05-06T05:12:09.026+0000] {processor.py:157} INFO - Started process (PID=354) to work on /opt/airflow/dags/ingest_local_folder_dag.py
[2026-05-06T05:12:09.031+0000] {processor.py:829} INFO - Processing file /opt/airflow/dags/ingest_local_folder_dag.py for tasks to queue
[2026-05-06T05:12:09.032+0000] {logging_mixin.py:151} INFO - [2026-05-06T05:12:09.032+0000] {dagbag.py:539} INFO - Filling up the DagBag from /opt/airflow/dags/ingest_local_folder_dag.py
[2026-05-06T05:12:09.251+0000] {processor.py:839} INFO - DAG(s) dict_keys(['ingestionDAG']) retrieved from /opt/airflow/dags/ingest_local_folder_dag.py
[2026-05-06T05:12:09.281+0000] {logging_mixin.py:151} INFO - [2026-05-06T05:12:09.281+0000] {dag.py:2915} INFO - Sync 1 DAGs
[2026-05-06T05:12:09.301+0000] {logging_mixin.py:151} INFO - [2026-05-06T05:12:09.301+0000] {dag.py:3696} INFO - Setting next_dagrun for ingestionDAG to 2026-05-06T05:11:39.301311+00:00, run_after=2026-05-06T05:12:09.301311+00:00
[2026-05-06T05:12:09.315+0000] {processor.py:179} INFO - Processing /opt/airflow/dags/ingest_local_folder_dag.py took 0.299 seconds
[2026-05-06T05:12:40.181+0000] {processor.py:157} INFO - Started process (PID=372) to work on /opt/airflow/dags/ingest_local_folder_dag.py
[2026-05-06T05:12:40.183+0000] {processor.py:829} INFO - Processing file /opt/airflow/dags/ingest_local_folder_dag.py for tasks to queue
[2026-05-06T05:12:40.184+0000] {logging_mixin.py:151} INFO - [2026-05-06T05:12:40.183+0000] {dagbag.py:539} INFO - Filling up the DagBag from /opt/airflow/dags/ingest_local_folder_dag.py
[2026-05-06T05:12:40.397+0000] {processor.py:839} INFO - DAG(s) dict_keys(['ingestionDAG']) retrieved from /opt/airflow/dags/ingest_local_folder_dag.py
[2026-05-06T05:12:40.427+0000] {logging_mixin.py:151} INFO - [2026-05-06T05:12:40.427+0000] {dag.py:2915} INFO - Sync 1 DAGs
[2026-05-06T05:12:40.565+0000] {logging_mixin.py:151} INFO - [2026-05-06T05:12:40.565+0000] {dag.py:3696} INFO - Setting next_dagrun for ingestionDAG to 2026-05-06T05:12:10.565057+00:00, run_after=2026-05-06T05:12:40.565057+00:00
[2026-05-06T05:12:40.579+0000] {processor.py:179} INFO - Processing /opt/airflow/dags/ingest_local_folder_dag.py took 0.403 seconds
[2026-05-06T05:13:10.734+0000] {processor.py:157} INFO - Started process (PID=390) to work on /opt/airflow/dags/ingest_local_folder_dag.py
[2026-05-06T05:13:10.736+0000] {processor.py:829} INFO - Processing file /opt/airflow/dags/ingest_local_folder_dag.py for tasks to queue
[2026-05-06T05:13:10.736+0000] {logging_mixin.py:151} INFO - [2026-05-06T05:13:10.736+0000] {dagbag.py:539} INFO - Filling up the DagBag from /opt/airflow/dags/ingest_local_folder_dag.py
[2026-05-06T05:13:10.988+0000] {processor.py:839} INFO - DAG(s) dict_keys(['ingestionDAG']) retrieved from /opt/airflow/dags/ingest_local_folder_dag.py
[2026-05-06T05:13:11.032+0000] {logging_mixin.py:151} INFO - [2026-05-06T05:13:11.032+0000] {dag.py:2915} INFO - Sync 1 DAGs
[2026-05-06T05:13:11.057+0000] {logging_mixin.py:151} INFO - [2026-05-06T05:13:11.056+0000] {dag.py:3696} INFO - Setting next_dagrun for ingestionDAG to 2026-05-06T05:12:41.056772+00:00, run_after=2026-05-06T05:13:11.056772+00:00
[2026-05-06T05:13:11.077+0000] {processor.py:179} INFO - Processing /opt/airflow/dags/ingest_local_folder_dag.py took 0.347 seconds
[2026-05-06T05:13:41.128+0000] {processor.py:157} INFO - Started process (PID=408) to work on /opt/airflow/dags/ingest_local_folder_dag.py
[2026-05-06T05:13:41.130+0000] {processor.py:829} INFO - Processing file /opt/airflow/dags/ingest_local_folder_dag.py for tasks to queue
[2026-05-06T05:13:41.131+0000] {logging_mixin.py:151} INFO - [2026-05-06T05:13:41.130+0000] {dagbag.py:539} INFO - Filling up the DagBag from /opt/airflow/dags/ingest_local_folder_dag.py
[2026-05-06T05:13:41.324+0000] {processor.py:839} INFO - DAG(s) dict_keys(['ingestionDAG']) retrieved from /opt/airflow/dags/ingest_local_folder_dag.py
[2026-05-06T05:13:41.355+0000] {logging_mixin.py:151} INFO - [2026-05-06T05:13:41.354+0000] {dag.py:2915} INFO - Sync 1 DAGs
[2026-05-06T05:13:41.375+0000] {logging_mixin.py:151} INFO - [2026-05-06T05:13:41.374+0000] {dag.py:3696} INFO - Setting next_dagrun for ingestionDAG to 2026-05-06T05:13:11.374746+00:00, run_after=2026-05-06T05:13:41.374746+00:00
[2026-05-06T05:13:41.539+0000] {processor.py:179} INFO - Processing /opt/airflow/dags/ingest_local_folder_dag.py took 0.414 seconds
[2026-05-06T05:14:11.707+0000] {processor.py:157} INFO - Started process (PID=426) to work on /opt/airflow/dags/ingest_local_folder_dag.py
[2026-05-06T05:14:11.710+0000] {processor.py:829} INFO - Processing file /opt/airflow/dags/ingest_local_folder_dag.py for tasks to queue
[2026-05-06T05:14:11.712+0000] {logging_mixin.py:151} INFO - [2026-05-06T05:14:11.710+0000] {dagbag.py:539} INFO - Filling up the DagBag from /opt/airflow/dags/ingest_local_folder_dag.py
[2026-05-06T05:14:12.106+0000] {processor.py:839} INFO - DAG(s) dict_keys(['ingestionDAG']) retrieved from /opt/airflow/dags/ingest_local_folder_dag.py
[2026-05-06T05:14:12.338+0000] {logging_mixin.py:151} INFO - [2026-05-06T05:14:12.338+0000] {dag.py:2915} INFO - Sync 1 DAGs
[2026-05-06T05:14:12.360+0000] {logging_mixin.py:151} INFO - [2026-05-06T05:14:12.360+0000] {dag.py:3696} INFO - Setting next_dagrun for ingestionDAG to 2026-05-06T05:13:42.360226+00:00, run_after=2026-05-06T05:14:12.360226+00:00
[2026-05-06T05:14:12.382+0000] {processor.py:179} INFO - Processing /opt/airflow/dags/ingest_local_folder_dag.py took 0.682 seconds
[2026-05-06T05:14:42.941+0000] {processor.py:157} INFO - Started process (PID=444) to work on /opt/airflow/dags/ingest_local_folder_dag.py
[2026-05-06T05:14:42.943+0000] {processor.py:829} INFO - Processing file /opt/airflow/dags/ingest_local_folder_dag.py for tasks to queue
[2026-05-06T05:14:42.944+0000] {logging_mixin.py:151} INFO - [2026-05-06T05:14:42.943+0000] {dagbag.py:539} INFO - Filling up the DagBag from /opt/airflow/dags/ingest_local_folder_dag.py
[2026-05-06T05:14:43.186+0000] {processor.py:839} INFO - DAG(s) dict_keys(['ingestionDAG']) retrieved from /opt/airflow/dags/ingest_local_folder_dag.py
[2026-05-06T05:14:43.216+0000] {logging_mixin.py:151} INFO - [2026-05-06T05:14:43.216+0000] {dag.py:2915} INFO - Sync 1 DAGs
[2026-05-06T05:14:43.237+0000] {logging_mixin.py:151} INFO - [2026-05-06T05:14:43.236+0000] {dag.py:3696} INFO - Setting next_dagrun for ingestionDAG to 2026-05-06T05:14:13.236735+00:00, run_after=2026-05-06T05:14:43.236735+00:00
[2026-05-06T05:14:43.257+0000] {processor.py:179} INFO - Processing /opt/airflow/dags/ingest_local_folder_dag.py took 0.323 seconds
[2026-05-06T05:15:14.099+0000] {processor.py:157} INFO - Started process (PID=462) to work on /opt/airflow/dags/ingest_local_folder_dag.py
[2026-05-06T05:15:14.103+0000] {processor.py:829} INFO - Processing file /opt/airflow/dags/ingest_local_folder_dag.py for tasks to queue
[2026-05-06T05:15:14.104+0000] {logging_mixin.py:151} INFO - [2026-05-06T05:15:14.104+0000] {dagbag.py:539} INFO - Filling up the DagBag from /opt/airflow/dags/ingest_local_folder_dag.py
[2026-05-06T05:15:14.334+0000] {processor.py:839} INFO - DAG(s) dict_keys(['ingestionDAG']) retrieved from /opt/airflow/dags/ingest_local_folder_dag.py
[2026-05-06T05:15:14.370+0000] {logging_mixin.py:151} INFO - [2026-05-06T05:15:14.370+0000] {dag.py:2915} INFO - Sync 1 DAGs
[2026-05-06T05:15:14.602+0000] {logging_mixin.py:151} INFO - [2026-05-06T05:15:14.602+0000] {dag.py:3696} INFO - Setting next_dagrun for ingestionDAG to 2026-05-06T05:14:44.602185+00:00, run_after=2026-05-06T05:15:14.602185+00:00
[2026-05-06T05:15:14.641+0000] {processor.py:179} INFO - Processing /opt/airflow/dags/ingest_local_folder_dag.py took 0.545 seconds
[2026-05-06T05:15:44.808+0000] {processor.py:157} INFO - Started process (PID=480) to work on /opt/airflow/dags/ingest_local_folder_dag.py
[2026-05-06T05:15:44.809+0000] {processor.py:829} INFO - Processing file /opt/airflow/dags/ingest_local_folder_dag.py for tasks to queue
[2026-05-06T05:15:44.810+0000] {logging_mixin.py:151} INFO - [2026-05-06T05:15:44.810+0000] {dagbag.py:539} INFO - Filling up the DagBag from /opt/airflow/dags/ingest_local_folder_dag.py
[2026-05-06T05:15:45.131+0000] {processor.py:839} INFO - DAG(s) dict_keys(['ingestionDAG']) retrieved from /opt/airflow/dags/ingest_local_folder_dag.py
[2026-05-06T05:15:45.157+0000] {logging_mixin.py:151} INFO - [2026-05-06T05:15:45.157+0000] {dag.py:2915} INFO - Sync 1 DAGs
[2026-05-06T05:15:45.175+0000] {logging_mixin.py:151} INFO - [2026-05-06T05:15:45.175+0000] {dag.py:3696} INFO - Setting next_dagrun for ingestionDAG to 2026-05-06T05:15:15.175335+00:00, run_after=2026-05-06T05:15:45.175335+00:00
[2026-05-06T05:15:45.190+0000] {processor.py:179} INFO - Processing /opt/airflow/dags/ingest_local_folder_dag.py took 0.386 seconds
[2026-05-06T05:16:16.093+0000] {processor.py:157} INFO - Started process (PID=512) to work on /opt/airflow/dags/ingest_local_folder_dag.py
[2026-05-06T05:16:16.097+0000] {processor.py:829} INFO - Processing file /opt/airflow/dags/ingest_local_folder_dag.py for tasks to queue
[2026-05-06T05:16:16.098+0000] {logging_mixin.py:151} INFO - [2026-05-06T05:16:16.098+0000] {dagbag.py:539} INFO - Filling up the DagBag from /opt/airflow/dags/ingest_local_folder_dag.py
[2026-05-06T05:16:16.478+0000] {processor.py:839} INFO - DAG(s) dict_keys(['ingestionDAG']) retrieved from /opt/airflow/dags/ingest_local_folder_dag.py
[2026-05-06T05:16:16.506+0000] {logging_mixin.py:151} INFO - [2026-05-06T05:16:16.506+0000] {dag.py:2915} INFO - Sync 1 DAGs
[2026-05-06T05:16:16.526+0000] {logging_mixin.py:151} INFO - [2026-05-06T05:16:16.525+0000] {dag.py:3696} INFO - Setting next_dagrun for ingestionDAG to 2026-05-06T05:15:46.525761+00:00, run_after=2026-05-06T05:16:16.525761+00:00
[2026-05-06T05:16:16.542+0000] {processor.py:179} INFO - Processing /opt/airflow/dags/ingest_local_folder_dag.py took 0.455 seconds
[2026-05-06T05:16:46.695+0000] {processor.py:157} INFO - Started process (PID=530) to work on /opt/airflow/dags/ingest_local_folder_dag.py
[2026-05-06T05:16:46.695+0000] {processor.py:829} INFO - Processing file /opt/airflow/dags/ingest_local_folder_dag.py for tasks to queue
[2026-05-06T05:16:46.696+0000] {logging_mixin.py:151} INFO - [2026-05-06T05:16:46.696+0000] {dagbag.py:539} INFO - Filling up the DagBag from /opt/airflow/dags/ingest_local_folder_dag.py
[2026-05-06T05:16:46.940+0000] {processor.py:839} INFO - DAG(s) dict_keys(['ingestionDAG']) retrieved from /opt/airflow/dags/ingest_local_folder_dag.py
[2026-05-06T05:16:47.153+0000] {logging_mixin.py:151} INFO - [2026-05-06T05:16:47.153+0000] {dag.py:2915} INFO - Sync 1 DAGs
[2026-05-06T05:16:47.187+0000] {logging_mixin.py:151} INFO - [2026-05-06T05:16:47.186+0000] {dag.py:3696} INFO - Setting next_dagrun for ingestionDAG to 2026-05-06T05:16:17.186793+00:00, run_after=2026-05-06T05:16:47.186793+00:00
[2026-05-06T05:16:47.218+0000] {processor.py:179} INFO - Processing /opt/airflow/dags/ingest_local_folder_dag.py took 0.526 seconds
[2026-05-06T05:17:17.980+0000] {processor.py:157} INFO - Started process (PID=548) to work on /opt/airflow/dags/ingest_local_folder_dag.py
[2026-05-06T05:17:17.984+0000] {processor.py:829} INFO - Processing file /opt/airflow/dags/ingest_local_folder_dag.py for tasks to queue
[2026-05-06T05:17:17.984+0000] {logging_mixin.py:151} INFO - [2026-05-06T05:17:17.984+0000] {dagbag.py:539} INFO - Filling up the DagBag from /opt/airflow/dags/ingest_local_folder_dag.py
[2026-05-06T05:17:18.312+0000] {processor.py:839} INFO - DAG(s) dict_keys(['ingestionDAG']) retrieved from /opt/airflow/dags/ingest_local_folder_dag.py
[2026-05-06T05:17:18.338+0000] {logging_mixin.py:151} INFO - [2026-05-06T05:17:18.338+0000] {dag.py:2915} INFO - Sync 1 DAGs
[2026-05-06T05:17:18.356+0000] {logging_mixin.py:151} INFO - [2026-05-06T05:17:18.356+0000] {dag.py:3696} INFO - Setting next_dagrun for ingestionDAG to 2026-05-06T05:16:48.356126+00:00, run_after=2026-05-06T05:17:18.356126+00:00
[2026-05-06T05:17:18.376+0000] {processor.py:179} INFO - Processing /opt/airflow/dags/ingest_local_folder_dag.py took 0.400 seconds
[2026-05-06T05:17:48.532+0000] {processor.py:157} INFO - Started process (PID=566) to work on /opt/airflow/dags/ingest_local_folder_dag.py
[2026-05-06T05:17:48.536+0000] {processor.py:829} INFO - Processing file /opt/airflow/dags/ingest_local_folder_dag.py for tasks to queue
[2026-05-06T05:17:48.536+0000] {logging_mixin.py:151} INFO - [2026-05-06T05:17:48.536+0000] {dagbag.py:539} INFO - Filling up the DagBag from /opt/airflow/dags/ingest_local_folder_dag.py
[2026-05-06T05:17:48.752+0000] {processor.py:839} INFO - DAG(s) dict_keys(['ingestionDAG']) retrieved from /opt/airflow/dags/ingest_local_folder_dag.py
[2026-05-06T05:17:48.783+0000] {logging_mixin.py:151} INFO - [2026-05-06T05:17:48.783+0000] {dag.py:2915} INFO - Sync 1 DAGs
[2026-05-06T05:17:48.916+0000] {logging_mixin.py:151} INFO - [2026-05-06T05:17:48.915+0000] {dag.py:3696} INFO - Setting next_dagrun for ingestionDAG to 2026-05-06T05:17:18.915764+00:00, run_after=2026-05-06T05:17:48.915764+00:00
[2026-05-06T05:17:48.931+0000] {processor.py:179} INFO - Processing /opt/airflow/dags/ingest_local_folder_dag.py took 0.406 seconds
[2026-05-06T05:18:19.090+0000] {processor.py:157} INFO - Started process (PID=584) to work on /opt/airflow/dags/ingest_local_folder_dag.py
[2026-05-06T05:18:19.091+0000] {processor.py:829} INFO - Processing file /opt/airflow/dags/ingest_local_folder_dag.py for tasks to queue
[2026-05-06T05:18:19.092+0000] {logging_mixin.py:151} INFO - [2026-05-06T05:18:19.092+0000] {dagbag.py:539} INFO - Filling up the DagBag from /opt/airflow/dags/ingest_local_folder_dag.py
[2026-05-06T05:18:19.394+0000] {processor.py:839} INFO - DAG(s) dict_keys(['ingestionDAG']) retrieved from /opt/airflow/dags/ingest_local_folder_dag.py
[2026-05-06T05:18:19.441+0000] {logging_mixin.py:151} INFO - [2026-05-06T05:18:19.441+0000] {dag.py:2915} INFO - Sync 1 DAGs
[2026-05-06T05:18:19.475+0000] {logging_mixin.py:151} INFO - [2026-05-06T05:18:19.475+0000] {dag.py:3696} INFO - Setting next_dagrun for ingestionDAG to 2026-05-06T05:17:49.475216+00:00, run_after=2026-05-06T05:18:19.475216+00:00
[2026-05-06T05:18:19.501+0000] {processor.py:179} INFO - Processing /opt/airflow/dags/ingest_local_folder_dag.py took 0.417 seconds
[2026-05-06T05:18:50.337+0000] {processor.py:157} INFO - Started process (PID=602) to work on /opt/airflow/dags/ingest_local_folder_dag.py
[2026-05-06T05:18:50.338+0000] {processor.py:829} INFO - Processing file /opt/airflow/dags/ingest_local_folder_dag.py for tasks to queue
[2026-05-06T05:18:50.339+0000] {logging_mixin.py:151} INFO - [2026-05-06T05:18:50.339+0000] {dagbag.py:539} INFO - Filling up the DagBag from /opt/airflow/dags/ingest_local_folder_dag.py
[2026-05-06T05:18:50.676+0000] {processor.py:839} INFO - DAG(s) dict_keys(['ingestionDAG']) retrieved from /opt/airflow/dags/ingest_local_folder_dag.py
[2026-05-06T05:18:50.722+0000] {logging_mixin.py:151} INFO - [2026-05-06T05:18:50.722+0000] {dag.py:2915} INFO - Sync 1 DAGs
[2026-05-06T05:18:50.750+0000] {logging_mixin.py:151} INFO - [2026-05-06T05:18:50.750+0000] {dag.py:3696} INFO - Setting next_dagrun for ingestionDAG to 2026-05-06T05:18:20.750386+00:00, run_after=2026-05-06T05:18:50.750386+00:00
[2026-05-06T05:18:50.778+0000] {processor.py:179} INFO - Processing /opt/airflow/dags/ingest_local_folder_dag.py took 0.447 seconds
[2026-05-06T05:19:21.565+0000] {processor.py:157} INFO - Started process (PID=620) to work on /opt/airflow/dags/ingest_local_folder_dag.py
[2026-05-06T05:19:21.566+0000] {processor.py:829} INFO - Processing file /opt/airflow/dags/ingest_local_folder_dag.py for tasks to queue
[2026-05-06T05:19:21.567+0000] {logging_mixin.py:151} INFO - [2026-05-06T05:19:21.566+0000] {dagbag.py:539} INFO - Filling up the DagBag from /opt/airflow/dags/ingest_local_folder_dag.py
[2026-05-06T05:19:21.783+0000] {processor.py:839} INFO - DAG(s) dict_keys(['ingestionDAG']) retrieved from /opt/airflow/dags/ingest_local_folder_dag.py
[2026-05-06T05:19:22.010+0000] {logging_mixin.py:151} INFO - [2026-05-06T05:19:22.010+0000] {dag.py:2915} INFO - Sync 1 DAGs
[2026-05-06T05:19:22.033+0000] {logging_mixin.py:151} INFO - [2026-05-06T05:19:22.033+0000] {dag.py:3696} INFO - Setting next_dagrun for ingestionDAG to 2026-05-06T05:18:52.033454+00:00, run_after=2026-05-06T05:19:22.033454+00:00
[2026-05-06T05:19:22.051+0000] {processor.py:179} INFO - Processing /opt/airflow/dags/ingest_local_folder_dag.py took 0.490 seconds
[2026-05-06T05:19:52.213+0000] {processor.py:157} INFO - Started process (PID=638) to work on /opt/airflow/dags/ingest_local_folder_dag.py
[2026-05-06T05:19:52.214+0000] {processor.py:829} INFO - Processing file /opt/airflow/dags/ingest_local_folder_dag.py for tasks to queue
[2026-05-06T05:19:52.215+0000] {logging_mixin.py:151} INFO - [2026-05-06T05:19:52.214+0000] {dagbag.py:539} INFO - Filling up the DagBag from /opt/airflow/dags/ingest_local_folder_dag.py
[2026-05-06T05:19:52.620+0000] {processor.py:839} INFO - DAG(s) dict_keys(['ingestionDAG']) retrieved from /opt/airflow/dags/ingest_local_folder_dag.py
[2026-05-06T05:19:52.650+0000] {logging_mixin.py:151} INFO - [2026-05-06T05:19:52.650+0000] {dag.py:2915} INFO - Sync 1 DAGs
[2026-05-06T05:19:52.670+0000] {logging_mixin.py:151} INFO - [2026-05-06T05:19:52.670+0000] {dag.py:3696} INFO - Setting next_dagrun for ingestionDAG to 2026-05-06T05:19:22.670209+00:00, run_after=2026-05-06T05:19:52.670209+00:00
[2026-05-06T05:19:52.699+0000] {processor.py:179} INFO - Processing /opt/airflow/dags/ingest_local_folder_dag.py took 0.496 seconds
[2026-05-06T05:20:23.507+0000] {processor.py:157} INFO - Started process (PID=670) to work on /opt/airflow/dags/ingest_local_folder_dag.py
[2026-05-06T05:20:23.511+0000] {processor.py:829} INFO - Processing file /opt/airflow/dags/ingest_local_folder_dag.py for tasks to queue
[2026-05-06T05:20:23.512+0000] {logging_mixin.py:151} INFO - [2026-05-06T05:20:23.511+0000] {dagbag.py:539} INFO - Filling up the DagBag from /opt/airflow/dags/ingest_local_folder_dag.py
[2026-05-06T05:20:23.864+0000] {processor.py:839} INFO - DAG(s) dict_keys(['ingestionDAG']) retrieved from /opt/airflow/dags/ingest_local_folder_dag.py
[2026-05-06T05:20:23.903+0000] {logging_mixin.py:151} INFO - [2026-05-06T05:20:23.902+0000] {dag.py:2915} INFO - Sync 1 DAGs
[2026-05-06T05:20:23.929+0000] {logging_mixin.py:151} INFO - [2026-05-06T05:20:23.929+0000] {dag.py:3696} INFO - Setting next_dagrun for ingestionDAG to 2026-05-06T05:19:53.929551+00:00, run_after=2026-05-06T05:20:23.929551+00:00
[2026-05-06T05:20:23.951+0000] {processor.py:179} INFO - Processing /opt/airflow/dags/ingest_local_folder_dag.py took 0.447 seconds
[2026-05-06T05:20:54.100+0000] {processor.py:157} INFO - Started process (PID=688) to work on /opt/airflow/dags/ingest_local_folder_dag.py
[2026-05-06T05:20:54.103+0000] {processor.py:829} INFO - Processing file /opt/airflow/dags/ingest_local_folder_dag.py for tasks to queue
[2026-05-06T05:20:54.104+0000] {logging_mixin.py:151} INFO - [2026-05-06T05:20:54.103+0000] {dagbag.py:539} INFO - Filling up the DagBag from /opt/airflow/dags/ingest_local_folder_dag.py
[2026-05-06T05:20:54.459+0000] {processor.py:839} INFO - DAG(s) dict_keys(['ingestionDAG']) retrieved from /opt/airflow/dags/ingest_local_folder_dag.py
[2026-05-06T05:20:54.484+0000] {logging_mixin.py:151} INFO - [2026-05-06T05:20:54.484+0000] {dag.py:2915} INFO - Sync 1 DAGs
[2026-05-06T05:20:54.503+0000] {logging_mixin.py:151} INFO - [2026-05-06T05:20:54.502+0000] {dag.py:3696} INFO - Setting next_dagrun for ingestionDAG to 2026-05-06T05:20:24.502714+00:00, run_after=2026-05-06T05:20:54.502714+00:00
[2026-05-06T05:20:54.517+0000] {processor.py:179} INFO - Processing /opt/airflow/dags/ingest_local_folder_dag.py took 0.420 seconds
[2026-05-06T05:21:25.459+0000] {processor.py:157} INFO - Started process (PID=706) to work on /opt/airflow/dags/ingest_local_folder_dag.py
[2026-05-06T05:21:25.461+0000] {processor.py:829} INFO - Processing file /opt/airflow/dags/ingest_local_folder_dag.py for tasks to queue
[2026-05-06T05:21:25.462+0000] {logging_mixin.py:151} INFO - [2026-05-06T05:21:25.461+0000] {dagbag.py:539} INFO - Filling up the DagBag from /opt/airflow/dags/ingest_local_folder_dag.py
[2026-05-06T05:21:25.823+0000] {processor.py:839} INFO - DAG(s) dict_keys(['ingestionDAG']) retrieved from /opt/airflow/dags/ingest_local_folder_dag.py
[2026-05-06T05:21:25.854+0000] {logging_mixin.py:151} INFO - [2026-05-06T05:21:25.854+0000] {dag.py:2915} INFO - Sync 1 DAGs
[2026-05-06T05:21:25.877+0000] {logging_mixin.py:151} INFO - [2026-05-06T05:21:25.877+0000] {dag.py:3696} INFO - Setting next_dagrun for ingestionDAG to 2026-05-06T05:20:55.877204+00:00, run_after=2026-05-06T05:21:25.877204+00:00
[2026-05-06T05:21:25.903+0000] {processor.py:179} INFO - Processing /opt/airflow/dags/ingest_local_folder_dag.py took 0.453 seconds
[2026-05-06T05:21:56.056+0000] {processor.py:157} INFO - Started process (PID=724) to work on /opt/airflow/dags/ingest_local_folder_dag.py
[2026-05-06T05:21:56.057+0000] {processor.py:829} INFO - Processing file /opt/airflow/dags/ingest_local_folder_dag.py for tasks to queue
[2026-05-06T05:21:56.060+0000] {logging_mixin.py:151} INFO - [2026-05-06T05:21:56.059+0000] {dagbag.py:539} INFO - Filling up the DagBag from /opt/airflow/dags/ingest_local_folder_dag.py
[2026-05-06T05:21:56.389+0000] {processor.py:839} INFO - DAG(s) dict_keys(['ingestionDAG']) retrieved from /opt/airflow/dags/ingest_local_folder_dag.py
[2026-05-06T05:21:56.416+0000] {logging_mixin.py:151} INFO - [2026-05-06T05:21:56.416+0000] {dag.py:2915} INFO - Sync 1 DAGs
[2026-05-06T05:21:56.434+0000] {logging_mixin.py:151} INFO - [2026-05-06T05:21:56.434+0000] {dag.py:3696} INFO - Setting next_dagrun for ingestionDAG to 2026-05-06T05:21:26.434264+00:00, run_after=2026-05-06T05:21:56.434264+00:00
[2026-05-06T05:21:56.448+0000] {processor.py:179} INFO - Processing /opt/airflow/dags/ingest_local_folder_dag.py took 0.399 seconds
[2026-05-06T05:22:26.732+0000] {processor.py:157} INFO - Started process (PID=742) to work on /opt/airflow/dags/ingest_local_folder_dag.py
[2026-05-06T05:22:26.736+0000] {processor.py:829} INFO - Processing file /opt/airflow/dags/ingest_local_folder_dag.py for tasks to queue
[2026-05-06T05:22:26.737+0000] {logging_mixin.py:151} INFO - [2026-05-06T05:22:26.736+0000] {dagbag.py:539} INFO - Filling up the DagBag from /opt/airflow/dags/ingest_local_folder_dag.py
[2026-05-06T05:22:27.071+0000] {processor.py:839} INFO - DAG(s) dict_keys(['ingestionDAG']) retrieved from /opt/airflow/dags/ingest_local_folder_dag.py
[2026-05-06T05:22:27.098+0000] {logging_mixin.py:151} INFO - [2026-05-06T05:22:27.098+0000] {dag.py:2915} INFO - Sync 1 DAGs
[2026-05-06T05:22:27.116+0000] {logging_mixin.py:151} INFO - [2026-05-06T05:22:27.116+0000] {dag.py:3696} INFO - Setting next_dagrun for ingestionDAG to 2026-05-06T05:21:57.116463+00:00, run_after=2026-05-06T05:22:27.116463+00:00
[2026-05-06T05:22:27.137+0000] {processor.py:179} INFO - Processing /opt/airflow/dags/ingest_local_folder_dag.py took 0.410 seconds
[2026-05-06T05:22:57.293+0000] {processor.py:157} INFO - Started process (PID=760) to work on /opt/airflow/dags/ingest_local_folder_dag.py
[2026-05-06T05:22:57.295+0000] {processor.py:829} INFO - Processing file /opt/airflow/dags/ingest_local_folder_dag.py for tasks to queue
[2026-05-06T05:22:57.296+0000] {logging_mixin.py:151} INFO - [2026-05-06T05:22:57.295+0000] {dagbag.py:539} INFO - Filling up the DagBag from /opt/airflow/dags/ingest_local_folder_dag.py
[2026-05-06T05:22:57.654+0000] {processor.py:839} INFO - DAG(s) dict_keys(['ingestionDAG']) retrieved from /opt/airflow/dags/ingest_local_folder_dag.py
[2026-05-06T05:22:57.681+0000] {logging_mixin.py:151} INFO - [2026-05-06T05:22:57.680+0000] {dag.py:2915} INFO - Sync 1 DAGs
[2026-05-06T05:22:57.699+0000] {logging_mixin.py:151} INFO - [2026-05-06T05:22:57.698+0000] {dag.py:3696} INFO - Setting next_dagrun for ingestionDAG to 2026-05-06T05:22:27.698719+00:00, run_after=2026-05-06T05:22:57.698719+00:00
[2026-05-06T05:22:57.715+0000] {processor.py:179} INFO - Processing /opt/airflow/dags/ingest_local_folder_dag.py took 0.431 seconds
[2026-05-06T05:23:28.591+0000] {processor.py:157} INFO - Started process (PID=778) to work on /opt/airflow/dags/ingest_local_folder_dag.py
[2026-05-06T05:23:28.595+0000] {processor.py:829} INFO - Processing file /opt/airflow/dags/ingest_local_folder_dag.py for tasks to queue
[2026-05-06T05:23:28.595+0000] {logging_mixin.py:151} INFO - [2026-05-06T05:23:28.595+0000] {dagbag.py:539} INFO - Filling up the DagBag from /opt/airflow/dags/ingest_local_folder_dag.py
[2026-05-06T05:23:28.937+0000] {processor.py:839} INFO - DAG(s) dict_keys(['ingestionDAG']) retrieved from /opt/airflow/dags/ingest_local_folder_dag.py
[2026-05-06T05:23:28.965+0000] {logging_mixin.py:151} INFO - [2026-05-06T05:23:28.964+0000] {dag.py:2915} INFO - Sync 1 DAGs
[2026-05-06T05:23:28.983+0000] {logging_mixin.py:151} INFO - [2026-05-06T05:23:28.983+0000] {dag.py:3696} INFO - Setting next_dagrun for ingestionDAG to 2026-05-06T05:22:58.983179+00:00, run_after=2026-05-06T05:23:28.983179+00:00
[2026-05-06T05:23:29.001+0000] {processor.py:179} INFO - Processing /opt/airflow/dags/ingest_local_folder_dag.py took 0.416 seconds
[2026-05-06T05:23:59.217+0000] {processor.py:157} INFO - Started process (PID=798) to work on /opt/airflow/dags/ingest_local_folder_dag.py
[2026-05-06T05:23:59.219+0000] {processor.py:829} INFO - Processing file /opt/airflow/dags/ingest_local_folder_dag.py for tasks to queue
[2026-05-06T05:23:59.220+0000] {logging_mixin.py:151} INFO - [2026-05-06T05:23:59.219+0000] {dagbag.py:539} INFO - Filling up the DagBag from /opt/airflow/dags/ingest_local_folder_dag.py
[2026-05-06T05:23:59.526+0000] {processor.py:839} INFO - DAG(s) dict_keys(['ingestionDAG']) retrieved from /opt/airflow/dags/ingest_local_folder_dag.py
[2026-05-06T05:23:59.553+0000] {logging_mixin.py:151} INFO - [2026-05-06T05:23:59.553+0000] {dag.py:2915} INFO - Sync 1 DAGs
[2026-05-06T05:23:59.572+0000] {logging_mixin.py:151} INFO - [2026-05-06T05:23:59.572+0000] {dag.py:3696} INFO - Setting next_dagrun for ingestionDAG to 2026-05-06T05:23:29.571966+00:00, run_after=2026-05-06T05:23:59.571966+00:00
[2026-05-06T05:23:59.589+0000] {processor.py:179} INFO - Processing /opt/airflow/dags/ingest_local_folder_dag.py took 0.378 seconds
[2026-05-06T05:24:29.690+0000] {processor.py:157} INFO - Started process (PID=816) to work on /opt/airflow/dags/ingest_local_folder_dag.py
[2026-05-06T05:24:29.692+0000] {processor.py:829} INFO - Processing file /opt/airflow/dags/ingest_local_folder_dag.py for tasks to queue
[2026-05-06T05:24:29.695+0000] {logging_mixin.py:151} INFO - [2026-05-06T05:24:29.694+0000] {dagbag.py:539} INFO - Filling up the DagBag from /opt/airflow/dags/ingest_local_folder_dag.py
[2026-05-06T05:24:29.995+0000] {processor.py:839} INFO - DAG(s) dict_keys(['ingestionDAG']) retrieved from /opt/airflow/dags/ingest_local_folder_dag.py
[2026-05-06T05:24:30.023+0000] {logging_mixin.py:151} INFO - [2026-05-06T05:24:30.023+0000] {dag.py:2915} INFO - Sync 1 DAGs
[2026-05-06T05:24:30.042+0000] {logging_mixin.py:151} INFO - [2026-05-06T05:24:30.042+0000] {dag.py:3696} INFO - Setting next_dagrun for ingestionDAG to 2026-05-06T05:24:00.042367+00:00, run_after=2026-05-06T05:24:30.042367+00:00
[2026-05-06T05:24:30.058+0000] {processor.py:179} INFO - Processing /opt/airflow/dags/ingest_local_folder_dag.py took 0.379 seconds
[2026-05-06T05:25:00.288+0000] {processor.py:157} INFO - Started process (PID=837) to work on /opt/airflow/dags/ingest_local_folder_dag.py
[2026-05-06T05:25:00.289+0000] {processor.py:829} INFO - Processing file /opt/airflow/dags/ingest_local_folder_dag.py for tasks to queue
[2026-05-06T05:25:00.290+0000] {logging_mixin.py:151} INFO - [2026-05-06T05:25:00.290+0000] {dagbag.py:539} INFO - Filling up the DagBag from /opt/airflow/dags/ingest_local_folder_dag.py
[2026-05-06T05:25:00.633+0000] {processor.py:839} INFO - DAG(s) dict_keys(['ingestionDAG']) retrieved from /opt/airflow/dags/ingest_local_folder_dag.py
[2026-05-06T05:25:00.664+0000] {logging_mixin.py:151} INFO - [2026-05-06T05:25:00.663+0000] {dag.py:2915} INFO - Sync 1 DAGs
[2026-05-06T05:25:00.685+0000] {logging_mixin.py:151} INFO - [2026-05-06T05:25:00.685+0000] {dag.py:3696} INFO - Setting next_dagrun for ingestionDAG to 2026-05-06T05:24:30.685403+00:00, run_after=2026-05-06T05:25:00.685403+00:00
[2026-05-06T05:25:00.705+0000] {processor.py:179} INFO - Processing /opt/airflow/dags/ingest_local_folder_dag.py took 0.420 seconds
[2026-05-06T05:25:30.859+0000] {processor.py:157} INFO - Started process (PID=864) to work on /opt/airflow/dags/ingest_local_folder_dag.py
[2026-05-06T05:25:30.863+0000] {processor.py:829} INFO - Processing file /opt/airflow/dags/ingest_local_folder_dag.py for tasks to queue
[2026-05-06T05:25:30.863+0000] {logging_mixin.py:151} INFO - [2026-05-06T05:25:30.863+0000] {dagbag.py:539} INFO - Filling up the DagBag from /opt/airflow/dags/ingest_local_folder_dag.py
[2026-05-06T05:25:31.243+0000] {processor.py:839} INFO - DAG(s) dict_keys(['ingestionDAG']) retrieved from /opt/airflow/dags/ingest_local_folder_dag.py
[2026-05-06T05:25:31.277+0000] {logging_mixin.py:151} INFO - [2026-05-06T05:25:31.277+0000] {dag.py:2915} INFO - Sync 1 DAGs
[2026-05-06T05:25:31.297+0000] {logging_mixin.py:151} INFO - [2026-05-06T05:25:31.297+0000] {dag.py:3696} INFO - Setting next_dagrun for ingestionDAG to 2026-05-06T05:25:01.297409+00:00, run_after=2026-05-06T05:25:31.297409+00:00
[2026-05-06T05:25:31.317+0000] {processor.py:179} INFO - Processing /opt/airflow/dags/ingest_local_folder_dag.py took 0.461 seconds
[2026-05-06T05:26:01.453+0000] {processor.py:157} INFO - Started process (PID=882) to work on /opt/airflow/dags/ingest_local_folder_dag.py
[2026-05-06T05:26:01.494+0000] {processor.py:829} INFO - Processing file /opt/airflow/dags/ingest_local_folder_dag.py for tasks to queue
[2026-05-06T05:26:01.495+0000] {logging_mixin.py:151} INFO - [2026-05-06T05:26:01.495+0000] {dagbag.py:539} INFO - Filling up the DagBag from /opt/airflow/dags/ingest_local_folder_dag.py
[2026-05-06T05:26:01.800+0000] {processor.py:839} INFO - DAG(s) dict_keys(['ingestionDAG']) retrieved from /opt/airflow/dags/ingest_local_folder_dag.py
[2026-05-06T05:26:01.825+0000] {logging_mixin.py:151} INFO - [2026-05-06T05:26:01.825+0000] {dag.py:2915} INFO - Sync 1 DAGs
[2026-05-06T05:26:01.844+0000] {logging_mixin.py:151} INFO - [2026-05-06T05:26:01.843+0000] {dag.py:3696} INFO - Setting next_dagrun for ingestionDAG to 2026-05-06T05:25:31.843689+00:00, run_after=2026-05-06T05:26:01.843689+00:00
[2026-05-06T05:26:01.864+0000] {processor.py:179} INFO - Processing /opt/airflow/dags/ingest_local_folder_dag.py took 0.416 seconds
[2026-05-06T05:26:32.035+0000] {processor.py:157} INFO - Started process (PID=900) to work on /opt/airflow/dags/ingest_local_folder_dag.py
[2026-05-06T05:26:32.036+0000] {processor.py:829} INFO - Processing file /opt/airflow/dags/ingest_local_folder_dag.py for tasks to queue
[2026-05-06T05:26:32.037+0000] {logging_mixin.py:151} INFO - [2026-05-06T05:26:32.037+0000] {dagbag.py:539} INFO - Filling up the DagBag from /opt/airflow/dags/ingest_local_folder_dag.py
[2026-05-06T05:26:32.368+0000] {processor.py:839} INFO - DAG(s) dict_keys(['ingestionDAG']) retrieved from /opt/airflow/dags/ingest_local_folder_dag.py
[2026-05-06T05:26:32.394+0000] {logging_mixin.py:151} INFO - [2026-05-06T05:26:32.394+0000] {dag.py:2915} INFO - Sync 1 DAGs
[2026-05-06T05:26:32.411+0000] {logging_mixin.py:151} INFO - [2026-05-06T05:26:32.411+0000] {dag.py:3696} INFO - Setting next_dagrun for ingestionDAG to 2026-05-06T05:26:02.411423+00:00, run_after=2026-05-06T05:26:32.411423+00:00
[2026-05-06T05:26:32.427+0000] {processor.py:179} INFO - Processing /opt/airflow/dags/ingest_local_folder_dag.py took 0.401 seconds
[2026-05-06T05:27:02.577+0000] {processor.py:157} INFO - Started process (PID=918) to work on /opt/airflow/dags/ingest_local_folder_dag.py
[2026-05-06T05:27:02.578+0000] {processor.py:829} INFO - Processing file /opt/airflow/dags/ingest_local_folder_dag.py for tasks to queue
[2026-05-06T05:27:02.578+0000] {logging_mixin.py:151} INFO - [2026-05-06T05:27:02.578+0000] {dagbag.py:539} INFO - Filling up the DagBag from /opt/airflow/dags/ingest_local_folder_dag.py
[2026-05-06T05:27:02.900+0000] {processor.py:839} INFO - DAG(s) dict_keys(['ingestionDAG']) retrieved from /opt/airflow/dags/ingest_local_folder_dag.py
[2026-05-06T05:27:02.926+0000] {logging_mixin.py:151} INFO - [2026-05-06T05:27:02.926+0000] {dag.py:2915} INFO - Sync 1 DAGs
[2026-05-06T05:27:02.952+0000] {logging_mixin.py:151} INFO - [2026-05-06T05:27:02.952+0000] {dag.py:3696} INFO - Setting next_dagrun for ingestionDAG to 2026-05-06T05:26:32.952568+00:00, run_after=2026-05-06T05:27:02.952568+00:00
[2026-05-06T05:27:02.989+0000] {processor.py:179} INFO - Processing /opt/airflow/dags/ingest_local_folder_dag.py took 0.418 seconds
[2026-05-06T05:27:33.162+0000] {processor.py:157} INFO - Started process (PID=936) to work on /opt/airflow/dags/ingest_local_folder_dag.py
[2026-05-06T05:27:33.163+0000] {processor.py:829} INFO - Processing file /opt/airflow/dags/ingest_local_folder_dag.py for tasks to queue
[2026-05-06T05:27:33.163+0000] {logging_mixin.py:151} INFO - [2026-05-06T05:27:33.163+0000] {dagbag.py:539} INFO - Filling up the DagBag from /opt/airflow/dags/ingest_local_folder_dag.py
[2026-05-06T05:27:33.558+0000] {processor.py:839} INFO - DAG(s) dict_keys(['ingestionDAG']) retrieved from /opt/airflow/dags/ingest_local_folder_dag.py
[2026-05-06T05:27:33.619+0000] {logging_mixin.py:151} INFO - [2026-05-06T05:27:33.619+0000] {dag.py:2915} INFO - Sync 1 DAGs
[2026-05-06T05:27:33.653+0000] {logging_mixin.py:151} INFO - [2026-05-06T05:27:33.652+0000] {dag.py:3696} INFO - Setting next_dagrun for ingestionDAG to 2026-05-06T05:27:03.652778+00:00, run_after=2026-05-06T05:27:33.652778+00:00
[2026-05-06T05:27:33.675+0000] {processor.py:179} INFO - Processing /opt/airflow/dags/ingest_local_folder_dag.py took 0.521 seconds
[2026-05-06T05:28:03.849+0000] {processor.py:157} INFO - Started process (PID=954) to work on /opt/airflow/dags/ingest_local_folder_dag.py
[2026-05-06T05:28:03.851+0000] {processor.py:829} INFO - Processing file /opt/airflow/dags/ingest_local_folder_dag.py for tasks to queue
[2026-05-06T05:28:03.852+0000] {logging_mixin.py:151} INFO - [2026-05-06T05:28:03.851+0000] {dagbag.py:539} INFO - Filling up the DagBag from /opt/airflow/dags/ingest_local_folder_dag.py
[2026-05-06T05:28:04.294+0000] {processor.py:839} INFO - DAG(s) dict_keys(['ingestionDAG']) retrieved from /opt/airflow/dags/ingest_local_folder_dag.py
[2026-05-06T05:28:04.321+0000] {logging_mixin.py:151} INFO - [2026-05-06T05:28:04.321+0000] {dag.py:2915} INFO - Sync 1 DAGs
[2026-05-06T05:28:04.340+0000] {logging_mixin.py:151} INFO - [2026-05-06T05:28:04.340+0000] {dag.py:3696} INFO - Setting next_dagrun for ingestionDAG to 2026-05-06T05:27:34.340482+00:00, run_after=2026-05-06T05:28:04.340482+00:00
[2026-05-06T05:28:04.366+0000] {processor.py:179} INFO - Processing /opt/airflow/dags/ingest_local_folder_dag.py took 0.528 seconds
[2026-05-06T05:28:35.244+0000] {processor.py:157} INFO - Started process (PID=972) to work on /opt/airflow/dags/ingest_local_folder_dag.py
[2026-05-06T05:28:35.249+0000] {processor.py:829} INFO - Processing file /opt/airflow/dags/ingest_local_folder_dag.py for tasks to queue
[2026-05-06T05:28:35.250+0000] {logging_mixin.py:151} INFO - [2026-05-06T05:28:35.249+0000] {dagbag.py:539} INFO - Filling up the DagBag from /opt/airflow/dags/ingest_local_folder_dag.py
[2026-05-06T05:28:35.591+0000] {processor.py:839} INFO - DAG(s) dict_keys(['ingestionDAG']) retrieved from /opt/airflow/dags/ingest_local_folder_dag.py
[2026-05-06T05:28:35.618+0000] {logging_mixin.py:151} INFO - [2026-05-06T05:28:35.617+0000] {dag.py:2915} INFO - Sync 1 DAGs
[2026-05-06T05:28:35.636+0000] {logging_mixin.py:151} INFO - [2026-05-06T05:28:35.636+0000] {dag.py:3696} INFO - Setting next_dagrun for ingestionDAG to 2026-05-06T05:28:05.636366+00:00, run_after=2026-05-06T05:28:35.636366+00:00
[2026-05-06T05:28:35.651+0000] {processor.py:179} INFO - Processing /opt/airflow/dags/ingest_local_folder_dag.py took 0.410 seconds
[2026-05-06T05:29:05.850+0000] {processor.py:157} INFO - Started process (PID=992) to work on /opt/airflow/dags/ingest_local_folder_dag.py
[2026-05-06T05:29:05.851+0000] {processor.py:829} INFO - Processing file /opt/airflow/dags/ingest_local_folder_dag.py for tasks to queue
[2026-05-06T05:29:05.852+0000] {logging_mixin.py:151} INFO - [2026-05-06T05:29:05.852+0000] {dagbag.py:539} INFO - Filling up the DagBag from /opt/airflow/dags/ingest_local_folder_dag.py
[2026-05-06T05:29:06.150+0000] {processor.py:839} INFO - DAG(s) dict_keys(['ingestionDAG']) retrieved from /opt/airflow/dags/ingest_local_folder_dag.py
[2026-05-06T05:29:06.178+0000] {logging_mixin.py:151} INFO - [2026-05-06T05:29:06.178+0000] {dag.py:2915} INFO - Sync 1 DAGs
[2026-05-06T05:29:06.198+0000] {logging_mixin.py:151} INFO - [2026-05-06T05:29:06.198+0000] {dag.py:3696} INFO - Setting next_dagrun for ingestionDAG to 2026-05-06T05:28:36.198049+00:00, run_after=2026-05-06T05:29:06.198049+00:00
[2026-05-06T05:29:06.214+0000] {processor.py:179} INFO - Processing /opt/airflow/dags/ingest_local_folder_dag.py took 0.368 seconds
[2026-05-06T05:29:36.443+0000] {processor.py:157} INFO - Started process (PID=1010) to work on /opt/airflow/dags/ingest_local_folder_dag.py
[2026-05-06T05:29:36.447+0000] {processor.py:829} INFO - Processing file /opt/airflow/dags/ingest_local_folder_dag.py for tasks to queue
[2026-05-06T05:29:36.449+0000] {logging_mixin.py:151} INFO - [2026-05-06T05:29:36.448+0000] {dagbag.py:539} INFO - Filling up the DagBag from /opt/airflow/dags/ingest_local_folder_dag.py
[2026-05-06T05:29:36.755+0000] {processor.py:839} INFO - DAG(s) dict_keys(['ingestionDAG']) retrieved from /opt/airflow/dags/ingest_local_folder_dag.py
[2026-05-06T05:29:36.783+0000] {logging_mixin.py:151} INFO - [2026-05-06T05:29:36.783+0000] {dag.py:2915} INFO - Sync 1 DAGs
[2026-05-06T05:29:36.802+0000] {logging_mixin.py:151} INFO - [2026-05-06T05:29:36.802+0000] {dag.py:3696} INFO - Setting next_dagrun for ingestionDAG to 2026-05-06T05:29:06.801857+00:00, run_after=2026-05-06T05:29:36.801857+00:00
[2026-05-06T05:29:36.817+0000] {processor.py:179} INFO - Processing /opt/airflow/dags/ingest_local_folder_dag.py took 0.385 seconds
[2026-05-06T05:30:06.951+0000] {processor.py:157} INFO - Started process (PID=1040) to work on /opt/airflow/dags/ingest_local_folder_dag.py
[2026-05-06T05:30:06.953+0000] {processor.py:829} INFO - Processing file /opt/airflow/dags/ingest_local_folder_dag.py for tasks to queue
[2026-05-06T05:30:06.954+0000] {logging_mixin.py:151} INFO - [2026-05-06T05:30:06.953+0000] {dagbag.py:539} INFO - Filling up the DagBag from /opt/airflow/dags/ingest_local_folder_dag.py
[2026-05-06T05:30:07.335+0000] {processor.py:839} INFO - DAG(s) dict_keys(['ingestionDAG']) retrieved from /opt/airflow/dags/ingest_local_folder_dag.py
[2026-05-06T05:30:07.361+0000] {logging_mixin.py:151} INFO - [2026-05-06T05:30:07.361+0000] {dag.py:2915} INFO - Sync 1 DAGs
[2026-05-06T05:30:07.383+0000] {logging_mixin.py:151} INFO - [2026-05-06T05:30:07.382+0000] {dag.py:3696} INFO - Setting next_dagrun for ingestionDAG to 2026-05-06T05:29:37.382795+00:00, run_after=2026-05-06T05:30:07.382795+00:00
[2026-05-06T05:30:07.396+0000] {processor.py:179} INFO - Processing /opt/airflow/dags/ingest_local_folder_dag.py took 0.451 seconds
[2026-05-06T05:30:37.591+0000] {processor.py:157} INFO - Started process (PID=1058) to work on /opt/airflow/dags/ingest_local_folder_dag.py
[2026-05-06T05:30:37.593+0000] {processor.py:829} INFO - Processing file /opt/airflow/dags/ingest_local_folder_dag.py for tasks to queue
[2026-05-06T05:30:37.593+0000] {logging_mixin.py:151} INFO - [2026-05-06T05:30:37.593+0000] {dagbag.py:539} INFO - Filling up the DagBag from /opt/airflow/dags/ingest_local_folder_dag.py
[2026-05-06T05:30:37.989+0000] {processor.py:839} INFO - DAG(s) dict_keys(['ingestionDAG']) retrieved from /opt/airflow/dags/ingest_local_folder_dag.py
[2026-05-06T05:30:38.030+0000] {logging_mixin.py:151} INFO - [2026-05-06T05:30:38.030+0000] {dag.py:2915} INFO - Sync 1 DAGs
[2026-05-06T05:30:38.058+0000] {logging_mixin.py:151} INFO - [2026-05-06T05:30:38.058+0000] {dag.py:3696} INFO - Setting next_dagrun for ingestionDAG to 2026-05-06T05:30:08.058182+00:00, run_after=2026-05-06T05:30:38.058182+00:00
[2026-05-06T05:30:38.081+0000] {processor.py:179} INFO - Processing /opt/airflow/dags/ingest_local_folder_dag.py took 0.495 seconds
[2026-05-06T05:31:08.390+0000] {processor.py:157} INFO - Started process (PID=1076) to work on /opt/airflow/dags/ingest_local_folder_dag.py
[2026-05-06T05:31:08.394+0000] {processor.py:829} INFO - Processing file /opt/airflow/dags/ingest_local_folder_dag.py for tasks to queue
[2026-05-06T05:31:08.394+0000] {logging_mixin.py:151} INFO - [2026-05-06T05:31:08.394+0000] {dagbag.py:539} INFO - Filling up the DagBag from /opt/airflow/dags/ingest_local_folder_dag.py
[2026-05-06T05:31:08.599+0000] {processor.py:839} INFO - DAG(s) dict_keys(['ingestionDAG']) retrieved from /opt/airflow/dags/ingest_local_folder_dag.py
[2026-05-06T05:31:08.629+0000] {logging_mixin.py:151} INFO - [2026-05-06T05:31:08.629+0000] {dag.py:2915} INFO - Sync 1 DAGs
[2026-05-06T05:31:08.649+0000] {logging_mixin.py:151} INFO - [2026-05-06T05:31:08.649+0000] {dag.py:3696} INFO - Setting next_dagrun for ingestionDAG to 2026-05-06T05:30:38.649138+00:00, run_after=2026-05-06T05:31:08.649138+00:00
[2026-05-06T05:31:08.666+0000] {processor.py:179} INFO - Processing /opt/airflow/dags/ingest_local_folder_dag.py took 0.279 seconds
[2026-05-06T05:31:38.814+0000] {processor.py:157} INFO - Started process (PID=1094) to work on /opt/airflow/dags/ingest_local_folder_dag.py
[2026-05-06T05:31:38.815+0000] {processor.py:829} INFO - Processing file /opt/airflow/dags/ingest_local_folder_dag.py for tasks to queue
[2026-05-06T05:31:38.816+0000] {logging_mixin.py:151} INFO - [2026-05-06T05:31:38.816+0000] {dagbag.py:539} INFO - Filling up the DagBag from /opt/airflow/dags/ingest_local_folder_dag.py
[2026-05-06T05:31:39.013+0000] {processor.py:839} INFO - DAG(s) dict_keys(['ingestionDAG']) retrieved from /opt/airflow/dags/ingest_local_folder_dag.py
[2026-05-06T05:31:39.044+0000] {logging_mixin.py:151} INFO - [2026-05-06T05:31:39.044+0000] {dag.py:2915} INFO - Sync 1 DAGs
[2026-05-06T05:31:39.065+0000] {logging_mixin.py:151} INFO - [2026-05-06T05:31:39.065+0000] {dag.py:3696} INFO - Setting next_dagrun for ingestionDAG to 2026-05-06T05:31:09.064865+00:00, run_after=2026-05-06T05:31:39.064865+00:00
[2026-05-06T05:31:39.088+0000] {processor.py:179} INFO - Processing /opt/airflow/dags/ingest_local_folder_dag.py took 0.284 seconds
[2026-05-06T05:32:09.260+0000] {processor.py:157} INFO - Started process (PID=1112) to work on /opt/airflow/dags/ingest_local_folder_dag.py
[2026-05-06T05:32:09.260+0000] {processor.py:829} INFO - Processing file /opt/airflow/dags/ingest_local_folder_dag.py for tasks to queue
[2026-05-06T05:32:09.263+0000] {logging_mixin.py:151} INFO - [2026-05-06T05:32:09.263+0000] {dagbag.py:539} INFO - Filling up the DagBag from /opt/airflow/dags/ingest_local_folder_dag.py
[2026-05-06T05:32:09.468+0000] {processor.py:839} INFO - DAG(s) dict_keys(['ingestionDAG']) retrieved from /opt/airflow/dags/ingest_local_folder_dag.py
[2026-05-06T05:32:09.509+0000] {logging_mixin.py:151} INFO - [2026-05-06T05:32:09.509+0000] {dag.py:2915} INFO - Sync 1 DAGs
[2026-05-06T05:32:09.536+0000] {logging_mixin.py:151} INFO - [2026-05-06T05:32:09.536+0000] {dag.py:3696} INFO - Setting next_dagrun for ingestionDAG to 2026-05-06T05:31:39.536173+00:00, run_after=2026-05-06T05:32:09.536173+00:00
[2026-05-06T05:32:09.557+0000] {processor.py:179} INFO - Processing /opt/airflow/dags/ingest_local_folder_dag.py took 0.302 seconds
[2026-05-06T05:32:39.729+0000] {processor.py:157} INFO - Started process (PID=1130) to work on /opt/airflow/dags/ingest_local_folder_dag.py
[2026-05-06T05:32:39.730+0000] {processor.py:829} INFO - Processing file /opt/airflow/dags/ingest_local_folder_dag.py for tasks to queue
[2026-05-06T05:32:39.731+0000] {logging_mixin.py:151} INFO - [2026-05-06T05:32:39.731+0000] {dagbag.py:539} INFO - Filling up the DagBag from /opt/airflow/dags/ingest_local_folder_dag.py
[2026-05-06T05:32:39.974+0000] {processor.py:839} INFO - DAG(s) dict_keys(['ingestionDAG']) retrieved from /opt/airflow/dags/ingest_local_folder_dag.py
[2026-05-06T05:32:40.002+0000] {logging_mixin.py:151} INFO - [2026-05-06T05:32:40.002+0000] {dag.py:2915} INFO - Sync 1 DAGs
[2026-05-06T05:32:40.022+0000] {logging_mixin.py:151} INFO - [2026-05-06T05:32:40.022+0000] {dag.py:3696} INFO - Setting next_dagrun for ingestionDAG to 2026-05-06T05:32:10.021912+00:00, run_after=2026-05-06T05:32:40.021912+00:00
[2026-05-06T05:32:40.036+0000] {processor.py:179} INFO - Processing /opt/airflow/dags/ingest_local_folder_dag.py took 0.313 seconds
[2026-05-06T05:33:10.185+0000] {processor.py:157} INFO - Started process (PID=1148) to work on /opt/airflow/dags/ingest_local_folder_dag.py
[2026-05-06T05:33:10.186+0000] {processor.py:829} INFO - Processing file /opt/airflow/dags/ingest_local_folder_dag.py for tasks to queue
[2026-05-06T05:33:10.187+0000] {logging_mixin.py:151} INFO - [2026-05-06T05:33:10.186+0000] {dagbag.py:539} INFO - Filling up the DagBag from /opt/airflow/dags/ingest_local_folder_dag.py
[2026-05-06T05:33:10.454+0000] {processor.py:839} INFO - DAG(s) dict_keys(['ingestionDAG']) retrieved from /opt/airflow/dags/ingest_local_folder_dag.py
[2026-05-06T05:33:10.491+0000] {logging_mixin.py:151} INFO - [2026-05-06T05:33:10.491+0000] {dag.py:2915} INFO - Sync 1 DAGs
[2026-05-06T05:33:10.520+0000] {logging_mixin.py:151} INFO - [2026-05-06T05:33:10.519+0000] {dag.py:3696} INFO - Setting next_dagrun for ingestionDAG to 2026-05-06T05:32:40.519426+00:00, run_after=2026-05-06T05:33:10.519426+00:00
[2026-05-06T05:33:10.545+0000] {processor.py:179} INFO - Processing /opt/airflow/dags/ingest_local_folder_dag.py took 0.370 seconds
[2026-05-06T05:33:41.033+0000] {processor.py:157} INFO - Started process (PID=1166) to work on /opt/airflow/dags/ingest_local_folder_dag.py
[2026-05-06T05:33:41.035+0000] {processor.py:829} INFO - Processing file /opt/airflow/dags/ingest_local_folder_dag.py for tasks to queue
[2026-05-06T05:33:41.035+0000] {logging_mixin.py:151} INFO - [2026-05-06T05:33:41.035+0000] {dagbag.py:539} INFO - Filling up the DagBag from /opt/airflow/dags/ingest_local_folder_dag.py
[2026-05-06T05:33:41.286+0000] {processor.py:839} INFO - DAG(s) dict_keys(['ingestionDAG']) retrieved from /opt/airflow/dags/ingest_local_folder_dag.py
[2026-05-06T05:33:41.319+0000] {logging_mixin.py:151} INFO - [2026-05-06T05:33:41.319+0000] {dag.py:2915} INFO - Sync 1 DAGs
[2026-05-06T05:33:41.341+0000] {logging_mixin.py:151} INFO - [2026-05-06T05:33:41.341+0000] {dag.py:3696} INFO - Setting next_dagrun for ingestionDAG to 2026-05-06T05:33:11.340750+00:00, run_after=2026-05-06T05:33:41.340750+00:00
[2026-05-06T05:33:41.356+0000] {processor.py:179} INFO - Processing /opt/airflow/dags/ingest_local_folder_dag.py took 0.329 seconds
[2026-05-06T05:34:11.672+0000] {processor.py:157} INFO - Started process (PID=1186) to work on /opt/airflow/dags/ingest_local_folder_dag.py
[2026-05-06T05:34:11.675+0000] {processor.py:829} INFO - Processing file /opt/airflow/dags/ingest_local_folder_dag.py for tasks to queue
[2026-05-06T05:34:11.677+0000] {logging_mixin.py:151} INFO - [2026-05-06T05:34:11.676+0000] {dagbag.py:539} INFO - Filling up the DagBag from /opt/airflow/dags/ingest_local_folder_dag.py
[2026-05-06T05:34:11.868+0000] {processor.py:839} INFO - DAG(s) dict_keys(['ingestionDAG']) retrieved from /opt/airflow/dags/ingest_local_folder_dag.py
[2026-05-06T05:34:11.900+0000] {logging_mixin.py:151} INFO - [2026-05-06T05:34:11.900+0000] {dag.py:2915} INFO - Sync 1 DAGs
[2026-05-06T05:34:11.921+0000] {logging_mixin.py:151} INFO - [2026-05-06T05:34:11.921+0000] {dag.py:3696} INFO - Setting next_dagrun for ingestionDAG to 2026-05-06T05:33:41.921225+00:00, run_after=2026-05-06T05:34:11.921225+00:00
[2026-05-06T05:34:11.939+0000] {processor.py:179} INFO - Processing /opt/airflow/dags/ingest_local_folder_dag.py took 0.277 seconds
[2026-05-06T05:34:42.021+0000] {processor.py:157} INFO - Started process (PID=1204) to work on /opt/airflow/dags/ingest_local_folder_dag.py
[2026-05-06T05:34:42.023+0000] {processor.py:829} INFO - Processing file /opt/airflow/dags/ingest_local_folder_dag.py for tasks to queue
[2026-05-06T05:34:42.025+0000] {logging_mixin.py:151} INFO - [2026-05-06T05:34:42.024+0000] {dagbag.py:539} INFO - Filling up the DagBag from /opt/airflow/dags/ingest_local_folder_dag.py
[2026-05-06T05:34:42.219+0000] {processor.py:839} INFO - DAG(s) dict_keys(['ingestionDAG']) retrieved from /opt/airflow/dags/ingest_local_folder_dag.py
[2026-05-06T05:34:42.253+0000] {logging_mixin.py:151} INFO - [2026-05-06T05:34:42.252+0000] {dag.py:2915} INFO - Sync 1 DAGs
[2026-05-06T05:34:42.275+0000] {logging_mixin.py:151} INFO - [2026-05-06T05:34:42.275+0000] {dag.py:3696} INFO - Setting next_dagrun for ingestionDAG to 2026-05-06T05:34:12.275099+00:00, run_after=2026-05-06T05:34:42.275099+00:00
[2026-05-06T05:34:42.294+0000] {processor.py:179} INFO - Processing /opt/airflow/dags/ingest_local_folder_dag.py took 0.283 seconds
[2026-05-06T05:35:12.822+0000] {processor.py:157} INFO - Started process (PID=1234) to work on /opt/airflow/dags/ingest_local_folder_dag.py
[2026-05-06T05:35:12.826+0000] {processor.py:829} INFO - Processing file /opt/airflow/dags/ingest_local_folder_dag.py for tasks to queue
[2026-05-06T05:35:12.827+0000] {logging_mixin.py:151} INFO - [2026-05-06T05:35:12.826+0000] {dagbag.py:539} INFO - Filling up the DagBag from /opt/airflow/dags/ingest_local_folder_dag.py
[2026-05-06T05:35:13.027+0000] {processor.py:839} INFO - DAG(s) dict_keys(['ingestionDAG']) retrieved from /opt/airflow/dags/ingest_local_folder_dag.py
[2026-05-06T05:35:13.071+0000] {logging_mixin.py:151} INFO - [2026-05-06T05:35:13.071+0000] {dag.py:2915} INFO - Sync 1 DAGs
[2026-05-06T05:35:13.095+0000] {logging_mixin.py:151} INFO - [2026-05-06T05:35:13.095+0000] {dag.py:3696} INFO - Setting next_dagrun for ingestionDAG to 2026-05-06T05:34:43.095521+00:00, run_after=2026-05-06T05:35:13.095521+00:00
[2026-05-06T05:35:13.117+0000] {processor.py:179} INFO - Processing /opt/airflow/dags/ingest_local_folder_dag.py took 0.300 seconds
[2026-05-06T05:35:43.589+0000] {processor.py:157} INFO - Started process (PID=1252) to work on /opt/airflow/dags/ingest_local_folder_dag.py
[2026-05-06T05:35:43.591+0000] {processor.py:829} INFO - Processing file /opt/airflow/dags/ingest_local_folder_dag.py for tasks to queue
[2026-05-06T05:35:43.592+0000] {logging_mixin.py:151} INFO - [2026-05-06T05:35:43.591+0000] {dagbag.py:539} INFO - Filling up the DagBag from /opt/airflow/dags/ingest_local_folder_dag.py
[2026-05-06T05:35:43.774+0000] {processor.py:839} INFO - DAG(s) dict_keys(['ingestionDAG']) retrieved from /opt/airflow/dags/ingest_local_folder_dag.py
[2026-05-06T05:35:43.831+0000] {logging_mixin.py:151} INFO - [2026-05-06T05:35:43.831+0000] {dag.py:2915} INFO - Sync 1 DAGs
[2026-05-06T05:35:43.862+0000] {logging_mixin.py:151} INFO - [2026-05-06T05:35:43.862+0000] {dag.py:3696} INFO - Setting next_dagrun for ingestionDAG to 2026-05-06T05:35:13.862236+00:00, run_after=2026-05-06T05:35:43.862236+00:00
[2026-05-06T05:35:43.887+0000] {processor.py:179} INFO - Processing /opt/airflow/dags/ingest_local_folder_dag.py took 0.301 seconds
[2026-05-06T05:36:14.440+0000] {processor.py:157} INFO - Started process (PID=1270) to work on /opt/airflow/dags/ingest_local_folder_dag.py
[2026-05-06T05:36:14.441+0000] {processor.py:829} INFO - Processing file /opt/airflow/dags/ingest_local_folder_dag.py for tasks to queue
[2026-05-06T05:36:14.442+0000] {logging_mixin.py:151} INFO - [2026-05-06T05:36:14.441+0000] {dagbag.py:539} INFO - Filling up the DagBag from /opt/airflow/dags/ingest_local_folder_dag.py
[2026-05-06T05:36:14.720+0000] {processor.py:839} INFO - DAG(s) dict_keys(['ingestionDAG']) retrieved from /opt/airflow/dags/ingest_local_folder_dag.py
[2026-05-06T05:36:14.757+0000] {logging_mixin.py:151} INFO - [2026-05-06T05:36:14.756+0000] {dag.py:2915} INFO - Sync 1 DAGs
[2026-05-06T05:36:14.782+0000] {logging_mixin.py:151} INFO - [2026-05-06T05:36:14.781+0000] {dag.py:3696} INFO - Setting next_dagrun for ingestionDAG to 2026-05-06T05:35:44.781744+00:00, run_after=2026-05-06T05:36:14.781744+00:00
[2026-05-06T05:36:14.805+0000] {processor.py:179} INFO - Processing /opt/airflow/dags/ingest_local_folder_dag.py took 0.371 seconds
[2026-05-06T05:36:45.140+0000] {processor.py:157} INFO - Started process (PID=1288) to work on /opt/airflow/dags/ingest_local_folder_dag.py
[2026-05-06T05:36:45.142+0000] {processor.py:829} INFO - Processing file /opt/airflow/dags/ingest_local_folder_dag.py for tasks to queue
[2026-05-06T05:36:45.143+0000] {logging_mixin.py:151} INFO - [2026-05-06T05:36:45.142+0000] {dagbag.py:539} INFO - Filling up the DagBag from /opt/airflow/dags/ingest_local_folder_dag.py
[2026-05-06T05:36:45.322+0000] {processor.py:839} INFO - DAG(s) dict_keys(['ingestionDAG']) retrieved from /opt/airflow/dags/ingest_local_folder_dag.py
[2026-05-06T05:36:45.353+0000] {logging_mixin.py:151} INFO - [2026-05-06T05:36:45.353+0000] {dag.py:2915} INFO - Sync 1 DAGs
[2026-05-06T05:36:45.374+0000] {logging_mixin.py:151} INFO - [2026-05-06T05:36:45.374+0000] {dag.py:3696} INFO - Setting next_dagrun for ingestionDAG to 2026-05-06T05:36:15.374242+00:00, run_after=2026-05-06T05:36:45.374242+00:00
[2026-05-06T05:36:45.390+0000] {processor.py:179} INFO - Processing /opt/airflow/dags/ingest_local_folder_dag.py took 0.257 seconds
