[2026-03-08T09:57:59.470+0000] {taskinstance.py:1157} INFO - Dependencies all met for dep_context=non-requeueable deps ti=<TaskInstance: embedding_sync_dag.backfill_existing_data scheduled__2026-03-08T09:50:00+00:00 [queued]>
[2026-03-08T09:57:59.494+0000] {taskinstance.py:1157} INFO - Dependencies all met for dep_context=requeueable deps ti=<TaskInstance: embedding_sync_dag.backfill_existing_data scheduled__2026-03-08T09:50:00+00:00 [queued]>
[2026-03-08T09:57:59.495+0000] {taskinstance.py:1359} INFO - Starting attempt 1 of 3
[2026-03-08T09:57:59.531+0000] {taskinstance.py:1380} INFO - Executing <Task(PythonOperator): backfill_existing_data> on 2026-03-08 09:50:00+00:00
[2026-03-08T09:57:59.547+0000] {standard_task_runner.py:57} INFO - Started process 3655 to run task
[2026-03-08T09:57:59.558+0000] {standard_task_runner.py:84} INFO - Running: ['***', 'tasks', 'run', 'embedding_sync_dag', 'backfill_existing_data', 'scheduled__2026-03-08T09:50:00+00:00', '--job-id', '2175', '--raw', '--subdir', 'DAGS_FOLDER/embedding_sync_dag.py', '--cfg-path', '/tmp/tmpnssk39kh']
[2026-03-08T09:57:59.567+0000] {standard_task_runner.py:85} INFO - Job 2175: Subtask backfill_existing_data
[2026-03-08T09:57:59.779+0000] {task_command.py:415} INFO - Running <TaskInstance: embedding_sync_dag.backfill_existing_data scheduled__2026-03-08T09:50:00+00:00 [running]> on host bc91ad4248c2
[2026-03-08T09:58:00.142+0000] {taskinstance.py:1660} INFO - Exporting env vars: AIRFLOW_CTX_DAG_OWNER='lakehouse' AIRFLOW_CTX_DAG_ID='embedding_sync_dag' AIRFLOW_CTX_TASK_ID='backfill_existing_data' AIRFLOW_CTX_EXECUTION_DATE='2026-03-08T09:50:00+00:00' AIRFLOW_CTX_TRY_NUMBER='1' AIRFLOW_CTX_DAG_RUN_ID='scheduled__2026-03-08T09:50:00+00:00'
[2026-03-08T09:58:02.677+0000] {embedding_pipeline.py:220} INFO - [embed] Backfill needed — source~3076, fully embedded=0, gap~3076
[2026-03-08T09:58:02.684+0000] {embedding_pipeline.py:238} INFO - [embed] Scanning 106 tables for unembedded rows...
[2026-03-08T09:58:02.724+0000] {embedding_pipeline.py:282} INFO - [embed] Queued 20 rows from data_2025_review_thoughtworks_employee_privacy_notice_page15_ta
[2026-03-08T09:58:02.738+0000] {embedding_pipeline.py:282} INFO - [embed] Queued 29 rows from data_2025_review_thoughtworks_employee_privacy_notice_page16_ta
[2026-03-08T09:58:02.748+0000] {embedding_pipeline.py:282} INFO - [embed] Queued 30 rows from data_2025_review_thoughtworks_employee_privacy_notice_page17_ta
[2026-03-08T09:58:02.759+0000] {embedding_pipeline.py:282} INFO - [embed] Queued 31 rows from data_2025_review_thoughtworks_employee_privacy_notice_page18_ta
[2026-03-08T09:58:02.772+0000] {embedding_pipeline.py:282} INFO - [embed] Queued 27 rows from data_2025_review_thoughtworks_employee_privacy_notice_page19_ta
[2026-03-08T09:58:02.783+0000] {embedding_pipeline.py:282} INFO - [embed] Queued 30 rows from data_2025_review_thoughtworks_employee_privacy_notice_page20_ta
[2026-03-08T09:58:02.796+0000] {embedding_pipeline.py:282} INFO - [embed] Queued 26 rows from data_2025_review_thoughtworks_employee_privacy_notice_page21_ta
[2026-03-08T09:58:02.806+0000] {embedding_pipeline.py:282} INFO - [embed] Queued 34 rows from data_2025_review_thoughtworks_employee_privacy_notice_page22_ta
[2026-03-08T09:58:02.816+0000] {embedding_pipeline.py:282} INFO - [embed] Queued 11 rows from data_2025_review_thoughtworks_employee_privacy_notice_page23_ta
[2026-03-08T09:58:02.827+0000] {embedding_pipeline.py:282} INFO - [embed] Queued 30 rows from data_2025_review_thoughtworks_employee_privacy_notice_page24_ta
[2026-03-08T09:58:02.839+0000] {embedding_pipeline.py:282} INFO - [embed] Queued 22 rows from data_2025_review_thoughtworks_employee_privacy_notice_page25_ta
[2026-03-08T09:58:02.852+0000] {embedding_pipeline.py:282} INFO - [embed] Queued 23 rows from data_2025_review_thoughtworks_employee_privacy_notice_page26_ta
[2026-03-08T09:58:02.863+0000] {embedding_pipeline.py:282} INFO - [embed] Queued 10 rows from data_2025_review_thoughtworks_employee_privacy_notice_page27_ta
[2026-03-08T09:58:02.880+0000] {embedding_pipeline.py:282} INFO - [embed] Queued 31 rows from data_2025_review_thoughtworks_employee_privacy_notice_page28_ta
[2026-03-08T09:58:02.892+0000] {embedding_pipeline.py:282} INFO - [embed] Queued 29 rows from data_2025_review_thoughtworks_employee_privacy_notice_page29_ta
[2026-03-08T09:58:02.903+0000] {embedding_pipeline.py:282} INFO - [embed] Queued 28 rows from data_2025_review_thoughtworks_employee_privacy_notice_page30_ta
[2026-03-08T09:58:02.916+0000] {embedding_pipeline.py:282} INFO - [embed] Queued 22 rows from data_2025_review_thoughtworks_employee_privacy_notice_page31_ta
[2026-03-08T09:58:02.926+0000] {embedding_pipeline.py:282} INFO - [embed] Queued 16 rows from data_2025_review_thoughtworks_employee_privacy_notice_page32_ta
[2026-03-08T09:58:02.935+0000] {embedding_pipeline.py:282} INFO - [embed] Queued 1 rows from data_2025_review_thoughtworks_employee_privacy_notice_page33_ta
[2026-03-08T09:58:02.946+0000] {embedding_pipeline.py:282} INFO - [embed] Queued 4 rows from data_2025_review_thoughtworks_employee_privacy_notice_page34_ta
[2026-03-08T09:58:02.957+0000] {embedding_pipeline.py:282} INFO - [embed] Queued 5 rows from data_2025_review_thoughtworks_employee_privacy_notice_page35_ta
[2026-03-08T09:58:02.969+0000] {embedding_pipeline.py:282} INFO - [embed] Queued 5 rows from data_2025_review_thoughtworks_employee_privacy_notice_page36_ta
[2026-03-08T09:58:02.981+0000] {embedding_pipeline.py:282} INFO - [embed] Queued 5 rows from data_2025_review_thoughtworks_employee_privacy_notice_page37_ta
[2026-03-08T09:58:02.993+0000] {embedding_pipeline.py:282} INFO - [embed] Queued 6 rows from data_8051_features_architecture_page3_table1
[2026-03-08T09:58:03.005+0000] {embedding_pipeline.py:282} INFO - [embed] Queued 8 rows from data_customers
[2026-03-08T09:58:03.015+0000] {embedding_pipeline.py:282} INFO - [embed] Queued 5 rows from data_doc10_research_data_page2_table1
[2026-03-08T09:58:03.028+0000] {embedding_pipeline.py:282} INFO - [embed] Queued 5 rows from data_doc10_research_data_page2_table2
[2026-03-08T09:58:03.037+0000] {embedding_pipeline.py:282} INFO - [embed] Queued 4 rows from data_doc10_research_data_page3_table1
[2026-03-08T09:58:03.048+0000] {embedding_pipeline.py:282} INFO - [embed] Queued 4 rows from data_doc10_research_dataaaaaa_table_1
[2026-03-08T09:58:03.058+0000] {embedding_pipeline.py:282} INFO - [embed] Queued 4 rows from data_doc10_research_dataaaaaa_table_2
[2026-03-08T09:58:03.068+0000] {embedding_pipeline.py:282} INFO - [embed] Queued 4 rows from data_doc10_research_dataaaaaa_table_3
[2026-03-08T09:58:03.078+0000] {embedding_pipeline.py:282} INFO - [embed] Queued 4 rows from data_doc1111_table_1
[2026-03-08T09:58:03.089+0000] {embedding_pipeline.py:282} INFO - [embed] Queued 4 rows from data_doc1111_table_2
[2026-03-08T09:58:03.099+0000] {embedding_pipeline.py:282} INFO - [embed] Queued 4 rows from data_doc1111_table_3
[2026-03-08T09:58:03.110+0000] {embedding_pipeline.py:282} INFO - [embed] Queued 4 rows from data_doc1_sales_report_table_1
[2026-03-08T09:58:03.122+0000] {embedding_pipeline.py:282} INFO - [embed] Queued 4 rows from data_doc1_sales_report_table_2
[2026-03-08T09:58:03.136+0000] {embedding_pipeline.py:282} INFO - [embed] Queued 4 rows from data_doc1_sales_report_table_3
[2026-03-08T09:58:03.146+0000] {embedding_pipeline.py:282} INFO - [embed] Queued 5 rows from data_doc2_employee_directory_table_1
[2026-03-08T09:58:03.159+0000] {embedding_pipeline.py:282} INFO - [embed] Queued 4 rows from data_doc2_employee_directory_table_2
[2026-03-08T09:58:03.168+0000] {embedding_pipeline.py:282} INFO - [embed] Queued 4 rows from data_doc2_employee_directory_table_3
[2026-03-08T09:58:03.178+0000] {embedding_pipeline.py:282} INFO - [embed] Queued 4 rows from data_doc3_inventory_report_table_1
[2026-03-08T09:58:03.187+0000] {embedding_pipeline.py:282} INFO - [embed] Queued 4 rows from data_doc3_inventory_report_table_2
[2026-03-08T09:58:03.196+0000] {embedding_pipeline.py:282} INFO - [embed] Queued 4 rows from data_doc3_inventory_report_table_3
[2026-03-08T09:58:03.205+0000] {embedding_pipeline.py:282} INFO - [embed] Queued 4 rows from data_doc4_financial_statement_table_1
[2026-03-08T09:58:03.217+0000] {embedding_pipeline.py:282} INFO - [embed] Queued 4 rows from data_doc4_financial_statement_table_2
[2026-03-08T09:58:03.227+0000] {embedding_pipeline.py:282} INFO - [embed] Queued 4 rows from data_doc4_financial_statement_table_3
[2026-03-08T09:58:03.236+0000] {embedding_pipeline.py:282} INFO - [embed] Queued 4 rows from data_doc5_project_status_table_1
[2026-03-08T09:58:03.245+0000] {embedding_pipeline.py:282} INFO - [embed] Queued 4 rows from data_doc5_project_status_table_2
[2026-03-08T09:58:03.255+0000] {embedding_pipeline.py:282} INFO - [embed] Queued 4 rows from data_doc5_project_status_table_3
[2026-03-08T09:58:03.264+0000] {embedding_pipeline.py:282} INFO - [embed] Queued 4 rows from data_doc6_customer_analysis_table_1
[2026-03-08T09:58:03.273+0000] {embedding_pipeline.py:282} INFO - [embed] Queued 4 rows from data_doc6_customer_analysis_table_2
[2026-03-08T09:58:03.284+0000] {embedding_pipeline.py:282} INFO - [embed] Queued 4 rows from data_doc6_customer_analysis_table_3
[2026-03-08T09:58:03.293+0000] {embedding_pipeline.py:282} INFO - [embed] Queued 4 rows from data_doc7_marketing_metricsss_table_1
[2026-03-08T09:58:03.303+0000] {embedding_pipeline.py:282} INFO - [embed] Queued 4 rows from data_doc7_marketing_metricsss_table_3
[2026-03-08T09:58:03.312+0000] {embedding_pipeline.py:282} INFO - [embed] Queued 5 rows from data_doc8_it_assets_page2_table1
[2026-03-08T09:58:03.321+0000] {embedding_pipeline.py:282} INFO - [embed] Queued 5 rows from data_doc8_it_assets_page2_table2
[2026-03-08T09:58:03.331+0000] {embedding_pipeline.py:282} INFO - [embed] Queued 5 rows from data_doc8_it_assets_page3_table1
[2026-03-08T09:58:03.341+0000] {embedding_pipeline.py:282} INFO - [embed] Queued 5 rows from data_doc9_quality_assurance_page2_table1
[2026-03-08T09:58:03.350+0000] {embedding_pipeline.py:282} INFO - [embed] Queued 4 rows from data_doc9_quality_assurance_page2_table2
[2026-03-08T09:58:03.359+0000] {embedding_pipeline.py:282} INFO - [embed] Queued 5 rows from data_doc9_quality_assurance_page3_table1
[2026-03-08T09:58:03.369+0000] {embedding_pipeline.py:282} INFO - [embed] Queued 4 rows from data_doc9_quality_assuranceeee_table_1
[2026-03-08T09:58:03.378+0000] {embedding_pipeline.py:282} INFO - [embed] Queued 4 rows from data_doc9_quality_assuranceeee_table_2
[2026-03-08T09:58:03.387+0000] {embedding_pipeline.py:282} INFO - [embed] Queued 4 rows from data_doc9_quality_assuranceeee_table_3
[2026-03-08T09:58:03.397+0000] {embedding_pipeline.py:282} INFO - [embed] Queued 8 rows from data_movies
[2026-03-08T09:58:03.406+0000] {embedding_pipeline.py:282} INFO - [embed] Queued 5 rows from data_nimish_research1_1_page3_table1
[2026-03-08T09:58:03.415+0000] {embedding_pipeline.py:282} INFO - [embed] Queued 5 rows from data_nimish_research3_page4_table1
[2026-03-08T09:58:03.424+0000] {embedding_pipeline.py:282} INFO - [embed] Queued 8 rows from data_nimish_research3_page7_table1
[2026-03-08T09:58:03.434+0000] {embedding_pipeline.py:282} INFO - [embed] Queued 5 rows from data_nitin_gavhane_resume_table_1
[2026-03-08T09:58:03.487+0000] {embedding_pipeline.py:282} INFO - [embed] Queued 1000 rows from data_organizations_1000
[2026-03-08T09:58:03.539+0000] {embedding_pipeline.py:282} INFO - [embed] Queued 1000 rows from data_people_1000
[2026-03-08T09:58:03.549+0000] {embedding_pipeline.py:282} INFO - [embed] Queued 8 rows from data_products
[2026-03-08T09:58:03.558+0000] {embedding_pipeline.py:282} INFO - [embed] Queued 8 rows from data_sales
[2026-03-08T09:58:03.570+0000] {embedding_pipeline.py:282} INFO - [embed] Queued 3 rows from data_sample_tables_page10_table1
[2026-03-08T09:58:03.579+0000] {embedding_pipeline.py:282} INFO - [embed] Queued 12 rows from data_sample_tables_page10_table2
[2026-03-08T09:58:03.589+0000] {embedding_pipeline.py:282} INFO - [embed] Queued 12 rows from data_sample_tables_page11_table1
[2026-03-08T09:58:03.598+0000] {embedding_pipeline.py:282} INFO - [embed] Queued 2 rows from data_sample_tables_page1_table1
[2026-03-08T09:58:03.609+0000] {embedding_pipeline.py:282} INFO - [embed] Queued 7 rows from data_sample_tables_page1_table2
[2026-03-08T09:58:03.619+0000] {embedding_pipeline.py:282} INFO - [embed] Queued 5 rows from data_sample_tables_page1_table3
[2026-03-08T09:58:03.628+0000] {embedding_pipeline.py:282} INFO - [embed] Queued 6 rows from data_sample_tables_page2_table1
[2026-03-08T09:58:03.638+0000] {embedding_pipeline.py:282} INFO - [embed] Queued 8 rows from data_sample_tables_page2_table2
[2026-03-08T09:58:03.647+0000] {embedding_pipeline.py:282} INFO - [embed] Queued 8 rows from data_sample_tables_page2_table3
[2026-03-08T09:58:03.657+0000] {embedding_pipeline.py:282} INFO - [embed] Queued 3 rows from data_sample_tables_page3_table1
[2026-03-08T09:58:03.666+0000] {embedding_pipeline.py:282} INFO - [embed] Queued 3 rows from data_sample_tables_page3_table2
[2026-03-08T09:58:03.675+0000] {embedding_pipeline.py:282} INFO - [embed] Queued 3 rows from data_sample_tables_page3_table3
[2026-03-08T09:58:03.684+0000] {embedding_pipeline.py:282} INFO - [embed] Queued 13 rows from data_sample_tables_page4_table1
[2026-03-08T09:58:03.694+0000] {embedding_pipeline.py:282} INFO - [embed] Queued 11 rows from data_sample_tables_page4_table2
[2026-03-08T09:58:03.704+0000] {embedding_pipeline.py:282} INFO - [embed] Queued 4 rows from data_sample_tables_page5_table1
[2026-03-08T09:58:03.713+0000] {embedding_pipeline.py:282} INFO - [embed] Queued 3 rows from data_sample_tables_page5_table2
[2026-03-08T09:58:03.722+0000] {embedding_pipeline.py:282} INFO - [embed] Queued 3 rows from data_sample_tables_page5_table3
[2026-03-08T09:58:03.731+0000] {embedding_pipeline.py:282} INFO - [embed] Queued 6 rows from data_sample_tables_page5_table4
[2026-03-08T09:58:03.740+0000] {embedding_pipeline.py:282} INFO - [embed] Queued 6 rows from data_sample_tables_page6_table1
[2026-03-08T09:58:03.750+0000] {embedding_pipeline.py:282} INFO - [embed] Queued 10 rows from data_sample_tables_page6_table2
[2026-03-08T09:58:03.759+0000] {embedding_pipeline.py:282} INFO - [embed] Queued 10 rows from data_sample_tables_page6_table3
[2026-03-08T09:58:03.768+0000] {embedding_pipeline.py:282} INFO - [embed] Queued 5 rows from data_sample_tables_page7_table1
[2026-03-08T09:58:03.777+0000] {embedding_pipeline.py:282} INFO - [embed] Queued 7 rows from data_sample_tables_page7_table2
[2026-03-08T09:58:03.787+0000] {embedding_pipeline.py:282} INFO - [embed] Queued 7 rows from data_sample_tables_page8_table1
[2026-03-08T09:58:03.796+0000] {embedding_pipeline.py:282} INFO - [embed] Queued 7 rows from data_sample_tables_page8_table2
[2026-03-08T09:58:03.805+0000] {embedding_pipeline.py:282} INFO - [embed] Queued 3 rows from data_sample_tables_page8_table3
[2026-03-08T09:58:03.814+0000] {embedding_pipeline.py:282} INFO - [embed] Queued 12 rows from data_sample_tables_page9_table1
[2026-03-08T09:58:03.823+0000] {embedding_pipeline.py:282} INFO - [embed] Queued 4 rows from data_sample_tables_page9_table2
[2026-03-08T09:58:03.833+0000] {embedding_pipeline.py:282} INFO - [embed] Queued 6 rows from data_sample_tables_page9_table3
[2026-03-08T09:58:03.842+0000] {embedding_pipeline.py:282} INFO - [embed] Queued 8 rows from data_social_media
[2026-03-08T09:58:03.891+0000] {embedding_pipeline.py:282} INFO - [embed] Queued 1000 rows from data_studentsperformance
[2026-03-08T09:58:03.908+0000] {embedding_pipeline.py:282} INFO - [embed] Queued 118 rows from minio_data_catalog
[2026-03-08T09:58:03.967+0000] {embedding_pipeline.py:282} INFO - [embed] Queued 103 rows from unstructured_documents
[2026-03-08T09:58:03.980+0000] {embedding_pipeline.py:282} INFO - [embed] Queued 14 rows from unstructured_images
[2026-03-08T09:58:03.984+0000] {embedding_pipeline.py:291} INFO - [embed] Backfill complete — 4122 rows queued
[2026-03-08T09:58:04.038+0000] {python.py:194} INFO - Done. Returned value was: 4122
[2026-03-08T09:58:04.135+0000] {taskinstance.py:1398} INFO - Marking task as SUCCESS. dag_id=embedding_sync_dag, task_id=backfill_existing_data, execution_date=20260308T095000, start_date=20260308T095759, end_date=20260308T095804
[2026-03-08T09:58:04.224+0000] {local_task_job_runner.py:228} INFO - Task exited with return code 0
[2026-03-08T09:58:04.321+0000] {taskinstance.py:2776} INFO - 1 downstream tasks scheduled from follow-on schedule check
