[2026-04-29T10:30:29.827+0000] {taskinstance.py:1157} INFO - Dependencies all met for dep_context=non-requeueable deps ti=<TaskInstance: distillationDAG.scan_minio_and_dispatch scheduled__2026-04-29T10:29:33.986809+00:00 [queued]>
[2026-04-29T10:30:29.848+0000] {taskinstance.py:1157} INFO - Dependencies all met for dep_context=requeueable deps ti=<TaskInstance: distillationDAG.scan_minio_and_dispatch scheduled__2026-04-29T10:29:33.986809+00:00 [queued]>
[2026-04-29T10:30:29.849+0000] {taskinstance.py:1359} INFO - Starting attempt 1 of 4
[2026-04-29T10:30:29.881+0000] {taskinstance.py:1380} INFO - Executing <Task(PythonOperator): scan_minio_and_dispatch> on 2026-04-29 10:29:33.986809+00:00
[2026-04-29T10:30:29.896+0000] {standard_task_runner.py:57} INFO - Started process 859 to run task
[2026-04-29T10:30:29.906+0000] {standard_task_runner.py:84} INFO - Running: ['***', 'tasks', 'run', 'distillationDAG', 'scan_minio_and_dispatch', 'scheduled__2026-04-29T10:29:33.986809+00:00', '--job-id', '3823', '--raw', '--subdir', 'DAGS_FOLDER/dispatcher_pipeline_dag.py', '--cfg-path', '/tmp/tmpjw4x5m08']
[2026-04-29T10:30:29.914+0000] {standard_task_runner.py:85} INFO - Job 3823: Subtask scan_minio_and_dispatch
[2026-04-29T10:30:30.081+0000] {task_command.py:415} INFO - Running <TaskInstance: distillationDAG.scan_minio_and_dispatch scheduled__2026-04-29T10:29:33.986809+00:00 [running]> on host 60d183c36f4b
[2026-04-29T10:30:30.764+0000] {taskinstance.py:1660} INFO - Exporting env vars: AIRFLOW_CTX_DAG_OWNER='***' AIRFLOW_CTX_DAG_ID='distillationDAG' AIRFLOW_CTX_TASK_ID='scan_minio_and_dispatch' AIRFLOW_CTX_EXECUTION_DATE='2026-04-29T10:29:33.986809+00:00' AIRFLOW_CTX_TRY_NUMBER='1' AIRFLOW_CTX_DAG_RUN_ID='scheduled__2026-04-29T10:29:33.986809+00:00'
[2026-04-29T10:30:30.830+0000] {logging_mixin.py:151} INFO - [DISPATCHER] Found file: raw/MISPBLINTRO.pdf
[2026-04-29T10:30:31.964+0000] {pdf_pipeline.py:395} INFO - [pdf] Processing raw/MISPBLINTRO.pdf
[2026-04-29T10:30:31.977+0000] {pdf_pipeline.py:427} INFO - [pdf] Extracting text from PDF...
[2026-04-29T10:30:32.106+0000] {pdf_pipeline.py:449} INFO - [pdf] Extracted 1815 characters of text from 3 pages
[2026-04-29T10:30:32.115+0000] {pdf_pipeline.py:468} INFO - [pdf] Uploaded extracted text -> processed/unstructured/text-extracted/MISPBLINTRO.txt
[2026-04-29T10:30:32.123+0000] {pdf_pipeline.py:77} ERROR - [pdf] Failed saving to unstructured_documents: there is no unique or exclusion constraint matching the ON CONFLICT specification
Traceback (most recent call last):
  File "/opt/python-etl/pipelines/pdf_pipeline.py", line 60, in _save_unstructured_doc
    cursor.execute(
psycopg2.errors.InvalidColumnReference: there is no unique or exclusion constraint matching the ON CONFLICT specification

[2026-04-29T10:30:32.126+0000] {pdf_pipeline.py:80} WARNING - [pdf] Continuing pipeline despite unstructured_documents save failure
[2026-04-29T10:30:32.135+0000] {pdf_pipeline.py:498} INFO - [pdf] Created catalog entry for extracted text: processed/unstructured/text-extracted/MISPBLINTRO.txt
[2026-04-29T10:30:32.135+0000] {pdf_pipeline.py:505} INFO - [pdf] Extracting tables from PDF...
[2026-04-29T10:30:32.329+0000] {pdf_pipeline.py:263} INFO - [pdf] Uploaded table CSV -> processed/structured/pdf-tables/MISPBLINTRO_page1_table1.csv
[2026-04-29T10:30:32.330+0000] {structured_pipeline.py:108} INFO - Table name: data_mispblintro_page1_table1
[2026-04-29T10:30:32.335+0000] {structured_pipeline.py:124} INFO - [Normalize] Normalizing DataFrame with 3 columns
[2026-04-29T10:30:32.355+0000] {logging_mixin.py:151} WARNING - /opt/python-etl/pipelines/structured_pipeline.py:211 UserWarning: Could not infer format, so each element will be parsed individually, falling back to `dateutil`. To ensure parsing is consistent and as-expected, please specify a format.
[2026-04-29T10:30:32.379+0000] {pdf_pipeline.py:327} INFO - [pdf] Created table: data_mispblintro_page1_table1
[2026-04-29T10:30:32.383+0000] {pdf_pipeline.py:340} INFO - [pdf] Loaded 2 rows into data_mispblintro_page1_table1
[2026-04-29T10:30:32.387+0000] {pdf_pipeline.py:567} INFO - [pdf] Processed table 1: 2 rows, 3 columns
[2026-04-29T10:30:32.665+0000] {pdf_pipeline.py:584} INFO - [pdf] Extracted 1 tables with 2 total rows
[2026-04-29T10:30:32.669+0000] {pdf_pipeline.py:615} INFO - [pdf] Marked raw entry as processed: raw/MISPBLINTRO.pdf
[2026-04-29T10:30:32.672+0000] {pdf_pipeline.py:627} INFO - [pdf] Created processed catalog entry: processed/MISPBLINTRO.pdf
[2026-04-29T10:30:32.676+0000] {pdf_pipeline.py:639} INFO - [pdf] Removed old catalog entry: raw/MISPBLINTRO.pdf
[2026-04-29T10:30:32.676+0000] {pdf_pipeline.py:646} INFO - [pdf] ✅ Completed processing: raw/MISPBLINTRO.pdf | pages=3 | tables=1 | rows=2 | text_chars=1815
[2026-04-29T10:30:32.677+0000] {etl_manager.py:287} INFO - ETL completed: raw/MISPBLINTRO.pdf
[2026-04-29T10:30:32.678+0000] {logging_mixin.py:151} INFO - [DISPATCHER] Archiving raw/MISPBLINTRO.pdf -> raw-data/2026-04-29/MISPBLINTRO.pdf
[2026-04-29T10:30:32.729+0000] {logging_mixin.py:151} INFO - [DISPATCHER] Catalog updated for archive: raw-data/2026-04-29/MISPBLINTRO.pdf
[2026-04-29T10:30:32.739+0000] {logging_mixin.py:151} INFO - [DISPATCHER] Completed & removed landing copy: raw/MISPBLINTRO.pdf
[2026-04-29T10:30:32.740+0000] {python.py:194} INFO - Done. Returned value was: None
[2026-04-29T10:30:32.783+0000] {taskinstance.py:1398} INFO - Marking task as SUCCESS. dag_id=distillationDAG, task_id=scan_minio_and_dispatch, execution_date=20260429T102933, start_date=20260429T103029, end_date=20260429T103032
[2026-04-29T10:30:32.858+0000] {local_task_job_runner.py:228} INFO - Task exited with return code 0
[2026-04-29T10:30:32.950+0000] {taskinstance.py:2776} INFO - 0 downstream tasks scheduled from follow-on schedule check
