[2026-04-11T05:27:32.783+0000] {processor.py:157} INFO - Started process (PID=1374) to work on /opt/airflow/dags/dispatcher_pipeline_dag.py
[2026-04-11T05:27:32.802+0000] {processor.py:829} INFO - Processing file /opt/airflow/dags/dispatcher_pipeline_dag.py for tasks to queue
[2026-04-11T05:27:32.816+0000] {logging_mixin.py:151} INFO - [2026-04-11T05:27:32.814+0000] {dagbag.py:539} INFO - Filling up the DagBag from /opt/airflow/dags/dispatcher_pipeline_dag.py
[2026-04-11T05:27:35.048+0000] {processor.py:839} INFO - DAG(s) dict_keys(['distillationDAG']) retrieved from /opt/airflow/dags/dispatcher_pipeline_dag.py
[2026-04-11T05:27:35.160+0000] {logging_mixin.py:151} INFO - [2026-04-11T05:27:35.159+0000] {dag.py:2915} INFO - Sync 1 DAGs
[2026-04-11T05:27:35.229+0000] {logging_mixin.py:151} INFO - [2026-04-11T05:27:35.228+0000] {dag.py:3696} INFO - Setting next_dagrun for distillationDAG to 2026-04-11T05:26:50.228093+00:00, run_after=2026-04-11T05:27:35.228093+00:00
[2026-04-11T05:27:35.277+0000] {processor.py:179} INFO - Processing /opt/airflow/dags/dispatcher_pipeline_dag.py took 2.724 seconds
[2026-04-11T05:28:05.715+0000] {processor.py:157} INFO - Started process (PID=1407) to work on /opt/airflow/dags/dispatcher_pipeline_dag.py
[2026-04-11T05:28:05.717+0000] {processor.py:829} INFO - Processing file /opt/airflow/dags/dispatcher_pipeline_dag.py for tasks to queue
[2026-04-11T05:28:05.720+0000] {logging_mixin.py:151} INFO - [2026-04-11T05:28:05.719+0000] {dagbag.py:539} INFO - Filling up the DagBag from /opt/airflow/dags/dispatcher_pipeline_dag.py
[2026-04-11T05:28:07.281+0000] {processor.py:839} INFO - DAG(s) dict_keys(['distillationDAG']) retrieved from /opt/airflow/dags/dispatcher_pipeline_dag.py
[2026-04-11T05:28:07.401+0000] {logging_mixin.py:151} INFO - [2026-04-11T05:28:07.400+0000] {dag.py:2915} INFO - Sync 1 DAGs
[2026-04-11T05:28:07.466+0000] {logging_mixin.py:151} INFO - [2026-04-11T05:28:07.466+0000] {dag.py:3696} INFO - Setting next_dagrun for distillationDAG to 2026-04-11T05:27:22.465898+00:00, run_after=2026-04-11T05:28:07.465898+00:00
[2026-04-11T05:28:07.523+0000] {processor.py:179} INFO - Processing /opt/airflow/dags/dispatcher_pipeline_dag.py took 1.819 seconds
[2026-04-11T05:28:38.305+0000] {processor.py:157} INFO - Started process (PID=1425) to work on /opt/airflow/dags/dispatcher_pipeline_dag.py
[2026-04-11T05:28:38.307+0000] {processor.py:829} INFO - Processing file /opt/airflow/dags/dispatcher_pipeline_dag.py for tasks to queue
[2026-04-11T05:28:38.309+0000] {logging_mixin.py:151} INFO - [2026-04-11T05:28:38.308+0000] {dagbag.py:539} INFO - Filling up the DagBag from /opt/airflow/dags/dispatcher_pipeline_dag.py
[2026-04-11T05:28:39.903+0000] {processor.py:839} INFO - DAG(s) dict_keys(['distillationDAG']) retrieved from /opt/airflow/dags/dispatcher_pipeline_dag.py
[2026-04-11T05:28:39.991+0000] {logging_mixin.py:151} INFO - [2026-04-11T05:28:39.990+0000] {dag.py:2915} INFO - Sync 1 DAGs
[2026-04-11T05:28:40.051+0000] {logging_mixin.py:151} INFO - [2026-04-11T05:28:40.050+0000] {dag.py:3696} INFO - Setting next_dagrun for distillationDAG to 2026-04-11T05:27:55.050365+00:00, run_after=2026-04-11T05:28:40.050365+00:00
[2026-04-11T05:28:40.097+0000] {processor.py:179} INFO - Processing /opt/airflow/dags/dispatcher_pipeline_dag.py took 1.802 seconds
[2026-04-11T05:29:10.487+0000] {processor.py:157} INFO - Started process (PID=1443) to work on /opt/airflow/dags/dispatcher_pipeline_dag.py
[2026-04-11T05:29:10.490+0000] {processor.py:829} INFO - Processing file /opt/airflow/dags/dispatcher_pipeline_dag.py for tasks to queue
[2026-04-11T05:29:10.493+0000] {logging_mixin.py:151} INFO - [2026-04-11T05:29:10.492+0000] {dagbag.py:539} INFO - Filling up the DagBag from /opt/airflow/dags/dispatcher_pipeline_dag.py
[2026-04-11T05:29:12.054+0000] {processor.py:839} INFO - DAG(s) dict_keys(['distillationDAG']) retrieved from /opt/airflow/dags/dispatcher_pipeline_dag.py
[2026-04-11T05:29:12.141+0000] {logging_mixin.py:151} INFO - [2026-04-11T05:29:12.140+0000] {dag.py:2915} INFO - Sync 1 DAGs
[2026-04-11T05:29:12.202+0000] {logging_mixin.py:151} INFO - [2026-04-11T05:29:12.202+0000] {dag.py:3696} INFO - Setting next_dagrun for distillationDAG to 2026-04-11T05:28:27.201698+00:00, run_after=2026-04-11T05:29:12.201698+00:00
[2026-04-11T05:29:12.246+0000] {processor.py:179} INFO - Processing /opt/airflow/dags/dispatcher_pipeline_dag.py took 1.771 seconds
[2026-04-11T05:29:42.834+0000] {processor.py:157} INFO - Started process (PID=1461) to work on /opt/airflow/dags/dispatcher_pipeline_dag.py
[2026-04-11T05:29:42.836+0000] {processor.py:829} INFO - Processing file /opt/airflow/dags/dispatcher_pipeline_dag.py for tasks to queue
[2026-04-11T05:29:42.839+0000] {logging_mixin.py:151} INFO - [2026-04-11T05:29:42.838+0000] {dagbag.py:539} INFO - Filling up the DagBag from /opt/airflow/dags/dispatcher_pipeline_dag.py
[2026-04-11T05:29:44.324+0000] {processor.py:839} INFO - DAG(s) dict_keys(['distillationDAG']) retrieved from /opt/airflow/dags/dispatcher_pipeline_dag.py
[2026-04-11T05:29:44.411+0000] {logging_mixin.py:151} INFO - [2026-04-11T05:29:44.410+0000] {dag.py:2915} INFO - Sync 1 DAGs
[2026-04-11T05:29:44.469+0000] {logging_mixin.py:151} INFO - [2026-04-11T05:29:44.468+0000] {dag.py:3696} INFO - Setting next_dagrun for distillationDAG to 2026-04-11T05:28:59.468152+00:00, run_after=2026-04-11T05:29:44.468152+00:00
[2026-04-11T05:29:44.510+0000] {processor.py:179} INFO - Processing /opt/airflow/dags/dispatcher_pipeline_dag.py took 1.688 seconds
[2026-04-11T05:30:14.750+0000] {processor.py:157} INFO - Started process (PID=1479) to work on /opt/airflow/dags/dispatcher_pipeline_dag.py
[2026-04-11T05:30:14.753+0000] {processor.py:829} INFO - Processing file /opt/airflow/dags/dispatcher_pipeline_dag.py for tasks to queue
[2026-04-11T05:30:14.755+0000] {logging_mixin.py:151} INFO - [2026-04-11T05:30:14.754+0000] {dagbag.py:539} INFO - Filling up the DagBag from /opt/airflow/dags/dispatcher_pipeline_dag.py
[2026-04-11T05:30:16.286+0000] {processor.py:839} INFO - DAG(s) dict_keys(['distillationDAG']) retrieved from /opt/airflow/dags/dispatcher_pipeline_dag.py
[2026-04-11T05:30:16.382+0000] {logging_mixin.py:151} INFO - [2026-04-11T05:30:16.381+0000] {dag.py:2915} INFO - Sync 1 DAGs
[2026-04-11T05:30:16.450+0000] {logging_mixin.py:151} INFO - [2026-04-11T05:30:16.449+0000] {dag.py:3696} INFO - Setting next_dagrun for distillationDAG to 2026-04-11T05:29:31.449247+00:00, run_after=2026-04-11T05:30:16.449247+00:00
[2026-04-11T05:30:16.501+0000] {processor.py:179} INFO - Processing /opt/airflow/dags/dispatcher_pipeline_dag.py took 1.761 seconds
[2026-04-11T05:30:46.976+0000] {processor.py:157} INFO - Started process (PID=1497) to work on /opt/airflow/dags/dispatcher_pipeline_dag.py
[2026-04-11T05:30:46.979+0000] {processor.py:829} INFO - Processing file /opt/airflow/dags/dispatcher_pipeline_dag.py for tasks to queue
[2026-04-11T05:30:46.982+0000] {logging_mixin.py:151} INFO - [2026-04-11T05:30:46.980+0000] {dagbag.py:539} INFO - Filling up the DagBag from /opt/airflow/dags/dispatcher_pipeline_dag.py
[2026-04-11T05:30:48.578+0000] {processor.py:839} INFO - DAG(s) dict_keys(['distillationDAG']) retrieved from /opt/airflow/dags/dispatcher_pipeline_dag.py
[2026-04-11T05:30:48.667+0000] {logging_mixin.py:151} INFO - [2026-04-11T05:30:48.666+0000] {dag.py:2915} INFO - Sync 1 DAGs
[2026-04-11T05:30:48.725+0000] {logging_mixin.py:151} INFO - [2026-04-11T05:30:48.725+0000] {dag.py:3696} INFO - Setting next_dagrun for distillationDAG to 2026-04-11T05:30:03.724570+00:00, run_after=2026-04-11T05:30:48.724570+00:00
[2026-04-11T05:30:48.767+0000] {processor.py:179} INFO - Processing /opt/airflow/dags/dispatcher_pipeline_dag.py took 1.802 seconds
[2026-04-11T05:31:19.685+0000] {processor.py:157} INFO - Started process (PID=1515) to work on /opt/airflow/dags/dispatcher_pipeline_dag.py
[2026-04-11T05:31:19.687+0000] {processor.py:829} INFO - Processing file /opt/airflow/dags/dispatcher_pipeline_dag.py for tasks to queue
[2026-04-11T05:31:19.689+0000] {logging_mixin.py:151} INFO - [2026-04-11T05:31:19.688+0000] {dagbag.py:539} INFO - Filling up the DagBag from /opt/airflow/dags/dispatcher_pipeline_dag.py
[2026-04-11T05:31:21.355+0000] {processor.py:839} INFO - DAG(s) dict_keys(['distillationDAG']) retrieved from /opt/airflow/dags/dispatcher_pipeline_dag.py
[2026-04-11T05:31:21.449+0000] {logging_mixin.py:151} INFO - [2026-04-11T05:31:21.448+0000] {dag.py:2915} INFO - Sync 1 DAGs
[2026-04-11T05:31:21.510+0000] {logging_mixin.py:151} INFO - [2026-04-11T05:31:21.510+0000] {dag.py:3696} INFO - Setting next_dagrun for distillationDAG to 2026-04-11T05:30:36.509891+00:00, run_after=2026-04-11T05:31:21.509891+00:00
[2026-04-11T05:31:21.557+0000] {processor.py:179} INFO - Processing /opt/airflow/dags/dispatcher_pipeline_dag.py took 1.884 seconds
[2026-04-11T05:31:51.941+0000] {processor.py:157} INFO - Started process (PID=1533) to work on /opt/airflow/dags/dispatcher_pipeline_dag.py
[2026-04-11T05:31:51.944+0000] {processor.py:829} INFO - Processing file /opt/airflow/dags/dispatcher_pipeline_dag.py for tasks to queue
[2026-04-11T05:31:51.947+0000] {logging_mixin.py:151} INFO - [2026-04-11T05:31:51.945+0000] {dagbag.py:539} INFO - Filling up the DagBag from /opt/airflow/dags/dispatcher_pipeline_dag.py
[2026-04-11T05:31:53.515+0000] {processor.py:839} INFO - DAG(s) dict_keys(['distillationDAG']) retrieved from /opt/airflow/dags/dispatcher_pipeline_dag.py
[2026-04-11T05:31:53.608+0000] {logging_mixin.py:151} INFO - [2026-04-11T05:31:53.607+0000] {dag.py:2915} INFO - Sync 1 DAGs
[2026-04-11T05:31:53.671+0000] {logging_mixin.py:151} INFO - [2026-04-11T05:31:53.671+0000] {dag.py:3696} INFO - Setting next_dagrun for distillationDAG to 2026-04-11T05:31:08.670881+00:00, run_after=2026-04-11T05:31:53.670881+00:00
[2026-04-11T05:31:53.719+0000] {processor.py:179} INFO - Processing /opt/airflow/dags/dispatcher_pipeline_dag.py took 1.789 seconds
