[2026-04-11T05:27:33.520+0000] {processor.py:157} INFO - Started process (PID=1385) to work on /opt/airflow/dags/ingest_local_folder_dag.py
[2026-04-11T05:27:33.528+0000] {processor.py:829} INFO - Processing file /opt/airflow/dags/ingest_local_folder_dag.py for tasks to queue
[2026-04-11T05:27:33.533+0000] {logging_mixin.py:151} INFO - [2026-04-11T05:27:33.529+0000] {dagbag.py:539} INFO - Filling up the DagBag from /opt/airflow/dags/ingest_local_folder_dag.py
[2026-04-11T05:27:34.229+0000] {processor.py:839} INFO - DAG(s) dict_keys(['ingestionDAG']) retrieved from /opt/airflow/dags/ingest_local_folder_dag.py
[2026-04-11T05:27:34.370+0000] {logging_mixin.py:151} INFO - [2026-04-11T05:27:34.370+0000] {dag.py:2915} INFO - Sync 1 DAGs
[2026-04-11T05:27:34.435+0000] {logging_mixin.py:151} INFO - [2026-04-11T05:27:34.434+0000] {dag.py:3696} INFO - Setting next_dagrun for ingestionDAG to 2026-04-11T05:27:04.434287+00:00, run_after=2026-04-11T05:27:34.434287+00:00
[2026-04-11T05:27:34.499+0000] {processor.py:179} INFO - Processing /opt/airflow/dags/ingest_local_folder_dag.py took 1.002 seconds
[2026-04-11T05:28:04.791+0000] {processor.py:157} INFO - Started process (PID=1400) to work on /opt/airflow/dags/ingest_local_folder_dag.py
[2026-04-11T05:28:04.793+0000] {processor.py:829} INFO - Processing file /opt/airflow/dags/ingest_local_folder_dag.py for tasks to queue
[2026-04-11T05:28:04.796+0000] {logging_mixin.py:151} INFO - [2026-04-11T05:28:04.794+0000] {dagbag.py:539} INFO - Filling up the DagBag from /opt/airflow/dags/ingest_local_folder_dag.py
[2026-04-11T05:28:05.403+0000] {processor.py:839} INFO - DAG(s) dict_keys(['ingestionDAG']) retrieved from /opt/airflow/dags/ingest_local_folder_dag.py
[2026-04-11T05:28:05.504+0000] {logging_mixin.py:151} INFO - [2026-04-11T05:28:05.503+0000] {dag.py:2915} INFO - Sync 1 DAGs
[2026-04-11T05:28:05.581+0000] {logging_mixin.py:151} INFO - [2026-04-11T05:28:05.580+0000] {dag.py:3696} INFO - Setting next_dagrun for ingestionDAG to 2026-04-11T05:27:35.580111+00:00, run_after=2026-04-11T05:28:05.580111+00:00
[2026-04-11T05:28:05.638+0000] {processor.py:179} INFO - Processing /opt/airflow/dags/ingest_local_folder_dag.py took 0.859 seconds
[2026-04-11T05:28:36.292+0000] {processor.py:157} INFO - Started process (PID=1418) to work on /opt/airflow/dags/ingest_local_folder_dag.py
[2026-04-11T05:28:36.295+0000] {processor.py:829} INFO - Processing file /opt/airflow/dags/ingest_local_folder_dag.py for tasks to queue
[2026-04-11T05:28:36.298+0000] {logging_mixin.py:151} INFO - [2026-04-11T05:28:36.297+0000] {dagbag.py:539} INFO - Filling up the DagBag from /opt/airflow/dags/ingest_local_folder_dag.py
[2026-04-11T05:28:36.974+0000] {processor.py:839} INFO - DAG(s) dict_keys(['ingestionDAG']) retrieved from /opt/airflow/dags/ingest_local_folder_dag.py
[2026-04-11T05:28:37.087+0000] {logging_mixin.py:151} INFO - [2026-04-11T05:28:37.087+0000] {dag.py:2915} INFO - Sync 1 DAGs
[2026-04-11T05:28:37.168+0000] {logging_mixin.py:151} INFO - [2026-04-11T05:28:37.167+0000] {dag.py:3696} INFO - Setting next_dagrun for ingestionDAG to 2026-04-11T05:28:07.166376+00:00, run_after=2026-04-11T05:28:37.166376+00:00
[2026-04-11T05:28:37.239+0000] {processor.py:179} INFO - Processing /opt/airflow/dags/ingest_local_folder_dag.py took 0.967 seconds
[2026-04-11T05:29:07.521+0000] {processor.py:157} INFO - Started process (PID=1436) to work on /opt/airflow/dags/ingest_local_folder_dag.py
[2026-04-11T05:29:07.524+0000] {processor.py:829} INFO - Processing file /opt/airflow/dags/ingest_local_folder_dag.py for tasks to queue
[2026-04-11T05:29:07.526+0000] {logging_mixin.py:151} INFO - [2026-04-11T05:29:07.525+0000] {dagbag.py:539} INFO - Filling up the DagBag from /opt/airflow/dags/ingest_local_folder_dag.py
[2026-04-11T05:29:08.165+0000] {processor.py:839} INFO - DAG(s) dict_keys(['ingestionDAG']) retrieved from /opt/airflow/dags/ingest_local_folder_dag.py
[2026-04-11T05:29:08.273+0000] {logging_mixin.py:151} INFO - [2026-04-11T05:29:08.273+0000] {dag.py:2915} INFO - Sync 1 DAGs
[2026-04-11T05:29:08.344+0000] {logging_mixin.py:151} INFO - [2026-04-11T05:29:08.343+0000] {dag.py:3696} INFO - Setting next_dagrun for ingestionDAG to 2026-04-11T05:28:38.343147+00:00, run_after=2026-04-11T05:29:08.343147+00:00
[2026-04-11T05:29:08.398+0000] {processor.py:179} INFO - Processing /opt/airflow/dags/ingest_local_folder_dag.py took 0.889 seconds
[2026-04-11T05:29:38.951+0000] {processor.py:157} INFO - Started process (PID=1454) to work on /opt/airflow/dags/ingest_local_folder_dag.py
[2026-04-11T05:29:38.954+0000] {processor.py:829} INFO - Processing file /opt/airflow/dags/ingest_local_folder_dag.py for tasks to queue
[2026-04-11T05:29:38.956+0000] {logging_mixin.py:151} INFO - [2026-04-11T05:29:38.955+0000] {dagbag.py:539} INFO - Filling up the DagBag from /opt/airflow/dags/ingest_local_folder_dag.py
[2026-04-11T05:29:39.551+0000] {processor.py:839} INFO - DAG(s) dict_keys(['ingestionDAG']) retrieved from /opt/airflow/dags/ingest_local_folder_dag.py
[2026-04-11T05:29:39.640+0000] {logging_mixin.py:151} INFO - [2026-04-11T05:29:39.640+0000] {dag.py:2915} INFO - Sync 1 DAGs
[2026-04-11T05:29:39.699+0000] {logging_mixin.py:151} INFO - [2026-04-11T05:29:39.699+0000] {dag.py:3696} INFO - Setting next_dagrun for ingestionDAG to 2026-04-11T05:29:09.698701+00:00, run_after=2026-04-11T05:29:39.698701+00:00
[2026-04-11T05:29:39.741+0000] {processor.py:179} INFO - Processing /opt/airflow/dags/ingest_local_folder_dag.py took 0.802 seconds
[2026-04-11T05:30:09.844+0000] {processor.py:157} INFO - Started process (PID=1472) to work on /opt/airflow/dags/ingest_local_folder_dag.py
[2026-04-11T05:30:09.846+0000] {processor.py:829} INFO - Processing file /opt/airflow/dags/ingest_local_folder_dag.py for tasks to queue
[2026-04-11T05:30:09.849+0000] {logging_mixin.py:151} INFO - [2026-04-11T05:30:09.847+0000] {dagbag.py:539} INFO - Filling up the DagBag from /opt/airflow/dags/ingest_local_folder_dag.py
[2026-04-11T05:30:10.460+0000] {processor.py:839} INFO - DAG(s) dict_keys(['ingestionDAG']) retrieved from /opt/airflow/dags/ingest_local_folder_dag.py
[2026-04-11T05:30:10.551+0000] {logging_mixin.py:151} INFO - [2026-04-11T05:30:10.550+0000] {dag.py:2915} INFO - Sync 1 DAGs
[2026-04-11T05:30:10.610+0000] {logging_mixin.py:151} INFO - [2026-04-11T05:30:10.610+0000] {dag.py:3696} INFO - Setting next_dagrun for ingestionDAG to 2026-04-11T05:29:40.609515+00:00, run_after=2026-04-11T05:30:10.609515+00:00
[2026-04-11T05:30:10.652+0000] {processor.py:179} INFO - Processing /opt/airflow/dags/ingest_local_folder_dag.py took 0.820 seconds
[2026-04-11T05:30:41.067+0000] {processor.py:157} INFO - Started process (PID=1490) to work on /opt/airflow/dags/ingest_local_folder_dag.py
[2026-04-11T05:30:41.070+0000] {processor.py:829} INFO - Processing file /opt/airflow/dags/ingest_local_folder_dag.py for tasks to queue
[2026-04-11T05:30:41.072+0000] {logging_mixin.py:151} INFO - [2026-04-11T05:30:41.071+0000] {dagbag.py:539} INFO - Filling up the DagBag from /opt/airflow/dags/ingest_local_folder_dag.py
[2026-04-11T05:30:41.665+0000] {processor.py:839} INFO - DAG(s) dict_keys(['ingestionDAG']) retrieved from /opt/airflow/dags/ingest_local_folder_dag.py
[2026-04-11T05:30:41.759+0000] {logging_mixin.py:151} INFO - [2026-04-11T05:30:41.759+0000] {dag.py:2915} INFO - Sync 1 DAGs
[2026-04-11T05:30:41.828+0000] {logging_mixin.py:151} INFO - [2026-04-11T05:30:41.828+0000] {dag.py:3696} INFO - Setting next_dagrun for ingestionDAG to 2026-04-11T05:30:11.827469+00:00, run_after=2026-04-11T05:30:41.827469+00:00
[2026-04-11T05:30:41.869+0000] {processor.py:179} INFO - Processing /opt/airflow/dags/ingest_local_folder_dag.py took 0.814 seconds
[2026-04-11T05:31:11.957+0000] {processor.py:157} INFO - Started process (PID=1508) to work on /opt/airflow/dags/ingest_local_folder_dag.py
[2026-04-11T05:31:11.960+0000] {processor.py:829} INFO - Processing file /opt/airflow/dags/ingest_local_folder_dag.py for tasks to queue
[2026-04-11T05:31:11.962+0000] {logging_mixin.py:151} INFO - [2026-04-11T05:31:11.961+0000] {dagbag.py:539} INFO - Filling up the DagBag from /opt/airflow/dags/ingest_local_folder_dag.py
[2026-04-11T05:31:12.536+0000] {processor.py:839} INFO - DAG(s) dict_keys(['ingestionDAG']) retrieved from /opt/airflow/dags/ingest_local_folder_dag.py
[2026-04-11T05:31:12.627+0000] {logging_mixin.py:151} INFO - [2026-04-11T05:31:12.627+0000] {dag.py:2915} INFO - Sync 1 DAGs
[2026-04-11T05:31:12.686+0000] {logging_mixin.py:151} INFO - [2026-04-11T05:31:12.686+0000] {dag.py:3696} INFO - Setting next_dagrun for ingestionDAG to 2026-04-11T05:30:42.685536+00:00, run_after=2026-04-11T05:31:12.685536+00:00
[2026-04-11T05:31:12.727+0000] {processor.py:179} INFO - Processing /opt/airflow/dags/ingest_local_folder_dag.py took 0.782 seconds
[2026-04-11T05:31:42.999+0000] {processor.py:157} INFO - Started process (PID=1526) to work on /opt/airflow/dags/ingest_local_folder_dag.py
[2026-04-11T05:31:43.002+0000] {processor.py:829} INFO - Processing file /opt/airflow/dags/ingest_local_folder_dag.py for tasks to queue
[2026-04-11T05:31:43.005+0000] {logging_mixin.py:151} INFO - [2026-04-11T05:31:43.003+0000] {dagbag.py:539} INFO - Filling up the DagBag from /opt/airflow/dags/ingest_local_folder_dag.py
[2026-04-11T05:31:43.595+0000] {processor.py:839} INFO - DAG(s) dict_keys(['ingestionDAG']) retrieved from /opt/airflow/dags/ingest_local_folder_dag.py
[2026-04-11T05:31:43.692+0000] {logging_mixin.py:151} INFO - [2026-04-11T05:31:43.691+0000] {dag.py:2915} INFO - Sync 1 DAGs
[2026-04-11T05:31:43.760+0000] {logging_mixin.py:151} INFO - [2026-04-11T05:31:43.759+0000] {dag.py:3696} INFO - Setting next_dagrun for ingestionDAG to 2026-04-11T05:31:13.758975+00:00, run_after=2026-04-11T05:31:43.758975+00:00
[2026-04-11T05:31:43.808+0000] {processor.py:179} INFO - Processing /opt/airflow/dags/ingest_local_folder_dag.py took 0.820 seconds
[2026-04-11T05:32:13.888+0000] {processor.py:157} INFO - Started process (PID=1544) to work on /opt/airflow/dags/ingest_local_folder_dag.py
[2026-04-11T05:32:13.891+0000] {processor.py:829} INFO - Processing file /opt/airflow/dags/ingest_local_folder_dag.py for tasks to queue
[2026-04-11T05:32:13.894+0000] {logging_mixin.py:151} INFO - [2026-04-11T05:32:13.892+0000] {dagbag.py:539} INFO - Filling up the DagBag from /opt/airflow/dags/ingest_local_folder_dag.py
[2026-04-11T05:32:14.474+0000] {processor.py:839} INFO - DAG(s) dict_keys(['ingestionDAG']) retrieved from /opt/airflow/dags/ingest_local_folder_dag.py
[2026-04-11T05:32:14.572+0000] {logging_mixin.py:151} INFO - [2026-04-11T05:32:14.571+0000] {dag.py:2915} INFO - Sync 1 DAGs
[2026-04-11T05:32:14.653+0000] {logging_mixin.py:151} INFO - [2026-04-11T05:32:14.653+0000] {dag.py:3696} INFO - Setting next_dagrun for ingestionDAG to 2026-04-11T05:31:44.652420+00:00, run_after=2026-04-11T05:32:14.652420+00:00
[2026-04-11T05:32:14.714+0000] {processor.py:179} INFO - Processing /opt/airflow/dags/ingest_local_folder_dag.py took 0.838 seconds
