[2025-12-30T06:59:23.653+0000] {taskinstance.py:1157} INFO - Dependencies all met for dep_context=non-requeueable deps ti=<TaskInstance: distillationDAG.scan_minio_and_dispatch scheduled__2025-12-30T06:53:17.793747+00:00 [queued]>
[2025-12-30T06:59:23.670+0000] {taskinstance.py:1157} INFO - Dependencies all met for dep_context=requeueable deps ti=<TaskInstance: distillationDAG.scan_minio_and_dispatch scheduled__2025-12-30T06:53:17.793747+00:00 [queued]>
[2025-12-30T06:59:23.670+0000] {taskinstance.py:1359} INFO - Starting attempt 2 of 4
[2025-12-30T06:59:23.693+0000] {taskinstance.py:1380} INFO - Executing <Task(PythonOperator): scan_minio_and_dispatch> on 2025-12-30 06:53:17.793747+00:00
[2025-12-30T06:59:23.705+0000] {standard_task_runner.py:57} INFO - Started process 221 to run task
[2025-12-30T06:59:23.712+0000] {standard_task_runner.py:84} INFO - Running: ['***', 'tasks', 'run', 'distillationDAG', 'scan_minio_and_dispatch', 'scheduled__2025-12-30T06:53:17.793747+00:00', '--job-id', '602', '--raw', '--subdir', 'DAGS_FOLDER/dispatcher_pipeline_dag.py', '--cfg-path', '/tmp/tmpha2xj_2x']
[2025-12-30T06:59:23.718+0000] {standard_task_runner.py:85} INFO - Job 602: Subtask scan_minio_and_dispatch
[2025-12-30T06:59:23.764+0000] {logging_mixin.py:151} WARNING - /home/***/.local/lib/python3.11/site-packages/***/settings.py:195 DeprecationWarning: The sql_alchemy_conn option in [core] has been moved to the sql_alchemy_conn option in [database] - the old setting has been used, but please update your config.
[2025-12-30T06:59:23.855+0000] {task_command.py:415} INFO - Running <TaskInstance: distillationDAG.scan_minio_and_dispatch scheduled__2025-12-30T06:53:17.793747+00:00 [running]> on host c46ac94d2345
[2025-12-30T06:59:24.363+0000] {taskinstance.py:1660} INFO - Exporting env vars: AIRFLOW_CTX_DAG_OWNER='***' AIRFLOW_CTX_DAG_ID='distillationDAG' AIRFLOW_CTX_TASK_ID='scan_minio_and_dispatch' AIRFLOW_CTX_EXECUTION_DATE='2025-12-30T06:53:17.793747+00:00' AIRFLOW_CTX_TRY_NUMBER='2' AIRFLOW_CTX_DAG_RUN_ID='scheduled__2025-12-30T06:53:17.793747+00:00'
[2025-12-30T06:59:24.379+0000] {logging_mixin.py:151} INFO - [DISPATCHER] Found file: raw/sample-local-pdf.pdf
[2025-12-30T06:59:24.632+0000] {pdf_pipeline.py:344} INFO - [pdf] Processing raw/sample-local-pdf.pdf
[2025-12-30T06:59:24.640+0000] {pdf_pipeline.py:391} INFO - [pdf] Extracting text from PDF...
[2025-12-30T06:59:24.641+0000] {_utils.py:457} WARNING - Ignoring wrong pointing object 8 0 (offset 0)
[2025-12-30T06:59:24.848+0000] {pdf_pipeline.py:408} INFO - [pdf] Extracted 9209 characters of text from 3 pages
[2025-12-30T06:59:24.854+0000] {pdf_pipeline.py:427} INFO - [pdf] Uploaded extracted text -> processed/unstructured/text-extracted/sample-local-pdf.txt
[2025-12-30T06:59:24.861+0000] {pdf_pipeline.py:87} WARNING - [pdf] Could not add UNIQUE constraint: could not create unique index "unstructured_documents_content_hash_key"
DETAIL:  Key (content_hash)=(a95d20adcf0b6ad918e0139c6c2e7fe32b571130949496df092301cfbc685f2e) is duplicated.

[2025-12-30T06:59:24.865+0000] {pdf_pipeline.py:153} INFO - [pdf] Inserted new record into unstructured_documents for raw/sample-local-pdf.pdf
[2025-12-30T06:59:24.866+0000] {pdf_pipeline.py:449} INFO - [pdf] Extracting tables from PDF...
[2025-12-30T06:59:25.296+0000] {pdf_pipeline.py:517} INFO - [pdf] Extracted 0 tables with 0 total rows
[2025-12-30T06:59:25.300+0000] {pdf_pipeline.py:529} INFO - [pdf] Updated catalog for raw/sample-local-pdf.pdf
[2025-12-30T06:59:25.301+0000] {pdf_pipeline.py:534} INFO - [pdf] ✅ Completed processing: raw/sample-local-pdf.pdf | pages=3 | tables=0 | rows=0 | text_chars=9209
[2025-12-30T06:59:25.301+0000] {etl_manager.py:295} INFO - Processing complete for: raw/sample-local-pdf.pdf
[2025-12-30T06:59:25.301+0000] {logging_mixin.py:151} INFO - [DISPATCHER] Archiving raw/sample-local-pdf.pdf -> raw-data/2025-12-30/sample-local-pdf.pdf
[2025-12-30T06:59:25.319+0000] {logging_mixin.py:151} INFO - [DISPATCHER] Completed & removed landing copy: raw/sample-local-pdf.pdf
[2025-12-30T06:59:25.319+0000] {logging_mixin.py:151} INFO - [DISPATCHER] Found file: raw/sample.doc
[2025-12-30T06:59:25.333+0000] {docx_pipeline.py:285} INFO - [docx] Processing raw/sample.doc
[2025-12-30T06:59:25.346+0000] {docx_pipeline.py:337} WARNING - [docx] .doc format is not fully supported by python-docx. Text/tables will not be extracted; only catalog entry is updated. Consider converting to .docx format for full processing.
[2025-12-30T06:59:25.347+0000] {docx_pipeline.py:370} WARNING - [docx] No text extracted from raw/sample.doc
[2025-12-30T06:59:25.349+0000] {docx_pipeline.py:413} INFO - [docx] Updated catalog for raw/sample.doc
[2025-12-30T06:59:25.349+0000] {docx_pipeline.py:418} INFO - [docx] ✅ Completed processing raw/sample.doc | tables=0 | total_rows=0 | text_chars=0
[2025-12-30T06:59:25.350+0000] {etl_manager.py:295} INFO - Processing complete for: raw/sample.doc
[2025-12-30T06:59:25.350+0000] {logging_mixin.py:151} INFO - [DISPATCHER] Archiving raw/sample.doc -> raw-data/2025-12-30/sample.doc
[2025-12-30T06:59:25.366+0000] {logging_mixin.py:151} INFO - [DISPATCHER] Completed & removed landing copy: raw/sample.doc
[2025-12-30T06:59:25.366+0000] {logging_mixin.py:151} INFO - [DISPATCHER] Found file: raw/sample.pdf
[2025-12-30T06:59:25.380+0000] {pdf_pipeline.py:344} INFO - [pdf] Processing raw/sample.pdf
[2025-12-30T06:59:25.388+0000] {pdf_pipeline.py:391} INFO - [pdf] Extracting text from PDF...
[2025-12-30T06:59:25.502+0000] {pdf_pipeline.py:404} INFO - [pdf] Processed 10/10 pages
[2025-12-30T06:59:25.502+0000] {pdf_pipeline.py:408} INFO - [pdf] Extracted 5421 characters of text from 10 pages
[2025-12-30T06:59:25.507+0000] {pdf_pipeline.py:427} INFO - [pdf] Uploaded extracted text -> processed/unstructured/text-extracted/sample.txt
[2025-12-30T06:59:25.509+0000] {pdf_pipeline.py:87} WARNING - [pdf] Could not add UNIQUE constraint: could not create unique index "unstructured_documents_content_hash_key"
DETAIL:  Key (content_hash)=(a95d20adcf0b6ad918e0139c6c2e7fe32b571130949496df092301cfbc685f2e) is duplicated.

[2025-12-30T06:59:25.510+0000] {pdf_pipeline.py:153} INFO - [pdf] Inserted new record into unstructured_documents for raw/sample.pdf
[2025-12-30T06:59:25.511+0000] {pdf_pipeline.py:449} INFO - [pdf] Extracting tables from PDF...
[2025-12-30T06:59:25.968+0000] {pdf_pipeline.py:517} INFO - [pdf] Extracted 0 tables with 0 total rows
[2025-12-30T06:59:25.972+0000] {pdf_pipeline.py:529} INFO - [pdf] Updated catalog for raw/sample.pdf
[2025-12-30T06:59:25.972+0000] {pdf_pipeline.py:534} INFO - [pdf] ✅ Completed processing: raw/sample.pdf | pages=10 | tables=0 | rows=0 | text_chars=5421
[2025-12-30T06:59:25.972+0000] {etl_manager.py:295} INFO - Processing complete for: raw/sample.pdf
[2025-12-30T06:59:25.973+0000] {logging_mixin.py:151} INFO - [DISPATCHER] Archiving raw/sample.pdf -> raw-data/2025-12-30/sample.pdf
[2025-12-30T06:59:25.983+0000] {logging_mixin.py:151} INFO - [DISPATCHER] Completed & removed landing copy: raw/sample.pdf
[2025-12-30T06:59:25.983+0000] {logging_mixin.py:151} INFO - [DISPATCHER] Found file: raw/samplyy.pdf
[2025-12-30T06:59:25.995+0000] {pdf_pipeline.py:344} INFO - [pdf] Processing raw/samplyy.pdf
[2025-12-30T06:59:26.001+0000] {pdf_pipeline.py:391} INFO - [pdf] Extracting text from PDF...
[2025-12-30T06:59:26.031+0000] {pdf_pipeline.py:408} INFO - [pdf] Extracted 2876 characters of text from 1 pages
[2025-12-30T06:59:26.036+0000] {pdf_pipeline.py:427} INFO - [pdf] Uploaded extracted text -> processed/unstructured/text-extracted/samplyy.txt
[2025-12-30T06:59:26.039+0000] {pdf_pipeline.py:87} WARNING - [pdf] Could not add UNIQUE constraint: could not create unique index "unstructured_documents_content_hash_key"
DETAIL:  Key (content_hash)=(a95d20adcf0b6ad918e0139c6c2e7fe32b571130949496df092301cfbc685f2e) is duplicated.

[2025-12-30T06:59:26.040+0000] {pdf_pipeline.py:153} INFO - [pdf] Inserted new record into unstructured_documents for raw/samplyy.pdf
[2025-12-30T06:59:26.042+0000] {pdf_pipeline.py:449} INFO - [pdf] Extracting tables from PDF...
[2025-12-30T06:59:26.165+0000] {pdf_pipeline.py:517} INFO - [pdf] Extracted 0 tables with 0 total rows
[2025-12-30T06:59:26.167+0000] {pdf_pipeline.py:529} INFO - [pdf] Updated catalog for raw/samplyy.pdf
[2025-12-30T06:59:26.167+0000] {pdf_pipeline.py:534} INFO - [pdf] ✅ Completed processing: raw/samplyy.pdf | pages=1 | tables=0 | rows=0 | text_chars=2876
[2025-12-30T06:59:26.167+0000] {etl_manager.py:295} INFO - Processing complete for: raw/samplyy.pdf
[2025-12-30T06:59:26.168+0000] {logging_mixin.py:151} INFO - [DISPATCHER] Archiving raw/samplyy.pdf -> raw-data/2025-12-30/samplyy.pdf
[2025-12-30T06:59:26.176+0000] {logging_mixin.py:151} INFO - [DISPATCHER] Completed & removed landing copy: raw/samplyy.pdf
[2025-12-30T06:59:26.176+0000] {logging_mixin.py:151} INFO - [DISPATCHER] Found file: raw/word-random-text.png
[2025-12-30T06:59:26.186+0000] {image_pipeline.py:85} INFO - [image] Processing raw/word-random-text.png
[2025-12-30T06:59:26.205+0000] {image_pipeline.py:122} INFO - [image] Image metadata: 727x576, format=PNG
[2025-12-30T06:59:26.205+0000] {image_pipeline.py:128} INFO - [image] Running OCR on raw/word-random-text.png...
[2025-12-30T06:59:26.951+0000] {image_pipeline.py:132} INFO - [image] OCR extracted 390 characters
[2025-12-30T06:59:26.956+0000] {image_pipeline.py:145} INFO - [image] OCR text uploaded to processed/unstructured/text-extracted/word-random-text.txt
[2025-12-30T06:59:26.960+0000] {image_pipeline.py:173} INFO - [image] Saved metadata to unstructured_images for raw/word-random-text.png
[2025-12-30T06:59:26.961+0000] {image_pipeline.py:187} INFO - [image] ✅ Completed processing raw/word-random-text.png | size=727x576 | format=PNG | ocr_chars=390
[2025-12-30T06:59:26.961+0000] {etl_manager.py:295} INFO - Processing complete for: raw/word-random-text.png
[2025-12-30T06:59:26.962+0000] {logging_mixin.py:151} INFO - [DISPATCHER] Archiving raw/word-random-text.png -> raw-data/2025-12-30/word-random-text.png
[2025-12-30T06:59:26.972+0000] {logging_mixin.py:151} INFO - [DISPATCHER] Completed & removed landing copy: raw/word-random-text.png
[2025-12-30T06:59:26.972+0000] {python.py:194} INFO - Done. Returned value was: None
[2025-12-30T06:59:26.993+0000] {taskinstance.py:1398} INFO - Marking task as SUCCESS. dag_id=distillationDAG, task_id=scan_minio_and_dispatch, execution_date=20251230T065317, start_date=20251230T065923, end_date=20251230T065926
[2025-12-30T06:59:27.054+0000] {local_task_job_runner.py:228} INFO - Task exited with return code 0
[2025-12-30T06:59:27.117+0000] {taskinstance.py:2776} INFO - 0 downstream tasks scheduled from follow-on schedule check
