[2026-04-25T09:22:56.883+0000] {taskinstance.py:1157} INFO - Dependencies all met for dep_context=non-requeueable deps ti=<TaskInstance: distillationDAG.scan_minio_and_dispatch scheduled__2026-04-25T09:22:09.740043+00:00 [queued]>
[2026-04-25T09:22:56.897+0000] {taskinstance.py:1157} INFO - Dependencies all met for dep_context=requeueable deps ti=<TaskInstance: distillationDAG.scan_minio_and_dispatch scheduled__2026-04-25T09:22:09.740043+00:00 [queued]>
[2026-04-25T09:22:56.898+0000] {taskinstance.py:1359} INFO - Starting attempt 1 of 4
[2026-04-25T09:22:56.931+0000] {taskinstance.py:1380} INFO - Executing <Task(PythonOperator): scan_minio_and_dispatch> on 2026-04-25 09:22:09.740043+00:00
[2026-04-25T09:22:56.948+0000] {standard_task_runner.py:57} INFO - Started process 533 to run task
[2026-04-25T09:22:56.957+0000] {standard_task_runner.py:84} INFO - Running: ['***', 'tasks', 'run', 'distillationDAG', 'scan_minio_and_dispatch', 'scheduled__2026-04-25T09:22:09.740043+00:00', '--job-id', '2987', '--raw', '--subdir', 'DAGS_FOLDER/dispatcher_pipeline_dag.py', '--cfg-path', '/tmp/tmpf0zdnvv8']
[2026-04-25T09:22:56.965+0000] {standard_task_runner.py:85} INFO - Job 2987: Subtask scan_minio_and_dispatch
[2026-04-25T09:22:57.096+0000] {task_command.py:415} INFO - Running <TaskInstance: distillationDAG.scan_minio_and_dispatch scheduled__2026-04-25T09:22:09.740043+00:00 [running]> on host b6d1753d38d9
[2026-04-25T09:22:57.636+0000] {taskinstance.py:1660} INFO - Exporting env vars: AIRFLOW_CTX_DAG_OWNER='***' AIRFLOW_CTX_DAG_ID='distillationDAG' AIRFLOW_CTX_TASK_ID='scan_minio_and_dispatch' AIRFLOW_CTX_EXECUTION_DATE='2026-04-25T09:22:09.740043+00:00' AIRFLOW_CTX_TRY_NUMBER='1' AIRFLOW_CTX_DAG_RUN_ID='scheduled__2026-04-25T09:22:09.740043+00:00'
[2026-04-25T09:22:57.688+0000] {logging_mixin.py:151} INFO - [DISPATCHER] Found file: raw/datatest1.csv
[2026-04-25T09:22:58.281+0000] {structured_pipeline.py:624} INFO - [structured] Processing raw/datatest1.csv
[2026-04-25T09:22:58.285+0000] {structured_pipeline.py:638} INFO - [structured] Downloaded 195 bytes
[2026-04-25T09:22:58.285+0000] {structured_pipeline.py:642} INFO - [structured] Detected file type: csv
[2026-04-25T09:22:58.285+0000] {structured_pipeline.py:22} INFO - Detected encoding: ascii (confidence: 1.00)
[2026-04-25T09:22:58.285+0000] {structured_pipeline.py:248} INFO - [CSV] Attempting to decode with ascii
[2026-04-25T09:22:58.289+0000] {structured_pipeline.py:41} INFO - Sniffer detected delimiter: ','
[2026-04-25T09:22:58.289+0000] {structured_pipeline.py:279} INFO - [CSV] Read attempt 1
[2026-04-25T09:22:58.298+0000] {structured_pipeline.py:283} INFO - [CSV] Successfully read 10 rows with 4 columns
[2026-04-25T09:22:58.298+0000] {structured_pipeline.py:665} INFO - [structured] Initial read: 10 rows, 4 columns
[2026-04-25T09:22:58.298+0000] {structured_pipeline.py:374} INFO - [Clean] Cleaning dataframe...
[2026-04-25T09:22:58.307+0000] {structured_pipeline.py:399} INFO - [Clean] Cleaned dataframe: 10 rows, 4 columns
[2026-04-25T09:22:58.307+0000] {structured_pipeline.py:108} INFO - Table name: data_datatest1
[2026-04-25T09:22:58.307+0000] {structured_pipeline.py:124} INFO - [Normalize] Normalizing DataFrame with 4 columns
[2026-04-25T09:22:58.311+0000] {structured_pipeline.py:419} INFO - [PostgreSQL] Column 'id' -> INTEGER
[2026-04-25T09:22:58.315+0000] {logging_mixin.py:151} WARNING - /opt/python-etl/pipelines/structured_pipeline.py:211 UserWarning: Could not infer format, so each element will be parsed individually, falling back to `dateutil`. To ensure parsing is consistent and as-expected, please specify a format.
[2026-04-25T09:22:58.319+0000] {structured_pipeline.py:419} INFO - [PostgreSQL] Column 'name' -> TEXT
[2026-04-25T09:22:58.320+0000] {structured_pipeline.py:419} INFO - [PostgreSQL] Column 'age' -> INTEGER
[2026-04-25T09:22:58.321+0000] {structured_pipeline.py:419} INFO - [PostgreSQL] Column 'score' -> NUMERIC
[2026-04-25T09:22:58.322+0000] {structured_pipeline.py:431} INFO - [PostgreSQL] Dropped existing table: data_datatest1
[2026-04-25T09:22:58.334+0000] {structured_pipeline.py:435} INFO - [PostgreSQL] Created table: data_datatest1
[2026-04-25T09:22:58.341+0000] {structured_pipeline.py:562} INFO - [PostgreSQL] Loaded 10 rows into data_datatest1
[2026-04-25T09:22:58.341+0000] {structured_pipeline.py:576} INFO - [Parquet] Writing Parquet file...
[2026-04-25T09:22:58.400+0000] {structured_pipeline.py:603} INFO - [Parquet] Saved to: processed/structured/datatest1.parquet
[2026-04-25T09:22:58.409+0000] {structured_pipeline.py:723} INFO - [structured] Removed old catalog entry: raw/datatest1.csv
[2026-04-25T09:22:58.410+0000] {structured_pipeline.py:728} INFO - [structured] ✅ Successfully processed raw/datatest1.csv -> processed/structured/datatest1.parquet
[2026-04-25T09:22:58.410+0000] {etl_manager.py:287} INFO - ETL completed: raw/datatest1.csv
[2026-04-25T09:22:58.411+0000] {logging_mixin.py:151} INFO - [DISPATCHER] Archiving raw/datatest1.csv -> raw-data/2026-04-25/datatest1.csv
[2026-04-25T09:22:58.426+0000] {logging_mixin.py:151} INFO - [DISPATCHER] Catalog updated for archive: raw-data/2026-04-25/datatest1.csv
[2026-04-25T09:22:58.430+0000] {logging_mixin.py:151} INFO - [DISPATCHER] Completed & removed landing copy: raw/datatest1.csv
[2026-04-25T09:22:58.430+0000] {logging_mixin.py:151} INFO - [DISPATCHER] Found file: raw/datatest2.csv
[2026-04-25T09:22:58.451+0000] {structured_pipeline.py:624} INFO - [structured] Processing raw/datatest2.csv
[2026-04-25T09:22:58.459+0000] {structured_pipeline.py:638} INFO - [structured] Downloaded 197 bytes
[2026-04-25T09:22:58.459+0000] {structured_pipeline.py:642} INFO - [structured] Detected file type: csv
[2026-04-25T09:22:58.459+0000] {structured_pipeline.py:22} INFO - Detected encoding: ascii (confidence: 1.00)
[2026-04-25T09:22:58.459+0000] {structured_pipeline.py:248} INFO - [CSV] Attempting to decode with ascii
[2026-04-25T09:22:58.460+0000] {structured_pipeline.py:41} INFO - Sniffer detected delimiter: ','
[2026-04-25T09:22:58.460+0000] {structured_pipeline.py:279} INFO - [CSV] Read attempt 1
[2026-04-25T09:22:58.464+0000] {structured_pipeline.py:283} INFO - [CSV] Successfully read 10 rows with 4 columns
[2026-04-25T09:22:58.464+0000] {structured_pipeline.py:665} INFO - [structured] Initial read: 10 rows, 4 columns
[2026-04-25T09:22:58.464+0000] {structured_pipeline.py:374} INFO - [Clean] Cleaning dataframe...
[2026-04-25T09:22:58.467+0000] {structured_pipeline.py:399} INFO - [Clean] Cleaned dataframe: 10 rows, 4 columns
[2026-04-25T09:22:58.467+0000] {structured_pipeline.py:108} INFO - Table name: data_datatest2
[2026-04-25T09:22:58.467+0000] {structured_pipeline.py:124} INFO - [Normalize] Normalizing DataFrame with 4 columns
[2026-04-25T09:22:58.469+0000] {structured_pipeline.py:419} INFO - [PostgreSQL] Column 'id' -> INTEGER
[2026-04-25T09:22:58.471+0000] {logging_mixin.py:151} WARNING - /opt/python-etl/pipelines/structured_pipeline.py:211 UserWarning: Could not infer format, so each element will be parsed individually, falling back to `dateutil`. To ensure parsing is consistent and as-expected, please specify a format.
[2026-04-25T09:22:58.471+0000] {structured_pipeline.py:419} INFO - [PostgreSQL] Column 'name' -> TEXT
[2026-04-25T09:22:58.472+0000] {structured_pipeline.py:419} INFO - [PostgreSQL] Column 'age' -> INTEGER
[2026-04-25T09:22:58.473+0000] {structured_pipeline.py:419} INFO - [PostgreSQL] Column 'score' -> NUMERIC
[2026-04-25T09:22:58.474+0000] {structured_pipeline.py:431} INFO - [PostgreSQL] Dropped existing table: data_datatest2
[2026-04-25T09:22:58.480+0000] {structured_pipeline.py:435} INFO - [PostgreSQL] Created table: data_datatest2
[2026-04-25T09:22:58.484+0000] {structured_pipeline.py:562} INFO - [PostgreSQL] Loaded 10 rows into data_datatest2
[2026-04-25T09:22:58.484+0000] {structured_pipeline.py:576} INFO - [Parquet] Writing Parquet file...
[2026-04-25T09:22:58.490+0000] {structured_pipeline.py:603} INFO - [Parquet] Saved to: processed/structured/datatest2.parquet
[2026-04-25T09:22:58.499+0000] {structured_pipeline.py:723} INFO - [structured] Removed old catalog entry: raw/datatest2.csv
[2026-04-25T09:22:58.499+0000] {structured_pipeline.py:728} INFO - [structured] ✅ Successfully processed raw/datatest2.csv -> processed/structured/datatest2.parquet
[2026-04-25T09:22:58.499+0000] {etl_manager.py:287} INFO - ETL completed: raw/datatest2.csv
[2026-04-25T09:22:58.503+0000] {logging_mixin.py:151} INFO - [DISPATCHER] Archiving raw/datatest2.csv -> raw-data/2026-04-25/datatest2.csv
[2026-04-25T09:22:58.514+0000] {logging_mixin.py:151} INFO - [DISPATCHER] Catalog updated for archive: raw-data/2026-04-25/datatest2.csv
[2026-04-25T09:22:58.516+0000] {logging_mixin.py:151} INFO - [DISPATCHER] Completed & removed landing copy: raw/datatest2.csv
[2026-04-25T09:22:58.517+0000] {logging_mixin.py:151} INFO - [DISPATCHER] Found file: raw/datatest3.csv
[2026-04-25T09:22:58.537+0000] {structured_pipeline.py:624} INFO - [structured] Processing raw/datatest3.csv
[2026-04-25T09:22:58.541+0000] {structured_pipeline.py:638} INFO - [structured] Downloaded 196 bytes
[2026-04-25T09:22:58.541+0000] {structured_pipeline.py:642} INFO - [structured] Detected file type: csv
[2026-04-25T09:22:58.541+0000] {structured_pipeline.py:22} INFO - Detected encoding: ascii (confidence: 1.00)
[2026-04-25T09:22:58.541+0000] {structured_pipeline.py:248} INFO - [CSV] Attempting to decode with ascii
[2026-04-25T09:22:58.542+0000] {structured_pipeline.py:41} INFO - Sniffer detected delimiter: ','
[2026-04-25T09:22:58.542+0000] {structured_pipeline.py:279} INFO - [CSV] Read attempt 1
[2026-04-25T09:22:58.545+0000] {structured_pipeline.py:283} INFO - [CSV] Successfully read 10 rows with 4 columns
[2026-04-25T09:22:58.545+0000] {structured_pipeline.py:665} INFO - [structured] Initial read: 10 rows, 4 columns
[2026-04-25T09:22:58.545+0000] {structured_pipeline.py:374} INFO - [Clean] Cleaning dataframe...
[2026-04-25T09:22:58.550+0000] {structured_pipeline.py:399} INFO - [Clean] Cleaned dataframe: 10 rows, 4 columns
[2026-04-25T09:22:58.551+0000] {structured_pipeline.py:108} INFO - Table name: data_datatest3
[2026-04-25T09:22:58.551+0000] {structured_pipeline.py:124} INFO - [Normalize] Normalizing DataFrame with 4 columns
[2026-04-25T09:22:58.552+0000] {structured_pipeline.py:419} INFO - [PostgreSQL] Column 'id' -> INTEGER
[2026-04-25T09:22:58.554+0000] {logging_mixin.py:151} WARNING - /opt/python-etl/pipelines/structured_pipeline.py:211 UserWarning: Could not infer format, so each element will be parsed individually, falling back to `dateutil`. To ensure parsing is consistent and as-expected, please specify a format.
[2026-04-25T09:22:58.555+0000] {structured_pipeline.py:419} INFO - [PostgreSQL] Column 'name' -> TEXT
[2026-04-25T09:22:58.556+0000] {structured_pipeline.py:419} INFO - [PostgreSQL] Column 'age' -> INTEGER
[2026-04-25T09:22:58.556+0000] {structured_pipeline.py:419} INFO - [PostgreSQL] Column 'score' -> NUMERIC
[2026-04-25T09:22:58.557+0000] {structured_pipeline.py:431} INFO - [PostgreSQL] Dropped existing table: data_datatest3
[2026-04-25T09:22:58.560+0000] {structured_pipeline.py:435} INFO - [PostgreSQL] Created table: data_datatest3
[2026-04-25T09:22:58.566+0000] {structured_pipeline.py:562} INFO - [PostgreSQL] Loaded 10 rows into data_datatest3
[2026-04-25T09:22:58.566+0000] {structured_pipeline.py:576} INFO - [Parquet] Writing Parquet file...
[2026-04-25T09:22:58.573+0000] {structured_pipeline.py:603} INFO - [Parquet] Saved to: processed/structured/datatest3.parquet
[2026-04-25T09:22:58.580+0000] {structured_pipeline.py:723} INFO - [structured] Removed old catalog entry: raw/datatest3.csv
[2026-04-25T09:22:58.581+0000] {structured_pipeline.py:728} INFO - [structured] ✅ Successfully processed raw/datatest3.csv -> processed/structured/datatest3.parquet
[2026-04-25T09:22:58.581+0000] {etl_manager.py:287} INFO - ETL completed: raw/datatest3.csv
[2026-04-25T09:22:58.581+0000] {logging_mixin.py:151} INFO - [DISPATCHER] Archiving raw/datatest3.csv -> raw-data/2026-04-25/datatest3.csv
[2026-04-25T09:22:58.597+0000] {logging_mixin.py:151} INFO - [DISPATCHER] Catalog updated for archive: raw-data/2026-04-25/datatest3.csv
[2026-04-25T09:22:58.600+0000] {logging_mixin.py:151} INFO - [DISPATCHER] Completed & removed landing copy: raw/datatest3.csv
[2026-04-25T09:22:58.600+0000] {logging_mixin.py:151} INFO - [DISPATCHER] Found file: raw/datatest4.csv
[2026-04-25T09:22:58.620+0000] {structured_pipeline.py:624} INFO - [structured] Processing raw/datatest4.csv
[2026-04-25T09:22:58.623+0000] {structured_pipeline.py:638} INFO - [structured] Downloaded 197 bytes
[2026-04-25T09:22:58.623+0000] {structured_pipeline.py:642} INFO - [structured] Detected file type: csv
[2026-04-25T09:22:58.623+0000] {structured_pipeline.py:22} INFO - Detected encoding: ascii (confidence: 1.00)
[2026-04-25T09:22:58.623+0000] {structured_pipeline.py:248} INFO - [CSV] Attempting to decode with ascii
[2026-04-25T09:22:58.624+0000] {structured_pipeline.py:41} INFO - Sniffer detected delimiter: ','
[2026-04-25T09:22:58.624+0000] {structured_pipeline.py:279} INFO - [CSV] Read attempt 1
[2026-04-25T09:22:58.626+0000] {structured_pipeline.py:283} INFO - [CSV] Successfully read 10 rows with 4 columns
[2026-04-25T09:22:58.626+0000] {structured_pipeline.py:665} INFO - [structured] Initial read: 10 rows, 4 columns
[2026-04-25T09:22:58.626+0000] {structured_pipeline.py:374} INFO - [Clean] Cleaning dataframe...
[2026-04-25T09:22:58.629+0000] {structured_pipeline.py:399} INFO - [Clean] Cleaned dataframe: 10 rows, 4 columns
[2026-04-25T09:22:58.629+0000] {structured_pipeline.py:108} INFO - Table name: data_datatest4
[2026-04-25T09:22:58.630+0000] {structured_pipeline.py:124} INFO - [Normalize] Normalizing DataFrame with 4 columns
[2026-04-25T09:22:58.631+0000] {structured_pipeline.py:419} INFO - [PostgreSQL] Column 'id' -> INTEGER
[2026-04-25T09:22:58.636+0000] {logging_mixin.py:151} WARNING - /opt/python-etl/pipelines/structured_pipeline.py:211 UserWarning: Could not infer format, so each element will be parsed individually, falling back to `dateutil`. To ensure parsing is consistent and as-expected, please specify a format.
[2026-04-25T09:22:58.636+0000] {structured_pipeline.py:419} INFO - [PostgreSQL] Column 'name' -> TEXT
[2026-04-25T09:22:58.637+0000] {structured_pipeline.py:419} INFO - [PostgreSQL] Column 'age' -> INTEGER
[2026-04-25T09:22:58.638+0000] {structured_pipeline.py:419} INFO - [PostgreSQL] Column 'score' -> NUMERIC
[2026-04-25T09:22:58.640+0000] {structured_pipeline.py:431} INFO - [PostgreSQL] Dropped existing table: data_datatest4
[2026-04-25T09:22:58.643+0000] {structured_pipeline.py:435} INFO - [PostgreSQL] Created table: data_datatest4
[2026-04-25T09:22:58.646+0000] {structured_pipeline.py:562} INFO - [PostgreSQL] Loaded 10 rows into data_datatest4
[2026-04-25T09:22:58.647+0000] {structured_pipeline.py:576} INFO - [Parquet] Writing Parquet file...
[2026-04-25T09:22:58.655+0000] {structured_pipeline.py:603} INFO - [Parquet] Saved to: processed/structured/datatest4.parquet
[2026-04-25T09:22:58.661+0000] {structured_pipeline.py:723} INFO - [structured] Removed old catalog entry: raw/datatest4.csv
[2026-04-25T09:22:58.662+0000] {structured_pipeline.py:728} INFO - [structured] ✅ Successfully processed raw/datatest4.csv -> processed/structured/datatest4.parquet
[2026-04-25T09:22:58.662+0000] {etl_manager.py:287} INFO - ETL completed: raw/datatest4.csv
[2026-04-25T09:22:58.662+0000] {logging_mixin.py:151} INFO - [DISPATCHER] Archiving raw/datatest4.csv -> raw-data/2026-04-25/datatest4.csv
[2026-04-25T09:22:58.679+0000] {logging_mixin.py:151} INFO - [DISPATCHER] Catalog updated for archive: raw-data/2026-04-25/datatest4.csv
[2026-04-25T09:22:58.682+0000] {logging_mixin.py:151} INFO - [DISPATCHER] Completed & removed landing copy: raw/datatest4.csv
[2026-04-25T09:22:58.682+0000] {python.py:194} INFO - Done. Returned value was: None
[2026-04-25T09:22:58.703+0000] {taskinstance.py:1398} INFO - Marking task as SUCCESS. dag_id=distillationDAG, task_id=scan_minio_and_dispatch, execution_date=20260425T092209, start_date=20260425T092256, end_date=20260425T092258
[2026-04-25T09:22:58.763+0000] {local_task_job_runner.py:228} INFO - Task exited with return code 0
[2026-04-25T09:22:58.848+0000] {taskinstance.py:2776} INFO - 0 downstream tasks scheduled from follow-on schedule check
