[2026-01-09T05:58:11.815+0000] {taskinstance.py:1157} INFO - Dependencies all met for dep_context=non-requeueable deps ti=<TaskInstance: distillationDAG.scan_minio_and_dispatch scheduled__2026-01-09T05:57:15.316550+00:00 [queued]>
[2026-01-09T05:58:11.826+0000] {taskinstance.py:1157} INFO - Dependencies all met for dep_context=requeueable deps ti=<TaskInstance: distillationDAG.scan_minio_and_dispatch scheduled__2026-01-09T05:57:15.316550+00:00 [queued]>
[2026-01-09T05:58:11.826+0000] {taskinstance.py:1359} INFO - Starting attempt 1 of 4
[2026-01-09T05:58:11.838+0000] {taskinstance.py:1380} INFO - Executing <Task(PythonOperator): scan_minio_and_dispatch> on 2026-01-09 05:57:15.316550+00:00
[2026-01-09T05:58:11.846+0000] {standard_task_runner.py:57} INFO - Started process 833 to run task
[2026-01-09T05:58:11.849+0000] {standard_task_runner.py:84} INFO - Running: ['***', 'tasks', 'run', 'distillationDAG', 'scan_minio_and_dispatch', 'scheduled__2026-01-09T05:57:15.316550+00:00', '--job-id', '896', '--raw', '--subdir', 'DAGS_FOLDER/dispatcher_pipeline_dag.py', '--cfg-path', '/tmp/tmp7hipsh_2']
[2026-01-09T05:58:11.853+0000] {standard_task_runner.py:85} INFO - Job 896: Subtask scan_minio_and_dispatch
[2026-01-09T05:58:11.875+0000] {logging_mixin.py:151} WARNING - /home/***/.local/lib/python3.11/site-packages/***/settings.py:195 DeprecationWarning: The sql_alchemy_conn option in [core] has been moved to the sql_alchemy_conn option in [database] - the old setting has been used, but please update your config.
[2026-01-09T05:58:11.922+0000] {task_command.py:415} INFO - Running <TaskInstance: distillationDAG.scan_minio_and_dispatch scheduled__2026-01-09T05:57:15.316550+00:00 [running]> on host 20736802ef91
[2026-01-09T05:58:12.192+0000] {taskinstance.py:1660} INFO - Exporting env vars: AIRFLOW_CTX_DAG_OWNER='***' AIRFLOW_CTX_DAG_ID='distillationDAG' AIRFLOW_CTX_TASK_ID='scan_minio_and_dispatch' AIRFLOW_CTX_EXECUTION_DATE='2026-01-09T05:57:15.316550+00:00' AIRFLOW_CTX_TRY_NUMBER='1' AIRFLOW_CTX_DAG_RUN_ID='scheduled__2026-01-09T05:57:15.316550+00:00'
[2026-01-09T05:58:12.202+0000] {logging_mixin.py:151} INFO - [DISPATCHER] Found file: raw/pdf/unit_1_farooq.pdf
[2026-01-09T05:58:12.588+0000] {pdf_pipeline.py:344} INFO - [pdf] Processing raw/pdf/unit_1_farooq.pdf
[2026-01-09T05:58:12.594+0000] {pdf_pipeline.py:391} INFO - [pdf] Extracting text from PDF...
[2026-01-09T05:58:12.598+0000] {pdf_pipeline.py:423} ERROR - [pdf] Text extraction failed for raw/pdf/unit_1_farooq.pdf: cannot access local variable 'table_count' where it is not associated with a value
Traceback (most recent call last):
  File "/opt/python-etl/pipelines/pdf_pipeline.py", line 408, in process_minio_object
    'table_count': table_count
                   ^^^^^^^^^^^
UnboundLocalError: cannot access local variable 'table_count' where it is not associated with a value
[2026-01-09T05:58:12.600+0000] {pdf_pipeline.py:458} WARNING - [pdf] No text extracted from raw/pdf/unit_1_farooq.pdf
[2026-01-09T05:58:12.601+0000] {pdf_pipeline.py:461} INFO - [pdf] Extracting tables from PDF...
[2026-01-09T05:58:14.065+0000] {pdf_pipeline.py:529} INFO - [pdf] Extracted 0 tables with 0 total rows
[2026-01-09T05:58:14.065+0000] {pdf_pipeline.py:544} ERROR - [pdf] Failed catalog update for raw/pdf/unit_1_farooq.pdf: cannot access local variable 'pdf_metadata' where it is not associated with a value
Traceback (most recent call last):
  File "/opt/python-etl/pipelines/pdf_pipeline.py", line 539, in process_minio_object
    content_hash=file_hash,
                 ^^^^^^^^^
UnboundLocalError: cannot access local variable 'pdf_metadata' where it is not associated with a value
[2026-01-09T05:58:14.066+0000] {pdf_pipeline.py:547} INFO - [pdf] ✅ Completed processing: raw/pdf/unit_1_farooq.pdf | pages=13 | tables=0 | rows=0 | text_chars=0
[2026-01-09T05:58:14.066+0000] {etl_manager.py:292} INFO - Processing complete for: raw/pdf/unit_1_farooq.pdf
[2026-01-09T05:58:14.067+0000] {logging_mixin.py:151} INFO - [DISPATCHER] Archiving raw/pdf/unit_1_farooq.pdf -> raw-data/2026-01-09/unit_1_farooq.pdf
[2026-01-09T05:58:14.079+0000] {logging_mixin.py:151} INFO - [DISPATCHER] Completed & removed landing copy: raw/pdf/unit_1_farooq.pdf
[2026-01-09T05:58:14.079+0000] {python.py:194} INFO - Done. Returned value was: None
[2026-01-09T05:58:14.092+0000] {taskinstance.py:1398} INFO - Marking task as SUCCESS. dag_id=distillationDAG, task_id=scan_minio_and_dispatch, execution_date=20260109T055715, start_date=20260109T055811, end_date=20260109T055814
[2026-01-09T05:58:14.146+0000] {local_task_job_runner.py:228} INFO - Task exited with return code 0
[2026-01-09T05:58:14.173+0000] {taskinstance.py:2776} INFO - 0 downstream tasks scheduled from follow-on schedule check
