[2025-11-19T19:24:57.842+0000] {taskinstance.py:1157} INFO - Dependencies all met for dep_context=non-requeueable deps ti=<TaskInstance: local_to_minio_ingestion.ingest_local_folder scheduled__2025-11-19T19:23:58.114465+00:00 [queued]>
[2025-11-19T19:24:57.862+0000] {taskinstance.py:1157} INFO - Dependencies all met for dep_context=requeueable deps ti=<TaskInstance: local_to_minio_ingestion.ingest_local_folder scheduled__2025-11-19T19:23:58.114465+00:00 [queued]>
[2025-11-19T19:24:57.862+0000] {taskinstance.py:1359} INFO - Starting attempt 3 of 4
[2025-11-19T19:24:57.891+0000] {taskinstance.py:1380} INFO - Executing <Task(PythonOperator): ingest_local_folder> on 2025-11-19 19:23:58.114465+00:00
[2025-11-19T19:24:57.909+0000] {standard_task_runner.py:57} INFO - Started process 555 to run task
[2025-11-19T19:24:57.917+0000] {standard_task_runner.py:84} INFO - Running: ['***', 'tasks', 'run', 'local_to_minio_ingestion', 'ingest_local_folder', 'scheduled__2025-11-19T19:23:58.114465+00:00', '--job-id', '107', '--raw', '--subdir', 'DAGS_FOLDER/ingest_local_folder_dag.py', '--cfg-path', '/tmp/tmpvr2mdknq']
[2025-11-19T19:24:57.925+0000] {standard_task_runner.py:85} INFO - Job 107: Subtask ingest_local_folder
[2025-11-19T19:24:57.961+0000] {logging_mixin.py:151} WARNING - /home/***/.local/lib/python3.11/site-packages/***/settings.py:195 DeprecationWarning: The sql_alchemy_conn option in [core] has been moved to the sql_alchemy_conn option in [database] - the old setting has been used, but please update your config.
[2025-11-19T19:24:58.041+0000] {task_command.py:415} INFO - Running <TaskInstance: local_to_minio_ingestion.ingest_local_folder scheduled__2025-11-19T19:23:58.114465+00:00 [running]> on host 38694df285e1
[2025-11-19T19:24:58.175+0000] {taskinstance.py:1660} INFO - Exporting env vars: AIRFLOW_CTX_DAG_OWNER='***' AIRFLOW_CTX_DAG_ID='local_to_minio_ingestion' AIRFLOW_CTX_TASK_ID='ingest_local_folder' AIRFLOW_CTX_EXECUTION_DATE='2025-11-19T19:23:58.114465+00:00' AIRFLOW_CTX_TRY_NUMBER='3' AIRFLOW_CTX_DAG_RUN_ID='scheduled__2025-11-19T19:23:58.114465+00:00'
[2025-11-19T19:24:58.188+0000] {taskinstance.py:1935} ERROR - Task failed with exception
Traceback (most recent call last):
  File "/usr/local/lib/python3.11/contextlib.py", line 155, in __exit__
    self.gen.throw(typ, value, traceback)
  File "/home/airflow/.local/lib/python3.11/site-packages/airflow/models/taskinstance.py", line 176, in set_current_context
    yield context
  File "/home/airflow/.local/lib/python3.11/site-packages/airflow/models/taskinstance.py", line 1679, in _execute_task_with_callbacks
    result = self._execute_task(context, task_orig)
             ^^^^^^^^^^^^^^^^^^^^^^^^^^^^^^^^^^^^^^
  File "/home/airflow/.local/lib/python3.11/site-packages/airflow/models/taskinstance.py", line 1742, in _execute_task
    result = execute_callable(context=context, **execute_callable_kwargs)
             ^^^^^^^^^^^^^^^^^^^^^^^^^^^^^^^^^^^^^^^^^^^^^^^^^^^^^^^^^^^^
  File "/home/airflow/.local/lib/python3.11/site-packages/airflow/operators/python.py", line 192, in execute
    return_value = self.execute_callable()
                   ^^^^^^^^^^^^^^^^^^^^^^^
  File "/home/airflow/.local/lib/python3.11/site-packages/airflow/operators/python.py", line 209, in execute_callable
    return self.python_callable(*self.op_args, **self.op_kwargs)
           ^^^^^^^^^^^^^^^^^^^^^^^^^^^^^^^^^^^^^^^^^^^^^^^^^^^^^
  File "/opt/airflow/dags/ingest_local_folder_dag.py", line 24, in ingest_local_files
    if not client.bucket_exists(MINIO_BUCKET):
           ^^^^^^^^^^^^^^^^^^^^^^^^^^^^^^^^^^
  File "/home/airflow/.local/lib/python3.11/site-packages/minio/api.py", line 700, in bucket_exists
    self._execute("HEAD", bucket_name)
  File "/home/airflow/.local/lib/python3.11/site-packages/minio/api.py", line 441, in _execute
    region = self._get_region(bucket_name)
             ^^^^^^^^^^^^^^^^^^^^^^^^^^^^^
  File "/home/airflow/.local/lib/python3.11/site-packages/minio/api.py", line 498, in _get_region
    response = self._url_open(
               ^^^^^^^^^^^^^^^
  File "/home/airflow/.local/lib/python3.11/site-packages/minio/api.py", line 427, in _url_open
    raise response_error
minio.error.S3Error: S3 operation failed; code: InvalidRequest, message: Invalid Request (invalid hostname), resource: /lakehouse-data, request_id: 18797EEFF6461A42, host_id: dd9025bab4ad464b049177c95eb6ebf374d3b3fd1af9251148b658df7ac2e3e8

During handling of the above exception, another exception occurred:

Traceback (most recent call last):
  File "/home/airflow/.local/lib/python3.11/site-packages/airflow/models/taskinstance.py", line 1516, in _run_raw_task
    self._execute_task_with_callbacks(context, test_mode, session=session)
  File "/home/airflow/.local/lib/python3.11/site-packages/airflow/models/taskinstance.py", line 1678, in _execute_task_with_callbacks
    with set_current_context(context):
  File "/usr/local/lib/python3.11/contextlib.py", line 188, in __exit__
    exc.__traceback__ = traceback
    ^^^^^^^^^^^^^^^^^
  File "<string>", line 4, in __setattr__
dataclasses.FrozenInstanceError: cannot assign to field '__traceback__'
[2025-11-19T19:24:58.213+0000] {taskinstance.py:1398} INFO - Marking task as UP_FOR_RETRY. dag_id=local_to_minio_ingestion, task_id=ingest_local_folder, execution_date=20251119T192358, start_date=20251119T192457, end_date=20251119T192458
[2025-11-19T19:24:58.229+0000] {standard_task_runner.py:104} ERROR - Failed to execute job 107 for task ingest_local_folder (cannot assign to field '__traceback__'; 555)
[2025-11-19T19:24:58.255+0000] {local_task_job_runner.py:228} INFO - Task exited with return code 1
[2025-11-19T19:24:58.294+0000] {taskinstance.py:2776} INFO - 0 downstream tasks scheduled from follow-on schedule check
