[2025-12-30T06:16:25.674+0000] {taskinstance.py:1157} INFO - Dependencies all met for dep_context=non-requeueable deps ti=<TaskInstance: ingestionDAG.ingest_local_folder scheduled__2025-12-30T06:15:38.016297+00:00 [queued]>
[2025-12-30T06:16:25.681+0000] {taskinstance.py:1157} INFO - Dependencies all met for dep_context=requeueable deps ti=<TaskInstance: ingestionDAG.ingest_local_folder scheduled__2025-12-30T06:15:38.016297+00:00 [queued]>
[2025-12-30T06:16:25.681+0000] {taskinstance.py:1359} INFO - Starting attempt 1 of 4
[2025-12-30T06:16:25.692+0000] {taskinstance.py:1380} INFO - Executing <Task(PythonOperator): ingest_local_folder> on 2025-12-30 06:15:38.016297+00:00
[2025-12-30T06:16:25.698+0000] {standard_task_runner.py:57} INFO - Started process 1960 to run task
[2025-12-30T06:16:25.701+0000] {standard_task_runner.py:84} INFO - Running: ['***', 'tasks', 'run', 'ingestionDAG', 'ingest_local_folder', 'scheduled__2025-12-30T06:15:38.016297+00:00', '--job-id', '570', '--raw', '--subdir', 'DAGS_FOLDER/ingest_local_folder_dag.py', '--cfg-path', '/tmp/tmp8l3ux2hy']
[2025-12-30T06:16:25.704+0000] {standard_task_runner.py:85} INFO - Job 570: Subtask ingest_local_folder
[2025-12-30T06:16:25.723+0000] {logging_mixin.py:151} WARNING - /home/***/.local/lib/python3.11/site-packages/***/settings.py:195 DeprecationWarning: The sql_alchemy_conn option in [core] has been moved to the sql_alchemy_conn option in [database] - the old setting has been used, but please update your config.
[2025-12-30T06:16:25.761+0000] {task_command.py:415} INFO - Running <TaskInstance: ingestionDAG.ingest_local_folder scheduled__2025-12-30T06:15:38.016297+00:00 [running]> on host 0f5f90d48f3d
[2025-12-30T06:16:25.851+0000] {taskinstance.py:1660} INFO - Exporting env vars: AIRFLOW_CTX_DAG_OWNER='***' AIRFLOW_CTX_DAG_ID='ingestionDAG' AIRFLOW_CTX_TASK_ID='ingest_local_folder' AIRFLOW_CTX_EXECUTION_DATE='2025-12-30T06:15:38.016297+00:00' AIRFLOW_CTX_TRY_NUMBER='1' AIRFLOW_CTX_DAG_RUN_ID='scheduled__2025-12-30T06:15:38.016297+00:00'
[2025-12-30T06:16:25.867+0000] {logging_mixin.py:151} INFO - [INGEST] Uploaded 0Jl54.png -> lakehouse-data/raw/
[2025-12-30T06:16:25.872+0000] {logging_mixin.py:151} INFO - [INGEST] Uploaded sample.pdf -> lakehouse-data/raw/
[2025-12-30T06:16:25.876+0000] {logging_mixin.py:151} INFO - [INGEST] Uploaded samplyy.pdf -> lakehouse-data/raw/
[2025-12-30T06:16:25.881+0000] {logging_mixin.py:151} INFO - [INGEST] Uploaded people-1000.csv -> lakehouse-data/raw/
[2025-12-30T06:16:25.888+0000] {logging_mixin.py:151} INFO - [INGEST] Uploaded sample-local-pdf.pdf -> lakehouse-data/raw/
[2025-12-30T06:16:25.894+0000] {logging_mixin.py:151} INFO - [INGEST] Uploaded sample.doc -> lakehouse-data/raw/
[2025-12-30T06:16:25.903+0000] {logging_mixin.py:151} INFO - [INGEST] Uploaded organizations-1000.csv -> lakehouse-data/raw/
[2025-12-30T06:16:25.907+0000] {logging_mixin.py:151} INFO - [INGEST] Uploaded TestWordDoc.doc -> lakehouse-data/raw/
[2025-12-30T06:16:25.912+0000] {logging_mixin.py:151} INFO - [INGEST] Uploaded word-random-text.png -> lakehouse-data/raw/
[2025-12-30T06:16:25.918+0000] {logging_mixin.py:151} INFO - [INGEST] Uploaded employees_100KB_min.json -> lakehouse-data/raw/
[2025-12-30T06:16:25.922+0000] {logging_mixin.py:151} INFO - [INGEST] Uploaded employees_10KB.json -> lakehouse-data/raw/
[2025-12-30T06:16:25.927+0000] {logging_mixin.py:151} INFO - [INGEST] Uploaded TMP_RichTextLineIndent.png -> lakehouse-data/raw/
[2025-12-30T06:16:25.927+0000] {python.py:194} INFO - Done. Returned value was: None
[2025-12-30T06:16:25.942+0000] {taskinstance.py:1398} INFO - Marking task as SUCCESS. dag_id=ingestionDAG, task_id=ingest_local_folder, execution_date=20251230T061538, start_date=20251230T061625, end_date=20251230T061625
[2025-12-30T06:16:25.994+0000] {local_task_job_runner.py:228} INFO - Task exited with return code 0
[2025-12-30T06:16:26.020+0000] {taskinstance.py:2776} INFO - 0 downstream tasks scheduled from follow-on schedule check
