[2025-11-27T08:20:24.890+0000] {taskinstance.py:1157} INFO - Dependencies all met for dep_context=non-requeueable deps ti=<TaskInstance: distillationDAG.scan_minio_and_dispatch scheduled__2025-11-27T06:44:51.046913+00:00 [queued]>
[2025-11-27T08:20:24.900+0000] {taskinstance.py:1157} INFO - Dependencies all met for dep_context=requeueable deps ti=<TaskInstance: distillationDAG.scan_minio_and_dispatch scheduled__2025-11-27T06:44:51.046913+00:00 [queued]>
[2025-11-27T08:20:24.900+0000] {taskinstance.py:1359} INFO - Starting attempt 4 of 4
[2025-11-27T08:20:24.917+0000] {taskinstance.py:1380} INFO - Executing <Task(PythonOperator): scan_minio_and_dispatch> on 2025-11-27 06:44:51.046913+00:00
[2025-11-27T08:20:24.929+0000] {standard_task_runner.py:57} INFO - Started process 5817 to run task
[2025-11-27T08:20:24.933+0000] {standard_task_runner.py:84} INFO - Running: ['***', 'tasks', 'run', 'distillationDAG', 'scan_minio_and_dispatch', 'scheduled__2025-11-27T06:44:51.046913+00:00', '--job-id', '452', '--raw', '--subdir', 'DAGS_FOLDER/dispatcher_pipeline_dag.py', '--cfg-path', '/tmp/tmpghj3wled']
[2025-11-27T08:20:24.938+0000] {standard_task_runner.py:85} INFO - Job 452: Subtask scan_minio_and_dispatch
[2025-11-27T08:20:24.962+0000] {logging_mixin.py:151} WARNING - /home/***/.local/lib/python3.11/site-packages/***/settings.py:195 DeprecationWarning: The sql_alchemy_conn option in [core] has been moved to the sql_alchemy_conn option in [database] - the old setting has been used, but please update your config.
[2025-11-27T08:20:25.018+0000] {task_command.py:415} INFO - Running <TaskInstance: distillationDAG.scan_minio_and_dispatch scheduled__2025-11-27T06:44:51.046913+00:00 [running]> on host 7ee2414f740c
[2025-11-27T08:20:25.325+0000] {taskinstance.py:1660} INFO - Exporting env vars: AIRFLOW_CTX_DAG_OWNER='***' AIRFLOW_CTX_DAG_ID='distillationDAG' AIRFLOW_CTX_TASK_ID='scan_minio_and_dispatch' AIRFLOW_CTX_EXECUTION_DATE='2025-11-27T06:44:51.046913+00:00' AIRFLOW_CTX_TRY_NUMBER='4' AIRFLOW_CTX_DAG_RUN_ID='scheduled__2025-11-27T06:44:51.046913+00:00'
[2025-11-27T08:20:25.338+0000] {logging_mixin.py:151} INFO - [DISPATCHER] Found file: raw/customer.csv
[2025-11-27T08:20:25.529+0000] {structured_pipeline.py:149} INFO - [structured] Processing raw/customer.csv
[2025-11-27T08:20:25.534+0000] {structured_pipeline.py:156} INFO - [structured] Downloaded 225 bytes
[2025-11-27T08:20:25.535+0000] {structured_pipeline.py:19} INFO - Detected encoding: ascii (confidence: 1.00)
[2025-11-27T08:20:25.535+0000] {structured_pipeline.py:167} INFO - [structured] Attempting to decode with ascii
[2025-11-27T08:20:25.536+0000] {structured_pipeline.py:38} INFO - Sniffer detected delimiter: ','
[2025-11-27T08:20:25.536+0000] {structured_pipeline.py:205} INFO - [structured] Read attempt 1
[2025-11-27T08:20:25.541+0000] {structured_pipeline.py:209} INFO - [structured] Successfully read 4 rows with 4 columns
[2025-11-27T08:20:25.542+0000] {structured_pipeline.py:229} INFO - [structured] Cleaning dataframe...
[2025-11-27T08:20:25.546+0000] {structured_pipeline.py:251} INFO - [structured] Cleaned dataframe: 4 rows, 4 columns
[2025-11-27T08:20:25.547+0000] {structured_pipeline.py:116} INFO - Table name: data_customer
[2025-11-27T08:20:25.554+0000] {logging_mixin.py:151} WARNING - /opt/python-etl/pipelines/structured_pipeline.py:134 UserWarning: Could not infer format, so each element will be parsed individually, falling back to `dateutil`. To ensure parsing is consistent and as-expected, please specify a format.
[2025-11-27T08:20:25.557+0000] {logging_mixin.py:151} WARNING - /opt/python-etl/pipelines/structured_pipeline.py:134 UserWarning: Could not infer format, so each element will be parsed individually, falling back to `dateutil`. To ensure parsing is consistent and as-expected, please specify a format.
[2025-11-27T08:20:25.563+0000] {structured_pipeline.py:275} INFO - [structured] Created table: data_customer
[2025-11-27T08:20:25.568+0000] {structured_pipeline.py:288} INFO - [structured] Loaded 4 rows into data_customer
[2025-11-27T08:20:25.568+0000] {structured_pipeline.py:292} INFO - [structured] Writing Parquet file...
[2025-11-27T08:20:25.595+0000] {logging_mixin.py:151} WARNING - /home/***/.local/lib/python3.11/site-packages/pyarrow/pandas_compat.py:373 FutureWarning: is_sparse is deprecated and will be removed in a future version. Check `isinstance(dtype, pd.SparseDtype)` instead.
[2025-11-27T08:20:25.606+0000] {structured_pipeline.py:305} INFO - [structured] Parquet saved to: processed/structured/customer.parquet
[2025-11-27T08:20:25.606+0000] {structured_pipeline.py:321} ERROR - [structured] ❌ Error processing raw/customer.csv: LakehouseETL.update_catalog() got multiple values for argument 'object_size'
Traceback (most recent call last):
  File "/opt/python-etl/pipelines/structured_pipeline.py", line 308, in process_minio_object
    catalog_updater(
TypeError: LakehouseETL.update_catalog() got multiple values for argument 'object_size'
[2025-11-27T08:20:25.607+0000] {taskinstance.py:1935} ERROR - Task failed with exception
Traceback (most recent call last):
  File "/home/airflow/.local/lib/python3.11/site-packages/airflow/operators/python.py", line 192, in execute
    return_value = self.execute_callable()
                   ^^^^^^^^^^^^^^^^^^^^^^^
  File "/home/airflow/.local/lib/python3.11/site-packages/airflow/operators/python.py", line 209, in execute_callable
    return self.python_callable(*self.op_args, **self.op_kwargs)
           ^^^^^^^^^^^^^^^^^^^^^^^^^^^^^^^^^^^^^^^^^^^^^^^^^^^^^
  File "/opt/airflow/dags/dispatcher_pipeline_dag.py", line 56, in scan_and_dispatch
    run_pipeline_for_object(object_name)
  File "/opt/python-etl/etl_manager.py", line 272, in run_pipeline_for_object
    structured_pipeline.process_minio_object(
  File "/opt/python-etl/pipelines/structured_pipeline.py", line 308, in process_minio_object
    catalog_updater(
TypeError: LakehouseETL.update_catalog() got multiple values for argument 'object_size'
[2025-11-27T08:20:25.629+0000] {taskinstance.py:1398} INFO - Marking task as FAILED. dag_id=distillationDAG, task_id=scan_minio_and_dispatch, execution_date=20251127T064451, start_date=20251127T082024, end_date=20251127T082025
[2025-11-27T08:20:25.646+0000] {standard_task_runner.py:104} ERROR - Failed to execute job 452 for task scan_minio_and_dispatch (LakehouseETL.update_catalog() got multiple values for argument 'object_size'; 5817)
[2025-11-27T08:20:25.670+0000] {local_task_job_runner.py:228} INFO - Task exited with return code 1
[2025-11-27T08:20:25.697+0000] {taskinstance.py:2776} INFO - 0 downstream tasks scheduled from follow-on schedule check
