[2026-03-20T06:57:10.586+0000] {taskinstance.py:1157} INFO - Dependencies all met for dep_context=non-requeueable deps ti=<TaskInstance: distillationDAG.scan_minio_and_dispatch scheduled__2026-03-20T06:56:23.700391+00:00 [queued]>
[2026-03-20T06:57:10.594+0000] {taskinstance.py:1157} INFO - Dependencies all met for dep_context=requeueable deps ti=<TaskInstance: distillationDAG.scan_minio_and_dispatch scheduled__2026-03-20T06:56:23.700391+00:00 [queued]>
[2026-03-20T06:57:10.595+0000] {taskinstance.py:1359} INFO - Starting attempt 1 of 4
[2026-03-20T06:57:10.606+0000] {taskinstance.py:1380} INFO - Executing <Task(PythonOperator): scan_minio_and_dispatch> on 2026-03-20 06:56:23.700391+00:00
[2026-03-20T06:57:10.613+0000] {standard_task_runner.py:57} INFO - Started process 1094 to run task
[2026-03-20T06:57:10.617+0000] {standard_task_runner.py:84} INFO - Running: ['***', 'tasks', 'run', 'distillationDAG', 'scan_minio_and_dispatch', 'scheduled__2026-03-20T06:56:23.700391+00:00', '--job-id', '2466', '--raw', '--subdir', 'DAGS_FOLDER/dispatcher_pipeline_dag.py', '--cfg-path', '/tmp/tmpv7kpd5h2']
[2026-03-20T06:57:10.620+0000] {standard_task_runner.py:85} INFO - Job 2466: Subtask scan_minio_and_dispatch
[2026-03-20T06:57:10.684+0000] {task_command.py:415} INFO - Running <TaskInstance: distillationDAG.scan_minio_and_dispatch scheduled__2026-03-20T06:56:23.700391+00:00 [running]> on host f9d03ff7592b
[2026-03-20T06:57:10.956+0000] {taskinstance.py:1660} INFO - Exporting env vars: AIRFLOW_CTX_DAG_OWNER='***' AIRFLOW_CTX_DAG_ID='distillationDAG' AIRFLOW_CTX_TASK_ID='scan_minio_and_dispatch' AIRFLOW_CTX_EXECUTION_DATE='2026-03-20T06:56:23.700391+00:00' AIRFLOW_CTX_TRY_NUMBER='1' AIRFLOW_CTX_DAG_RUN_ID='scheduled__2026-03-20T06:56:23.700391+00:00'
[2026-03-20T06:57:10.976+0000] {logging_mixin.py:151} INFO - [DISPATCHER] Found file: raw/26T1S2DS25F1002315.pdf
[2026-03-20T06:57:11.337+0000] {pdf_pipeline.py:395} INFO - [pdf] Processing raw/26T1S2DS25F1002315.pdf
[2026-03-20T06:57:11.341+0000] {pdf_pipeline.py:427} INFO - [pdf] Extracting text from PDF...
[2026-03-20T06:57:11.427+0000] {pdf_pipeline.py:449} INFO - [pdf] Extracted 5486 characters of text from 2 pages
[2026-03-20T06:57:11.431+0000] {pdf_pipeline.py:468} INFO - [pdf] Uploaded extracted text -> processed/unstructured/text-extracted/26T1S2DS25F1002315.txt
[2026-03-20T06:57:11.433+0000] {pdf_pipeline.py:77} ERROR - [pdf] Failed saving to unstructured_documents: there is no unique or exclusion constraint matching the ON CONFLICT specification
Traceback (most recent call last):
  File "/opt/python-etl/pipelines/pdf_pipeline.py", line 60, in _save_unstructured_doc
    cursor.execute(
psycopg2.errors.InvalidColumnReference: there is no unique or exclusion constraint matching the ON CONFLICT specification

[2026-03-20T06:57:11.434+0000] {pdf_pipeline.py:80} WARNING - [pdf] Continuing pipeline despite unstructured_documents save failure
[2026-03-20T06:57:11.434+0000] {pdf_pipeline.py:490} INFO - [pdf] Extracting tables from PDF...
[2026-03-20T06:57:11.662+0000] {pdf_pipeline.py:263} INFO - [pdf] Uploaded table CSV -> processed/structured/pdf-tables/26T1S2DS25F1002315_page1_table1.csv
[2026-03-20T06:57:11.662+0000] {structured_pipeline.py:108} INFO - Table name: data_26t1s2ds25f1002315_page1_table1
[2026-03-20T06:57:11.665+0000] {structured_pipeline.py:124} INFO - [Normalize] Normalizing DataFrame with 4 columns
[2026-03-20T06:57:11.681+0000] {pdf_pipeline.py:327} INFO - [pdf] Created table: data_26t1s2ds25f1002315_page1_table1
[2026-03-20T06:57:11.684+0000] {pdf_pipeline.py:340} INFO - [pdf] Loaded 1 rows into data_26t1s2ds25f1002315_page1_table1
[2026-03-20T06:57:11.688+0000] {pdf_pipeline.py:552} INFO - [pdf] Processed table 1: 1 rows, 5 columns
[2026-03-20T06:57:11.697+0000] {pdf_pipeline.py:263} INFO - [pdf] Uploaded table CSV -> processed/structured/pdf-tables/26T1S2DS25F1002315_page1_table2.csv
[2026-03-20T06:57:11.697+0000] {structured_pipeline.py:108} INFO - Table name: data_26t1s2ds25f1002315_page1_table2
[2026-03-20T06:57:11.698+0000] {structured_pipeline.py:124} INFO - [Normalize] Normalizing DataFrame with 8 columns
[2026-03-20T06:57:11.701+0000] {logging_mixin.py:151} WARNING - /opt/python-etl/pipelines/structured_pipeline.py:211 UserWarning: Could not infer format, so each element will be parsed individually, falling back to `dateutil`. To ensure parsing is consistent and as-expected, please specify a format.
[2026-03-20T06:57:11.703+0000] {logging_mixin.py:151} WARNING - /opt/python-etl/pipelines/structured_pipeline.py:211 UserWarning: Could not infer format, so each element will be parsed individually, falling back to `dateutil`. To ensure parsing is consistent and as-expected, please specify a format.
[2026-03-20T06:57:11.706+0000] {logging_mixin.py:151} WARNING - /opt/python-etl/pipelines/structured_pipeline.py:211 UserWarning: Could not infer format, so each element will be parsed individually, falling back to `dateutil`. To ensure parsing is consistent and as-expected, please specify a format.
[2026-03-20T06:57:11.708+0000] {logging_mixin.py:151} WARNING - /opt/python-etl/pipelines/structured_pipeline.py:211 UserWarning: Could not infer format, so each element will be parsed individually, falling back to `dateutil`. To ensure parsing is consistent and as-expected, please specify a format.
[2026-03-20T06:57:11.709+0000] {pdf_pipeline.py:327} INFO - [pdf] Created table: data_26t1s2ds25f1002315_page1_table2
[2026-03-20T06:57:11.711+0000] {pdf_pipeline.py:340} INFO - [pdf] Loaded 14 rows into data_26t1s2ds25f1002315_page1_table2
[2026-03-20T06:57:11.713+0000] {pdf_pipeline.py:552} INFO - [pdf] Processed table 2: 14 rows, 8 columns
[2026-03-20T06:57:11.856+0000] {pdf_pipeline.py:263} INFO - [pdf] Uploaded table CSV -> processed/structured/pdf-tables/26T1S2DS25F1002315_page2_table1.csv
[2026-03-20T06:57:11.856+0000] {structured_pipeline.py:108} INFO - Table name: data_26t1s2ds25f1002315_page2_table1
[2026-03-20T06:57:11.857+0000] {structured_pipeline.py:124} INFO - [Normalize] Normalizing DataFrame with 2 columns
[2026-03-20T06:57:11.859+0000] {logging_mixin.py:151} WARNING - /opt/python-etl/pipelines/structured_pipeline.py:211 UserWarning: Could not infer format, so each element will be parsed individually, falling back to `dateutil`. To ensure parsing is consistent and as-expected, please specify a format.
[2026-03-20T06:57:11.860+0000] {logging_mixin.py:151} WARNING - /opt/python-etl/pipelines/structured_pipeline.py:211 UserWarning: Could not infer format, so each element will be parsed individually, falling back to `dateutil`. To ensure parsing is consistent and as-expected, please specify a format.
[2026-03-20T06:57:11.862+0000] {pdf_pipeline.py:327} INFO - [pdf] Created table: data_26t1s2ds25f1002315_page2_table1
[2026-03-20T06:57:11.864+0000] {pdf_pipeline.py:340} INFO - [pdf] Loaded 9 rows into data_26t1s2ds25f1002315_page2_table1
[2026-03-20T06:57:11.866+0000] {pdf_pipeline.py:552} INFO - [pdf] Processed table 3: 9 rows, 2 columns
[2026-03-20T06:57:11.866+0000] {pdf_pipeline.py:569} INFO - [pdf] Extracted 3 tables with 24 total rows
[2026-03-20T06:57:11.868+0000] {pdf_pipeline.py:596} INFO - [pdf] Updated catalog for raw/26T1S2DS25F1002315.pdf
[2026-03-20T06:57:11.868+0000] {pdf_pipeline.py:601} INFO - [pdf] ✅ Completed processing: raw/26T1S2DS25F1002315.pdf | pages=2 | tables=3 | rows=24 | text_chars=5486
[2026-03-20T06:57:11.868+0000] {etl_manager.py:287} INFO - ETL completed: raw/26T1S2DS25F1002315.pdf
[2026-03-20T06:57:11.868+0000] {logging_mixin.py:151} INFO - [DISPATCHER] Archiving raw/26T1S2DS25F1002315.pdf -> raw-data/2026-03-20/26T1S2DS25F1002315.pdf
[2026-03-20T06:57:11.883+0000] {logging_mixin.py:151} INFO - [DISPATCHER] catalog_upsert failed for raw-data/2026-03-20/26T1S2DS25F1002315.pdf: column "content_hash" of relation "minio_data_catalog" does not exist
LINE 4:                  row_count, text_extracted, content_hash, up...
                                                    ^
[2026-03-20T06:57:11.883+0000] {logging_mixin.py:151} INFO - [DISPATCHER] Catalog updated for archive: raw-data/2026-03-20/26T1S2DS25F1002315.pdf
[2026-03-20T06:57:11.889+0000] {logging_mixin.py:151} INFO - [DISPATCHER] Completed & removed landing copy: raw/26T1S2DS25F1002315.pdf
[2026-03-20T06:57:11.889+0000] {logging_mixin.py:151} INFO - [DISPATCHER] Found file: raw/financial_data_1.csv
[2026-03-20T06:57:11.901+0000] {structured_pipeline.py:615} INFO - [structured] Processing raw/financial_data_1.csv
[2026-03-20T06:57:11.903+0000] {structured_pipeline.py:629} INFO - [structured] Downloaded 551 bytes
[2026-03-20T06:57:11.904+0000] {structured_pipeline.py:633} INFO - [structured] Detected file type: csv
[2026-03-20T06:57:11.904+0000] {structured_pipeline.py:22} INFO - Detected encoding: ascii (confidence: 1.00)
[2026-03-20T06:57:11.904+0000] {structured_pipeline.py:248} INFO - [CSV] Attempting to decode with ascii
[2026-03-20T06:57:11.906+0000] {structured_pipeline.py:41} INFO - Sniffer detected delimiter: ','
[2026-03-20T06:57:11.906+0000] {structured_pipeline.py:279} INFO - [CSV] Read attempt 1
[2026-03-20T06:57:11.910+0000] {structured_pipeline.py:283} INFO - [CSV] Successfully read 15 rows with 4 columns
[2026-03-20T06:57:11.910+0000] {structured_pipeline.py:656} INFO - [structured] Initial read: 15 rows, 4 columns
[2026-03-20T06:57:11.910+0000] {structured_pipeline.py:374} INFO - [Clean] Cleaning dataframe...
[2026-03-20T06:57:11.912+0000] {structured_pipeline.py:399} INFO - [Clean] Cleaned dataframe: 15 rows, 4 columns
[2026-03-20T06:57:11.912+0000] {structured_pipeline.py:108} INFO - Table name: data_financial_data_1
[2026-03-20T06:57:11.912+0000] {structured_pipeline.py:124} INFO - [Normalize] Normalizing DataFrame with 4 columns
[2026-03-20T06:57:11.916+0000] {structured_pipeline.py:419} INFO - [PostgreSQL] Column 'date' -> TIMESTAMP
[2026-03-20T06:57:11.916+0000] {structured_pipeline.py:419} INFO - [PostgreSQL] Column 'revenue' -> NUMERIC
[2026-03-20T06:57:11.917+0000] {structured_pipeline.py:419} INFO - [PostgreSQL] Column 'expenses' -> NUMERIC
[2026-03-20T06:57:11.917+0000] {structured_pipeline.py:419} INFO - [PostgreSQL] Column 'profit' -> NUMERIC
[2026-03-20T06:57:11.918+0000] {structured_pipeline.py:431} INFO - [PostgreSQL] Dropped existing table: data_financial_data_1
[2026-03-20T06:57:11.920+0000] {structured_pipeline.py:435} INFO - [PostgreSQL] Created table: data_financial_data_1
[2026-03-20T06:57:11.925+0000] {structured_pipeline.py:553} INFO - [PostgreSQL] Loaded 15 rows into data_financial_data_1
[2026-03-20T06:57:11.925+0000] {structured_pipeline.py:567} INFO - [Parquet] Writing Parquet file...
[2026-03-20T06:57:11.999+0000] {structured_pipeline.py:594} INFO - [Parquet] Saved to: processed/structured/financial_data_1.parquet
[2026-03-20T06:57:12.008+0000] {structured_pipeline.py:690} INFO - [structured] ✅ Successfully processed raw/financial_data_1.csv
[2026-03-20T06:57:12.009+0000] {etl_manager.py:287} INFO - ETL completed: raw/financial_data_1.csv
[2026-03-20T06:57:12.010+0000] {logging_mixin.py:151} INFO - [DISPATCHER] Archiving raw/financial_data_1.csv -> raw-data/2026-03-20/financial_data_1.csv
[2026-03-20T06:57:12.027+0000] {logging_mixin.py:151} INFO - [DISPATCHER] catalog_upsert failed for raw-data/2026-03-20/financial_data_1.csv: column "content_hash" of relation "minio_data_catalog" does not exist
LINE 4:                  row_count, text_extracted, content_hash, up...
                                                    ^
[2026-03-20T06:57:12.028+0000] {logging_mixin.py:151} INFO - [DISPATCHER] Catalog updated for archive: raw-data/2026-03-20/financial_data_1.csv
[2026-03-20T06:57:12.036+0000] {logging_mixin.py:151} INFO - [DISPATCHER] Completed & removed landing copy: raw/financial_data_1.csv
[2026-03-20T06:57:12.036+0000] {logging_mixin.py:151} INFO - [DISPATCHER] Found file: raw/financial_data_2.csv
[2026-03-20T06:57:12.072+0000] {structured_pipeline.py:615} INFO - [structured] Processing raw/financial_data_2.csv
[2026-03-20T06:57:12.080+0000] {structured_pipeline.py:629} INFO - [structured] Downloaded 550 bytes
[2026-03-20T06:57:12.080+0000] {structured_pipeline.py:633} INFO - [structured] Detected file type: csv
[2026-03-20T06:57:12.081+0000] {structured_pipeline.py:22} INFO - Detected encoding: ascii (confidence: 1.00)
[2026-03-20T06:57:12.082+0000] {structured_pipeline.py:248} INFO - [CSV] Attempting to decode with ascii
[2026-03-20T06:57:12.083+0000] {structured_pipeline.py:41} INFO - Sniffer detected delimiter: ','
[2026-03-20T06:57:12.083+0000] {structured_pipeline.py:279} INFO - [CSV] Read attempt 1
[2026-03-20T06:57:12.085+0000] {structured_pipeline.py:283} INFO - [CSV] Successfully read 15 rows with 4 columns
[2026-03-20T06:57:12.086+0000] {structured_pipeline.py:656} INFO - [structured] Initial read: 15 rows, 4 columns
[2026-03-20T06:57:12.086+0000] {structured_pipeline.py:374} INFO - [Clean] Cleaning dataframe...
[2026-03-20T06:57:12.088+0000] {structured_pipeline.py:399} INFO - [Clean] Cleaned dataframe: 15 rows, 4 columns
[2026-03-20T06:57:12.089+0000] {structured_pipeline.py:108} INFO - Table name: data_financial_data_2
[2026-03-20T06:57:12.089+0000] {structured_pipeline.py:124} INFO - [Normalize] Normalizing DataFrame with 4 columns
[2026-03-20T06:57:12.091+0000] {structured_pipeline.py:419} INFO - [PostgreSQL] Column 'date' -> TIMESTAMP
[2026-03-20T06:57:12.092+0000] {structured_pipeline.py:419} INFO - [PostgreSQL] Column 'revenue' -> NUMERIC
[2026-03-20T06:57:12.093+0000] {structured_pipeline.py:419} INFO - [PostgreSQL] Column 'expenses' -> NUMERIC
[2026-03-20T06:57:12.094+0000] {structured_pipeline.py:419} INFO - [PostgreSQL] Column 'profit' -> NUMERIC
[2026-03-20T06:57:12.094+0000] {structured_pipeline.py:431} INFO - [PostgreSQL] Dropped existing table: data_financial_data_2
[2026-03-20T06:57:12.097+0000] {structured_pipeline.py:435} INFO - [PostgreSQL] Created table: data_financial_data_2
[2026-03-20T06:57:12.102+0000] {structured_pipeline.py:553} INFO - [PostgreSQL] Loaded 15 rows into data_financial_data_2
[2026-03-20T06:57:12.102+0000] {structured_pipeline.py:567} INFO - [Parquet] Writing Parquet file...
[2026-03-20T06:57:12.114+0000] {structured_pipeline.py:594} INFO - [Parquet] Saved to: processed/structured/financial_data_2.parquet
[2026-03-20T06:57:12.123+0000] {structured_pipeline.py:690} INFO - [structured] ✅ Successfully processed raw/financial_data_2.csv
[2026-03-20T06:57:12.124+0000] {etl_manager.py:287} INFO - ETL completed: raw/financial_data_2.csv
[2026-03-20T06:57:12.124+0000] {logging_mixin.py:151} INFO - [DISPATCHER] Archiving raw/financial_data_2.csv -> raw-data/2026-03-20/financial_data_2.csv
[2026-03-20T06:57:12.136+0000] {logging_mixin.py:151} INFO - [DISPATCHER] catalog_upsert failed for raw-data/2026-03-20/financial_data_2.csv: column "content_hash" of relation "minio_data_catalog" does not exist
LINE 4:                  row_count, text_extracted, content_hash, up...
                                                    ^
[2026-03-20T06:57:12.136+0000] {logging_mixin.py:151} INFO - [DISPATCHER] Catalog updated for archive: raw-data/2026-03-20/financial_data_2.csv
[2026-03-20T06:57:12.142+0000] {logging_mixin.py:151} INFO - [DISPATCHER] Completed & removed landing copy: raw/financial_data_2.csv
[2026-03-20T06:57:12.142+0000] {logging_mixin.py:151} INFO - [DISPATCHER] Found file: raw/financial_report_1.docx
[2026-03-20T06:57:12.158+0000] {docx_pipeline.py:368} INFO - [docx] Processing raw/financial_report_1.docx
[2026-03-20T06:57:12.162+0000] {docx_pipeline.py:404} INFO - [docx] Extracting text…
[2026-03-20T06:57:12.193+0000] {docx_pipeline.py:406} INFO - [docx] Extracted 727 characters of text
[2026-03-20T06:57:12.194+0000] {docx_pipeline.py:411} INFO - [docx] Extracting tables…
[2026-03-20T06:57:12.208+0000] {docx_pipeline.py:413} INFO - [docx] Found 0 table(s)
[2026-03-20T06:57:12.214+0000] {docx_pipeline.py:438} INFO - [docx] Uploaded extracted text → processed/unstructured/text-extracted/financial_report_1.txt
[2026-03-20T06:57:12.215+0000] {docx_pipeline.py:80} ERROR - [docx] Failed saving to unstructured_documents: there is no unique or exclusion constraint matching the ON CONFLICT specification
Traceback (most recent call last):
  File "/opt/python-etl/pipelines/docx_pipeline.py", line 63, in _save_unstructured_doc
    cursor.execute(
psycopg2.errors.InvalidColumnReference: there is no unique or exclusion constraint matching the ON CONFLICT specification

[2026-03-20T06:57:12.238+0000] {docx_pipeline.py:516} INFO - [docx] Updated catalog for raw/financial_report_1.docx
[2026-03-20T06:57:12.238+0000] {docx_pipeline.py:522} INFO - [docx] ✅ Completed raw/financial_report_1.docx | tables=0 | total_rows=0 | text_chars=727
[2026-03-20T06:57:12.238+0000] {etl_manager.py:287} INFO - ETL completed: raw/financial_report_1.docx
[2026-03-20T06:57:12.239+0000] {logging_mixin.py:151} INFO - [DISPATCHER] Archiving raw/financial_report_1.docx -> raw-data/2026-03-20/financial_report_1.docx
[2026-03-20T06:57:12.247+0000] {logging_mixin.py:151} INFO - [DISPATCHER] catalog_upsert failed for raw-data/2026-03-20/financial_report_1.docx: column "content_hash" of relation "minio_data_catalog" does not exist
LINE 4:                  row_count, text_extracted, content_hash, up...
                                                    ^
[2026-03-20T06:57:12.247+0000] {logging_mixin.py:151} INFO - [DISPATCHER] Catalog updated for archive: raw-data/2026-03-20/financial_report_1.docx
[2026-03-20T06:57:12.250+0000] {logging_mixin.py:151} INFO - [DISPATCHER] Completed & removed landing copy: raw/financial_report_1.docx
[2026-03-20T06:57:12.250+0000] {logging_mixin.py:151} INFO - [DISPATCHER] Found file: raw/financial_report_2.docx
[2026-03-20T06:57:12.263+0000] {docx_pipeline.py:368} INFO - [docx] Processing raw/financial_report_2.docx
[2026-03-20T06:57:12.266+0000] {docx_pipeline.py:404} INFO - [docx] Extracting text…
[2026-03-20T06:57:12.280+0000] {docx_pipeline.py:406} INFO - [docx] Extracted 719 characters of text
[2026-03-20T06:57:12.281+0000] {docx_pipeline.py:411} INFO - [docx] Extracting tables…
[2026-03-20T06:57:12.295+0000] {docx_pipeline.py:413} INFO - [docx] Found 0 table(s)
[2026-03-20T06:57:12.304+0000] {docx_pipeline.py:438} INFO - [docx] Uploaded extracted text → processed/unstructured/text-extracted/financial_report_2.txt
[2026-03-20T06:57:12.309+0000] {docx_pipeline.py:80} ERROR - [docx] Failed saving to unstructured_documents: there is no unique or exclusion constraint matching the ON CONFLICT specification
Traceback (most recent call last):
  File "/opt/python-etl/pipelines/docx_pipeline.py", line 63, in _save_unstructured_doc
    cursor.execute(
psycopg2.errors.InvalidColumnReference: there is no unique or exclusion constraint matching the ON CONFLICT specification

[2026-03-20T06:57:12.333+0000] {docx_pipeline.py:516} INFO - [docx] Updated catalog for raw/financial_report_2.docx
[2026-03-20T06:57:12.334+0000] {docx_pipeline.py:522} INFO - [docx] ✅ Completed raw/financial_report_2.docx | tables=0 | total_rows=0 | text_chars=719
[2026-03-20T06:57:12.334+0000] {etl_manager.py:287} INFO - ETL completed: raw/financial_report_2.docx
[2026-03-20T06:57:12.334+0000] {logging_mixin.py:151} INFO - [DISPATCHER] Archiving raw/financial_report_2.docx -> raw-data/2026-03-20/financial_report_2.docx
[2026-03-20T06:57:12.343+0000] {logging_mixin.py:151} INFO - [DISPATCHER] catalog_upsert failed for raw-data/2026-03-20/financial_report_2.docx: column "content_hash" of relation "minio_data_catalog" does not exist
LINE 4:                  row_count, text_extracted, content_hash, up...
                                                    ^
[2026-03-20T06:57:12.343+0000] {logging_mixin.py:151} INFO - [DISPATCHER] Catalog updated for archive: raw-data/2026-03-20/financial_report_2.docx
[2026-03-20T06:57:12.347+0000] {logging_mixin.py:151} INFO - [DISPATCHER] Completed & removed landing copy: raw/financial_report_2.docx
[2026-03-20T06:57:12.347+0000] {logging_mixin.py:151} INFO - [DISPATCHER] Found file: raw/financial_table_1.pdf
[2026-03-20T06:57:12.362+0000] {pdf_pipeline.py:395} INFO - [pdf] Processing raw/financial_table_1.pdf
[2026-03-20T06:57:12.365+0000] {pdf_pipeline.py:427} INFO - [pdf] Extracting text from PDF...
[2026-03-20T06:57:12.383+0000] {pdf_pipeline.py:449} INFO - [pdf] Extracted 467 characters of text from 1 pages
[2026-03-20T06:57:12.387+0000] {pdf_pipeline.py:468} INFO - [pdf] Uploaded extracted text -> processed/unstructured/text-extracted/financial_table_1.txt
[2026-03-20T06:57:12.392+0000] {pdf_pipeline.py:77} ERROR - [pdf] Failed saving to unstructured_documents: there is no unique or exclusion constraint matching the ON CONFLICT specification
Traceback (most recent call last):
  File "/opt/python-etl/pipelines/pdf_pipeline.py", line 60, in _save_unstructured_doc
    cursor.execute(
psycopg2.errors.InvalidColumnReference: there is no unique or exclusion constraint matching the ON CONFLICT specification

[2026-03-20T06:57:12.392+0000] {pdf_pipeline.py:80} WARNING - [pdf] Continuing pipeline despite unstructured_documents save failure
[2026-03-20T06:57:12.392+0000] {pdf_pipeline.py:490} INFO - [pdf] Extracting tables from PDF...
[2026-03-20T06:57:12.433+0000] {pdf_pipeline.py:263} INFO - [pdf] Uploaded table CSV -> processed/structured/pdf-tables/financial_table_1_page1_table1.csv
[2026-03-20T06:57:12.433+0000] {structured_pipeline.py:108} INFO - Table name: data_financial_table_1_page1_table1
[2026-03-20T06:57:12.434+0000] {structured_pipeline.py:124} INFO - [Normalize] Normalizing DataFrame with 4 columns
[2026-03-20T06:57:12.440+0000] {pdf_pipeline.py:327} INFO - [pdf] Created table: data_financial_table_1_page1_table1
[2026-03-20T06:57:12.442+0000] {pdf_pipeline.py:340} INFO - [pdf] Loaded 12 rows into data_financial_table_1_page1_table1
[2026-03-20T06:57:12.446+0000] {pdf_pipeline.py:552} INFO - [pdf] Processed table 1: 12 rows, 4 columns
[2026-03-20T06:57:12.446+0000] {pdf_pipeline.py:569} INFO - [pdf] Extracted 1 tables with 12 total rows
[2026-03-20T06:57:12.448+0000] {pdf_pipeline.py:596} INFO - [pdf] Updated catalog for raw/financial_table_1.pdf
[2026-03-20T06:57:12.449+0000] {pdf_pipeline.py:601} INFO - [pdf] ✅ Completed processing: raw/financial_table_1.pdf | pages=1 | tables=1 | rows=12 | text_chars=467
[2026-03-20T06:57:12.449+0000] {etl_manager.py:287} INFO - ETL completed: raw/financial_table_1.pdf
[2026-03-20T06:57:12.449+0000] {logging_mixin.py:151} INFO - [DISPATCHER] Archiving raw/financial_table_1.pdf -> raw-data/2026-03-20/financial_table_1.pdf
[2026-03-20T06:57:12.458+0000] {logging_mixin.py:151} INFO - [DISPATCHER] catalog_upsert failed for raw-data/2026-03-20/financial_table_1.pdf: column "content_hash" of relation "minio_data_catalog" does not exist
LINE 4:                  row_count, text_extracted, content_hash, up...
                                                    ^
[2026-03-20T06:57:12.459+0000] {logging_mixin.py:151} INFO - [DISPATCHER] Catalog updated for archive: raw-data/2026-03-20/financial_table_1.pdf
[2026-03-20T06:57:12.462+0000] {logging_mixin.py:151} INFO - [DISPATCHER] Completed & removed landing copy: raw/financial_table_1.pdf
[2026-03-20T06:57:12.462+0000] {logging_mixin.py:151} INFO - [DISPATCHER] Found file: raw/financial_table_2.pdf
[2026-03-20T06:57:12.476+0000] {pdf_pipeline.py:395} INFO - [pdf] Processing raw/financial_table_2.pdf
[2026-03-20T06:57:12.479+0000] {pdf_pipeline.py:427} INFO - [pdf] Extracting text from PDF...
[2026-03-20T06:57:12.485+0000] {pdf_pipeline.py:449} INFO - [pdf] Extracted 471 characters of text from 1 pages
[2026-03-20T06:57:12.491+0000] {pdf_pipeline.py:468} INFO - [pdf] Uploaded extracted text -> processed/unstructured/text-extracted/financial_table_2.txt
[2026-03-20T06:57:12.492+0000] {pdf_pipeline.py:77} ERROR - [pdf] Failed saving to unstructured_documents: there is no unique or exclusion constraint matching the ON CONFLICT specification
Traceback (most recent call last):
  File "/opt/python-etl/pipelines/pdf_pipeline.py", line 60, in _save_unstructured_doc
    cursor.execute(
psycopg2.errors.InvalidColumnReference: there is no unique or exclusion constraint matching the ON CONFLICT specification

[2026-03-20T06:57:12.493+0000] {pdf_pipeline.py:80} WARNING - [pdf] Continuing pipeline despite unstructured_documents save failure
[2026-03-20T06:57:12.493+0000] {pdf_pipeline.py:490} INFO - [pdf] Extracting tables from PDF...
[2026-03-20T06:57:12.534+0000] {pdf_pipeline.py:263} INFO - [pdf] Uploaded table CSV -> processed/structured/pdf-tables/financial_table_2_page1_table1.csv
[2026-03-20T06:57:12.535+0000] {structured_pipeline.py:108} INFO - Table name: data_financial_table_2_page1_table1
[2026-03-20T06:57:12.535+0000] {structured_pipeline.py:124} INFO - [Normalize] Normalizing DataFrame with 4 columns
[2026-03-20T06:57:12.541+0000] {pdf_pipeline.py:327} INFO - [pdf] Created table: data_financial_table_2_page1_table1
[2026-03-20T06:57:12.543+0000] {pdf_pipeline.py:340} INFO - [pdf] Loaded 12 rows into data_financial_table_2_page1_table1
[2026-03-20T06:57:12.547+0000] {pdf_pipeline.py:552} INFO - [pdf] Processed table 1: 12 rows, 4 columns
[2026-03-20T06:57:12.548+0000] {pdf_pipeline.py:569} INFO - [pdf] Extracted 1 tables with 12 total rows
[2026-03-20T06:57:12.549+0000] {pdf_pipeline.py:596} INFO - [pdf] Updated catalog for raw/financial_table_2.pdf
[2026-03-20T06:57:12.549+0000] {pdf_pipeline.py:601} INFO - [pdf] ✅ Completed processing: raw/financial_table_2.pdf | pages=1 | tables=1 | rows=12 | text_chars=471
[2026-03-20T06:57:12.550+0000] {etl_manager.py:287} INFO - ETL completed: raw/financial_table_2.pdf
[2026-03-20T06:57:12.550+0000] {logging_mixin.py:151} INFO - [DISPATCHER] Archiving raw/financial_table_2.pdf -> raw-data/2026-03-20/financial_table_2.pdf
[2026-03-20T06:57:12.560+0000] {logging_mixin.py:151} INFO - [DISPATCHER] catalog_upsert failed for raw-data/2026-03-20/financial_table_2.pdf: column "content_hash" of relation "minio_data_catalog" does not exist
LINE 4:                  row_count, text_extracted, content_hash, up...
                                                    ^
[2026-03-20T06:57:12.560+0000] {logging_mixin.py:151} INFO - [DISPATCHER] Catalog updated for archive: raw-data/2026-03-20/financial_table_2.pdf
[2026-03-20T06:57:12.563+0000] {logging_mixin.py:151} INFO - [DISPATCHER] Completed & removed landing copy: raw/financial_table_2.pdf
[2026-03-20T06:57:12.564+0000] {python.py:194} INFO - Done. Returned value was: None
[2026-03-20T06:57:12.582+0000] {taskinstance.py:1398} INFO - Marking task as SUCCESS. dag_id=distillationDAG, task_id=scan_minio_and_dispatch, execution_date=20260320T065623, start_date=20260320T065710, end_date=20260320T065712
[2026-03-20T06:57:12.637+0000] {local_task_job_runner.py:228} INFO - Task exited with return code 0
[2026-03-20T06:57:12.663+0000] {taskinstance.py:2776} INFO - 0 downstream tasks scheduled from follow-on schedule check
