[2025-11-26T22:08:04.924+0000] {taskinstance.py:1157} INFO - Dependencies all met for dep_context=non-requeueable deps ti=<TaskInstance: ingestionDAG.ingest_local_folder scheduled__2025-11-26T22:07:16.421586+00:00 [queued]>
[2025-11-26T22:08:04.933+0000] {taskinstance.py:1157} INFO - Dependencies all met for dep_context=requeueable deps ti=<TaskInstance: ingestionDAG.ingest_local_folder scheduled__2025-11-26T22:07:16.421586+00:00 [queued]>
[2025-11-26T22:08:04.933+0000] {taskinstance.py:1359} INFO - Starting attempt 1 of 4
[2025-11-26T22:08:04.947+0000] {taskinstance.py:1380} INFO - Executing <Task(PythonOperator): ingest_local_folder> on 2025-11-26 22:07:16.421586+00:00
[2025-11-26T22:08:04.953+0000] {standard_task_runner.py:57} INFO - Started process 526 to run task
[2025-11-26T22:08:04.957+0000] {standard_task_runner.py:84} INFO - Running: ['***', 'tasks', 'run', 'ingestionDAG', 'ingest_local_folder', 'scheduled__2025-11-26T22:07:16.421586+00:00', '--job-id', '372', '--raw', '--subdir', 'DAGS_FOLDER/ingest_local_folder_dag.py', '--cfg-path', '/tmp/tmp75ek8pe7']
[2025-11-26T22:08:04.960+0000] {standard_task_runner.py:85} INFO - Job 372: Subtask ingest_local_folder
[2025-11-26T22:08:04.980+0000] {logging_mixin.py:151} WARNING - /home/***/.local/lib/python3.11/site-packages/***/settings.py:195 DeprecationWarning: The sql_alchemy_conn option in [core] has been moved to the sql_alchemy_conn option in [database] - the old setting has been used, but please update your config.
[2025-11-26T22:08:05.026+0000] {task_command.py:415} INFO - Running <TaskInstance: ingestionDAG.ingest_local_folder scheduled__2025-11-26T22:07:16.421586+00:00 [running]> on host 58c0a9b94ea8
[2025-11-26T22:08:05.123+0000] {taskinstance.py:1660} INFO - Exporting env vars: AIRFLOW_CTX_DAG_OWNER='***' AIRFLOW_CTX_DAG_ID='ingestionDAG' AIRFLOW_CTX_TASK_ID='ingest_local_folder' AIRFLOW_CTX_EXECUTION_DATE='2025-11-26T22:07:16.421586+00:00' AIRFLOW_CTX_TRY_NUMBER='1' AIRFLOW_CTX_DAG_RUN_ID='scheduled__2025-11-26T22:07:16.421586+00:00'
[2025-11-26T22:08:05.137+0000] {logging_mixin.py:151} INFO - [INGEST] Uploaded products.csv -> lakehouse-data/raw/
[2025-11-26T22:08:05.142+0000] {logging_mixin.py:151} INFO - [INGEST] Uploaded CLT_Analysis.pdf -> lakehouse-data/raw/
[2025-11-26T22:08:05.146+0000] {logging_mixin.py:151} INFO - [INGEST] Uploaded sales.csv -> lakehouse-data/raw/
[2025-11-26T22:08:05.155+0000] {logging_mixin.py:151} INFO - [INGEST] Uploaded send.txt -> lakehouse-data/raw/
[2025-11-26T22:08:05.160+0000] {logging_mixin.py:151} INFO - [INGEST] Uploaded earth-with-text.jpg -> lakehouse-data/raw/
[2025-11-26T22:08:05.165+0000] {logging_mixin.py:151} INFO - [INGEST] Uploaded customer.csv -> lakehouse-data/raw/
[2025-11-26T22:08:05.170+0000] {logging_mixin.py:151} INFO - [INGEST] Uploaded testocr.png -> lakehouse-data/raw/
[2025-11-26T22:08:05.171+0000] {python.py:194} INFO - Done. Returned value was: None
[2025-11-26T22:08:05.186+0000] {taskinstance.py:1398} INFO - Marking task as SUCCESS. dag_id=ingestionDAG, task_id=ingest_local_folder, execution_date=20251126T220716, start_date=20251126T220804, end_date=20251126T220805
[2025-11-26T22:08:05.209+0000] {local_task_job_runner.py:228} INFO - Task exited with return code 0
[2025-11-26T22:08:05.233+0000] {taskinstance.py:2776} INFO - 0 downstream tasks scheduled from follow-on schedule check
