[2025-11-27T03:32:56.655+0000] {taskinstance.py:1157} INFO - Dependencies all met for dep_context=non-requeueable deps ti=<TaskInstance: distillationDAG.scan_minio_and_dispatch scheduled__2025-11-27T03:32:05.699769+00:00 [queued]>
[2025-11-27T03:32:56.663+0000] {taskinstance.py:1157} INFO - Dependencies all met for dep_context=requeueable deps ti=<TaskInstance: distillationDAG.scan_minio_and_dispatch scheduled__2025-11-27T03:32:05.699769+00:00 [queued]>
[2025-11-27T03:32:56.663+0000] {taskinstance.py:1359} INFO - Starting attempt 1 of 4
[2025-11-27T03:32:56.675+0000] {taskinstance.py:1380} INFO - Executing <Task(PythonOperator): scan_minio_and_dispatch> on 2025-11-27 03:32:05.699769+00:00
[2025-11-27T03:32:56.681+0000] {standard_task_runner.py:57} INFO - Started process 239 to run task
[2025-11-27T03:32:56.684+0000] {standard_task_runner.py:84} INFO - Running: ['***', 'tasks', 'run', 'distillationDAG', 'scan_minio_and_dispatch', 'scheduled__2025-11-27T03:32:05.699769+00:00', '--job-id', '406', '--raw', '--subdir', 'DAGS_FOLDER/dispatcher_pipeline_dag.py', '--cfg-path', '/tmp/tmp0pup_pxu']
[2025-11-27T03:32:56.687+0000] {standard_task_runner.py:85} INFO - Job 406: Subtask scan_minio_and_dispatch
[2025-11-27T03:32:56.709+0000] {logging_mixin.py:151} WARNING - /home/***/.local/lib/python3.11/site-packages/***/settings.py:195 DeprecationWarning: The sql_alchemy_conn option in [core] has been moved to the sql_alchemy_conn option in [database] - the old setting has been used, but please update your config.
[2025-11-27T03:32:56.758+0000] {task_command.py:415} INFO - Running <TaskInstance: distillationDAG.scan_minio_and_dispatch scheduled__2025-11-27T03:32:05.699769+00:00 [running]> on host 380c7ff546d8
[2025-11-27T03:32:57.020+0000] {taskinstance.py:1660} INFO - Exporting env vars: AIRFLOW_CTX_DAG_OWNER='***' AIRFLOW_CTX_DAG_ID='distillationDAG' AIRFLOW_CTX_TASK_ID='scan_minio_and_dispatch' AIRFLOW_CTX_EXECUTION_DATE='2025-11-27T03:32:05.699769+00:00' AIRFLOW_CTX_TRY_NUMBER='1' AIRFLOW_CTX_DAG_RUN_ID='scheduled__2025-11-27T03:32:05.699769+00:00'
[2025-11-27T03:32:57.030+0000] {logging_mixin.py:151} INFO - [DISPATCHER] Found file: raw/report_test1.pdf
[2025-11-27T03:32:57.188+0000] {taskinstance.py:1935} ERROR - Task failed with exception
Traceback (most recent call last):
  File "/home/airflow/.local/lib/python3.11/site-packages/airflow/operators/python.py", line 192, in execute
    return_value = self.execute_callable()
                   ^^^^^^^^^^^^^^^^^^^^^^^
  File "/home/airflow/.local/lib/python3.11/site-packages/airflow/operators/python.py", line 209, in execute_callable
    return self.python_callable(*self.op_args, **self.op_kwargs)
           ^^^^^^^^^^^^^^^^^^^^^^^^^^^^^^^^^^^^^^^^^^^^^^^^^^^^^
  File "/opt/airflow/dags/dispatcher_pipeline_dag.py", line 56, in scan_and_dispatch
    run_pipeline_for_object(object_name)
  File "/opt/python-etl/etl_manager.py", line 257, in run_pipeline_for_object
    pdf_pipeline.process_minio_object(
TypeError: process_minio_object() takes 4 positional arguments but 5 were given
[2025-11-27T03:32:57.201+0000] {taskinstance.py:1398} INFO - Marking task as UP_FOR_RETRY. dag_id=distillationDAG, task_id=scan_minio_and_dispatch, execution_date=20251127T033205, start_date=20251127T033256, end_date=20251127T033257
[2025-11-27T03:32:57.211+0000] {standard_task_runner.py:104} ERROR - Failed to execute job 406 for task scan_minio_and_dispatch (process_minio_object() takes 4 positional arguments but 5 were given; 239)
[2025-11-27T03:32:57.258+0000] {local_task_job_runner.py:228} INFO - Task exited with return code 1
[2025-11-27T03:32:57.279+0000] {taskinstance.py:2776} INFO - 0 downstream tasks scheduled from follow-on schedule check
