[2026-02-26T23:47:03.003+0000] {taskinstance.py:1157} INFO - Dependencies all met for dep_context=non-requeueable deps ti=<TaskInstance: distillationDAG.scan_minio_and_dispatch scheduled__2026-02-26T23:44:54.835517+00:00 [queued]>
[2026-02-26T23:47:03.027+0000] {taskinstance.py:1157} INFO - Dependencies all met for dep_context=requeueable deps ti=<TaskInstance: distillationDAG.scan_minio_and_dispatch scheduled__2026-02-26T23:44:54.835517+00:00 [queued]>
[2026-02-26T23:47:03.028+0000] {taskinstance.py:1359} INFO - Starting attempt 2 of 4
[2026-02-26T23:47:03.069+0000] {taskinstance.py:1380} INFO - Executing <Task(PythonOperator): scan_minio_and_dispatch> on 2026-02-26 23:44:54.835517+00:00
[2026-02-26T23:47:03.089+0000] {standard_task_runner.py:57} INFO - Started process 445 to run task
[2026-02-26T23:47:03.100+0000] {standard_task_runner.py:84} INFO - Running: ['***', 'tasks', 'run', 'distillationDAG', 'scan_minio_and_dispatch', 'scheduled__2026-02-26T23:44:54.835517+00:00', '--job-id', '1714', '--raw', '--subdir', 'DAGS_FOLDER/dispatcher_pipeline_dag.py', '--cfg-path', '/tmp/tmprxq_4p8m']
[2026-02-26T23:47:03.110+0000] {standard_task_runner.py:85} INFO - Job 1714: Subtask scan_minio_and_dispatch
[2026-02-26T23:47:03.324+0000] {task_command.py:415} INFO - Running <TaskInstance: distillationDAG.scan_minio_and_dispatch scheduled__2026-02-26T23:44:54.835517+00:00 [running]> on host 9dc8d7c4ba28
[2026-02-26T23:47:04.080+0000] {taskinstance.py:1660} INFO - Exporting env vars: AIRFLOW_CTX_DAG_OWNER='***' AIRFLOW_CTX_DAG_ID='distillationDAG' AIRFLOW_CTX_TASK_ID='scan_minio_and_dispatch' AIRFLOW_CTX_EXECUTION_DATE='2026-02-26T23:44:54.835517+00:00' AIRFLOW_CTX_TRY_NUMBER='2' AIRFLOW_CTX_DAG_RUN_ID='scheduled__2026-02-26T23:44:54.835517+00:00'
[2026-02-26T23:47:04.108+0000] {logging_mixin.py:151} INFO - [DISPATCHER] Found file: raw/restaurant_menu.csv
[2026-02-26T23:47:04.945+0000] {structured_pipeline.py:505} INFO - [structured] Processing raw/restaurant_menu.csv
[2026-02-26T23:47:04.955+0000] {structured_pipeline.py:519} INFO - [structured] Downloaded 787 bytes
[2026-02-26T23:47:04.955+0000] {structured_pipeline.py:523} INFO - [structured] Detected file type: csv
[2026-02-26T23:47:04.957+0000] {structured_pipeline.py:22} INFO - Detected encoding: ascii (confidence: 1.00)
[2026-02-26T23:47:04.957+0000] {structured_pipeline.py:237} INFO - [CSV] Attempting to decode with ascii
[2026-02-26T23:47:04.959+0000] {structured_pipeline.py:41} INFO - Sniffer detected delimiter: ','
[2026-02-26T23:47:04.959+0000] {structured_pipeline.py:268} INFO - [CSV] Read attempt 1
[2026-02-26T23:47:04.971+0000] {structured_pipeline.py:272} INFO - [CSV] Successfully read 8 rows with 8 columns
[2026-02-26T23:47:04.972+0000] {structured_pipeline.py:546} INFO - [structured] Initial read: 8 rows, 8 columns
[2026-02-26T23:47:04.972+0000] {structured_pipeline.py:363} INFO - [Clean] Cleaning dataframe...
[2026-02-26T23:47:04.988+0000] {structured_pipeline.py:388} INFO - [Clean] Cleaned dataframe: 8 rows, 8 columns
[2026-02-26T23:47:04.988+0000] {structured_pipeline.py:108} INFO - Table name: data_restaurant_menu
[2026-02-26T23:47:04.989+0000] {structured_pipeline.py:124} INFO - [Normalize] Normalizing DataFrame with 8 columns
[2026-02-26T23:47:04.995+0000] {structured_pipeline.py:402} INFO - [PostgreSQL] Dropped existing table: data_restaurant_menu
[2026-02-26T23:47:05.002+0000] {logging_mixin.py:151} WARNING - /opt/python-etl/pipelines/structured_pipeline.py:190 UserWarning: Could not infer format, so each element will be parsed individually, falling back to `dateutil`. To ensure parsing is consistent and as-expected, please specify a format.
[2026-02-26T23:47:05.005+0000] {structured_pipeline.py:411} INFO - [PostgreSQL] Column 'itemid' -> TEXT
[2026-02-26T23:47:05.010+0000] {logging_mixin.py:151} WARNING - /opt/python-etl/pipelines/structured_pipeline.py:190 UserWarning: Could not infer format, so each element will be parsed individually, falling back to `dateutil`. To ensure parsing is consistent and as-expected, please specify a format.
[2026-02-26T23:47:05.011+0000] {structured_pipeline.py:411} INFO - [PostgreSQL] Column 'itemname' -> TEXT
[2026-02-26T23:47:05.015+0000] {logging_mixin.py:151} WARNING - /opt/python-etl/pipelines/structured_pipeline.py:190 UserWarning: Could not infer format, so each element will be parsed individually, falling back to `dateutil`. To ensure parsing is consistent and as-expected, please specify a format.
[2026-02-26T23:47:05.017+0000] {structured_pipeline.py:411} INFO - [PostgreSQL] Column 'category' -> TEXT
[2026-02-26T23:47:05.021+0000] {logging_mixin.py:151} WARNING - /opt/python-etl/pipelines/structured_pipeline.py:190 UserWarning: Could not infer format, so each element will be parsed individually, falling back to `dateutil`. To ensure parsing is consistent and as-expected, please specify a format.
[2026-02-26T23:47:05.022+0000] {structured_pipeline.py:411} INFO - [PostgreSQL] Column 'description' -> TEXT
[2026-02-26T23:47:05.024+0000] {structured_pipeline.py:411} INFO - [PostgreSQL] Column 'price' -> NUMERIC
[2026-02-26T23:47:05.026+0000] {structured_pipeline.py:411} INFO - [PostgreSQL] Column 'calories' -> INTEGER
[2026-02-26T23:47:05.028+0000] {structured_pipeline.py:411} INFO - [PostgreSQL] Column 'isvegetarian' -> INTEGER
[2026-02-26T23:47:05.030+0000] {structured_pipeline.py:411} INFO - [PostgreSQL] Column 'isglutenfree' -> INTEGER
[2026-02-26T23:47:05.038+0000] {structured_pipeline.py:422} INFO - [PostgreSQL] Created table: data_restaurant_menu
[2026-02-26T23:47:05.052+0000] {structured_pipeline.py:448} ERROR - [PostgreSQL] Load failed: invalid input syntax for type integer: "True"
CONTEXT:  COPY data_restaurant_menu, line 1, column isvegetarian: "True"

[2026-02-26T23:47:05.052+0000] {structured_pipeline.py:585} ERROR - [structured] ❌ Error processing raw/restaurant_menu.csv: invalid input syntax for type integer: "True"
CONTEXT:  COPY data_restaurant_menu, line 1, column isvegetarian: "True"
Traceback (most recent call last):
  File "/opt/python-etl/pipelines/structured_pipeline.py", line 555, in process_minio_object
    load_to_postgres(df, table_name, pg_conn, use_smart_types=True)
  File "/opt/python-etl/pipelines/structured_pipeline.py", line 438, in load_to_postgres
    cursor.copy_expert(
psycopg2.errors.InvalidTextRepresentation: invalid input syntax for type integer: "True"
CONTEXT:  COPY data_restaurant_menu, line 1, column isvegetarian: "True"

[2026-02-26T23:47:05.055+0000] {taskinstance.py:1935} ERROR - Task failed with exception
Traceback (most recent call last):
  File "/home/airflow/.local/lib/python3.11/site-packages/airflow/operators/python.py", line 192, in execute
    return_value = self.execute_callable()
                   ^^^^^^^^^^^^^^^^^^^^^^^
  File "/home/airflow/.local/lib/python3.11/site-packages/airflow/operators/python.py", line 209, in execute_callable
    return self.python_callable(*self.op_args, **self.op_kwargs)
           ^^^^^^^^^^^^^^^^^^^^^^^^^^^^^^^^^^^^^^^^^^^^^^^^^^^^^
  File "/opt/airflow/dags/dispatcher_pipeline_dag.py", line 56, in scan_and_dispatch
    run_pipeline_for_object(object_name)
  File "/opt/python-etl/etl_manager.py", line 288, in run_pipeline_for_object
    structured_pipeline.process_minio_object(**common_kwargs)
  File "/opt/python-etl/pipelines/structured_pipeline.py", line 555, in process_minio_object
    load_to_postgres(df, table_name, pg_conn, use_smart_types=True)
  File "/opt/python-etl/pipelines/structured_pipeline.py", line 438, in load_to_postgres
    cursor.copy_expert(
psycopg2.errors.InvalidTextRepresentation: invalid input syntax for type integer: "True"
CONTEXT:  COPY data_restaurant_menu, line 1, column isvegetarian: "True"

[2026-02-26T23:47:05.102+0000] {taskinstance.py:1398} INFO - Marking task as UP_FOR_RETRY. dag_id=distillationDAG, task_id=scan_minio_and_dispatch, execution_date=20260226T234454, start_date=20260226T234703, end_date=20260226T234705
[2026-02-26T23:47:05.133+0000] {standard_task_runner.py:104} ERROR - Failed to execute job 1714 for task scan_minio_and_dispatch (invalid input syntax for type integer: "True"
CONTEXT:  COPY data_restaurant_menu, line 1, column isvegetarian: "True"
; 445)
[2026-02-26T23:47:05.217+0000] {local_task_job_runner.py:228} INFO - Task exited with return code 1
[2026-02-26T23:47:05.288+0000] {taskinstance.py:2776} INFO - 0 downstream tasks scheduled from follow-on schedule check
