[2026-02-26T23:45:43.263+0000] {taskinstance.py:1157} INFO - Dependencies all met for dep_context=non-requeueable deps ti=<TaskInstance: distillationDAG.scan_minio_and_dispatch scheduled__2026-02-26T23:44:54.835517+00:00 [queued]>
[2026-02-26T23:45:43.289+0000] {taskinstance.py:1157} INFO - Dependencies all met for dep_context=requeueable deps ti=<TaskInstance: distillationDAG.scan_minio_and_dispatch scheduled__2026-02-26T23:44:54.835517+00:00 [queued]>
[2026-02-26T23:45:43.290+0000] {taskinstance.py:1359} INFO - Starting attempt 1 of 4
[2026-02-26T23:45:43.339+0000] {taskinstance.py:1380} INFO - Executing <Task(PythonOperator): scan_minio_and_dispatch> on 2026-02-26 23:44:54.835517+00:00
[2026-02-26T23:45:43.361+0000] {standard_task_runner.py:57} INFO - Started process 409 to run task
[2026-02-26T23:45:43.375+0000] {standard_task_runner.py:84} INFO - Running: ['***', 'tasks', 'run', 'distillationDAG', 'scan_minio_and_dispatch', 'scheduled__2026-02-26T23:44:54.835517+00:00', '--job-id', '1713', '--raw', '--subdir', 'DAGS_FOLDER/dispatcher_pipeline_dag.py', '--cfg-path', '/tmp/tmplebe7irk']
[2026-02-26T23:45:43.384+0000] {standard_task_runner.py:85} INFO - Job 1713: Subtask scan_minio_and_dispatch
[2026-02-26T23:45:43.730+0000] {task_command.py:415} INFO - Running <TaskInstance: distillationDAG.scan_minio_and_dispatch scheduled__2026-02-26T23:44:54.835517+00:00 [running]> on host 9dc8d7c4ba28
[2026-02-26T23:45:44.511+0000] {taskinstance.py:1660} INFO - Exporting env vars: AIRFLOW_CTX_DAG_OWNER='***' AIRFLOW_CTX_DAG_ID='distillationDAG' AIRFLOW_CTX_TASK_ID='scan_minio_and_dispatch' AIRFLOW_CTX_EXECUTION_DATE='2026-02-26T23:44:54.835517+00:00' AIRFLOW_CTX_TRY_NUMBER='1' AIRFLOW_CTX_DAG_RUN_ID='scheduled__2026-02-26T23:44:54.835517+00:00'
[2026-02-26T23:45:44.543+0000] {logging_mixin.py:151} INFO - [DISPATCHER] Found file: raw/flights.csv
[2026-02-26T23:45:45.354+0000] {structured_pipeline.py:505} INFO - [structured] Processing raw/flights.csv
[2026-02-26T23:45:45.362+0000] {structured_pipeline.py:519} INFO - [structured] Downloaded 509 bytes
[2026-02-26T23:45:45.363+0000] {structured_pipeline.py:523} INFO - [structured] Detected file type: csv
[2026-02-26T23:45:45.364+0000] {structured_pipeline.py:22} INFO - Detected encoding: ascii (confidence: 1.00)
[2026-02-26T23:45:45.364+0000] {structured_pipeline.py:237} INFO - [CSV] Attempting to decode with ascii
[2026-02-26T23:45:45.369+0000] {structured_pipeline.py:41} INFO - Sniffer detected delimiter: ','
[2026-02-26T23:45:45.369+0000] {structured_pipeline.py:268} INFO - [CSV] Read attempt 1
[2026-02-26T23:45:45.383+0000] {structured_pipeline.py:272} INFO - [CSV] Successfully read 8 rows with 9 columns
[2026-02-26T23:45:45.384+0000] {structured_pipeline.py:546} INFO - [structured] Initial read: 8 rows, 9 columns
[2026-02-26T23:45:45.384+0000] {structured_pipeline.py:363} INFO - [Clean] Cleaning dataframe...
[2026-02-26T23:45:45.403+0000] {structured_pipeline.py:388} INFO - [Clean] Cleaned dataframe: 8 rows, 9 columns
[2026-02-26T23:45:45.403+0000] {structured_pipeline.py:108} INFO - Table name: data_flights
[2026-02-26T23:45:45.404+0000] {structured_pipeline.py:124} INFO - [Normalize] Normalizing DataFrame with 9 columns
[2026-02-26T23:45:45.412+0000] {structured_pipeline.py:402} INFO - [PostgreSQL] Dropped existing table: data_flights
[2026-02-26T23:45:45.421+0000] {logging_mixin.py:151} WARNING - /opt/python-etl/pipelines/structured_pipeline.py:190 UserWarning: Could not infer format, so each element will be parsed individually, falling back to `dateutil`. To ensure parsing is consistent and as-expected, please specify a format.
[2026-02-26T23:45:45.424+0000] {structured_pipeline.py:411} INFO - [PostgreSQL] Column 'flightnumber' -> TEXT
[2026-02-26T23:45:45.429+0000] {logging_mixin.py:151} WARNING - /opt/python-etl/pipelines/structured_pipeline.py:190 UserWarning: Could not infer format, so each element will be parsed individually, falling back to `dateutil`. To ensure parsing is consistent and as-expected, please specify a format.
[2026-02-26T23:45:45.431+0000] {structured_pipeline.py:411} INFO - [PostgreSQL] Column 'airline' -> TEXT
[2026-02-26T23:45:45.437+0000] {logging_mixin.py:151} WARNING - /opt/python-etl/pipelines/structured_pipeline.py:190 UserWarning: Could not infer format, so each element will be parsed individually, falling back to `dateutil`. To ensure parsing is consistent and as-expected, please specify a format.
[2026-02-26T23:45:45.439+0000] {structured_pipeline.py:411} INFO - [PostgreSQL] Column 'origin' -> TEXT
[2026-02-26T23:45:45.445+0000] {logging_mixin.py:151} WARNING - /opt/python-etl/pipelines/structured_pipeline.py:190 UserWarning: Could not infer format, so each element will be parsed individually, falling back to `dateutil`. To ensure parsing is consistent and as-expected, please specify a format.
[2026-02-26T23:45:45.447+0000] {structured_pipeline.py:411} INFO - [PostgreSQL] Column 'destination' -> TEXT
[2026-02-26T23:45:45.454+0000] {logging_mixin.py:151} WARNING - /opt/python-etl/pipelines/structured_pipeline.py:190 UserWarning: Could not infer format, so each element will be parsed individually, falling back to `dateutil`. To ensure parsing is consistent and as-expected, please specify a format.
[2026-02-26T23:45:45.456+0000] {structured_pipeline.py:411} INFO - [PostgreSQL] Column 'departuretime' -> TIMESTAMP
[2026-02-26T23:45:45.462+0000] {logging_mixin.py:151} WARNING - /opt/python-etl/pipelines/structured_pipeline.py:190 UserWarning: Could not infer format, so each element will be parsed individually, falling back to `dateutil`. To ensure parsing is consistent and as-expected, please specify a format.
[2026-02-26T23:45:45.463+0000] {structured_pipeline.py:411} INFO - [PostgreSQL] Column 'arrivaltime' -> TIMESTAMP
[2026-02-26T23:45:45.466+0000] {structured_pipeline.py:411} INFO - [PostgreSQL] Column 'duration_min' -> INTEGER
[2026-02-26T23:45:45.468+0000] {structured_pipeline.py:411} INFO - [PostgreSQL] Column 'price' -> INTEGER
[2026-02-26T23:45:45.470+0000] {structured_pipeline.py:411} INFO - [PostgreSQL] Column 'seatsavailable' -> INTEGER
[2026-02-26T23:45:45.480+0000] {structured_pipeline.py:422} INFO - [PostgreSQL] Created table: data_flights
[2026-02-26T23:45:45.501+0000] {structured_pipeline.py:448} ERROR - [PostgreSQL] Load failed: invalid input syntax for type timestamp: "08:00"
CONTEXT:  COPY data_flights, line 1, column departuretime: "08:00"

[2026-02-26T23:45:45.502+0000] {structured_pipeline.py:585} ERROR - [structured] ❌ Error processing raw/flights.csv: invalid input syntax for type timestamp: "08:00"
CONTEXT:  COPY data_flights, line 1, column departuretime: "08:00"
Traceback (most recent call last):
  File "/opt/python-etl/pipelines/structured_pipeline.py", line 555, in process_minio_object
    load_to_postgres(df, table_name, pg_conn, use_smart_types=True)
  File "/opt/python-etl/pipelines/structured_pipeline.py", line 438, in load_to_postgres
    cursor.copy_expert(
psycopg2.errors.InvalidDatetimeFormat: invalid input syntax for type timestamp: "08:00"
CONTEXT:  COPY data_flights, line 1, column departuretime: "08:00"

[2026-02-26T23:45:45.506+0000] {taskinstance.py:1935} ERROR - Task failed with exception
Traceback (most recent call last):
  File "/home/airflow/.local/lib/python3.11/site-packages/airflow/operators/python.py", line 192, in execute
    return_value = self.execute_callable()
                   ^^^^^^^^^^^^^^^^^^^^^^^
  File "/home/airflow/.local/lib/python3.11/site-packages/airflow/operators/python.py", line 209, in execute_callable
    return self.python_callable(*self.op_args, **self.op_kwargs)
           ^^^^^^^^^^^^^^^^^^^^^^^^^^^^^^^^^^^^^^^^^^^^^^^^^^^^^
  File "/opt/airflow/dags/dispatcher_pipeline_dag.py", line 56, in scan_and_dispatch
    run_pipeline_for_object(object_name)
  File "/opt/python-etl/etl_manager.py", line 288, in run_pipeline_for_object
    structured_pipeline.process_minio_object(**common_kwargs)
  File "/opt/python-etl/pipelines/structured_pipeline.py", line 555, in process_minio_object
    load_to_postgres(df, table_name, pg_conn, use_smart_types=True)
  File "/opt/python-etl/pipelines/structured_pipeline.py", line 438, in load_to_postgres
    cursor.copy_expert(
psycopg2.errors.InvalidDatetimeFormat: invalid input syntax for type timestamp: "08:00"
CONTEXT:  COPY data_flights, line 1, column departuretime: "08:00"

[2026-02-26T23:45:45.588+0000] {taskinstance.py:1398} INFO - Marking task as UP_FOR_RETRY. dag_id=distillationDAG, task_id=scan_minio_and_dispatch, execution_date=20260226T234454, start_date=20260226T234543, end_date=20260226T234545
[2026-02-26T23:45:45.638+0000] {standard_task_runner.py:104} ERROR - Failed to execute job 1713 for task scan_minio_and_dispatch (invalid input syntax for type timestamp: "08:00"
CONTEXT:  COPY data_flights, line 1, column departuretime: "08:00"
; 409)
[2026-02-26T23:45:45.694+0000] {local_task_job_runner.py:228} INFO - Task exited with return code 1
[2026-02-26T23:45:45.807+0000] {taskinstance.py:2776} INFO - 0 downstream tasks scheduled from follow-on schedule check
