[2026-03-08T15:54:17.048+0000] {taskinstance.py:1157} INFO - Dependencies all met for dep_context=non-requeueable deps ti=<TaskInstance: distillationDAG.scan_minio_and_dispatch scheduled__2026-03-08T15:53:25.940534+00:00 [queued]>
[2026-03-08T15:54:17.089+0000] {taskinstance.py:1157} INFO - Dependencies all met for dep_context=requeueable deps ti=<TaskInstance: distillationDAG.scan_minio_and_dispatch scheduled__2026-03-08T15:53:25.940534+00:00 [queued]>
[2026-03-08T15:54:17.090+0000] {taskinstance.py:1359} INFO - Starting attempt 1 of 4
[2026-03-08T15:54:17.127+0000] {taskinstance.py:1380} INFO - Executing <Task(PythonOperator): scan_minio_and_dispatch> on 2026-03-08 15:53:25.940534+00:00
[2026-03-08T15:54:17.170+0000] {standard_task_runner.py:57} INFO - Started process 1128 to run task
[2026-03-08T15:54:17.196+0000] {standard_task_runner.py:84} INFO - Running: ['***', 'tasks', 'run', 'distillationDAG', 'scan_minio_and_dispatch', 'scheduled__2026-03-08T15:53:25.940534+00:00', '--job-id', '2295', '--raw', '--subdir', 'DAGS_FOLDER/dispatcher_pipeline_dag.py', '--cfg-path', '/tmp/tmpj4y9zojk']
[2026-03-08T15:54:17.251+0000] {standard_task_runner.py:85} INFO - Job 2295: Subtask scan_minio_and_dispatch
[2026-03-08T15:54:17.950+0000] {task_command.py:415} INFO - Running <TaskInstance: distillationDAG.scan_minio_and_dispatch scheduled__2026-03-08T15:53:25.940534+00:00 [running]> on host 78f9a73a02d7
[2026-03-08T15:54:19.030+0000] {taskinstance.py:1660} INFO - Exporting env vars: AIRFLOW_CTX_DAG_OWNER='***' AIRFLOW_CTX_DAG_ID='distillationDAG' AIRFLOW_CTX_TASK_ID='scan_minio_and_dispatch' AIRFLOW_CTX_EXECUTION_DATE='2026-03-08T15:53:25.940534+00:00' AIRFLOW_CTX_TRY_NUMBER='1' AIRFLOW_CTX_DAG_RUN_ID='scheduled__2026-03-08T15:53:25.940534+00:00'
[2026-03-08T15:54:19.721+0000] {logging_mixin.py:151} INFO - [DISPATCHER] Found file: raw/photo2.jpg
[2026-03-08T15:54:21.036+0000] {image_pipeline.py:343} INFO - [image] Processing raw/photo2.jpg
[2026-03-08T15:54:21.093+0000] {image_pipeline.py:385} INFO - [image] 1200x720 | format=JPEG | mode=RGB
[2026-03-08T15:54:21.094+0000] {image_pipeline.py:393} INFO - [image] Running Moondream2 VLM...
[2026-03-08T16:01:01.315+0000] {image_pipeline.py:252} WARNING - [image] Moondream caption failed for raw/photo2.jpg: HTTPConnectionPool(host='ollama_vlm', port=11434): Read timed out. (read timeout=400)
[2026-03-08T16:01:21.434+0000] {image_pipeline.py:401} INFO - [image] Running Tesseract OCR...
[2026-03-08T16:01:22.269+0000] {image_pipeline.py:301} INFO - [image] OCR produced no text for raw/photo2.jpg
[2026-03-08T16:01:22.271+0000] {image_pipeline.py:437} INFO - [image] No text produced for raw/photo2.jpg
[2026-03-08T16:01:22.338+0000] {image_pipeline.py:481} INFO - [image] Saved to unstructured_images
[2026-03-08T16:01:22.351+0000] {image_pipeline.py:511} INFO - [image] ✅ Completed raw/photo2.jpg | 1200x720 | fmt=JPEG | ocr=no | vlm=no | text_chars=0
[2026-03-08T16:01:22.355+0000] {etl_manager.py:306} INFO - ETL completed: raw/photo2.jpg
[2026-03-08T16:01:22.357+0000] {logging_mixin.py:151} INFO - [DISPATCHER] Archiving raw/photo2.jpg -> raw-data/2026-03-08/photo2.jpg
[2026-03-08T16:01:22.405+0000] {logging_mixin.py:151} INFO - [DISPATCHER] Completed & removed landing copy: raw/photo2.jpg
[2026-03-08T16:01:22.405+0000] {logging_mixin.py:151} INFO - [DISPATCHER] Found file: raw/photo3.jpg
[2026-03-08T16:01:22.494+0000] {image_pipeline.py:343} INFO - [image] Processing raw/photo3.jpg
[2026-03-08T16:01:22.517+0000] {image_pipeline.py:385} INFO - [image] 1200x720 | format=JPEG | mode=RGB
[2026-03-08T16:01:22.518+0000] {image_pipeline.py:393} INFO - [image] Running Moondream2 VLM...
[2026-03-08T16:07:53.947+0000] {image_pipeline.py:262} INFO - [image] Moondream caption: 
The image presents an aerial view of a harbor, with the calm water reflecting the surrounding buildings and ships. The 
[2026-03-08T16:11:11.983+0000] {image_pipeline.py:273} INFO - [image] Moondream text: 429 chars
[2026-03-08T16:11:27.668+0000] {image_pipeline.py:401} INFO - [image] Running Tesseract OCR...
[2026-03-08T16:11:28.624+0000] {image_pipeline.py:301} INFO - [image] OCR produced no text for raw/photo3.jpg
[2026-03-08T16:11:28.651+0000] {image_pipeline.py:431} INFO - [image] Combined text (837 chars) → processed/unstructured/text-extracted/photo3.txt
[2026-03-08T16:11:28.673+0000] {image_pipeline.py:481} INFO - [image] Saved to unstructured_images
[2026-03-08T16:11:28.682+0000] {image_pipeline.py:511} INFO - [image] ✅ Completed raw/photo3.jpg | 1200x720 | fmt=JPEG | ocr=no | vlm=yes | text_chars=837
[2026-03-08T16:11:28.686+0000] {etl_manager.py:306} INFO - ETL completed: raw/photo3.jpg
[2026-03-08T16:11:28.693+0000] {logging_mixin.py:151} INFO - [DISPATCHER] Archiving raw/photo3.jpg -> raw-data/2026-03-08/photo3.jpg
[2026-03-08T16:11:28.750+0000] {logging_mixin.py:151} INFO - [DISPATCHER] Completed & removed landing copy: raw/photo3.jpg
[2026-03-08T16:11:28.753+0000] {python.py:194} INFO - Done. Returned value was: None
[2026-03-08T16:11:28.835+0000] {taskinstance.py:1398} INFO - Marking task as SUCCESS. dag_id=distillationDAG, task_id=scan_minio_and_dispatch, execution_date=20260308T155325, start_date=20260308T155417, end_date=20260308T161128
[2026-03-08T16:11:28.998+0000] {local_task_job_runner.py:228} INFO - Task exited with return code 0
[2026-03-08T16:11:29.117+0000] {taskinstance.py:2776} INFO - 0 downstream tasks scheduled from follow-on schedule check
