[2026-03-20T07:00:37.829+0000] {taskinstance.py:1157} INFO - Dependencies all met for dep_context=non-requeueable deps ti=<TaskInstance: embedding_sync_dag.backfill_existing_data scheduled__2026-03-20T06:55:00+00:00 [queued]>
[2026-03-20T07:00:37.837+0000] {taskinstance.py:1157} INFO - Dependencies all met for dep_context=requeueable deps ti=<TaskInstance: embedding_sync_dag.backfill_existing_data scheduled__2026-03-20T06:55:00+00:00 [queued]>
[2026-03-20T07:00:37.838+0000] {taskinstance.py:1359} INFO - Starting attempt 1 of 3
[2026-03-20T07:00:37.852+0000] {taskinstance.py:1380} INFO - Executing <Task(PythonOperator): backfill_existing_data> on 2026-03-20 06:55:00+00:00
[2026-03-20T07:00:37.860+0000] {standard_task_runner.py:57} INFO - Started process 1232 to run task
[2026-03-20T07:00:37.867+0000] {standard_task_runner.py:84} INFO - Running: ['***', 'tasks', 'run', 'embedding_sync_dag', 'backfill_existing_data', 'scheduled__2026-03-20T06:55:00+00:00', '--job-id', '2473', '--raw', '--subdir', 'DAGS_FOLDER/embedding_sync_dag.py', '--cfg-path', '/tmp/tmpji7m0gx7']
[2026-03-20T07:00:37.870+0000] {standard_task_runner.py:85} INFO - Job 2473: Subtask backfill_existing_data
[2026-03-20T07:00:37.951+0000] {task_command.py:415} INFO - Running <TaskInstance: embedding_sync_dag.backfill_existing_data scheduled__2026-03-20T06:55:00+00:00 [running]> on host f9d03ff7592b
[2026-03-20T07:00:38.097+0000] {taskinstance.py:1660} INFO - Exporting env vars: AIRFLOW_CTX_DAG_OWNER='lakehouse' AIRFLOW_CTX_DAG_ID='embedding_sync_dag' AIRFLOW_CTX_TASK_ID='backfill_existing_data' AIRFLOW_CTX_EXECUTION_DATE='2026-03-20T06:55:00+00:00' AIRFLOW_CTX_TRY_NUMBER='1' AIRFLOW_CTX_DAG_RUN_ID='scheduled__2026-03-20T06:55:00+00:00'
[2026-03-20T07:00:39.314+0000] {embedding_pipeline.py:430} INFO - [embed] Backfill needed — source~3168, fully embedded=0, gap~3168
[2026-03-20T07:00:39.317+0000] {embedding_pipeline.py:448} INFO - [embed] Scanning 22 tables for unembedded rows...
[2026-03-20T07:00:39.334+0000] {embedding_pipeline.py:492} INFO - [embed] Queued 1 rows from data_26t1s2ds25f1002315_page1_table1
[2026-03-20T07:00:39.346+0000] {embedding_pipeline.py:492} INFO - [embed] Queued 14 rows from data_26t1s2ds25f1002315_page1_table2
[2026-03-20T07:00:39.350+0000] {embedding_pipeline.py:492} INFO - [embed] Queued 9 rows from data_26t1s2ds25f1002315_page2_table1
[2026-03-20T07:00:39.353+0000] {embedding_pipeline.py:492} INFO - [embed] Queued 15 rows from data_financial_data_1
[2026-03-20T07:00:39.357+0000] {embedding_pipeline.py:492} INFO - [embed] Queued 15 rows from data_financial_data_2
[2026-03-20T07:00:39.363+0000] {embedding_pipeline.py:492} INFO - [embed] Queued 12 rows from data_financial_table_1_page1_table1
[2026-03-20T07:00:39.369+0000] {embedding_pipeline.py:492} INFO - [embed] Queued 12 rows from data_financial_table_2_page1_table1
[2026-03-20T07:00:39.373+0000] {embedding_pipeline.py:492} INFO - [embed] Queued 8 rows from data_movies
[2026-03-20T07:00:39.379+0000] {embedding_pipeline.py:492} INFO - [embed] Queued 5 rows from data_nimish_research1_1_page3_table1
[2026-03-20T07:00:39.384+0000] {embedding_pipeline.py:492} INFO - [embed] Queued 5 rows from data_nimish_research3_page4_table1
[2026-03-20T07:00:39.395+0000] {embedding_pipeline.py:492} INFO - [embed] Queued 8 rows from data_nimish_research3_page7_table1
[2026-03-20T07:00:39.406+0000] {embedding_pipeline.py:492} INFO - [embed] Queued 5 rows from data_nitin_gavhane_resume_table_1
[2026-03-20T07:00:39.429+0000] {embedding_pipeline.py:492} INFO - [embed] Queued 1000 rows from data_organizations_1000
[2026-03-20T07:00:39.457+0000] {embedding_pipeline.py:492} INFO - [embed] Queued 1000 rows from data_people_1000
[2026-03-20T07:00:39.461+0000] {embedding_pipeline.py:492} INFO - [embed] Queued 8 rows from data_products
[2026-03-20T07:00:39.467+0000] {embedding_pipeline.py:492} INFO - [embed] Queued 8 rows from data_sales
[2026-03-20T07:00:39.474+0000] {embedding_pipeline.py:492} INFO - [embed] Queued 7 rows from data_sample_tables_page7_table2
[2026-03-20T07:00:39.480+0000] {embedding_pipeline.py:492} INFO - [embed] Queued 8 rows from data_social_media
[2026-03-20T07:00:39.516+0000] {embedding_pipeline.py:492} INFO - [embed] Queued 1000 rows from data_studentsperformance
[2026-03-20T07:00:39.531+0000] {embedding_pipeline.py:492} INFO - [embed] Queued 137 rows from minio_data_catalog
[2026-03-20T07:00:39.563+0000] {embedding_pipeline.py:492} INFO - [embed] Queued 103 rows from unstructured_documents
[2026-03-20T07:00:39.576+0000] {embedding_pipeline.py:492} INFO - [embed] Queued 19 rows from unstructured_images
[2026-03-20T07:00:39.587+0000] {embedding_pipeline.py:501} INFO - [embed] Backfill complete — 3399 rows queued
[2026-03-20T07:00:39.624+0000] {python.py:194} INFO - Done. Returned value was: 3399
[2026-03-20T07:00:39.685+0000] {taskinstance.py:1398} INFO - Marking task as SUCCESS. dag_id=embedding_sync_dag, task_id=backfill_existing_data, execution_date=20260320T065500, start_date=20260320T070037, end_date=20260320T070039
[2026-03-20T07:00:39.754+0000] {local_task_job_runner.py:228} INFO - Task exited with return code 0
[2026-03-20T07:00:39.838+0000] {taskinstance.py:2776} INFO - 0 downstream tasks scheduled from follow-on schedule check
