[2025-11-19T21:15:30.413+0000] {taskinstance.py:1157} INFO - Dependencies all met for dep_context=non-requeueable deps ti=<TaskInstance: minio_raw_dispatcher.scan_minio_and_dispatch scheduled__2025-11-19T21:14:18.819656+00:00 [queued]>
[2025-11-19T21:15:30.422+0000] {taskinstance.py:1157} INFO - Dependencies all met for dep_context=requeueable deps ti=<TaskInstance: minio_raw_dispatcher.scan_minio_and_dispatch scheduled__2025-11-19T21:14:18.819656+00:00 [queued]>
[2025-11-19T21:15:30.422+0000] {taskinstance.py:1359} INFO - Starting attempt 3 of 4
[2025-11-19T21:15:30.436+0000] {taskinstance.py:1380} INFO - Executing <Task(PythonOperator): scan_minio_and_dispatch> on 2025-11-19 21:14:18.819656+00:00
[2025-11-19T21:15:30.447+0000] {standard_task_runner.py:57} INFO - Started process 394 to run task
[2025-11-19T21:15:30.451+0000] {standard_task_runner.py:84} INFO - Running: ['***', 'tasks', 'run', 'minio_raw_dispatcher', 'scan_minio_and_dispatch', 'scheduled__2025-11-19T21:14:18.819656+00:00', '--job-id', '331', '--raw', '--subdir', 'DAGS_FOLDER/dispatcher_pipeline_dag.py', '--cfg-path', '/tmp/tmpvvhimxw2']
[2025-11-19T21:15:30.455+0000] {standard_task_runner.py:85} INFO - Job 331: Subtask scan_minio_and_dispatch
[2025-11-19T21:15:30.482+0000] {logging_mixin.py:151} WARNING - /home/***/.local/lib/python3.11/site-packages/***/settings.py:195 DeprecationWarning: The sql_alchemy_conn option in [core] has been moved to the sql_alchemy_conn option in [database] - the old setting has been used, but please update your config.
[2025-11-19T21:15:30.529+0000] {task_command.py:415} INFO - Running <TaskInstance: minio_raw_dispatcher.scan_minio_and_dispatch scheduled__2025-11-19T21:14:18.819656+00:00 [running]> on host eefe11ebe3c0
[2025-11-19T21:15:30.809+0000] {taskinstance.py:1660} INFO - Exporting env vars: AIRFLOW_CTX_DAG_OWNER='***' AIRFLOW_CTX_DAG_ID='minio_raw_dispatcher' AIRFLOW_CTX_TASK_ID='scan_minio_and_dispatch' AIRFLOW_CTX_EXECUTION_DATE='2025-11-19T21:14:18.819656+00:00' AIRFLOW_CTX_TRY_NUMBER='3' AIRFLOW_CTX_DAG_RUN_ID='scheduled__2025-11-19T21:14:18.819656+00:00'
[2025-11-19T21:15:30.818+0000] {logging_mixin.py:151} INFO - Processing: raw/DevOps_quesbank.pdf
[2025-11-19T21:15:30.969+0000] {pdf_pipeline.py:24} INFO - [pdf] Processing raw/DevOps_quesbank.pdf
[2025-11-19T21:15:30.992+0000] {pdf_pipeline.py:36} INFO - [pdf] Uploaded extracted text to processed/unstructured/text-extracted/DevOps_quesbank.txt
[2025-11-19T21:15:30.995+0000] {pdf_pipeline.py:44} ERROR - [pdf] Error processing raw/DevOps_quesbank.pdf: 'NoneType' object is not callable
Traceback (most recent call last):
  File "/opt/python-etl/pipelines/pdf_pipeline.py", line 42, in process_minio_object
    catalog_updater(bucket_name, object_name, file_format='pdf', row_count=(text.count('\n')+1 if text else 0), text_extracted=True)
TypeError: 'NoneType' object is not callable
[2025-11-19T21:15:30.996+0000] {taskinstance.py:1935} ERROR - Task failed with exception
Traceback (most recent call last):
  File "/home/airflow/.local/lib/python3.11/site-packages/airflow/operators/python.py", line 192, in execute
    return_value = self.execute_callable()
                   ^^^^^^^^^^^^^^^^^^^^^^^
  File "/home/airflow/.local/lib/python3.11/site-packages/airflow/operators/python.py", line 209, in execute_callable
    return self.python_callable(*self.op_args, **self.op_kwargs)
           ^^^^^^^^^^^^^^^^^^^^^^^^^^^^^^^^^^^^^^^^^^^^^^^^^^^^^
  File "/opt/airflow/dags/dispatcher_pipeline_dag.py", line 37, in scan_and_dispatch
    run_pipeline_for_object(object_name)    # <---- your new function
    ^^^^^^^^^^^^^^^^^^^^^^^^^^^^^^^^^^^^
  File "/opt/python-etl/etl_manager.py", line 209, in run_pipeline_for_object
    pdf_pipeline.process_minio_object(
  File "/opt/python-etl/pipelines/pdf_pipeline.py", line 42, in process_minio_object
    catalog_updater(bucket_name, object_name, file_format='pdf', row_count=(text.count('\n')+1 if text else 0), text_extracted=True)
TypeError: 'NoneType' object is not callable
[2025-11-19T21:15:31.011+0000] {taskinstance.py:1398} INFO - Marking task as UP_FOR_RETRY. dag_id=minio_raw_dispatcher, task_id=scan_minio_and_dispatch, execution_date=20251119T211418, start_date=20251119T211530, end_date=20251119T211531
[2025-11-19T21:15:31.022+0000] {standard_task_runner.py:104} ERROR - Failed to execute job 331 for task scan_minio_and_dispatch ('NoneType' object is not callable; 394)
[2025-11-19T21:15:31.067+0000] {local_task_job_runner.py:228} INFO - Task exited with return code 1
[2025-11-19T21:15:31.091+0000] {taskinstance.py:2776} INFO - 0 downstream tasks scheduled from follow-on schedule check
