[2026-03-05T00:35:08.000+0000] {taskinstance.py:1157} INFO - Dependencies all met for dep_context=non-requeueable deps ti=<TaskInstance: embedding_sync_dag.process_queue scheduled__2026-03-05T00:30:00+00:00 [queued]>
[2026-03-05T00:35:08.023+0000] {taskinstance.py:1157} INFO - Dependencies all met for dep_context=requeueable deps ti=<TaskInstance: embedding_sync_dag.process_queue scheduled__2026-03-05T00:30:00+00:00 [queued]>
[2026-03-05T00:35:08.024+0000] {taskinstance.py:1359} INFO - Starting attempt 1 of 3
[2026-03-05T00:35:08.058+0000] {taskinstance.py:1380} INFO - Executing <Task(PythonOperator): process_queue> on 2026-03-05 00:30:00+00:00
[2026-03-05T00:35:08.073+0000] {standard_task_runner.py:57} INFO - Started process 2144 to run task
[2026-03-05T00:35:08.083+0000] {standard_task_runner.py:84} INFO - Running: ['***', 'tasks', 'run', 'embedding_sync_dag', 'process_queue', 'scheduled__2026-03-05T00:30:00+00:00', '--job-id', '2136', '--raw', '--subdir', 'DAGS_FOLDER/embedding_sync_dag.py', '--cfg-path', '/tmp/tmp3w9deot8']
[2026-03-05T00:35:08.092+0000] {standard_task_runner.py:85} INFO - Job 2136: Subtask process_queue
[2026-03-05T00:35:08.274+0000] {task_command.py:415} INFO - Running <TaskInstance: embedding_sync_dag.process_queue scheduled__2026-03-05T00:30:00+00:00 [running]> on host f8e2a5ccc16e
[2026-03-05T00:35:08.582+0000] {taskinstance.py:1660} INFO - Exporting env vars: AIRFLOW_CTX_DAG_OWNER='lakehouse' AIRFLOW_CTX_DAG_ID='embedding_sync_dag' AIRFLOW_CTX_TASK_ID='process_queue' AIRFLOW_CTX_EXECUTION_DATE='2026-03-05T00:30:00+00:00' AIRFLOW_CTX_TRY_NUMBER='1' AIRFLOW_CTX_DAG_RUN_ID='scheduled__2026-03-05T00:30:00+00:00'
[2026-03-05T00:35:28.697+0000] {embedding_pipeline.py:39} INFO - [embed] Loading all-MiniLM-L6-v2 (first use)...
[2026-03-05T00:35:28.700+0000] {SentenceTransformer.py:219} INFO - Use pytorch device_name: cpu
[2026-03-05T00:35:28.700+0000] {SentenceTransformer.py:227} INFO - Load pretrained SentenceTransformer: all-MiniLM-L6-v2
[2026-03-05T00:35:29.923+0000] {logging_mixin.py:151} WARNING - Warning: You are sending unauthenticated requests to the HF Hub. Please set a HF_TOKEN to enable higher rate limits and faster downloads.
[2026-03-05T00:35:29.923+0000] {_http.py:857} WARNING - Warning: You are sending unauthenticated requests to the HF Hub. Please set a HF_TOKEN to enable higher rate limits and faster downloads.
[2026-03-05T00:35:31.469+0000] {logging_mixin.py:151} WARNING - Loading weights:   0%|          | 0/103 [00:00<?, ?it/s]
[2026-03-05T00:35:31.556+0000] {logging_mixin.py:151} WARNING - Loading weights: 100%|##########| 103/103 [00:00<00:00, 1214.62it/s]
[2026-03-05T00:35:31.574+0000] {logging_mixin.py:151} WARNING - BertModel LOAD REPORT from: sentence-transformers/all-MiniLM-L6-v2
Key                     | Status     |  | 
------------------------+------------+--+-
embeddings.position_ids | UNEXPECTED |  | 

Notes:
- UNEXPECTED	:can be ignored when loading from different task/architecture; not ok if you expect identical arch.
[2026-03-05T00:35:33.574+0000] {embedding_pipeline.py:41} INFO - [embed] Model loaded.
[2026-03-05T00:35:33.628+0000] {embedding_pipeline.py:191} INFO - [embed] Queue empty after 0 rows.
[2026-03-05T00:35:33.629+0000] {embedding_pipeline.py:315} INFO - [embed] ✅ Done. processed=0 errors=0
[2026-03-05T00:35:33.695+0000] {python.py:194} INFO - Done. Returned value was: {'processed': 0, 'errors': 0}
[2026-03-05T00:35:33.800+0000] {taskinstance.py:1398} INFO - Marking task as SUCCESS. dag_id=embedding_sync_dag, task_id=process_queue, execution_date=20260305T003000, start_date=20260305T003508, end_date=20260305T003533
[2026-03-05T00:35:34.051+0000] {local_task_job_runner.py:228} INFO - Task exited with return code 0
[2026-03-05T00:35:34.141+0000] {taskinstance.py:2776} INFO - 1 downstream tasks scheduled from follow-on schedule check
