[2026-02-27T05:01:58.983+0000] {taskinstance.py:1157} INFO - Dependencies all met for dep_context=non-requeueable deps ti=<TaskInstance: distillationDAG.scan_minio_and_dispatch scheduled__2026-02-27T05:01:04.612140+00:00 [queued]>
[2026-02-27T05:01:59.006+0000] {taskinstance.py:1157} INFO - Dependencies all met for dep_context=requeueable deps ti=<TaskInstance: distillationDAG.scan_minio_and_dispatch scheduled__2026-02-27T05:01:04.612140+00:00 [queued]>
[2026-02-27T05:01:59.006+0000] {taskinstance.py:1359} INFO - Starting attempt 1 of 4
[2026-02-27T05:01:59.038+0000] {taskinstance.py:1380} INFO - Executing <Task(PythonOperator): scan_minio_and_dispatch> on 2026-02-27 05:01:04.612140+00:00
[2026-02-27T05:01:59.055+0000] {standard_task_runner.py:57} INFO - Started process 1948 to run task
[2026-02-27T05:01:59.067+0000] {standard_task_runner.py:84} INFO - Running: ['***', 'tasks', 'run', 'distillationDAG', 'scan_minio_and_dispatch', 'scheduled__2026-02-27T05:01:04.612140+00:00', '--job-id', '1764', '--raw', '--subdir', 'DAGS_FOLDER/dispatcher_pipeline_dag.py', '--cfg-path', '/tmp/tmp81cy389t']
[2026-02-27T05:01:59.076+0000] {standard_task_runner.py:85} INFO - Job 1764: Subtask scan_minio_and_dispatch
[2026-02-27T05:01:59.251+0000] {task_command.py:415} INFO - Running <TaskInstance: distillationDAG.scan_minio_and_dispatch scheduled__2026-02-27T05:01:04.612140+00:00 [running]> on host 9dc8d7c4ba28
[2026-02-27T05:02:00.048+0000] {taskinstance.py:1660} INFO - Exporting env vars: AIRFLOW_CTX_DAG_OWNER='***' AIRFLOW_CTX_DAG_ID='distillationDAG' AIRFLOW_CTX_TASK_ID='scan_minio_and_dispatch' AIRFLOW_CTX_EXECUTION_DATE='2026-02-27T05:01:04.612140+00:00' AIRFLOW_CTX_TRY_NUMBER='1' AIRFLOW_CTX_DAG_RUN_ID='scheduled__2026-02-27T05:01:04.612140+00:00'
[2026-02-27T05:02:00.074+0000] {logging_mixin.py:151} INFO - [DISPATCHER] Found file: raw/customers.csv
[2026-02-27T05:02:00.874+0000] {structured_pipeline.py:505} INFO - [structured] Processing raw/customers.csv
[2026-02-27T05:02:00.882+0000] {structured_pipeline.py:519} INFO - [structured] Downloaded 745 bytes
[2026-02-27T05:02:00.883+0000] {structured_pipeline.py:523} INFO - [structured] Detected file type: csv
[2026-02-27T05:02:00.884+0000] {structured_pipeline.py:22} INFO - Detected encoding: ascii (confidence: 1.00)
[2026-02-27T05:02:00.885+0000] {structured_pipeline.py:237} INFO - [CSV] Attempting to decode with ascii
[2026-02-27T05:02:00.889+0000] {structured_pipeline.py:41} INFO - Sniffer detected delimiter: ','
[2026-02-27T05:02:00.890+0000] {structured_pipeline.py:268} INFO - [CSV] Read attempt 1
[2026-02-27T05:02:00.902+0000] {structured_pipeline.py:272} INFO - [CSV] Successfully read 8 rows with 9 columns
[2026-02-27T05:02:00.902+0000] {structured_pipeline.py:546} INFO - [structured] Initial read: 8 rows, 9 columns
[2026-02-27T05:02:00.903+0000] {structured_pipeline.py:363} INFO - [Clean] Cleaning dataframe...
[2026-02-27T05:02:00.922+0000] {structured_pipeline.py:388} INFO - [Clean] Cleaned dataframe: 8 rows, 9 columns
[2026-02-27T05:02:00.922+0000] {structured_pipeline.py:108} INFO - Table name: data_customers
[2026-02-27T05:02:00.923+0000] {structured_pipeline.py:124} INFO - [Normalize] Normalizing DataFrame with 9 columns
[2026-02-27T05:02:00.929+0000] {structured_pipeline.py:402} INFO - [PostgreSQL] Dropped existing table: data_customers
[2026-02-27T05:02:00.935+0000] {logging_mixin.py:151} WARNING - /opt/python-etl/pipelines/structured_pipeline.py:190 UserWarning: Could not infer format, so each element will be parsed individually, falling back to `dateutil`. To ensure parsing is consistent and as-expected, please specify a format.
[2026-02-27T05:02:00.938+0000] {structured_pipeline.py:411} INFO - [PostgreSQL] Column 'customerid' -> TEXT
[2026-02-27T05:02:00.942+0000] {logging_mixin.py:151} WARNING - /opt/python-etl/pipelines/structured_pipeline.py:190 UserWarning: Could not infer format, so each element will be parsed individually, falling back to `dateutil`. To ensure parsing is consistent and as-expected, please specify a format.
[2026-02-27T05:02:00.943+0000] {structured_pipeline.py:411} INFO - [PostgreSQL] Column 'firstname' -> TEXT
[2026-02-27T05:02:00.947+0000] {logging_mixin.py:151} WARNING - /opt/python-etl/pipelines/structured_pipeline.py:190 UserWarning: Could not infer format, so each element will be parsed individually, falling back to `dateutil`. To ensure parsing is consistent and as-expected, please specify a format.
[2026-02-27T05:02:00.948+0000] {structured_pipeline.py:411} INFO - [PostgreSQL] Column 'lastname' -> TEXT
[2026-02-27T05:02:00.953+0000] {logging_mixin.py:151} WARNING - /opt/python-etl/pipelines/structured_pipeline.py:190 UserWarning: Could not infer format, so each element will be parsed individually, falling back to `dateutil`. To ensure parsing is consistent and as-expected, please specify a format.
[2026-02-27T05:02:00.954+0000] {structured_pipeline.py:411} INFO - [PostgreSQL] Column 'email' -> TEXT
[2026-02-27T05:02:00.959+0000] {logging_mixin.py:151} WARNING - /opt/python-etl/pipelines/structured_pipeline.py:190 UserWarning: Could not infer format, so each element will be parsed individually, falling back to `dateutil`. To ensure parsing is consistent and as-expected, please specify a format.
[2026-02-27T05:02:00.960+0000] {structured_pipeline.py:411} INFO - [PostgreSQL] Column 'phone' -> TEXT
[2026-02-27T05:02:00.964+0000] {logging_mixin.py:151} WARNING - /opt/python-etl/pipelines/structured_pipeline.py:190 UserWarning: Could not infer format, so each element will be parsed individually, falling back to `dateutil`. To ensure parsing is consistent and as-expected, please specify a format.
[2026-02-27T05:02:00.965+0000] {structured_pipeline.py:411} INFO - [PostgreSQL] Column 'city' -> TEXT
[2026-02-27T05:02:00.969+0000] {logging_mixin.py:151} WARNING - /opt/python-etl/pipelines/structured_pipeline.py:190 UserWarning: Could not infer format, so each element will be parsed individually, falling back to `dateutil`. To ensure parsing is consistent and as-expected, please specify a format.
[2026-02-27T05:02:00.970+0000] {structured_pipeline.py:411} INFO - [PostgreSQL] Column 'country' -> TEXT
[2026-02-27T05:02:00.977+0000] {structured_pipeline.py:411} INFO - [PostgreSQL] Column 'registrationdate' -> TIMESTAMP
[2026-02-27T05:02:00.979+0000] {structured_pipeline.py:411} INFO - [PostgreSQL] Column 'loyaltypoints' -> INTEGER
[2026-02-27T05:02:00.985+0000] {structured_pipeline.py:422} INFO - [PostgreSQL] Created table: data_customers
[2026-02-27T05:02:00.999+0000] {structured_pipeline.py:444} INFO - [PostgreSQL] Loaded 8 rows into data_customers
[2026-02-27T05:02:00.999+0000] {structured_pipeline.py:457} INFO - [Parquet] Writing Parquet file...
[2026-02-27T05:02:01.173+0000] {logging_mixin.py:151} WARNING - /home/***/.local/lib/python3.11/site-packages/pyarrow/pandas_compat.py:373 FutureWarning: is_sparse is deprecated and will be removed in a future version. Check `isinstance(dtype, pd.SparseDtype)` instead.
[2026-02-27T05:02:01.212+0000] {structured_pipeline.py:484} INFO - [Parquet] Saved to: processed/structured/customers.parquet
[2026-02-27T05:02:01.218+0000] {structured_pipeline.py:580} INFO - [structured] ✅ Successfully processed raw/customers.csv
[2026-02-27T05:02:01.219+0000] {etl_manager.py:306} INFO - ETL completed: raw/customers.csv
[2026-02-27T05:02:01.220+0000] {logging_mixin.py:151} INFO - [DISPATCHER] Archiving raw/customers.csv -> raw-data/2026-02-27/customers.csv
[2026-02-27T05:02:01.236+0000] {logging_mixin.py:151} INFO - [DISPATCHER] Completed & removed landing copy: raw/customers.csv
[2026-02-27T05:02:01.237+0000] {logging_mixin.py:151} INFO - [DISPATCHER] Found file: raw/doc5_project_status.docx
[2026-02-27T05:02:01.270+0000] {docx_pipeline.py:435} INFO - [docx] Processing raw/doc5_project_status.docx
[2026-02-27T05:02:01.280+0000] {docx_pipeline.py:492} INFO - [docx] Extracting text…
[2026-02-27T05:02:01.299+0000] {docx_pipeline.py:494} INFO - [docx] Extracted 197 characters of text
[2026-02-27T05:02:01.299+0000] {docx_pipeline.py:499} INFO - [docx] Extracting tables…
[2026-02-27T05:02:01.339+0000] {docx_pipeline.py:501} INFO - [docx] Found 3 table(s)
[2026-02-27T05:02:01.348+0000] {docx_pipeline.py:526} INFO - [docx] Uploaded extracted text → processed/unstructured/text-extracted/doc5_project_status.txt
[2026-02-27T05:02:01.353+0000] {docx_pipeline.py:193} WARNING - [docx] Could not add UNIQUE constraint: could not create unique index "unstructured_documents_content_hash_key"
DETAIL:  Key (content_hash)=(a95d20adcf0b6ad918e0139c6c2e7fe32b571130949496df092301cfbc685f2e) is duplicated.

[2026-02-27T05:02:01.356+0000] {docx_pipeline.py:257} INFO - [docx] Inserted into unstructured_documents for raw/doc5_project_status.docx
[2026-02-27T05:02:01.358+0000] {docx_pipeline.py:547} INFO - [docx] Processing 3 table(s)…
[2026-02-27T05:02:01.375+0000] {docx_pipeline.py:310} INFO - [docx] Uploaded table CSV → processed/structured/docx-tables/doc5_project_status_table_1.csv
[2026-02-27T05:02:01.376+0000] {structured_pipeline.py:108} INFO - Table name: data_doc5_project_status_table_1
[2026-02-27T05:02:01.378+0000] {structured_pipeline.py:124} INFO - [Normalize] Normalizing DataFrame with 4 columns
[2026-02-27T05:02:01.385+0000] {logging_mixin.py:151} WARNING - /opt/python-etl/pipelines/structured_pipeline.py:190 UserWarning: Could not infer format, so each element will be parsed individually, falling back to `dateutil`. To ensure parsing is consistent and as-expected, please specify a format.
[2026-02-27T05:02:01.391+0000] {logging_mixin.py:151} WARNING - /opt/python-etl/pipelines/structured_pipeline.py:190 UserWarning: Could not infer format, so each element will be parsed individually, falling back to `dateutil`. To ensure parsing is consistent and as-expected, please specify a format.
[2026-02-27T05:02:01.395+0000] {logging_mixin.py:151} WARNING - /opt/python-etl/pipelines/structured_pipeline.py:190 UserWarning: Could not infer format, so each element will be parsed individually, falling back to `dateutil`. To ensure parsing is consistent and as-expected, please specify a format.
[2026-02-27T05:02:01.400+0000] {logging_mixin.py:151} WARNING - /opt/python-etl/pipelines/structured_pipeline.py:190 UserWarning: Could not infer format, so each element will be parsed individually, falling back to `dateutil`. To ensure parsing is consistent and as-expected, please specify a format.
[2026-02-27T05:02:01.405+0000] {docx_pipeline.py:361} INFO - [docx] Created table: data_doc5_project_status_table_1
[2026-02-27T05:02:01.409+0000] {docx_pipeline.py:373} INFO - [docx] Loaded 4 rows into 'data_doc5_project_status_table_1'
[2026-02-27T05:02:01.414+0000] {docx_pipeline.py:570} INFO - [docx] Processed table 1/3: 4 rows × 4 cols
[2026-02-27T05:02:01.431+0000] {docx_pipeline.py:310} INFO - [docx] Uploaded table CSV → processed/structured/docx-tables/doc5_project_status_table_2.csv
[2026-02-27T05:02:01.431+0000] {structured_pipeline.py:108} INFO - Table name: data_doc5_project_status_table_2
[2026-02-27T05:02:01.433+0000] {structured_pipeline.py:124} INFO - [Normalize] Normalizing DataFrame with 4 columns
[2026-02-27T05:02:01.439+0000] {logging_mixin.py:151} WARNING - /opt/python-etl/pipelines/structured_pipeline.py:190 UserWarning: Could not infer format, so each element will be parsed individually, falling back to `dateutil`. To ensure parsing is consistent and as-expected, please specify a format.
[2026-02-27T05:02:01.444+0000] {logging_mixin.py:151} WARNING - /opt/python-etl/pipelines/structured_pipeline.py:190 UserWarning: Could not infer format, so each element will be parsed individually, falling back to `dateutil`. To ensure parsing is consistent and as-expected, please specify a format.
[2026-02-27T05:02:01.449+0000] {logging_mixin.py:151} WARNING - /opt/python-etl/pipelines/structured_pipeline.py:190 UserWarning: Could not infer format, so each element will be parsed individually, falling back to `dateutil`. To ensure parsing is consistent and as-expected, please specify a format.
[2026-02-27T05:02:01.453+0000] {logging_mixin.py:151} WARNING - /opt/python-etl/pipelines/structured_pipeline.py:190 UserWarning: Could not infer format, so each element will be parsed individually, falling back to `dateutil`. To ensure parsing is consistent and as-expected, please specify a format.
[2026-02-27T05:02:01.457+0000] {docx_pipeline.py:361} INFO - [docx] Created table: data_doc5_project_status_table_2
[2026-02-27T05:02:01.461+0000] {docx_pipeline.py:373} INFO - [docx] Loaded 4 rows into 'data_doc5_project_status_table_2'
[2026-02-27T05:02:01.465+0000] {docx_pipeline.py:570} INFO - [docx] Processed table 2/3: 4 rows × 4 cols
[2026-02-27T05:02:01.483+0000] {docx_pipeline.py:310} INFO - [docx] Uploaded table CSV → processed/structured/docx-tables/doc5_project_status_table_3.csv
[2026-02-27T05:02:01.483+0000] {structured_pipeline.py:108} INFO - Table name: data_doc5_project_status_table_3
[2026-02-27T05:02:01.485+0000] {structured_pipeline.py:124} INFO - [Normalize] Normalizing DataFrame with 4 columns
[2026-02-27T05:02:01.491+0000] {logging_mixin.py:151} WARNING - /opt/python-etl/pipelines/structured_pipeline.py:190 UserWarning: Could not infer format, so each element will be parsed individually, falling back to `dateutil`. To ensure parsing is consistent and as-expected, please specify a format.
[2026-02-27T05:02:01.496+0000] {logging_mixin.py:151} WARNING - /opt/python-etl/pipelines/structured_pipeline.py:190 UserWarning: Could not infer format, so each element will be parsed individually, falling back to `dateutil`. To ensure parsing is consistent and as-expected, please specify a format.
[2026-02-27T05:02:01.500+0000] {logging_mixin.py:151} WARNING - /opt/python-etl/pipelines/structured_pipeline.py:190 UserWarning: Could not infer format, so each element will be parsed individually, falling back to `dateutil`. To ensure parsing is consistent and as-expected, please specify a format.
[2026-02-27T05:02:01.504+0000] {logging_mixin.py:151} WARNING - /opt/python-etl/pipelines/structured_pipeline.py:190 UserWarning: Could not infer format, so each element will be parsed individually, falling back to `dateutil`. To ensure parsing is consistent and as-expected, please specify a format.
[2026-02-27T05:02:01.509+0000] {docx_pipeline.py:361} INFO - [docx] Created table: data_doc5_project_status_table_3
[2026-02-27T05:02:01.513+0000] {docx_pipeline.py:373} INFO - [docx] Loaded 4 rows into 'data_doc5_project_status_table_3'
[2026-02-27T05:02:01.517+0000] {docx_pipeline.py:570} INFO - [docx] Processed table 3/3: 4 rows × 4 cols
[2026-02-27T05:02:01.527+0000] {docx_pipeline.py:606} INFO - [docx] Updated catalog for raw/doc5_project_status.docx
[2026-02-27T05:02:01.527+0000] {docx_pipeline.py:612} INFO - [docx] ✅ Completed raw/doc5_project_status.docx | tables=3 | total_rows=12 | text_chars=197
[2026-02-27T05:02:01.528+0000] {etl_manager.py:306} INFO - ETL completed: raw/doc5_project_status.docx
[2026-02-27T05:02:01.528+0000] {logging_mixin.py:151} INFO - [DISPATCHER] Archiving raw/doc5_project_status.docx -> raw-data/2026-02-27/doc5_project_status.docx
[2026-02-27T05:02:01.545+0000] {logging_mixin.py:151} INFO - [DISPATCHER] Completed & removed landing copy: raw/doc5_project_status.docx
[2026-02-27T05:02:01.546+0000] {python.py:194} INFO - Done. Returned value was: None
[2026-02-27T05:02:01.595+0000] {taskinstance.py:1398} INFO - Marking task as SUCCESS. dag_id=distillationDAG, task_id=scan_minio_and_dispatch, execution_date=20260227T050104, start_date=20260227T050158, end_date=20260227T050201
[2026-02-27T05:02:01.695+0000] {local_task_job_runner.py:228} INFO - Task exited with return code 0
[2026-02-27T05:02:01.768+0000] {taskinstance.py:2776} INFO - 0 downstream tasks scheduled from follow-on schedule check
