[2026-01-13T18:18:14.710+0000] {taskinstance.py:1157} INFO - Dependencies all met for dep_context=non-requeueable deps ti=<TaskInstance: distillationDAG.scan_minio_and_dispatch scheduled__2026-01-13T18:17:08.490480+00:00 [queued]>
[2026-01-13T18:18:14.731+0000] {taskinstance.py:1157} INFO - Dependencies all met for dep_context=requeueable deps ti=<TaskInstance: distillationDAG.scan_minio_and_dispatch scheduled__2026-01-13T18:17:08.490480+00:00 [queued]>
[2026-01-13T18:18:14.732+0000] {taskinstance.py:1359} INFO - Starting attempt 1 of 4
[2026-01-13T18:18:14.761+0000] {taskinstance.py:1380} INFO - Executing <Task(PythonOperator): scan_minio_and_dispatch> on 2026-01-13 18:17:08.490480+00:00
[2026-01-13T18:18:14.778+0000] {standard_task_runner.py:57} INFO - Started process 2701 to run task
[2026-01-13T18:18:14.788+0000] {standard_task_runner.py:84} INFO - Running: ['***', 'tasks', 'run', 'distillationDAG', 'scan_minio_and_dispatch', 'scheduled__2026-01-13T18:17:08.490480+00:00', '--job-id', '986', '--raw', '--subdir', 'DAGS_FOLDER/dispatcher_pipeline_dag.py', '--cfg-path', '/tmp/tmpt39tdrwl']
[2026-01-13T18:18:14.796+0000] {standard_task_runner.py:85} INFO - Job 986: Subtask scan_minio_and_dispatch
[2026-01-13T18:18:14.853+0000] {logging_mixin.py:151} WARNING - /home/***/.local/lib/python3.11/site-packages/***/settings.py:195 DeprecationWarning: The sql_alchemy_conn option in [core] has been moved to the sql_alchemy_conn option in [database] - the old setting has been used, but please update your config.
[2026-01-13T18:18:15.015+0000] {task_command.py:415} INFO - Running <TaskInstance: distillationDAG.scan_minio_and_dispatch scheduled__2026-01-13T18:17:08.490480+00:00 [running]> on host a8f776325413
[2026-01-13T18:18:15.760+0000] {taskinstance.py:1660} INFO - Exporting env vars: AIRFLOW_CTX_DAG_OWNER='***' AIRFLOW_CTX_DAG_ID='distillationDAG' AIRFLOW_CTX_TASK_ID='scan_minio_and_dispatch' AIRFLOW_CTX_EXECUTION_DATE='2026-01-13T18:17:08.490480+00:00' AIRFLOW_CTX_TRY_NUMBER='1' AIRFLOW_CTX_DAG_RUN_ID='scheduled__2026-01-13T18:17:08.490480+00:00'
[2026-01-13T18:18:15.843+0000] {logging_mixin.py:151} INFO - [DISPATCHER] Found file: raw/structured/Create_Next_App.csv
[2026-01-13T18:18:16.706+0000] {structured_pipeline.py:497} INFO - [structured] Processing raw/structured/Create_Next_App.csv
[2026-01-13T18:18:16.716+0000] {structured_pipeline.py:504} INFO - [structured] Downloaded 474 bytes
[2026-01-13T18:18:16.717+0000] {structured_pipeline.py:508} INFO - [structured] Detected file type: csv
[2026-01-13T18:18:16.718+0000] {structured_pipeline.py:21} INFO - Detected encoding: ascii (confidence: 1.00)
[2026-01-13T18:18:16.718+0000] {structured_pipeline.py:236} INFO - [CSV] Attempting to decode with ascii
[2026-01-13T18:18:16.722+0000] {structured_pipeline.py:40} INFO - Sniffer detected delimiter: ','
[2026-01-13T18:18:16.723+0000] {structured_pipeline.py:267} INFO - [CSV] Read attempt 1
[2026-01-13T18:18:16.734+0000] {structured_pipeline.py:271} INFO - [CSV] Successfully read 20 rows with 3 columns
[2026-01-13T18:18:16.735+0000] {structured_pipeline.py:531} INFO - [structured] Initial read: 20 rows, 3 columns
[2026-01-13T18:18:16.735+0000] {structured_pipeline.py:362} INFO - [Clean] Cleaning dataframe...
[2026-01-13T18:18:16.746+0000] {structured_pipeline.py:387} INFO - [Clean] Cleaned dataframe: 20 rows, 3 columns
[2026-01-13T18:18:16.746+0000] {structured_pipeline.py:107} INFO - Table name: data_create_next_app
[2026-01-13T18:18:16.747+0000] {structured_pipeline.py:123} INFO - [Normalize] Normalizing DataFrame with 3 columns
[2026-01-13T18:18:16.751+0000] {structured_pipeline.py:401} INFO - [PostgreSQL] Dropped existing table: data_create_next_app
[2026-01-13T18:18:16.753+0000] {structured_pipeline.py:410} INFO - [PostgreSQL] Column 'id' -> INTEGER
[2026-01-13T18:18:16.760+0000] {logging_mixin.py:151} WARNING - /opt/python-etl/pipelines/structured_pipeline.py:189 UserWarning: Could not infer format, so each element will be parsed individually, falling back to `dateutil`. To ensure parsing is consistent and as-expected, please specify a format.
[2026-01-13T18:18:16.763+0000] {structured_pipeline.py:410} INFO - [PostgreSQL] Column 'username' -> TEXT
[2026-01-13T18:18:16.767+0000] {logging_mixin.py:151} WARNING - /opt/python-etl/pipelines/structured_pipeline.py:189 UserWarning: Could not infer format, so each element will be parsed individually, falling back to `dateutil`. To ensure parsing is consistent and as-expected, please specify a format.
[2026-01-13T18:18:16.768+0000] {structured_pipeline.py:410} INFO - [PostgreSQL] Column 'profile_picture' -> TEXT
[2026-01-13T18:18:16.776+0000] {structured_pipeline.py:421} INFO - [PostgreSQL] Created table: data_create_next_app
[2026-01-13T18:18:16.785+0000] {structured_pipeline.py:443} INFO - [PostgreSQL] Loaded 20 rows into data_create_next_app
[2026-01-13T18:18:16.786+0000] {structured_pipeline.py:456} INFO - [Parquet] Writing Parquet file...
[2026-01-13T18:18:16.831+0000] {logging_mixin.py:151} WARNING - /home/***/.local/lib/python3.11/site-packages/pyarrow/pandas_compat.py:373 FutureWarning: is_sparse is deprecated and will be removed in a future version. Check `isinstance(dtype, pd.SparseDtype)` instead.
[2026-01-13T18:18:16.845+0000] {structured_pipeline.py:483} INFO - [Parquet] Saved to: processed/structured/structured/Create_Next_App.parquet
[2026-01-13T18:18:16.851+0000] {structured_pipeline.py:565} INFO - [structured] ✅ Successfully processed raw/structured/Create_Next_App.csv
[2026-01-13T18:18:16.851+0000] {etl_manager.py:292} INFO - Processing complete for: raw/structured/Create_Next_App.csv
[2026-01-13T18:18:16.852+0000] {logging_mixin.py:151} INFO - [DISPATCHER] Archiving raw/structured/Create_Next_App.csv -> raw-data/2026-01-13/Create_Next_App.csv
[2026-01-13T18:18:16.871+0000] {logging_mixin.py:151} INFO - [DISPATCHER] Completed & removed landing copy: raw/structured/Create_Next_App.csv
[2026-01-13T18:18:16.871+0000] {python.py:194} INFO - Done. Returned value was: None
[2026-01-13T18:18:16.911+0000] {taskinstance.py:1398} INFO - Marking task as SUCCESS. dag_id=distillationDAG, task_id=scan_minio_and_dispatch, execution_date=20260113T181708, start_date=20260113T181814, end_date=20260113T181816
[2026-01-13T18:18:16.980+0000] {local_task_job_runner.py:228} INFO - Task exited with return code 0
[2026-01-13T18:18:17.048+0000] {taskinstance.py:2776} INFO - 0 downstream tasks scheduled from follow-on schedule check
