[2025-11-27T03:49:48.265+0000] {taskinstance.py:1157} INFO - Dependencies all met for dep_context=non-requeueable deps ti=<TaskInstance: distillationDAG.scan_minio_and_dispatch scheduled__2025-11-27T03:48:03.335567+00:00 [queued]>
[2025-11-27T03:49:48.272+0000] {taskinstance.py:1157} INFO - Dependencies all met for dep_context=requeueable deps ti=<TaskInstance: distillationDAG.scan_minio_and_dispatch scheduled__2025-11-27T03:48:03.335567+00:00 [queued]>
[2025-11-27T03:49:48.273+0000] {taskinstance.py:1359} INFO - Starting attempt 4 of 4
[2025-11-27T03:49:48.283+0000] {taskinstance.py:1380} INFO - Executing <Task(PythonOperator): scan_minio_and_dispatch> on 2025-11-27 03:48:03.335567+00:00
[2025-11-27T03:49:48.290+0000] {standard_task_runner.py:57} INFO - Started process 575 to run task
[2025-11-27T03:49:48.294+0000] {standard_task_runner.py:84} INFO - Running: ['***', 'tasks', 'run', 'distillationDAG', 'scan_minio_and_dispatch', 'scheduled__2025-11-27T03:48:03.335567+00:00', '--job-id', '415', '--raw', '--subdir', 'DAGS_FOLDER/dispatcher_pipeline_dag.py', '--cfg-path', '/tmp/tmpbs79vq0_']
[2025-11-27T03:49:48.297+0000] {standard_task_runner.py:85} INFO - Job 415: Subtask scan_minio_and_dispatch
[2025-11-27T03:49:48.317+0000] {logging_mixin.py:151} WARNING - /home/***/.local/lib/python3.11/site-packages/***/settings.py:195 DeprecationWarning: The sql_alchemy_conn option in [core] has been moved to the sql_alchemy_conn option in [database] - the old setting has been used, but please update your config.
[2025-11-27T03:49:48.358+0000] {task_command.py:415} INFO - Running <TaskInstance: distillationDAG.scan_minio_and_dispatch scheduled__2025-11-27T03:48:03.335567+00:00 [running]> on host 69afaec71563
[2025-11-27T03:49:48.617+0000] {taskinstance.py:1660} INFO - Exporting env vars: AIRFLOW_CTX_DAG_OWNER='***' AIRFLOW_CTX_DAG_ID='distillationDAG' AIRFLOW_CTX_TASK_ID='scan_minio_and_dispatch' AIRFLOW_CTX_EXECUTION_DATE='2025-11-27T03:48:03.335567+00:00' AIRFLOW_CTX_TRY_NUMBER='4' AIRFLOW_CTX_DAG_RUN_ID='scheduled__2025-11-27T03:48:03.335567+00:00'
[2025-11-27T03:49:48.626+0000] {logging_mixin.py:151} INFO - [DISPATCHER] Found file: raw/report_test1.pdf
[2025-11-27T03:49:48.815+0000] {taskinstance.py:1935} ERROR - Task failed with exception
Traceback (most recent call last):
  File "/home/airflow/.local/lib/python3.11/site-packages/airflow/operators/python.py", line 192, in execute
    return_value = self.execute_callable()
                   ^^^^^^^^^^^^^^^^^^^^^^^
  File "/home/airflow/.local/lib/python3.11/site-packages/airflow/operators/python.py", line 209, in execute_callable
    return self.python_callable(*self.op_args, **self.op_kwargs)
           ^^^^^^^^^^^^^^^^^^^^^^^^^^^^^^^^^^^^^^^^^^^^^^^^^^^^^
  File "/opt/airflow/dags/dispatcher_pipeline_dag.py", line 56, in scan_and_dispatch
    run_pipeline_for_object(object_name)
  File "/opt/python-etl/etl_manager.py", line 257, in run_pipeline_for_object
    pdf_pipeline.process_minio_object(
TypeError: process_minio_object() takes 4 positional arguments but 5 were given
[2025-11-27T03:49:48.828+0000] {taskinstance.py:1398} INFO - Marking task as FAILED. dag_id=distillationDAG, task_id=scan_minio_and_dispatch, execution_date=20251127T034803, start_date=20251127T034948, end_date=20251127T034948
[2025-11-27T03:49:48.838+0000] {standard_task_runner.py:104} ERROR - Failed to execute job 415 for task scan_minio_and_dispatch (process_minio_object() takes 4 positional arguments but 5 were given; 575)
[2025-11-27T03:49:48.869+0000] {local_task_job_runner.py:228} INFO - Task exited with return code 1
[2025-11-27T03:49:48.892+0000] {taskinstance.py:2776} INFO - 0 downstream tasks scheduled from follow-on schedule check
