[2025-11-26T22:08:48.051+0000] {taskinstance.py:1157} INFO - Dependencies all met for dep_context=non-requeueable deps ti=<TaskInstance: distillationDAG.scan_minio_and_dispatch scheduled__2025-11-26T22:07:43.066811+00:00 [queued]>
[2025-11-26T22:08:48.058+0000] {taskinstance.py:1157} INFO - Dependencies all met for dep_context=requeueable deps ti=<TaskInstance: distillationDAG.scan_minio_and_dispatch scheduled__2025-11-26T22:07:43.066811+00:00 [queued]>
[2025-11-26T22:08:48.059+0000] {taskinstance.py:1359} INFO - Starting attempt 2 of 4
[2025-11-26T22:08:48.121+0000] {taskinstance.py:1380} INFO - Executing <Task(PythonOperator): scan_minio_and_dispatch> on 2025-11-26 22:07:43.066811+00:00
[2025-11-26T22:08:48.127+0000] {standard_task_runner.py:57} INFO - Started process 558 to run task
[2025-11-26T22:08:48.131+0000] {standard_task_runner.py:84} INFO - Running: ['***', 'tasks', 'run', 'distillationDAG', 'scan_minio_and_dispatch', 'scheduled__2025-11-26T22:07:43.066811+00:00', '--job-id', '376', '--raw', '--subdir', 'DAGS_FOLDER/dispatcher_pipeline_dag.py', '--cfg-path', '/tmp/tmpcvg0hnb6']
[2025-11-26T22:08:48.134+0000] {standard_task_runner.py:85} INFO - Job 376: Subtask scan_minio_and_dispatch
[2025-11-26T22:08:48.173+0000] {logging_mixin.py:151} WARNING - /home/***/.local/lib/python3.11/site-packages/***/settings.py:195 DeprecationWarning: The sql_alchemy_conn option in [core] has been moved to the sql_alchemy_conn option in [database] - the old setting has been used, but please update your config.
[2025-11-26T22:08:48.214+0000] {task_command.py:415} INFO - Running <TaskInstance: distillationDAG.scan_minio_and_dispatch scheduled__2025-11-26T22:07:43.066811+00:00 [running]> on host 58c0a9b94ea8
[2025-11-26T22:08:48.551+0000] {taskinstance.py:1660} INFO - Exporting env vars: AIRFLOW_CTX_DAG_OWNER='***' AIRFLOW_CTX_DAG_ID='distillationDAG' AIRFLOW_CTX_TASK_ID='scan_minio_and_dispatch' AIRFLOW_CTX_EXECUTION_DATE='2025-11-26T22:07:43.066811+00:00' AIRFLOW_CTX_TRY_NUMBER='2' AIRFLOW_CTX_DAG_RUN_ID='scheduled__2025-11-26T22:07:43.066811+00:00'
[2025-11-26T22:08:48.560+0000] {logging_mixin.py:151} INFO - [DISPATCHER] Found file: raw/CLT_Analysis.pdf
[2025-11-26T22:08:48.708+0000] {pdf_pipeline.py:24} INFO - [pdf] Processing raw/CLT_Analysis.pdf
[2025-11-26T22:08:48.764+0000] {pdf_pipeline.py:36} INFO - [pdf] Uploaded extracted text to processed/unstructured/text-extracted/CLT_Analysis.txt
[2025-11-26T22:08:48.786+0000] {etl_manager.py:272} INFO - Processing complete for: raw/CLT_Analysis.pdf
[2025-11-26T22:08:48.787+0000] {logging_mixin.py:151} INFO - [DISPATCHER] Archiving raw/CLT_Analysis.pdf -> raw-data/2025-11-26/CLT_Analysis.pdf
[2025-11-26T22:08:48.788+0000] {taskinstance.py:1935} ERROR - Task failed with exception
Traceback (most recent call last):
  File "/home/airflow/.local/lib/python3.11/site-packages/airflow/operators/python.py", line 192, in execute
    return_value = self.execute_callable()
                   ^^^^^^^^^^^^^^^^^^^^^^^
  File "/home/airflow/.local/lib/python3.11/site-packages/airflow/operators/python.py", line 209, in execute_callable
    return self.python_callable(*self.op_args, **self.op_kwargs)
           ^^^^^^^^^^^^^^^^^^^^^^^^^^^^^^^^^^^^^^^^^^^^^^^^^^^^^
  File "/opt/airflow/dags/dispatcher_pipeline_dag.py", line 66, in scan_and_dispatch
    client.copy_object(
  File "/home/airflow/.local/lib/python3.11/site-packages/minio/api.py", line 1397, in copy_object
    raise ValueError("source must be CopySource type")
ValueError: source must be CopySource type
[2025-11-26T22:08:48.817+0000] {taskinstance.py:1398} INFO - Marking task as UP_FOR_RETRY. dag_id=distillationDAG, task_id=scan_minio_and_dispatch, execution_date=20251126T220743, start_date=20251126T220848, end_date=20251126T220848
[2025-11-26T22:08:48.844+0000] {standard_task_runner.py:104} ERROR - Failed to execute job 376 for task scan_minio_and_dispatch (source must be CopySource type; 558)
[2025-11-26T22:08:48.905+0000] {local_task_job_runner.py:228} INFO - Task exited with return code 1
[2025-11-26T22:08:48.977+0000] {taskinstance.py:2776} INFO - 0 downstream tasks scheduled from follow-on schedule check
