[2026-04-23T02:02:23.794+0000] {taskinstance.py:1157} INFO - Dependencies all met for dep_context=non-requeueable deps ti=<TaskInstance: distillationDAG.scan_minio_and_dispatch scheduled__2026-04-22T20:38:17.917597+00:00 [queued]>
[2026-04-23T02:02:23.822+0000] {taskinstance.py:1157} INFO - Dependencies all met for dep_context=requeueable deps ti=<TaskInstance: distillationDAG.scan_minio_and_dispatch scheduled__2026-04-22T20:38:17.917597+00:00 [queued]>
[2026-04-23T02:02:23.822+0000] {taskinstance.py:1359} INFO - Starting attempt 2 of 4
[2026-04-23T02:02:23.862+0000] {taskinstance.py:1380} INFO - Executing <Task(PythonOperator): scan_minio_and_dispatch> on 2026-04-22 20:38:17.917597+00:00
[2026-04-23T02:02:23.877+0000] {standard_task_runner.py:57} INFO - Started process 192 to run task
[2026-04-23T02:02:23.906+0000] {standard_task_runner.py:84} INFO - Running: ['***', 'tasks', 'run', 'distillationDAG', 'scan_minio_and_dispatch', 'scheduled__2026-04-22T20:38:17.917597+00:00', '--job-id', '2817', '--raw', '--subdir', 'DAGS_FOLDER/dispatcher_pipeline_dag.py', '--cfg-path', '/tmp/tmpsslk8rdn']
[2026-04-23T02:02:23.936+0000] {standard_task_runner.py:85} INFO - Job 2817: Subtask scan_minio_and_dispatch
[2026-04-23T02:02:24.256+0000] {task_command.py:415} INFO - Running <TaskInstance: distillationDAG.scan_minio_and_dispatch scheduled__2026-04-22T20:38:17.917597+00:00 [running]> on host bc8b7376be4c
[2026-04-23T02:02:24.971+0000] {taskinstance.py:1660} INFO - Exporting env vars: AIRFLOW_CTX_DAG_OWNER='***' AIRFLOW_CTX_DAG_ID='distillationDAG' AIRFLOW_CTX_TASK_ID='scan_minio_and_dispatch' AIRFLOW_CTX_EXECUTION_DATE='2026-04-22T20:38:17.917597+00:00' AIRFLOW_CTX_TRY_NUMBER='2' AIRFLOW_CTX_DAG_RUN_ID='scheduled__2026-04-22T20:38:17.917597+00:00'
[2026-04-23T02:02:25.049+0000] {logging_mixin.py:151} INFO - [DISPATCHER] Found file: raw/picjpg.jpg
[2026-04-23T02:02:26.070+0000] {image_pipeline.py:298} INFO - [image] Processing raw/picjpg.jpg
[2026-04-23T02:02:26.147+0000] {image_pipeline.py:319} INFO - [image] 1014x715 | format=JPEG | mode=RGB
[2026-04-23T02:02:26.148+0000] {image_pipeline.py:327} INFO - [image] Running Moondream2 VLM...
[2026-04-23T02:12:10.538+0000] {image_pipeline.py:217} INFO - [image] Moondream caption: 
The image is a black and white newspaper article titled "First Looks" that discusses the latest updates to Windows anti
[2026-04-23T02:14:24.115+0000] {image_pipeline.py:228} INFO - [image] Moondream text: 284 chars
[2026-04-23T02:14:31.431+0000] {image_pipeline.py:335} INFO - [image] Running Tesseract OCR...
[2026-04-23T02:17:22.563+0000] {image_pipeline.py:254} INFO - [image] OCR extracted 2089 characters
[2026-04-23T02:17:22.578+0000] {image_pipeline.py:365} INFO - [image] Combined text (2752 chars) → processed/unstructured/text-extracted/picjpg.txt
[2026-04-23T02:17:22.642+0000] {image_pipeline.py:417} ERROR - [image] Failed writing to unstructured_images: there is no unique or exclusion constraint matching the ON CONFLICT specification
Traceback (most recent call last):
  File "/opt/python-etl/pipelines/image_pipeline.py", line 396, in process_minio_object
    cursor.execute(
psycopg2.errors.InvalidColumnReference: there is no unique or exclusion constraint matching the ON CONFLICT specification

[2026-04-23T02:17:22.662+0000] {image_pipeline.py:446} INFO - [image] Marked raw entry as processed: raw/picjpg.jpg
[2026-04-23T02:17:22.666+0000] {image_pipeline.py:458} INFO - [image] Created processed catalog entry: processed/picjpg.jpg
[2026-04-23T02:17:22.670+0000] {image_pipeline.py:470} INFO - [image] Removed old catalog entry: raw/picjpg.jpg
[2026-04-23T02:17:22.671+0000] {image_pipeline.py:474} INFO - [image] ✅ Completed raw/picjpg.jpg -> processed/picjpg.jpg | 1014x715 | fmt=JPEG | ocr=yes | vlm=yes | text_chars=2752
[2026-04-23T02:17:22.672+0000] {etl_manager.py:287} INFO - ETL completed: raw/picjpg.jpg
[2026-04-23T02:17:22.674+0000] {logging_mixin.py:151} INFO - [DISPATCHER] Archiving raw/picjpg.jpg -> raw-data/2026-04-23/picjpg.jpg
[2026-04-23T02:17:22.731+0000] {logging_mixin.py:151} INFO - [DISPATCHER] catalog_upsert failed for raw-data/2026-04-23/picjpg.jpg: column "content_hash" of relation "minio_data_catalog" does not exist
LINE 4:                  row_count, text_extracted, content_hash, up...
                                                    ^
[2026-04-23T02:17:22.732+0000] {logging_mixin.py:151} INFO - [DISPATCHER] Catalog updated for archive: raw-data/2026-04-23/picjpg.jpg
[2026-04-23T02:17:22.745+0000] {logging_mixin.py:151} INFO - [DISPATCHER] Completed & removed landing copy: raw/picjpg.jpg
[2026-04-23T02:17:22.745+0000] {logging_mixin.py:151} INFO - [DISPATCHER] Found file: raw/samplieee.pdf
[2026-04-23T02:17:22.830+0000] {pdf_pipeline.py:395} INFO - [pdf] Processing raw/samplieee.pdf
[2026-04-23T02:17:22.850+0000] {pdf_pipeline.py:427} INFO - [pdf] Extracting text from PDF...
[2026-04-23T02:17:24.721+0000] {pdf_pipeline.py:445} INFO - [pdf] Processed 10/11 pages
[2026-04-23T02:17:24.815+0000] {pdf_pipeline.py:449} INFO - [pdf] Extracted 8510 characters of text from 11 pages
[2026-04-23T02:17:24.833+0000] {pdf_pipeline.py:468} INFO - [pdf] Uploaded extracted text -> processed/unstructured/text-extracted/samplieee.txt
[2026-04-23T02:17:24.847+0000] {pdf_pipeline.py:77} ERROR - [pdf] Failed saving to unstructured_documents: there is no unique or exclusion constraint matching the ON CONFLICT specification
Traceback (most recent call last):
  File "/opt/python-etl/pipelines/pdf_pipeline.py", line 60, in _save_unstructured_doc
    cursor.execute(
psycopg2.errors.InvalidColumnReference: there is no unique or exclusion constraint matching the ON CONFLICT specification

[2026-04-23T02:17:24.849+0000] {pdf_pipeline.py:80} WARNING - [pdf] Continuing pipeline despite unstructured_documents save failure
[2026-04-23T02:17:24.849+0000] {pdf_pipeline.py:490} INFO - [pdf] Extracting tables from PDF...
[2026-04-23T02:17:25.749+0000] {pdf_pipeline.py:263} INFO - [pdf] Uploaded table CSV -> processed/structured/pdf-tables/samplieee_page1_table1.csv
[2026-04-23T02:17:25.750+0000] {structured_pipeline.py:108} INFO - Table name: data_samplieee_page1_table1
[2026-04-23T02:17:25.759+0000] {structured_pipeline.py:124} INFO - [Normalize] Normalizing DataFrame with 3 columns
[2026-04-23T02:17:25.775+0000] {logging_mixin.py:151} WARNING - /opt/python-etl/pipelines/structured_pipeline.py:211 UserWarning: Could not infer format, so each element will be parsed individually, falling back to `dateutil`. To ensure parsing is consistent and as-expected, please specify a format.
[2026-04-23T02:17:25.786+0000] {logging_mixin.py:151} WARNING - /opt/python-etl/pipelines/structured_pipeline.py:211 UserWarning: Could not infer format, so each element will be parsed individually, falling back to `dateutil`. To ensure parsing is consistent and as-expected, please specify a format.
[2026-04-23T02:17:25.795+0000] {logging_mixin.py:151} WARNING - /opt/python-etl/pipelines/structured_pipeline.py:211 UserWarning: Could not infer format, so each element will be parsed individually, falling back to `dateutil`. To ensure parsing is consistent and as-expected, please specify a format.
[2026-04-23T02:17:25.809+0000] {pdf_pipeline.py:327} INFO - [pdf] Created table: data_samplieee_page1_table1
[2026-04-23T02:17:25.817+0000] {pdf_pipeline.py:340} INFO - [pdf] Loaded 2 rows into data_samplieee_page1_table1
[2026-04-23T02:17:25.837+0000] {pdf_pipeline.py:552} INFO - [pdf] Processed table 1: 2 rows, 3 columns
[2026-04-23T02:17:25.866+0000] {pdf_pipeline.py:263} INFO - [pdf] Uploaded table CSV -> processed/structured/pdf-tables/samplieee_page1_table2.csv
[2026-04-23T02:17:25.867+0000] {structured_pipeline.py:108} INFO - Table name: data_samplieee_page1_table2
[2026-04-23T02:17:25.869+0000] {structured_pipeline.py:124} INFO - [Normalize] Normalizing DataFrame with 4 columns
[2026-04-23T02:17:25.877+0000] {logging_mixin.py:151} WARNING - /opt/python-etl/pipelines/structured_pipeline.py:211 UserWarning: Could not infer format, so each element will be parsed individually, falling back to `dateutil`. To ensure parsing is consistent and as-expected, please specify a format.
[2026-04-23T02:17:25.882+0000] {logging_mixin.py:151} WARNING - /opt/python-etl/pipelines/structured_pipeline.py:211 UserWarning: Could not infer format, so each element will be parsed individually, falling back to `dateutil`. To ensure parsing is consistent and as-expected, please specify a format.
[2026-04-23T02:17:25.889+0000] {pdf_pipeline.py:327} INFO - [pdf] Created table: data_samplieee_page1_table2
[2026-04-23T02:17:25.895+0000] {pdf_pipeline.py:340} INFO - [pdf] Loaded 7 rows into data_samplieee_page1_table2
[2026-04-23T02:17:25.902+0000] {pdf_pipeline.py:552} INFO - [pdf] Processed table 2: 7 rows, 4 columns
[2026-04-23T02:17:25.923+0000] {pdf_pipeline.py:263} INFO - [pdf] Uploaded table CSV -> processed/structured/pdf-tables/samplieee_page1_table3.csv
[2026-04-23T02:17:25.924+0000] {structured_pipeline.py:108} INFO - Table name: data_samplieee_page1_table3
[2026-04-23T02:17:25.926+0000] {structured_pipeline.py:124} INFO - [Normalize] Normalizing DataFrame with 2 columns
[2026-04-23T02:17:25.935+0000] {logging_mixin.py:151} WARNING - /opt/python-etl/pipelines/structured_pipeline.py:211 UserWarning: Could not infer format, so each element will be parsed individually, falling back to `dateutil`. To ensure parsing is consistent and as-expected, please specify a format.
[2026-04-23T02:17:25.941+0000] {logging_mixin.py:151} WARNING - /opt/python-etl/pipelines/structured_pipeline.py:211 UserWarning: Could not infer format, so each element will be parsed individually, falling back to `dateutil`. To ensure parsing is consistent and as-expected, please specify a format.
[2026-04-23T02:17:25.945+0000] {pdf_pipeline.py:327} INFO - [pdf] Created table: data_samplieee_page1_table3
[2026-04-23T02:17:25.949+0000] {pdf_pipeline.py:340} INFO - [pdf] Loaded 5 rows into data_samplieee_page1_table3
[2026-04-23T02:17:25.952+0000] {pdf_pipeline.py:552} INFO - [pdf] Processed table 3: 5 rows, 2 columns
[2026-04-23T02:17:26.497+0000] {pdf_pipeline.py:263} INFO - [pdf] Uploaded table CSV -> processed/structured/pdf-tables/samplieee_page2_table1.csv
[2026-04-23T02:17:26.497+0000] {structured_pipeline.py:108} INFO - Table name: data_samplieee_page2_table1
[2026-04-23T02:17:26.501+0000] {structured_pipeline.py:124} INFO - [Normalize] Normalizing DataFrame with 2 columns
[2026-04-23T02:17:26.510+0000] {logging_mixin.py:151} WARNING - /opt/python-etl/pipelines/structured_pipeline.py:211 UserWarning: Could not infer format, so each element will be parsed individually, falling back to `dateutil`. To ensure parsing is consistent and as-expected, please specify a format.
[2026-04-23T02:17:26.514+0000] {logging_mixin.py:151} WARNING - /opt/python-etl/pipelines/structured_pipeline.py:211 UserWarning: Could not infer format, so each element will be parsed individually, falling back to `dateutil`. To ensure parsing is consistent and as-expected, please specify a format.
[2026-04-23T02:17:26.519+0000] {pdf_pipeline.py:327} INFO - [pdf] Created table: data_samplieee_page2_table1
[2026-04-23T02:17:26.524+0000] {pdf_pipeline.py:340} INFO - [pdf] Loaded 6 rows into data_samplieee_page2_table1
[2026-04-23T02:17:26.528+0000] {pdf_pipeline.py:552} INFO - [pdf] Processed table 4: 6 rows, 2 columns
[2026-04-23T02:17:26.550+0000] {pdf_pipeline.py:263} INFO - [pdf] Uploaded table CSV -> processed/structured/pdf-tables/samplieee_page2_table2.csv
[2026-04-23T02:17:26.551+0000] {structured_pipeline.py:108} INFO - Table name: data_samplieee_page2_table2
[2026-04-23T02:17:26.555+0000] {structured_pipeline.py:124} INFO - [Normalize] Normalizing DataFrame with 4 columns
[2026-04-23T02:17:26.563+0000] {logging_mixin.py:151} WARNING - /opt/python-etl/pipelines/structured_pipeline.py:211 UserWarning: Could not infer format, so each element will be parsed individually, falling back to `dateutil`. To ensure parsing is consistent and as-expected, please specify a format.
[2026-04-23T02:17:26.577+0000] {pdf_pipeline.py:327} INFO - [pdf] Created table: data_samplieee_page2_table2
[2026-04-23T02:17:26.581+0000] {pdf_pipeline.py:340} INFO - [pdf] Loaded 8 rows into data_samplieee_page2_table2
[2026-04-23T02:17:26.585+0000] {pdf_pipeline.py:552} INFO - [pdf] Processed table 5: 8 rows, 4 columns
[2026-04-23T02:17:26.608+0000] {pdf_pipeline.py:263} INFO - [pdf] Uploaded table CSV -> processed/structured/pdf-tables/samplieee_page2_table3.csv
[2026-04-23T02:17:26.608+0000] {structured_pipeline.py:108} INFO - Table name: data_samplieee_page2_table3
[2026-04-23T02:17:26.612+0000] {structured_pipeline.py:124} INFO - [Normalize] Normalizing DataFrame with 5 columns
[2026-04-23T02:17:26.635+0000] {pdf_pipeline.py:327} INFO - [pdf] Created table: data_samplieee_page2_table3
[2026-04-23T02:17:26.644+0000] {pdf_pipeline.py:340} INFO - [pdf] Loaded 8 rows into data_samplieee_page2_table3
[2026-04-23T02:17:26.647+0000] {pdf_pipeline.py:552} INFO - [pdf] Processed table 6: 8 rows, 5 columns
[2026-04-23T02:17:27.009+0000] {pdf_pipeline.py:263} INFO - [pdf] Uploaded table CSV -> processed/structured/pdf-tables/samplieee_page3_table1.csv
[2026-04-23T02:17:27.010+0000] {structured_pipeline.py:108} INFO - Table name: data_samplieee_page3_table1
[2026-04-23T02:17:27.011+0000] {structured_pipeline.py:124} INFO - [Normalize] Normalizing DataFrame with 4 columns
[2026-04-23T02:17:27.020+0000] {logging_mixin.py:151} WARNING - /opt/python-etl/pipelines/structured_pipeline.py:211 UserWarning: Could not infer format, so each element will be parsed individually, falling back to `dateutil`. To ensure parsing is consistent and as-expected, please specify a format.
[2026-04-23T02:17:27.032+0000] {pdf_pipeline.py:327} INFO - [pdf] Created table: data_samplieee_page3_table1
[2026-04-23T02:17:27.035+0000] {pdf_pipeline.py:340} INFO - [pdf] Loaded 3 rows into data_samplieee_page3_table1
[2026-04-23T02:17:27.039+0000] {pdf_pipeline.py:552} INFO - [pdf] Processed table 7: 3 rows, 4 columns
[2026-04-23T02:17:27.062+0000] {pdf_pipeline.py:263} INFO - [pdf] Uploaded table CSV -> processed/structured/pdf-tables/samplieee_page3_table2.csv
[2026-04-23T02:17:27.063+0000] {structured_pipeline.py:108} INFO - Table name: data_samplieee_page3_table2
[2026-04-23T02:17:27.064+0000] {structured_pipeline.py:124} INFO - [Normalize] Normalizing DataFrame with 4 columns
[2026-04-23T02:17:27.071+0000] {logging_mixin.py:151} WARNING - /opt/python-etl/pipelines/structured_pipeline.py:211 UserWarning: Could not infer format, so each element will be parsed individually, falling back to `dateutil`. To ensure parsing is consistent and as-expected, please specify a format.
[2026-04-23T02:17:27.080+0000] {pdf_pipeline.py:327} INFO - [pdf] Created table: data_samplieee_page3_table2
[2026-04-23T02:17:27.084+0000] {pdf_pipeline.py:340} INFO - [pdf] Loaded 3 rows into data_samplieee_page3_table2
[2026-04-23T02:17:27.087+0000] {pdf_pipeline.py:552} INFO - [pdf] Processed table 8: 3 rows, 4 columns
[2026-04-23T02:17:27.114+0000] {pdf_pipeline.py:263} INFO - [pdf] Uploaded table CSV -> processed/structured/pdf-tables/samplieee_page3_table3.csv
[2026-04-23T02:17:27.115+0000] {structured_pipeline.py:108} INFO - Table name: data_samplieee_page3_table3
[2026-04-23T02:17:27.117+0000] {structured_pipeline.py:124} INFO - [Normalize] Normalizing DataFrame with 5 columns
[2026-04-23T02:17:27.125+0000] {logging_mixin.py:151} WARNING - /opt/python-etl/pipelines/structured_pipeline.py:211 UserWarning: Could not infer format, so each element will be parsed individually, falling back to `dateutil`. To ensure parsing is consistent and as-expected, please specify a format.
[2026-04-23T02:17:27.140+0000] {pdf_pipeline.py:327} INFO - [pdf] Created table: data_samplieee_page3_table3
[2026-04-23T02:17:27.145+0000] {pdf_pipeline.py:340} INFO - [pdf] Loaded 3 rows into data_samplieee_page3_table3
[2026-04-23T02:17:27.149+0000] {pdf_pipeline.py:552} INFO - [pdf] Processed table 9: 3 rows, 5 columns
[2026-04-23T02:17:27.825+0000] {pdf_pipeline.py:263} INFO - [pdf] Uploaded table CSV -> processed/structured/pdf-tables/samplieee_page4_table1.csv
[2026-04-23T02:17:27.825+0000] {structured_pipeline.py:108} INFO - Table name: data_samplieee_page4_table1
[2026-04-23T02:17:27.830+0000] {structured_pipeline.py:124} INFO - [Normalize] Normalizing DataFrame with 5 columns
[2026-04-23T02:17:27.838+0000] {logging_mixin.py:151} WARNING - /opt/python-etl/pipelines/structured_pipeline.py:211 UserWarning: Could not infer format, so each element will be parsed individually, falling back to `dateutil`. To ensure parsing is consistent and as-expected, please specify a format.
[2026-04-23T02:17:27.845+0000] {logging_mixin.py:151} WARNING - /opt/python-etl/pipelines/structured_pipeline.py:211 UserWarning: Could not infer format, so each element will be parsed individually, falling back to `dateutil`. To ensure parsing is consistent and as-expected, please specify a format.
[2026-04-23T02:17:27.851+0000] {logging_mixin.py:151} WARNING - /opt/python-etl/pipelines/structured_pipeline.py:211 UserWarning: Could not infer format, so each element will be parsed individually, falling back to `dateutil`. To ensure parsing is consistent and as-expected, please specify a format.
[2026-04-23T02:17:27.859+0000] {logging_mixin.py:151} WARNING - /opt/python-etl/pipelines/structured_pipeline.py:211 UserWarning: Could not infer format, so each element will be parsed individually, falling back to `dateutil`. To ensure parsing is consistent and as-expected, please specify a format.
[2026-04-23T02:17:27.864+0000] {logging_mixin.py:151} WARNING - /opt/python-etl/pipelines/structured_pipeline.py:211 UserWarning: Could not infer format, so each element will be parsed individually, falling back to `dateutil`. To ensure parsing is consistent and as-expected, please specify a format.
[2026-04-23T02:17:27.867+0000] {pdf_pipeline.py:327} INFO - [pdf] Created table: data_samplieee_page4_table1
[2026-04-23T02:17:27.874+0000] {pdf_pipeline.py:340} INFO - [pdf] Loaded 13 rows into data_samplieee_page4_table1
[2026-04-23T02:17:27.877+0000] {pdf_pipeline.py:552} INFO - [pdf] Processed table 10: 13 rows, 5 columns
[2026-04-23T02:17:27.898+0000] {pdf_pipeline.py:263} INFO - [pdf] Uploaded table CSV -> processed/structured/pdf-tables/samplieee_page4_table2.csv
[2026-04-23T02:17:27.899+0000] {structured_pipeline.py:108} INFO - Table name: data_samplieee_page4_table2
[2026-04-23T02:17:27.902+0000] {structured_pipeline.py:124} INFO - [Normalize] Normalizing DataFrame with 4 columns
[2026-04-23T02:17:27.912+0000] {logging_mixin.py:151} WARNING - /opt/python-etl/pipelines/structured_pipeline.py:211 UserWarning: Could not infer format, so each element will be parsed individually, falling back to `dateutil`. To ensure parsing is consistent and as-expected, please specify a format.
[2026-04-23T02:17:27.918+0000] {logging_mixin.py:151} WARNING - /opt/python-etl/pipelines/structured_pipeline.py:211 UserWarning: Could not infer format, so each element will be parsed individually, falling back to `dateutil`. To ensure parsing is consistent and as-expected, please specify a format.
[2026-04-23T02:17:27.923+0000] {logging_mixin.py:151} WARNING - /opt/python-etl/pipelines/structured_pipeline.py:211 UserWarning: Could not infer format, so each element will be parsed individually, falling back to `dateutil`. To ensure parsing is consistent and as-expected, please specify a format.
[2026-04-23T02:17:27.932+0000] {logging_mixin.py:151} WARNING - /opt/python-etl/pipelines/structured_pipeline.py:211 UserWarning: Could not infer format, so each element will be parsed individually, falling back to `dateutil`. To ensure parsing is consistent and as-expected, please specify a format.
[2026-04-23T02:17:27.935+0000] {pdf_pipeline.py:327} INFO - [pdf] Created table: data_samplieee_page4_table2
[2026-04-23T02:17:27.941+0000] {pdf_pipeline.py:340} INFO - [pdf] Loaded 11 rows into data_samplieee_page4_table2
[2026-04-23T02:17:27.945+0000] {pdf_pipeline.py:552} INFO - [pdf] Processed table 11: 11 rows, 4 columns
[2026-04-23T02:17:28.516+0000] {pdf_pipeline.py:263} INFO - [pdf] Uploaded table CSV -> processed/structured/pdf-tables/samplieee_page5_table1.csv
[2026-04-23T02:17:28.517+0000] {structured_pipeline.py:108} INFO - Table name: data_samplieee_page5_table1
[2026-04-23T02:17:28.519+0000] {structured_pipeline.py:124} INFO - [Normalize] Normalizing DataFrame with 5 columns
[2026-04-23T02:17:28.529+0000] {logging_mixin.py:151} WARNING - /opt/python-etl/pipelines/structured_pipeline.py:211 UserWarning: Could not infer format, so each element will be parsed individually, falling back to `dateutil`. To ensure parsing is consistent and as-expected, please specify a format.
[2026-04-23T02:17:28.537+0000] {logging_mixin.py:151} WARNING - /opt/python-etl/pipelines/structured_pipeline.py:211 UserWarning: Could not infer format, so each element will be parsed individually, falling back to `dateutil`. To ensure parsing is consistent and as-expected, please specify a format.
[2026-04-23T02:17:28.541+0000] {logging_mixin.py:151} WARNING - /opt/python-etl/pipelines/structured_pipeline.py:211 UserWarning: Could not infer format, so each element will be parsed individually, falling back to `dateutil`. To ensure parsing is consistent and as-expected, please specify a format.
[2026-04-23T02:17:28.546+0000] {logging_mixin.py:151} WARNING - /opt/python-etl/pipelines/structured_pipeline.py:211 UserWarning: Could not infer format, so each element will be parsed individually, falling back to `dateutil`. To ensure parsing is consistent and as-expected, please specify a format.
[2026-04-23T02:17:28.552+0000] {logging_mixin.py:151} WARNING - /opt/python-etl/pipelines/structured_pipeline.py:211 UserWarning: Could not infer format, so each element will be parsed individually, falling back to `dateutil`. To ensure parsing is consistent and as-expected, please specify a format.
[2026-04-23T02:17:28.557+0000] {pdf_pipeline.py:327} INFO - [pdf] Created table: data_samplieee_page5_table1
[2026-04-23T02:17:28.561+0000] {pdf_pipeline.py:340} INFO - [pdf] Loaded 4 rows into data_samplieee_page5_table1
[2026-04-23T02:17:28.564+0000] {pdf_pipeline.py:552} INFO - [pdf] Processed table 12: 4 rows, 5 columns
[2026-04-23T02:17:28.587+0000] {pdf_pipeline.py:263} INFO - [pdf] Uploaded table CSV -> processed/structured/pdf-tables/samplieee_page5_table2.csv
[2026-04-23T02:17:28.588+0000] {structured_pipeline.py:108} INFO - Table name: data_samplieee_page5_table2
[2026-04-23T02:17:28.590+0000] {structured_pipeline.py:124} INFO - [Normalize] Normalizing DataFrame with 4 columns
[2026-04-23T02:17:28.598+0000] {logging_mixin.py:151} WARNING - /opt/python-etl/pipelines/structured_pipeline.py:211 UserWarning: Could not infer format, so each element will be parsed individually, falling back to `dateutil`. To ensure parsing is consistent and as-expected, please specify a format.
[2026-04-23T02:17:28.603+0000] {logging_mixin.py:151} WARNING - /opt/python-etl/pipelines/structured_pipeline.py:211 UserWarning: Could not infer format, so each element will be parsed individually, falling back to `dateutil`. To ensure parsing is consistent and as-expected, please specify a format.
[2026-04-23T02:17:28.607+0000] {logging_mixin.py:151} WARNING - /opt/python-etl/pipelines/structured_pipeline.py:211 UserWarning: Could not infer format, so each element will be parsed individually, falling back to `dateutil`. To ensure parsing is consistent and as-expected, please specify a format.
[2026-04-23T02:17:28.612+0000] {logging_mixin.py:151} WARNING - /opt/python-etl/pipelines/structured_pipeline.py:211 UserWarning: Could not infer format, so each element will be parsed individually, falling back to `dateutil`. To ensure parsing is consistent and as-expected, please specify a format.
[2026-04-23T02:17:28.615+0000] {pdf_pipeline.py:327} INFO - [pdf] Created table: data_samplieee_page5_table2
[2026-04-23T02:17:28.621+0000] {pdf_pipeline.py:340} INFO - [pdf] Loaded 3 rows into data_samplieee_page5_table2
[2026-04-23T02:17:28.624+0000] {pdf_pipeline.py:552} INFO - [pdf] Processed table 13: 3 rows, 4 columns
[2026-04-23T02:17:28.646+0000] {pdf_pipeline.py:263} INFO - [pdf] Uploaded table CSV -> processed/structured/pdf-tables/samplieee_page5_table3.csv
[2026-04-23T02:17:28.647+0000] {structured_pipeline.py:108} INFO - Table name: data_samplieee_page5_table3
[2026-04-23T02:17:28.649+0000] {structured_pipeline.py:124} INFO - [Normalize] Normalizing DataFrame with 4 columns
[2026-04-23T02:17:28.658+0000] {logging_mixin.py:151} WARNING - /opt/python-etl/pipelines/structured_pipeline.py:211 UserWarning: Could not infer format, so each element will be parsed individually, falling back to `dateutil`. To ensure parsing is consistent and as-expected, please specify a format.
[2026-04-23T02:17:28.669+0000] {pdf_pipeline.py:327} INFO - [pdf] Created table: data_samplieee_page5_table3
[2026-04-23T02:17:28.673+0000] {pdf_pipeline.py:340} INFO - [pdf] Loaded 3 rows into data_samplieee_page5_table3
[2026-04-23T02:17:28.676+0000] {pdf_pipeline.py:552} INFO - [pdf] Processed table 14: 3 rows, 4 columns
[2026-04-23T02:17:28.697+0000] {pdf_pipeline.py:263} INFO - [pdf] Uploaded table CSV -> processed/structured/pdf-tables/samplieee_page5_table4.csv
[2026-04-23T02:17:28.698+0000] {structured_pipeline.py:108} INFO - Table name: data_samplieee_page5_table4
[2026-04-23T02:17:28.703+0000] {structured_pipeline.py:124} INFO - [Normalize] Normalizing DataFrame with 5 columns
[2026-04-23T02:17:28.710+0000] {logging_mixin.py:151} WARNING - /opt/python-etl/pipelines/structured_pipeline.py:211 UserWarning: Could not infer format, so each element will be parsed individually, falling back to `dateutil`. To ensure parsing is consistent and as-expected, please specify a format.
[2026-04-23T02:17:28.716+0000] {logging_mixin.py:151} WARNING - /opt/python-etl/pipelines/structured_pipeline.py:211 UserWarning: Could not infer format, so each element will be parsed individually, falling back to `dateutil`. To ensure parsing is consistent and as-expected, please specify a format.
[2026-04-23T02:17:28.721+0000] {logging_mixin.py:151} WARNING - /opt/python-etl/pipelines/structured_pipeline.py:211 UserWarning: Could not infer format, so each element will be parsed individually, falling back to `dateutil`. To ensure parsing is consistent and as-expected, please specify a format.
[2026-04-23T02:17:28.727+0000] {logging_mixin.py:151} WARNING - /opt/python-etl/pipelines/structured_pipeline.py:211 UserWarning: Could not infer format, so each element will be parsed individually, falling back to `dateutil`. To ensure parsing is consistent and as-expected, please specify a format.
[2026-04-23T02:17:28.736+0000] {logging_mixin.py:151} WARNING - /opt/python-etl/pipelines/structured_pipeline.py:211 UserWarning: Could not infer format, so each element will be parsed individually, falling back to `dateutil`. To ensure parsing is consistent and as-expected, please specify a format.
[2026-04-23T02:17:28.739+0000] {pdf_pipeline.py:327} INFO - [pdf] Created table: data_samplieee_page5_table4
[2026-04-23T02:17:28.745+0000] {pdf_pipeline.py:340} INFO - [pdf] Loaded 6 rows into data_samplieee_page5_table4
[2026-04-23T02:17:28.750+0000] {pdf_pipeline.py:552} INFO - [pdf] Processed table 15: 6 rows, 5 columns
[2026-04-23T02:17:29.477+0000] {pdf_pipeline.py:263} INFO - [pdf] Uploaded table CSV -> processed/structured/pdf-tables/samplieee_page6_table1.csv
[2026-04-23T02:17:29.477+0000] {structured_pipeline.py:108} INFO - Table name: data_samplieee_page6_table1
[2026-04-23T02:17:29.479+0000] {structured_pipeline.py:124} INFO - [Normalize] Normalizing DataFrame with 5 columns
[2026-04-23T02:17:29.487+0000] {logging_mixin.py:151} WARNING - /opt/python-etl/pipelines/structured_pipeline.py:211 UserWarning: Could not infer format, so each element will be parsed individually, falling back to `dateutil`. To ensure parsing is consistent and as-expected, please specify a format.
[2026-04-23T02:17:29.496+0000] {pdf_pipeline.py:327} INFO - [pdf] Created table: data_samplieee_page6_table1
[2026-04-23T02:17:29.502+0000] {pdf_pipeline.py:340} INFO - [pdf] Loaded 6 rows into data_samplieee_page6_table1
[2026-04-23T02:17:29.505+0000] {pdf_pipeline.py:552} INFO - [pdf] Processed table 16: 6 rows, 5 columns
[2026-04-23T02:17:29.528+0000] {pdf_pipeline.py:263} INFO - [pdf] Uploaded table CSV -> processed/structured/pdf-tables/samplieee_page6_table2.csv
[2026-04-23T02:17:29.529+0000] {structured_pipeline.py:108} INFO - Table name: data_samplieee_page6_table2
[2026-04-23T02:17:29.531+0000] {structured_pipeline.py:124} INFO - [Normalize] Normalizing DataFrame with 3 columns
[2026-04-23T02:17:29.539+0000] {logging_mixin.py:151} WARNING - /opt/python-etl/pipelines/structured_pipeline.py:211 UserWarning: Could not infer format, so each element will be parsed individually, falling back to `dateutil`. To ensure parsing is consistent and as-expected, please specify a format.
[2026-04-23T02:17:29.546+0000] {logging_mixin.py:151} WARNING - /opt/python-etl/pipelines/structured_pipeline.py:211 UserWarning: Could not infer format, so each element will be parsed individually, falling back to `dateutil`. To ensure parsing is consistent and as-expected, please specify a format.
[2026-04-23T02:17:29.552+0000] {logging_mixin.py:151} WARNING - /opt/python-etl/pipelines/structured_pipeline.py:211 UserWarning: Could not infer format, so each element will be parsed individually, falling back to `dateutil`. To ensure parsing is consistent and as-expected, please specify a format.
[2026-04-23T02:17:29.556+0000] {pdf_pipeline.py:327} INFO - [pdf] Created table: data_samplieee_page6_table2
[2026-04-23T02:17:29.562+0000] {pdf_pipeline.py:340} INFO - [pdf] Loaded 10 rows into data_samplieee_page6_table2
[2026-04-23T02:17:29.565+0000] {pdf_pipeline.py:552} INFO - [pdf] Processed table 17: 10 rows, 3 columns
[2026-04-23T02:17:29.587+0000] {pdf_pipeline.py:263} INFO - [pdf] Uploaded table CSV -> processed/structured/pdf-tables/samplieee_page6_table3.csv
[2026-04-23T02:17:29.588+0000] {structured_pipeline.py:108} INFO - Table name: data_samplieee_page6_table3
[2026-04-23T02:17:29.590+0000] {structured_pipeline.py:124} INFO - [Normalize] Normalizing DataFrame with 3 columns
[2026-04-23T02:17:29.597+0000] {logging_mixin.py:151} WARNING - /opt/python-etl/pipelines/structured_pipeline.py:211 UserWarning: Could not infer format, so each element will be parsed individually, falling back to `dateutil`. To ensure parsing is consistent and as-expected, please specify a format.
[2026-04-23T02:17:29.603+0000] {logging_mixin.py:151} WARNING - /opt/python-etl/pipelines/structured_pipeline.py:211 UserWarning: Could not infer format, so each element will be parsed individually, falling back to `dateutil`. To ensure parsing is consistent and as-expected, please specify a format.
[2026-04-23T02:17:29.611+0000] {logging_mixin.py:151} WARNING - /opt/python-etl/pipelines/structured_pipeline.py:211 UserWarning: Could not infer format, so each element will be parsed individually, falling back to `dateutil`. To ensure parsing is consistent and as-expected, please specify a format.
[2026-04-23T02:17:29.614+0000] {pdf_pipeline.py:327} INFO - [pdf] Created table: data_samplieee_page6_table3
[2026-04-23T02:17:29.618+0000] {pdf_pipeline.py:340} INFO - [pdf] Loaded 10 rows into data_samplieee_page6_table3
[2026-04-23T02:17:29.624+0000] {pdf_pipeline.py:552} INFO - [pdf] Processed table 18: 10 rows, 3 columns
[2026-04-23T02:17:30.119+0000] {pdf_pipeline.py:263} INFO - [pdf] Uploaded table CSV -> processed/structured/pdf-tables/samplieee_page7_table1.csv
[2026-04-23T02:17:30.120+0000] {structured_pipeline.py:108} INFO - Table name: data_samplieee_page7_table1
[2026-04-23T02:17:30.123+0000] {structured_pipeline.py:124} INFO - [Normalize] Normalizing DataFrame with 5 columns
[2026-04-23T02:17:30.133+0000] {logging_mixin.py:151} WARNING - /opt/python-etl/pipelines/structured_pipeline.py:211 UserWarning: Could not infer format, so each element will be parsed individually, falling back to `dateutil`. To ensure parsing is consistent and as-expected, please specify a format.
[2026-04-23T02:17:30.142+0000] {logging_mixin.py:151} WARNING - /opt/python-etl/pipelines/structured_pipeline.py:211 UserWarning: Could not infer format, so each element will be parsed individually, falling back to `dateutil`. To ensure parsing is consistent and as-expected, please specify a format.
[2026-04-23T02:17:30.151+0000] {logging_mixin.py:151} WARNING - /opt/python-etl/pipelines/structured_pipeline.py:211 UserWarning: Could not infer format, so each element will be parsed individually, falling back to `dateutil`. To ensure parsing is consistent and as-expected, please specify a format.
[2026-04-23T02:17:30.157+0000] {pdf_pipeline.py:327} INFO - [pdf] Created table: data_samplieee_page7_table1
[2026-04-23T02:17:30.162+0000] {pdf_pipeline.py:340} INFO - [pdf] Loaded 5 rows into data_samplieee_page7_table1
[2026-04-23T02:17:30.168+0000] {pdf_pipeline.py:552} INFO - [pdf] Processed table 19: 5 rows, 5 columns
[2026-04-23T02:17:30.189+0000] {pdf_pipeline.py:263} INFO - [pdf] Uploaded table CSV -> processed/structured/pdf-tables/samplieee_page7_table2.csv
[2026-04-23T02:17:30.191+0000] {structured_pipeline.py:108} INFO - Table name: data_samplieee_page7_table2
[2026-04-23T02:17:30.194+0000] {structured_pipeline.py:124} INFO - [Normalize] Normalizing DataFrame with 4 columns
[2026-04-23T02:17:30.204+0000] {logging_mixin.py:151} WARNING - /opt/python-etl/pipelines/structured_pipeline.py:211 UserWarning: Could not infer format, so each element will be parsed individually, falling back to `dateutil`. To ensure parsing is consistent and as-expected, please specify a format.
[2026-04-23T02:17:30.209+0000] {logging_mixin.py:151} WARNING - /opt/python-etl/pipelines/structured_pipeline.py:211 UserWarning: Could not infer format, so each element will be parsed individually, falling back to `dateutil`. To ensure parsing is consistent and as-expected, please specify a format.
[2026-04-23T02:17:30.218+0000] {pdf_pipeline.py:327} INFO - [pdf] Created table: data_samplieee_page7_table2
[2026-04-23T02:17:30.222+0000] {pdf_pipeline.py:340} INFO - [pdf] Loaded 7 rows into data_samplieee_page7_table2
[2026-04-23T02:17:30.225+0000] {pdf_pipeline.py:552} INFO - [pdf] Processed table 20: 7 rows, 4 columns
[2026-04-23T02:17:31.072+0000] {pdf_pipeline.py:263} INFO - [pdf] Uploaded table CSV -> processed/structured/pdf-tables/samplieee_page8_table1.csv
[2026-04-23T02:17:31.073+0000] {structured_pipeline.py:108} INFO - Table name: data_samplieee_page8_table1
[2026-04-23T02:17:31.077+0000] {structured_pipeline.py:124} INFO - [Normalize] Normalizing DataFrame with 4 columns
[2026-04-23T02:17:31.093+0000] {logging_mixin.py:151} WARNING - /opt/python-etl/pipelines/structured_pipeline.py:211 UserWarning: Could not infer format, so each element will be parsed individually, falling back to `dateutil`. To ensure parsing is consistent and as-expected, please specify a format.
[2026-04-23T02:17:31.105+0000] {logging_mixin.py:151} WARNING - /opt/python-etl/pipelines/structured_pipeline.py:211 UserWarning: Could not infer format, so each element will be parsed individually, falling back to `dateutil`. To ensure parsing is consistent and as-expected, please specify a format.
[2026-04-23T02:17:31.118+0000] {pdf_pipeline.py:327} INFO - [pdf] Created table: data_samplieee_page8_table1
[2026-04-23T02:17:31.127+0000] {pdf_pipeline.py:340} INFO - [pdf] Loaded 7 rows into data_samplieee_page8_table1
[2026-04-23T02:17:31.139+0000] {pdf_pipeline.py:552} INFO - [pdf] Processed table 21: 7 rows, 4 columns
[2026-04-23T02:17:31.175+0000] {pdf_pipeline.py:263} INFO - [pdf] Uploaded table CSV -> processed/structured/pdf-tables/samplieee_page8_table2.csv
[2026-04-23T02:17:31.175+0000] {structured_pipeline.py:108} INFO - Table name: data_samplieee_page8_table2
[2026-04-23T02:17:31.179+0000] {structured_pipeline.py:124} INFO - [Normalize] Normalizing DataFrame with 4 columns
[2026-04-23T02:17:31.191+0000] {logging_mixin.py:151} WARNING - /opt/python-etl/pipelines/structured_pipeline.py:211 UserWarning: Could not infer format, so each element will be parsed individually, falling back to `dateutil`. To ensure parsing is consistent and as-expected, please specify a format.
[2026-04-23T02:17:31.203+0000] {pdf_pipeline.py:327} INFO - [pdf] Created table: data_samplieee_page8_table2
[2026-04-23T02:17:31.207+0000] {pdf_pipeline.py:340} INFO - [pdf] Loaded 7 rows into data_samplieee_page8_table2
[2026-04-23T02:17:31.212+0000] {pdf_pipeline.py:552} INFO - [pdf] Processed table 22: 7 rows, 4 columns
[2026-04-23T02:17:31.234+0000] {pdf_pipeline.py:263} INFO - [pdf] Uploaded table CSV -> processed/structured/pdf-tables/samplieee_page8_table3.csv
[2026-04-23T02:17:31.234+0000] {structured_pipeline.py:108} INFO - Table name: data_samplieee_page8_table3
[2026-04-23T02:17:31.238+0000] {structured_pipeline.py:124} INFO - [Normalize] Normalizing DataFrame with 5 columns
[2026-04-23T02:17:31.248+0000] {logging_mixin.py:151} WARNING - /opt/python-etl/pipelines/structured_pipeline.py:211 UserWarning: Could not infer format, so each element will be parsed individually, falling back to `dateutil`. To ensure parsing is consistent and as-expected, please specify a format.
[2026-04-23T02:17:31.254+0000] {logging_mixin.py:151} WARNING - /opt/python-etl/pipelines/structured_pipeline.py:211 UserWarning: Could not infer format, so each element will be parsed individually, falling back to `dateutil`. To ensure parsing is consistent and as-expected, please specify a format.
[2026-04-23T02:17:31.261+0000] {logging_mixin.py:151} WARNING - /opt/python-etl/pipelines/structured_pipeline.py:211 UserWarning: Could not infer format, so each element will be parsed individually, falling back to `dateutil`. To ensure parsing is consistent and as-expected, please specify a format.
[2026-04-23T02:17:31.266+0000] {logging_mixin.py:151} WARNING - /opt/python-etl/pipelines/structured_pipeline.py:211 UserWarning: Could not infer format, so each element will be parsed individually, falling back to `dateutil`. To ensure parsing is consistent and as-expected, please specify a format.
[2026-04-23T02:17:31.274+0000] {logging_mixin.py:151} WARNING - /opt/python-etl/pipelines/structured_pipeline.py:211 UserWarning: Could not infer format, so each element will be parsed individually, falling back to `dateutil`. To ensure parsing is consistent and as-expected, please specify a format.
[2026-04-23T02:17:31.278+0000] {pdf_pipeline.py:327} INFO - [pdf] Created table: data_samplieee_page8_table3
[2026-04-23T02:17:31.282+0000] {pdf_pipeline.py:340} INFO - [pdf] Loaded 3 rows into data_samplieee_page8_table3
[2026-04-23T02:17:31.285+0000] {pdf_pipeline.py:552} INFO - [pdf] Processed table 23: 3 rows, 5 columns
[2026-04-23T02:17:32.286+0000] {pdf_pipeline.py:263} INFO - [pdf] Uploaded table CSV -> processed/structured/pdf-tables/samplieee_page9_table1.csv
[2026-04-23T02:17:32.287+0000] {structured_pipeline.py:108} INFO - Table name: data_samplieee_page9_table1
[2026-04-23T02:17:32.292+0000] {structured_pipeline.py:124} INFO - [Normalize] Normalizing DataFrame with 4 columns
[2026-04-23T02:17:32.299+0000] {logging_mixin.py:151} WARNING - /opt/python-etl/pipelines/structured_pipeline.py:211 UserWarning: Could not infer format, so each element will be parsed individually, falling back to `dateutil`. To ensure parsing is consistent and as-expected, please specify a format.
[2026-04-23T02:17:32.314+0000] {pdf_pipeline.py:327} INFO - [pdf] Created table: data_samplieee_page9_table1
[2026-04-23T02:17:32.320+0000] {pdf_pipeline.py:340} INFO - [pdf] Loaded 12 rows into data_samplieee_page9_table1
[2026-04-23T02:17:32.323+0000] {pdf_pipeline.py:552} INFO - [pdf] Processed table 24: 12 rows, 4 columns
[2026-04-23T02:17:32.348+0000] {pdf_pipeline.py:263} INFO - [pdf] Uploaded table CSV -> processed/structured/pdf-tables/samplieee_page9_table2.csv
[2026-04-23T02:17:32.349+0000] {structured_pipeline.py:108} INFO - Table name: data_samplieee_page9_table2
[2026-04-23T02:17:32.350+0000] {structured_pipeline.py:124} INFO - [Normalize] Normalizing DataFrame with 5 columns
[2026-04-23T02:17:32.360+0000] {logging_mixin.py:151} WARNING - /opt/python-etl/pipelines/structured_pipeline.py:211 UserWarning: Could not infer format, so each element will be parsed individually, falling back to `dateutil`. To ensure parsing is consistent and as-expected, please specify a format.
[2026-04-23T02:17:32.368+0000] {logging_mixin.py:151} WARNING - /opt/python-etl/pipelines/structured_pipeline.py:211 UserWarning: Could not infer format, so each element will be parsed individually, falling back to `dateutil`. To ensure parsing is consistent and as-expected, please specify a format.
[2026-04-23T02:17:32.373+0000] {logging_mixin.py:151} WARNING - /opt/python-etl/pipelines/structured_pipeline.py:211 UserWarning: Could not infer format, so each element will be parsed individually, falling back to `dateutil`. To ensure parsing is consistent and as-expected, please specify a format.
[2026-04-23T02:17:32.379+0000] {logging_mixin.py:151} WARNING - /opt/python-etl/pipelines/structured_pipeline.py:211 UserWarning: Could not infer format, so each element will be parsed individually, falling back to `dateutil`. To ensure parsing is consistent and as-expected, please specify a format.
[2026-04-23T02:17:32.386+0000] {logging_mixin.py:151} WARNING - /opt/python-etl/pipelines/structured_pipeline.py:211 UserWarning: Could not infer format, so each element will be parsed individually, falling back to `dateutil`. To ensure parsing is consistent and as-expected, please specify a format.
[2026-04-23T02:17:32.392+0000] {pdf_pipeline.py:327} INFO - [pdf] Created table: data_samplieee_page9_table2
[2026-04-23T02:17:32.396+0000] {pdf_pipeline.py:340} INFO - [pdf] Loaded 4 rows into data_samplieee_page9_table2
[2026-04-23T02:17:32.401+0000] {pdf_pipeline.py:552} INFO - [pdf] Processed table 25: 4 rows, 5 columns
[2026-04-23T02:17:32.450+0000] {pdf_pipeline.py:263} INFO - [pdf] Uploaded table CSV -> processed/structured/pdf-tables/samplieee_page9_table3.csv
[2026-04-23T02:17:32.454+0000] {structured_pipeline.py:108} INFO - Table name: data_samplieee_page9_table3
[2026-04-23T02:17:32.458+0000] {structured_pipeline.py:124} INFO - [Normalize] Normalizing DataFrame with 5 columns
[2026-04-23T02:17:32.477+0000] {logging_mixin.py:151} WARNING - /opt/python-etl/pipelines/structured_pipeline.py:211 UserWarning: Could not infer format, so each element will be parsed individually, falling back to `dateutil`. To ensure parsing is consistent and as-expected, please specify a format.
[2026-04-23T02:17:32.494+0000] {logging_mixin.py:151} WARNING - /opt/python-etl/pipelines/structured_pipeline.py:211 UserWarning: Could not infer format, so each element will be parsed individually, falling back to `dateutil`. To ensure parsing is consistent and as-expected, please specify a format.
[2026-04-23T02:17:32.508+0000] {logging_mixin.py:151} WARNING - /opt/python-etl/pipelines/structured_pipeline.py:211 UserWarning: Could not infer format, so each element will be parsed individually, falling back to `dateutil`. To ensure parsing is consistent and as-expected, please specify a format.
[2026-04-23T02:17:32.516+0000] {logging_mixin.py:151} WARNING - /opt/python-etl/pipelines/structured_pipeline.py:211 UserWarning: Could not infer format, so each element will be parsed individually, falling back to `dateutil`. To ensure parsing is consistent and as-expected, please specify a format.
[2026-04-23T02:17:32.533+0000] {logging_mixin.py:151} WARNING - /opt/python-etl/pipelines/structured_pipeline.py:211 UserWarning: Could not infer format, so each element will be parsed individually, falling back to `dateutil`. To ensure parsing is consistent and as-expected, please specify a format.
[2026-04-23T02:17:32.537+0000] {pdf_pipeline.py:327} INFO - [pdf] Created table: data_samplieee_page9_table3
[2026-04-23T02:17:32.548+0000] {pdf_pipeline.py:340} INFO - [pdf] Loaded 6 rows into data_samplieee_page9_table3
[2026-04-23T02:17:32.555+0000] {pdf_pipeline.py:552} INFO - [pdf] Processed table 26: 6 rows, 5 columns
[2026-04-23T02:17:32.977+0000] {pdf_pipeline.py:263} INFO - [pdf] Uploaded table CSV -> processed/structured/pdf-tables/samplieee_page10_table1.csv
[2026-04-23T02:17:32.979+0000] {structured_pipeline.py:108} INFO - Table name: data_samplieee_page10_table1
[2026-04-23T02:17:32.982+0000] {structured_pipeline.py:124} INFO - [Normalize] Normalizing DataFrame with 3 columns
[2026-04-23T02:17:33.000+0000] {logging_mixin.py:151} WARNING - /opt/python-etl/pipelines/structured_pipeline.py:211 UserWarning: Could not infer format, so each element will be parsed individually, falling back to `dateutil`. To ensure parsing is consistent and as-expected, please specify a format.
[2026-04-23T02:17:33.009+0000] {pdf_pipeline.py:327} INFO - [pdf] Created table: data_samplieee_page10_table1
[2026-04-23T02:17:33.027+0000] {pdf_pipeline.py:340} INFO - [pdf] Loaded 3 rows into data_samplieee_page10_table1
[2026-04-23T02:17:33.033+0000] {pdf_pipeline.py:552} INFO - [pdf] Processed table 27: 3 rows, 3 columns
[2026-04-23T02:17:33.083+0000] {pdf_pipeline.py:263} INFO - [pdf] Uploaded table CSV -> processed/structured/pdf-tables/samplieee_page10_table2.csv
[2026-04-23T02:17:33.084+0000] {structured_pipeline.py:108} INFO - Table name: data_samplieee_page10_table2
[2026-04-23T02:17:33.086+0000] {structured_pipeline.py:124} INFO - [Normalize] Normalizing DataFrame with 4 columns
[2026-04-23T02:17:33.109+0000] {logging_mixin.py:151} WARNING - /opt/python-etl/pipelines/structured_pipeline.py:211 UserWarning: Could not infer format, so each element will be parsed individually, falling back to `dateutil`. To ensure parsing is consistent and as-expected, please specify a format.
[2026-04-23T02:17:33.128+0000] {pdf_pipeline.py:327} INFO - [pdf] Created table: data_samplieee_page10_table2
[2026-04-23T02:17:33.140+0000] {pdf_pipeline.py:340} INFO - [pdf] Loaded 12 rows into data_samplieee_page10_table2
[2026-04-23T02:17:33.149+0000] {pdf_pipeline.py:552} INFO - [pdf] Processed table 28: 12 rows, 4 columns
[2026-04-23T02:17:33.706+0000] {pdf_pipeline.py:263} INFO - [pdf] Uploaded table CSV -> processed/structured/pdf-tables/samplieee_page11_table1.csv
[2026-04-23T02:17:33.707+0000] {structured_pipeline.py:108} INFO - Table name: data_samplieee_page11_table1
[2026-04-23T02:17:33.710+0000] {structured_pipeline.py:124} INFO - [Normalize] Normalizing DataFrame with 5 columns
[2026-04-23T02:17:33.742+0000] {pdf_pipeline.py:327} INFO - [pdf] Created table: data_samplieee_page11_table1
[2026-04-23T02:17:33.747+0000] {pdf_pipeline.py:340} INFO - [pdf] Loaded 12 rows into data_samplieee_page11_table1
[2026-04-23T02:17:33.751+0000] {pdf_pipeline.py:552} INFO - [pdf] Processed table 29: 12 rows, 5 columns
[2026-04-23T02:17:33.755+0000] {pdf_pipeline.py:569} INFO - [pdf] Extracted 29 tables with 189 total rows
[2026-04-23T02:17:33.766+0000] {pdf_pipeline.py:600} INFO - [pdf] Marked raw entry as processed: raw/samplieee.pdf
[2026-04-23T02:17:33.770+0000] {pdf_pipeline.py:612} INFO - [pdf] Created processed catalog entry: processed/samplieee.pdf
[2026-04-23T02:17:33.774+0000] {pdf_pipeline.py:624} INFO - [pdf] Removed old catalog entry: raw/samplieee.pdf
[2026-04-23T02:17:33.775+0000] {pdf_pipeline.py:631} INFO - [pdf] ✅ Completed processing: raw/samplieee.pdf | pages=11 | tables=29 | rows=189 | text_chars=8510
[2026-04-23T02:17:33.776+0000] {etl_manager.py:287} INFO - ETL completed: raw/samplieee.pdf
[2026-04-23T02:17:33.777+0000] {logging_mixin.py:151} INFO - [DISPATCHER] Archiving raw/samplieee.pdf -> raw-data/2026-04-23/samplieee.pdf
[2026-04-23T02:17:33.815+0000] {logging_mixin.py:151} INFO - [DISPATCHER] catalog_upsert failed for raw-data/2026-04-23/samplieee.pdf: column "content_hash" of relation "minio_data_catalog" does not exist
LINE 4:                  row_count, text_extracted, content_hash, up...
                                                    ^
[2026-04-23T02:17:33.816+0000] {logging_mixin.py:151} INFO - [DISPATCHER] Catalog updated for archive: raw-data/2026-04-23/samplieee.pdf
[2026-04-23T02:17:33.823+0000] {logging_mixin.py:151} INFO - [DISPATCHER] Completed & removed landing copy: raw/samplieee.pdf
[2026-04-23T02:17:33.824+0000] {python.py:194} INFO - Done. Returned value was: None
[2026-04-23T02:17:33.901+0000] {taskinstance.py:1398} INFO - Marking task as SUCCESS. dag_id=distillationDAG, task_id=scan_minio_and_dispatch, execution_date=20260422T203817, start_date=20260423T020223, end_date=20260423T021733
[2026-04-23T02:17:34.004+0000] {local_task_job_runner.py:228} INFO - Task exited with return code 0
[2026-04-23T02:17:34.068+0000] {taskinstance.py:2776} INFO - 0 downstream tasks scheduled from follow-on schedule check
