[2026-04-22T20:39:08.675+0000] {taskinstance.py:1157} INFO - Dependencies all met for dep_context=non-requeueable deps ti=<TaskInstance: distillationDAG.scan_minio_and_dispatch scheduled__2026-04-22T20:38:17.917597+00:00 [queued]>
[2026-04-22T20:39:08.683+0000] {taskinstance.py:1157} INFO - Dependencies all met for dep_context=requeueable deps ti=<TaskInstance: distillationDAG.scan_minio_and_dispatch scheduled__2026-04-22T20:38:17.917597+00:00 [queued]>
[2026-04-22T20:39:08.684+0000] {taskinstance.py:1359} INFO - Starting attempt 1 of 4
[2026-04-22T20:39:08.696+0000] {taskinstance.py:1380} INFO - Executing <Task(PythonOperator): scan_minio_and_dispatch> on 2026-04-22 20:38:17.917597+00:00
[2026-04-22T20:39:08.703+0000] {standard_task_runner.py:57} INFO - Started process 977 to run task
[2026-04-22T20:39:08.706+0000] {standard_task_runner.py:84} INFO - Running: ['***', 'tasks', 'run', 'distillationDAG', 'scan_minio_and_dispatch', 'scheduled__2026-04-22T20:38:17.917597+00:00', '--job-id', '2782', '--raw', '--subdir', 'DAGS_FOLDER/dispatcher_pipeline_dag.py', '--cfg-path', '/tmp/tmp2u6k9jk0']
[2026-04-22T20:39:08.710+0000] {standard_task_runner.py:85} INFO - Job 2782: Subtask scan_minio_and_dispatch
[2026-04-22T20:39:08.774+0000] {task_command.py:415} INFO - Running <TaskInstance: distillationDAG.scan_minio_and_dispatch scheduled__2026-04-22T20:38:17.917597+00:00 [running]> on host bc8b7376be4c
[2026-04-22T20:39:09.120+0000] {taskinstance.py:1660} INFO - Exporting env vars: AIRFLOW_CTX_DAG_OWNER='***' AIRFLOW_CTX_DAG_ID='distillationDAG' AIRFLOW_CTX_TASK_ID='scan_minio_and_dispatch' AIRFLOW_CTX_EXECUTION_DATE='2026-04-22T20:38:17.917597+00:00' AIRFLOW_CTX_TRY_NUMBER='1' AIRFLOW_CTX_DAG_RUN_ID='scheduled__2026-04-22T20:38:17.917597+00:00'
[2026-04-22T20:39:09.160+0000] {logging_mixin.py:151} INFO - [DISPATCHER] Found file: raw/a_new_doc_pdf.pdf
[2026-04-22T20:39:09.653+0000] {pdf_pipeline.py:395} INFO - [pdf] Processing raw/a_new_doc_pdf.pdf
[2026-04-22T20:39:09.659+0000] {pdf_pipeline.py:427} INFO - [pdf] Extracting text from PDF...
[2026-04-22T20:39:09.689+0000] {pdf_pipeline.py:449} INFO - [pdf] Extracted 765 characters of text from 2 pages
[2026-04-22T20:39:09.721+0000] {pdf_pipeline.py:468} INFO - [pdf] Uploaded extracted text -> processed/unstructured/text-extracted/a_new_doc_pdf.txt
[2026-04-22T20:39:09.722+0000] {pdf_pipeline.py:77} ERROR - [pdf] Failed saving to unstructured_documents: there is no unique or exclusion constraint matching the ON CONFLICT specification
Traceback (most recent call last):
  File "/opt/python-etl/pipelines/pdf_pipeline.py", line 60, in _save_unstructured_doc
    cursor.execute(
psycopg2.errors.InvalidColumnReference: there is no unique or exclusion constraint matching the ON CONFLICT specification

[2026-04-22T20:39:09.723+0000] {pdf_pipeline.py:80} WARNING - [pdf] Continuing pipeline despite unstructured_documents save failure
[2026-04-22T20:39:09.723+0000] {pdf_pipeline.py:490} INFO - [pdf] Extracting tables from PDF...
[2026-04-22T20:39:09.796+0000] {pdf_pipeline.py:569} INFO - [pdf] Extracted 0 tables with 0 total rows
[2026-04-22T20:39:09.807+0000] {pdf_pipeline.py:600} INFO - [pdf] Marked raw entry as processed: raw/a_new_doc_pdf.pdf
[2026-04-22T20:39:09.810+0000] {pdf_pipeline.py:612} INFO - [pdf] Created processed catalog entry: processed/a_new_doc_pdf.pdf
[2026-04-22T20:39:09.814+0000] {pdf_pipeline.py:624} INFO - [pdf] Removed old catalog entry: raw/a_new_doc_pdf.pdf
[2026-04-22T20:39:09.814+0000] {pdf_pipeline.py:631} INFO - [pdf] ✅ Completed processing: raw/a_new_doc_pdf.pdf | pages=2 | tables=0 | rows=0 | text_chars=765
[2026-04-22T20:39:09.814+0000] {etl_manager.py:287} INFO - ETL completed: raw/a_new_doc_pdf.pdf
[2026-04-22T20:39:09.816+0000] {logging_mixin.py:151} INFO - [DISPATCHER] Archiving raw/a_new_doc_pdf.pdf -> raw-data/2026-04-22/a_new_doc_pdf.pdf
[2026-04-22T20:39:09.834+0000] {logging_mixin.py:151} INFO - [DISPATCHER] catalog_upsert failed for raw-data/2026-04-22/a_new_doc_pdf.pdf: column "content_hash" of relation "minio_data_catalog" does not exist
LINE 4:                  row_count, text_extracted, content_hash, up...
                                                    ^
[2026-04-22T20:39:09.834+0000] {logging_mixin.py:151} INFO - [DISPATCHER] Catalog updated for archive: raw-data/2026-04-22/a_new_doc_pdf.pdf
[2026-04-22T20:39:09.845+0000] {logging_mixin.py:151} INFO - [DISPATCHER] Completed & removed landing copy: raw/a_new_doc_pdf.pdf
[2026-04-22T20:39:09.846+0000] {logging_mixin.py:151} INFO - [DISPATCHER] Found file: raw/machinesData.csv
[2026-04-22T20:39:09.864+0000] {structured_pipeline.py:624} INFO - [structured] Processing raw/machinesData.csv
[2026-04-22T20:39:09.901+0000] {structured_pipeline.py:638} INFO - [structured] Downloaded 3983855 bytes
[2026-04-22T20:39:09.901+0000] {structured_pipeline.py:642} INFO - [structured] Detected file type: csv
[2026-04-22T20:39:09.905+0000] {structured_pipeline.py:22} INFO - Detected encoding: ascii (confidence: 1.00)
[2026-04-22T20:39:09.905+0000] {structured_pipeline.py:248} INFO - [CSV] Attempting to decode with ascii
[2026-04-22T20:39:09.911+0000] {structured_pipeline.py:41} INFO - Sniffer detected delimiter: ','
[2026-04-22T20:39:09.912+0000] {structured_pipeline.py:279} INFO - [CSV] Read attempt 1
[2026-04-22T20:39:10.162+0000] {structured_pipeline.py:283} INFO - [CSV] Successfully read 25672 rows with 14 columns
[2026-04-22T20:39:10.165+0000] {structured_pipeline.py:665} INFO - [structured] Initial read: 25672 rows, 14 columns
[2026-04-22T20:39:10.166+0000] {structured_pipeline.py:374} INFO - [Clean] Cleaning dataframe...
[2026-04-22T20:39:10.319+0000] {structured_pipeline.py:399} INFO - [Clean] Cleaned dataframe: 25672 rows, 14 columns
[2026-04-22T20:39:10.320+0000] {structured_pipeline.py:108} INFO - Table name: data_machinesdata
[2026-04-22T20:39:10.320+0000] {structured_pipeline.py:124} INFO - [Normalize] Normalizing DataFrame with 14 columns
[2026-04-22T20:39:10.343+0000] {logging_mixin.py:151} WARNING - /opt/python-etl/pipelines/structured_pipeline.py:211 UserWarning: Could not infer format, so each element will be parsed individually, falling back to `dateutil`. To ensure parsing is consistent and as-expected, please specify a format.
[2026-04-22T20:39:10.346+0000] {structured_pipeline.py:419} INFO - [PostgreSQL] Column 'series_reference' -> TEXT
[2026-04-22T20:39:10.350+0000] {structured_pipeline.py:419} INFO - [PostgreSQL] Column 'period' -> NUMERIC
[2026-04-22T20:39:10.356+0000] {structured_pipeline.py:419} INFO - [PostgreSQL] Column 'data_value' -> NUMERIC
[2026-04-22T20:39:10.361+0000] {logging_mixin.py:151} WARNING - /opt/python-etl/pipelines/structured_pipeline.py:211 UserWarning: Could not infer format, so each element will be parsed individually, falling back to `dateutil`. To ensure parsing is consistent and as-expected, please specify a format.
[2026-04-22T20:39:10.361+0000] {structured_pipeline.py:419} INFO - [PostgreSQL] Column 'suppressed' -> TEXT
[2026-04-22T20:39:10.367+0000] {logging_mixin.py:151} WARNING - /opt/python-etl/pipelines/structured_pipeline.py:211 UserWarning: Could not infer format, so each element will be parsed individually, falling back to `dateutil`. To ensure parsing is consistent and as-expected, please specify a format.
[2026-04-22T20:39:10.367+0000] {structured_pipeline.py:419} INFO - [PostgreSQL] Column 'status' -> TEXT
[2026-04-22T20:39:10.374+0000] {logging_mixin.py:151} WARNING - /opt/python-etl/pipelines/structured_pipeline.py:211 UserWarning: Could not infer format, so each element will be parsed individually, falling back to `dateutil`. To ensure parsing is consistent and as-expected, please specify a format.
[2026-04-22T20:39:10.374+0000] {structured_pipeline.py:419} INFO - [PostgreSQL] Column 'units' -> TEXT
[2026-04-22T20:39:10.378+0000] {structured_pipeline.py:419} INFO - [PostgreSQL] Column 'magnitude' -> INTEGER
[2026-04-22T20:39:10.384+0000] {logging_mixin.py:151} WARNING - /opt/python-etl/pipelines/structured_pipeline.py:211 UserWarning: Could not infer format, so each element will be parsed individually, falling back to `dateutil`. To ensure parsing is consistent and as-expected, please specify a format.
[2026-04-22T20:39:10.385+0000] {structured_pipeline.py:419} INFO - [PostgreSQL] Column 'subject' -> TEXT
[2026-04-22T20:39:10.392+0000] {logging_mixin.py:151} WARNING - /opt/python-etl/pipelines/structured_pipeline.py:211 UserWarning: Could not infer format, so each element will be parsed individually, falling back to `dateutil`. To ensure parsing is consistent and as-expected, please specify a format.
[2026-04-22T20:39:10.393+0000] {structured_pipeline.py:419} INFO - [PostgreSQL] Column 'group' -> TEXT
[2026-04-22T20:39:10.398+0000] {logging_mixin.py:151} WARNING - /opt/python-etl/pipelines/structured_pipeline.py:211 UserWarning: Could not infer format, so each element will be parsed individually, falling back to `dateutil`. To ensure parsing is consistent and as-expected, please specify a format.
[2026-04-22T20:39:10.399+0000] {structured_pipeline.py:419} INFO - [PostgreSQL] Column 'series_title_1' -> TEXT
[2026-04-22T20:39:10.407+0000] {logging_mixin.py:151} WARNING - /opt/python-etl/pipelines/structured_pipeline.py:211 UserWarning: Could not infer format, so each element will be parsed individually, falling back to `dateutil`. To ensure parsing is consistent and as-expected, please specify a format.
[2026-04-22T20:39:10.407+0000] {structured_pipeline.py:419} INFO - [PostgreSQL] Column 'series_title_2' -> TEXT
[2026-04-22T20:39:10.414+0000] {logging_mixin.py:151} WARNING - /opt/python-etl/pipelines/structured_pipeline.py:211 UserWarning: Could not infer format, so each element will be parsed individually, falling back to `dateutil`. To ensure parsing is consistent and as-expected, please specify a format.
[2026-04-22T20:39:10.417+0000] {structured_pipeline.py:419} INFO - [PostgreSQL] Column 'series_title_3' -> TEXT
[2026-04-22T20:39:10.418+0000] {structured_pipeline.py:419} INFO - [PostgreSQL] Column 'series_title_4' -> TEXT
[2026-04-22T20:39:10.424+0000] {structured_pipeline.py:419} INFO - [PostgreSQL] Column 'series_title_5' -> TEXT
[2026-04-22T20:39:10.430+0000] {structured_pipeline.py:431} INFO - [PostgreSQL] Dropped existing table: data_machinesdata
[2026-04-22T20:39:10.439+0000] {structured_pipeline.py:435} INFO - [PostgreSQL] Created table: data_machinesdata
[2026-04-22T20:39:11.278+0000] {structured_pipeline.py:562} INFO - [PostgreSQL] Loaded 25672 rows into data_machinesdata
[2026-04-22T20:39:11.289+0000] {structured_pipeline.py:576} INFO - [Parquet] Writing Parquet file...
[2026-04-22T20:39:20.017+0000] {structured_pipeline.py:603} INFO - [Parquet] Saved to: processed/structured/machinesData.parquet
[2026-04-22T20:39:20.445+0000] {structured_pipeline.py:723} INFO - [structured] Removed old catalog entry: raw/machinesData.csv
[2026-04-22T20:39:20.465+0000] {structured_pipeline.py:728} INFO - [structured] ✅ Successfully processed raw/machinesData.csv -> processed/structured/machinesData.parquet
[2026-04-22T20:39:20.489+0000] {etl_manager.py:287} INFO - ETL completed: raw/machinesData.csv
[2026-04-22T20:39:20.492+0000] {logging_mixin.py:151} INFO - [DISPATCHER] Archiving raw/machinesData.csv -> raw-data/2026-04-22/machinesData.csv
[2026-04-22T20:39:22.545+0000] {logging_mixin.py:151} INFO - [DISPATCHER] catalog_upsert failed for raw-data/2026-04-22/machinesData.csv: column "content_hash" of relation "minio_data_catalog" does not exist
LINE 4:                  row_count, text_extracted, content_hash, up...
                                                    ^
[2026-04-22T20:39:22.549+0000] {logging_mixin.py:151} INFO - [DISPATCHER] Catalog updated for archive: raw-data/2026-04-22/machinesData.csv
[2026-04-22T20:39:22.807+0000] {logging_mixin.py:151} INFO - [DISPATCHER] Completed & removed landing copy: raw/machinesData.csv
[2026-04-22T20:39:22.811+0000] {logging_mixin.py:151} INFO - [DISPATCHER] Found file: raw/newsampleehehe.docx
[2026-04-22T20:39:23.137+0000] {docx_pipeline.py:368} INFO - [docx] Processing raw/newsampleehehe.docx
[2026-04-22T20:39:23.153+0000] {docx_pipeline.py:404} INFO - [docx] Extracting text…
[2026-04-22T20:39:23.261+0000] {docx_pipeline.py:406} INFO - [docx] Extracted 2293 characters of text
[2026-04-22T20:39:23.262+0000] {docx_pipeline.py:411} INFO - [docx] Extracting tables…
[2026-04-22T20:39:23.332+0000] {docx_pipeline.py:413} INFO - [docx] Found 2 table(s)
[2026-04-22T20:39:23.600+0000] {docx_pipeline.py:438} INFO - [docx] Uploaded extracted text → processed/unstructured/text-extracted/newsampleehehe.txt
[2026-04-22T20:39:23.628+0000] {docx_pipeline.py:80} ERROR - [docx] Failed saving to unstructured_documents: there is no unique or exclusion constraint matching the ON CONFLICT specification
Traceback (most recent call last):
  File "/opt/python-etl/pipelines/docx_pipeline.py", line 63, in _save_unstructured_doc
    cursor.execute(
psycopg2.errors.InvalidColumnReference: there is no unique or exclusion constraint matching the ON CONFLICT specification

[2026-04-22T20:39:23.639+0000] {docx_pipeline.py:458} INFO - [docx] Processing 2 table(s)…
[2026-04-22T20:39:24.053+0000] {docx_pipeline.py:227} INFO - [docx] Uploaded table CSV → processed/structured/docx-tables/newsampleehehe_table_1.csv
[2026-04-22T20:39:24.075+0000] {structured_pipeline.py:108} INFO - Table name: data_newsampleehehe_table_1
[2026-04-22T20:39:24.119+0000] {structured_pipeline.py:124} INFO - [Normalize] Normalizing DataFrame with 3 columns
[2026-04-22T20:39:24.233+0000] {logging_mixin.py:151} WARNING - /opt/python-etl/pipelines/structured_pipeline.py:211 UserWarning: Could not infer format, so each element will be parsed individually, falling back to `dateutil`. To ensure parsing is consistent and as-expected, please specify a format.
[2026-04-22T20:39:24.255+0000] {logging_mixin.py:151} WARNING - /opt/python-etl/pipelines/structured_pipeline.py:211 UserWarning: Could not infer format, so each element will be parsed individually, falling back to `dateutil`. To ensure parsing is consistent and as-expected, please specify a format.
[2026-04-22T20:39:24.278+0000] {docx_pipeline.py:295} INFO - [docx] Created table: data_newsampleehehe_table_1
[2026-04-22T20:39:24.292+0000] {docx_pipeline.py:307} INFO - [docx] Loaded 5 rows into 'data_newsampleehehe_table_1'
[2026-04-22T20:39:24.408+0000] {docx_pipeline.py:481} INFO - [docx] Processed table 1/2: 5 rows × 3 cols
[2026-04-22T20:39:25.041+0000] {docx_pipeline.py:227} INFO - [docx] Uploaded table CSV → processed/structured/docx-tables/newsampleehehe_table_2.csv
[2026-04-22T20:39:25.074+0000] {structured_pipeline.py:108} INFO - Table name: data_newsampleehehe_table_2
[2026-04-22T20:39:25.148+0000] {structured_pipeline.py:124} INFO - [Normalize] Normalizing DataFrame with 5 columns
[2026-04-22T20:39:25.325+0000] {logging_mixin.py:151} WARNING - /opt/python-etl/pipelines/structured_pipeline.py:211 UserWarning: Could not infer format, so each element will be parsed individually, falling back to `dateutil`. To ensure parsing is consistent and as-expected, please specify a format.
[2026-04-22T20:39:25.342+0000] {logging_mixin.py:151} WARNING - /opt/python-etl/pipelines/structured_pipeline.py:211 UserWarning: Could not infer format, so each element will be parsed individually, falling back to `dateutil`. To ensure parsing is consistent and as-expected, please specify a format.
[2026-04-22T20:39:25.349+0000] {logging_mixin.py:151} WARNING - /opt/python-etl/pipelines/structured_pipeline.py:211 UserWarning: Could not infer format, so each element will be parsed individually, falling back to `dateutil`. To ensure parsing is consistent and as-expected, please specify a format.
[2026-04-22T20:39:25.353+0000] {logging_mixin.py:151} WARNING - /opt/python-etl/pipelines/structured_pipeline.py:211 UserWarning: Could not infer format, so each element will be parsed individually, falling back to `dateutil`. To ensure parsing is consistent and as-expected, please specify a format.
[2026-04-22T20:39:25.355+0000] {logging_mixin.py:151} WARNING - /opt/python-etl/pipelines/structured_pipeline.py:211 UserWarning: Could not infer format, so each element will be parsed individually, falling back to `dateutil`. To ensure parsing is consistent and as-expected, please specify a format.
[2026-04-22T20:39:25.378+0000] {docx_pipeline.py:295} INFO - [docx] Created table: data_newsampleehehe_table_2
[2026-04-22T20:39:25.391+0000] {docx_pipeline.py:307} INFO - [docx] Loaded 6 rows into 'data_newsampleehehe_table_2'
[2026-04-22T20:39:25.410+0000] {docx_pipeline.py:481} INFO - [docx] Processed table 2/2: 6 rows × 5 cols
[2026-04-22T20:39:25.483+0000] {docx_pipeline.py:520} INFO - [docx] Marked raw entry as processed: raw/newsampleehehe.docx
[2026-04-22T20:39:25.487+0000] {docx_pipeline.py:532} INFO - [docx] Created processed catalog entry: processed/newsampleehehe.docx
[2026-04-22T20:39:25.491+0000] {docx_pipeline.py:544} INFO - [docx] Removed old catalog entry: raw/newsampleehehe.docx
[2026-04-22T20:39:25.491+0000] {docx_pipeline.py:552} INFO - [docx] ✅ Completed raw/newsampleehehe.docx | tables=2 | total_rows=11 | text_chars=2293
[2026-04-22T20:39:25.491+0000] {etl_manager.py:287} INFO - ETL completed: raw/newsampleehehe.docx
[2026-04-22T20:39:25.493+0000] {logging_mixin.py:151} INFO - [DISPATCHER] Archiving raw/newsampleehehe.docx -> raw-data/2026-04-22/newsampleehehe.docx
[2026-04-22T20:39:25.839+0000] {logging_mixin.py:151} INFO - [DISPATCHER] catalog_upsert failed for raw-data/2026-04-22/newsampleehehe.docx: column "content_hash" of relation "minio_data_catalog" does not exist
LINE 4:                  row_count, text_extracted, content_hash, up...
                                                    ^
[2026-04-22T20:39:25.846+0000] {logging_mixin.py:151} INFO - [DISPATCHER] Catalog updated for archive: raw-data/2026-04-22/newsampleehehe.docx
[2026-04-22T20:39:25.878+0000] {logging_mixin.py:151} INFO - [DISPATCHER] Completed & removed landing copy: raw/newsampleehehe.docx
[2026-04-22T20:39:25.878+0000] {logging_mixin.py:151} INFO - [DISPATCHER] Found file: raw/picjpg.jpg
[2026-04-22T20:39:26.411+0000] {image_pipeline.py:298} INFO - [image] Processing raw/picjpg.jpg
[2026-04-22T20:39:26.614+0000] {image_pipeline.py:319} INFO - [image] 1014x715 | format=JPEG | mode=RGB
[2026-04-22T20:39:26.616+0000] {image_pipeline.py:327} INFO - [image] Running Moondream2 VLM...
