[2025-12-30T06:16:53.147+0000] {taskinstance.py:1157} INFO - Dependencies all met for dep_context=non-requeueable deps ti=<TaskInstance: distillationDAG.scan_minio_and_dispatch scheduled__2025-12-30T06:15:57.322070+00:00 [queued]>
[2025-12-30T06:16:53.155+0000] {taskinstance.py:1157} INFO - Dependencies all met for dep_context=requeueable deps ti=<TaskInstance: distillationDAG.scan_minio_and_dispatch scheduled__2025-12-30T06:15:57.322070+00:00 [queued]>
[2025-12-30T06:16:53.155+0000] {taskinstance.py:1359} INFO - Starting attempt 1 of 4
[2025-12-30T06:16:53.166+0000] {taskinstance.py:1380} INFO - Executing <Task(PythonOperator): scan_minio_and_dispatch> on 2025-12-30 06:15:57.322070+00:00
[2025-12-30T06:16:53.174+0000] {standard_task_runner.py:57} INFO - Started process 1982 to run task
[2025-12-30T06:16:53.177+0000] {standard_task_runner.py:84} INFO - Running: ['***', 'tasks', 'run', 'distillationDAG', 'scan_minio_and_dispatch', 'scheduled__2025-12-30T06:15:57.322070+00:00', '--job-id', '572', '--raw', '--subdir', 'DAGS_FOLDER/dispatcher_pipeline_dag.py', '--cfg-path', '/tmp/tmpvzwgazrf']
[2025-12-30T06:16:53.181+0000] {standard_task_runner.py:85} INFO - Job 572: Subtask scan_minio_and_dispatch
[2025-12-30T06:16:53.203+0000] {logging_mixin.py:151} WARNING - /home/***/.local/lib/python3.11/site-packages/***/settings.py:195 DeprecationWarning: The sql_alchemy_conn option in [core] has been moved to the sql_alchemy_conn option in [database] - the old setting has been used, but please update your config.
[2025-12-30T06:16:53.249+0000] {task_command.py:415} INFO - Running <TaskInstance: distillationDAG.scan_minio_and_dispatch scheduled__2025-12-30T06:15:57.322070+00:00 [running]> on host 0f5f90d48f3d
[2025-12-30T06:16:53.522+0000] {taskinstance.py:1660} INFO - Exporting env vars: AIRFLOW_CTX_DAG_OWNER='***' AIRFLOW_CTX_DAG_ID='distillationDAG' AIRFLOW_CTX_TASK_ID='scan_minio_and_dispatch' AIRFLOW_CTX_EXECUTION_DATE='2025-12-30T06:15:57.322070+00:00' AIRFLOW_CTX_TRY_NUMBER='1' AIRFLOW_CTX_DAG_RUN_ID='scheduled__2025-12-30T06:15:57.322070+00:00'
[2025-12-30T06:16:53.534+0000] {logging_mixin.py:151} INFO - [DISPATCHER] Found file: raw/0Jl54.png
[2025-12-30T06:16:53.712+0000] {image_pipeline.py:85} INFO - [image] Processing raw/0Jl54.png
[2025-12-30T06:16:53.731+0000] {image_pipeline.py:122} INFO - [image] Image metadata: 700x440, format=PNG
[2025-12-30T06:16:53.732+0000] {image_pipeline.py:128} INFO - [image] Running OCR on raw/0Jl54.png...
[2025-12-30T06:16:54.193+0000] {image_pipeline.py:132} INFO - [image] OCR extracted 113 characters
[2025-12-30T06:16:54.197+0000] {image_pipeline.py:145} INFO - [image] OCR text uploaded to processed/unstructured/text-extracted/0Jl54.txt
[2025-12-30T06:16:54.203+0000] {image_pipeline.py:173} INFO - [image] Saved metadata to unstructured_images for raw/0Jl54.png
[2025-12-30T06:16:54.205+0000] {image_pipeline.py:187} INFO - [image] ✅ Completed processing raw/0Jl54.png | size=700x440 | format=PNG | ocr_chars=113
[2025-12-30T06:16:54.205+0000] {etl_manager.py:295} INFO - Processing complete for: raw/0Jl54.png
[2025-12-30T06:16:54.206+0000] {logging_mixin.py:151} INFO - [DISPATCHER] Archiving raw/0Jl54.png -> raw-data/2025-12-30/0Jl54.png
[2025-12-30T06:16:54.217+0000] {logging_mixin.py:151} INFO - [DISPATCHER] Completed & removed landing copy: raw/0Jl54.png
[2025-12-30T06:16:54.217+0000] {logging_mixin.py:151} INFO - [DISPATCHER] Found file: raw/TMP_RichTextLineIndent.png
[2025-12-30T06:16:54.225+0000] {image_pipeline.py:85} INFO - [image] Processing raw/TMP_RichTextLineIndent.png
[2025-12-30T06:16:54.230+0000] {image_pipeline.py:122} INFO - [image] Image metadata: 850x380, format=PNG
[2025-12-30T06:16:54.230+0000] {image_pipeline.py:128} INFO - [image] Running OCR on raw/TMP_RichTextLineIndent.png...
[2025-12-30T06:16:54.456+0000] {image_pipeline.py:132} INFO - [image] OCR extracted 89 characters
[2025-12-30T06:16:54.460+0000] {image_pipeline.py:145} INFO - [image] OCR text uploaded to processed/unstructured/text-extracted/TMP_RichTextLineIndent.txt
[2025-12-30T06:16:54.462+0000] {image_pipeline.py:173} INFO - [image] Saved metadata to unstructured_images for raw/TMP_RichTextLineIndent.png
[2025-12-30T06:16:54.463+0000] {image_pipeline.py:187} INFO - [image] ✅ Completed processing raw/TMP_RichTextLineIndent.png | size=850x380 | format=PNG | ocr_chars=89
[2025-12-30T06:16:54.464+0000] {etl_manager.py:295} INFO - Processing complete for: raw/TMP_RichTextLineIndent.png
[2025-12-30T06:16:54.464+0000] {logging_mixin.py:151} INFO - [DISPATCHER] Archiving raw/TMP_RichTextLineIndent.png -> raw-data/2025-12-30/TMP_RichTextLineIndent.png
[2025-12-30T06:16:54.471+0000] {logging_mixin.py:151} INFO - [DISPATCHER] Completed & removed landing copy: raw/TMP_RichTextLineIndent.png
[2025-12-30T06:16:54.471+0000] {logging_mixin.py:151} INFO - [DISPATCHER] Found file: raw/TestWordDoc.doc
[2025-12-30T06:16:54.479+0000] {docx_pipeline.py:285} INFO - [docx] Processing raw/TestWordDoc.doc
[2025-12-30T06:16:54.483+0000] {docx_pipeline.py:337} WARNING - [docx] .doc format is not fully supported by python-docx. Text/tables will not be extracted; only catalog entry is updated. Consider converting to .docx format for full processing.
[2025-12-30T06:16:54.484+0000] {docx_pipeline.py:370} WARNING - [docx] No text extracted from raw/TestWordDoc.doc
[2025-12-30T06:16:54.485+0000] {docx_pipeline.py:413} INFO - [docx] Updated catalog for raw/TestWordDoc.doc
[2025-12-30T06:16:54.485+0000] {docx_pipeline.py:418} INFO - [docx] ✅ Completed processing raw/TestWordDoc.doc | tables=0 | total_rows=0 | text_chars=0
[2025-12-30T06:16:54.485+0000] {etl_manager.py:295} INFO - Processing complete for: raw/TestWordDoc.doc
[2025-12-30T06:16:54.485+0000] {logging_mixin.py:151} INFO - [DISPATCHER] Archiving raw/TestWordDoc.doc -> raw-data/2025-12-30/TestWordDoc.doc
[2025-12-30T06:16:54.492+0000] {logging_mixin.py:151} INFO - [DISPATCHER] Completed & removed landing copy: raw/TestWordDoc.doc
[2025-12-30T06:16:54.492+0000] {logging_mixin.py:151} INFO - [DISPATCHER] Found file: raw/employees_100KB_min.json
[2025-12-30T06:16:54.500+0000] {structured_pipeline.py:155} INFO - [structured] Processing raw/employees_100KB_min.json
[2025-12-30T06:16:54.504+0000] {structured_pipeline.py:162} INFO - [structured] Downloaded 102744 bytes
[2025-12-30T06:16:54.507+0000] {structured_pipeline.py:19} INFO - Detected encoding: ascii (confidence: 1.00)
[2025-12-30T06:16:54.508+0000] {structured_pipeline.py:173} INFO - [structured] Attempting to decode with ascii
[2025-12-30T06:16:54.510+0000] {structured_pipeline.py:38} INFO - Sniffer detected delimiter: ','
[2025-12-30T06:16:54.510+0000] {structured_pipeline.py:211} INFO - [structured] Read attempt 1
[2025-12-30T06:16:54.514+0000] {structured_pipeline.py:218} WARNING - [structured] Attempt 1 failed: No columns to parse from file
[2025-12-30T06:16:54.514+0000] {structured_pipeline.py:211} INFO - [structured] Read attempt 2
[2025-12-30T06:16:54.515+0000] {structured_pipeline.py:218} WARNING - [structured] Attempt 2 failed: No columns to parse from file
[2025-12-30T06:16:54.515+0000] {structured_pipeline.py:211} INFO - [structured] Read attempt 3
[2025-12-30T06:16:54.515+0000] {structured_pipeline.py:218} WARNING - [structured] Attempt 3 failed: read_csv() got an unexpected keyword argument 'error_bad_lines'
[2025-12-30T06:16:54.515+0000] {structured_pipeline.py:328} ERROR - [structured] ❌ Error processing raw/employees_100KB_min.json: Failed to read CSV with all attempted methods. Last error: read_csv() got an unexpected keyword argument 'error_bad_lines'
Traceback (most recent call last):
  File "/opt/python-etl/pipelines/structured_pipeline.py", line 232, in process_minio_object
    raise ValueError(f"Failed to read CSV with all attempted methods. Last error: {last_error}")
ValueError: Failed to read CSV with all attempted methods. Last error: read_csv() got an unexpected keyword argument 'error_bad_lines'
[2025-12-30T06:16:54.516+0000] {taskinstance.py:1935} ERROR - Task failed with exception
Traceback (most recent call last):
  File "/home/airflow/.local/lib/python3.11/site-packages/airflow/operators/python.py", line 192, in execute
    return_value = self.execute_callable()
                   ^^^^^^^^^^^^^^^^^^^^^^^
  File "/home/airflow/.local/lib/python3.11/site-packages/airflow/operators/python.py", line 209, in execute_callable
    return self.python_callable(*self.op_args, **self.op_kwargs)
           ^^^^^^^^^^^^^^^^^^^^^^^^^^^^^^^^^^^^^^^^^^^^^^^^^^^^^
  File "/opt/airflow/dags/dispatcher_pipeline_dag.py", line 56, in scan_and_dispatch
    run_pipeline_for_object(object_name)
  File "/opt/python-etl/etl_manager.py", line 272, in run_pipeline_for_object
    structured_pipeline.process_minio_object(
  File "/opt/python-etl/pipelines/structured_pipeline.py", line 232, in process_minio_object
    raise ValueError(f"Failed to read CSV with all attempted methods. Last error: {last_error}")
ValueError: Failed to read CSV with all attempted methods. Last error: read_csv() got an unexpected keyword argument 'error_bad_lines'
[2025-12-30T06:16:54.529+0000] {taskinstance.py:1398} INFO - Marking task as UP_FOR_RETRY. dag_id=distillationDAG, task_id=scan_minio_and_dispatch, execution_date=20251230T061557, start_date=20251230T061653, end_date=20251230T061654
[2025-12-30T06:16:54.540+0000] {standard_task_runner.py:104} ERROR - Failed to execute job 572 for task scan_minio_and_dispatch (Failed to read CSV with all attempted methods. Last error: read_csv() got an unexpected keyword argument 'error_bad_lines'; 1982)
[2025-12-30T06:16:54.557+0000] {local_task_job_runner.py:228} INFO - Task exited with return code 1
[2025-12-30T06:16:54.580+0000] {taskinstance.py:2776} INFO - 0 downstream tasks scheduled from follow-on schedule check
