[2026-03-05T00:45:07.616+0000] {taskinstance.py:1157} INFO - Dependencies all met for dep_context=non-requeueable deps ti=<TaskInstance: embedding_sync_dag.process_queue scheduled__2026-03-05T00:40:00+00:00 [queued]>
[2026-03-05T00:45:07.640+0000] {taskinstance.py:1157} INFO - Dependencies all met for dep_context=requeueable deps ti=<TaskInstance: embedding_sync_dag.process_queue scheduled__2026-03-05T00:40:00+00:00 [queued]>
[2026-03-05T00:45:07.640+0000] {taskinstance.py:1359} INFO - Starting attempt 1 of 3
[2026-03-05T00:45:07.672+0000] {taskinstance.py:1380} INFO - Executing <Task(PythonOperator): process_queue> on 2026-03-05 00:40:00+00:00
[2026-03-05T00:45:07.686+0000] {standard_task_runner.py:57} INFO - Started process 2519 to run task
[2026-03-05T00:45:07.696+0000] {standard_task_runner.py:84} INFO - Running: ['***', 'tasks', 'run', 'embedding_sync_dag', 'process_queue', 'scheduled__2026-03-05T00:40:00+00:00', '--job-id', '2142', '--raw', '--subdir', 'DAGS_FOLDER/embedding_sync_dag.py', '--cfg-path', '/tmp/tmp80z_muuw']
[2026-03-05T00:45:07.705+0000] {standard_task_runner.py:85} INFO - Job 2142: Subtask process_queue
[2026-03-05T00:45:07.885+0000] {task_command.py:415} INFO - Running <TaskInstance: embedding_sync_dag.process_queue scheduled__2026-03-05T00:40:00+00:00 [running]> on host f8e2a5ccc16e
[2026-03-05T00:45:08.170+0000] {taskinstance.py:1660} INFO - Exporting env vars: AIRFLOW_CTX_DAG_OWNER='lakehouse' AIRFLOW_CTX_DAG_ID='embedding_sync_dag' AIRFLOW_CTX_TASK_ID='process_queue' AIRFLOW_CTX_EXECUTION_DATE='2026-03-05T00:40:00+00:00' AIRFLOW_CTX_TRY_NUMBER='1' AIRFLOW_CTX_DAG_RUN_ID='scheduled__2026-03-05T00:40:00+00:00'
[2026-03-05T13:25:24.614+0000] {embedding_pipeline.py:39} INFO - [embed] Loading all-MiniLM-L6-v2 (first use)...
[2026-03-05T13:25:24.617+0000] {SentenceTransformer.py:219} INFO - Use pytorch device_name: cpu
[2026-03-05T13:25:24.617+0000] {SentenceTransformer.py:227} INFO - Load pretrained SentenceTransformer: all-MiniLM-L6-v2
[2026-03-05T13:25:25.252+0000] {logging_mixin.py:151} WARNING - 'EOF occurred in violation of protocol (_ssl.c:1006)' thrown while requesting HEAD https://huggingface.co/sentence-transformers/all-MiniLM-L6-v2/resolve/main/adapter_config.json
[2026-03-05T13:25:25.252+0000] {_http.py:432} WARNING - 'EOF occurred in violation of protocol (_ssl.c:1006)' thrown while requesting HEAD https://huggingface.co/sentence-transformers/all-MiniLM-L6-v2/resolve/main/adapter_config.json
[2026-03-05T13:25:25.253+0000] {logging_mixin.py:151} WARNING - Retrying in 1s [Retry 1/5].
[2026-03-05T13:25:25.253+0000] {_http.py:445} WARNING - Retrying in 1s [Retry 1/5].
[2026-03-05T13:25:26.255+0000] {embedding_pipeline.py:50} ERROR - [embed] Failed to load model: Cannot send a request, as the client has been closed.
[2026-03-05T13:25:26.256+0000] {taskinstance.py:1935} ERROR - Task failed with exception
Traceback (most recent call last):
  File "/home/airflow/.local/lib/python3.11/site-packages/airflow/operators/python.py", line 192, in execute
    return_value = self.execute_callable()
                   ^^^^^^^^^^^^^^^^^^^^^^^
  File "/home/airflow/.local/lib/python3.11/site-packages/airflow/operators/python.py", line 209, in execute_callable
    return self.python_callable(*self.op_args, **self.op_kwargs)
           ^^^^^^^^^^^^^^^^^^^^^^^^^^^^^^^^^^^^^^^^^^^^^^^^^^^^^
  File "/opt/airflow/dags/embedding_sync_dag.py", line 70, in _process_queue
    result = process_embedding_queue(
             ^^^^^^^^^^^^^^^^^^^^^^^^
  File "/opt/python-etl/pipelines/embedding_pipeline.py", line 153, in process_embedding_queue
    raise RuntimeError(
RuntimeError: Embedding model not available. Install sentence-transformers and restart.
[2026-03-05T13:25:26.296+0000] {taskinstance.py:1398} INFO - Marking task as UP_FOR_RETRY. dag_id=embedding_sync_dag, task_id=process_queue, execution_date=20260305T004000, start_date=20260305T004507, end_date=20260305T132526
[2026-03-05T13:25:26.326+0000] {standard_task_runner.py:104} ERROR - Failed to execute job 2142 for task process_queue (Embedding model not available. Install sentence-transformers and restart.; 2519)
[2026-03-05T13:25:26.540+0000] {local_task_job_runner.py:228} INFO - Task exited with return code 1
[2026-03-05T13:25:26.611+0000] {taskinstance.py:2776} INFO - 0 downstream tasks scheduled from follow-on schedule check
