[2026-03-19T23:34:40.381+0000] {taskinstance.py:1157} INFO - Dependencies all met for dep_context=non-requeueable deps ti=<TaskInstance: embedding_sync_dag.cleanup_embeddings scheduled__2026-03-19T23:25:00+00:00 [queued]>
[2026-03-19T23:34:40.403+0000] {taskinstance.py:1157} INFO - Dependencies all met for dep_context=requeueable deps ti=<TaskInstance: embedding_sync_dag.cleanup_embeddings scheduled__2026-03-19T23:25:00+00:00 [queued]>
[2026-03-19T23:34:40.404+0000] {taskinstance.py:1359} INFO - Starting attempt 1 of 3
[2026-03-19T23:34:40.434+0000] {taskinstance.py:1380} INFO - Executing <Task(PythonOperator): cleanup_embeddings> on 2026-03-19 23:25:00+00:00
[2026-03-19T23:34:40.450+0000] {standard_task_runner.py:57} INFO - Started process 2295 to run task
[2026-03-19T23:34:40.460+0000] {standard_task_runner.py:84} INFO - Running: ['***', 'tasks', 'run', 'embedding_sync_dag', 'cleanup_embeddings', 'scheduled__2026-03-19T23:25:00+00:00', '--job-id', '2404', '--raw', '--subdir', 'DAGS_FOLDER/embedding_sync_dag.py', '--cfg-path', '/tmp/tmps89arq3q']
[2026-03-19T23:34:40.470+0000] {standard_task_runner.py:85} INFO - Job 2404: Subtask cleanup_embeddings
[2026-03-19T23:34:40.694+0000] {task_command.py:415} INFO - Running <TaskInstance: embedding_sync_dag.cleanup_embeddings scheduled__2026-03-19T23:25:00+00:00 [running]> on host 76de17b6f6da
[2026-03-19T23:34:41.044+0000] {taskinstance.py:1660} INFO - Exporting env vars: AIRFLOW_CTX_DAG_OWNER='lakehouse' AIRFLOW_CTX_DAG_ID='embedding_sync_dag' AIRFLOW_CTX_TASK_ID='cleanup_embeddings' AIRFLOW_CTX_EXECUTION_DATE='2026-03-19T23:25:00+00:00' AIRFLOW_CTX_TRY_NUMBER='1' AIRFLOW_CTX_DAG_RUN_ID='scheduled__2026-03-19T23:25:00+00:00'
[2026-03-19T23:34:43.358+0000] {embedding_pipeline.py:213} WARNING - [cleanup] Found 51 orphaned table(s) in row_embeddings: ['data_2025_review_thoughtworks_employee_privacy_notice_page15_ta', 'data_2025_review_thoughtworks_employee_privacy_notice_page16_ta', 'data_2025_review_thoughtworks_employee_privacy_notice_page17_ta', 'data_2025_review_thoughtworks_employee_privacy_notice_page18_ta', 'data_2025_review_thoughtworks_employee_privacy_notice_page19_ta', 'data_2025_review_thoughtworks_employee_privacy_notice_page20_ta', 'data_2025_review_thoughtworks_employee_privacy_notice_page21_ta', 'data_2025_review_thoughtworks_employee_privacy_notice_page22_ta', 'data_2025_review_thoughtworks_employee_privacy_notice_page23_ta', 'data_2025_review_thoughtworks_employee_privacy_notice_page24_ta', 'data_2025_review_thoughtworks_employee_privacy_notice_page25_ta', 'data_2025_review_thoughtworks_employee_privacy_notice_page26_ta', 'data_2025_review_thoughtworks_employee_privacy_notice_page27_ta', 'data_2025_review_thoughtworks_employee_privacy_notice_page28_ta', 'data_2025_review_thoughtworks_employee_privacy_notice_page29_ta', 'data_2025_review_thoughtworks_employee_privacy_notice_page30_ta', 'data_2025_review_thoughtworks_employee_privacy_notice_page31_ta', 'data_2025_review_thoughtworks_employee_privacy_notice_page32_ta', 'data_2025_review_thoughtworks_employee_privacy_notice_page33_ta', 'data_2025_review_thoughtworks_employee_privacy_notice_page34_ta', 'data_2025_review_thoughtworks_employee_privacy_notice_page35_ta', 'data_2025_review_thoughtworks_employee_privacy_notice_page36_ta', 'data_2025_review_thoughtworks_employee_privacy_notice_page37_ta', 'data_sample_tables_page10_table1', 'data_sample_tables_page10_table2', 'data_sample_tables_page11_table1', 'data_sample_tables_page1_table1', 'data_sample_tables_page1_table2', 'data_sample_tables_page1_table3', 'data_sample_tables_page2_table1', 'data_sample_tables_page2_table2', 'data_sample_tables_page2_table3', 'data_sample_tables_page3_table1', 'data_sample_tables_page3_table2', 'data_sample_tables_page3_table3', 'data_sample_tables_page4_table1', 'data_sample_tables_page4_table2', 'data_sample_tables_page5_table1', 'data_sample_tables_page5_table2', 'data_sample_tables_page5_table3', 'data_sample_tables_page5_table4', 'data_sample_tables_page6_table1', 'data_sample_tables_page6_table2', 'data_sample_tables_page6_table3', 'data_sample_tables_page7_table1', 'data_sample_tables_page8_table1', 'data_sample_tables_page8_table2', 'data_sample_tables_page8_table3', 'data_sample_tables_page9_table1', 'data_sample_tables_page9_table2', 'data_sample_tables_page9_table3']
[2026-03-19T23:34:43.364+0000] {embedding_pipeline.py:229} INFO - [cleanup] Removed 20 orphaned embeddings for dropped table: data_2025_review_thoughtworks_employee_privacy_notice_page15_ta
[2026-03-19T23:34:43.367+0000] {embedding_pipeline.py:238} INFO - [cleanup] Cleared pending queue entries for: data_2025_review_thoughtworks_employee_privacy_notice_page15_ta
[2026-03-19T23:34:43.369+0000] {embedding_pipeline.py:229} INFO - [cleanup] Removed 29 orphaned embeddings for dropped table: data_2025_review_thoughtworks_employee_privacy_notice_page16_ta
[2026-03-19T23:34:43.370+0000] {embedding_pipeline.py:238} INFO - [cleanup] Cleared pending queue entries for: data_2025_review_thoughtworks_employee_privacy_notice_page16_ta
[2026-03-19T23:34:43.372+0000] {embedding_pipeline.py:229} INFO - [cleanup] Removed 30 orphaned embeddings for dropped table: data_2025_review_thoughtworks_employee_privacy_notice_page17_ta
[2026-03-19T23:34:43.373+0000] {embedding_pipeline.py:238} INFO - [cleanup] Cleared pending queue entries for: data_2025_review_thoughtworks_employee_privacy_notice_page17_ta
[2026-03-19T23:34:43.375+0000] {embedding_pipeline.py:229} INFO - [cleanup] Removed 31 orphaned embeddings for dropped table: data_2025_review_thoughtworks_employee_privacy_notice_page18_ta
[2026-03-19T23:34:43.376+0000] {embedding_pipeline.py:238} INFO - [cleanup] Cleared pending queue entries for: data_2025_review_thoughtworks_employee_privacy_notice_page18_ta
[2026-03-19T23:34:43.378+0000] {embedding_pipeline.py:229} INFO - [cleanup] Removed 27 orphaned embeddings for dropped table: data_2025_review_thoughtworks_employee_privacy_notice_page19_ta
[2026-03-19T23:34:43.379+0000] {embedding_pipeline.py:238} INFO - [cleanup] Cleared pending queue entries for: data_2025_review_thoughtworks_employee_privacy_notice_page19_ta
[2026-03-19T23:34:43.381+0000] {embedding_pipeline.py:229} INFO - [cleanup] Removed 30 orphaned embeddings for dropped table: data_2025_review_thoughtworks_employee_privacy_notice_page20_ta
[2026-03-19T23:34:43.382+0000] {embedding_pipeline.py:238} INFO - [cleanup] Cleared pending queue entries for: data_2025_review_thoughtworks_employee_privacy_notice_page20_ta
[2026-03-19T23:34:43.383+0000] {embedding_pipeline.py:229} INFO - [cleanup] Removed 26 orphaned embeddings for dropped table: data_2025_review_thoughtworks_employee_privacy_notice_page21_ta
[2026-03-19T23:34:43.385+0000] {embedding_pipeline.py:238} INFO - [cleanup] Cleared pending queue entries for: data_2025_review_thoughtworks_employee_privacy_notice_page21_ta
[2026-03-19T23:34:43.387+0000] {embedding_pipeline.py:229} INFO - [cleanup] Removed 34 orphaned embeddings for dropped table: data_2025_review_thoughtworks_employee_privacy_notice_page22_ta
[2026-03-19T23:34:43.388+0000] {embedding_pipeline.py:238} INFO - [cleanup] Cleared pending queue entries for: data_2025_review_thoughtworks_employee_privacy_notice_page22_ta
[2026-03-19T23:34:43.390+0000] {embedding_pipeline.py:229} INFO - [cleanup] Removed 11 orphaned embeddings for dropped table: data_2025_review_thoughtworks_employee_privacy_notice_page23_ta
[2026-03-19T23:34:43.391+0000] {embedding_pipeline.py:238} INFO - [cleanup] Cleared pending queue entries for: data_2025_review_thoughtworks_employee_privacy_notice_page23_ta
[2026-03-19T23:34:43.393+0000] {embedding_pipeline.py:229} INFO - [cleanup] Removed 30 orphaned embeddings for dropped table: data_2025_review_thoughtworks_employee_privacy_notice_page24_ta
[2026-03-19T23:34:43.394+0000] {embedding_pipeline.py:238} INFO - [cleanup] Cleared pending queue entries for: data_2025_review_thoughtworks_employee_privacy_notice_page24_ta
[2026-03-19T23:34:43.395+0000] {embedding_pipeline.py:229} INFO - [cleanup] Removed 22 orphaned embeddings for dropped table: data_2025_review_thoughtworks_employee_privacy_notice_page25_ta
[2026-03-19T23:34:43.396+0000] {embedding_pipeline.py:238} INFO - [cleanup] Cleared pending queue entries for: data_2025_review_thoughtworks_employee_privacy_notice_page25_ta
[2026-03-19T23:34:43.398+0000] {embedding_pipeline.py:229} INFO - [cleanup] Removed 23 orphaned embeddings for dropped table: data_2025_review_thoughtworks_employee_privacy_notice_page26_ta
[2026-03-19T23:34:43.399+0000] {embedding_pipeline.py:238} INFO - [cleanup] Cleared pending queue entries for: data_2025_review_thoughtworks_employee_privacy_notice_page26_ta
[2026-03-19T23:34:43.400+0000] {embedding_pipeline.py:229} INFO - [cleanup] Removed 10 orphaned embeddings for dropped table: data_2025_review_thoughtworks_employee_privacy_notice_page27_ta
[2026-03-19T23:34:43.402+0000] {embedding_pipeline.py:238} INFO - [cleanup] Cleared pending queue entries for: data_2025_review_thoughtworks_employee_privacy_notice_page27_ta
[2026-03-19T23:34:43.403+0000] {embedding_pipeline.py:229} INFO - [cleanup] Removed 31 orphaned embeddings for dropped table: data_2025_review_thoughtworks_employee_privacy_notice_page28_ta
[2026-03-19T23:34:43.404+0000] {embedding_pipeline.py:238} INFO - [cleanup] Cleared pending queue entries for: data_2025_review_thoughtworks_employee_privacy_notice_page28_ta
[2026-03-19T23:34:43.407+0000] {embedding_pipeline.py:229} INFO - [cleanup] Removed 29 orphaned embeddings for dropped table: data_2025_review_thoughtworks_employee_privacy_notice_page29_ta
[2026-03-19T23:34:43.408+0000] {embedding_pipeline.py:238} INFO - [cleanup] Cleared pending queue entries for: data_2025_review_thoughtworks_employee_privacy_notice_page29_ta
[2026-03-19T23:34:43.410+0000] {embedding_pipeline.py:229} INFO - [cleanup] Removed 28 orphaned embeddings for dropped table: data_2025_review_thoughtworks_employee_privacy_notice_page30_ta
[2026-03-19T23:34:43.412+0000] {embedding_pipeline.py:238} INFO - [cleanup] Cleared pending queue entries for: data_2025_review_thoughtworks_employee_privacy_notice_page30_ta
[2026-03-19T23:34:43.414+0000] {embedding_pipeline.py:229} INFO - [cleanup] Removed 22 orphaned embeddings for dropped table: data_2025_review_thoughtworks_employee_privacy_notice_page31_ta
[2026-03-19T23:34:43.415+0000] {embedding_pipeline.py:238} INFO - [cleanup] Cleared pending queue entries for: data_2025_review_thoughtworks_employee_privacy_notice_page31_ta
[2026-03-19T23:34:43.416+0000] {embedding_pipeline.py:229} INFO - [cleanup] Removed 16 orphaned embeddings for dropped table: data_2025_review_thoughtworks_employee_privacy_notice_page32_ta
[2026-03-19T23:34:43.417+0000] {embedding_pipeline.py:238} INFO - [cleanup] Cleared pending queue entries for: data_2025_review_thoughtworks_employee_privacy_notice_page32_ta
[2026-03-19T23:34:43.418+0000] {embedding_pipeline.py:229} INFO - [cleanup] Removed 1 orphaned embeddings for dropped table: data_2025_review_thoughtworks_employee_privacy_notice_page33_ta
[2026-03-19T23:34:43.419+0000] {embedding_pipeline.py:238} INFO - [cleanup] Cleared pending queue entries for: data_2025_review_thoughtworks_employee_privacy_notice_page33_ta
[2026-03-19T23:34:43.420+0000] {embedding_pipeline.py:229} INFO - [cleanup] Removed 4 orphaned embeddings for dropped table: data_2025_review_thoughtworks_employee_privacy_notice_page34_ta
[2026-03-19T23:34:43.421+0000] {embedding_pipeline.py:238} INFO - [cleanup] Cleared pending queue entries for: data_2025_review_thoughtworks_employee_privacy_notice_page34_ta
[2026-03-19T23:34:43.422+0000] {embedding_pipeline.py:229} INFO - [cleanup] Removed 5 orphaned embeddings for dropped table: data_2025_review_thoughtworks_employee_privacy_notice_page35_ta
[2026-03-19T23:34:43.423+0000] {embedding_pipeline.py:238} INFO - [cleanup] Cleared pending queue entries for: data_2025_review_thoughtworks_employee_privacy_notice_page35_ta
[2026-03-19T23:34:43.425+0000] {embedding_pipeline.py:229} INFO - [cleanup] Removed 5 orphaned embeddings for dropped table: data_2025_review_thoughtworks_employee_privacy_notice_page36_ta
[2026-03-19T23:34:43.426+0000] {embedding_pipeline.py:238} INFO - [cleanup] Cleared pending queue entries for: data_2025_review_thoughtworks_employee_privacy_notice_page36_ta
[2026-03-19T23:34:43.427+0000] {embedding_pipeline.py:229} INFO - [cleanup] Removed 5 orphaned embeddings for dropped table: data_2025_review_thoughtworks_employee_privacy_notice_page37_ta
[2026-03-19T23:34:43.428+0000] {embedding_pipeline.py:238} INFO - [cleanup] Cleared pending queue entries for: data_2025_review_thoughtworks_employee_privacy_notice_page37_ta
[2026-03-19T23:34:43.431+0000] {embedding_pipeline.py:229} INFO - [cleanup] Removed 3 orphaned embeddings for dropped table: data_sample_tables_page10_table1
[2026-03-19T23:34:43.432+0000] {embedding_pipeline.py:238} INFO - [cleanup] Cleared pending queue entries for: data_sample_tables_page10_table1
[2026-03-19T23:34:43.433+0000] {embedding_pipeline.py:229} INFO - [cleanup] Removed 12 orphaned embeddings for dropped table: data_sample_tables_page10_table2
[2026-03-19T23:34:43.434+0000] {embedding_pipeline.py:238} INFO - [cleanup] Cleared pending queue entries for: data_sample_tables_page10_table2
[2026-03-19T23:34:43.435+0000] {embedding_pipeline.py:229} INFO - [cleanup] Removed 12 orphaned embeddings for dropped table: data_sample_tables_page11_table1
[2026-03-19T23:34:43.437+0000] {embedding_pipeline.py:238} INFO - [cleanup] Cleared pending queue entries for: data_sample_tables_page11_table1
[2026-03-19T23:34:43.438+0000] {embedding_pipeline.py:229} INFO - [cleanup] Removed 2 orphaned embeddings for dropped table: data_sample_tables_page1_table1
[2026-03-19T23:34:43.439+0000] {embedding_pipeline.py:238} INFO - [cleanup] Cleared pending queue entries for: data_sample_tables_page1_table1
[2026-03-19T23:34:43.440+0000] {embedding_pipeline.py:229} INFO - [cleanup] Removed 7 orphaned embeddings for dropped table: data_sample_tables_page1_table2
[2026-03-19T23:34:43.442+0000] {embedding_pipeline.py:238} INFO - [cleanup] Cleared pending queue entries for: data_sample_tables_page1_table2
[2026-03-19T23:34:43.443+0000] {embedding_pipeline.py:229} INFO - [cleanup] Removed 5 orphaned embeddings for dropped table: data_sample_tables_page1_table3
[2026-03-19T23:34:43.444+0000] {embedding_pipeline.py:238} INFO - [cleanup] Cleared pending queue entries for: data_sample_tables_page1_table3
[2026-03-19T23:34:43.446+0000] {embedding_pipeline.py:229} INFO - [cleanup] Removed 6 orphaned embeddings for dropped table: data_sample_tables_page2_table1
[2026-03-19T23:34:43.447+0000] {embedding_pipeline.py:238} INFO - [cleanup] Cleared pending queue entries for: data_sample_tables_page2_table1
[2026-03-19T23:34:43.448+0000] {embedding_pipeline.py:229} INFO - [cleanup] Removed 8 orphaned embeddings for dropped table: data_sample_tables_page2_table2
[2026-03-19T23:34:43.452+0000] {embedding_pipeline.py:238} INFO - [cleanup] Cleared pending queue entries for: data_sample_tables_page2_table2
[2026-03-19T23:34:43.453+0000] {embedding_pipeline.py:229} INFO - [cleanup] Removed 8 orphaned embeddings for dropped table: data_sample_tables_page2_table3
[2026-03-19T23:34:43.455+0000] {embedding_pipeline.py:238} INFO - [cleanup] Cleared pending queue entries for: data_sample_tables_page2_table3
[2026-03-19T23:34:43.456+0000] {embedding_pipeline.py:229} INFO - [cleanup] Removed 3 orphaned embeddings for dropped table: data_sample_tables_page3_table1
[2026-03-19T23:34:43.457+0000] {embedding_pipeline.py:238} INFO - [cleanup] Cleared pending queue entries for: data_sample_tables_page3_table1
[2026-03-19T23:34:43.458+0000] {embedding_pipeline.py:229} INFO - [cleanup] Removed 3 orphaned embeddings for dropped table: data_sample_tables_page3_table2
[2026-03-19T23:34:43.459+0000] {embedding_pipeline.py:238} INFO - [cleanup] Cleared pending queue entries for: data_sample_tables_page3_table2
[2026-03-19T23:34:43.460+0000] {embedding_pipeline.py:229} INFO - [cleanup] Removed 3 orphaned embeddings for dropped table: data_sample_tables_page3_table3
[2026-03-19T23:34:43.461+0000] {embedding_pipeline.py:238} INFO - [cleanup] Cleared pending queue entries for: data_sample_tables_page3_table3
[2026-03-19T23:34:43.462+0000] {embedding_pipeline.py:229} INFO - [cleanup] Removed 13 orphaned embeddings for dropped table: data_sample_tables_page4_table1
[2026-03-19T23:34:43.466+0000] {embedding_pipeline.py:238} INFO - [cleanup] Cleared pending queue entries for: data_sample_tables_page4_table1
[2026-03-19T23:34:43.468+0000] {embedding_pipeline.py:229} INFO - [cleanup] Removed 11 orphaned embeddings for dropped table: data_sample_tables_page4_table2
[2026-03-19T23:34:43.470+0000] {embedding_pipeline.py:238} INFO - [cleanup] Cleared pending queue entries for: data_sample_tables_page4_table2
[2026-03-19T23:34:43.472+0000] {embedding_pipeline.py:229} INFO - [cleanup] Removed 4 orphaned embeddings for dropped table: data_sample_tables_page5_table1
[2026-03-19T23:34:43.473+0000] {embedding_pipeline.py:238} INFO - [cleanup] Cleared pending queue entries for: data_sample_tables_page5_table1
[2026-03-19T23:34:43.474+0000] {embedding_pipeline.py:229} INFO - [cleanup] Removed 3 orphaned embeddings for dropped table: data_sample_tables_page5_table2
[2026-03-19T23:34:43.475+0000] {embedding_pipeline.py:238} INFO - [cleanup] Cleared pending queue entries for: data_sample_tables_page5_table2
[2026-03-19T23:34:43.477+0000] {embedding_pipeline.py:229} INFO - [cleanup] Removed 3 orphaned embeddings for dropped table: data_sample_tables_page5_table3
[2026-03-19T23:34:43.478+0000] {embedding_pipeline.py:238} INFO - [cleanup] Cleared pending queue entries for: data_sample_tables_page5_table3
[2026-03-19T23:34:43.479+0000] {embedding_pipeline.py:229} INFO - [cleanup] Removed 6 orphaned embeddings for dropped table: data_sample_tables_page5_table4
[2026-03-19T23:34:43.480+0000] {embedding_pipeline.py:238} INFO - [cleanup] Cleared pending queue entries for: data_sample_tables_page5_table4
[2026-03-19T23:34:43.481+0000] {embedding_pipeline.py:229} INFO - [cleanup] Removed 6 orphaned embeddings for dropped table: data_sample_tables_page6_table1
[2026-03-19T23:34:43.482+0000] {embedding_pipeline.py:238} INFO - [cleanup] Cleared pending queue entries for: data_sample_tables_page6_table1
[2026-03-19T23:34:43.483+0000] {embedding_pipeline.py:229} INFO - [cleanup] Removed 10 orphaned embeddings for dropped table: data_sample_tables_page6_table2
[2026-03-19T23:34:43.485+0000] {embedding_pipeline.py:238} INFO - [cleanup] Cleared pending queue entries for: data_sample_tables_page6_table2
[2026-03-19T23:34:43.486+0000] {embedding_pipeline.py:229} INFO - [cleanup] Removed 10 orphaned embeddings for dropped table: data_sample_tables_page6_table3
[2026-03-19T23:34:43.488+0000] {embedding_pipeline.py:238} INFO - [cleanup] Cleared pending queue entries for: data_sample_tables_page6_table3
[2026-03-19T23:34:43.489+0000] {embedding_pipeline.py:229} INFO - [cleanup] Removed 5 orphaned embeddings for dropped table: data_sample_tables_page7_table1
[2026-03-19T23:34:43.490+0000] {embedding_pipeline.py:238} INFO - [cleanup] Cleared pending queue entries for: data_sample_tables_page7_table1
[2026-03-19T23:34:43.491+0000] {embedding_pipeline.py:229} INFO - [cleanup] Removed 7 orphaned embeddings for dropped table: data_sample_tables_page8_table1
[2026-03-19T23:34:43.492+0000] {embedding_pipeline.py:238} INFO - [cleanup] Cleared pending queue entries for: data_sample_tables_page8_table1
[2026-03-19T23:34:43.495+0000] {embedding_pipeline.py:229} INFO - [cleanup] Removed 7 orphaned embeddings for dropped table: data_sample_tables_page8_table2
[2026-03-19T23:34:43.496+0000] {embedding_pipeline.py:238} INFO - [cleanup] Cleared pending queue entries for: data_sample_tables_page8_table2
[2026-03-19T23:34:43.498+0000] {embedding_pipeline.py:229} INFO - [cleanup] Removed 3 orphaned embeddings for dropped table: data_sample_tables_page8_table3
[2026-03-19T23:34:43.499+0000] {embedding_pipeline.py:238} INFO - [cleanup] Cleared pending queue entries for: data_sample_tables_page8_table3
[2026-03-19T23:34:43.500+0000] {embedding_pipeline.py:229} INFO - [cleanup] Removed 12 orphaned embeddings for dropped table: data_sample_tables_page9_table1
[2026-03-19T23:34:43.501+0000] {embedding_pipeline.py:238} INFO - [cleanup] Cleared pending queue entries for: data_sample_tables_page9_table1
[2026-03-19T23:34:43.502+0000] {embedding_pipeline.py:229} INFO - [cleanup] Removed 4 orphaned embeddings for dropped table: data_sample_tables_page9_table2
[2026-03-19T23:34:43.503+0000] {embedding_pipeline.py:238} INFO - [cleanup] Cleared pending queue entries for: data_sample_tables_page9_table2
[2026-03-19T23:34:43.506+0000] {embedding_pipeline.py:229} INFO - [cleanup] Removed 6 orphaned embeddings for dropped table: data_sample_tables_page9_table3
[2026-03-19T23:34:43.507+0000] {embedding_pipeline.py:238} INFO - [cleanup] Cleared pending queue entries for: data_sample_tables_page9_table3
[2026-03-19T23:34:43.510+0000] {embedding_pipeline.py:241} INFO - [cleanup] Orphan cleanup done — 51 table(s), 651 embeddings removed.
[2026-03-19T23:34:43.938+0000] {embedding_pipeline.py:356} INFO - [cleanup] Truncate/bulk-delete check done — checked 55 tables, removed 0 stale embeddings.
[2026-03-19T23:34:43.994+0000] {python.py:194} INFO - Done. Returned value was: {'orphaned_tables': ['data_2025_review_thoughtworks_employee_privacy_notice_page15_ta', 'data_2025_review_thoughtworks_employee_privacy_notice_page16_ta', 'data_2025_review_thoughtworks_employee_privacy_notice_page17_ta', 'data_2025_review_thoughtworks_employee_privacy_notice_page18_ta', 'data_2025_review_thoughtworks_employee_privacy_notice_page19_ta', 'data_2025_review_thoughtworks_employee_privacy_notice_page20_ta', 'data_2025_review_thoughtworks_employee_privacy_notice_page21_ta', 'data_2025_review_thoughtworks_employee_privacy_notice_page22_ta', 'data_2025_review_thoughtworks_employee_privacy_notice_page23_ta', 'data_2025_review_thoughtworks_employee_privacy_notice_page24_ta', 'data_2025_review_thoughtworks_employee_privacy_notice_page25_ta', 'data_2025_review_thoughtworks_employee_privacy_notice_page26_ta', 'data_2025_review_thoughtworks_employee_privacy_notice_page27_ta', 'data_2025_review_thoughtworks_employee_privacy_notice_page28_ta', 'data_2025_review_thoughtworks_employee_privacy_notice_page29_ta', 'data_2025_review_thoughtworks_employee_privacy_notice_page30_ta', 'data_2025_review_thoughtworks_employee_privacy_notice_page31_ta', 'data_2025_review_thoughtworks_employee_privacy_notice_page32_ta', 'data_2025_review_thoughtworks_employee_privacy_notice_page33_ta', 'data_2025_review_thoughtworks_employee_privacy_notice_page34_ta', 'data_2025_review_thoughtworks_employee_privacy_notice_page35_ta', 'data_2025_review_thoughtworks_employee_privacy_notice_page36_ta', 'data_2025_review_thoughtworks_employee_privacy_notice_page37_ta', 'data_sample_tables_page10_table1', 'data_sample_tables_page10_table2', 'data_sample_tables_page11_table1', 'data_sample_tables_page1_table1', 'data_sample_tables_page1_table2', 'data_sample_tables_page1_table3', 'data_sample_tables_page2_table1', 'data_sample_tables_page2_table2', 'data_sample_tables_page2_table3', 'data_sample_tables_page3_table1', 'data_sample_tables_page3_table2', 'data_sample_tables_page3_table3', 'data_sample_tables_page4_table1', 'data_sample_tables_page4_table2', 'data_sample_tables_page5_table1', 'data_sample_tables_page5_table2', 'data_sample_tables_page5_table3', 'data_sample_tables_page5_table4', 'data_sample_tables_page6_table1', 'data_sample_tables_page6_table2', 'data_sample_tables_page6_table3', 'data_sample_tables_page7_table1', 'data_sample_tables_page8_table1', 'data_sample_tables_page8_table2', 'data_sample_tables_page8_table3', 'data_sample_tables_page9_table1', 'data_sample_tables_page9_table2', 'data_sample_tables_page9_table3'], 'orphan_embeddings_removed': 651, 'truncate_embeddings_removed': 0, 'truncate_tables_checked': 55, 'total_removed': 651}
[2026-03-19T23:34:44.080+0000] {taskinstance.py:1398} INFO - Marking task as SUCCESS. dag_id=embedding_sync_dag, task_id=cleanup_embeddings, execution_date=20260319T232500, start_date=20260319T233440, end_date=20260319T233444
[2026-03-19T23:34:44.147+0000] {local_task_job_runner.py:228} INFO - Task exited with return code 0
[2026-03-19T23:34:44.231+0000] {taskinstance.py:2776} INFO - 0 downstream tasks scheduled from follow-on schedule check
