[2026-02-27T05:03:23.350+0000] {taskinstance.py:1157} INFO - Dependencies all met for dep_context=non-requeueable deps ti=<TaskInstance: distillationDAG.scan_minio_and_dispatch scheduled__2026-02-27T05:02:34.612140+00:00 [queued]>
[2026-02-27T05:03:23.371+0000] {taskinstance.py:1157} INFO - Dependencies all met for dep_context=requeueable deps ti=<TaskInstance: distillationDAG.scan_minio_and_dispatch scheduled__2026-02-27T05:02:34.612140+00:00 [queued]>
[2026-02-27T05:03:23.372+0000] {taskinstance.py:1359} INFO - Starting attempt 1 of 4
[2026-02-27T05:03:23.405+0000] {taskinstance.py:1380} INFO - Executing <Task(PythonOperator): scan_minio_and_dispatch> on 2026-02-27 05:02:34.612140+00:00
[2026-02-27T05:03:23.421+0000] {standard_task_runner.py:57} INFO - Started process 1980 to run task
[2026-02-27T05:03:23.431+0000] {standard_task_runner.py:84} INFO - Running: ['***', 'tasks', 'run', 'distillationDAG', 'scan_minio_and_dispatch', 'scheduled__2026-02-27T05:02:34.612140+00:00', '--job-id', '1766', '--raw', '--subdir', 'DAGS_FOLDER/dispatcher_pipeline_dag.py', '--cfg-path', '/tmp/tmpy54hrb6n']
[2026-02-27T05:03:23.440+0000] {standard_task_runner.py:85} INFO - Job 1766: Subtask scan_minio_and_dispatch
[2026-02-27T05:03:23.611+0000] {task_command.py:415} INFO - Running <TaskInstance: distillationDAG.scan_minio_and_dispatch scheduled__2026-02-27T05:02:34.612140+00:00 [running]> on host 9dc8d7c4ba28
[2026-02-27T05:03:24.364+0000] {taskinstance.py:1660} INFO - Exporting env vars: AIRFLOW_CTX_DAG_OWNER='***' AIRFLOW_CTX_DAG_ID='distillationDAG' AIRFLOW_CTX_TASK_ID='scan_minio_and_dispatch' AIRFLOW_CTX_EXECUTION_DATE='2026-02-27T05:02:34.612140+00:00' AIRFLOW_CTX_TRY_NUMBER='1' AIRFLOW_CTX_DAG_RUN_ID='scheduled__2026-02-27T05:02:34.612140+00:00'
[2026-02-27T05:03:24.399+0000] {logging_mixin.py:151} INFO - [DISPATCHER] Found file: raw/doc5_project_status.pdf
[2026-02-27T05:03:25.595+0000] {pdf_pipeline.py:354} INFO - [pdf] Processing raw/doc5_project_status.pdf
[2026-02-27T05:03:25.615+0000] {pdf_pipeline.py:408} INFO - [pdf] Extracting text from PDF...
[2026-02-27T05:03:25.635+0000] {pdf_pipeline.py:441} ERROR - [pdf] Text extraction failed for raw/doc5_project_status.pdf: cannot access local variable 'table_count' where it is not associated with a value
Traceback (most recent call last):
  File "/opt/python-etl/pipelines/pdf_pipeline.py", line 425, in process_minio_object
    'table_count': table_count,
                   ^^^^^^^^^^^
UnboundLocalError: cannot access local variable 'table_count' where it is not associated with a value
[2026-02-27T05:03:25.638+0000] {pdf_pipeline.py:477} WARNING - [pdf] No text extracted from raw/doc5_project_status.pdf
[2026-02-27T05:03:25.639+0000] {pdf_pipeline.py:480} INFO - [pdf] Extracting tables from PDF...
[2026-02-27T05:03:26.355+0000] {pdf_pipeline.py:550} INFO - [pdf] Extracted 0 tables with 0 total rows
[2026-02-27T05:03:26.356+0000] {pdf_pipeline.py:566} ERROR - [pdf] Failed catalog update for raw/doc5_project_status.pdf: cannot access local variable 'pdf_metadata' where it is not associated with a value
Traceback (most recent call last):
  File "/opt/python-etl/pipelines/pdf_pipeline.py", line 561, in process_minio_object
    metadata=pdf_metadata,
             ^^^^^^^^^^^^
UnboundLocalError: cannot access local variable 'pdf_metadata' where it is not associated with a value
[2026-02-27T05:03:26.357+0000] {pdf_pipeline.py:569} INFO - [pdf] ✅ Completed processing: raw/doc5_project_status.pdf | pages=3 | tables=0 | rows=0 | text_chars=0
[2026-02-27T05:03:26.358+0000] {etl_manager.py:306} INFO - ETL completed: raw/doc5_project_status.pdf
[2026-02-27T05:03:26.359+0000] {logging_mixin.py:151} INFO - [DISPATCHER] Archiving raw/doc5_project_status.pdf -> raw-data/2026-02-27/doc5_project_status.pdf
[2026-02-27T05:03:26.384+0000] {logging_mixin.py:151} INFO - [DISPATCHER] Completed & removed landing copy: raw/doc5_project_status.pdf
[2026-02-27T05:03:26.385+0000] {python.py:194} INFO - Done. Returned value was: None
[2026-02-27T05:03:26.431+0000] {taskinstance.py:1398} INFO - Marking task as SUCCESS. dag_id=distillationDAG, task_id=scan_minio_and_dispatch, execution_date=20260227T050234, start_date=20260227T050323, end_date=20260227T050326
[2026-02-27T05:03:26.536+0000] {local_task_job_runner.py:228} INFO - Task exited with return code 0
[2026-02-27T05:03:26.615+0000] {taskinstance.py:2776} INFO - 0 downstream tasks scheduled from follow-on schedule check
