[2026-03-08T07:10:06.366+0000] {taskinstance.py:1157} INFO - Dependencies all met for dep_context=non-requeueable deps ti=<TaskInstance: embedding_sync_dag.log_stats scheduled__2026-03-08T06:05:00+00:00 [queued]>
[2026-03-08T07:10:06.394+0000] {taskinstance.py:1157} INFO - Dependencies all met for dep_context=requeueable deps ti=<TaskInstance: embedding_sync_dag.log_stats scheduled__2026-03-08T06:05:00+00:00 [queued]>
[2026-03-08T07:10:06.395+0000] {taskinstance.py:1359} INFO - Starting attempt 1 of 3
[2026-03-08T07:10:06.435+0000] {taskinstance.py:1380} INFO - Executing <Task(PythonOperator): log_stats> on 2026-03-08 06:05:00+00:00
[2026-03-08T07:10:06.456+0000] {standard_task_runner.py:57} INFO - Started process 10538 to run task
[2026-03-08T07:10:06.466+0000] {standard_task_runner.py:84} INFO - Running: ['***', 'tasks', 'run', 'embedding_sync_dag', 'log_stats', 'scheduled__2026-03-08T06:05:00+00:00', '--job-id', '2167', '--raw', '--subdir', 'DAGS_FOLDER/embedding_sync_dag.py', '--cfg-path', '/tmp/tmpuo4w6ywq']
[2026-03-08T07:10:06.476+0000] {standard_task_runner.py:85} INFO - Job 2167: Subtask log_stats
[2026-03-08T07:10:06.683+0000] {task_command.py:415} INFO - Running <TaskInstance: embedding_sync_dag.log_stats scheduled__2026-03-08T06:05:00+00:00 [running]> on host 98946f05c164
[2026-03-08T07:10:07.031+0000] {taskinstance.py:1660} INFO - Exporting env vars: AIRFLOW_CTX_DAG_OWNER='lakehouse' AIRFLOW_CTX_DAG_ID='embedding_sync_dag' AIRFLOW_CTX_TASK_ID='log_stats' AIRFLOW_CTX_EXECUTION_DATE='2026-03-08T06:05:00+00:00' AIRFLOW_CTX_TRY_NUMBER='1' AIRFLOW_CTX_DAG_RUN_ID='scheduled__2026-03-08T06:05:00+00:00'
[2026-03-08T07:10:07.173+0000] {embedding_sync_dag.py:115} INFO - =======================================================
[2026-03-08T07:10:07.174+0000] {embedding_sync_dag.py:116} INFO -   Embedding Sync Summary
[2026-03-08T07:10:07.174+0000] {embedding_sync_dag.py:117} INFO -   Rows backfill-queued : 4122
[2026-03-08T07:10:07.175+0000] {embedding_sync_dag.py:118} INFO -   New tables watched   : 0
[2026-03-08T07:10:07.175+0000] {embedding_sync_dag.py:119} INFO -   Rows embedded        : 4122
[2026-03-08T07:10:07.175+0000] {embedding_sync_dag.py:120} INFO -   Errors               : 0
[2026-03-08T07:10:07.176+0000] {embedding_sync_dag.py:121} INFO - =======================================================
[2026-03-08T07:10:07.176+0000] {python.py:194} INFO - Done. Returned value was: None
[2026-03-08T07:10:07.222+0000] {taskinstance.py:1398} INFO - Marking task as SUCCESS. dag_id=embedding_sync_dag, task_id=log_stats, execution_date=20260308T060500, start_date=20260308T071006, end_date=20260308T071007
[2026-03-08T07:10:07.280+0000] {local_task_job_runner.py:228} INFO - Task exited with return code 0
[2026-03-08T07:10:07.394+0000] {taskinstance.py:2776} INFO - 0 downstream tasks scheduled from follow-on schedule check
