[2026-03-20T02:17:02.108+0000] {taskinstance.py:1157} INFO - Dependencies all met for dep_context=non-requeueable deps ti=<TaskInstance: embedding_sync_dag.log_stats scheduled__2026-03-20T02:00:00+00:00 [queued]>
[2026-03-20T02:17:02.117+0000] {taskinstance.py:1157} INFO - Dependencies all met for dep_context=requeueable deps ti=<TaskInstance: embedding_sync_dag.log_stats scheduled__2026-03-20T02:00:00+00:00 [queued]>
[2026-03-20T02:17:02.117+0000] {taskinstance.py:1359} INFO - Starting attempt 1 of 3
[2026-03-20T02:17:02.129+0000] {taskinstance.py:1380} INFO - Executing <Task(PythonOperator): log_stats> on 2026-03-20 02:00:00+00:00
[2026-03-20T02:17:02.135+0000] {standard_task_runner.py:57} INFO - Started process 6836 to run task
[2026-03-20T02:17:02.139+0000] {standard_task_runner.py:84} INFO - Running: ['***', 'tasks', 'run', 'embedding_sync_dag', 'log_stats', 'scheduled__2026-03-20T02:00:00+00:00', '--job-id', '2444', '--raw', '--subdir', 'DAGS_FOLDER/embedding_sync_dag.py', '--cfg-path', '/tmp/tmpzeq1vgu0']
[2026-03-20T02:17:02.142+0000] {standard_task_runner.py:85} INFO - Job 2444: Subtask log_stats
[2026-03-20T02:17:02.206+0000] {task_command.py:415} INFO - Running <TaskInstance: embedding_sync_dag.log_stats scheduled__2026-03-20T02:00:00+00:00 [running]> on host 76de17b6f6da
[2026-03-20T02:17:02.311+0000] {taskinstance.py:1660} INFO - Exporting env vars: AIRFLOW_CTX_DAG_OWNER='lakehouse' AIRFLOW_CTX_DAG_ID='embedding_sync_dag' AIRFLOW_CTX_TASK_ID='log_stats' AIRFLOW_CTX_EXECUTION_DATE='2026-03-20T02:00:00+00:00' AIRFLOW_CTX_TRY_NUMBER='1' AIRFLOW_CTX_DAG_RUN_ID='scheduled__2026-03-20T02:00:00+00:00'
[2026-03-20T02:17:02.371+0000] {embedding_sync_dag.py:159} INFO - =======================================================
[2026-03-20T02:17:02.371+0000] {embedding_sync_dag.py:160} INFO -   Embedding Sync Summary
[2026-03-20T02:17:02.371+0000] {embedding_sync_dag.py:161} INFO -   Rows backfill-queued    : 3469
[2026-03-20T02:17:02.371+0000] {embedding_sync_dag.py:162} INFO -   New tables watched      : 0
[2026-03-20T02:17:02.371+0000] {embedding_sync_dag.py:163} INFO -   Rows embedded           : 3469
[2026-03-20T02:17:02.371+0000] {embedding_sync_dag.py:164} INFO -   Embed errors            : 0
[2026-03-20T02:17:02.371+0000] {embedding_sync_dag.py:165} INFO -   Orphaned tables removed : 0
[2026-03-20T02:17:02.371+0000] {embedding_sync_dag.py:166} INFO -   Stale embeddings purged : 0
[2026-03-20T02:17:02.371+0000] {embedding_sync_dag.py:169} INFO - =======================================================
[2026-03-20T02:17:02.372+0000] {python.py:194} INFO - Done. Returned value was: None
[2026-03-20T02:17:02.386+0000] {taskinstance.py:1398} INFO - Marking task as SUCCESS. dag_id=embedding_sync_dag, task_id=log_stats, execution_date=20260320T020000, start_date=20260320T021702, end_date=20260320T021702
[2026-03-20T02:17:02.431+0000] {local_task_job_runner.py:228} INFO - Task exited with return code 0
[2026-03-20T02:17:02.455+0000] {taskinstance.py:2776} INFO - 0 downstream tasks scheduled from follow-on schedule check
