[2026-01-07T12:47:16.558+0000] {taskinstance.py:1157} INFO - Dependencies all met for dep_context=non-requeueable deps ti=<TaskInstance: distillationDAG.scan_minio_and_dispatch scheduled__2026-01-07T12:46:20.330361+00:00 [queued]>
[2026-01-07T12:47:16.580+0000] {taskinstance.py:1157} INFO - Dependencies all met for dep_context=requeueable deps ti=<TaskInstance: distillationDAG.scan_minio_and_dispatch scheduled__2026-01-07T12:46:20.330361+00:00 [queued]>
[2026-01-07T12:47:16.580+0000] {taskinstance.py:1359} INFO - Starting attempt 1 of 4
[2026-01-07T12:47:16.609+0000] {taskinstance.py:1380} INFO - Executing <Task(PythonOperator): scan_minio_and_dispatch> on 2026-01-07 12:46:20.330361+00:00
[2026-01-07T12:47:16.626+0000] {standard_task_runner.py:57} INFO - Started process 274 to run task
[2026-01-07T12:47:16.635+0000] {standard_task_runner.py:84} INFO - Running: ['***', 'tasks', 'run', 'distillationDAG', 'scan_minio_and_dispatch', 'scheduled__2026-01-07T12:46:20.330361+00:00', '--job-id', '614', '--raw', '--subdir', 'DAGS_FOLDER/dispatcher_pipeline_dag.py', '--cfg-path', '/tmp/tmp0eayf5z5']
[2026-01-07T12:47:16.644+0000] {standard_task_runner.py:85} INFO - Job 614: Subtask scan_minio_and_dispatch
[2026-01-07T12:47:16.702+0000] {logging_mixin.py:151} WARNING - /home/***/.local/lib/python3.11/site-packages/***/settings.py:195 DeprecationWarning: The sql_alchemy_conn option in [core] has been moved to the sql_alchemy_conn option in [database] - the old setting has been used, but please update your config.
[2026-01-07T12:47:16.821+0000] {task_command.py:415} INFO - Running <TaskInstance: distillationDAG.scan_minio_and_dispatch scheduled__2026-01-07T12:46:20.330361+00:00 [running]> on host 566595df5d5e
[2026-01-07T12:47:17.563+0000] {taskinstance.py:1660} INFO - Exporting env vars: AIRFLOW_CTX_DAG_OWNER='***' AIRFLOW_CTX_DAG_ID='distillationDAG' AIRFLOW_CTX_TASK_ID='scan_minio_and_dispatch' AIRFLOW_CTX_EXECUTION_DATE='2026-01-07T12:46:20.330361+00:00' AIRFLOW_CTX_TRY_NUMBER='1' AIRFLOW_CTX_DAG_RUN_ID='scheduled__2026-01-07T12:46:20.330361+00:00'
[2026-01-07T12:47:17.592+0000] {logging_mixin.py:151} INFO - [DISPATCHER] Found file: raw/CCPRAC01.docx
[2026-01-07T12:47:18.678+0000] {docx_pipeline.py:285} INFO - [docx] Processing raw/CCPRAC01.docx
[2026-01-07T12:47:18.696+0000] {docx_pipeline.py:325} INFO - [docx] Extracting text from DOCX...
[2026-01-07T12:47:18.887+0000] {docx_pipeline.py:327} INFO - [docx] Extracted 4925 characters of text
[2026-01-07T12:47:18.887+0000] {docx_pipeline.py:329} INFO - [docx] Extracting tables from DOCX...
[2026-01-07T12:47:18.954+0000] {docx_pipeline.py:331} INFO - [docx] Found 0 tables
[2026-01-07T12:47:18.964+0000] {docx_pipeline.py:360} INFO - [docx] Uploaded extracted text -> processed/unstructured/text-extracted/CCPRAC01.txt
[2026-01-07T12:47:18.968+0000] {docx_pipeline.py:168} ERROR - [docx] Failed inserting into unstructured_documents
Traceback (most recent call last):
  File "/opt/python-etl/pipelines/docx_pipeline.py", line 153, in _save_unstructured_doc
    cursor.execute(
psycopg2.errors.InvalidColumnReference: there is no unique or exclusion constraint matching the ON CONFLICT specification

[2026-01-07T12:47:18.970+0000] {docx_pipeline.py:415} ERROR - [docx] Failed catalog update for original document: syntax error at or near "#"
LINE 13:                     uploaded_by INTEGER,  # Added
                                                   ^
Traceback (most recent call last):
  File "/opt/python-etl/pipelines/docx_pipeline.py", line 405, in process_minio_object
    catalog_updater(
  File "/opt/python-etl/etl_manager.py", line 49, in update_catalog
    cursor.execute(
psycopg2.errors.SyntaxError: syntax error at or near "#"
LINE 13:                     uploaded_by INTEGER,  # Added
                                                   ^

[2026-01-07T12:47:18.972+0000] {docx_pipeline.py:418} INFO - [docx] ✅ Completed processing raw/CCPRAC01.docx | tables=0 | total_rows=0 | text_chars=4925
[2026-01-07T12:47:18.973+0000] {etl_manager.py:283} INFO - Processing complete for: raw/CCPRAC01.docx
[2026-01-07T12:47:18.974+0000] {logging_mixin.py:151} INFO - [DISPATCHER] Archiving raw/CCPRAC01.docx -> raw-data/2026-01-07/CCPRAC01.docx
[2026-01-07T12:47:18.996+0000] {logging_mixin.py:151} INFO - [DISPATCHER] Completed & removed landing copy: raw/CCPRAC01.docx
[2026-01-07T12:47:18.997+0000] {logging_mixin.py:151} INFO - [DISPATCHER] Found file: raw/docx/omAssignment.docx
[2026-01-07T12:47:19.022+0000] {docx_pipeline.py:285} INFO - [docx] Processing raw/docx/omAssignment.docx
[2026-01-07T12:47:19.035+0000] {docx_pipeline.py:325} INFO - [docx] Extracting text from DOCX...
[2026-01-07T12:47:19.051+0000] {docx_pipeline.py:327} INFO - [docx] Extracted 594 characters of text
[2026-01-07T12:47:19.051+0000] {docx_pipeline.py:329} INFO - [docx] Extracting tables from DOCX...
[2026-01-07T12:47:19.057+0000] {docx_pipeline.py:331} INFO - [docx] Found 0 tables
[2026-01-07T12:47:19.066+0000] {docx_pipeline.py:360} INFO - [docx] Uploaded extracted text -> processed/unstructured/text-extracted/omAssignment.txt
[2026-01-07T12:47:19.074+0000] {docx_pipeline.py:168} ERROR - [docx] Failed inserting into unstructured_documents
Traceback (most recent call last):
  File "/opt/python-etl/pipelines/docx_pipeline.py", line 153, in _save_unstructured_doc
    cursor.execute(
psycopg2.errors.InvalidColumnReference: there is no unique or exclusion constraint matching the ON CONFLICT specification

[2026-01-07T12:47:19.077+0000] {docx_pipeline.py:415} ERROR - [docx] Failed catalog update for original document: syntax error at or near "#"
LINE 13:                     uploaded_by INTEGER,  # Added
                                                   ^
Traceback (most recent call last):
  File "/opt/python-etl/pipelines/docx_pipeline.py", line 405, in process_minio_object
    catalog_updater(
  File "/opt/python-etl/etl_manager.py", line 49, in update_catalog
    cursor.execute(
psycopg2.errors.SyntaxError: syntax error at or near "#"
LINE 13:                     uploaded_by INTEGER,  # Added
                                                   ^

[2026-01-07T12:47:19.078+0000] {docx_pipeline.py:418} INFO - [docx] ✅ Completed processing raw/docx/omAssignment.docx | tables=0 | total_rows=0 | text_chars=594
[2026-01-07T12:47:19.079+0000] {etl_manager.py:283} INFO - Processing complete for: raw/docx/omAssignment.docx
[2026-01-07T12:47:19.080+0000] {logging_mixin.py:151} INFO - [DISPATCHER] Archiving raw/docx/omAssignment.docx -> raw-data/2026-01-07/omAssignment.docx
[2026-01-07T12:47:19.102+0000] {logging_mixin.py:151} INFO - [DISPATCHER] Completed & removed landing copy: raw/docx/omAssignment.docx
[2026-01-07T12:47:19.103+0000] {logging_mixin.py:151} INFO - [DISPATCHER] Found file: raw/pdf/OM_Prac.pdf
[2026-01-07T12:47:19.129+0000] {pdf_pipeline.py:344} INFO - [pdf] Processing raw/pdf/OM_Prac.pdf
[2026-01-07T12:47:19.141+0000] {pdf_pipeline.py:391} INFO - [pdf] Extracting text from PDF...
[2026-01-07T12:47:19.197+0000] {pdf_pipeline.py:408} INFO - [pdf] Extracted 456 characters of text from 1 pages
[2026-01-07T12:47:19.205+0000] {pdf_pipeline.py:427} INFO - [pdf] Uploaded extracted text -> processed/unstructured/text-extracted/OM_Prac.txt
[2026-01-07T12:47:19.224+0000] {pdf_pipeline.py:87} WARNING - [pdf] Could not add UNIQUE constraint: could not create unique index "unstructured_documents_content_hash_key"
DETAIL:  Key (content_hash)=(a95d20adcf0b6ad918e0139c6c2e7fe32b571130949496df092301cfbc685f2e) is duplicated.

[2026-01-07T12:47:19.229+0000] {pdf_pipeline.py:153} INFO - [pdf] Inserted new record into unstructured_documents for raw/pdf/OM_Prac.pdf
[2026-01-07T12:47:19.231+0000] {pdf_pipeline.py:449} INFO - [pdf] Extracting tables from PDF...
[2026-01-07T12:47:19.297+0000] {pdf_pipeline.py:517} INFO - [pdf] Extracted 0 tables with 0 total rows
[2026-01-07T12:47:19.299+0000] {pdf_pipeline.py:531} ERROR - [pdf] Failed catalog update for raw/pdf/OM_Prac.pdf: syntax error at or near "#"
LINE 13:                     uploaded_by INTEGER,  # Added
                                                   ^
Traceback (most recent call last):
  File "/opt/python-etl/pipelines/pdf_pipeline.py", line 521, in process_minio_object
    catalog_updater(
  File "/opt/python-etl/etl_manager.py", line 49, in update_catalog
    cursor.execute(
psycopg2.errors.SyntaxError: syntax error at or near "#"
LINE 13:                     uploaded_by INTEGER,  # Added
                                                   ^

[2026-01-07T12:47:19.301+0000] {pdf_pipeline.py:534} INFO - [pdf] ✅ Completed processing: raw/pdf/OM_Prac.pdf | pages=1 | tables=0 | rows=0 | text_chars=456
[2026-01-07T12:47:19.301+0000] {etl_manager.py:283} INFO - Processing complete for: raw/pdf/OM_Prac.pdf
[2026-01-07T12:47:19.303+0000] {logging_mixin.py:151} INFO - [DISPATCHER] Archiving raw/pdf/OM_Prac.pdf -> raw-data/2026-01-07/OM_Prac.pdf
[2026-01-07T12:47:19.324+0000] {logging_mixin.py:151} INFO - [DISPATCHER] Completed & removed landing copy: raw/pdf/OM_Prac.pdf
[2026-01-07T12:47:19.325+0000] {logging_mixin.py:151} INFO - [DISPATCHER] Found file: raw/pdf/unit_6_farooq.pdf
[2026-01-07T12:47:19.350+0000] {pdf_pipeline.py:344} INFO - [pdf] Processing raw/pdf/unit_6_farooq.pdf
[2026-01-07T12:47:19.367+0000] {pdf_pipeline.py:391} INFO - [pdf] Extracting text from PDF...
[2026-01-07T12:47:20.494+0000] {pdf_pipeline.py:408} INFO - [pdf] Extracted 20861 characters of text from 9 pages
[2026-01-07T12:47:20.504+0000] {pdf_pipeline.py:427} INFO - [pdf] Uploaded extracted text -> processed/unstructured/text-extracted/unit_6_farooq.txt
[2026-01-07T12:47:20.513+0000] {pdf_pipeline.py:87} WARNING - [pdf] Could not add UNIQUE constraint: could not create unique index "unstructured_documents_content_hash_key"
DETAIL:  Key (content_hash)=(a95d20adcf0b6ad918e0139c6c2e7fe32b571130949496df092301cfbc685f2e) is duplicated.

[2026-01-07T12:47:20.521+0000] {pdf_pipeline.py:153} INFO - [pdf] Inserted new record into unstructured_documents for raw/pdf/unit_6_farooq.pdf
[2026-01-07T12:47:20.523+0000] {pdf_pipeline.py:449} INFO - [pdf] Extracting tables from PDF...
[2026-01-07T12:47:23.787+0000] {pdf_pipeline.py:517} INFO - [pdf] Extracted 0 tables with 0 total rows
[2026-01-07T12:47:23.788+0000] {pdf_pipeline.py:531} ERROR - [pdf] Failed catalog update for raw/pdf/unit_6_farooq.pdf: syntax error at or near "#"
LINE 13:                     uploaded_by INTEGER,  # Added
                                                   ^
Traceback (most recent call last):
  File "/opt/python-etl/pipelines/pdf_pipeline.py", line 521, in process_minio_object
    catalog_updater(
  File "/opt/python-etl/etl_manager.py", line 49, in update_catalog
    cursor.execute(
psycopg2.errors.SyntaxError: syntax error at or near "#"
LINE 13:                     uploaded_by INTEGER,  # Added
                                                   ^

[2026-01-07T12:47:23.790+0000] {pdf_pipeline.py:534} INFO - [pdf] ✅ Completed processing: raw/pdf/unit_6_farooq.pdf | pages=9 | tables=0 | rows=0 | text_chars=20861
[2026-01-07T12:47:23.790+0000] {etl_manager.py:283} INFO - Processing complete for: raw/pdf/unit_6_farooq.pdf
[2026-01-07T12:47:23.792+0000] {logging_mixin.py:151} INFO - [DISPATCHER] Archiving raw/pdf/unit_6_farooq.pdf -> raw-data/2026-01-07/unit_6_farooq.pdf
[2026-01-07T12:47:23.815+0000] {logging_mixin.py:151} INFO - [DISPATCHER] Completed & removed landing copy: raw/pdf/unit_6_farooq.pdf
[2026-01-07T12:47:23.816+0000] {python.py:194} INFO - Done. Returned value was: None
[2026-01-07T12:47:23.854+0000] {taskinstance.py:1398} INFO - Marking task as SUCCESS. dag_id=distillationDAG, task_id=scan_minio_and_dispatch, execution_date=20260107T124620, start_date=20260107T124716, end_date=20260107T124723
[2026-01-07T12:47:23.956+0000] {local_task_job_runner.py:228} INFO - Task exited with return code 0
[2026-01-07T12:47:24.010+0000] {taskinstance.py:2776} INFO - 0 downstream tasks scheduled from follow-on schedule check
