[2025-11-27T21:07:24.504+0000] {taskinstance.py:1157} INFO - Dependencies all met for dep_context=non-requeueable deps ti=<TaskInstance: distillationDAG.scan_minio_and_dispatch scheduled__2025-11-27T21:06:31.026898+00:00 [queued]>
[2025-11-27T21:07:24.527+0000] {taskinstance.py:1157} INFO - Dependencies all met for dep_context=requeueable deps ti=<TaskInstance: distillationDAG.scan_minio_and_dispatch scheduled__2025-11-27T21:06:31.026898+00:00 [queued]>
[2025-11-27T21:07:24.527+0000] {taskinstance.py:1359} INFO - Starting attempt 1 of 4
[2025-11-27T21:07:24.565+0000] {taskinstance.py:1380} INFO - Executing <Task(PythonOperator): scan_minio_and_dispatch> on 2025-11-27 21:06:31.026898+00:00
[2025-11-27T21:07:24.584+0000] {standard_task_runner.py:57} INFO - Started process 419 to run task
[2025-11-27T21:07:24.594+0000] {standard_task_runner.py:84} INFO - Running: ['***', 'tasks', 'run', 'distillationDAG', 'scan_minio_and_dispatch', 'scheduled__2025-11-27T21:06:31.026898+00:00', '--job-id', '509', '--raw', '--subdir', 'DAGS_FOLDER/dispatcher_pipeline_dag.py', '--cfg-path', '/tmp/tmp9irzhp8e']
[2025-11-27T21:07:24.603+0000] {standard_task_runner.py:85} INFO - Job 509: Subtask scan_minio_and_dispatch
[2025-11-27T21:07:24.663+0000] {logging_mixin.py:151} WARNING - /home/***/.local/lib/python3.11/site-packages/***/settings.py:195 DeprecationWarning: The sql_alchemy_conn option in [core] has been moved to the sql_alchemy_conn option in [database] - the old setting has been used, but please update your config.
[2025-11-27T21:07:24.782+0000] {task_command.py:415} INFO - Running <TaskInstance: distillationDAG.scan_minio_and_dispatch scheduled__2025-11-27T21:06:31.026898+00:00 [running]> on host ca4e2af379ef
[2025-11-27T21:07:25.477+0000] {taskinstance.py:1660} INFO - Exporting env vars: AIRFLOW_CTX_DAG_OWNER='***' AIRFLOW_CTX_DAG_ID='distillationDAG' AIRFLOW_CTX_TASK_ID='scan_minio_and_dispatch' AIRFLOW_CTX_EXECUTION_DATE='2025-11-27T21:06:31.026898+00:00' AIRFLOW_CTX_TRY_NUMBER='1' AIRFLOW_CTX_DAG_RUN_ID='scheduled__2025-11-27T21:06:31.026898+00:00'
[2025-11-27T21:07:25.504+0000] {logging_mixin.py:151} INFO - [DISPATCHER] Found file: raw/earth-with-text.jpg
[2025-11-27T21:07:26.012+0000] {image_pipeline.py:85} INFO - [image] Processing raw/earth-with-text.jpg
[2025-11-27T21:07:26.069+0000] {image_pipeline.py:122} INFO - [image] Image metadata: 640x640, format=JPEG
[2025-11-27T21:07:26.070+0000] {image_pipeline.py:128} INFO - [image] Running OCR on raw/earth-with-text.jpg...
[2025-11-27T21:07:31.640+0000] {image_pipeline.py:132} INFO - [image] OCR extracted 30 characters
[2025-11-27T21:07:31.651+0000] {image_pipeline.py:145} INFO - [image] OCR text uploaded to processed/unstructured/text-extracted/earth-with-text.txt
[2025-11-27T21:07:31.665+0000] {image_pipeline.py:173} INFO - [image] Saved metadata to unstructured_images for raw/earth-with-text.jpg
[2025-11-27T21:07:31.670+0000] {image_pipeline.py:187} INFO - [image] ✅ Completed processing raw/earth-with-text.jpg | size=640x640 | format=JPEG | ocr_chars=30
[2025-11-27T21:07:31.670+0000] {etl_manager.py:291} INFO - Processing complete for: raw/earth-with-text.jpg
[2025-11-27T21:07:31.671+0000] {logging_mixin.py:151} INFO - [DISPATCHER] Archiving raw/earth-with-text.jpg -> raw-data/2025-11-27/earth-with-text.jpg
[2025-11-27T21:07:31.698+0000] {logging_mixin.py:151} INFO - [DISPATCHER] Completed & removed landing copy: raw/earth-with-text.jpg
[2025-11-27T21:07:31.698+0000] {logging_mixin.py:151} INFO - [DISPATCHER] Found file: raw/products.csv
[2025-11-27T21:07:31.725+0000] {structured_pipeline.py:155} INFO - [structured] Processing raw/products.csv
[2025-11-27T21:07:31.737+0000] {structured_pipeline.py:162} INFO - [structured] Downloaded 260 bytes
[2025-11-27T21:07:31.738+0000] {structured_pipeline.py:19} INFO - Detected encoding: ascii (confidence: 1.00)
[2025-11-27T21:07:31.738+0000] {structured_pipeline.py:173} INFO - [structured] Attempting to decode with ascii
[2025-11-27T21:07:31.745+0000] {structured_pipeline.py:38} INFO - Sniffer detected delimiter: ','
[2025-11-27T21:07:31.746+0000] {structured_pipeline.py:211} INFO - [structured] Read attempt 1
[2025-11-27T21:07:31.769+0000] {structured_pipeline.py:215} INFO - [structured] Successfully read 8 rows with 4 columns
[2025-11-27T21:07:31.769+0000] {structured_pipeline.py:235} INFO - [structured] Cleaning dataframe...
[2025-11-27T21:07:31.792+0000] {structured_pipeline.py:257} INFO - [structured] Cleaned dataframe: 8 rows, 4 columns
[2025-11-27T21:07:31.793+0000] {structured_pipeline.py:116} INFO - Table name: data_products
[2025-11-27T21:07:31.813+0000] {logging_mixin.py:151} WARNING - /opt/python-etl/pipelines/structured_pipeline.py:134 UserWarning: Could not infer format, so each element will be parsed individually, falling back to `dateutil`. To ensure parsing is consistent and as-expected, please specify a format.
[2025-11-27T21:07:31.823+0000] {logging_mixin.py:151} WARNING - /opt/python-etl/pipelines/structured_pipeline.py:134 UserWarning: Could not infer format, so each element will be parsed individually, falling back to `dateutil`. To ensure parsing is consistent and as-expected, please specify a format.
[2025-11-27T21:07:31.836+0000] {structured_pipeline.py:281} INFO - [structured] Created table: data_products
[2025-11-27T21:07:31.854+0000] {structured_pipeline.py:294} INFO - [structured] Loaded 8 rows into data_products
[2025-11-27T21:07:31.855+0000] {structured_pipeline.py:298} INFO - [structured] Writing Parquet file...
[2025-11-27T21:07:32.013+0000] {logging_mixin.py:151} WARNING - /home/***/.local/lib/python3.11/site-packages/pyarrow/pandas_compat.py:373 FutureWarning: is_sparse is deprecated and will be removed in a future version. Check `isinstance(dtype, pd.SparseDtype)` instead.
[2025-11-27T21:07:32.053+0000] {structured_pipeline.py:311} INFO - [structured] Parquet saved to: processed/structured/products.parquet
[2025-11-27T21:07:32.057+0000] {structured_pipeline.py:323} INFO - [structured] ✅ Successfully processed raw/products.csv
[2025-11-27T21:07:32.058+0000] {etl_manager.py:291} INFO - Processing complete for: raw/products.csv
[2025-11-27T21:07:32.058+0000] {logging_mixin.py:151} INFO - [DISPATCHER] Archiving raw/products.csv -> raw-data/2025-11-27/products.csv
[2025-11-27T21:07:32.077+0000] {logging_mixin.py:151} INFO - [DISPATCHER] Completed & removed landing copy: raw/products.csv
[2025-11-27T21:07:32.077+0000] {logging_mixin.py:151} INFO - [DISPATCHER] Found file: raw/report_test1.pdf
[2025-11-27T21:07:32.103+0000] {pdf_pipeline.py:216} INFO - [pdf] Processing raw/report_test1.pdf
[2025-11-27T21:07:32.118+0000] {pdf_pipeline.py:230} INFO - [pdf] Duplicate detected via content_hash, skipping heavy processing: raw/report_test1.pdf
[2025-11-27T21:07:32.122+0000] {etl_manager.py:291} INFO - Processing complete for: raw/report_test1.pdf
[2025-11-27T21:07:32.123+0000] {logging_mixin.py:151} INFO - [DISPATCHER] Archiving raw/report_test1.pdf -> raw-data/2025-11-27/report_test1.pdf
[2025-11-27T21:07:32.153+0000] {logging_mixin.py:151} INFO - [DISPATCHER] Completed & removed landing copy: raw/report_test1.pdf
[2025-11-27T21:07:32.154+0000] {logging_mixin.py:151} INFO - [DISPATCHER] Found file: raw/sales.csv
[2025-11-27T21:07:32.184+0000] {structured_pipeline.py:155} INFO - [structured] Processing raw/sales.csv
[2025-11-27T21:07:32.193+0000] {structured_pipeline.py:162} INFO - [structured] Downloaded 292 bytes
[2025-11-27T21:07:32.194+0000] {structured_pipeline.py:19} INFO - Detected encoding: ascii (confidence: 1.00)
[2025-11-27T21:07:32.195+0000] {structured_pipeline.py:173} INFO - [structured] Attempting to decode with ascii
[2025-11-27T21:07:32.198+0000] {structured_pipeline.py:38} INFO - Sniffer detected delimiter: ','
[2025-11-27T21:07:32.199+0000] {structured_pipeline.py:211} INFO - [structured] Read attempt 1
[2025-11-27T21:07:32.205+0000] {structured_pipeline.py:215} INFO - [structured] Successfully read 8 rows with 6 columns
[2025-11-27T21:07:32.206+0000] {structured_pipeline.py:235} INFO - [structured] Cleaning dataframe...
[2025-11-27T21:07:32.213+0000] {structured_pipeline.py:257} INFO - [structured] Cleaned dataframe: 8 rows, 6 columns
[2025-11-27T21:07:32.213+0000] {structured_pipeline.py:116} INFO - Table name: data_sales
[2025-11-27T21:07:32.229+0000] {logging_mixin.py:151} WARNING - /opt/python-etl/pipelines/structured_pipeline.py:134 UserWarning: Could not infer format, so each element will be parsed individually, falling back to `dateutil`. To ensure parsing is consistent and as-expected, please specify a format.
[2025-11-27T21:07:32.240+0000] {structured_pipeline.py:281} INFO - [structured] Created table: data_sales
[2025-11-27T21:07:32.246+0000] {structured_pipeline.py:294} INFO - [structured] Loaded 8 rows into data_sales
[2025-11-27T21:07:32.247+0000] {structured_pipeline.py:298} INFO - [structured] Writing Parquet file...
[2025-11-27T21:07:32.250+0000] {logging_mixin.py:151} WARNING - /home/***/.local/lib/python3.11/site-packages/pyarrow/pandas_compat.py:373 FutureWarning: is_sparse is deprecated and will be removed in a future version. Check `isinstance(dtype, pd.SparseDtype)` instead.
[2025-11-27T21:07:32.262+0000] {structured_pipeline.py:311} INFO - [structured] Parquet saved to: processed/structured/sales.parquet
[2025-11-27T21:07:32.266+0000] {structured_pipeline.py:323} INFO - [structured] ✅ Successfully processed raw/sales.csv
[2025-11-27T21:07:32.267+0000] {etl_manager.py:291} INFO - Processing complete for: raw/sales.csv
[2025-11-27T21:07:32.268+0000] {logging_mixin.py:151} INFO - [DISPATCHER] Archiving raw/sales.csv -> raw-data/2025-11-27/sales.csv
[2025-11-27T21:07:32.287+0000] {logging_mixin.py:151} INFO - [DISPATCHER] Completed & removed landing copy: raw/sales.csv
[2025-11-27T21:07:32.288+0000] {logging_mixin.py:151} INFO - [DISPATCHER] Found file: raw/testdoc_1.docx
[2025-11-27T21:07:32.314+0000] {docx_pipeline.py:285} INFO - [docx] Processing raw/testdoc_1.docx
[2025-11-27T21:07:32.330+0000] {docx_pipeline.py:325} INFO - [docx] Extracting text from DOCX...
[2025-11-27T21:07:32.331+0000] {docx_pipeline.py:346} ERROR - [docx] Error extracting content from raw/testdoc_1.docx: File is not a zip file
Traceback (most recent call last):
  File "/opt/python-etl/pipelines/docx_pipeline.py", line 326, in process_minio_object
    text = _extract_text_from_docx_bytes(data)
           ^^^^^^^^^^^^^^^^^^^^^^^^^^^^^^^^^^^
  File "/opt/python-etl/pipelines/docx_pipeline.py", line 51, in _extract_text_from_docx_bytes
    doc = Document(io.BytesIO(data))
          ^^^^^^^^^^^^^^^^^^^^^^^^^^
  File "/home/airflow/.local/lib/python3.11/site-packages/docx/api.py", line 27, in Document
    document_part = cast("DocumentPart", Package.open(docx).main_document_part)
                                         ^^^^^^^^^^^^^^^^^^
  File "/home/airflow/.local/lib/python3.11/site-packages/docx/opc/package.py", line 126, in open
    pkg_reader = PackageReader.from_file(pkg_file)
                 ^^^^^^^^^^^^^^^^^^^^^^^^^^^^^^^^^
  File "/home/airflow/.local/lib/python3.11/site-packages/docx/opc/pkgreader.py", line 22, in from_file
    phys_reader = PhysPkgReader(pkg_file)
                  ^^^^^^^^^^^^^^^^^^^^^^^
  File "/home/airflow/.local/lib/python3.11/site-packages/docx/opc/phys_pkg.py", line 76, in __init__
    self._zipf = ZipFile(pkg_file, "r")
                 ^^^^^^^^^^^^^^^^^^^^^^
  File "/usr/local/lib/python3.11/zipfile.py", line 1302, in __init__
    self._RealGetContents()
  File "/usr/local/lib/python3.11/zipfile.py", line 1369, in _RealGetContents
    raise BadZipFile("File is not a zip file")
zipfile.BadZipFile: File is not a zip file
[2025-11-27T21:07:32.339+0000] {docx_pipeline.py:370} WARNING - [docx] No text extracted from raw/testdoc_1.docx
[2025-11-27T21:07:32.343+0000] {docx_pipeline.py:413} INFO - [docx] Updated catalog for raw/testdoc_1.docx
[2025-11-27T21:07:32.343+0000] {docx_pipeline.py:418} INFO - [docx] ✅ Completed processing raw/testdoc_1.docx | tables=0 | total_rows=0 | text_chars=0
[2025-11-27T21:07:32.344+0000] {etl_manager.py:291} INFO - Processing complete for: raw/testdoc_1.docx
[2025-11-27T21:07:32.344+0000] {logging_mixin.py:151} INFO - [DISPATCHER] Archiving raw/testdoc_1.docx -> raw-data/2025-11-27/testdoc_1.docx
[2025-11-27T21:07:32.373+0000] {logging_mixin.py:151} INFO - [DISPATCHER] Completed & removed landing copy: raw/testdoc_1.docx
[2025-11-27T21:07:32.374+0000] {logging_mixin.py:151} INFO - [DISPATCHER] Found file: raw/testocr.png
[2025-11-27T21:07:32.401+0000] {image_pipeline.py:85} INFO - [image] Processing raw/testocr.png
[2025-11-27T21:07:32.415+0000] {image_pipeline.py:122} INFO - [image] Image metadata: 640x480, format=PNG
[2025-11-27T21:07:32.416+0000] {image_pipeline.py:128} INFO - [image] Running OCR on raw/testocr.png...
[2025-11-27T21:07:34.064+0000] {image_pipeline.py:132} INFO - [image] OCR extracted 287 characters
[2025-11-27T21:07:34.073+0000] {image_pipeline.py:145} INFO - [image] OCR text uploaded to processed/unstructured/text-extracted/testocr.txt
[2025-11-27T21:07:34.077+0000] {image_pipeline.py:173} INFO - [image] Saved metadata to unstructured_images for raw/testocr.png
[2025-11-27T21:07:34.079+0000] {image_pipeline.py:187} INFO - [image] ✅ Completed processing raw/testocr.png | size=640x480 | format=PNG | ocr_chars=287
[2025-11-27T21:07:34.080+0000] {etl_manager.py:291} INFO - Processing complete for: raw/testocr.png
[2025-11-27T21:07:34.081+0000] {logging_mixin.py:151} INFO - [DISPATCHER] Archiving raw/testocr.png -> raw-data/2025-11-27/testocr.png
[2025-11-27T21:07:34.099+0000] {logging_mixin.py:151} INFO - [DISPATCHER] Completed & removed landing copy: raw/testocr.png
[2025-11-27T21:07:34.099+0000] {python.py:194} INFO - Done. Returned value was: None
[2025-11-27T21:07:34.140+0000] {taskinstance.py:1398} INFO - Marking task as SUCCESS. dag_id=distillationDAG, task_id=scan_minio_and_dispatch, execution_date=20251127T210631, start_date=20251127T210724, end_date=20251127T210734
[2025-11-27T21:07:34.225+0000] {local_task_job_runner.py:228} INFO - Task exited with return code 0
[2025-11-27T21:07:34.279+0000] {taskinstance.py:2776} INFO - 0 downstream tasks scheduled from follow-on schedule check
