[2026-04-23T14:36:35.378+0000] {taskinstance.py:1157} INFO - Dependencies all met for dep_context=non-requeueable deps ti=<TaskInstance: distillationDAG.scan_minio_and_dispatch scheduled__2026-04-23T14:35:26.432810+00:00 [queued]>
[2026-04-23T14:36:35.420+0000] {taskinstance.py:1157} INFO - Dependencies all met for dep_context=requeueable deps ti=<TaskInstance: distillationDAG.scan_minio_and_dispatch scheduled__2026-04-23T14:35:26.432810+00:00 [queued]>
[2026-04-23T14:36:35.421+0000] {taskinstance.py:1359} INFO - Starting attempt 1 of 4
[2026-04-23T14:36:35.495+0000] {taskinstance.py:1380} INFO - Executing <Task(PythonOperator): scan_minio_and_dispatch> on 2026-04-23 14:35:26.432810+00:00
[2026-04-23T14:36:35.536+0000] {standard_task_runner.py:57} INFO - Started process 4138 to run task
[2026-04-23T14:36:35.557+0000] {standard_task_runner.py:84} INFO - Running: ['***', 'tasks', 'run', 'distillationDAG', 'scan_minio_and_dispatch', 'scheduled__2026-04-23T14:35:26.432810+00:00', '--job-id', '2947', '--raw', '--subdir', 'DAGS_FOLDER/dispatcher_pipeline_dag.py', '--cfg-path', '/tmp/tmpg56mvzby']
[2026-04-23T14:36:35.572+0000] {standard_task_runner.py:85} INFO - Job 2947: Subtask scan_minio_and_dispatch
[2026-04-23T14:36:35.856+0000] {task_command.py:415} INFO - Running <TaskInstance: distillationDAG.scan_minio_and_dispatch scheduled__2026-04-23T14:35:26.432810+00:00 [running]> on host 3d6a52e93bc5
[2026-04-23T14:36:36.984+0000] {taskinstance.py:1660} INFO - Exporting env vars: AIRFLOW_CTX_DAG_OWNER='***' AIRFLOW_CTX_DAG_ID='distillationDAG' AIRFLOW_CTX_TASK_ID='scan_minio_and_dispatch' AIRFLOW_CTX_EXECUTION_DATE='2026-04-23T14:35:26.432810+00:00' AIRFLOW_CTX_TRY_NUMBER='1' AIRFLOW_CTX_DAG_RUN_ID='scheduled__2026-04-23T14:35:26.432810+00:00'
[2026-04-23T14:36:37.117+0000] {logging_mixin.py:151} INFO - [DISPATCHER] Found file: raw/coffeedocx.docx
[2026-04-23T14:36:38.689+0000] {docx_pipeline.py:368} INFO - [docx] Processing raw/coffeedocx.docx
[2026-04-23T14:36:38.699+0000] {docx_pipeline.py:404} INFO - [docx] Extracting text…
[2026-04-23T14:36:38.772+0000] {docx_pipeline.py:406} INFO - [docx] Extracted 2293 characters of text
[2026-04-23T14:36:38.773+0000] {docx_pipeline.py:411} INFO - [docx] Extracting tables…
[2026-04-23T14:36:38.855+0000] {docx_pipeline.py:413} INFO - [docx] Found 2 table(s)
[2026-04-23T14:36:38.867+0000] {docx_pipeline.py:438} INFO - [docx] Uploaded extracted text → processed/unstructured/text-extracted/coffeedocx.txt
[2026-04-23T14:36:38.879+0000] {docx_pipeline.py:451} INFO - [docx] Created catalog entry for extracted text: processed/unstructured/text-extracted/coffeedocx.txt
[2026-04-23T14:36:38.884+0000] {docx_pipeline.py:80} ERROR - [docx] Failed saving to unstructured_documents: there is no unique or exclusion constraint matching the ON CONFLICT specification
Traceback (most recent call last):
  File "/opt/python-etl/pipelines/docx_pipeline.py", line 63, in _save_unstructured_doc
    cursor.execute(
psycopg2.errors.InvalidColumnReference: there is no unique or exclusion constraint matching the ON CONFLICT specification

[2026-04-23T14:36:38.886+0000] {docx_pipeline.py:473} INFO - [docx] Processing 2 table(s)…
[2026-04-23T14:36:38.922+0000] {docx_pipeline.py:227} INFO - [docx] Uploaded table CSV → processed/structured/docx-tables/coffeedocx_table_1.csv
[2026-04-23T14:36:38.923+0000] {structured_pipeline.py:108} INFO - Table name: data_coffeedocx_table_1
[2026-04-23T14:36:38.930+0000] {structured_pipeline.py:124} INFO - [Normalize] Normalizing DataFrame with 3 columns
[2026-04-23T14:36:38.945+0000] {logging_mixin.py:151} WARNING - /opt/python-etl/pipelines/structured_pipeline.py:211 UserWarning: Could not infer format, so each element will be parsed individually, falling back to `dateutil`. To ensure parsing is consistent and as-expected, please specify a format.
[2026-04-23T14:36:38.960+0000] {logging_mixin.py:151} WARNING - /opt/python-etl/pipelines/structured_pipeline.py:211 UserWarning: Could not infer format, so each element will be parsed individually, falling back to `dateutil`. To ensure parsing is consistent and as-expected, please specify a format.
[2026-04-23T14:36:38.977+0000] {docx_pipeline.py:295} INFO - [docx] Created table: data_coffeedocx_table_1
[2026-04-23T14:36:38.982+0000] {docx_pipeline.py:307} INFO - [docx] Loaded 5 rows into 'data_coffeedocx_table_1'
[2026-04-23T14:36:38.987+0000] {docx_pipeline.py:496} INFO - [docx] Processed table 1/2: 5 rows × 3 cols
[2026-04-23T14:36:39.020+0000] {docx_pipeline.py:227} INFO - [docx] Uploaded table CSV → processed/structured/docx-tables/coffeedocx_table_2.csv
[2026-04-23T14:36:39.021+0000] {structured_pipeline.py:108} INFO - Table name: data_coffeedocx_table_2
[2026-04-23T14:36:39.026+0000] {structured_pipeline.py:124} INFO - [Normalize] Normalizing DataFrame with 5 columns
[2026-04-23T14:36:39.034+0000] {logging_mixin.py:151} WARNING - /opt/python-etl/pipelines/structured_pipeline.py:211 UserWarning: Could not infer format, so each element will be parsed individually, falling back to `dateutil`. To ensure parsing is consistent and as-expected, please specify a format.
[2026-04-23T14:36:39.043+0000] {logging_mixin.py:151} WARNING - /opt/python-etl/pipelines/structured_pipeline.py:211 UserWarning: Could not infer format, so each element will be parsed individually, falling back to `dateutil`. To ensure parsing is consistent and as-expected, please specify a format.
[2026-04-23T14:36:39.049+0000] {logging_mixin.py:151} WARNING - /opt/python-etl/pipelines/structured_pipeline.py:211 UserWarning: Could not infer format, so each element will be parsed individually, falling back to `dateutil`. To ensure parsing is consistent and as-expected, please specify a format.
[2026-04-23T14:36:39.058+0000] {logging_mixin.py:151} WARNING - /opt/python-etl/pipelines/structured_pipeline.py:211 UserWarning: Could not infer format, so each element will be parsed individually, falling back to `dateutil`. To ensure parsing is consistent and as-expected, please specify a format.
[2026-04-23T14:36:39.063+0000] {logging_mixin.py:151} WARNING - /opt/python-etl/pipelines/structured_pipeline.py:211 UserWarning: Could not infer format, so each element will be parsed individually, falling back to `dateutil`. To ensure parsing is consistent and as-expected, please specify a format.
[2026-04-23T14:36:39.070+0000] {docx_pipeline.py:295} INFO - [docx] Created table: data_coffeedocx_table_2
[2026-04-23T14:36:39.074+0000] {docx_pipeline.py:307} INFO - [docx] Loaded 6 rows into 'data_coffeedocx_table_2'
[2026-04-23T14:36:39.078+0000] {docx_pipeline.py:496} INFO - [docx] Processed table 2/2: 6 rows × 5 cols
[2026-04-23T14:36:39.103+0000] {docx_pipeline.py:535} INFO - [docx] Marked raw entry as processed: raw/coffeedocx.docx
[2026-04-23T14:36:39.107+0000] {docx_pipeline.py:547} INFO - [docx] Created processed catalog entry: processed/coffeedocx.docx
[2026-04-23T14:36:39.110+0000] {docx_pipeline.py:559} INFO - [docx] Removed old catalog entry: raw/coffeedocx.docx
[2026-04-23T14:36:39.110+0000] {docx_pipeline.py:567} INFO - [docx] ✅ Completed raw/coffeedocx.docx | tables=2 | total_rows=11 | text_chars=2293
[2026-04-23T14:36:39.111+0000] {etl_manager.py:287} INFO - ETL completed: raw/coffeedocx.docx
[2026-04-23T14:36:39.112+0000] {logging_mixin.py:151} INFO - [DISPATCHER] Archiving raw/coffeedocx.docx -> raw-data/2026-04-23/coffeedocx.docx
[2026-04-23T14:36:39.147+0000] {logging_mixin.py:151} INFO - [DISPATCHER] Catalog updated for archive: raw-data/2026-04-23/coffeedocx.docx
[2026-04-23T14:36:39.156+0000] {logging_mixin.py:151} INFO - [DISPATCHER] Completed & removed landing copy: raw/coffeedocx.docx
[2026-04-23T14:36:39.156+0000] {logging_mixin.py:151} INFO - [DISPATCHER] Found file: raw/coffeepdf.pdf
[2026-04-23T14:36:39.196+0000] {pdf_pipeline.py:395} INFO - [pdf] Processing raw/coffeepdf.pdf
[2026-04-23T14:36:39.207+0000] {pdf_pipeline.py:427} INFO - [pdf] Extracting text from PDF...
[2026-04-23T14:36:40.982+0000] {pdf_pipeline.py:445} INFO - [pdf] Processed 10/11 pages
[2026-04-23T14:36:41.063+0000] {pdf_pipeline.py:449} INFO - [pdf] Extracted 8510 characters of text from 11 pages
[2026-04-23T14:36:41.073+0000] {pdf_pipeline.py:468} INFO - [pdf] Uploaded extracted text -> processed/unstructured/text-extracted/coffeepdf.txt
[2026-04-23T14:36:41.080+0000] {pdf_pipeline.py:77} ERROR - [pdf] Failed saving to unstructured_documents: there is no unique or exclusion constraint matching the ON CONFLICT specification
Traceback (most recent call last):
  File "/opt/python-etl/pipelines/pdf_pipeline.py", line 60, in _save_unstructured_doc
    cursor.execute(
psycopg2.errors.InvalidColumnReference: there is no unique or exclusion constraint matching the ON CONFLICT specification

[2026-04-23T14:36:41.082+0000] {pdf_pipeline.py:80} WARNING - [pdf] Continuing pipeline despite unstructured_documents save failure
[2026-04-23T14:36:41.094+0000] {pdf_pipeline.py:498} INFO - [pdf] Created catalog entry for extracted text: processed/unstructured/text-extracted/coffeepdf.txt
[2026-04-23T14:36:41.095+0000] {pdf_pipeline.py:505} INFO - [pdf] Extracting tables from PDF...
[2026-04-23T14:36:41.870+0000] {pdf_pipeline.py:263} INFO - [pdf] Uploaded table CSV -> processed/structured/pdf-tables/coffeepdf_page1_table1.csv
[2026-04-23T14:36:41.873+0000] {structured_pipeline.py:108} INFO - Table name: data_coffeepdf_page1_table1
[2026-04-23T14:36:41.880+0000] {structured_pipeline.py:124} INFO - [Normalize] Normalizing DataFrame with 3 columns
[2026-04-23T14:36:41.893+0000] {logging_mixin.py:151} WARNING - /opt/python-etl/pipelines/structured_pipeline.py:211 UserWarning: Could not infer format, so each element will be parsed individually, falling back to `dateutil`. To ensure parsing is consistent and as-expected, please specify a format.
[2026-04-23T14:36:41.920+0000] {logging_mixin.py:151} WARNING - /opt/python-etl/pipelines/structured_pipeline.py:211 UserWarning: Could not infer format, so each element will be parsed individually, falling back to `dateutil`. To ensure parsing is consistent and as-expected, please specify a format.
[2026-04-23T14:36:41.940+0000] {logging_mixin.py:151} WARNING - /opt/python-etl/pipelines/structured_pipeline.py:211 UserWarning: Could not infer format, so each element will be parsed individually, falling back to `dateutil`. To ensure parsing is consistent and as-expected, please specify a format.
[2026-04-23T14:36:41.954+0000] {pdf_pipeline.py:327} INFO - [pdf] Created table: data_coffeepdf_page1_table1
[2026-04-23T14:36:41.960+0000] {pdf_pipeline.py:340} INFO - [pdf] Loaded 2 rows into data_coffeepdf_page1_table1
[2026-04-23T14:36:41.971+0000] {pdf_pipeline.py:567} INFO - [pdf] Processed table 1: 2 rows, 3 columns
[2026-04-23T14:36:42.029+0000] {pdf_pipeline.py:263} INFO - [pdf] Uploaded table CSV -> processed/structured/pdf-tables/coffeepdf_page1_table2.csv
[2026-04-23T14:36:42.030+0000] {structured_pipeline.py:108} INFO - Table name: data_coffeepdf_page1_table2
[2026-04-23T14:36:42.039+0000] {structured_pipeline.py:124} INFO - [Normalize] Normalizing DataFrame with 4 columns
[2026-04-23T14:36:42.054+0000] {logging_mixin.py:151} WARNING - /opt/python-etl/pipelines/structured_pipeline.py:211 UserWarning: Could not infer format, so each element will be parsed individually, falling back to `dateutil`. To ensure parsing is consistent and as-expected, please specify a format.
[2026-04-23T14:36:42.065+0000] {logging_mixin.py:151} WARNING - /opt/python-etl/pipelines/structured_pipeline.py:211 UserWarning: Could not infer format, so each element will be parsed individually, falling back to `dateutil`. To ensure parsing is consistent and as-expected, please specify a format.
[2026-04-23T14:36:42.076+0000] {pdf_pipeline.py:327} INFO - [pdf] Created table: data_coffeepdf_page1_table2
[2026-04-23T14:36:42.083+0000] {pdf_pipeline.py:340} INFO - [pdf] Loaded 7 rows into data_coffeepdf_page1_table2
[2026-04-23T14:36:42.088+0000] {pdf_pipeline.py:567} INFO - [pdf] Processed table 2: 7 rows, 4 columns
[2026-04-23T14:36:42.110+0000] {pdf_pipeline.py:263} INFO - [pdf] Uploaded table CSV -> processed/structured/pdf-tables/coffeepdf_page1_table3.csv
[2026-04-23T14:36:42.111+0000] {structured_pipeline.py:108} INFO - Table name: data_coffeepdf_page1_table3
[2026-04-23T14:36:42.114+0000] {structured_pipeline.py:124} INFO - [Normalize] Normalizing DataFrame with 2 columns
[2026-04-23T14:36:42.123+0000] {logging_mixin.py:151} WARNING - /opt/python-etl/pipelines/structured_pipeline.py:211 UserWarning: Could not infer format, so each element will be parsed individually, falling back to `dateutil`. To ensure parsing is consistent and as-expected, please specify a format.
[2026-04-23T14:36:42.131+0000] {logging_mixin.py:151} WARNING - /opt/python-etl/pipelines/structured_pipeline.py:211 UserWarning: Could not infer format, so each element will be parsed individually, falling back to `dateutil`. To ensure parsing is consistent and as-expected, please specify a format.
[2026-04-23T14:36:42.134+0000] {pdf_pipeline.py:327} INFO - [pdf] Created table: data_coffeepdf_page1_table3
[2026-04-23T14:36:42.140+0000] {pdf_pipeline.py:340} INFO - [pdf] Loaded 5 rows into data_coffeepdf_page1_table3
[2026-04-23T14:36:42.143+0000] {pdf_pipeline.py:567} INFO - [pdf] Processed table 3: 5 rows, 2 columns
[2026-04-23T14:36:43.599+0000] {pdf_pipeline.py:263} INFO - [pdf] Uploaded table CSV -> processed/structured/pdf-tables/coffeepdf_page2_table1.csv
[2026-04-23T14:36:43.603+0000] {structured_pipeline.py:108} INFO - Table name: data_coffeepdf_page2_table1
[2026-04-23T14:36:43.606+0000] {structured_pipeline.py:124} INFO - [Normalize] Normalizing DataFrame with 2 columns
[2026-04-23T14:36:43.629+0000] {logging_mixin.py:151} WARNING - /opt/python-etl/pipelines/structured_pipeline.py:211 UserWarning: Could not infer format, so each element will be parsed individually, falling back to `dateutil`. To ensure parsing is consistent and as-expected, please specify a format.
[2026-04-23T14:36:43.636+0000] {logging_mixin.py:151} WARNING - /opt/python-etl/pipelines/structured_pipeline.py:211 UserWarning: Could not infer format, so each element will be parsed individually, falling back to `dateutil`. To ensure parsing is consistent and as-expected, please specify a format.
[2026-04-23T14:36:43.640+0000] {pdf_pipeline.py:327} INFO - [pdf] Created table: data_coffeepdf_page2_table1
[2026-04-23T14:36:43.652+0000] {pdf_pipeline.py:340} INFO - [pdf] Loaded 6 rows into data_coffeepdf_page2_table1
[2026-04-23T14:36:43.660+0000] {pdf_pipeline.py:567} INFO - [pdf] Processed table 4: 6 rows, 2 columns
[2026-04-23T14:36:43.689+0000] {pdf_pipeline.py:263} INFO - [pdf] Uploaded table CSV -> processed/structured/pdf-tables/coffeepdf_page2_table2.csv
[2026-04-23T14:36:43.691+0000] {structured_pipeline.py:108} INFO - Table name: data_coffeepdf_page2_table2
[2026-04-23T14:36:43.694+0000] {structured_pipeline.py:124} INFO - [Normalize] Normalizing DataFrame with 4 columns
[2026-04-23T14:36:43.707+0000] {logging_mixin.py:151} WARNING - /opt/python-etl/pipelines/structured_pipeline.py:211 UserWarning: Could not infer format, so each element will be parsed individually, falling back to `dateutil`. To ensure parsing is consistent and as-expected, please specify a format.
[2026-04-23T14:36:43.724+0000] {pdf_pipeline.py:327} INFO - [pdf] Created table: data_coffeepdf_page2_table2
[2026-04-23T14:36:43.730+0000] {pdf_pipeline.py:340} INFO - [pdf] Loaded 8 rows into data_coffeepdf_page2_table2
[2026-04-23T14:36:43.734+0000] {pdf_pipeline.py:567} INFO - [pdf] Processed table 5: 8 rows, 4 columns
[2026-04-23T14:36:43.761+0000] {pdf_pipeline.py:263} INFO - [pdf] Uploaded table CSV -> processed/structured/pdf-tables/coffeepdf_page2_table3.csv
[2026-04-23T14:36:43.762+0000] {structured_pipeline.py:108} INFO - Table name: data_coffeepdf_page2_table3
[2026-04-23T14:36:43.767+0000] {structured_pipeline.py:124} INFO - [Normalize] Normalizing DataFrame with 5 columns
[2026-04-23T14:36:43.799+0000] {pdf_pipeline.py:327} INFO - [pdf] Created table: data_coffeepdf_page2_table3
[2026-04-23T14:36:43.803+0000] {pdf_pipeline.py:340} INFO - [pdf] Loaded 8 rows into data_coffeepdf_page2_table3
[2026-04-23T14:36:43.808+0000] {pdf_pipeline.py:567} INFO - [pdf] Processed table 6: 8 rows, 5 columns
[2026-04-23T14:36:44.460+0000] {pdf_pipeline.py:263} INFO - [pdf] Uploaded table CSV -> processed/structured/pdf-tables/coffeepdf_page3_table1.csv
[2026-04-23T14:36:44.460+0000] {structured_pipeline.py:108} INFO - Table name: data_coffeepdf_page3_table1
[2026-04-23T14:36:44.464+0000] {structured_pipeline.py:124} INFO - [Normalize] Normalizing DataFrame with 4 columns
[2026-04-23T14:36:44.477+0000] {logging_mixin.py:151} WARNING - /opt/python-etl/pipelines/structured_pipeline.py:211 UserWarning: Could not infer format, so each element will be parsed individually, falling back to `dateutil`. To ensure parsing is consistent and as-expected, please specify a format.
[2026-04-23T14:36:44.501+0000] {pdf_pipeline.py:327} INFO - [pdf] Created table: data_coffeepdf_page3_table1
[2026-04-23T14:36:44.506+0000] {pdf_pipeline.py:340} INFO - [pdf] Loaded 3 rows into data_coffeepdf_page3_table1
[2026-04-23T14:36:44.518+0000] {pdf_pipeline.py:567} INFO - [pdf] Processed table 7: 3 rows, 4 columns
[2026-04-23T14:36:44.549+0000] {pdf_pipeline.py:263} INFO - [pdf] Uploaded table CSV -> processed/structured/pdf-tables/coffeepdf_page3_table2.csv
[2026-04-23T14:36:44.549+0000] {structured_pipeline.py:108} INFO - Table name: data_coffeepdf_page3_table2
[2026-04-23T14:36:44.553+0000] {structured_pipeline.py:124} INFO - [Normalize] Normalizing DataFrame with 4 columns
[2026-04-23T14:36:44.566+0000] {logging_mixin.py:151} WARNING - /opt/python-etl/pipelines/structured_pipeline.py:211 UserWarning: Could not infer format, so each element will be parsed individually, falling back to `dateutil`. To ensure parsing is consistent and as-expected, please specify a format.
[2026-04-23T14:36:44.585+0000] {pdf_pipeline.py:327} INFO - [pdf] Created table: data_coffeepdf_page3_table2
[2026-04-23T14:36:44.599+0000] {pdf_pipeline.py:340} INFO - [pdf] Loaded 3 rows into data_coffeepdf_page3_table2
[2026-04-23T14:36:44.611+0000] {pdf_pipeline.py:567} INFO - [pdf] Processed table 8: 3 rows, 4 columns
[2026-04-23T14:36:44.646+0000] {pdf_pipeline.py:263} INFO - [pdf] Uploaded table CSV -> processed/structured/pdf-tables/coffeepdf_page3_table3.csv
[2026-04-23T14:36:44.647+0000] {structured_pipeline.py:108} INFO - Table name: data_coffeepdf_page3_table3
[2026-04-23T14:36:44.651+0000] {structured_pipeline.py:124} INFO - [Normalize] Normalizing DataFrame with 5 columns
[2026-04-23T14:36:44.667+0000] {logging_mixin.py:151} WARNING - /opt/python-etl/pipelines/structured_pipeline.py:211 UserWarning: Could not infer format, so each element will be parsed individually, falling back to `dateutil`. To ensure parsing is consistent and as-expected, please specify a format.
[2026-04-23T14:36:44.685+0000] {pdf_pipeline.py:327} INFO - [pdf] Created table: data_coffeepdf_page3_table3
[2026-04-23T14:36:44.704+0000] {pdf_pipeline.py:340} INFO - [pdf] Loaded 3 rows into data_coffeepdf_page3_table3
[2026-04-23T14:36:44.719+0000] {pdf_pipeline.py:567} INFO - [pdf] Processed table 9: 3 rows, 5 columns
[2026-04-23T14:36:46.230+0000] {pdf_pipeline.py:263} INFO - [pdf] Uploaded table CSV -> processed/structured/pdf-tables/coffeepdf_page4_table1.csv
[2026-04-23T14:36:46.231+0000] {structured_pipeline.py:108} INFO - Table name: data_coffeepdf_page4_table1
[2026-04-23T14:36:46.234+0000] {structured_pipeline.py:124} INFO - [Normalize] Normalizing DataFrame with 5 columns
[2026-04-23T14:36:46.249+0000] {logging_mixin.py:151} WARNING - /opt/python-etl/pipelines/structured_pipeline.py:211 UserWarning: Could not infer format, so each element will be parsed individually, falling back to `dateutil`. To ensure parsing is consistent and as-expected, please specify a format.
[2026-04-23T14:36:46.256+0000] {logging_mixin.py:151} WARNING - /opt/python-etl/pipelines/structured_pipeline.py:211 UserWarning: Could not infer format, so each element will be parsed individually, falling back to `dateutil`. To ensure parsing is consistent and as-expected, please specify a format.
[2026-04-23T14:36:46.265+0000] {logging_mixin.py:151} WARNING - /opt/python-etl/pipelines/structured_pipeline.py:211 UserWarning: Could not infer format, so each element will be parsed individually, falling back to `dateutil`. To ensure parsing is consistent and as-expected, please specify a format.
[2026-04-23T14:36:46.273+0000] {logging_mixin.py:151} WARNING - /opt/python-etl/pipelines/structured_pipeline.py:211 UserWarning: Could not infer format, so each element will be parsed individually, falling back to `dateutil`. To ensure parsing is consistent and as-expected, please specify a format.
[2026-04-23T14:36:46.288+0000] {logging_mixin.py:151} WARNING - /opt/python-etl/pipelines/structured_pipeline.py:211 UserWarning: Could not infer format, so each element will be parsed individually, falling back to `dateutil`. To ensure parsing is consistent and as-expected, please specify a format.
[2026-04-23T14:36:46.293+0000] {pdf_pipeline.py:327} INFO - [pdf] Created table: data_coffeepdf_page4_table1
[2026-04-23T14:36:46.306+0000] {pdf_pipeline.py:340} INFO - [pdf] Loaded 13 rows into data_coffeepdf_page4_table1
[2026-04-23T14:36:46.316+0000] {pdf_pipeline.py:567} INFO - [pdf] Processed table 10: 13 rows, 5 columns
[2026-04-23T14:36:46.359+0000] {pdf_pipeline.py:263} INFO - [pdf] Uploaded table CSV -> processed/structured/pdf-tables/coffeepdf_page4_table2.csv
[2026-04-23T14:36:46.360+0000] {structured_pipeline.py:108} INFO - Table name: data_coffeepdf_page4_table2
[2026-04-23T14:36:46.363+0000] {structured_pipeline.py:124} INFO - [Normalize] Normalizing DataFrame with 4 columns
[2026-04-23T14:36:46.376+0000] {logging_mixin.py:151} WARNING - /opt/python-etl/pipelines/structured_pipeline.py:211 UserWarning: Could not infer format, so each element will be parsed individually, falling back to `dateutil`. To ensure parsing is consistent and as-expected, please specify a format.
[2026-04-23T14:36:46.387+0000] {logging_mixin.py:151} WARNING - /opt/python-etl/pipelines/structured_pipeline.py:211 UserWarning: Could not infer format, so each element will be parsed individually, falling back to `dateutil`. To ensure parsing is consistent and as-expected, please specify a format.
[2026-04-23T14:36:46.396+0000] {logging_mixin.py:151} WARNING - /opt/python-etl/pipelines/structured_pipeline.py:211 UserWarning: Could not infer format, so each element will be parsed individually, falling back to `dateutil`. To ensure parsing is consistent and as-expected, please specify a format.
[2026-04-23T14:36:46.411+0000] {logging_mixin.py:151} WARNING - /opt/python-etl/pipelines/structured_pipeline.py:211 UserWarning: Could not infer format, so each element will be parsed individually, falling back to `dateutil`. To ensure parsing is consistent and as-expected, please specify a format.
[2026-04-23T14:36:46.415+0000] {pdf_pipeline.py:327} INFO - [pdf] Created table: data_coffeepdf_page4_table2
[2026-04-23T14:36:46.423+0000] {pdf_pipeline.py:340} INFO - [pdf] Loaded 11 rows into data_coffeepdf_page4_table2
[2026-04-23T14:36:46.428+0000] {pdf_pipeline.py:567} INFO - [pdf] Processed table 11: 11 rows, 4 columns
[2026-04-23T14:36:47.503+0000] {pdf_pipeline.py:263} INFO - [pdf] Uploaded table CSV -> processed/structured/pdf-tables/coffeepdf_page5_table1.csv
[2026-04-23T14:36:47.504+0000] {structured_pipeline.py:108} INFO - Table name: data_coffeepdf_page5_table1
[2026-04-23T14:36:47.508+0000] {structured_pipeline.py:124} INFO - [Normalize] Normalizing DataFrame with 5 columns
[2026-04-23T14:36:47.517+0000] {logging_mixin.py:151} WARNING - /opt/python-etl/pipelines/structured_pipeline.py:211 UserWarning: Could not infer format, so each element will be parsed individually, falling back to `dateutil`. To ensure parsing is consistent and as-expected, please specify a format.
[2026-04-23T14:36:47.527+0000] {logging_mixin.py:151} WARNING - /opt/python-etl/pipelines/structured_pipeline.py:211 UserWarning: Could not infer format, so each element will be parsed individually, falling back to `dateutil`. To ensure parsing is consistent and as-expected, please specify a format.
[2026-04-23T14:36:47.532+0000] {logging_mixin.py:151} WARNING - /opt/python-etl/pipelines/structured_pipeline.py:211 UserWarning: Could not infer format, so each element will be parsed individually, falling back to `dateutil`. To ensure parsing is consistent and as-expected, please specify a format.
[2026-04-23T14:36:47.537+0000] {logging_mixin.py:151} WARNING - /opt/python-etl/pipelines/structured_pipeline.py:211 UserWarning: Could not infer format, so each element will be parsed individually, falling back to `dateutil`. To ensure parsing is consistent and as-expected, please specify a format.
[2026-04-23T14:36:47.542+0000] {logging_mixin.py:151} WARNING - /opt/python-etl/pipelines/structured_pipeline.py:211 UserWarning: Could not infer format, so each element will be parsed individually, falling back to `dateutil`. To ensure parsing is consistent and as-expected, please specify a format.
[2026-04-23T14:36:47.546+0000] {pdf_pipeline.py:327} INFO - [pdf] Created table: data_coffeepdf_page5_table1
[2026-04-23T14:36:47.554+0000] {pdf_pipeline.py:340} INFO - [pdf] Loaded 4 rows into data_coffeepdf_page5_table1
[2026-04-23T14:36:47.556+0000] {pdf_pipeline.py:567} INFO - [pdf] Processed table 12: 4 rows, 5 columns
[2026-04-23T14:36:47.577+0000] {pdf_pipeline.py:263} INFO - [pdf] Uploaded table CSV -> processed/structured/pdf-tables/coffeepdf_page5_table2.csv
[2026-04-23T14:36:47.577+0000] {structured_pipeline.py:108} INFO - Table name: data_coffeepdf_page5_table2
[2026-04-23T14:36:47.579+0000] {structured_pipeline.py:124} INFO - [Normalize] Normalizing DataFrame with 4 columns
[2026-04-23T14:36:47.590+0000] {logging_mixin.py:151} WARNING - /opt/python-etl/pipelines/structured_pipeline.py:211 UserWarning: Could not infer format, so each element will be parsed individually, falling back to `dateutil`. To ensure parsing is consistent and as-expected, please specify a format.
[2026-04-23T14:36:47.596+0000] {logging_mixin.py:151} WARNING - /opt/python-etl/pipelines/structured_pipeline.py:211 UserWarning: Could not infer format, so each element will be parsed individually, falling back to `dateutil`. To ensure parsing is consistent and as-expected, please specify a format.
[2026-04-23T14:36:47.601+0000] {logging_mixin.py:151} WARNING - /opt/python-etl/pipelines/structured_pipeline.py:211 UserWarning: Could not infer format, so each element will be parsed individually, falling back to `dateutil`. To ensure parsing is consistent and as-expected, please specify a format.
[2026-04-23T14:36:47.609+0000] {logging_mixin.py:151} WARNING - /opt/python-etl/pipelines/structured_pipeline.py:211 UserWarning: Could not infer format, so each element will be parsed individually, falling back to `dateutil`. To ensure parsing is consistent and as-expected, please specify a format.
[2026-04-23T14:36:47.612+0000] {pdf_pipeline.py:327} INFO - [pdf] Created table: data_coffeepdf_page5_table2
[2026-04-23T14:36:47.616+0000] {pdf_pipeline.py:340} INFO - [pdf] Loaded 3 rows into data_coffeepdf_page5_table2
[2026-04-23T14:36:47.620+0000] {pdf_pipeline.py:567} INFO - [pdf] Processed table 13: 3 rows, 4 columns
[2026-04-23T14:36:47.645+0000] {pdf_pipeline.py:263} INFO - [pdf] Uploaded table CSV -> processed/structured/pdf-tables/coffeepdf_page5_table3.csv
[2026-04-23T14:36:47.646+0000] {structured_pipeline.py:108} INFO - Table name: data_coffeepdf_page5_table3
[2026-04-23T14:36:47.651+0000] {structured_pipeline.py:124} INFO - [Normalize] Normalizing DataFrame with 4 columns
[2026-04-23T14:36:47.658+0000] {logging_mixin.py:151} WARNING - /opt/python-etl/pipelines/structured_pipeline.py:211 UserWarning: Could not infer format, so each element will be parsed individually, falling back to `dateutil`. To ensure parsing is consistent and as-expected, please specify a format.
[2026-04-23T14:36:47.665+0000] {pdf_pipeline.py:327} INFO - [pdf] Created table: data_coffeepdf_page5_table3
[2026-04-23T14:36:47.672+0000] {pdf_pipeline.py:340} INFO - [pdf] Loaded 3 rows into data_coffeepdf_page5_table3
[2026-04-23T14:36:47.675+0000] {pdf_pipeline.py:567} INFO - [pdf] Processed table 14: 3 rows, 4 columns
[2026-04-23T14:36:47.699+0000] {pdf_pipeline.py:263} INFO - [pdf] Uploaded table CSV -> processed/structured/pdf-tables/coffeepdf_page5_table4.csv
[2026-04-23T14:36:47.700+0000] {structured_pipeline.py:108} INFO - Table name: data_coffeepdf_page5_table4
[2026-04-23T14:36:47.702+0000] {structured_pipeline.py:124} INFO - [Normalize] Normalizing DataFrame with 5 columns
[2026-04-23T14:36:47.712+0000] {logging_mixin.py:151} WARNING - /opt/python-etl/pipelines/structured_pipeline.py:211 UserWarning: Could not infer format, so each element will be parsed individually, falling back to `dateutil`. To ensure parsing is consistent and as-expected, please specify a format.
[2026-04-23T14:36:47.716+0000] {logging_mixin.py:151} WARNING - /opt/python-etl/pipelines/structured_pipeline.py:211 UserWarning: Could not infer format, so each element will be parsed individually, falling back to `dateutil`. To ensure parsing is consistent and as-expected, please specify a format.
[2026-04-23T14:36:47.724+0000] {logging_mixin.py:151} WARNING - /opt/python-etl/pipelines/structured_pipeline.py:211 UserWarning: Could not infer format, so each element will be parsed individually, falling back to `dateutil`. To ensure parsing is consistent and as-expected, please specify a format.
[2026-04-23T14:36:47.729+0000] {logging_mixin.py:151} WARNING - /opt/python-etl/pipelines/structured_pipeline.py:211 UserWarning: Could not infer format, so each element will be parsed individually, falling back to `dateutil`. To ensure parsing is consistent and as-expected, please specify a format.
[2026-04-23T14:36:47.745+0000] {logging_mixin.py:151} WARNING - /opt/python-etl/pipelines/structured_pipeline.py:211 UserWarning: Could not infer format, so each element will be parsed individually, falling back to `dateutil`. To ensure parsing is consistent and as-expected, please specify a format.
[2026-04-23T14:36:47.749+0000] {pdf_pipeline.py:327} INFO - [pdf] Created table: data_coffeepdf_page5_table4
[2026-04-23T14:36:47.754+0000] {pdf_pipeline.py:340} INFO - [pdf] Loaded 6 rows into data_coffeepdf_page5_table4
[2026-04-23T14:36:47.759+0000] {pdf_pipeline.py:567} INFO - [pdf] Processed table 15: 6 rows, 5 columns
[2026-04-23T14:36:48.549+0000] {pdf_pipeline.py:263} INFO - [pdf] Uploaded table CSV -> processed/structured/pdf-tables/coffeepdf_page6_table1.csv
[2026-04-23T14:36:48.549+0000] {structured_pipeline.py:108} INFO - Table name: data_coffeepdf_page6_table1
[2026-04-23T14:36:48.551+0000] {structured_pipeline.py:124} INFO - [Normalize] Normalizing DataFrame with 5 columns
[2026-04-23T14:36:48.561+0000] {logging_mixin.py:151} WARNING - /opt/python-etl/pipelines/structured_pipeline.py:211 UserWarning: Could not infer format, so each element will be parsed individually, falling back to `dateutil`. To ensure parsing is consistent and as-expected, please specify a format.
[2026-04-23T14:36:48.569+0000] {pdf_pipeline.py:327} INFO - [pdf] Created table: data_coffeepdf_page6_table1
[2026-04-23T14:36:48.572+0000] {pdf_pipeline.py:340} INFO - [pdf] Loaded 6 rows into data_coffeepdf_page6_table1
[2026-04-23T14:36:48.577+0000] {pdf_pipeline.py:567} INFO - [pdf] Processed table 16: 6 rows, 5 columns
[2026-04-23T14:36:48.602+0000] {pdf_pipeline.py:263} INFO - [pdf] Uploaded table CSV -> processed/structured/pdf-tables/coffeepdf_page6_table2.csv
[2026-04-23T14:36:48.602+0000] {structured_pipeline.py:108} INFO - Table name: data_coffeepdf_page6_table2
[2026-04-23T14:36:48.605+0000] {structured_pipeline.py:124} INFO - [Normalize] Normalizing DataFrame with 3 columns
[2026-04-23T14:36:48.613+0000] {logging_mixin.py:151} WARNING - /opt/python-etl/pipelines/structured_pipeline.py:211 UserWarning: Could not infer format, so each element will be parsed individually, falling back to `dateutil`. To ensure parsing is consistent and as-expected, please specify a format.
[2026-04-23T14:36:48.622+0000] {logging_mixin.py:151} WARNING - /opt/python-etl/pipelines/structured_pipeline.py:211 UserWarning: Could not infer format, so each element will be parsed individually, falling back to `dateutil`. To ensure parsing is consistent and as-expected, please specify a format.
[2026-04-23T14:36:48.628+0000] {logging_mixin.py:151} WARNING - /opt/python-etl/pipelines/structured_pipeline.py:211 UserWarning: Could not infer format, so each element will be parsed individually, falling back to `dateutil`. To ensure parsing is consistent and as-expected, please specify a format.
[2026-04-23T14:36:48.635+0000] {pdf_pipeline.py:327} INFO - [pdf] Created table: data_coffeepdf_page6_table2
[2026-04-23T14:36:48.639+0000] {pdf_pipeline.py:340} INFO - [pdf] Loaded 10 rows into data_coffeepdf_page6_table2
[2026-04-23T14:36:48.642+0000] {pdf_pipeline.py:567} INFO - [pdf] Processed table 17: 10 rows, 3 columns
[2026-04-23T14:36:48.662+0000] {pdf_pipeline.py:263} INFO - [pdf] Uploaded table CSV -> processed/structured/pdf-tables/coffeepdf_page6_table3.csv
[2026-04-23T14:36:48.662+0000] {structured_pipeline.py:108} INFO - Table name: data_coffeepdf_page6_table3
[2026-04-23T14:36:48.667+0000] {structured_pipeline.py:124} INFO - [Normalize] Normalizing DataFrame with 3 columns
[2026-04-23T14:36:48.673+0000] {logging_mixin.py:151} WARNING - /opt/python-etl/pipelines/structured_pipeline.py:211 UserWarning: Could not infer format, so each element will be parsed individually, falling back to `dateutil`. To ensure parsing is consistent and as-expected, please specify a format.
[2026-04-23T14:36:48.681+0000] {logging_mixin.py:151} WARNING - /opt/python-etl/pipelines/structured_pipeline.py:211 UserWarning: Could not infer format, so each element will be parsed individually, falling back to `dateutil`. To ensure parsing is consistent and as-expected, please specify a format.
[2026-04-23T14:36:48.690+0000] {logging_mixin.py:151} WARNING - /opt/python-etl/pipelines/structured_pipeline.py:211 UserWarning: Could not infer format, so each element will be parsed individually, falling back to `dateutil`. To ensure parsing is consistent and as-expected, please specify a format.
[2026-04-23T14:36:48.694+0000] {pdf_pipeline.py:327} INFO - [pdf] Created table: data_coffeepdf_page6_table3
[2026-04-23T14:36:48.698+0000] {pdf_pipeline.py:340} INFO - [pdf] Loaded 10 rows into data_coffeepdf_page6_table3
[2026-04-23T14:36:48.704+0000] {pdf_pipeline.py:567} INFO - [pdf] Processed table 18: 10 rows, 3 columns
[2026-04-23T14:36:49.323+0000] {pdf_pipeline.py:263} INFO - [pdf] Uploaded table CSV -> processed/structured/pdf-tables/coffeepdf_page7_table1.csv
[2026-04-23T14:36:49.324+0000] {structured_pipeline.py:108} INFO - Table name: data_coffeepdf_page7_table1
[2026-04-23T14:36:49.326+0000] {structured_pipeline.py:124} INFO - [Normalize] Normalizing DataFrame with 5 columns
[2026-04-23T14:36:49.339+0000] {logging_mixin.py:151} WARNING - /opt/python-etl/pipelines/structured_pipeline.py:211 UserWarning: Could not infer format, so each element will be parsed individually, falling back to `dateutil`. To ensure parsing is consistent and as-expected, please specify a format.
[2026-04-23T14:36:49.348+0000] {logging_mixin.py:151} WARNING - /opt/python-etl/pipelines/structured_pipeline.py:211 UserWarning: Could not infer format, so each element will be parsed individually, falling back to `dateutil`. To ensure parsing is consistent and as-expected, please specify a format.
[2026-04-23T14:36:49.354+0000] {logging_mixin.py:151} WARNING - /opt/python-etl/pipelines/structured_pipeline.py:211 UserWarning: Could not infer format, so each element will be parsed individually, falling back to `dateutil`. To ensure parsing is consistent and as-expected, please specify a format.
[2026-04-23T14:36:49.372+0000] {pdf_pipeline.py:327} INFO - [pdf] Created table: data_coffeepdf_page7_table1
[2026-04-23T14:36:49.381+0000] {pdf_pipeline.py:340} INFO - [pdf] Loaded 5 rows into data_coffeepdf_page7_table1
[2026-04-23T14:36:49.387+0000] {pdf_pipeline.py:567} INFO - [pdf] Processed table 19: 5 rows, 5 columns
[2026-04-23T14:36:49.415+0000] {pdf_pipeline.py:263} INFO - [pdf] Uploaded table CSV -> processed/structured/pdf-tables/coffeepdf_page7_table2.csv
[2026-04-23T14:36:49.416+0000] {structured_pipeline.py:108} INFO - Table name: data_coffeepdf_page7_table2
[2026-04-23T14:36:49.419+0000] {structured_pipeline.py:124} INFO - [Normalize] Normalizing DataFrame with 4 columns
[2026-04-23T14:36:49.430+0000] {logging_mixin.py:151} WARNING - /opt/python-etl/pipelines/structured_pipeline.py:211 UserWarning: Could not infer format, so each element will be parsed individually, falling back to `dateutil`. To ensure parsing is consistent and as-expected, please specify a format.
[2026-04-23T14:36:49.439+0000] {logging_mixin.py:151} WARNING - /opt/python-etl/pipelines/structured_pipeline.py:211 UserWarning: Could not infer format, so each element will be parsed individually, falling back to `dateutil`. To ensure parsing is consistent and as-expected, please specify a format.
[2026-04-23T14:36:49.452+0000] {pdf_pipeline.py:327} INFO - [pdf] Created table: data_coffeepdf_page7_table2
[2026-04-23T14:36:49.460+0000] {pdf_pipeline.py:340} INFO - [pdf] Loaded 7 rows into data_coffeepdf_page7_table2
[2026-04-23T14:36:49.469+0000] {pdf_pipeline.py:567} INFO - [pdf] Processed table 20: 7 rows, 4 columns
[2026-04-23T14:36:50.161+0000] {pdf_pipeline.py:263} INFO - [pdf] Uploaded table CSV -> processed/structured/pdf-tables/coffeepdf_page8_table1.csv
[2026-04-23T14:36:50.161+0000] {structured_pipeline.py:108} INFO - Table name: data_coffeepdf_page8_table1
[2026-04-23T14:36:50.164+0000] {structured_pipeline.py:124} INFO - [Normalize] Normalizing DataFrame with 4 columns
[2026-04-23T14:36:50.173+0000] {logging_mixin.py:151} WARNING - /opt/python-etl/pipelines/structured_pipeline.py:211 UserWarning: Could not infer format, so each element will be parsed individually, falling back to `dateutil`. To ensure parsing is consistent and as-expected, please specify a format.
[2026-04-23T14:36:50.179+0000] {logging_mixin.py:151} WARNING - /opt/python-etl/pipelines/structured_pipeline.py:211 UserWarning: Could not infer format, so each element will be parsed individually, falling back to `dateutil`. To ensure parsing is consistent and as-expected, please specify a format.
[2026-04-23T14:36:50.187+0000] {pdf_pipeline.py:327} INFO - [pdf] Created table: data_coffeepdf_page8_table1
[2026-04-23T14:36:50.192+0000] {pdf_pipeline.py:340} INFO - [pdf] Loaded 7 rows into data_coffeepdf_page8_table1
[2026-04-23T14:36:50.195+0000] {pdf_pipeline.py:567} INFO - [pdf] Processed table 21: 7 rows, 4 columns
[2026-04-23T14:36:50.222+0000] {pdf_pipeline.py:263} INFO - [pdf] Uploaded table CSV -> processed/structured/pdf-tables/coffeepdf_page8_table2.csv
[2026-04-23T14:36:50.222+0000] {structured_pipeline.py:108} INFO - Table name: data_coffeepdf_page8_table2
[2026-04-23T14:36:50.225+0000] {structured_pipeline.py:124} INFO - [Normalize] Normalizing DataFrame with 4 columns
[2026-04-23T14:36:50.236+0000] {logging_mixin.py:151} WARNING - /opt/python-etl/pipelines/structured_pipeline.py:211 UserWarning: Could not infer format, so each element will be parsed individually, falling back to `dateutil`. To ensure parsing is consistent and as-expected, please specify a format.
[2026-04-23T14:36:50.249+0000] {pdf_pipeline.py:327} INFO - [pdf] Created table: data_coffeepdf_page8_table2
[2026-04-23T14:36:50.255+0000] {pdf_pipeline.py:340} INFO - [pdf] Loaded 7 rows into data_coffeepdf_page8_table2
[2026-04-23T14:36:50.257+0000] {pdf_pipeline.py:567} INFO - [pdf] Processed table 22: 7 rows, 4 columns
[2026-04-23T14:36:50.281+0000] {pdf_pipeline.py:263} INFO - [pdf] Uploaded table CSV -> processed/structured/pdf-tables/coffeepdf_page8_table3.csv
[2026-04-23T14:36:50.281+0000] {structured_pipeline.py:108} INFO - Table name: data_coffeepdf_page8_table3
[2026-04-23T14:36:50.284+0000] {structured_pipeline.py:124} INFO - [Normalize] Normalizing DataFrame with 5 columns
[2026-04-23T14:36:50.295+0000] {logging_mixin.py:151} WARNING - /opt/python-etl/pipelines/structured_pipeline.py:211 UserWarning: Could not infer format, so each element will be parsed individually, falling back to `dateutil`. To ensure parsing is consistent and as-expected, please specify a format.
[2026-04-23T14:36:50.304+0000] {logging_mixin.py:151} WARNING - /opt/python-etl/pipelines/structured_pipeline.py:211 UserWarning: Could not infer format, so each element will be parsed individually, falling back to `dateutil`. To ensure parsing is consistent and as-expected, please specify a format.
[2026-04-23T14:36:50.317+0000] {logging_mixin.py:151} WARNING - /opt/python-etl/pipelines/structured_pipeline.py:211 UserWarning: Could not infer format, so each element will be parsed individually, falling back to `dateutil`. To ensure parsing is consistent and as-expected, please specify a format.
[2026-04-23T14:36:50.323+0000] {logging_mixin.py:151} WARNING - /opt/python-etl/pipelines/structured_pipeline.py:211 UserWarning: Could not infer format, so each element will be parsed individually, falling back to `dateutil`. To ensure parsing is consistent and as-expected, please specify a format.
[2026-04-23T14:36:50.328+0000] {logging_mixin.py:151} WARNING - /opt/python-etl/pipelines/structured_pipeline.py:211 UserWarning: Could not infer format, so each element will be parsed individually, falling back to `dateutil`. To ensure parsing is consistent and as-expected, please specify a format.
[2026-04-23T14:36:50.338+0000] {pdf_pipeline.py:327} INFO - [pdf] Created table: data_coffeepdf_page8_table3
[2026-04-23T14:36:50.347+0000] {pdf_pipeline.py:340} INFO - [pdf] Loaded 3 rows into data_coffeepdf_page8_table3
[2026-04-23T14:36:50.352+0000] {pdf_pipeline.py:567} INFO - [pdf] Processed table 23: 3 rows, 5 columns
[2026-04-23T14:36:51.087+0000] {pdf_pipeline.py:263} INFO - [pdf] Uploaded table CSV -> processed/structured/pdf-tables/coffeepdf_page9_table1.csv
[2026-04-23T14:36:51.087+0000] {structured_pipeline.py:108} INFO - Table name: data_coffeepdf_page9_table1
[2026-04-23T14:36:51.091+0000] {structured_pipeline.py:124} INFO - [Normalize] Normalizing DataFrame with 4 columns
[2026-04-23T14:36:51.107+0000] {logging_mixin.py:151} WARNING - /opt/python-etl/pipelines/structured_pipeline.py:211 UserWarning: Could not infer format, so each element will be parsed individually, falling back to `dateutil`. To ensure parsing is consistent and as-expected, please specify a format.
[2026-04-23T14:36:51.129+0000] {pdf_pipeline.py:327} INFO - [pdf] Created table: data_coffeepdf_page9_table1
[2026-04-23T14:36:51.138+0000] {pdf_pipeline.py:340} INFO - [pdf] Loaded 12 rows into data_coffeepdf_page9_table1
[2026-04-23T14:36:51.146+0000] {pdf_pipeline.py:567} INFO - [pdf] Processed table 24: 12 rows, 4 columns
[2026-04-23T14:36:51.200+0000] {pdf_pipeline.py:263} INFO - [pdf] Uploaded table CSV -> processed/structured/pdf-tables/coffeepdf_page9_table2.csv
[2026-04-23T14:36:51.200+0000] {structured_pipeline.py:108} INFO - Table name: data_coffeepdf_page9_table2
[2026-04-23T14:36:51.208+0000] {structured_pipeline.py:124} INFO - [Normalize] Normalizing DataFrame with 5 columns
[2026-04-23T14:36:51.232+0000] {logging_mixin.py:151} WARNING - /opt/python-etl/pipelines/structured_pipeline.py:211 UserWarning: Could not infer format, so each element will be parsed individually, falling back to `dateutil`. To ensure parsing is consistent and as-expected, please specify a format.
[2026-04-23T14:36:51.247+0000] {logging_mixin.py:151} WARNING - /opt/python-etl/pipelines/structured_pipeline.py:211 UserWarning: Could not infer format, so each element will be parsed individually, falling back to `dateutil`. To ensure parsing is consistent and as-expected, please specify a format.
[2026-04-23T14:36:51.260+0000] {logging_mixin.py:151} WARNING - /opt/python-etl/pipelines/structured_pipeline.py:211 UserWarning: Could not infer format, so each element will be parsed individually, falling back to `dateutil`. To ensure parsing is consistent and as-expected, please specify a format.
[2026-04-23T14:36:51.273+0000] {logging_mixin.py:151} WARNING - /opt/python-etl/pipelines/structured_pipeline.py:211 UserWarning: Could not infer format, so each element will be parsed individually, falling back to `dateutil`. To ensure parsing is consistent and as-expected, please specify a format.
[2026-04-23T14:36:51.288+0000] {logging_mixin.py:151} WARNING - /opt/python-etl/pipelines/structured_pipeline.py:211 UserWarning: Could not infer format, so each element will be parsed individually, falling back to `dateutil`. To ensure parsing is consistent and as-expected, please specify a format.
[2026-04-23T14:36:51.306+0000] {pdf_pipeline.py:327} INFO - [pdf] Created table: data_coffeepdf_page9_table2
[2026-04-23T14:36:51.311+0000] {pdf_pipeline.py:340} INFO - [pdf] Loaded 4 rows into data_coffeepdf_page9_table2
[2026-04-23T14:36:51.315+0000] {pdf_pipeline.py:567} INFO - [pdf] Processed table 25: 4 rows, 5 columns
[2026-04-23T14:36:51.347+0000] {pdf_pipeline.py:263} INFO - [pdf] Uploaded table CSV -> processed/structured/pdf-tables/coffeepdf_page9_table3.csv
[2026-04-23T14:36:51.349+0000] {structured_pipeline.py:108} INFO - Table name: data_coffeepdf_page9_table3
[2026-04-23T14:36:51.352+0000] {structured_pipeline.py:124} INFO - [Normalize] Normalizing DataFrame with 5 columns
[2026-04-23T14:36:51.366+0000] {logging_mixin.py:151} WARNING - /opt/python-etl/pipelines/structured_pipeline.py:211 UserWarning: Could not infer format, so each element will be parsed individually, falling back to `dateutil`. To ensure parsing is consistent and as-expected, please specify a format.
[2026-04-23T14:36:51.374+0000] {logging_mixin.py:151} WARNING - /opt/python-etl/pipelines/structured_pipeline.py:211 UserWarning: Could not infer format, so each element will be parsed individually, falling back to `dateutil`. To ensure parsing is consistent and as-expected, please specify a format.
[2026-04-23T14:36:51.382+0000] {logging_mixin.py:151} WARNING - /opt/python-etl/pipelines/structured_pipeline.py:211 UserWarning: Could not infer format, so each element will be parsed individually, falling back to `dateutil`. To ensure parsing is consistent and as-expected, please specify a format.
[2026-04-23T14:36:51.388+0000] {logging_mixin.py:151} WARNING - /opt/python-etl/pipelines/structured_pipeline.py:211 UserWarning: Could not infer format, so each element will be parsed individually, falling back to `dateutil`. To ensure parsing is consistent and as-expected, please specify a format.
[2026-04-23T14:36:51.396+0000] {logging_mixin.py:151} WARNING - /opt/python-etl/pipelines/structured_pipeline.py:211 UserWarning: Could not infer format, so each element will be parsed individually, falling back to `dateutil`. To ensure parsing is consistent and as-expected, please specify a format.
[2026-04-23T14:36:51.404+0000] {pdf_pipeline.py:327} INFO - [pdf] Created table: data_coffeepdf_page9_table3
[2026-04-23T14:36:51.417+0000] {pdf_pipeline.py:340} INFO - [pdf] Loaded 6 rows into data_coffeepdf_page9_table3
[2026-04-23T14:36:51.420+0000] {pdf_pipeline.py:567} INFO - [pdf] Processed table 26: 6 rows, 5 columns
[2026-04-23T14:36:52.131+0000] {pdf_pipeline.py:263} INFO - [pdf] Uploaded table CSV -> processed/structured/pdf-tables/coffeepdf_page10_table1.csv
[2026-04-23T14:36:52.131+0000] {structured_pipeline.py:108} INFO - Table name: data_coffeepdf_page10_table1
[2026-04-23T14:36:52.136+0000] {structured_pipeline.py:124} INFO - [Normalize] Normalizing DataFrame with 3 columns
[2026-04-23T14:36:52.142+0000] {logging_mixin.py:151} WARNING - /opt/python-etl/pipelines/structured_pipeline.py:211 UserWarning: Could not infer format, so each element will be parsed individually, falling back to `dateutil`. To ensure parsing is consistent and as-expected, please specify a format.
[2026-04-23T14:36:52.152+0000] {pdf_pipeline.py:327} INFO - [pdf] Created table: data_coffeepdf_page10_table1
[2026-04-23T14:36:52.158+0000] {pdf_pipeline.py:340} INFO - [pdf] Loaded 3 rows into data_coffeepdf_page10_table1
[2026-04-23T14:36:52.160+0000] {pdf_pipeline.py:567} INFO - [pdf] Processed table 27: 3 rows, 3 columns
[2026-04-23T14:36:52.181+0000] {pdf_pipeline.py:263} INFO - [pdf] Uploaded table CSV -> processed/structured/pdf-tables/coffeepdf_page10_table2.csv
[2026-04-23T14:36:52.182+0000] {structured_pipeline.py:108} INFO - Table name: data_coffeepdf_page10_table2
[2026-04-23T14:36:52.183+0000] {structured_pipeline.py:124} INFO - [Normalize] Normalizing DataFrame with 4 columns
[2026-04-23T14:36:52.190+0000] {logging_mixin.py:151} WARNING - /opt/python-etl/pipelines/structured_pipeline.py:211 UserWarning: Could not infer format, so each element will be parsed individually, falling back to `dateutil`. To ensure parsing is consistent and as-expected, please specify a format.
[2026-04-23T14:36:52.203+0000] {pdf_pipeline.py:327} INFO - [pdf] Created table: data_coffeepdf_page10_table2
[2026-04-23T14:36:52.208+0000] {pdf_pipeline.py:340} INFO - [pdf] Loaded 12 rows into data_coffeepdf_page10_table2
[2026-04-23T14:36:52.211+0000] {pdf_pipeline.py:567} INFO - [pdf] Processed table 28: 12 rows, 4 columns
[2026-04-23T14:36:52.554+0000] {pdf_pipeline.py:263} INFO - [pdf] Uploaded table CSV -> processed/structured/pdf-tables/coffeepdf_page11_table1.csv
[2026-04-23T14:36:52.554+0000] {structured_pipeline.py:108} INFO - Table name: data_coffeepdf_page11_table1
[2026-04-23T14:36:52.559+0000] {structured_pipeline.py:124} INFO - [Normalize] Normalizing DataFrame with 5 columns
[2026-04-23T14:36:52.581+0000] {pdf_pipeline.py:327} INFO - [pdf] Created table: data_coffeepdf_page11_table1
[2026-04-23T14:36:52.585+0000] {pdf_pipeline.py:340} INFO - [pdf] Loaded 12 rows into data_coffeepdf_page11_table1
[2026-04-23T14:36:52.588+0000] {pdf_pipeline.py:567} INFO - [pdf] Processed table 29: 12 rows, 5 columns
[2026-04-23T14:36:52.589+0000] {pdf_pipeline.py:584} INFO - [pdf] Extracted 29 tables with 189 total rows
[2026-04-23T14:36:52.592+0000] {pdf_pipeline.py:615} INFO - [pdf] Marked raw entry as processed: raw/coffeepdf.pdf
[2026-04-23T14:36:52.594+0000] {pdf_pipeline.py:627} INFO - [pdf] Created processed catalog entry: processed/coffeepdf.pdf
[2026-04-23T14:36:52.600+0000] {pdf_pipeline.py:639} INFO - [pdf] Removed old catalog entry: raw/coffeepdf.pdf
[2026-04-23T14:36:52.601+0000] {pdf_pipeline.py:646} INFO - [pdf] ✅ Completed processing: raw/coffeepdf.pdf | pages=11 | tables=29 | rows=189 | text_chars=8510
[2026-04-23T14:36:52.601+0000] {etl_manager.py:287} INFO - ETL completed: raw/coffeepdf.pdf
[2026-04-23T14:36:52.602+0000] {logging_mixin.py:151} INFO - [DISPATCHER] Archiving raw/coffeepdf.pdf -> raw-data/2026-04-23/coffeepdf.pdf
[2026-04-23T14:36:52.642+0000] {logging_mixin.py:151} INFO - [DISPATCHER] Catalog updated for archive: raw-data/2026-04-23/coffeepdf.pdf
[2026-04-23T14:36:52.653+0000] {logging_mixin.py:151} INFO - [DISPATCHER] Completed & removed landing copy: raw/coffeepdf.pdf
[2026-04-23T14:36:52.654+0000] {logging_mixin.py:151} INFO - [DISPATCHER] Found file: raw/machinescoffeecsv.csv
[2026-04-23T14:36:52.712+0000] {structured_pipeline.py:624} INFO - [structured] Processing raw/machinescoffeecsv.csv
[2026-04-23T14:36:52.762+0000] {structured_pipeline.py:638} INFO - [structured] Downloaded 3983855 bytes
[2026-04-23T14:36:52.763+0000] {structured_pipeline.py:642} INFO - [structured] Detected file type: csv
[2026-04-23T14:36:52.779+0000] {structured_pipeline.py:22} INFO - Detected encoding: ascii (confidence: 1.00)
[2026-04-23T14:36:52.779+0000] {structured_pipeline.py:248} INFO - [CSV] Attempting to decode with ascii
[2026-04-23T14:36:52.800+0000] {structured_pipeline.py:41} INFO - Sniffer detected delimiter: ','
[2026-04-23T14:36:52.801+0000] {structured_pipeline.py:279} INFO - [CSV] Read attempt 1
[2026-04-23T14:36:53.590+0000] {structured_pipeline.py:283} INFO - [CSV] Successfully read 25672 rows with 14 columns
[2026-04-23T14:36:53.592+0000] {structured_pipeline.py:665} INFO - [structured] Initial read: 25672 rows, 14 columns
[2026-04-23T14:36:53.593+0000] {structured_pipeline.py:374} INFO - [Clean] Cleaning dataframe...
[2026-04-23T14:36:54.334+0000] {structured_pipeline.py:399} INFO - [Clean] Cleaned dataframe: 25672 rows, 14 columns
[2026-04-23T14:36:54.337+0000] {structured_pipeline.py:108} INFO - Table name: data_machinescoffeecsv
[2026-04-23T14:36:54.338+0000] {structured_pipeline.py:124} INFO - [Normalize] Normalizing DataFrame with 14 columns
[2026-04-23T14:36:54.417+0000] {logging_mixin.py:151} WARNING - /opt/python-etl/pipelines/structured_pipeline.py:211 UserWarning: Could not infer format, so each element will be parsed individually, falling back to `dateutil`. To ensure parsing is consistent and as-expected, please specify a format.
[2026-04-23T14:36:54.418+0000] {structured_pipeline.py:419} INFO - [PostgreSQL] Column 'series_reference' -> TEXT
[2026-04-23T14:36:54.426+0000] {structured_pipeline.py:419} INFO - [PostgreSQL] Column 'period' -> NUMERIC
[2026-04-23T14:36:54.441+0000] {structured_pipeline.py:419} INFO - [PostgreSQL] Column 'data_value' -> NUMERIC
[2026-04-23T14:36:54.452+0000] {logging_mixin.py:151} WARNING - /opt/python-etl/pipelines/structured_pipeline.py:211 UserWarning: Could not infer format, so each element will be parsed individually, falling back to `dateutil`. To ensure parsing is consistent and as-expected, please specify a format.
[2026-04-23T14:36:54.453+0000] {structured_pipeline.py:419} INFO - [PostgreSQL] Column 'suppressed' -> TEXT
[2026-04-23T14:36:54.472+0000] {logging_mixin.py:151} WARNING - /opt/python-etl/pipelines/structured_pipeline.py:211 UserWarning: Could not infer format, so each element will be parsed individually, falling back to `dateutil`. To ensure parsing is consistent and as-expected, please specify a format.
[2026-04-23T14:36:54.476+0000] {structured_pipeline.py:419} INFO - [PostgreSQL] Column 'status' -> TEXT
[2026-04-23T14:36:54.494+0000] {logging_mixin.py:151} WARNING - /opt/python-etl/pipelines/structured_pipeline.py:211 UserWarning: Could not infer format, so each element will be parsed individually, falling back to `dateutil`. To ensure parsing is consistent and as-expected, please specify a format.
[2026-04-23T14:36:54.495+0000] {structured_pipeline.py:419} INFO - [PostgreSQL] Column 'units' -> TEXT
[2026-04-23T14:36:54.502+0000] {structured_pipeline.py:419} INFO - [PostgreSQL] Column 'magnitude' -> INTEGER
[2026-04-23T14:36:54.523+0000] {logging_mixin.py:151} WARNING - /opt/python-etl/pipelines/structured_pipeline.py:211 UserWarning: Could not infer format, so each element will be parsed individually, falling back to `dateutil`. To ensure parsing is consistent and as-expected, please specify a format.
[2026-04-23T14:36:54.524+0000] {structured_pipeline.py:419} INFO - [PostgreSQL] Column 'subject' -> TEXT
[2026-04-23T14:36:54.546+0000] {logging_mixin.py:151} WARNING - /opt/python-etl/pipelines/structured_pipeline.py:211 UserWarning: Could not infer format, so each element will be parsed individually, falling back to `dateutil`. To ensure parsing is consistent and as-expected, please specify a format.
[2026-04-23T14:36:54.547+0000] {structured_pipeline.py:419} INFO - [PostgreSQL] Column 'group' -> TEXT
[2026-04-23T14:36:54.569+0000] {logging_mixin.py:151} WARNING - /opt/python-etl/pipelines/structured_pipeline.py:211 UserWarning: Could not infer format, so each element will be parsed individually, falling back to `dateutil`. To ensure parsing is consistent and as-expected, please specify a format.
[2026-04-23T14:36:54.570+0000] {structured_pipeline.py:419} INFO - [PostgreSQL] Column 'series_title_1' -> TEXT
[2026-04-23T14:36:54.592+0000] {logging_mixin.py:151} WARNING - /opt/python-etl/pipelines/structured_pipeline.py:211 UserWarning: Could not infer format, so each element will be parsed individually, falling back to `dateutil`. To ensure parsing is consistent and as-expected, please specify a format.
[2026-04-23T14:36:54.594+0000] {structured_pipeline.py:419} INFO - [PostgreSQL] Column 'series_title_2' -> TEXT
[2026-04-23T14:36:54.611+0000] {logging_mixin.py:151} WARNING - /opt/python-etl/pipelines/structured_pipeline.py:211 UserWarning: Could not infer format, so each element will be parsed individually, falling back to `dateutil`. To ensure parsing is consistent and as-expected, please specify a format.
[2026-04-23T14:36:54.612+0000] {structured_pipeline.py:419} INFO - [PostgreSQL] Column 'series_title_3' -> TEXT
[2026-04-23T14:36:54.613+0000] {structured_pipeline.py:419} INFO - [PostgreSQL] Column 'series_title_4' -> TEXT
[2026-04-23T14:36:54.614+0000] {structured_pipeline.py:419} INFO - [PostgreSQL] Column 'series_title_5' -> TEXT
[2026-04-23T14:36:54.621+0000] {structured_pipeline.py:431} INFO - [PostgreSQL] Dropped existing table: data_machinescoffeecsv
[2026-04-23T14:36:54.632+0000] {structured_pipeline.py:435} INFO - [PostgreSQL] Created table: data_machinescoffeecsv
[2026-04-23T14:36:57.464+0000] {structured_pipeline.py:562} INFO - [PostgreSQL] Loaded 25672 rows into data_machinescoffeecsv
[2026-04-23T14:36:57.479+0000] {structured_pipeline.py:576} INFO - [Parquet] Writing Parquet file...
[2026-04-23T14:36:57.985+0000] {structured_pipeline.py:603} INFO - [Parquet] Saved to: processed/structured/machinescoffeecsv.parquet
[2026-04-23T14:36:58.016+0000] {structured_pipeline.py:723} INFO - [structured] Removed old catalog entry: raw/machinescoffeecsv.csv
[2026-04-23T14:36:58.017+0000] {structured_pipeline.py:728} INFO - [structured] ✅ Successfully processed raw/machinescoffeecsv.csv -> processed/structured/machinescoffeecsv.parquet
[2026-04-23T14:36:58.029+0000] {etl_manager.py:287} INFO - ETL completed: raw/machinescoffeecsv.csv
[2026-04-23T14:36:58.030+0000] {logging_mixin.py:151} INFO - [DISPATCHER] Archiving raw/machinescoffeecsv.csv -> raw-data/2026-04-23/machinescoffeecsv.csv
[2026-04-23T14:36:58.216+0000] {logging_mixin.py:151} INFO - [DISPATCHER] Catalog updated for archive: raw-data/2026-04-23/machinescoffeecsv.csv
[2026-04-23T14:36:58.243+0000] {logging_mixin.py:151} INFO - [DISPATCHER] Completed & removed landing copy: raw/machinescoffeecsv.csv
[2026-04-23T14:36:58.249+0000] {logging_mixin.py:151} INFO - [DISPATCHER] Found file: raw/winpicjpg.jpg
[2026-04-23T14:36:58.354+0000] {image_pipeline.py:298} INFO - [image] Processing raw/winpicjpg.jpg
[2026-04-23T14:36:58.446+0000] {image_pipeline.py:319} INFO - [image] 1014x715 | format=JPEG | mode=RGB
[2026-04-23T14:36:58.447+0000] {image_pipeline.py:327} INFO - [image] Running Moondream2 VLM...
[2026-04-23T14:44:03.677+0000] {image_pipeline.py:217} INFO - [image] Moondream caption: 
The image is a black and white newspaper article titled "First Looks" that discusses the latest updates to Windows anti
[2026-04-23T14:45:50.087+0000] {image_pipeline.py:228} INFO - [image] Moondream text: 284 chars
[2026-04-23T14:45:57.360+0000] {image_pipeline.py:335} INFO - [image] Running Tesseract OCR...
[2026-04-23T14:49:07.361+0000] {image_pipeline.py:254} INFO - [image] OCR extracted 2089 characters
[2026-04-23T14:49:07.378+0000] {image_pipeline.py:365} INFO - [image] Combined text (2752 chars) → processed/unstructured/text-extracted/winpicjpg.txt
[2026-04-23T14:49:07.394+0000] {image_pipeline.py:380} INFO - [image] Created catalog entry for extracted text: processed/unstructured/text-extracted/winpicjpg.txt
[2026-04-23T14:49:07.444+0000] {image_pipeline.py:432} ERROR - [image] Failed writing to unstructured_images: there is no unique or exclusion constraint matching the ON CONFLICT specification
Traceback (most recent call last):
  File "/opt/python-etl/pipelines/image_pipeline.py", line 411, in process_minio_object
    cursor.execute(
psycopg2.errors.InvalidColumnReference: there is no unique or exclusion constraint matching the ON CONFLICT specification

[2026-04-23T14:49:07.450+0000] {image_pipeline.py:461} INFO - [image] Marked raw entry as processed: raw/winpicjpg.jpg
[2026-04-23T14:49:07.454+0000] {image_pipeline.py:473} INFO - [image] Created processed catalog entry: processed/winpicjpg.jpg
[2026-04-23T14:49:07.457+0000] {image_pipeline.py:485} INFO - [image] Removed old catalog entry: raw/winpicjpg.jpg
[2026-04-23T14:49:07.457+0000] {image_pipeline.py:489} INFO - [image] ✅ Completed raw/winpicjpg.jpg -> processed/winpicjpg.jpg | 1014x715 | fmt=JPEG | ocr=yes | vlm=yes | text_chars=2752
[2026-04-23T14:49:07.458+0000] {etl_manager.py:287} INFO - ETL completed: raw/winpicjpg.jpg
[2026-04-23T14:49:07.459+0000] {logging_mixin.py:151} INFO - [DISPATCHER] Archiving raw/winpicjpg.jpg -> raw-data/2026-04-23/winpicjpg.jpg
[2026-04-23T14:49:07.498+0000] {logging_mixin.py:151} INFO - [DISPATCHER] Catalog updated for archive: raw-data/2026-04-23/winpicjpg.jpg
[2026-04-23T14:49:07.508+0000] {logging_mixin.py:151} INFO - [DISPATCHER] Completed & removed landing copy: raw/winpicjpg.jpg
[2026-04-23T14:49:07.513+0000] {python.py:194} INFO - Done. Returned value was: None
[2026-04-23T14:49:07.586+0000] {taskinstance.py:1398} INFO - Marking task as SUCCESS. dag_id=distillationDAG, task_id=scan_minio_and_dispatch, execution_date=20260423T143526, start_date=20260423T143635, end_date=20260423T144907
[2026-04-23T14:49:07.752+0000] {local_task_job_runner.py:228} INFO - Task exited with return code 0
[2026-04-23T14:49:07.838+0000] {taskinstance.py:2776} INFO - 0 downstream tasks scheduled from follow-on schedule check
