[2026-02-27T09:20:16.647+0000] {taskinstance.py:1157} INFO - Dependencies all met for dep_context=non-requeueable deps ti=<TaskInstance: distillationDAG.scan_minio_and_dispatch scheduled__2026-02-27T09:19:30.096025+00:00 [queued]>
[2026-02-27T09:20:16.657+0000] {taskinstance.py:1157} INFO - Dependencies all met for dep_context=requeueable deps ti=<TaskInstance: distillationDAG.scan_minio_and_dispatch scheduled__2026-02-27T09:19:30.096025+00:00 [queued]>
[2026-02-27T09:20:16.658+0000] {taskinstance.py:1359} INFO - Starting attempt 1 of 4
[2026-02-27T09:20:16.675+0000] {taskinstance.py:1380} INFO - Executing <Task(PythonOperator): scan_minio_and_dispatch> on 2026-02-27 09:19:30.096025+00:00
[2026-02-27T09:20:16.682+0000] {standard_task_runner.py:57} INFO - Started process 1889 to run task
[2026-02-27T09:20:16.686+0000] {standard_task_runner.py:84} INFO - Running: ['***', 'tasks', 'run', 'distillationDAG', 'scan_minio_and_dispatch', 'scheduled__2026-02-27T09:19:30.096025+00:00', '--job-id', '1980', '--raw', '--subdir', 'DAGS_FOLDER/dispatcher_pipeline_dag.py', '--cfg-path', '/tmp/tmp4uf84tx5']
[2026-02-27T09:20:16.689+0000] {standard_task_runner.py:85} INFO - Job 1980: Subtask scan_minio_and_dispatch
[2026-02-27T09:20:16.762+0000] {task_command.py:415} INFO - Running <TaskInstance: distillationDAG.scan_minio_and_dispatch scheduled__2026-02-27T09:19:30.096025+00:00 [running]> on host 17944091c9eb
[2026-02-27T09:20:17.066+0000] {taskinstance.py:1660} INFO - Exporting env vars: AIRFLOW_CTX_DAG_OWNER='***' AIRFLOW_CTX_DAG_ID='distillationDAG' AIRFLOW_CTX_TASK_ID='scan_minio_and_dispatch' AIRFLOW_CTX_EXECUTION_DATE='2026-02-27T09:19:30.096025+00:00' AIRFLOW_CTX_TRY_NUMBER='1' AIRFLOW_CTX_DAG_RUN_ID='scheduled__2026-02-27T09:19:30.096025+00:00'
[2026-02-27T09:20:17.079+0000] {logging_mixin.py:151} INFO - [DISPATCHER] Found file: raw/doc10_research_data.pdf
[2026-02-27T09:20:17.491+0000] {pdf_pipeline.py:478} INFO - [pdf] Processing raw/doc10_research_data.pdf
[2026-02-27T09:20:17.496+0000] {pdf_pipeline.py:532} INFO - [pdf] Extracting text from PDF...
[2026-02-27T09:20:17.552+0000] {pdf_pipeline.py:554} INFO - [pdf] Extracted 1132 characters of text from 3 pages
[2026-02-27T09:20:17.557+0000] {pdf_pipeline.py:573} INFO - [pdf] Uploaded extracted text -> processed/unstructured/text-extracted/doc10_research_data.txt
[2026-02-27T09:20:17.587+0000] {pdf_pipeline.py:86} WARNING - [pdf] Could not add UNIQUE constraint: could not create unique index "unstructured_documents_content_hash_key"
DETAIL:  Key (content_hash)=(a95d20adcf0b6ad918e0139c6c2e7fe32b571130949496df092301cfbc685f2e) is duplicated.

[2026-02-27T09:20:17.593+0000] {pdf_pipeline.py:154} INFO - [pdf] Inserted new record into unstructured_documents for raw/doc10_research_data.pdf
[2026-02-27T09:20:17.595+0000] {pdf_pipeline.py:596} INFO - [pdf] Extracting tables from PDF...
[2026-02-27T09:20:17.717+0000] {pdf_pipeline.py:615} INFO - [pdf] Page 2: pdfplumber found 2 header-only table(s); rect-based fallback found 2 table(s)
[2026-02-27T09:20:17.755+0000] {pdf_pipeline.py:345} INFO - [pdf] Uploaded table CSV -> processed/structured/pdf-tables/doc10_research_data_page2_table1.csv
[2026-02-27T09:20:17.756+0000] {structured_pipeline.py:108} INFO - Table name: data_doc10_research_data_page2_table1
[2026-02-27T09:20:17.759+0000] {structured_pipeline.py:124} INFO - [Normalize] Normalizing DataFrame with 5 columns
[2026-02-27T09:20:17.764+0000] {logging_mixin.py:151} WARNING - /opt/python-etl/pipelines/structured_pipeline.py:190 UserWarning: Could not infer format, so each element will be parsed individually, falling back to `dateutil`. To ensure parsing is consistent and as-expected, please specify a format.
[2026-02-27T09:20:17.768+0000] {logging_mixin.py:151} WARNING - /opt/python-etl/pipelines/structured_pipeline.py:190 UserWarning: Could not infer format, so each element will be parsed individually, falling back to `dateutil`. To ensure parsing is consistent and as-expected, please specify a format.
[2026-02-27T09:20:17.770+0000] {logging_mixin.py:151} WARNING - /opt/python-etl/pipelines/structured_pipeline.py:190 UserWarning: Could not infer format, so each element will be parsed individually, falling back to `dateutil`. To ensure parsing is consistent and as-expected, please specify a format.
[2026-02-27T09:20:17.772+0000] {logging_mixin.py:151} WARNING - /opt/python-etl/pipelines/structured_pipeline.py:190 UserWarning: Could not infer format, so each element will be parsed individually, falling back to `dateutil`. To ensure parsing is consistent and as-expected, please specify a format.
[2026-02-27T09:20:17.774+0000] {logging_mixin.py:151} WARNING - /opt/python-etl/pipelines/structured_pipeline.py:190 UserWarning: Could not infer format, so each element will be parsed individually, falling back to `dateutil`. To ensure parsing is consistent and as-expected, please specify a format.
[2026-02-27T09:20:17.779+0000] {pdf_pipeline.py:409} INFO - [pdf] Created table: data_doc10_research_data_page2_table1
[2026-02-27T09:20:17.782+0000] {pdf_pipeline.py:422} INFO - [pdf] Loaded 5 rows into data_doc10_research_data_page2_table1
[2026-02-27T09:20:17.785+0000] {pdf_pipeline.py:658} INFO - [pdf] Processed table 1: 5 rows, 5 columns
[2026-02-27T09:20:17.797+0000] {pdf_pipeline.py:345} INFO - [pdf] Uploaded table CSV -> processed/structured/pdf-tables/doc10_research_data_page2_table2.csv
[2026-02-27T09:20:17.797+0000] {structured_pipeline.py:108} INFO - Table name: data_doc10_research_data_page2_table2
[2026-02-27T09:20:17.798+0000] {structured_pipeline.py:124} INFO - [Normalize] Normalizing DataFrame with 5 columns
[2026-02-27T09:20:17.800+0000] {logging_mixin.py:151} WARNING - /opt/python-etl/pipelines/structured_pipeline.py:190 UserWarning: Could not infer format, so each element will be parsed individually, falling back to `dateutil`. To ensure parsing is consistent and as-expected, please specify a format.
[2026-02-27T09:20:17.802+0000] {logging_mixin.py:151} WARNING - /opt/python-etl/pipelines/structured_pipeline.py:190 UserWarning: Could not infer format, so each element will be parsed individually, falling back to `dateutil`. To ensure parsing is consistent and as-expected, please specify a format.
[2026-02-27T09:20:17.806+0000] {logging_mixin.py:151} WARNING - /opt/python-etl/pipelines/structured_pipeline.py:190 UserWarning: Could not infer format, so each element will be parsed individually, falling back to `dateutil`. To ensure parsing is consistent and as-expected, please specify a format.
[2026-02-27T09:20:17.808+0000] {logging_mixin.py:151} WARNING - /opt/python-etl/pipelines/structured_pipeline.py:190 UserWarning: Could not infer format, so each element will be parsed individually, falling back to `dateutil`. To ensure parsing is consistent and as-expected, please specify a format.
[2026-02-27T09:20:17.810+0000] {logging_mixin.py:151} WARNING - /opt/python-etl/pipelines/structured_pipeline.py:190 UserWarning: Could not infer format, so each element will be parsed individually, falling back to `dateutil`. To ensure parsing is consistent and as-expected, please specify a format.
[2026-02-27T09:20:17.812+0000] {pdf_pipeline.py:409} INFO - [pdf] Created table: data_doc10_research_data_page2_table2
[2026-02-27T09:20:17.815+0000] {pdf_pipeline.py:422} INFO - [pdf] Loaded 5 rows into data_doc10_research_data_page2_table2
[2026-02-27T09:20:17.817+0000] {pdf_pipeline.py:658} INFO - [pdf] Processed table 2: 5 rows, 5 columns
[2026-02-27T09:20:17.869+0000] {pdf_pipeline.py:615} INFO - [pdf] Page 3: pdfplumber found 1 header-only table(s); rect-based fallback found 1 table(s)
[2026-02-27T09:20:17.877+0000] {pdf_pipeline.py:345} INFO - [pdf] Uploaded table CSV -> processed/structured/pdf-tables/doc10_research_data_page3_table1.csv
[2026-02-27T09:20:17.877+0000] {structured_pipeline.py:108} INFO - Table name: data_doc10_research_data_page3_table1
[2026-02-27T09:20:17.878+0000] {structured_pipeline.py:124} INFO - [Normalize] Normalizing DataFrame with 5 columns
[2026-02-27T09:20:17.881+0000] {logging_mixin.py:151} WARNING - /opt/python-etl/pipelines/structured_pipeline.py:190 UserWarning: Could not infer format, so each element will be parsed individually, falling back to `dateutil`. To ensure parsing is consistent and as-expected, please specify a format.
[2026-02-27T09:20:17.883+0000] {logging_mixin.py:151} WARNING - /opt/python-etl/pipelines/structured_pipeline.py:190 UserWarning: Could not infer format, so each element will be parsed individually, falling back to `dateutil`. To ensure parsing is consistent and as-expected, please specify a format.
[2026-02-27T09:20:17.885+0000] {logging_mixin.py:151} WARNING - /opt/python-etl/pipelines/structured_pipeline.py:190 UserWarning: Could not infer format, so each element will be parsed individually, falling back to `dateutil`. To ensure parsing is consistent and as-expected, please specify a format.
[2026-02-27T09:20:17.888+0000] {logging_mixin.py:151} WARNING - /opt/python-etl/pipelines/structured_pipeline.py:190 UserWarning: Could not infer format, so each element will be parsed individually, falling back to `dateutil`. To ensure parsing is consistent and as-expected, please specify a format.
[2026-02-27T09:20:17.890+0000] {logging_mixin.py:151} WARNING - /opt/python-etl/pipelines/structured_pipeline.py:190 UserWarning: Could not infer format, so each element will be parsed individually, falling back to `dateutil`. To ensure parsing is consistent and as-expected, please specify a format.
[2026-02-27T09:20:17.892+0000] {pdf_pipeline.py:409} INFO - [pdf] Created table: data_doc10_research_data_page3_table1
[2026-02-27T09:20:17.894+0000] {pdf_pipeline.py:422} INFO - [pdf] Loaded 4 rows into data_doc10_research_data_page3_table1
[2026-02-27T09:20:17.897+0000] {pdf_pipeline.py:658} INFO - [pdf] Processed table 3: 4 rows, 5 columns
[2026-02-27T09:20:17.897+0000] {pdf_pipeline.py:675} INFO - [pdf] Extracted 3 tables with 14 total rows
[2026-02-27T09:20:17.900+0000] {pdf_pipeline.py:703} INFO - [pdf] Updated catalog for raw/doc10_research_data.pdf
[2026-02-27T09:20:17.900+0000] {pdf_pipeline.py:708} INFO - [pdf] ✅ Completed processing: raw/doc10_research_data.pdf | pages=3 | tables=3 | rows=14 | text_chars=1132
[2026-02-27T09:20:17.900+0000] {etl_manager.py:306} INFO - ETL completed: raw/doc10_research_data.pdf
[2026-02-27T09:20:17.901+0000] {logging_mixin.py:151} INFO - [DISPATCHER] Archiving raw/doc10_research_data.pdf -> raw-data/2026-02-27/doc10_research_data.pdf
[2026-02-27T09:20:17.909+0000] {logging_mixin.py:151} INFO - [DISPATCHER] Completed & removed landing copy: raw/doc10_research_data.pdf
[2026-02-27T09:20:17.909+0000] {logging_mixin.py:151} INFO - [DISPATCHER] Found file: raw/doc10_research_dataaaaaa.docx
[2026-02-27T09:20:17.926+0000] {docx_pipeline.py:452} INFO - [docx] Processing raw/doc10_research_dataaaaaa.docx
[2026-02-27T09:20:17.931+0000] {docx_pipeline.py:509} INFO - [docx] Extracting text…
[2026-02-27T09:20:17.943+0000] {docx_pipeline.py:511} INFO - [docx] Extracted 194 characters of text
[2026-02-27T09:20:17.944+0000] {docx_pipeline.py:516} INFO - [docx] Extracting tables…
[2026-02-27T09:20:17.961+0000] {docx_pipeline.py:518} INFO - [docx] Found 3 table(s)
[2026-02-27T09:20:17.965+0000] {docx_pipeline.py:543} INFO - [docx] Uploaded extracted text → processed/unstructured/text-extracted/doc10_research_dataaaaaa.txt
[2026-02-27T09:20:17.967+0000] {docx_pipeline.py:193} WARNING - [docx] Could not add UNIQUE constraint: could not create unique index "unstructured_documents_content_hash_key"
DETAIL:  Key (content_hash)=(a95d20adcf0b6ad918e0139c6c2e7fe32b571130949496df092301cfbc685f2e) is duplicated.

[2026-02-27T09:20:17.968+0000] {docx_pipeline.py:257} INFO - [docx] Inserted into unstructured_documents for raw/doc10_research_dataaaaaa.docx
[2026-02-27T09:20:17.969+0000] {docx_pipeline.py:564} INFO - [docx] Processing 3 table(s)…
[2026-02-27T09:20:17.978+0000] {docx_pipeline.py:310} INFO - [docx] Uploaded table CSV → processed/structured/docx-tables/doc10_research_dataaaaaa_table_1.csv
[2026-02-27T09:20:17.978+0000] {structured_pipeline.py:108} INFO - Table name: data_doc10_research_dataaaaaa_table_1
[2026-02-27T09:20:17.979+0000] {structured_pipeline.py:124} INFO - [Normalize] Normalizing DataFrame with 5 columns
[2026-02-27T09:20:17.981+0000] {logging_mixin.py:151} WARNING - /opt/python-etl/pipelines/structured_pipeline.py:190 UserWarning: Could not infer format, so each element will be parsed individually, falling back to `dateutil`. To ensure parsing is consistent and as-expected, please specify a format.
[2026-02-27T09:20:17.983+0000] {logging_mixin.py:151} WARNING - /opt/python-etl/pipelines/structured_pipeline.py:190 UserWarning: Could not infer format, so each element will be parsed individually, falling back to `dateutil`. To ensure parsing is consistent and as-expected, please specify a format.
[2026-02-27T09:20:17.984+0000] {logging_mixin.py:151} WARNING - /opt/python-etl/pipelines/structured_pipeline.py:190 UserWarning: Could not infer format, so each element will be parsed individually, falling back to `dateutil`. To ensure parsing is consistent and as-expected, please specify a format.
[2026-02-27T09:20:17.986+0000] {logging_mixin.py:151} WARNING - /opt/python-etl/pipelines/structured_pipeline.py:190 UserWarning: Could not infer format, so each element will be parsed individually, falling back to `dateutil`. To ensure parsing is consistent and as-expected, please specify a format.
[2026-02-27T09:20:17.987+0000] {logging_mixin.py:151} WARNING - /opt/python-etl/pipelines/structured_pipeline.py:190 UserWarning: Could not infer format, so each element will be parsed individually, falling back to `dateutil`. To ensure parsing is consistent and as-expected, please specify a format.
[2026-02-27T09:20:17.989+0000] {docx_pipeline.py:378} INFO - [docx] Created table: data_doc10_research_dataaaaaa_table_1
[2026-02-27T09:20:17.991+0000] {docx_pipeline.py:390} INFO - [docx] Loaded 4 rows into 'data_doc10_research_dataaaaaa_table_1'
[2026-02-27T09:20:17.994+0000] {docx_pipeline.py:587} INFO - [docx] Processed table 1/3: 4 rows × 5 cols
[2026-02-27T09:20:18.006+0000] {docx_pipeline.py:310} INFO - [docx] Uploaded table CSV → processed/structured/docx-tables/doc10_research_dataaaaaa_table_2.csv
[2026-02-27T09:20:18.006+0000] {structured_pipeline.py:108} INFO - Table name: data_doc10_research_dataaaaaa_table_2
[2026-02-27T09:20:18.007+0000] {structured_pipeline.py:124} INFO - [Normalize] Normalizing DataFrame with 5 columns
[2026-02-27T09:20:18.010+0000] {logging_mixin.py:151} WARNING - /opt/python-etl/pipelines/structured_pipeline.py:190 UserWarning: Could not infer format, so each element will be parsed individually, falling back to `dateutil`. To ensure parsing is consistent and as-expected, please specify a format.
[2026-02-27T09:20:18.011+0000] {logging_mixin.py:151} WARNING - /opt/python-etl/pipelines/structured_pipeline.py:190 UserWarning: Could not infer format, so each element will be parsed individually, falling back to `dateutil`. To ensure parsing is consistent and as-expected, please specify a format.
[2026-02-27T09:20:18.015+0000] {logging_mixin.py:151} WARNING - /opt/python-etl/pipelines/structured_pipeline.py:190 UserWarning: Could not infer format, so each element will be parsed individually, falling back to `dateutil`. To ensure parsing is consistent and as-expected, please specify a format.
[2026-02-27T09:20:18.017+0000] {docx_pipeline.py:378} INFO - [docx] Created table: data_doc10_research_dataaaaaa_table_2
[2026-02-27T09:20:18.019+0000] {docx_pipeline.py:390} INFO - [docx] Loaded 4 rows into 'data_doc10_research_dataaaaaa_table_2'
[2026-02-27T09:20:18.021+0000] {docx_pipeline.py:587} INFO - [docx] Processed table 2/3: 4 rows × 5 cols
[2026-02-27T09:20:18.029+0000] {docx_pipeline.py:310} INFO - [docx] Uploaded table CSV → processed/structured/docx-tables/doc10_research_dataaaaaa_table_3.csv
[2026-02-27T09:20:18.029+0000] {structured_pipeline.py:108} INFO - Table name: data_doc10_research_dataaaaaa_table_3
[2026-02-27T09:20:18.030+0000] {structured_pipeline.py:124} INFO - [Normalize] Normalizing DataFrame with 5 columns
[2026-02-27T09:20:18.032+0000] {logging_mixin.py:151} WARNING - /opt/python-etl/pipelines/structured_pipeline.py:190 UserWarning: Could not infer format, so each element will be parsed individually, falling back to `dateutil`. To ensure parsing is consistent and as-expected, please specify a format.
[2026-02-27T09:20:18.034+0000] {logging_mixin.py:151} WARNING - /opt/python-etl/pipelines/structured_pipeline.py:190 UserWarning: Could not infer format, so each element will be parsed individually, falling back to `dateutil`. To ensure parsing is consistent and as-expected, please specify a format.
[2026-02-27T09:20:18.036+0000] {logging_mixin.py:151} WARNING - /opt/python-etl/pipelines/structured_pipeline.py:190 UserWarning: Could not infer format, so each element will be parsed individually, falling back to `dateutil`. To ensure parsing is consistent and as-expected, please specify a format.
[2026-02-27T09:20:18.038+0000] {logging_mixin.py:151} WARNING - /opt/python-etl/pipelines/structured_pipeline.py:190 UserWarning: Could not infer format, so each element will be parsed individually, falling back to `dateutil`. To ensure parsing is consistent and as-expected, please specify a format.
[2026-02-27T09:20:18.040+0000] {logging_mixin.py:151} WARNING - /opt/python-etl/pipelines/structured_pipeline.py:190 UserWarning: Could not infer format, so each element will be parsed individually, falling back to `dateutil`. To ensure parsing is consistent and as-expected, please specify a format.
[2026-02-27T09:20:18.041+0000] {docx_pipeline.py:378} INFO - [docx] Created table: data_doc10_research_dataaaaaa_table_3
[2026-02-27T09:20:18.043+0000] {docx_pipeline.py:390} INFO - [docx] Loaded 4 rows into 'data_doc10_research_dataaaaaa_table_3'
[2026-02-27T09:20:18.045+0000] {docx_pipeline.py:587} INFO - [docx] Processed table 3/3: 4 rows × 5 cols
[2026-02-27T09:20:18.050+0000] {docx_pipeline.py:623} INFO - [docx] Updated catalog for raw/doc10_research_dataaaaaa.docx
[2026-02-27T09:20:18.050+0000] {docx_pipeline.py:629} INFO - [docx] ✅ Completed raw/doc10_research_dataaaaaa.docx | tables=3 | total_rows=12 | text_chars=194
[2026-02-27T09:20:18.051+0000] {etl_manager.py:306} INFO - ETL completed: raw/doc10_research_dataaaaaa.docx
[2026-02-27T09:20:18.051+0000] {logging_mixin.py:151} INFO - [DISPATCHER] Archiving raw/doc10_research_dataaaaaa.docx -> raw-data/2026-02-27/doc10_research_dataaaaaa.docx
[2026-02-27T09:20:18.058+0000] {logging_mixin.py:151} INFO - [DISPATCHER] Completed & removed landing copy: raw/doc10_research_dataaaaaa.docx
[2026-02-27T09:20:18.059+0000] {python.py:194} INFO - Done. Returned value was: None
[2026-02-27T09:20:18.073+0000] {taskinstance.py:1398} INFO - Marking task as SUCCESS. dag_id=distillationDAG, task_id=scan_minio_and_dispatch, execution_date=20260227T091930, start_date=20260227T092016, end_date=20260227T092018
[2026-02-27T09:20:18.109+0000] {local_task_job_runner.py:228} INFO - Task exited with return code 0
[2026-02-27T09:20:18.134+0000] {taskinstance.py:2776} INFO - 0 downstream tasks scheduled from follow-on schedule check
