[2025-11-19T19:45:10.891+0000] {taskinstance.py:1157} INFO - Dependencies all met for dep_context=non-requeueable deps ti=<TaskInstance: local_to_minio_ingestion.ingest_local_folder scheduled__2025-11-19T19:44:15.360911+00:00 [queued]>
[2025-11-19T19:45:10.904+0000] {taskinstance.py:1157} INFO - Dependencies all met for dep_context=requeueable deps ti=<TaskInstance: local_to_minio_ingestion.ingest_local_folder scheduled__2025-11-19T19:44:15.360911+00:00 [queued]>
[2025-11-19T19:45:10.905+0000] {taskinstance.py:1359} INFO - Starting attempt 3 of 4
[2025-11-19T19:45:10.925+0000] {taskinstance.py:1380} INFO - Executing <Task(PythonOperator): ingest_local_folder> on 2025-11-19 19:44:15.360911+00:00
[2025-11-19T19:45:10.936+0000] {standard_task_runner.py:57} INFO - Started process 320 to run task
[2025-11-19T19:45:10.945+0000] {standard_task_runner.py:84} INFO - Running: ['***', 'tasks', 'run', 'local_to_minio_ingestion', 'ingest_local_folder', 'scheduled__2025-11-19T19:44:15.360911+00:00', '--job-id', '252', '--raw', '--subdir', 'DAGS_FOLDER/ingest_local_folder_dag.py', '--cfg-path', '/tmp/tmpglq1tj2t']
[2025-11-19T19:45:10.950+0000] {standard_task_runner.py:85} INFO - Job 252: Subtask ingest_local_folder
[2025-11-19T19:45:10.994+0000] {logging_mixin.py:151} WARNING - /home/***/.local/lib/python3.11/site-packages/***/settings.py:195 DeprecationWarning: The sql_alchemy_conn option in [core] has been moved to the sql_alchemy_conn option in [database] - the old setting has been used, but please update your config.
[2025-11-19T19:45:11.083+0000] {task_command.py:415} INFO - Running <TaskInstance: local_to_minio_ingestion.ingest_local_folder scheduled__2025-11-19T19:44:15.360911+00:00 [running]> on host 344d3c5d0a69
[2025-11-19T19:45:11.261+0000] {taskinstance.py:1660} INFO - Exporting env vars: AIRFLOW_CTX_DAG_OWNER='***' AIRFLOW_CTX_DAG_ID='local_to_minio_ingestion' AIRFLOW_CTX_TASK_ID='ingest_local_folder' AIRFLOW_CTX_EXECUTION_DATE='2025-11-19T19:44:15.360911+00:00' AIRFLOW_CTX_TRY_NUMBER='3' AIRFLOW_CTX_DAG_RUN_ID='scheduled__2025-11-19T19:44:15.360911+00:00'
[2025-11-19T19:45:11.297+0000] {logging_mixin.py:151} INFO - Uploaded products.csv → MinIO raw/
[2025-11-19T19:45:11.298+0000] {taskinstance.py:1935} ERROR - Task failed with exception
Traceback (most recent call last):
  File "/home/airflow/.local/lib/python3.11/site-packages/airflow/operators/python.py", line 192, in execute
    return_value = self.execute_callable()
                   ^^^^^^^^^^^^^^^^^^^^^^^
  File "/home/airflow/.local/lib/python3.11/site-packages/airflow/operators/python.py", line 209, in execute_callable
    return self.python_callable(*self.op_args, **self.op_kwargs)
           ^^^^^^^^^^^^^^^^^^^^^^^^^^^^^^^^^^^^^^^^^^^^^^^^^^^^^
  File "/opt/airflow/dags/ingest_local_folder_dag.py", line 43, in ingest_local_files
    os.remove(fpath)  # remove only AFTER successful upload
    ^^^^^^^^^^^^^^^^
PermissionError: [Errno 13] Permission denied: '/opt/airflow/sample/products.csv'
[2025-11-19T19:45:11.337+0000] {taskinstance.py:1398} INFO - Marking task as UP_FOR_RETRY. dag_id=local_to_minio_ingestion, task_id=ingest_local_folder, execution_date=20251119T194415, start_date=20251119T194510, end_date=20251119T194511
[2025-11-19T19:45:11.364+0000] {standard_task_runner.py:104} ERROR - Failed to execute job 252 for task ingest_local_folder ([Errno 13] Permission denied: '/opt/airflow/sample/products.csv'; 320)
[2025-11-19T19:45:11.398+0000] {local_task_job_runner.py:228} INFO - Task exited with return code 1
[2025-11-19T19:45:11.469+0000] {taskinstance.py:2776} INFO - 0 downstream tasks scheduled from follow-on schedule check
