[2026-04-25T12:38:18.362+0000] {taskinstance.py:1157} INFO - Dependencies all met for dep_context=non-requeueable deps ti=<TaskInstance: distillationDAG.scan_minio_and_dispatch scheduled__2026-04-25T12:37:29.327254+00:00 [queued]>
[2026-04-25T12:38:18.383+0000] {taskinstance.py:1157} INFO - Dependencies all met for dep_context=requeueable deps ti=<TaskInstance: distillationDAG.scan_minio_and_dispatch scheduled__2026-04-25T12:37:29.327254+00:00 [queued]>
[2026-04-25T12:38:18.384+0000] {taskinstance.py:1359} INFO - Starting attempt 1 of 4
[2026-04-25T12:38:18.416+0000] {taskinstance.py:1380} INFO - Executing <Task(PythonOperator): scan_minio_and_dispatch> on 2026-04-25 12:37:29.327254+00:00
[2026-04-25T12:38:18.434+0000] {standard_task_runner.py:57} INFO - Started process 382 to run task
[2026-04-25T12:38:18.447+0000] {standard_task_runner.py:84} INFO - Running: ['***', 'tasks', 'run', 'distillationDAG', 'scan_minio_and_dispatch', 'scheduled__2026-04-25T12:37:29.327254+00:00', '--job-id', '3259', '--raw', '--subdir', 'DAGS_FOLDER/dispatcher_pipeline_dag.py', '--cfg-path', '/tmp/tmpzxabplj6']
[2026-04-25T12:38:18.456+0000] {standard_task_runner.py:85} INFO - Job 3259: Subtask scan_minio_and_dispatch
[2026-04-25T12:38:18.722+0000] {task_command.py:415} INFO - Running <TaskInstance: distillationDAG.scan_minio_and_dispatch scheduled__2026-04-25T12:37:29.327254+00:00 [running]> on host d5eabbfa20c4
[2026-04-25T12:38:19.612+0000] {taskinstance.py:1660} INFO - Exporting env vars: AIRFLOW_CTX_DAG_OWNER='***' AIRFLOW_CTX_DAG_ID='distillationDAG' AIRFLOW_CTX_TASK_ID='scan_minio_and_dispatch' AIRFLOW_CTX_EXECUTION_DATE='2026-04-25T12:37:29.327254+00:00' AIRFLOW_CTX_TRY_NUMBER='1' AIRFLOW_CTX_DAG_RUN_ID='scheduled__2026-04-25T12:37:29.327254+00:00'
[2026-04-25T12:38:19.675+0000] {logging_mixin.py:151} INFO - [DISPATCHER] Found file: raw/sample_1.pdf
[2026-04-25T12:38:20.799+0000] {pdf_pipeline.py:395} INFO - [pdf] Processing raw/sample_1.pdf
[2026-04-25T12:38:20.811+0000] {pdf_pipeline.py:427} INFO - [pdf] Extracting text from PDF...
[2026-04-25T12:38:20.829+0000] {pdf_pipeline.py:449} INFO - [pdf] Extracted 767 characters of text from 1 pages
[2026-04-25T12:38:20.839+0000] {pdf_pipeline.py:468} INFO - [pdf] Uploaded extracted text -> processed/unstructured/text-extracted/sample_1.txt
[2026-04-25T12:38:20.845+0000] {pdf_pipeline.py:77} ERROR - [pdf] Failed saving to unstructured_documents: there is no unique or exclusion constraint matching the ON CONFLICT specification
Traceback (most recent call last):
  File "/opt/python-etl/pipelines/pdf_pipeline.py", line 60, in _save_unstructured_doc
    cursor.execute(
psycopg2.errors.InvalidColumnReference: there is no unique or exclusion constraint matching the ON CONFLICT specification

[2026-04-25T12:38:20.847+0000] {pdf_pipeline.py:80} WARNING - [pdf] Continuing pipeline despite unstructured_documents save failure
[2026-04-25T12:38:20.857+0000] {pdf_pipeline.py:498} INFO - [pdf] Created catalog entry for extracted text: processed/unstructured/text-extracted/sample_1.txt
[2026-04-25T12:38:20.858+0000] {pdf_pipeline.py:505} INFO - [pdf] Extracting tables from PDF...
[2026-04-25T12:38:21.020+0000] {pdf_pipeline.py:263} INFO - [pdf] Uploaded table CSV -> processed/structured/pdf-tables/sample_1_page1_table1.csv
[2026-04-25T12:38:21.021+0000] {structured_pipeline.py:108} INFO - Table name: data_sample_1_page1_table1
[2026-04-25T12:38:21.026+0000] {structured_pipeline.py:124} INFO - [Normalize] Normalizing DataFrame with 5 columns
[2026-04-25T12:38:21.037+0000] {logging_mixin.py:151} WARNING - /opt/python-etl/pipelines/structured_pipeline.py:211 UserWarning: Could not infer format, so each element will be parsed individually, falling back to `dateutil`. To ensure parsing is consistent and as-expected, please specify a format.
[2026-04-25T12:38:21.047+0000] {logging_mixin.py:151} WARNING - /opt/python-etl/pipelines/structured_pipeline.py:211 UserWarning: Could not infer format, so each element will be parsed individually, falling back to `dateutil`. To ensure parsing is consistent and as-expected, please specify a format.
[2026-04-25T12:38:21.052+0000] {logging_mixin.py:151} WARNING - /opt/python-etl/pipelines/structured_pipeline.py:211 UserWarning: Could not infer format, so each element will be parsed individually, falling back to `dateutil`. To ensure parsing is consistent and as-expected, please specify a format.
[2026-04-25T12:38:21.057+0000] {logging_mixin.py:151} WARNING - /opt/python-etl/pipelines/structured_pipeline.py:211 UserWarning: Could not infer format, so each element will be parsed individually, falling back to `dateutil`. To ensure parsing is consistent and as-expected, please specify a format.
[2026-04-25T12:38:21.061+0000] {logging_mixin.py:151} WARNING - /opt/python-etl/pipelines/structured_pipeline.py:211 UserWarning: Could not infer format, so each element will be parsed individually, falling back to `dateutil`. To ensure parsing is consistent and as-expected, please specify a format.
[2026-04-25T12:38:21.086+0000] {pdf_pipeline.py:327} INFO - [pdf] Created table: data_sample_1_page1_table1
[2026-04-25T12:38:21.091+0000] {pdf_pipeline.py:340} INFO - [pdf] Loaded 4 rows into data_sample_1_page1_table1
[2026-04-25T12:38:21.097+0000] {pdf_pipeline.py:567} INFO - [pdf] Processed table 1: 4 rows, 5 columns
[2026-04-25T12:38:21.098+0000] {pdf_pipeline.py:584} INFO - [pdf] Extracted 1 tables with 4 total rows
[2026-04-25T12:38:21.101+0000] {pdf_pipeline.py:615} INFO - [pdf] Marked raw entry as processed: raw/sample_1.pdf
[2026-04-25T12:38:21.105+0000] {pdf_pipeline.py:627} INFO - [pdf] Created processed catalog entry: processed/sample_1.pdf
[2026-04-25T12:38:21.109+0000] {pdf_pipeline.py:639} INFO - [pdf] Removed old catalog entry: raw/sample_1.pdf
[2026-04-25T12:38:21.109+0000] {pdf_pipeline.py:646} INFO - [pdf] ✅ Completed processing: raw/sample_1.pdf | pages=1 | tables=1 | rows=4 | text_chars=767
[2026-04-25T12:38:21.110+0000] {etl_manager.py:287} INFO - ETL completed: raw/sample_1.pdf
[2026-04-25T12:38:21.111+0000] {logging_mixin.py:151} INFO - [DISPATCHER] Archiving raw/sample_1.pdf -> raw-data/2026-04-25/sample_1.pdf
[2026-04-25T12:38:21.143+0000] {logging_mixin.py:151} INFO - [DISPATCHER] Catalog updated for archive: raw-data/2026-04-25/sample_1.pdf
[2026-04-25T12:38:21.153+0000] {logging_mixin.py:151} INFO - [DISPATCHER] Completed & removed landing copy: raw/sample_1.pdf
[2026-04-25T12:38:21.154+0000] {logging_mixin.py:151} INFO - [DISPATCHER] Found file: raw/sample_2.pdf
[2026-04-25T12:38:21.190+0000] {pdf_pipeline.py:395} INFO - [pdf] Processing raw/sample_2.pdf
[2026-04-25T12:38:21.198+0000] {pdf_pipeline.py:427} INFO - [pdf] Extracting text from PDF...
[2026-04-25T12:38:21.212+0000] {pdf_pipeline.py:449} INFO - [pdf] Extracted 882 characters of text from 1 pages
[2026-04-25T12:38:21.221+0000] {pdf_pipeline.py:468} INFO - [pdf] Uploaded extracted text -> processed/unstructured/text-extracted/sample_2.txt
[2026-04-25T12:38:21.225+0000] {pdf_pipeline.py:77} ERROR - [pdf] Failed saving to unstructured_documents: there is no unique or exclusion constraint matching the ON CONFLICT specification
Traceback (most recent call last):
  File "/opt/python-etl/pipelines/pdf_pipeline.py", line 60, in _save_unstructured_doc
    cursor.execute(
psycopg2.errors.InvalidColumnReference: there is no unique or exclusion constraint matching the ON CONFLICT specification

[2026-04-25T12:38:21.226+0000] {pdf_pipeline.py:80} WARNING - [pdf] Continuing pipeline despite unstructured_documents save failure
[2026-04-25T12:38:21.236+0000] {pdf_pipeline.py:498} INFO - [pdf] Created catalog entry for extracted text: processed/unstructured/text-extracted/sample_2.txt
[2026-04-25T12:38:21.237+0000] {pdf_pipeline.py:505} INFO - [pdf] Extracting tables from PDF...
[2026-04-25T12:38:21.387+0000] {pdf_pipeline.py:263} INFO - [pdf] Uploaded table CSV -> processed/structured/pdf-tables/sample_2_page1_table1.csv
[2026-04-25T12:38:21.389+0000] {structured_pipeline.py:108} INFO - Table name: data_sample_2_page1_table1
[2026-04-25T12:38:21.392+0000] {structured_pipeline.py:124} INFO - [Normalize] Normalizing DataFrame with 3 columns
[2026-04-25T12:38:21.401+0000] {logging_mixin.py:151} WARNING - /opt/python-etl/pipelines/structured_pipeline.py:211 UserWarning: Could not infer format, so each element will be parsed individually, falling back to `dateutil`. To ensure parsing is consistent and as-expected, please specify a format.
[2026-04-25T12:38:21.406+0000] {logging_mixin.py:151} WARNING - /opt/python-etl/pipelines/structured_pipeline.py:211 UserWarning: Could not infer format, so each element will be parsed individually, falling back to `dateutil`. To ensure parsing is consistent and as-expected, please specify a format.
[2026-04-25T12:38:21.413+0000] {logging_mixin.py:151} WARNING - /opt/python-etl/pipelines/structured_pipeline.py:211 UserWarning: Could not infer format, so each element will be parsed individually, falling back to `dateutil`. To ensure parsing is consistent and as-expected, please specify a format.
[2026-04-25T12:38:21.420+0000] {pdf_pipeline.py:327} INFO - [pdf] Created table: data_sample_2_page1_table1
[2026-04-25T12:38:21.425+0000] {pdf_pipeline.py:340} INFO - [pdf] Loaded 3 rows into data_sample_2_page1_table1
[2026-04-25T12:38:21.430+0000] {pdf_pipeline.py:567} INFO - [pdf] Processed table 1: 3 rows, 3 columns
[2026-04-25T12:38:21.431+0000] {pdf_pipeline.py:584} INFO - [pdf] Extracted 1 tables with 3 total rows
[2026-04-25T12:38:21.434+0000] {pdf_pipeline.py:615} INFO - [pdf] Marked raw entry as processed: raw/sample_2.pdf
[2026-04-25T12:38:21.438+0000] {pdf_pipeline.py:627} INFO - [pdf] Created processed catalog entry: processed/sample_2.pdf
[2026-04-25T12:38:21.441+0000] {pdf_pipeline.py:639} INFO - [pdf] Removed old catalog entry: raw/sample_2.pdf
[2026-04-25T12:38:21.442+0000] {pdf_pipeline.py:646} INFO - [pdf] ✅ Completed processing: raw/sample_2.pdf | pages=1 | tables=1 | rows=3 | text_chars=882
[2026-04-25T12:38:21.442+0000] {etl_manager.py:287} INFO - ETL completed: raw/sample_2.pdf
[2026-04-25T12:38:21.443+0000] {logging_mixin.py:151} INFO - [DISPATCHER] Archiving raw/sample_2.pdf -> raw-data/2026-04-25/sample_2.pdf
[2026-04-25T12:38:21.463+0000] {logging_mixin.py:151} INFO - [DISPATCHER] Catalog updated for archive: raw-data/2026-04-25/sample_2.pdf
[2026-04-25T12:38:21.470+0000] {logging_mixin.py:151} INFO - [DISPATCHER] Completed & removed landing copy: raw/sample_2.pdf
[2026-04-25T12:38:21.471+0000] {logging_mixin.py:151} INFO - [DISPATCHER] Found file: raw/sample_3.pdf
[2026-04-25T12:38:21.506+0000] {pdf_pipeline.py:395} INFO - [pdf] Processing raw/sample_3.pdf
[2026-04-25T12:38:21.514+0000] {pdf_pipeline.py:427} INFO - [pdf] Extracting text from PDF...
[2026-04-25T12:38:21.535+0000] {pdf_pipeline.py:449} INFO - [pdf] Extracted 885 characters of text from 1 pages
[2026-04-25T12:38:21.543+0000] {pdf_pipeline.py:468} INFO - [pdf] Uploaded extracted text -> processed/unstructured/text-extracted/sample_3.txt
[2026-04-25T12:38:21.547+0000] {pdf_pipeline.py:77} ERROR - [pdf] Failed saving to unstructured_documents: there is no unique or exclusion constraint matching the ON CONFLICT specification
Traceback (most recent call last):
  File "/opt/python-etl/pipelines/pdf_pipeline.py", line 60, in _save_unstructured_doc
    cursor.execute(
psycopg2.errors.InvalidColumnReference: there is no unique or exclusion constraint matching the ON CONFLICT specification

[2026-04-25T12:38:21.548+0000] {pdf_pipeline.py:80} WARNING - [pdf] Continuing pipeline despite unstructured_documents save failure
[2026-04-25T12:38:21.558+0000] {pdf_pipeline.py:498} INFO - [pdf] Created catalog entry for extracted text: processed/unstructured/text-extracted/sample_3.txt
[2026-04-25T12:38:21.558+0000] {pdf_pipeline.py:505} INFO - [pdf] Extracting tables from PDF...
[2026-04-25T12:38:21.720+0000] {pdf_pipeline.py:263} INFO - [pdf] Uploaded table CSV -> processed/structured/pdf-tables/sample_3_page1_table1.csv
[2026-04-25T12:38:21.721+0000] {structured_pipeline.py:108} INFO - Table name: data_sample_3_page1_table1
[2026-04-25T12:38:21.723+0000] {structured_pipeline.py:124} INFO - [Normalize] Normalizing DataFrame with 6 columns
[2026-04-25T12:38:21.731+0000] {logging_mixin.py:151} WARNING - /opt/python-etl/pipelines/structured_pipeline.py:211 UserWarning: Could not infer format, so each element will be parsed individually, falling back to `dateutil`. To ensure parsing is consistent and as-expected, please specify a format.
[2026-04-25T12:38:21.735+0000] {logging_mixin.py:151} WARNING - /opt/python-etl/pipelines/structured_pipeline.py:211 UserWarning: Could not infer format, so each element will be parsed individually, falling back to `dateutil`. To ensure parsing is consistent and as-expected, please specify a format.
[2026-04-25T12:38:21.740+0000] {logging_mixin.py:151} WARNING - /opt/python-etl/pipelines/structured_pipeline.py:211 UserWarning: Could not infer format, so each element will be parsed individually, falling back to `dateutil`. To ensure parsing is consistent and as-expected, please specify a format.
[2026-04-25T12:38:21.745+0000] {logging_mixin.py:151} WARNING - /opt/python-etl/pipelines/structured_pipeline.py:211 UserWarning: Could not infer format, so each element will be parsed individually, falling back to `dateutil`. To ensure parsing is consistent and as-expected, please specify a format.
[2026-04-25T12:38:21.750+0000] {logging_mixin.py:151} WARNING - /opt/python-etl/pipelines/structured_pipeline.py:211 UserWarning: Could not infer format, so each element will be parsed individually, falling back to `dateutil`. To ensure parsing is consistent and as-expected, please specify a format.
[2026-04-25T12:38:21.755+0000] {logging_mixin.py:151} WARNING - /opt/python-etl/pipelines/structured_pipeline.py:211 UserWarning: Could not infer format, so each element will be parsed individually, falling back to `dateutil`. To ensure parsing is consistent and as-expected, please specify a format.
[2026-04-25T12:38:21.760+0000] {pdf_pipeline.py:327} INFO - [pdf] Created table: data_sample_3_page1_table1
[2026-04-25T12:38:21.765+0000] {pdf_pipeline.py:340} INFO - [pdf] Loaded 7 rows into data_sample_3_page1_table1
[2026-04-25T12:38:21.769+0000] {pdf_pipeline.py:567} INFO - [pdf] Processed table 1: 7 rows, 6 columns
[2026-04-25T12:38:21.770+0000] {pdf_pipeline.py:584} INFO - [pdf] Extracted 1 tables with 7 total rows
[2026-04-25T12:38:21.773+0000] {pdf_pipeline.py:615} INFO - [pdf] Marked raw entry as processed: raw/sample_3.pdf
[2026-04-25T12:38:21.776+0000] {pdf_pipeline.py:627} INFO - [pdf] Created processed catalog entry: processed/sample_3.pdf
[2026-04-25T12:38:21.780+0000] {pdf_pipeline.py:639} INFO - [pdf] Removed old catalog entry: raw/sample_3.pdf
[2026-04-25T12:38:21.780+0000] {pdf_pipeline.py:646} INFO - [pdf] ✅ Completed processing: raw/sample_3.pdf | pages=1 | tables=1 | rows=7 | text_chars=885
[2026-04-25T12:38:21.780+0000] {etl_manager.py:287} INFO - ETL completed: raw/sample_3.pdf
[2026-04-25T12:38:21.781+0000] {logging_mixin.py:151} INFO - [DISPATCHER] Archiving raw/sample_3.pdf -> raw-data/2026-04-25/sample_3.pdf
[2026-04-25T12:38:21.802+0000] {logging_mixin.py:151} INFO - [DISPATCHER] Catalog updated for archive: raw-data/2026-04-25/sample_3.pdf
[2026-04-25T12:38:21.808+0000] {logging_mixin.py:151} INFO - [DISPATCHER] Completed & removed landing copy: raw/sample_3.pdf
[2026-04-25T12:38:21.809+0000] {logging_mixin.py:151} INFO - [DISPATCHER] Found file: raw/sample_4.pdf
[2026-04-25T12:38:21.843+0000] {pdf_pipeline.py:395} INFO - [pdf] Processing raw/sample_4.pdf
[2026-04-25T12:38:21.850+0000] {pdf_pipeline.py:427} INFO - [pdf] Extracting text from PDF...
[2026-04-25T12:38:21.871+0000] {pdf_pipeline.py:449} INFO - [pdf] Extracted 1115 characters of text from 1 pages
[2026-04-25T12:38:21.880+0000] {pdf_pipeline.py:468} INFO - [pdf] Uploaded extracted text -> processed/unstructured/text-extracted/sample_4.txt
[2026-04-25T12:38:21.884+0000] {pdf_pipeline.py:77} ERROR - [pdf] Failed saving to unstructured_documents: there is no unique or exclusion constraint matching the ON CONFLICT specification
Traceback (most recent call last):
  File "/opt/python-etl/pipelines/pdf_pipeline.py", line 60, in _save_unstructured_doc
    cursor.execute(
psycopg2.errors.InvalidColumnReference: there is no unique or exclusion constraint matching the ON CONFLICT specification

[2026-04-25T12:38:21.885+0000] {pdf_pipeline.py:80} WARNING - [pdf] Continuing pipeline despite unstructured_documents save failure
[2026-04-25T12:38:21.895+0000] {pdf_pipeline.py:498} INFO - [pdf] Created catalog entry for extracted text: processed/unstructured/text-extracted/sample_4.txt
[2026-04-25T12:38:21.895+0000] {pdf_pipeline.py:505} INFO - [pdf] Extracting tables from PDF...
[2026-04-25T12:38:22.109+0000] {pdf_pipeline.py:263} INFO - [pdf] Uploaded table CSV -> processed/structured/pdf-tables/sample_4_page1_table1.csv
[2026-04-25T12:38:22.110+0000] {structured_pipeline.py:108} INFO - Table name: data_sample_4_page1_table1
[2026-04-25T12:38:22.112+0000] {structured_pipeline.py:124} INFO - [Normalize] Normalizing DataFrame with 6 columns
[2026-04-25T12:38:22.122+0000] {logging_mixin.py:151} WARNING - /opt/python-etl/pipelines/structured_pipeline.py:211 UserWarning: Could not infer format, so each element will be parsed individually, falling back to `dateutil`. To ensure parsing is consistent and as-expected, please specify a format.
[2026-04-25T12:38:22.126+0000] {logging_mixin.py:151} WARNING - /opt/python-etl/pipelines/structured_pipeline.py:211 UserWarning: Could not infer format, so each element will be parsed individually, falling back to `dateutil`. To ensure parsing is consistent and as-expected, please specify a format.
[2026-04-25T12:38:22.130+0000] {logging_mixin.py:151} WARNING - /opt/python-etl/pipelines/structured_pipeline.py:211 UserWarning: Could not infer format, so each element will be parsed individually, falling back to `dateutil`. To ensure parsing is consistent and as-expected, please specify a format.
[2026-04-25T12:38:22.134+0000] {logging_mixin.py:151} WARNING - /opt/python-etl/pipelines/structured_pipeline.py:211 UserWarning: Could not infer format, so each element will be parsed individually, falling back to `dateutil`. To ensure parsing is consistent and as-expected, please specify a format.
[2026-04-25T12:38:22.139+0000] {logging_mixin.py:151} WARNING - /opt/python-etl/pipelines/structured_pipeline.py:211 UserWarning: Could not infer format, so each element will be parsed individually, falling back to `dateutil`. To ensure parsing is consistent and as-expected, please specify a format.
[2026-04-25T12:38:22.143+0000] {logging_mixin.py:151} WARNING - /opt/python-etl/pipelines/structured_pipeline.py:211 UserWarning: Could not infer format, so each element will be parsed individually, falling back to `dateutil`. To ensure parsing is consistent and as-expected, please specify a format.
[2026-04-25T12:38:22.148+0000] {pdf_pipeline.py:327} INFO - [pdf] Created table: data_sample_4_page1_table1
[2026-04-25T12:38:22.153+0000] {pdf_pipeline.py:340} INFO - [pdf] Loaded 6 rows into data_sample_4_page1_table1
[2026-04-25T12:38:22.156+0000] {pdf_pipeline.py:567} INFO - [pdf] Processed table 1: 6 rows, 6 columns
[2026-04-25T12:38:22.157+0000] {pdf_pipeline.py:584} INFO - [pdf] Extracted 1 tables with 6 total rows
[2026-04-25T12:38:22.160+0000] {pdf_pipeline.py:615} INFO - [pdf] Marked raw entry as processed: raw/sample_4.pdf
[2026-04-25T12:38:22.164+0000] {pdf_pipeline.py:627} INFO - [pdf] Created processed catalog entry: processed/sample_4.pdf
[2026-04-25T12:38:22.167+0000] {pdf_pipeline.py:639} INFO - [pdf] Removed old catalog entry: raw/sample_4.pdf
[2026-04-25T12:38:22.168+0000] {pdf_pipeline.py:646} INFO - [pdf] ✅ Completed processing: raw/sample_4.pdf | pages=1 | tables=1 | rows=6 | text_chars=1115
[2026-04-25T12:38:22.168+0000] {etl_manager.py:287} INFO - ETL completed: raw/sample_4.pdf
[2026-04-25T12:38:22.169+0000] {logging_mixin.py:151} INFO - [DISPATCHER] Archiving raw/sample_4.pdf -> raw-data/2026-04-25/sample_4.pdf
[2026-04-25T12:38:22.188+0000] {logging_mixin.py:151} INFO - [DISPATCHER] Catalog updated for archive: raw-data/2026-04-25/sample_4.pdf
[2026-04-25T12:38:22.195+0000] {logging_mixin.py:151} INFO - [DISPATCHER] Completed & removed landing copy: raw/sample_4.pdf
[2026-04-25T12:38:22.195+0000] {logging_mixin.py:151} INFO - [DISPATCHER] Found file: raw/sample_5.pdf
[2026-04-25T12:38:22.230+0000] {pdf_pipeline.py:395} INFO - [pdf] Processing raw/sample_5.pdf
[2026-04-25T12:38:22.238+0000] {pdf_pipeline.py:427} INFO - [pdf] Extracting text from PDF...
[2026-04-25T12:38:22.255+0000] {pdf_pipeline.py:449} INFO - [pdf] Extracted 630 characters of text from 1 pages
[2026-04-25T12:38:22.264+0000] {pdf_pipeline.py:468} INFO - [pdf] Uploaded extracted text -> processed/unstructured/text-extracted/sample_5.txt
[2026-04-25T12:38:22.269+0000] {pdf_pipeline.py:77} ERROR - [pdf] Failed saving to unstructured_documents: there is no unique or exclusion constraint matching the ON CONFLICT specification
Traceback (most recent call last):
  File "/opt/python-etl/pipelines/pdf_pipeline.py", line 60, in _save_unstructured_doc
    cursor.execute(
psycopg2.errors.InvalidColumnReference: there is no unique or exclusion constraint matching the ON CONFLICT specification

[2026-04-25T12:38:22.270+0000] {pdf_pipeline.py:80} WARNING - [pdf] Continuing pipeline despite unstructured_documents save failure
[2026-04-25T12:38:22.280+0000] {pdf_pipeline.py:498} INFO - [pdf] Created catalog entry for extracted text: processed/unstructured/text-extracted/sample_5.txt
[2026-04-25T12:38:22.280+0000] {pdf_pipeline.py:505} INFO - [pdf] Extracting tables from PDF...
[2026-04-25T12:38:22.407+0000] {pdf_pipeline.py:263} INFO - [pdf] Uploaded table CSV -> processed/structured/pdf-tables/sample_5_page1_table1.csv
[2026-04-25T12:38:22.408+0000] {structured_pipeline.py:108} INFO - Table name: data_sample_5_page1_table1
[2026-04-25T12:38:22.410+0000] {structured_pipeline.py:124} INFO - [Normalize] Normalizing DataFrame with 5 columns
[2026-04-25T12:38:22.418+0000] {logging_mixin.py:151} WARNING - /opt/python-etl/pipelines/structured_pipeline.py:211 UserWarning: Could not infer format, so each element will be parsed individually, falling back to `dateutil`. To ensure parsing is consistent and as-expected, please specify a format.
[2026-04-25T12:38:22.422+0000] {logging_mixin.py:151} WARNING - /opt/python-etl/pipelines/structured_pipeline.py:211 UserWarning: Could not infer format, so each element will be parsed individually, falling back to `dateutil`. To ensure parsing is consistent and as-expected, please specify a format.
[2026-04-25T12:38:22.428+0000] {logging_mixin.py:151} WARNING - /opt/python-etl/pipelines/structured_pipeline.py:211 UserWarning: Could not infer format, so each element will be parsed individually, falling back to `dateutil`. To ensure parsing is consistent and as-expected, please specify a format.
[2026-04-25T12:38:22.434+0000] {logging_mixin.py:151} WARNING - /opt/python-etl/pipelines/structured_pipeline.py:211 UserWarning: Could not infer format, so each element will be parsed individually, falling back to `dateutil`. To ensure parsing is consistent and as-expected, please specify a format.
[2026-04-25T12:38:22.438+0000] {logging_mixin.py:151} WARNING - /opt/python-etl/pipelines/structured_pipeline.py:211 UserWarning: Could not infer format, so each element will be parsed individually, falling back to `dateutil`. To ensure parsing is consistent and as-expected, please specify a format.
[2026-04-25T12:38:22.444+0000] {pdf_pipeline.py:327} INFO - [pdf] Created table: data_sample_5_page1_table1
[2026-04-25T12:38:22.449+0000] {pdf_pipeline.py:340} INFO - [pdf] Loaded 6 rows into data_sample_5_page1_table1
[2026-04-25T12:38:22.453+0000] {pdf_pipeline.py:567} INFO - [pdf] Processed table 1: 6 rows, 5 columns
[2026-04-25T12:38:22.453+0000] {pdf_pipeline.py:584} INFO - [pdf] Extracted 1 tables with 6 total rows
[2026-04-25T12:38:22.457+0000] {pdf_pipeline.py:615} INFO - [pdf] Marked raw entry as processed: raw/sample_5.pdf
[2026-04-25T12:38:22.461+0000] {pdf_pipeline.py:627} INFO - [pdf] Created processed catalog entry: processed/sample_5.pdf
[2026-04-25T12:38:22.465+0000] {pdf_pipeline.py:639} INFO - [pdf] Removed old catalog entry: raw/sample_5.pdf
[2026-04-25T12:38:22.466+0000] {pdf_pipeline.py:646} INFO - [pdf] ✅ Completed processing: raw/sample_5.pdf | pages=1 | tables=1 | rows=6 | text_chars=630
[2026-04-25T12:38:22.466+0000] {etl_manager.py:287} INFO - ETL completed: raw/sample_5.pdf
[2026-04-25T12:38:22.467+0000] {logging_mixin.py:151} INFO - [DISPATCHER] Archiving raw/sample_5.pdf -> raw-data/2026-04-25/sample_5.pdf
[2026-04-25T12:38:22.486+0000] {logging_mixin.py:151} INFO - [DISPATCHER] Catalog updated for archive: raw-data/2026-04-25/sample_5.pdf
[2026-04-25T12:38:22.493+0000] {logging_mixin.py:151} INFO - [DISPATCHER] Completed & removed landing copy: raw/sample_5.pdf
[2026-04-25T12:38:22.495+0000] {python.py:194} INFO - Done. Returned value was: None
[2026-04-25T12:38:22.536+0000] {taskinstance.py:1398} INFO - Marking task as SUCCESS. dag_id=distillationDAG, task_id=scan_minio_and_dispatch, execution_date=20260425T123729, start_date=20260425T123818, end_date=20260425T123822
[2026-04-25T12:38:22.616+0000] {local_task_job_runner.py:228} INFO - Task exited with return code 0
[2026-04-25T12:38:22.698+0000] {taskinstance.py:2776} INFO - 0 downstream tasks scheduled from follow-on schedule check
