[2026-01-09T11:50:14.641+0000] {taskinstance.py:1157} INFO - Dependencies all met for dep_context=non-requeueable deps ti=<TaskInstance: distillationDAG.scan_minio_and_dispatch scheduled__2026-01-09T11:49:15.631479+00:00 [queued]>
[2026-01-09T11:50:14.651+0000] {taskinstance.py:1157} INFO - Dependencies all met for dep_context=requeueable deps ti=<TaskInstance: distillationDAG.scan_minio_and_dispatch scheduled__2026-01-09T11:49:15.631479+00:00 [queued]>
[2026-01-09T11:50:14.652+0000] {taskinstance.py:1359} INFO - Starting attempt 1 of 4
[2026-01-09T11:50:14.668+0000] {taskinstance.py:1380} INFO - Executing <Task(PythonOperator): scan_minio_and_dispatch> on 2026-01-09 11:49:15.631479+00:00
[2026-01-09T11:50:14.676+0000] {standard_task_runner.py:57} INFO - Started process 2726 to run task
[2026-01-09T11:50:14.681+0000] {standard_task_runner.py:84} INFO - Running: ['***', 'tasks', 'run', 'distillationDAG', 'scan_minio_and_dispatch', 'scheduled__2026-01-09T11:49:15.631479+00:00', '--job-id', '897', '--raw', '--subdir', 'DAGS_FOLDER/dispatcher_pipeline_dag.py', '--cfg-path', '/tmp/tmpg4mv1xjk']
[2026-01-09T11:50:14.685+0000] {standard_task_runner.py:85} INFO - Job 897: Subtask scan_minio_and_dispatch
[2026-01-09T11:50:14.715+0000] {logging_mixin.py:151} WARNING - /home/***/.local/lib/python3.11/site-packages/***/settings.py:195 DeprecationWarning: The sql_alchemy_conn option in [core] has been moved to the sql_alchemy_conn option in [database] - the old setting has been used, but please update your config.
[2026-01-09T11:50:14.776+0000] {task_command.py:415} INFO - Running <TaskInstance: distillationDAG.scan_minio_and_dispatch scheduled__2026-01-09T11:49:15.631479+00:00 [running]> on host 20736802ef91
[2026-01-09T11:50:15.422+0000] {taskinstance.py:1660} INFO - Exporting env vars: AIRFLOW_CTX_DAG_OWNER='***' AIRFLOW_CTX_DAG_ID='distillationDAG' AIRFLOW_CTX_TASK_ID='scan_minio_and_dispatch' AIRFLOW_CTX_EXECUTION_DATE='2026-01-09T11:49:15.631479+00:00' AIRFLOW_CTX_TRY_NUMBER='1' AIRFLOW_CTX_DAG_RUN_ID='scheduled__2026-01-09T11:49:15.631479+00:00'
[2026-01-09T11:50:15.487+0000] {logging_mixin.py:151} INFO - [DISPATCHER] Found file: raw/Medical_certificate_1.pdf
[2026-01-09T11:50:15.902+0000] {pdf_pipeline.py:344} INFO - [pdf] Processing raw/Medical_certificate_1.pdf
[2026-01-09T11:50:15.911+0000] {pdf_pipeline.py:391} INFO - [pdf] Extracting text from PDF...
[2026-01-09T11:50:15.917+0000] {pdf_pipeline.py:423} ERROR - [pdf] Text extraction failed for raw/Medical_certificate_1.pdf: cannot access local variable 'table_count' where it is not associated with a value
Traceback (most recent call last):
  File "/opt/python-etl/pipelines/pdf_pipeline.py", line 408, in process_minio_object
    'table_count': table_count
                   ^^^^^^^^^^^
UnboundLocalError: cannot access local variable 'table_count' where it is not associated with a value
[2026-01-09T11:50:15.918+0000] {pdf_pipeline.py:458} WARNING - [pdf] No text extracted from raw/Medical_certificate_1.pdf
[2026-01-09T11:50:15.918+0000] {pdf_pipeline.py:461} INFO - [pdf] Extracting tables from PDF...
[2026-01-09T11:50:16.707+0000] {pdf_pipeline.py:529} INFO - [pdf] Extracted 0 tables with 0 total rows
[2026-01-09T11:50:16.708+0000] {pdf_pipeline.py:544} ERROR - [pdf] Failed catalog update for raw/Medical_certificate_1.pdf: cannot access local variable 'pdf_metadata' where it is not associated with a value
Traceback (most recent call last):
  File "/opt/python-etl/pipelines/pdf_pipeline.py", line 540, in process_minio_object
    metadata=pdf_metadata  # NEW
             ^^^^^^^^^^^^
UnboundLocalError: cannot access local variable 'pdf_metadata' where it is not associated with a value
[2026-01-09T11:50:16.708+0000] {pdf_pipeline.py:547} INFO - [pdf] ✅ Completed processing: raw/Medical_certificate_1.pdf | pages=5 | tables=0 | rows=0 | text_chars=0
[2026-01-09T11:50:16.708+0000] {etl_manager.py:292} INFO - Processing complete for: raw/Medical_certificate_1.pdf
[2026-01-09T11:50:16.709+0000] {logging_mixin.py:151} INFO - [DISPATCHER] Archiving raw/Medical_certificate_1.pdf -> raw-data/2026-01-09/Medical_certificate_1.pdf
[2026-01-09T11:50:16.719+0000] {logging_mixin.py:151} INFO - [DISPATCHER] Completed & removed landing copy: raw/Medical_certificate_1.pdf
[2026-01-09T11:50:16.719+0000] {python.py:194} INFO - Done. Returned value was: None
[2026-01-09T11:50:16.738+0000] {taskinstance.py:1398} INFO - Marking task as SUCCESS. dag_id=distillationDAG, task_id=scan_minio_and_dispatch, execution_date=20260109T114915, start_date=20260109T115014, end_date=20260109T115016
[2026-01-09T11:50:16.785+0000] {local_task_job_runner.py:228} INFO - Task exited with return code 0
[2026-01-09T11:50:16.858+0000] {taskinstance.py:2776} INFO - 0 downstream tasks scheduled from follow-on schedule check
