[2026-02-27T07:17:19.000+0000] {taskinstance.py:1157} INFO - Dependencies all met for dep_context=non-requeueable deps ti=<TaskInstance: distillationDAG.scan_minio_and_dispatch scheduled__2026-02-27T07:16:32.447407+00:00 [queued]>
[2026-02-27T07:17:19.010+0000] {taskinstance.py:1157} INFO - Dependencies all met for dep_context=requeueable deps ti=<TaskInstance: distillationDAG.scan_minio_and_dispatch scheduled__2026-02-27T07:16:32.447407+00:00 [queued]>
[2026-02-27T07:17:19.011+0000] {taskinstance.py:1359} INFO - Starting attempt 1 of 4
[2026-02-27T07:17:19.024+0000] {taskinstance.py:1380} INFO - Executing <Task(PythonOperator): scan_minio_and_dispatch> on 2026-02-27 07:16:32.447407+00:00
[2026-02-27T07:17:19.031+0000] {standard_task_runner.py:57} INFO - Started process 269 to run task
[2026-02-27T07:17:19.036+0000] {standard_task_runner.py:84} INFO - Running: ['***', 'tasks', 'run', 'distillationDAG', 'scan_minio_and_dispatch', 'scheduled__2026-02-27T07:16:32.447407+00:00', '--job-id', '1829', '--raw', '--subdir', 'DAGS_FOLDER/dispatcher_pipeline_dag.py', '--cfg-path', '/tmp/tmp6tap_wt5']
[2026-02-27T07:17:19.039+0000] {standard_task_runner.py:85} INFO - Job 1829: Subtask scan_minio_and_dispatch
[2026-02-27T07:17:19.121+0000] {task_command.py:415} INFO - Running <TaskInstance: distillationDAG.scan_minio_and_dispatch scheduled__2026-02-27T07:16:32.447407+00:00 [running]> on host f9e074a15808
[2026-02-27T07:17:19.392+0000] {taskinstance.py:1660} INFO - Exporting env vars: AIRFLOW_CTX_DAG_OWNER='***' AIRFLOW_CTX_DAG_ID='distillationDAG' AIRFLOW_CTX_TASK_ID='scan_minio_and_dispatch' AIRFLOW_CTX_EXECUTION_DATE='2026-02-27T07:16:32.447407+00:00' AIRFLOW_CTX_TRY_NUMBER='1' AIRFLOW_CTX_DAG_RUN_ID='scheduled__2026-02-27T07:16:32.447407+00:00'
[2026-02-27T07:17:19.400+0000] {logging_mixin.py:151} INFO - [DISPATCHER] Found file: raw/image111.jpeg
[2026-02-27T07:17:19.809+0000] {image_pipeline.py:258} INFO - [image] Processing raw/image111.jpeg
[2026-02-27T07:17:19.833+0000] {image_pipeline.py:300} INFO - [image] 270x148 | format=JPEG | mode=RGB
[2026-02-27T07:17:19.833+0000] {image_pipeline.py:308} INFO - [image] Running Moondream2 VLM...
[2026-02-27T07:17:19.842+0000] {image_pipeline.py:43} INFO - [image] Loading Moondream2 model (first use — may take a moment)...
[2026-02-27T07:17:19.842+0000] {image_pipeline.py:54} WARNING - [image] Failed to load Moondream2: CloudVL.__init__() got an unexpected keyword argument 'model'
[2026-02-27T07:17:19.842+0000] {image_pipeline.py:316} INFO - [image] Running Tesseract OCR...
[2026-02-27T07:17:20.071+0000] {image_pipeline.py:216} INFO - [image] OCR produced no text for raw/image111.jpeg
[2026-02-27T07:17:20.071+0000] {image_pipeline.py:352} INFO - [image] No text produced for raw/image111.jpeg
[2026-02-27T07:17:20.093+0000] {image_pipeline.py:396} INFO - [image] Saved to unstructured_images
[2026-02-27T07:17:20.095+0000] {image_pipeline.py:426} INFO - [image] ✅ Completed raw/image111.jpeg | 270x148 | fmt=JPEG | ocr=no | vlm=no | text_chars=0
[2026-02-27T07:17:20.095+0000] {etl_manager.py:306} INFO - ETL completed: raw/image111.jpeg
[2026-02-27T07:17:20.095+0000] {logging_mixin.py:151} INFO - [DISPATCHER] Archiving raw/image111.jpeg -> raw-data/2026-02-27/image111.jpeg
[2026-02-27T07:17:20.103+0000] {logging_mixin.py:151} INFO - [DISPATCHER] Completed & removed landing copy: raw/image111.jpeg
[2026-02-27T07:17:20.103+0000] {python.py:194} INFO - Done. Returned value was: None
[2026-02-27T07:17:20.117+0000] {taskinstance.py:1398} INFO - Marking task as SUCCESS. dag_id=distillationDAG, task_id=scan_minio_and_dispatch, execution_date=20260227T071632, start_date=20260227T071719, end_date=20260227T071720
[2026-02-27T07:17:20.174+0000] {local_task_job_runner.py:228} INFO - Task exited with return code 0
[2026-02-27T07:17:20.199+0000] {taskinstance.py:2776} INFO - 0 downstream tasks scheduled from follow-on schedule check
