[2026-03-20T07:00:34.909+0000] {taskinstance.py:1157} INFO - Dependencies all met for dep_context=non-requeueable deps ti=<TaskInstance: embedding_sync_dag.log_stats scheduled__2026-03-20T02:35:00+00:00 [queued]>
[2026-03-20T07:00:34.918+0000] {taskinstance.py:1157} INFO - Dependencies all met for dep_context=requeueable deps ti=<TaskInstance: embedding_sync_dag.log_stats scheduled__2026-03-20T02:35:00+00:00 [queued]>
[2026-03-20T07:00:34.919+0000] {taskinstance.py:1359} INFO - Starting attempt 1 of 3
[2026-03-20T07:00:34.934+0000] {taskinstance.py:1380} INFO - Executing <Task(PythonOperator): log_stats> on 2026-03-20 02:35:00+00:00
[2026-03-20T07:00:34.940+0000] {standard_task_runner.py:57} INFO - Started process 1225 to run task
[2026-03-20T07:00:34.944+0000] {standard_task_runner.py:84} INFO - Running: ['***', 'tasks', 'run', 'embedding_sync_dag', 'log_stats', 'scheduled__2026-03-20T02:35:00+00:00', '--job-id', '2471', '--raw', '--subdir', 'DAGS_FOLDER/embedding_sync_dag.py', '--cfg-path', '/tmp/tmpvzed_x88']
[2026-03-20T07:00:34.948+0000] {standard_task_runner.py:85} INFO - Job 2471: Subtask log_stats
[2026-03-20T07:00:35.019+0000] {task_command.py:415} INFO - Running <TaskInstance: embedding_sync_dag.log_stats scheduled__2026-03-20T02:35:00+00:00 [running]> on host f9d03ff7592b
[2026-03-20T07:00:35.148+0000] {taskinstance.py:1660} INFO - Exporting env vars: AIRFLOW_CTX_DAG_OWNER='lakehouse' AIRFLOW_CTX_DAG_ID='embedding_sync_dag' AIRFLOW_CTX_TASK_ID='log_stats' AIRFLOW_CTX_EXECUTION_DATE='2026-03-20T02:35:00+00:00' AIRFLOW_CTX_TRY_NUMBER='1' AIRFLOW_CTX_DAG_RUN_ID='scheduled__2026-03-20T02:35:00+00:00'
[2026-03-20T07:00:35.217+0000] {embedding_sync_dag.py:159} INFO - =======================================================
[2026-03-20T07:00:35.218+0000] {embedding_sync_dag.py:160} INFO -   Embedding Sync Summary
[2026-03-20T07:00:35.218+0000] {embedding_sync_dag.py:161} INFO -   Rows backfill-queued    : 3309
[2026-03-20T07:00:35.218+0000] {embedding_sync_dag.py:162} INFO -   New tables watched      : 0
[2026-03-20T07:00:35.218+0000] {embedding_sync_dag.py:163} INFO -   Rows embedded           : 2709
[2026-03-20T07:00:35.218+0000] {embedding_sync_dag.py:164} INFO -   Embed errors            : 0
[2026-03-20T07:00:35.218+0000] {embedding_sync_dag.py:165} INFO -   Orphaned tables removed : 38
[2026-03-20T07:00:35.218+0000] {embedding_sync_dag.py:166} INFO -   Stale embeddings purged : 160
[2026-03-20T07:00:35.218+0000] {embedding_sync_dag.py:168} WARNING -   Dropped tables cleaned  : ['data_doc10_research_data_page2_table1', 'data_doc10_research_data_page2_table2', 'data_doc10_research_data_page3_table1', 'data_doc10_research_dataaaaaa_table_1', 'data_doc10_research_dataaaaaa_table_2', 'data_doc10_research_dataaaaaa_table_3', 'data_doc1111_table_1', 'data_doc1111_table_2', 'data_doc1111_table_3', 'data_doc1_sales_report_table_1', 'data_doc1_sales_report_table_2', 'data_doc1_sales_report_table_3', 'data_doc2_employee_directory_table_1', 'data_doc2_employee_directory_table_2', 'data_doc2_employee_directory_table_3', 'data_doc3_inventory_report_table_1', 'data_doc3_inventory_report_table_2', 'data_doc3_inventory_report_table_3', 'data_doc4_financial_statement_table_1', 'data_doc4_financial_statement_table_2', 'data_doc4_financial_statement_table_3', 'data_doc5_project_status_table_1', 'data_doc5_project_status_table_2', 'data_doc5_project_status_table_3', 'data_doc6_customer_analysis_table_1', 'data_doc6_customer_analysis_table_2', 'data_doc6_customer_analysis_table_3', 'data_doc7_marketing_metricsss_table_1', 'data_doc7_marketing_metricsss_table_3', 'data_doc8_it_assets_page2_table1', 'data_doc8_it_assets_page2_table2', 'data_doc8_it_assets_page3_table1', 'data_doc9_quality_assurance_page2_table1', 'data_doc9_quality_assurance_page2_table2', 'data_doc9_quality_assurance_page3_table1', 'data_doc9_quality_assuranceeee_table_1', 'data_doc9_quality_assuranceeee_table_2', 'data_doc9_quality_assuranceeee_table_3']
[2026-03-20T07:00:35.218+0000] {embedding_sync_dag.py:169} INFO - =======================================================
[2026-03-20T07:00:35.218+0000] {python.py:194} INFO - Done. Returned value was: None
[2026-03-20T07:00:35.235+0000] {taskinstance.py:1398} INFO - Marking task as SUCCESS. dag_id=embedding_sync_dag, task_id=log_stats, execution_date=20260320T023500, start_date=20260320T070034, end_date=20260320T070035
[2026-03-20T07:00:35.277+0000] {local_task_job_runner.py:228} INFO - Task exited with return code 0
[2026-03-20T07:00:35.306+0000] {taskinstance.py:2776} INFO - 0 downstream tasks scheduled from follow-on schedule check
