[2026-04-23T12:27:29.918+0000] {taskinstance.py:1157} INFO - Dependencies all met for dep_context=non-requeueable deps ti=<TaskInstance: embedding_sync_dag.backfill_existing_data scheduled__2026-04-23T12:20:00+00:00 [queued]>
[2026-04-23T12:27:29.969+0000] {taskinstance.py:1157} INFO - Dependencies all met for dep_context=requeueable deps ti=<TaskInstance: embedding_sync_dag.backfill_existing_data scheduled__2026-04-23T12:20:00+00:00 [queued]>
[2026-04-23T12:27:29.971+0000] {taskinstance.py:1359} INFO - Starting attempt 1 of 3
[2026-04-23T12:27:30.059+0000] {taskinstance.py:1380} INFO - Executing <Task(PythonOperator): backfill_existing_data> on 2026-04-23 12:20:00+00:00
[2026-04-23T12:27:30.104+0000] {standard_task_runner.py:57} INFO - Started process 3940 to run task
[2026-04-23T12:27:30.134+0000] {standard_task_runner.py:84} INFO - Running: ['***', 'tasks', 'run', 'embedding_sync_dag', 'backfill_existing_data', 'scheduled__2026-04-23T12:20:00+00:00', '--job-id', '2942', '--raw', '--subdir', 'DAGS_FOLDER/embedding_sync_dag.py', '--cfg-path', '/tmp/tmp8t5hoom9']
[2026-04-23T12:27:30.155+0000] {standard_task_runner.py:85} INFO - Job 2942: Subtask backfill_existing_data
[2026-04-23T12:27:30.647+0000] {task_command.py:415} INFO - Running <TaskInstance: embedding_sync_dag.backfill_existing_data scheduled__2026-04-23T12:20:00+00:00 [running]> on host 5278b66196f8
[2026-04-23T12:27:31.057+0000] {taskinstance.py:1660} INFO - Exporting env vars: AIRFLOW_CTX_DAG_OWNER='lakehouse' AIRFLOW_CTX_DAG_ID='embedding_sync_dag' AIRFLOW_CTX_TASK_ID='backfill_existing_data' AIRFLOW_CTX_EXECUTION_DATE='2026-04-23T12:20:00+00:00' AIRFLOW_CTX_TRY_NUMBER='1' AIRFLOW_CTX_DAG_RUN_ID='scheduled__2026-04-23T12:20:00+00:00'
[2026-04-23T12:27:33.759+0000] {embedding_pipeline.py:430} INFO - [embed] Backfill needed — source~173, fully embedded=0, gap~173
[2026-04-23T12:27:33.765+0000] {embedding_pipeline.py:448} INFO - [embed] Scanning 35 tables for unembedded rows...
[2026-04-23T12:27:35.530+0000] {embedding_pipeline.py:492} INFO - [embed] Queued 25672 rows from data_machinesdata
[2026-04-23T12:27:35.542+0000] {embedding_pipeline.py:492} INFO - [embed] Queued 5 rows from data_newsampleehehe_table_1
[2026-04-23T12:27:35.551+0000] {embedding_pipeline.py:492} INFO - [embed] Queued 6 rows from data_newsampleehehe_table_2
[2026-04-23T12:27:35.561+0000] {embedding_pipeline.py:492} INFO - [embed] Queued 3 rows from data_samplieee_page10_table1
[2026-04-23T12:27:35.570+0000] {embedding_pipeline.py:492} INFO - [embed] Queued 12 rows from data_samplieee_page10_table2
[2026-04-23T12:27:35.578+0000] {embedding_pipeline.py:492} INFO - [embed] Queued 12 rows from data_samplieee_page11_table1
[2026-04-23T12:27:35.587+0000] {embedding_pipeline.py:492} INFO - [embed] Queued 2 rows from data_samplieee_page1_table1
[2026-04-23T12:27:35.596+0000] {embedding_pipeline.py:492} INFO - [embed] Queued 7 rows from data_samplieee_page1_table2
[2026-04-23T12:27:35.604+0000] {embedding_pipeline.py:492} INFO - [embed] Queued 5 rows from data_samplieee_page1_table3
[2026-04-23T12:27:35.613+0000] {embedding_pipeline.py:492} INFO - [embed] Queued 6 rows from data_samplieee_page2_table1
[2026-04-23T12:27:35.625+0000] {embedding_pipeline.py:492} INFO - [embed] Queued 8 rows from data_samplieee_page2_table2
[2026-04-23T12:27:35.634+0000] {embedding_pipeline.py:492} INFO - [embed] Queued 8 rows from data_samplieee_page2_table3
[2026-04-23T12:27:35.642+0000] {embedding_pipeline.py:492} INFO - [embed] Queued 3 rows from data_samplieee_page3_table1
[2026-04-23T12:27:35.652+0000] {embedding_pipeline.py:492} INFO - [embed] Queued 3 rows from data_samplieee_page3_table2
[2026-04-23T12:27:35.661+0000] {embedding_pipeline.py:492} INFO - [embed] Queued 3 rows from data_samplieee_page3_table3
[2026-04-23T12:27:35.670+0000] {embedding_pipeline.py:492} INFO - [embed] Queued 13 rows from data_samplieee_page4_table1
[2026-04-23T12:27:35.679+0000] {embedding_pipeline.py:492} INFO - [embed] Queued 11 rows from data_samplieee_page4_table2
[2026-04-23T12:27:35.687+0000] {embedding_pipeline.py:492} INFO - [embed] Queued 4 rows from data_samplieee_page5_table1
[2026-04-23T12:27:35.696+0000] {embedding_pipeline.py:492} INFO - [embed] Queued 3 rows from data_samplieee_page5_table2
[2026-04-23T12:27:35.705+0000] {embedding_pipeline.py:492} INFO - [embed] Queued 3 rows from data_samplieee_page5_table3
[2026-04-23T12:27:35.713+0000] {embedding_pipeline.py:492} INFO - [embed] Queued 6 rows from data_samplieee_page5_table4
[2026-04-23T12:27:35.722+0000] {embedding_pipeline.py:492} INFO - [embed] Queued 6 rows from data_samplieee_page6_table1
[2026-04-23T12:27:35.730+0000] {embedding_pipeline.py:492} INFO - [embed] Queued 10 rows from data_samplieee_page6_table2
[2026-04-23T12:27:35.739+0000] {embedding_pipeline.py:492} INFO - [embed] Queued 10 rows from data_samplieee_page6_table3
[2026-04-23T12:27:35.748+0000] {embedding_pipeline.py:492} INFO - [embed] Queued 5 rows from data_samplieee_page7_table1
[2026-04-23T12:27:35.757+0000] {embedding_pipeline.py:492} INFO - [embed] Queued 7 rows from data_samplieee_page7_table2
[2026-04-23T12:27:35.766+0000] {embedding_pipeline.py:492} INFO - [embed] Queued 7 rows from data_samplieee_page8_table1
[2026-04-23T12:27:35.774+0000] {embedding_pipeline.py:492} INFO - [embed] Queued 7 rows from data_samplieee_page8_table2
[2026-04-23T12:27:35.783+0000] {embedding_pipeline.py:492} INFO - [embed] Queued 3 rows from data_samplieee_page8_table3
[2026-04-23T12:27:35.792+0000] {embedding_pipeline.py:492} INFO - [embed] Queued 12 rows from data_samplieee_page9_table1
[2026-04-23T12:27:35.801+0000] {embedding_pipeline.py:492} INFO - [embed] Queued 4 rows from data_samplieee_page9_table2
[2026-04-23T12:27:35.810+0000] {embedding_pipeline.py:492} INFO - [embed] Queued 6 rows from data_samplieee_page9_table3
[2026-04-23T12:27:35.831+0000] {embedding_pipeline.py:492} INFO - [embed] Queued 220 rows from minio_data_catalog
[2026-04-23T12:27:35.891+0000] {embedding_pipeline.py:492} INFO - [embed] Queued 103 rows from unstructured_documents
[2026-04-23T12:27:35.903+0000] {embedding_pipeline.py:492} INFO - [embed] Queued 19 rows from unstructured_images
[2026-04-23T12:27:35.908+0000] {embedding_pipeline.py:501} INFO - [embed] Backfill complete — 26214 rows queued
[2026-04-23T12:27:35.965+0000] {python.py:194} INFO - Done. Returned value was: 26214
[2026-04-23T12:27:36.065+0000] {taskinstance.py:1398} INFO - Marking task as SUCCESS. dag_id=embedding_sync_dag, task_id=backfill_existing_data, execution_date=20260423T122000, start_date=20260423T122729, end_date=20260423T122736
[2026-04-23T12:27:36.150+0000] {local_task_job_runner.py:228} INFO - Task exited with return code 0
[2026-04-23T12:27:36.224+0000] {taskinstance.py:2776} INFO - 0 downstream tasks scheduled from follow-on schedule check
