[2026-01-08T17:28:55.722+0000] {taskinstance.py:1157} INFO - Dependencies all met for dep_context=non-requeueable deps ti=<TaskInstance: distillationDAG.scan_minio_and_dispatch scheduled__2026-01-08T17:27:45.278839+00:00 [queued]>
[2026-01-08T17:28:55.738+0000] {taskinstance.py:1157} INFO - Dependencies all met for dep_context=requeueable deps ti=<TaskInstance: distillationDAG.scan_minio_and_dispatch scheduled__2026-01-08T17:27:45.278839+00:00 [queued]>
[2026-01-08T17:28:55.738+0000] {taskinstance.py:1359} INFO - Starting attempt 1 of 4
[2026-01-08T17:28:55.757+0000] {taskinstance.py:1380} INFO - Executing <Task(PythonOperator): scan_minio_and_dispatch> on 2026-01-08 17:27:45.278839+00:00
[2026-01-08T17:28:55.771+0000] {standard_task_runner.py:57} INFO - Started process 1395 to run task
[2026-01-08T17:28:55.776+0000] {standard_task_runner.py:84} INFO - Running: ['***', 'tasks', 'run', 'distillationDAG', 'scan_minio_and_dispatch', 'scheduled__2026-01-08T17:27:45.278839+00:00', '--job-id', '891', '--raw', '--subdir', 'DAGS_FOLDER/dispatcher_pipeline_dag.py', '--cfg-path', '/tmp/tmp202hicka']
[2026-01-08T17:28:55.781+0000] {standard_task_runner.py:85} INFO - Job 891: Subtask scan_minio_and_dispatch
[2026-01-08T17:28:55.822+0000] {logging_mixin.py:151} WARNING - /home/***/.local/lib/python3.11/site-packages/***/settings.py:195 DeprecationWarning: The sql_alchemy_conn option in [core] has been moved to the sql_alchemy_conn option in [database] - the old setting has been used, but please update your config.
[2026-01-08T17:28:55.907+0000] {task_command.py:415} INFO - Running <TaskInstance: distillationDAG.scan_minio_and_dispatch scheduled__2026-01-08T17:27:45.278839+00:00 [running]> on host 9a0568312538
[2026-01-08T17:28:56.382+0000] {taskinstance.py:1660} INFO - Exporting env vars: AIRFLOW_CTX_DAG_OWNER='***' AIRFLOW_CTX_DAG_ID='distillationDAG' AIRFLOW_CTX_TASK_ID='scan_minio_and_dispatch' AIRFLOW_CTX_EXECUTION_DATE='2026-01-08T17:27:45.278839+00:00' AIRFLOW_CTX_TRY_NUMBER='1' AIRFLOW_CTX_DAG_RUN_ID='scheduled__2026-01-08T17:27:45.278839+00:00'
[2026-01-08T17:28:56.395+0000] {logging_mixin.py:151} INFO - [DISPATCHER] Found file: raw/25T3S6DS25F1002315.pdf
[2026-01-08T17:28:56.944+0000] {pdf_pipeline.py:344} INFO - [pdf] Processing raw/25T3S6DS25F1002315.pdf
[2026-01-08T17:28:56.958+0000] {pdf_pipeline.py:391} INFO - [pdf] Extracting text from PDF...
[2026-01-08T17:28:56.980+0000] {pdf_pipeline.py:423} ERROR - [pdf] Text extraction failed for raw/25T3S6DS25F1002315.pdf: cannot access local variable 'table_count' where it is not associated with a value
Traceback (most recent call last):
  File "/opt/python-etl/pipelines/pdf_pipeline.py", line 408, in process_minio_object
    'table_count': table_count
                   ^^^^^^^^^^^
UnboundLocalError: cannot access local variable 'table_count' where it is not associated with a value
[2026-01-08T17:28:56.981+0000] {pdf_pipeline.py:458} WARNING - [pdf] No text extracted from raw/25T3S6DS25F1002315.pdf
[2026-01-08T17:28:56.982+0000] {pdf_pipeline.py:461} INFO - [pdf] Extracting tables from PDF...
[2026-01-08T17:28:57.295+0000] {pdf_pipeline.py:228} INFO - [pdf] Uploaded table CSV -> processed/structured/pdf-tables/25T3S6DS25F1002315_page1_table1.csv
[2026-01-08T17:28:57.296+0000] {structured_pipeline.py:107} INFO - Table name: data_25t3s6ds25f1002315_page1_table1
[2026-01-08T17:28:57.297+0000] {structured_pipeline.py:123} INFO - [Normalize] Normalizing DataFrame with 4 columns
[2026-01-08T17:28:57.309+0000] {pdf_pipeline.py:277} INFO - [pdf] Created table: data_25t3s6ds25f1002315_page1_table1
[2026-01-08T17:28:57.313+0000] {pdf_pipeline.py:290} INFO - [pdf] Loaded 1 rows into data_25t3s6ds25f1002315_page1_table1
[2026-01-08T17:28:57.318+0000] {pdf_pipeline.py:512} INFO - [pdf] Processed table 1: 1 rows, 5 columns
[2026-01-08T17:28:57.354+0000] {pdf_pipeline.py:228} INFO - [pdf] Uploaded table CSV -> processed/structured/pdf-tables/25T3S6DS25F1002315_page1_table2.csv
[2026-01-08T17:28:57.354+0000] {structured_pipeline.py:107} INFO - Table name: data_25t3s6ds25f1002315_page1_table2
[2026-01-08T17:28:57.355+0000] {structured_pipeline.py:123} INFO - [Normalize] Normalizing DataFrame with 8 columns
[2026-01-08T17:28:57.365+0000] {logging_mixin.py:151} WARNING - /opt/python-etl/pipelines/structured_pipeline.py:189 UserWarning: Could not infer format, so each element will be parsed individually, falling back to `dateutil`. To ensure parsing is consistent and as-expected, please specify a format.
[2026-01-08T17:28:57.376+0000] {logging_mixin.py:151} WARNING - /opt/python-etl/pipelines/structured_pipeline.py:189 UserWarning: Could not infer format, so each element will be parsed individually, falling back to `dateutil`. To ensure parsing is consistent and as-expected, please specify a format.
[2026-01-08T17:28:57.382+0000] {logging_mixin.py:151} WARNING - /opt/python-etl/pipelines/structured_pipeline.py:189 UserWarning: Could not infer format, so each element will be parsed individually, falling back to `dateutil`. To ensure parsing is consistent and as-expected, please specify a format.
[2026-01-08T17:28:57.391+0000] {logging_mixin.py:151} WARNING - /opt/python-etl/pipelines/structured_pipeline.py:189 UserWarning: Could not infer format, so each element will be parsed individually, falling back to `dateutil`. To ensure parsing is consistent and as-expected, please specify a format.
[2026-01-08T17:28:57.393+0000] {pdf_pipeline.py:277} INFO - [pdf] Created table: data_25t3s6ds25f1002315_page1_table2
[2026-01-08T17:28:57.398+0000] {pdf_pipeline.py:290} INFO - [pdf] Loaded 14 rows into data_25t3s6ds25f1002315_page1_table2
[2026-01-08T17:28:57.400+0000] {pdf_pipeline.py:512} INFO - [pdf] Processed table 2: 14 rows, 8 columns
[2026-01-08T17:28:57.615+0000] {pdf_pipeline.py:228} INFO - [pdf] Uploaded table CSV -> processed/structured/pdf-tables/25T3S6DS25F1002315_page2_table1.csv
[2026-01-08T17:28:57.616+0000] {structured_pipeline.py:107} INFO - Table name: data_25t3s6ds25f1002315_page2_table1
[2026-01-08T17:28:57.618+0000] {structured_pipeline.py:123} INFO - [Normalize] Normalizing DataFrame with 2 columns
[2026-01-08T17:28:57.624+0000] {logging_mixin.py:151} WARNING - /opt/python-etl/pipelines/structured_pipeline.py:189 UserWarning: Could not infer format, so each element will be parsed individually, falling back to `dateutil`. To ensure parsing is consistent and as-expected, please specify a format.
[2026-01-08T17:28:57.629+0000] {logging_mixin.py:151} WARNING - /opt/python-etl/pipelines/structured_pipeline.py:189 UserWarning: Could not infer format, so each element will be parsed individually, falling back to `dateutil`. To ensure parsing is consistent and as-expected, please specify a format.
[2026-01-08T17:28:57.632+0000] {pdf_pipeline.py:277} INFO - [pdf] Created table: data_25t3s6ds25f1002315_page2_table1
[2026-01-08T17:28:57.634+0000] {pdf_pipeline.py:290} INFO - [pdf] Loaded 9 rows into data_25t3s6ds25f1002315_page2_table1
[2026-01-08T17:28:57.636+0000] {pdf_pipeline.py:512} INFO - [pdf] Processed table 3: 9 rows, 2 columns
[2026-01-08T17:28:57.637+0000] {pdf_pipeline.py:529} INFO - [pdf] Extracted 3 tables with 24 total rows
[2026-01-08T17:28:57.637+0000] {pdf_pipeline.py:544} ERROR - [pdf] Failed catalog update for raw/25T3S6DS25F1002315.pdf: cannot access local variable 'pdf_metadata' where it is not associated with a value
Traceback (most recent call last):
  File "/opt/python-etl/pipelines/pdf_pipeline.py", line 540, in process_minio_object
    metadata=pdf_metadata  # NEW
             ^^^^^^^^^^^^
UnboundLocalError: cannot access local variable 'pdf_metadata' where it is not associated with a value
[2026-01-08T17:28:57.638+0000] {pdf_pipeline.py:547} INFO - [pdf] ✅ Completed processing: raw/25T3S6DS25F1002315.pdf | pages=2 | tables=3 | rows=24 | text_chars=0
[2026-01-08T17:28:57.639+0000] {etl_manager.py:292} INFO - Processing complete for: raw/25T3S6DS25F1002315.pdf
[2026-01-08T17:28:57.641+0000] {logging_mixin.py:151} INFO - [DISPATCHER] Archiving raw/25T3S6DS25F1002315.pdf -> raw-data/2026-01-08/25T3S6DS25F1002315.pdf
[2026-01-08T17:28:57.669+0000] {logging_mixin.py:151} INFO - [DISPATCHER] Completed & removed landing copy: raw/25T3S6DS25F1002315.pdf
[2026-01-08T17:28:57.670+0000] {python.py:194} INFO - Done. Returned value was: None
[2026-01-08T17:28:57.703+0000] {taskinstance.py:1398} INFO - Marking task as SUCCESS. dag_id=distillationDAG, task_id=scan_minio_and_dispatch, execution_date=20260108T172745, start_date=20260108T172855, end_date=20260108T172857
[2026-01-08T17:28:57.801+0000] {local_task_job_runner.py:228} INFO - Task exited with return code 0
[2026-01-08T17:28:57.845+0000] {taskinstance.py:2776} INFO - 0 downstream tasks scheduled from follow-on schedule check
