[2026-02-11T08:41:58.267+0000] {taskinstance.py:1157} INFO - Dependencies all met for dep_context=non-requeueable deps ti=<TaskInstance: distillationDAG.scan_minio_and_dispatch scheduled__2026-02-11T08:41:10.225172+00:00 [queued]>
[2026-02-11T08:41:58.277+0000] {taskinstance.py:1157} INFO - Dependencies all met for dep_context=requeueable deps ti=<TaskInstance: distillationDAG.scan_minio_and_dispatch scheduled__2026-02-11T08:41:10.225172+00:00 [queued]>
[2026-02-11T08:41:58.278+0000] {taskinstance.py:1359} INFO - Starting attempt 1 of 4
[2026-02-11T08:41:58.293+0000] {taskinstance.py:1380} INFO - Executing <Task(PythonOperator): scan_minio_and_dispatch> on 2026-02-11 08:41:10.225172+00:00
[2026-02-11T08:41:58.299+0000] {standard_task_runner.py:57} INFO - Started process 4891 to run task
[2026-02-11T08:41:58.305+0000] {standard_task_runner.py:84} INFO - Running: ['***', 'tasks', 'run', 'distillationDAG', 'scan_minio_and_dispatch', 'scheduled__2026-02-11T08:41:10.225172+00:00', '--job-id', '1598', '--raw', '--subdir', 'DAGS_FOLDER/dispatcher_pipeline_dag.py', '--cfg-path', '/tmp/tmplqvoq1o9']
[2026-02-11T08:41:58.308+0000] {standard_task_runner.py:85} INFO - Job 1598: Subtask scan_minio_and_dispatch
[2026-02-11T08:41:58.380+0000] {task_command.py:415} INFO - Running <TaskInstance: distillationDAG.scan_minio_and_dispatch scheduled__2026-02-11T08:41:10.225172+00:00 [running]> on host 6fab49351b0b
[2026-02-11T08:41:58.637+0000] {taskinstance.py:1660} INFO - Exporting env vars: AIRFLOW_CTX_DAG_OWNER='***' AIRFLOW_CTX_DAG_ID='distillationDAG' AIRFLOW_CTX_TASK_ID='scan_minio_and_dispatch' AIRFLOW_CTX_EXECUTION_DATE='2026-02-11T08:41:10.225172+00:00' AIRFLOW_CTX_TRY_NUMBER='1' AIRFLOW_CTX_DAG_RUN_ID='scheduled__2026-02-11T08:41:10.225172+00:00'
[2026-02-11T08:41:58.651+0000] {logging_mixin.py:151} INFO - [DISPATCHER] Found file: raw/8051_features_architecture.pdf
[2026-02-11T08:41:59.067+0000] {pdf_pipeline.py:354} INFO - [pdf] Processing raw/8051_features_architecture.pdf
[2026-02-11T08:41:59.074+0000] {pdf_pipeline.py:408} INFO - [pdf] Extracting text from PDF...
[2026-02-11T08:41:59.087+0000] {pdf_pipeline.py:441} ERROR - [pdf] Text extraction failed for raw/8051_features_architecture.pdf: cannot access local variable 'table_count' where it is not associated with a value
Traceback (most recent call last):
  File "/opt/python-etl/pipelines/pdf_pipeline.py", line 425, in process_minio_object
    'table_count': table_count,
                   ^^^^^^^^^^^
UnboundLocalError: cannot access local variable 'table_count' where it is not associated with a value
[2026-02-11T08:41:59.088+0000] {pdf_pipeline.py:477} WARNING - [pdf] No text extracted from raw/8051_features_architecture.pdf
[2026-02-11T08:41:59.089+0000] {pdf_pipeline.py:480} INFO - [pdf] Extracting tables from PDF...
[2026-02-11T08:41:59.318+0000] {pdf_pipeline.py:539} WARNING - [pdf] Failed to process table 1 on page 3: _process_extracted_table() got an unexpected keyword argument 'uploaded_by'
[2026-02-11T08:41:59.822+0000] {pdf_pipeline.py:550} INFO - [pdf] Extracted 0 tables with 0 total rows
[2026-02-11T08:41:59.823+0000] {pdf_pipeline.py:566} ERROR - [pdf] Failed catalog update for raw/8051_features_architecture.pdf: cannot access local variable 'pdf_metadata' where it is not associated with a value
Traceback (most recent call last):
  File "/opt/python-etl/pipelines/pdf_pipeline.py", line 560, in process_minio_object
    content_hash=file_hash,
                 ^^^^^^^^^
UnboundLocalError: cannot access local variable 'pdf_metadata' where it is not associated with a value
[2026-02-11T08:41:59.823+0000] {pdf_pipeline.py:569} INFO - [pdf] ✅ Completed processing: raw/8051_features_architecture.pdf | pages=10 | tables=0 | rows=0 | text_chars=0
[2026-02-11T08:41:59.824+0000] {etl_manager.py:306} INFO - ETL completed: raw/8051_features_architecture.pdf
[2026-02-11T08:41:59.824+0000] {logging_mixin.py:151} INFO - [DISPATCHER] Archiving raw/8051_features_architecture.pdf -> raw-data/2026-02-11/8051_features_architecture.pdf
[2026-02-11T08:41:59.842+0000] {logging_mixin.py:151} INFO - [DISPATCHER] Completed & removed landing copy: raw/8051_features_architecture.pdf
[2026-02-11T08:41:59.842+0000] {logging_mixin.py:151} INFO - [DISPATCHER] Found file: raw/Quick_Revision_MM.pdf
[2026-02-11T08:41:59.856+0000] {pdf_pipeline.py:354} INFO - [pdf] Processing raw/Quick_Revision_MM.pdf
[2026-02-11T08:41:59.861+0000] {pdf_pipeline.py:408} INFO - [pdf] Extracting text from PDF...
[2026-02-11T08:41:59.883+0000] {pdf_pipeline.py:441} ERROR - [pdf] Text extraction failed for raw/Quick_Revision_MM.pdf: cannot access local variable 'table_count' where it is not associated with a value
Traceback (most recent call last):
  File "/opt/python-etl/pipelines/pdf_pipeline.py", line 424, in process_minio_object
    'page_count': page_count,
                  ^^^^^^^^^^
UnboundLocalError: cannot access local variable 'table_count' where it is not associated with a value
[2026-02-11T08:41:59.884+0000] {pdf_pipeline.py:477} WARNING - [pdf] No text extracted from raw/Quick_Revision_MM.pdf
[2026-02-11T08:41:59.884+0000] {pdf_pipeline.py:480} INFO - [pdf] Extracting tables from PDF...
[2026-02-11T08:42:00.511+0000] {pdf_pipeline.py:550} INFO - [pdf] Extracted 0 tables with 0 total rows
[2026-02-11T08:42:00.511+0000] {pdf_pipeline.py:566} ERROR - [pdf] Failed catalog update for raw/Quick_Revision_MM.pdf: cannot access local variable 'pdf_metadata' where it is not associated with a value
Traceback (most recent call last):
  File "/opt/python-etl/pipelines/pdf_pipeline.py", line 560, in process_minio_object
    content_hash=file_hash,
                 ^^^^^^^^^
UnboundLocalError: cannot access local variable 'pdf_metadata' where it is not associated with a value
[2026-02-11T08:42:00.512+0000] {pdf_pipeline.py:569} INFO - [pdf] ✅ Completed processing: raw/Quick_Revision_MM.pdf | pages=64 | tables=0 | rows=0 | text_chars=0
[2026-02-11T08:42:00.512+0000] {etl_manager.py:306} INFO - ETL completed: raw/Quick_Revision_MM.pdf
[2026-02-11T08:42:00.513+0000] {logging_mixin.py:151} INFO - [DISPATCHER] Archiving raw/Quick_Revision_MM.pdf -> raw-data/2026-02-11/Quick_Revision_MM.pdf
[2026-02-11T08:42:00.527+0000] {logging_mixin.py:151} INFO - [DISPATCHER] Completed & removed landing copy: raw/Quick_Revision_MM.pdf
[2026-02-11T08:42:00.528+0000] {python.py:194} INFO - Done. Returned value was: None
[2026-02-11T08:42:00.543+0000] {taskinstance.py:1398} INFO - Marking task as SUCCESS. dag_id=distillationDAG, task_id=scan_minio_and_dispatch, execution_date=20260211T084110, start_date=20260211T084158, end_date=20260211T084200
[2026-02-11T08:42:00.608+0000] {local_task_job_runner.py:228} INFO - Task exited with return code 0
[2026-02-11T08:42:00.634+0000] {taskinstance.py:2776} INFO - 0 downstream tasks scheduled from follow-on schedule check
