[2026-03-19T22:49:39.969+0000] {taskinstance.py:1157} INFO - Dependencies all met for dep_context=non-requeueable deps ti=<TaskInstance: embedding_sync_dag.log_stats scheduled__2026-03-09T06:40:00+00:00 [queued]>
[2026-03-19T22:49:39.993+0000] {taskinstance.py:1157} INFO - Dependencies all met for dep_context=requeueable deps ti=<TaskInstance: embedding_sync_dag.log_stats scheduled__2026-03-09T06:40:00+00:00 [queued]>
[2026-03-19T22:49:39.993+0000] {taskinstance.py:1359} INFO - Starting attempt 1 of 3
[2026-03-19T22:49:40.025+0000] {taskinstance.py:1380} INFO - Executing <Task(PythonOperator): log_stats> on 2026-03-09 06:40:00+00:00
[2026-03-19T22:49:40.040+0000] {standard_task_runner.py:57} INFO - Started process 754 to run task
[2026-03-19T22:49:40.055+0000] {standard_task_runner.py:84} INFO - Running: ['***', 'tasks', 'run', 'embedding_sync_dag', 'log_stats', 'scheduled__2026-03-09T06:40:00+00:00', '--job-id', '2398', '--raw', '--subdir', 'DAGS_FOLDER/embedding_sync_dag.py', '--cfg-path', '/tmp/tmpe1kfqlwo']
[2026-03-19T22:49:40.064+0000] {standard_task_runner.py:85} INFO - Job 2398: Subtask log_stats
[2026-03-19T22:49:40.241+0000] {task_command.py:415} INFO - Running <TaskInstance: embedding_sync_dag.log_stats scheduled__2026-03-09T06:40:00+00:00 [running]> on host 76de17b6f6da
[2026-03-19T22:49:40.548+0000] {taskinstance.py:1660} INFO - Exporting env vars: AIRFLOW_CTX_DAG_OWNER='lakehouse' AIRFLOW_CTX_DAG_ID='embedding_sync_dag' AIRFLOW_CTX_TASK_ID='log_stats' AIRFLOW_CTX_EXECUTION_DATE='2026-03-09T06:40:00+00:00' AIRFLOW_CTX_TRY_NUMBER='1' AIRFLOW_CTX_DAG_RUN_ID='scheduled__2026-03-09T06:40:00+00:00'
[2026-03-19T22:49:40.707+0000] {embedding_sync_dag.py:159} INFO - =======================================================
[2026-03-19T22:49:40.708+0000] {embedding_sync_dag.py:160} INFO -   Embedding Sync Summary
[2026-03-19T22:49:40.708+0000] {embedding_sync_dag.py:161} INFO -   Rows backfill-queued    : 4134
[2026-03-19T22:49:40.709+0000] {embedding_sync_dag.py:162} INFO -   New tables watched      : 1
[2026-03-19T22:49:40.709+0000] {embedding_sync_dag.py:163} INFO -   Rows embedded           : 2400
[2026-03-19T22:49:40.709+0000] {embedding_sync_dag.py:164} INFO -   Embed errors            : 134
[2026-03-19T22:49:40.710+0000] {embedding_sync_dag.py:165} INFO -   Orphaned tables removed : 0
[2026-03-19T22:49:40.710+0000] {embedding_sync_dag.py:166} INFO -   Stale embeddings purged : 0
[2026-03-19T22:49:40.710+0000] {embedding_sync_dag.py:169} INFO - =======================================================
[2026-03-19T22:49:40.711+0000] {python.py:194} INFO - Done. Returned value was: None
[2026-03-19T22:49:40.749+0000] {taskinstance.py:1398} INFO - Marking task as SUCCESS. dag_id=embedding_sync_dag, task_id=log_stats, execution_date=20260309T064000, start_date=20260319T224939, end_date=20260319T224940
[2026-03-19T22:49:40.795+0000] {local_task_job_runner.py:228} INFO - Task exited with return code 0
[2026-03-19T22:49:40.870+0000] {taskinstance.py:2776} INFO - 0 downstream tasks scheduled from follow-on schedule check
