[2025-11-27T03:23:42.514+0000] {taskinstance.py:1157} INFO - Dependencies all met for dep_context=non-requeueable deps ti=<TaskInstance: distillationDAG.scan_minio_and_dispatch scheduled__2025-11-27T03:22:55.416141+00:00 [queued]>
[2025-11-27T03:23:42.524+0000] {taskinstance.py:1157} INFO - Dependencies all met for dep_context=requeueable deps ti=<TaskInstance: distillationDAG.scan_minio_and_dispatch scheduled__2025-11-27T03:22:55.416141+00:00 [queued]>
[2025-11-27T03:23:42.524+0000] {taskinstance.py:1359} INFO - Starting attempt 1 of 4
[2025-11-27T03:23:42.544+0000] {taskinstance.py:1380} INFO - Executing <Task(PythonOperator): scan_minio_and_dispatch> on 2025-11-27 03:22:55.416141+00:00
[2025-11-27T03:23:42.557+0000] {standard_task_runner.py:57} INFO - Started process 283 to run task
[2025-11-27T03:23:42.564+0000] {standard_task_runner.py:84} INFO - Running: ['***', 'tasks', 'run', 'distillationDAG', 'scan_minio_and_dispatch', 'scheduled__2025-11-27T03:22:55.416141+00:00', '--job-id', '402', '--raw', '--subdir', 'DAGS_FOLDER/dispatcher_pipeline_dag.py', '--cfg-path', '/tmp/tmp92lx4rk0']
[2025-11-27T03:23:42.567+0000] {standard_task_runner.py:85} INFO - Job 402: Subtask scan_minio_and_dispatch
[2025-11-27T03:23:42.593+0000] {logging_mixin.py:151} WARNING - /home/***/.local/lib/python3.11/site-packages/***/settings.py:195 DeprecationWarning: The sql_alchemy_conn option in [core] has been moved to the sql_alchemy_conn option in [database] - the old setting has been used, but please update your config.
[2025-11-27T03:23:42.644+0000] {task_command.py:415} INFO - Running <TaskInstance: distillationDAG.scan_minio_and_dispatch scheduled__2025-11-27T03:22:55.416141+00:00 [running]> on host b9e378049e81
[2025-11-27T03:23:42.916+0000] {taskinstance.py:1660} INFO - Exporting env vars: AIRFLOW_CTX_DAG_OWNER='***' AIRFLOW_CTX_DAG_ID='distillationDAG' AIRFLOW_CTX_TASK_ID='scan_minio_and_dispatch' AIRFLOW_CTX_EXECUTION_DATE='2025-11-27T03:22:55.416141+00:00' AIRFLOW_CTX_TRY_NUMBER='1' AIRFLOW_CTX_DAG_RUN_ID='scheduled__2025-11-27T03:22:55.416141+00:00'
[2025-11-27T03:23:42.926+0000] {logging_mixin.py:151} INFO - [DISPATCHER] Found file: raw/report_test1.pdf
[2025-11-27T03:23:43.032+0000] {taskinstance.py:1935} ERROR - Task failed with exception
Traceback (most recent call last):
  File "/home/airflow/.local/lib/python3.11/site-packages/airflow/operators/python.py", line 192, in execute
    return_value = self.execute_callable()
                   ^^^^^^^^^^^^^^^^^^^^^^^
  File "/home/airflow/.local/lib/python3.11/site-packages/airflow/operators/python.py", line 209, in execute_callable
    return self.python_callable(*self.op_args, **self.op_kwargs)
           ^^^^^^^^^^^^^^^^^^^^^^^^^^^^^^^^^^^^^^^^^^^^^^^^^^^^^
  File "/opt/airflow/dags/dispatcher_pipeline_dag.py", line 56, in scan_and_dispatch
    run_pipeline_for_object(object_name)
  File "/opt/python-etl/etl_manager.py", line 246, in run_pipeline_for_object
    from pipelines import structured_pipeline, pdf_pipeline, docx_pipeline, image_pipeline
  File "/opt/python-etl/pipelines/__init__.py", line 2, in <module>
    from . import structured_pipeline, pdf_pipeline, docx_pipeline, image_pipeline
  File "/opt/python-etl/pipelines/pdf_pipeline.py", line 9, in <module>
    from pipelines.structured_pipeline import process_csv_content
ImportError: cannot import name 'process_csv_content' from 'pipelines.structured_pipeline' (/opt/python-etl/pipelines/structured_pipeline.py)
[2025-11-27T03:23:43.045+0000] {taskinstance.py:1398} INFO - Marking task as UP_FOR_RETRY. dag_id=distillationDAG, task_id=scan_minio_and_dispatch, execution_date=20251127T032255, start_date=20251127T032342, end_date=20251127T032343
[2025-11-27T03:23:43.053+0000] {standard_task_runner.py:104} ERROR - Failed to execute job 402 for task scan_minio_and_dispatch (cannot import name 'process_csv_content' from 'pipelines.structured_pipeline' (/opt/python-etl/pipelines/structured_pipeline.py); 283)
[2025-11-27T03:23:43.098+0000] {local_task_job_runner.py:228} INFO - Task exited with return code 1
[2025-11-27T03:23:43.161+0000] {taskinstance.py:2776} INFO - 0 downstream tasks scheduled from follow-on schedule check
