[2026-01-13T13:27:10.614+0000] {taskinstance.py:1157} INFO - Dependencies all met for dep_context=non-requeueable deps ti=<TaskInstance: distillationDAG.scan_minio_and_dispatch scheduled__2026-01-13T13:25:54.630091+00:00 [queued]>
[2026-01-13T13:27:10.637+0000] {taskinstance.py:1157} INFO - Dependencies all met for dep_context=requeueable deps ti=<TaskInstance: distillationDAG.scan_minio_and_dispatch scheduled__2026-01-13T13:25:54.630091+00:00 [queued]>
[2026-01-13T13:27:10.638+0000] {taskinstance.py:1359} INFO - Starting attempt 1 of 4
[2026-01-13T13:27:10.690+0000] {taskinstance.py:1380} INFO - Executing <Task(PythonOperator): scan_minio_and_dispatch> on 2026-01-13 13:25:54.630091+00:00
[2026-01-13T13:27:10.710+0000] {standard_task_runner.py:57} INFO - Started process 446 to run task
[2026-01-13T13:27:10.730+0000] {standard_task_runner.py:84} INFO - Running: ['***', 'tasks', 'run', 'distillationDAG', 'scan_minio_and_dispatch', 'scheduled__2026-01-13T13:25:54.630091+00:00', '--job-id', '975', '--raw', '--subdir', 'DAGS_FOLDER/dispatcher_pipeline_dag.py', '--cfg-path', '/tmp/tmpifhtjtbh']
[2026-01-13T13:27:10.740+0000] {standard_task_runner.py:85} INFO - Job 975: Subtask scan_minio_and_dispatch
[2026-01-13T13:27:10.867+0000] {logging_mixin.py:151} WARNING - /home/***/.local/lib/python3.11/site-packages/***/settings.py:195 DeprecationWarning: The sql_alchemy_conn option in [core] has been moved to the sql_alchemy_conn option in [database] - the old setting has been used, but please update your config.
[2026-01-13T13:27:11.045+0000] {task_command.py:415} INFO - Running <TaskInstance: distillationDAG.scan_minio_and_dispatch scheduled__2026-01-13T13:25:54.630091+00:00 [running]> on host a8f776325413
[2026-01-13T13:27:11.782+0000] {taskinstance.py:1660} INFO - Exporting env vars: AIRFLOW_CTX_DAG_OWNER='***' AIRFLOW_CTX_DAG_ID='distillationDAG' AIRFLOW_CTX_TASK_ID='scan_minio_and_dispatch' AIRFLOW_CTX_EXECUTION_DATE='2026-01-13T13:25:54.630091+00:00' AIRFLOW_CTX_TRY_NUMBER='1' AIRFLOW_CTX_DAG_RUN_ID='scheduled__2026-01-13T13:25:54.630091+00:00'
[2026-01-13T13:27:11.813+0000] {logging_mixin.py:151} INFO - [DISPATCHER] Found file: raw/pdf/unit_2_farooq.pdf
[2026-01-13T13:27:12.940+0000] {pdf_pipeline.py:344} INFO - [pdf] Processing raw/pdf/unit_2_farooq.pdf
[2026-01-13T13:27:12.957+0000] {pdf_pipeline.py:391} INFO - [pdf] Extracting text from PDF...
[2026-01-13T13:27:12.968+0000] {pdf_pipeline.py:423} ERROR - [pdf] Text extraction failed for raw/pdf/unit_2_farooq.pdf: cannot access local variable 'table_count' where it is not associated with a value
Traceback (most recent call last):
  File "/opt/python-etl/pipelines/pdf_pipeline.py", line 408, in process_minio_object
    'table_count': table_count
                   ^^^^^^^^^^^
UnboundLocalError: cannot access local variable 'table_count' where it is not associated with a value
[2026-01-13T13:27:12.971+0000] {pdf_pipeline.py:458} WARNING - [pdf] No text extracted from raw/pdf/unit_2_farooq.pdf
[2026-01-13T13:27:12.971+0000] {pdf_pipeline.py:461} INFO - [pdf] Extracting tables from PDF...
[2026-01-13T13:27:17.133+0000] {pdf_pipeline.py:529} INFO - [pdf] Extracted 0 tables with 0 total rows
[2026-01-13T13:27:17.134+0000] {pdf_pipeline.py:544} ERROR - [pdf] Failed catalog update for raw/pdf/unit_2_farooq.pdf: cannot access local variable 'pdf_metadata' where it is not associated with a value
Traceback (most recent call last):
  File "/opt/python-etl/pipelines/pdf_pipeline.py", line 539, in process_minio_object
    content_hash=file_hash,
                 ^^^^^^^^^
UnboundLocalError: cannot access local variable 'pdf_metadata' where it is not associated with a value
[2026-01-13T13:27:17.136+0000] {pdf_pipeline.py:547} INFO - [pdf] ✅ Completed processing: raw/pdf/unit_2_farooq.pdf | pages=12 | tables=0 | rows=0 | text_chars=0
[2026-01-13T13:27:17.136+0000] {etl_manager.py:292} INFO - Processing complete for: raw/pdf/unit_2_farooq.pdf
[2026-01-13T13:27:17.138+0000] {logging_mixin.py:151} INFO - [DISPATCHER] Archiving raw/pdf/unit_2_farooq.pdf -> raw-data/2026-01-13/unit_2_farooq.pdf
[2026-01-13T13:27:17.175+0000] {logging_mixin.py:151} INFO - [DISPATCHER] Completed & removed landing copy: raw/pdf/unit_2_farooq.pdf
[2026-01-13T13:27:17.176+0000] {python.py:194} INFO - Done. Returned value was: None
[2026-01-13T13:27:17.217+0000] {taskinstance.py:1398} INFO - Marking task as SUCCESS. dag_id=distillationDAG, task_id=scan_minio_and_dispatch, execution_date=20260113T132554, start_date=20260113T132710, end_date=20260113T132717
[2026-01-13T13:27:17.309+0000] {local_task_job_runner.py:228} INFO - Task exited with return code 0
[2026-01-13T13:27:17.367+0000] {taskinstance.py:2776} INFO - 0 downstream tasks scheduled from follow-on schedule check
