[2026-01-08T15:09:44.974+0000] {taskinstance.py:1157} INFO - Dependencies all met for dep_context=non-requeueable deps ti=<TaskInstance: distillationDAG.scan_minio_and_dispatch scheduled__2026-01-08T15:08:48.158357+00:00 [queued]>
[2026-01-08T15:09:44.982+0000] {taskinstance.py:1157} INFO - Dependencies all met for dep_context=requeueable deps ti=<TaskInstance: distillationDAG.scan_minio_and_dispatch scheduled__2026-01-08T15:08:48.158357+00:00 [queued]>
[2026-01-08T15:09:44.983+0000] {taskinstance.py:1359} INFO - Starting attempt 1 of 4
[2026-01-08T15:09:45.086+0000] {taskinstance.py:1380} INFO - Executing <Task(PythonOperator): scan_minio_and_dispatch> on 2026-01-08 15:08:48.158357+00:00
[2026-01-08T15:09:45.103+0000] {standard_task_runner.py:57} INFO - Started process 332 to run task
[2026-01-08T15:09:45.112+0000] {standard_task_runner.py:84} INFO - Running: ['***', 'tasks', 'run', 'distillationDAG', 'scan_minio_and_dispatch', 'scheduled__2026-01-08T15:08:48.158357+00:00', '--job-id', '875', '--raw', '--subdir', 'DAGS_FOLDER/dispatcher_pipeline_dag.py', '--cfg-path', '/tmp/tmpw8bu6td7']
[2026-01-08T15:09:45.120+0000] {standard_task_runner.py:85} INFO - Job 875: Subtask scan_minio_and_dispatch
[2026-01-08T15:09:45.227+0000] {logging_mixin.py:151} WARNING - /home/***/.local/lib/python3.11/site-packages/***/settings.py:195 DeprecationWarning: The sql_alchemy_conn option in [core] has been moved to the sql_alchemy_conn option in [database] - the old setting has been used, but please update your config.
[2026-01-08T15:09:45.320+0000] {task_command.py:415} INFO - Running <TaskInstance: distillationDAG.scan_minio_and_dispatch scheduled__2026-01-08T15:08:48.158357+00:00 [running]> on host e01f45588a43
[2026-01-08T15:09:45.760+0000] {taskinstance.py:1660} INFO - Exporting env vars: AIRFLOW_CTX_DAG_OWNER='***' AIRFLOW_CTX_DAG_ID='distillationDAG' AIRFLOW_CTX_TASK_ID='scan_minio_and_dispatch' AIRFLOW_CTX_EXECUTION_DATE='2026-01-08T15:08:48.158357+00:00' AIRFLOW_CTX_TRY_NUMBER='1' AIRFLOW_CTX_DAG_RUN_ID='scheduled__2026-01-08T15:08:48.158357+00:00'
[2026-01-08T15:09:45.787+0000] {logging_mixin.py:151} INFO - [DISPATCHER] Found file: raw/names_and_emails.csv
[2026-01-08T15:09:46.416+0000] {structured_pipeline.py:497} INFO - [structured] Processing raw/names_and_emails.csv
[2026-01-08T15:09:46.421+0000] {structured_pipeline.py:504} INFO - [structured] Downloaded 22265 bytes
[2026-01-08T15:09:46.421+0000] {structured_pipeline.py:508} INFO - [structured] Detected file type: csv
[2026-01-08T15:09:46.426+0000] {structured_pipeline.py:21} INFO - Detected encoding: ascii (confidence: 1.00)
[2026-01-08T15:09:46.426+0000] {structured_pipeline.py:236} INFO - [CSV] Attempting to decode with ascii
[2026-01-08T15:09:46.428+0000] {structured_pipeline.py:40} INFO - Sniffer detected delimiter: ','
[2026-01-08T15:09:46.428+0000] {structured_pipeline.py:267} INFO - [CSV] Read attempt 1
[2026-01-08T15:09:46.435+0000] {structured_pipeline.py:271} INFO - [CSV] Successfully read 573 rows with 2 columns
[2026-01-08T15:09:46.435+0000] {structured_pipeline.py:531} INFO - [structured] Initial read: 573 rows, 2 columns
[2026-01-08T15:09:46.435+0000] {structured_pipeline.py:362} INFO - [Clean] Cleaning dataframe...
[2026-01-08T15:09:46.442+0000] {structured_pipeline.py:387} INFO - [Clean] Cleaned dataframe: 573 rows, 2 columns
[2026-01-08T15:09:46.442+0000] {structured_pipeline.py:107} INFO - Table name: data_names_and_emails
[2026-01-08T15:09:46.442+0000] {structured_pipeline.py:123} INFO - [Normalize] Normalizing DataFrame with 2 columns
[2026-01-08T15:09:46.444+0000] {structured_pipeline.py:401} INFO - [PostgreSQL] Dropped existing table: data_names_and_emails
[2026-01-08T15:09:46.446+0000] {logging_mixin.py:151} WARNING - /opt/python-etl/pipelines/structured_pipeline.py:189 UserWarning: Could not infer format, so each element will be parsed individually, falling back to `dateutil`. To ensure parsing is consistent and as-expected, please specify a format.
[2026-01-08T15:09:46.448+0000] {structured_pipeline.py:410} INFO - [PostgreSQL] Column 'name' -> TEXT
[2026-01-08T15:09:46.450+0000] {logging_mixin.py:151} WARNING - /opt/python-etl/pipelines/structured_pipeline.py:189 UserWarning: Could not infer format, so each element will be parsed individually, falling back to `dateutil`. To ensure parsing is consistent and as-expected, please specify a format.
[2026-01-08T15:09:46.450+0000] {structured_pipeline.py:410} INFO - [PostgreSQL] Column 'email' -> TEXT
[2026-01-08T15:09:46.458+0000] {structured_pipeline.py:421} INFO - [PostgreSQL] Created table: data_names_and_emails
[2026-01-08T15:09:46.470+0000] {structured_pipeline.py:443} INFO - [PostgreSQL] Loaded 573 rows into data_names_and_emails
[2026-01-08T15:09:46.470+0000] {structured_pipeline.py:456} INFO - [Parquet] Writing Parquet file...
[2026-01-08T15:09:46.560+0000] {logging_mixin.py:151} WARNING - /home/***/.local/lib/python3.11/site-packages/pyarrow/pandas_compat.py:373 FutureWarning: is_sparse is deprecated and will be removed in a future version. Check `isinstance(dtype, pd.SparseDtype)` instead.
[2026-01-08T15:09:46.592+0000] {structured_pipeline.py:483} INFO - [Parquet] Saved to: processed/structured/names_and_emails.parquet
[2026-01-08T15:09:46.593+0000] {structured_pipeline.py:570} ERROR - [structured] ❌ Error processing raw/names_and_emails.csv: syntax error at or near "#"
LINE 13:                     uploaded_by INTEGER,  # Added
                                                   ^
Traceback (most recent call last):
  File "/opt/python-etl/pipelines/structured_pipeline.py", line 555, in process_minio_object
    catalog_updater(
  File "/opt/python-etl/etl_manager.py", line 50, in update_catalog
    cursor.execute(
psycopg2.errors.SyntaxError: syntax error at or near "#"
LINE 13:                     uploaded_by INTEGER,  # Added
                                                   ^

[2026-01-08T15:09:46.594+0000] {taskinstance.py:1935} ERROR - Task failed with exception
Traceback (most recent call last):
  File "/home/airflow/.local/lib/python3.11/site-packages/airflow/operators/python.py", line 192, in execute
    return_value = self.execute_callable()
                   ^^^^^^^^^^^^^^^^^^^^^^^
  File "/home/airflow/.local/lib/python3.11/site-packages/airflow/operators/python.py", line 209, in execute_callable
    return self.python_callable(*self.op_args, **self.op_kwargs)
           ^^^^^^^^^^^^^^^^^^^^^^^^^^^^^^^^^^^^^^^^^^^^^^^^^^^^^
  File "/opt/airflow/dags/dispatcher_pipeline_dag.py", line 56, in scan_and_dispatch
    run_pipeline_for_object(object_name)
  File "/opt/python-etl/etl_manager.py", line 268, in run_pipeline_for_object
    structured_pipeline.process_minio_object(
  File "/opt/python-etl/pipelines/structured_pipeline.py", line 555, in process_minio_object
    catalog_updater(
  File "/opt/python-etl/etl_manager.py", line 50, in update_catalog
    cursor.execute(
psycopg2.errors.SyntaxError: syntax error at or near "#"
LINE 13:                     uploaded_by INTEGER,  # Added
                                                   ^

[2026-01-08T15:09:46.607+0000] {taskinstance.py:1398} INFO - Marking task as UP_FOR_RETRY. dag_id=distillationDAG, task_id=scan_minio_and_dispatch, execution_date=20260108T150848, start_date=20260108T150944, end_date=20260108T150946
[2026-01-08T15:09:46.620+0000] {standard_task_runner.py:104} ERROR - Failed to execute job 875 for task scan_minio_and_dispatch (syntax error at or near "#"
LINE 13:                     uploaded_by INTEGER,  # Added
                                                   ^
; 332)
[2026-01-08T15:09:46.647+0000] {local_task_job_runner.py:228} INFO - Task exited with return code 1
[2026-01-08T15:09:46.670+0000] {taskinstance.py:2776} INFO - 0 downstream tasks scheduled from follow-on schedule check
