[2026-02-09T08:34:44.639+0000] {taskinstance.py:1157} INFO - Dependencies all met for dep_context=non-requeueable deps ti=<TaskInstance: distillationDAG.scan_minio_and_dispatch scheduled__2026-02-09T08:33:39.271920+00:00 [queued]>
[2026-02-09T08:34:44.647+0000] {taskinstance.py:1157} INFO - Dependencies all met for dep_context=requeueable deps ti=<TaskInstance: distillationDAG.scan_minio_and_dispatch scheduled__2026-02-09T08:33:39.271920+00:00 [queued]>
[2026-02-09T08:34:44.647+0000] {taskinstance.py:1359} INFO - Starting attempt 1 of 4
[2026-02-09T08:34:44.660+0000] {taskinstance.py:1380} INFO - Executing <Task(PythonOperator): scan_minio_and_dispatch> on 2026-02-09 08:33:39.271920+00:00
[2026-02-09T08:34:44.667+0000] {standard_task_runner.py:57} INFO - Started process 729 to run task
[2026-02-09T08:34:44.671+0000] {standard_task_runner.py:84} INFO - Running: ['***', 'tasks', 'run', 'distillationDAG', 'scan_minio_and_dispatch', 'scheduled__2026-02-09T08:33:39.271920+00:00', '--job-id', '1260', '--raw', '--subdir', 'DAGS_FOLDER/dispatcher_pipeline_dag.py', '--cfg-path', '/tmp/tmpv0q6f0jb']
[2026-02-09T08:34:44.674+0000] {standard_task_runner.py:85} INFO - Job 1260: Subtask scan_minio_and_dispatch
[2026-02-09T08:34:44.738+0000] {task_command.py:415} INFO - Running <TaskInstance: distillationDAG.scan_minio_and_dispatch scheduled__2026-02-09T08:33:39.271920+00:00 [running]> on host 608fe9809e7c
[2026-02-09T08:34:45.020+0000] {taskinstance.py:1660} INFO - Exporting env vars: AIRFLOW_CTX_DAG_OWNER='***' AIRFLOW_CTX_DAG_ID='distillationDAG' AIRFLOW_CTX_TASK_ID='scan_minio_and_dispatch' AIRFLOW_CTX_EXECUTION_DATE='2026-02-09T08:33:39.271920+00:00' AIRFLOW_CTX_TRY_NUMBER='1' AIRFLOW_CTX_DAG_RUN_ID='scheduled__2026-02-09T08:33:39.271920+00:00'
[2026-02-09T08:34:45.030+0000] {logging_mixin.py:151} INFO - [DISPATCHER] Found file: raw/docx/Vacation_pay_before_it_is_earned-India.docx
[2026-02-09T08:34:45.515+0000] {docx_pipeline.py:285} INFO - [docx] Processing raw/docx/Vacation_pay_before_it_is_earned-India.docx
[2026-02-09T08:34:45.521+0000] {docx_pipeline.py:325} INFO - [docx] Extracting text from DOCX...
[2026-02-09T08:34:45.532+0000] {docx_pipeline.py:327} INFO - [docx] Extracted 1456 characters of text
[2026-02-09T08:34:45.533+0000] {docx_pipeline.py:329} INFO - [docx] Extracting tables from DOCX...
[2026-02-09T08:34:45.537+0000] {docx_pipeline.py:331} INFO - [docx] Found 0 tables
[2026-02-09T08:34:45.542+0000] {docx_pipeline.py:360} INFO - [docx] Uploaded extracted text -> processed/unstructured/text-extracted/Vacation_pay_before_it_is_earned-India.txt
[2026-02-09T08:34:45.544+0000] {docx_pipeline.py:168} ERROR - [docx] Failed inserting into unstructured_documents
Traceback (most recent call last):
  File "/opt/python-etl/pipelines/docx_pipeline.py", line 153, in _save_unstructured_doc
    cursor.execute(
psycopg2.errors.InvalidColumnReference: there is no unique or exclusion constraint matching the ON CONFLICT specification

[2026-02-09T08:34:45.554+0000] {docx_pipeline.py:429} INFO - [docx] Updated catalog for raw/docx/Vacation_pay_before_it_is_earned-India.docx
[2026-02-09T08:34:45.554+0000] {docx_pipeline.py:434} INFO - [docx] ✅ Completed processing raw/docx/Vacation_pay_before_it_is_earned-India.docx | tables=0 | total_rows=0 | text_chars=1456
[2026-02-09T08:34:45.554+0000] {etl_manager.py:292} INFO - Processing complete for: raw/docx/Vacation_pay_before_it_is_earned-India.docx
[2026-02-09T08:34:45.555+0000] {logging_mixin.py:151} INFO - [DISPATCHER] Archiving raw/docx/Vacation_pay_before_it_is_earned-India.docx -> raw-data/2026-02-09/Vacation_pay_before_it_is_earned-India.docx
[2026-02-09T08:34:45.564+0000] {logging_mixin.py:151} INFO - [DISPATCHER] Completed & removed landing copy: raw/docx/Vacation_pay_before_it_is_earned-India.docx
[2026-02-09T08:34:45.564+0000] {logging_mixin.py:151} INFO - [DISPATCHER] Found file: raw/pdf/nimish_Research1_1.pdf
[2026-02-09T08:34:45.574+0000] {pdf_pipeline.py:344} INFO - [pdf] Processing raw/pdf/nimish_Research1_1.pdf
[2026-02-09T08:34:45.579+0000] {pdf_pipeline.py:391} INFO - [pdf] Extracting text from PDF...
[2026-02-09T08:34:45.596+0000] {pdf_pipeline.py:423} ERROR - [pdf] Text extraction failed for raw/pdf/nimish_Research1_1.pdf: cannot access local variable 'table_count' where it is not associated with a value
Traceback (most recent call last):
  File "/opt/python-etl/pipelines/pdf_pipeline.py", line 408, in process_minio_object
    'table_count': table_count
                   ^^^^^^^^^^^
UnboundLocalError: cannot access local variable 'table_count' where it is not associated with a value
[2026-02-09T08:34:45.597+0000] {pdf_pipeline.py:458} WARNING - [pdf] No text extracted from raw/pdf/nimish_Research1_1.pdf
[2026-02-09T08:34:45.597+0000] {pdf_pipeline.py:461} INFO - [pdf] Extracting tables from PDF...
[2026-02-09T08:34:46.095+0000] {pdf_pipeline.py:228} INFO - [pdf] Uploaded table CSV -> processed/structured/pdf-tables/nimish_Research1_1_page3_table1.csv
[2026-02-09T08:34:46.096+0000] {structured_pipeline.py:107} INFO - Table name: data_nimish_research1_1_page3_table1
[2026-02-09T08:34:46.099+0000] {structured_pipeline.py:123} INFO - [Normalize] Normalizing DataFrame with 4 columns
[2026-02-09T08:34:46.105+0000] {logging_mixin.py:151} WARNING - /opt/python-etl/pipelines/structured_pipeline.py:189 UserWarning: Could not infer format, so each element will be parsed individually, falling back to `dateutil`. To ensure parsing is consistent and as-expected, please specify a format.
[2026-02-09T08:34:46.110+0000] {logging_mixin.py:151} WARNING - /opt/python-etl/pipelines/structured_pipeline.py:189 UserWarning: Could not infer format, so each element will be parsed individually, falling back to `dateutil`. To ensure parsing is consistent and as-expected, please specify a format.
[2026-02-09T08:34:46.111+0000] {logging_mixin.py:151} WARNING - /opt/python-etl/pipelines/structured_pipeline.py:189 UserWarning: Could not infer format, so each element will be parsed individually, falling back to `dateutil`. To ensure parsing is consistent and as-expected, please specify a format.
[2026-02-09T08:34:46.112+0000] {logging_mixin.py:151} WARNING - /opt/python-etl/pipelines/structured_pipeline.py:189 UserWarning: Could not infer format, so each element will be parsed individually, falling back to `dateutil`. To ensure parsing is consistent and as-expected, please specify a format.
[2026-02-09T08:34:46.126+0000] {pdf_pipeline.py:277} INFO - [pdf] Created table: data_nimish_research1_1_page3_table1
[2026-02-09T08:34:46.129+0000] {pdf_pipeline.py:290} INFO - [pdf] Loaded 5 rows into data_nimish_research1_1_page3_table1
[2026-02-09T08:34:46.131+0000] {pdf_pipeline.py:512} INFO - [pdf] Processed table 1: 5 rows, 4 columns
[2026-02-09T08:34:46.475+0000] {pdf_pipeline.py:529} INFO - [pdf] Extracted 1 tables with 5 total rows
[2026-02-09T08:34:46.475+0000] {pdf_pipeline.py:544} ERROR - [pdf] Failed catalog update for raw/pdf/nimish_Research1_1.pdf: cannot access local variable 'pdf_metadata' where it is not associated with a value
Traceback (most recent call last):
  File "/opt/python-etl/pipelines/pdf_pipeline.py", line 540, in process_minio_object
    metadata=pdf_metadata  # NEW
             ^^^^^^^^^^^^
UnboundLocalError: cannot access local variable 'pdf_metadata' where it is not associated with a value
[2026-02-09T08:34:46.476+0000] {pdf_pipeline.py:547} INFO - [pdf] ✅ Completed processing: raw/pdf/nimish_Research1_1.pdf | pages=5 | tables=1 | rows=5 | text_chars=0
[2026-02-09T08:34:46.476+0000] {etl_manager.py:292} INFO - Processing complete for: raw/pdf/nimish_Research1_1.pdf
[2026-02-09T08:34:46.476+0000] {logging_mixin.py:151} INFO - [DISPATCHER] Archiving raw/pdf/nimish_Research1_1.pdf -> raw-data/2026-02-09/nimish_Research1_1.pdf
[2026-02-09T08:34:46.519+0000] {logging_mixin.py:151} INFO - [DISPATCHER] Completed & removed landing copy: raw/pdf/nimish_Research1_1.pdf
[2026-02-09T08:34:46.519+0000] {logging_mixin.py:151} INFO - [DISPATCHER] Found file: raw/pdf/nimish_Research3.pdf
[2026-02-09T08:34:46.531+0000] {pdf_pipeline.py:344} INFO - [pdf] Processing raw/pdf/nimish_Research3.pdf
[2026-02-09T08:34:46.540+0000] {pdf_pipeline.py:391} INFO - [pdf] Extracting text from PDF...
[2026-02-09T08:34:46.549+0000] {pdf_pipeline.py:423} ERROR - [pdf] Text extraction failed for raw/pdf/nimish_Research3.pdf: cannot access local variable 'table_count' where it is not associated with a value
Traceback (most recent call last):
  File "/opt/python-etl/pipelines/pdf_pipeline.py", line 407, in process_minio_object
    'page_count': page_count,
                  ^^^^^^^^^^
UnboundLocalError: cannot access local variable 'table_count' where it is not associated with a value
[2026-02-09T08:34:46.549+0000] {pdf_pipeline.py:458} WARNING - [pdf] No text extracted from raw/pdf/nimish_Research3.pdf
[2026-02-09T08:34:46.549+0000] {pdf_pipeline.py:461} INFO - [pdf] Extracting tables from PDF...
[2026-02-09T08:34:47.107+0000] {pdf_pipeline.py:228} INFO - [pdf] Uploaded table CSV -> processed/structured/pdf-tables/nimish_Research3_page4_table1.csv
[2026-02-09T08:34:47.107+0000] {structured_pipeline.py:107} INFO - Table name: data_nimish_research3_page4_table1
[2026-02-09T08:34:47.108+0000] {structured_pipeline.py:123} INFO - [Normalize] Normalizing DataFrame with 4 columns
[2026-02-09T08:34:47.110+0000] {logging_mixin.py:151} WARNING - /opt/python-etl/pipelines/structured_pipeline.py:189 UserWarning: Could not infer format, so each element will be parsed individually, falling back to `dateutil`. To ensure parsing is consistent and as-expected, please specify a format.
[2026-02-09T08:34:47.112+0000] {logging_mixin.py:151} WARNING - /opt/python-etl/pipelines/structured_pipeline.py:189 UserWarning: Could not infer format, so each element will be parsed individually, falling back to `dateutil`. To ensure parsing is consistent and as-expected, please specify a format.
[2026-02-09T08:34:47.114+0000] {logging_mixin.py:151} WARNING - /opt/python-etl/pipelines/structured_pipeline.py:189 UserWarning: Could not infer format, so each element will be parsed individually, falling back to `dateutil`. To ensure parsing is consistent and as-expected, please specify a format.
[2026-02-09T08:34:47.115+0000] {logging_mixin.py:151} WARNING - /opt/python-etl/pipelines/structured_pipeline.py:189 UserWarning: Could not infer format, so each element will be parsed individually, falling back to `dateutil`. To ensure parsing is consistent and as-expected, please specify a format.
[2026-02-09T08:34:47.118+0000] {pdf_pipeline.py:277} INFO - [pdf] Created table: data_nimish_research3_page4_table1
[2026-02-09T08:34:47.121+0000] {pdf_pipeline.py:290} INFO - [pdf] Loaded 5 rows into data_nimish_research3_page4_table1
[2026-02-09T08:34:47.125+0000] {pdf_pipeline.py:512} INFO - [pdf] Processed table 1: 5 rows, 4 columns
[2026-02-09T08:34:47.514+0000] {pdf_pipeline.py:228} INFO - [pdf] Uploaded table CSV -> processed/structured/pdf-tables/nimish_Research3_page7_table1.csv
[2026-02-09T08:34:47.514+0000] {structured_pipeline.py:107} INFO - Table name: data_nimish_research3_page7_table1
[2026-02-09T08:34:47.515+0000] {structured_pipeline.py:123} INFO - [Normalize] Normalizing DataFrame with 3 columns
[2026-02-09T08:34:47.517+0000] {logging_mixin.py:151} WARNING - /opt/python-etl/pipelines/structured_pipeline.py:189 UserWarning: Could not infer format, so each element will be parsed individually, falling back to `dateutil`. To ensure parsing is consistent and as-expected, please specify a format.
[2026-02-09T08:34:47.519+0000] {logging_mixin.py:151} WARNING - /opt/python-etl/pipelines/structured_pipeline.py:189 UserWarning: Could not infer format, so each element will be parsed individually, falling back to `dateutil`. To ensure parsing is consistent and as-expected, please specify a format.
[2026-02-09T08:34:47.521+0000] {logging_mixin.py:151} WARNING - /opt/python-etl/pipelines/structured_pipeline.py:189 UserWarning: Could not infer format, so each element will be parsed individually, falling back to `dateutil`. To ensure parsing is consistent and as-expected, please specify a format.
[2026-02-09T08:34:47.524+0000] {pdf_pipeline.py:277} INFO - [pdf] Created table: data_nimish_research3_page7_table1
[2026-02-09T08:34:47.526+0000] {pdf_pipeline.py:290} INFO - [pdf] Loaded 8 rows into data_nimish_research3_page7_table1
[2026-02-09T08:34:47.528+0000] {pdf_pipeline.py:512} INFO - [pdf] Processed table 2: 8 rows, 3 columns
[2026-02-09T08:34:47.916+0000] {pdf_pipeline.py:529} INFO - [pdf] Extracted 2 tables with 13 total rows
[2026-02-09T08:34:47.917+0000] {pdf_pipeline.py:544} ERROR - [pdf] Failed catalog update for raw/pdf/nimish_Research3.pdf: cannot access local variable 'pdf_metadata' where it is not associated with a value
Traceback (most recent call last):
  File "/opt/python-etl/pipelines/pdf_pipeline.py", line 539, in process_minio_object
    content_hash=file_hash,
                 ^^^^^^^^^
UnboundLocalError: cannot access local variable 'pdf_metadata' where it is not associated with a value
[2026-02-09T08:34:47.917+0000] {pdf_pipeline.py:547} INFO - [pdf] ✅ Completed processing: raw/pdf/nimish_Research3.pdf | pages=9 | tables=2 | rows=13 | text_chars=0
[2026-02-09T08:34:47.918+0000] {etl_manager.py:292} INFO - Processing complete for: raw/pdf/nimish_Research3.pdf
[2026-02-09T08:34:47.918+0000] {logging_mixin.py:151} INFO - [DISPATCHER] Archiving raw/pdf/nimish_Research3.pdf -> raw-data/2026-02-09/nimish_Research3.pdf
[2026-02-09T08:34:47.930+0000] {logging_mixin.py:151} INFO - [DISPATCHER] Completed & removed landing copy: raw/pdf/nimish_Research3.pdf
[2026-02-09T08:34:47.930+0000] {python.py:194} INFO - Done. Returned value was: None
[2026-02-09T08:34:47.947+0000] {taskinstance.py:1398} INFO - Marking task as SUCCESS. dag_id=distillationDAG, task_id=scan_minio_and_dispatch, execution_date=20260209T083339, start_date=20260209T083444, end_date=20260209T083447
[2026-02-09T08:34:48.013+0000] {local_task_job_runner.py:228} INFO - Task exited with return code 0
[2026-02-09T08:34:48.036+0000] {taskinstance.py:2776} INFO - 0 downstream tasks scheduled from follow-on schedule check
