[2026-04-29T10:33:23.476+0000] {taskinstance.py:1157} INFO - Dependencies all met for dep_context=non-requeueable deps ti=<TaskInstance: distillationDAG.scan_minio_and_dispatch scheduled__2026-04-29T10:32:33.986809+00:00 [queued]>
[2026-04-29T10:33:23.502+0000] {taskinstance.py:1157} INFO - Dependencies all met for dep_context=requeueable deps ti=<TaskInstance: distillationDAG.scan_minio_and_dispatch scheduled__2026-04-29T10:32:33.986809+00:00 [queued]>
[2026-04-29T10:33:23.503+0000] {taskinstance.py:1359} INFO - Starting attempt 1 of 4
[2026-04-29T10:33:23.536+0000] {taskinstance.py:1380} INFO - Executing <Task(PythonOperator): scan_minio_and_dispatch> on 2026-04-29 10:32:33.986809+00:00
[2026-04-29T10:33:23.552+0000] {standard_task_runner.py:57} INFO - Started process 968 to run task
[2026-04-29T10:33:23.563+0000] {standard_task_runner.py:84} INFO - Running: ['***', 'tasks', 'run', 'distillationDAG', 'scan_minio_and_dispatch', 'scheduled__2026-04-29T10:32:33.986809+00:00', '--job-id', '3827', '--raw', '--subdir', 'DAGS_FOLDER/dispatcher_pipeline_dag.py', '--cfg-path', '/tmp/tmpjgpw5rip']
[2026-04-29T10:33:23.573+0000] {standard_task_runner.py:85} INFO - Job 3827: Subtask scan_minio_and_dispatch
[2026-04-29T10:33:23.761+0000] {task_command.py:415} INFO - Running <TaskInstance: distillationDAG.scan_minio_and_dispatch scheduled__2026-04-29T10:32:33.986809+00:00 [running]> on host 60d183c36f4b
[2026-04-29T10:33:24.536+0000] {taskinstance.py:1660} INFO - Exporting env vars: AIRFLOW_CTX_DAG_OWNER='***' AIRFLOW_CTX_DAG_ID='distillationDAG' AIRFLOW_CTX_TASK_ID='scan_minio_and_dispatch' AIRFLOW_CTX_EXECUTION_DATE='2026-04-29T10:32:33.986809+00:00' AIRFLOW_CTX_TRY_NUMBER='1' AIRFLOW_CTX_DAG_RUN_ID='scheduled__2026-04-29T10:32:33.986809+00:00'
[2026-04-29T10:33:24.590+0000] {logging_mixin.py:151} INFO - [DISPATCHER] Found file: raw/StudentsPerformance.csv
[2026-04-29T10:33:25.480+0000] {structured_pipeline.py:624} INFO - [structured] Processing raw/StudentsPerformance.csv
[2026-04-29T10:33:25.497+0000] {structured_pipeline.py:638} INFO - [structured] Downloaded 72036 bytes
[2026-04-29T10:33:25.498+0000] {structured_pipeline.py:642} INFO - [structured] Detected file type: csv
[2026-04-29T10:33:25.514+0000] {structured_pipeline.py:22} INFO - Detected encoding: ascii (confidence: 1.00)
[2026-04-29T10:33:25.515+0000] {structured_pipeline.py:248} INFO - [CSV] Attempting to decode with ascii
[2026-04-29T10:33:25.519+0000] {structured_pipeline.py:41} INFO - Sniffer detected delimiter: ','
[2026-04-29T10:33:25.520+0000] {structured_pipeline.py:279} INFO - [CSV] Read attempt 1
[2026-04-29T10:33:25.558+0000] {structured_pipeline.py:283} INFO - [CSV] Successfully read 1000 rows with 8 columns
[2026-04-29T10:33:25.559+0000] {structured_pipeline.py:665} INFO - [structured] Initial read: 1000 rows, 8 columns
[2026-04-29T10:33:25.559+0000] {structured_pipeline.py:374} INFO - [Clean] Cleaning dataframe...
[2026-04-29T10:33:25.588+0000] {structured_pipeline.py:399} INFO - [Clean] Cleaned dataframe: 1000 rows, 8 columns
[2026-04-29T10:33:25.589+0000] {structured_pipeline.py:108} INFO - Table name: data_studentsperformance
[2026-04-29T10:33:25.589+0000] {structured_pipeline.py:124} INFO - [Normalize] Normalizing DataFrame with 8 columns
[2026-04-29T10:33:25.604+0000] {logging_mixin.py:151} WARNING - /opt/python-etl/pipelines/structured_pipeline.py:211 UserWarning: Could not infer format, so each element will be parsed individually, falling back to `dateutil`. To ensure parsing is consistent and as-expected, please specify a format.
[2026-04-29T10:33:25.607+0000] {structured_pipeline.py:419} INFO - [PostgreSQL] Column 'gender' -> TEXT
[2026-04-29T10:33:25.613+0000] {logging_mixin.py:151} WARNING - /opt/python-etl/pipelines/structured_pipeline.py:211 UserWarning: Could not infer format, so each element will be parsed individually, falling back to `dateutil`. To ensure parsing is consistent and as-expected, please specify a format.
[2026-04-29T10:33:25.614+0000] {structured_pipeline.py:419} INFO - [PostgreSQL] Column 'race_ethnicity' -> TEXT
[2026-04-29T10:33:25.620+0000] {logging_mixin.py:151} WARNING - /opt/python-etl/pipelines/structured_pipeline.py:211 UserWarning: Could not infer format, so each element will be parsed individually, falling back to `dateutil`. To ensure parsing is consistent and as-expected, please specify a format.
[2026-04-29T10:33:25.621+0000] {structured_pipeline.py:419} INFO - [PostgreSQL] Column 'parental_level_of_education' -> TEXT
[2026-04-29T10:33:25.627+0000] {logging_mixin.py:151} WARNING - /opt/python-etl/pipelines/structured_pipeline.py:211 UserWarning: Could not infer format, so each element will be parsed individually, falling back to `dateutil`. To ensure parsing is consistent and as-expected, please specify a format.
[2026-04-29T10:33:25.628+0000] {structured_pipeline.py:419} INFO - [PostgreSQL] Column 'lunch' -> TEXT
[2026-04-29T10:33:25.633+0000] {logging_mixin.py:151} WARNING - /opt/python-etl/pipelines/structured_pipeline.py:211 UserWarning: Could not infer format, so each element will be parsed individually, falling back to `dateutil`. To ensure parsing is consistent and as-expected, please specify a format.
[2026-04-29T10:33:25.634+0000] {structured_pipeline.py:419} INFO - [PostgreSQL] Column 'test_preparation_course' -> TEXT
[2026-04-29T10:33:25.640+0000] {structured_pipeline.py:419} INFO - [PostgreSQL] Column 'math_score' -> INTEGER
[2026-04-29T10:33:25.642+0000] {structured_pipeline.py:419} INFO - [PostgreSQL] Column 'reading_score' -> INTEGER
[2026-04-29T10:33:25.645+0000] {structured_pipeline.py:419} INFO - [PostgreSQL] Column 'writing_score' -> INTEGER
[2026-04-29T10:33:25.647+0000] {structured_pipeline.py:431} INFO - [PostgreSQL] Dropped existing table: data_studentsperformance
[2026-04-29T10:33:25.656+0000] {structured_pipeline.py:435} INFO - [PostgreSQL] Created table: data_studentsperformance
[2026-04-29T10:33:25.722+0000] {structured_pipeline.py:562} INFO - [PostgreSQL] Loaded 1000 rows into data_studentsperformance
[2026-04-29T10:33:25.722+0000] {structured_pipeline.py:576} INFO - [Parquet] Writing Parquet file...
[2026-04-29T10:33:25.869+0000] {structured_pipeline.py:603} INFO - [Parquet] Saved to: processed/structured/StudentsPerformance.parquet
[2026-04-29T10:33:25.885+0000] {structured_pipeline.py:723} INFO - [structured] Removed old catalog entry: raw/StudentsPerformance.csv
[2026-04-29T10:33:25.886+0000] {structured_pipeline.py:728} INFO - [structured] ✅ Successfully processed raw/StudentsPerformance.csv -> processed/structured/StudentsPerformance.parquet
[2026-04-29T10:33:25.887+0000] {etl_manager.py:287} INFO - ETL completed: raw/StudentsPerformance.csv
[2026-04-29T10:33:25.888+0000] {logging_mixin.py:151} INFO - [DISPATCHER] Archiving raw/StudentsPerformance.csv -> raw-data/2026-04-29/StudentsPerformance.csv
[2026-04-29T10:33:25.937+0000] {logging_mixin.py:151} INFO - [DISPATCHER] Catalog updated for archive: raw-data/2026-04-29/StudentsPerformance.csv
[2026-04-29T10:33:25.948+0000] {logging_mixin.py:151} INFO - [DISPATCHER] Completed & removed landing copy: raw/StudentsPerformance.csv
[2026-04-29T10:33:25.949+0000] {python.py:194} INFO - Done. Returned value was: None
[2026-04-29T10:33:26.018+0000] {taskinstance.py:1398} INFO - Marking task as SUCCESS. dag_id=distillationDAG, task_id=scan_minio_and_dispatch, execution_date=20260429T103233, start_date=20260429T103323, end_date=20260429T103326
[2026-04-29T10:33:26.119+0000] {local_task_job_runner.py:228} INFO - Task exited with return code 0
[2026-04-29T10:33:26.202+0000] {taskinstance.py:2776} INFO - 0 downstream tasks scheduled from follow-on schedule check
