[2026-02-27T06:37:40.258+0000] {taskinstance.py:1157} INFO - Dependencies all met for dep_context=non-requeueable deps ti=<TaskInstance: distillationDAG.scan_minio_and_dispatch scheduled__2026-02-27T06:36:34.093883+00:00 [queued]>
[2026-02-27T06:37:40.279+0000] {taskinstance.py:1157} INFO - Dependencies all met for dep_context=requeueable deps ti=<TaskInstance: distillationDAG.scan_minio_and_dispatch scheduled__2026-02-27T06:36:34.093883+00:00 [queued]>
[2026-02-27T06:37:40.280+0000] {taskinstance.py:1359} INFO - Starting attempt 1 of 4
[2026-02-27T06:37:40.312+0000] {taskinstance.py:1380} INFO - Executing <Task(PythonOperator): scan_minio_and_dispatch> on 2026-02-27 06:36:34.093883+00:00
[2026-02-27T06:37:40.327+0000] {standard_task_runner.py:57} INFO - Started process 631 to run task
[2026-02-27T06:37:40.337+0000] {standard_task_runner.py:84} INFO - Running: ['***', 'tasks', 'run', 'distillationDAG', 'scan_minio_and_dispatch', 'scheduled__2026-02-27T06:36:34.093883+00:00', '--job-id', '1778', '--raw', '--subdir', 'DAGS_FOLDER/dispatcher_pipeline_dag.py', '--cfg-path', '/tmp/tmpr9my8uw7']
[2026-02-27T06:37:40.346+0000] {standard_task_runner.py:85} INFO - Job 1778: Subtask scan_minio_and_dispatch
[2026-02-27T06:37:40.526+0000] {task_command.py:415} INFO - Running <TaskInstance: distillationDAG.scan_minio_and_dispatch scheduled__2026-02-27T06:36:34.093883+00:00 [running]> on host 142b04713bba
[2026-02-27T06:37:41.225+0000] {taskinstance.py:1660} INFO - Exporting env vars: AIRFLOW_CTX_DAG_OWNER='***' AIRFLOW_CTX_DAG_ID='distillationDAG' AIRFLOW_CTX_TASK_ID='scan_minio_and_dispatch' AIRFLOW_CTX_EXECUTION_DATE='2026-02-27T06:36:34.093883+00:00' AIRFLOW_CTX_TRY_NUMBER='1' AIRFLOW_CTX_DAG_RUN_ID='scheduled__2026-02-27T06:36:34.093883+00:00'
[2026-02-27T06:37:41.249+0000] {logging_mixin.py:151} INFO - [DISPATCHER] Found file: raw/doc8_it_assets.pdf
[2026-02-27T06:37:42.253+0000] {pdf_pipeline.py:476} INFO - [pdf] Processing raw/doc8_it_assets.pdf
[2026-02-27T06:37:42.269+0000] {pdf_pipeline.py:530} INFO - [pdf] Extracting text from PDF...
[2026-02-27T06:37:42.444+0000] {pdf_pipeline.py:552} INFO - [pdf] Extracted 1228 characters of text from 3 pages
[2026-02-27T06:37:42.454+0000] {pdf_pipeline.py:571} INFO - [pdf] Uploaded extracted text -> processed/unstructured/text-extracted/doc8_it_assets.txt
[2026-02-27T06:37:42.454+0000] {pdf_pipeline.py:588} WARNING - [pdf] Failed to save unstructured doc: _save_unstructured_doc() got an unexpected keyword argument 'uploaded_by'
[2026-02-27T06:37:42.455+0000] {pdf_pipeline.py:594} INFO - [pdf] Extracting tables from PDF...
[2026-02-27T06:37:42.809+0000] {pdf_pipeline.py:613} INFO - [pdf] Page 2: pdfplumber found 2 header-only table(s); rect-based fallback found 2 table(s)
[2026-02-27T06:37:42.861+0000] {pdf_pipeline.py:343} INFO - [pdf] Uploaded table CSV -> processed/structured/pdf-tables/doc8_it_assets_page2_table1.csv
[2026-02-27T06:37:42.862+0000] {structured_pipeline.py:108} INFO - Table name: data_doc8_it_assets_page2_table1
[2026-02-27T06:37:42.868+0000] {structured_pipeline.py:124} INFO - [Normalize] Normalizing DataFrame with 5 columns
[2026-02-27T06:37:42.883+0000] {logging_mixin.py:151} WARNING - /opt/python-etl/pipelines/structured_pipeline.py:190 UserWarning: Could not infer format, so each element will be parsed individually, falling back to `dateutil`. To ensure parsing is consistent and as-expected, please specify a format.
[2026-02-27T06:37:42.909+0000] {pdf_pipeline.py:407} INFO - [pdf] Created table: data_doc8_it_assets_page2_table1
[2026-02-27T06:37:42.914+0000] {pdf_pipeline.py:420} INFO - [pdf] Loaded 5 rows into data_doc8_it_assets_page2_table1
[2026-02-27T06:37:42.923+0000] {pdf_pipeline.py:656} INFO - [pdf] Processed table 1: 5 rows, 5 columns
[2026-02-27T06:37:42.948+0000] {pdf_pipeline.py:343} INFO - [pdf] Uploaded table CSV -> processed/structured/pdf-tables/doc8_it_assets_page2_table2.csv
[2026-02-27T06:37:42.949+0000] {structured_pipeline.py:108} INFO - Table name: data_doc8_it_assets_page2_table2
[2026-02-27T06:37:42.951+0000] {structured_pipeline.py:124} INFO - [Normalize] Normalizing DataFrame with 5 columns
[2026-02-27T06:37:42.959+0000] {logging_mixin.py:151} WARNING - /opt/python-etl/pipelines/structured_pipeline.py:190 UserWarning: Could not infer format, so each element will be parsed individually, falling back to `dateutil`. To ensure parsing is consistent and as-expected, please specify a format.
[2026-02-27T06:37:42.967+0000] {logging_mixin.py:151} WARNING - /opt/python-etl/pipelines/structured_pipeline.py:190 UserWarning: Could not infer format, so each element will be parsed individually, falling back to `dateutil`. To ensure parsing is consistent and as-expected, please specify a format.
[2026-02-27T06:37:42.974+0000] {logging_mixin.py:151} WARNING - /opt/python-etl/pipelines/structured_pipeline.py:190 UserWarning: Could not infer format, so each element will be parsed individually, falling back to `dateutil`. To ensure parsing is consistent and as-expected, please specify a format.
[2026-02-27T06:37:42.979+0000] {pdf_pipeline.py:397} WARNING - [pdf] Column 'renewal' inferred as TIMESTAMP but values don't parse as full dates. Falling back to TEXT.
[2026-02-27T06:37:42.983+0000] {pdf_pipeline.py:407} INFO - [pdf] Created table: data_doc8_it_assets_page2_table2
[2026-02-27T06:37:42.987+0000] {pdf_pipeline.py:420} INFO - [pdf] Loaded 5 rows into data_doc8_it_assets_page2_table2
[2026-02-27T06:37:42.991+0000] {pdf_pipeline.py:656} INFO - [pdf] Processed table 2: 5 rows, 5 columns
[2026-02-27T06:37:43.158+0000] {pdf_pipeline.py:613} INFO - [pdf] Page 3: pdfplumber found 1 header-only table(s); rect-based fallback found 1 table(s)
[2026-02-27T06:37:43.181+0000] {pdf_pipeline.py:343} INFO - [pdf] Uploaded table CSV -> processed/structured/pdf-tables/doc8_it_assets_page3_table1.csv
[2026-02-27T06:37:43.182+0000] {structured_pipeline.py:108} INFO - Table name: data_doc8_it_assets_page3_table1
[2026-02-27T06:37:43.183+0000] {structured_pipeline.py:124} INFO - [Normalize] Normalizing DataFrame with 5 columns
[2026-02-27T06:37:43.191+0000] {logging_mixin.py:151} WARNING - /opt/python-etl/pipelines/structured_pipeline.py:190 UserWarning: Could not infer format, so each element will be parsed individually, falling back to `dateutil`. To ensure parsing is consistent and as-expected, please specify a format.
[2026-02-27T06:37:43.197+0000] {logging_mixin.py:151} WARNING - /opt/python-etl/pipelines/structured_pipeline.py:190 UserWarning: Could not infer format, so each element will be parsed individually, falling back to `dateutil`. To ensure parsing is consistent and as-expected, please specify a format.
[2026-02-27T06:37:43.202+0000] {logging_mixin.py:151} WARNING - /opt/python-etl/pipelines/structured_pipeline.py:190 UserWarning: Could not infer format, so each element will be parsed individually, falling back to `dateutil`. To ensure parsing is consistent and as-expected, please specify a format.
[2026-02-27T06:37:43.207+0000] {logging_mixin.py:151} WARNING - /opt/python-etl/pipelines/structured_pipeline.py:190 UserWarning: Could not infer format, so each element will be parsed individually, falling back to `dateutil`. To ensure parsing is consistent and as-expected, please specify a format.
[2026-02-27T06:37:43.209+0000] {pdf_pipeline.py:397} WARNING - [pdf] Column 'last_updated' inferred as TIMESTAMP but values don't parse as full dates. Falling back to TEXT.
[2026-02-27T06:37:43.213+0000] {pdf_pipeline.py:407} INFO - [pdf] Created table: data_doc8_it_assets_page3_table1
[2026-02-27T06:37:43.218+0000] {pdf_pipeline.py:420} INFO - [pdf] Loaded 5 rows into data_doc8_it_assets_page3_table1
[2026-02-27T06:37:43.222+0000] {pdf_pipeline.py:656} INFO - [pdf] Processed table 3: 5 rows, 5 columns
[2026-02-27T06:37:43.223+0000] {pdf_pipeline.py:673} INFO - [pdf] Extracted 3 tables with 15 total rows
[2026-02-27T06:37:43.227+0000] {pdf_pipeline.py:701} INFO - [pdf] Updated catalog for raw/doc8_it_assets.pdf
[2026-02-27T06:37:43.227+0000] {pdf_pipeline.py:706} INFO - [pdf] ✅ Completed processing: raw/doc8_it_assets.pdf | pages=3 | tables=3 | rows=15 | text_chars=1228
[2026-02-27T06:37:43.228+0000] {etl_manager.py:306} INFO - ETL completed: raw/doc8_it_assets.pdf
[2026-02-27T06:37:43.229+0000] {logging_mixin.py:151} INFO - [DISPATCHER] Archiving raw/doc8_it_assets.pdf -> raw-data/2026-02-27/doc8_it_assets.pdf
[2026-02-27T06:37:43.251+0000] {logging_mixin.py:151} INFO - [DISPATCHER] Completed & removed landing copy: raw/doc8_it_assets.pdf
[2026-02-27T06:37:43.252+0000] {logging_mixin.py:151} INFO - [DISPATCHER] Found file: raw/doc8_it_assets111.docx
[2026-02-27T06:37:43.287+0000] {docx_pipeline.py:453} INFO - [docx] Processing raw/doc8_it_assets111.docx
[2026-02-27T06:37:43.299+0000] {docx_pipeline.py:510} INFO - [docx] Extracting text…
[2026-02-27T06:37:43.324+0000] {docx_pipeline.py:512} INFO - [docx] Extracted 192 characters of text
[2026-02-27T06:37:43.324+0000] {docx_pipeline.py:517} INFO - [docx] Extracting tables…
[2026-02-27T06:37:43.368+0000] {docx_pipeline.py:519} INFO - [docx] Found 3 table(s)
[2026-02-27T06:37:43.376+0000] {docx_pipeline.py:544} INFO - [docx] Uploaded extracted text → processed/unstructured/text-extracted/doc8_it_assets111.txt
[2026-02-27T06:37:43.386+0000] {docx_pipeline.py:193} WARNING - [docx] Could not add UNIQUE constraint: could not create unique index "unstructured_documents_content_hash_key"
DETAIL:  Key (content_hash)=(a95d20adcf0b6ad918e0139c6c2e7fe32b571130949496df092301cfbc685f2e) is duplicated.

[2026-02-27T06:37:43.391+0000] {docx_pipeline.py:257} INFO - [docx] Inserted into unstructured_documents for raw/doc8_it_assets111.docx
[2026-02-27T06:37:43.393+0000] {docx_pipeline.py:565} INFO - [docx] Processing 3 table(s)…
[2026-02-27T06:37:43.411+0000] {docx_pipeline.py:310} INFO - [docx] Uploaded table CSV → processed/structured/docx-tables/doc8_it_assets111_table_1.csv
[2026-02-27T06:37:43.412+0000] {structured_pipeline.py:108} INFO - Table name: data_doc8_it_assets111_table_1
[2026-02-27T06:37:43.412+0000] {docx_pipeline.py:417} ERROR - [docx] Failed processing table processed/structured/docx-tables/doc8_it_assets111_table_1.csv: cannot access local variable 'pd' where it is not associated with a value
Traceback (most recent call last):
  File "/opt/python-etl/pipelines/docx_pipeline.py", line 331, in _process_extracted_table
    cols = pd.Series(table_df.columns)
           ^^
UnboundLocalError: cannot access local variable 'pd' where it is not associated with a value
[2026-02-27T06:37:43.415+0000] {docx_pipeline.py:588} INFO - [docx] Processed table 1/3: 4 rows × 5 cols
[2026-02-27T06:37:43.435+0000] {docx_pipeline.py:310} INFO - [docx] Uploaded table CSV → processed/structured/docx-tables/doc8_it_assets111_table_2.csv
[2026-02-27T06:37:43.435+0000] {structured_pipeline.py:108} INFO - Table name: data_doc8_it_assets111_table_2
[2026-02-27T06:37:43.436+0000] {docx_pipeline.py:417} ERROR - [docx] Failed processing table processed/structured/docx-tables/doc8_it_assets111_table_2.csv: cannot access local variable 'pd' where it is not associated with a value
Traceback (most recent call last):
  File "/opt/python-etl/pipelines/docx_pipeline.py", line 331, in _process_extracted_table
    cols = pd.Series(table_df.columns)
           ^^
UnboundLocalError: cannot access local variable 'pd' where it is not associated with a value
[2026-02-27T06:37:43.437+0000] {docx_pipeline.py:588} INFO - [docx] Processed table 2/3: 4 rows × 5 cols
[2026-02-27T06:37:43.453+0000] {docx_pipeline.py:310} INFO - [docx] Uploaded table CSV → processed/structured/docx-tables/doc8_it_assets111_table_3.csv
[2026-02-27T06:37:43.454+0000] {structured_pipeline.py:108} INFO - Table name: data_doc8_it_assets111_table_3
[2026-02-27T06:37:43.454+0000] {docx_pipeline.py:417} ERROR - [docx] Failed processing table processed/structured/docx-tables/doc8_it_assets111_table_3.csv: cannot access local variable 'pd' where it is not associated with a value
Traceback (most recent call last):
  File "/opt/python-etl/pipelines/docx_pipeline.py", line 331, in _process_extracted_table
    cols = pd.Series(table_df.columns)
           ^^
UnboundLocalError: cannot access local variable 'pd' where it is not associated with a value
[2026-02-27T06:37:43.455+0000] {docx_pipeline.py:588} INFO - [docx] Processed table 3/3: 4 rows × 4 cols
[2026-02-27T06:37:43.466+0000] {docx_pipeline.py:624} INFO - [docx] Updated catalog for raw/doc8_it_assets111.docx
[2026-02-27T06:37:43.467+0000] {docx_pipeline.py:630} INFO - [docx] ✅ Completed raw/doc8_it_assets111.docx | tables=3 | total_rows=12 | text_chars=192
[2026-02-27T06:37:43.467+0000] {etl_manager.py:306} INFO - ETL completed: raw/doc8_it_assets111.docx
[2026-02-27T06:37:43.468+0000] {logging_mixin.py:151} INFO - [DISPATCHER] Archiving raw/doc8_it_assets111.docx -> raw-data/2026-02-27/doc8_it_assets111.docx
[2026-02-27T06:37:43.485+0000] {logging_mixin.py:151} INFO - [DISPATCHER] Completed & removed landing copy: raw/doc8_it_assets111.docx
[2026-02-27T06:37:43.486+0000] {python.py:194} INFO - Done. Returned value was: None
[2026-02-27T06:37:43.526+0000] {taskinstance.py:1398} INFO - Marking task as SUCCESS. dag_id=distillationDAG, task_id=scan_minio_and_dispatch, execution_date=20260227T063634, start_date=20260227T063740, end_date=20260227T063743
[2026-02-27T06:37:43.604+0000] {local_task_job_runner.py:228} INFO - Task exited with return code 0
[2026-02-27T06:37:43.681+0000] {taskinstance.py:2776} INFO - 0 downstream tasks scheduled from follow-on schedule check
