[2026-03-12T19:25:20.350+0000] {processor.py:157} INFO - Started process (PID=170) to work on /opt/airflow/dags/dispatcher_pipeline_dag.py
[2026-03-12T19:25:20.352+0000] {processor.py:829} INFO - Processing file /opt/airflow/dags/dispatcher_pipeline_dag.py for tasks to queue
[2026-03-12T19:25:20.355+0000] {logging_mixin.py:151} INFO - [2026-03-12T19:25:20.354+0000] {dagbag.py:539} INFO - Filling up the DagBag from /opt/airflow/dags/dispatcher_pipeline_dag.py
[2026-03-12T19:25:22.817+0000] {processor.py:839} INFO - DAG(s) dict_keys(['distillationDAG']) retrieved from /opt/airflow/dags/dispatcher_pipeline_dag.py
[2026-03-12T19:25:22.936+0000] {logging_mixin.py:151} INFO - [2026-03-12T19:25:22.934+0000] {dag.py:2915} INFO - Sync 1 DAGs
[2026-03-12T19:25:23.040+0000] {processor.py:179} INFO - Processing /opt/airflow/dags/dispatcher_pipeline_dag.py took 2.700 seconds
[2026-03-12T19:25:53.506+0000] {processor.py:157} INFO - Started process (PID=213) to work on /opt/airflow/dags/dispatcher_pipeline_dag.py
[2026-03-12T19:25:53.512+0000] {processor.py:829} INFO - Processing file /opt/airflow/dags/dispatcher_pipeline_dag.py for tasks to queue
[2026-03-12T19:25:53.520+0000] {logging_mixin.py:151} INFO - [2026-03-12T19:25:53.517+0000] {dagbag.py:539} INFO - Filling up the DagBag from /opt/airflow/dags/dispatcher_pipeline_dag.py
[2026-03-12T19:25:56.142+0000] {processor.py:839} INFO - DAG(s) dict_keys(['distillationDAG']) retrieved from /opt/airflow/dags/dispatcher_pipeline_dag.py
[2026-03-12T19:25:56.269+0000] {logging_mixin.py:151} INFO - [2026-03-12T19:25:56.268+0000] {dag.py:2915} INFO - Sync 1 DAGs
[2026-03-12T19:25:56.409+0000] {processor.py:179} INFO - Processing /opt/airflow/dags/dispatcher_pipeline_dag.py took 2.931 seconds
[2026-03-12T19:26:26.966+0000] {processor.py:157} INFO - Started process (PID=234) to work on /opt/airflow/dags/dispatcher_pipeline_dag.py
[2026-03-12T19:26:26.969+0000] {processor.py:829} INFO - Processing file /opt/airflow/dags/dispatcher_pipeline_dag.py for tasks to queue
[2026-03-12T19:26:26.975+0000] {logging_mixin.py:151} INFO - [2026-03-12T19:26:26.974+0000] {dagbag.py:539} INFO - Filling up the DagBag from /opt/airflow/dags/dispatcher_pipeline_dag.py
[2026-03-12T19:26:29.032+0000] {processor.py:839} INFO - DAG(s) dict_keys(['distillationDAG']) retrieved from /opt/airflow/dags/dispatcher_pipeline_dag.py
[2026-03-12T19:26:29.149+0000] {logging_mixin.py:151} INFO - [2026-03-12T19:26:29.148+0000] {dag.py:2915} INFO - Sync 1 DAGs
[2026-03-12T19:26:29.267+0000] {processor.py:179} INFO - Processing /opt/airflow/dags/dispatcher_pipeline_dag.py took 2.320 seconds
[2026-03-12T19:26:59.555+0000] {processor.py:157} INFO - Started process (PID=257) to work on /opt/airflow/dags/dispatcher_pipeline_dag.py
[2026-03-12T19:26:59.561+0000] {processor.py:829} INFO - Processing file /opt/airflow/dags/dispatcher_pipeline_dag.py for tasks to queue
[2026-03-12T19:26:59.564+0000] {logging_mixin.py:151} INFO - [2026-03-12T19:26:59.562+0000] {dagbag.py:539} INFO - Filling up the DagBag from /opt/airflow/dags/dispatcher_pipeline_dag.py
[2026-03-12T19:27:01.434+0000] {processor.py:839} INFO - DAG(s) dict_keys(['distillationDAG']) retrieved from /opt/airflow/dags/dispatcher_pipeline_dag.py
[2026-03-12T19:27:01.524+0000] {logging_mixin.py:151} INFO - [2026-03-12T19:27:01.523+0000] {dag.py:2915} INFO - Sync 1 DAGs
[2026-03-12T19:27:01.646+0000] {processor.py:179} INFO - Processing /opt/airflow/dags/dispatcher_pipeline_dag.py took 2.107 seconds
[2026-03-12T19:27:32.024+0000] {processor.py:157} INFO - Started process (PID=275) to work on /opt/airflow/dags/dispatcher_pipeline_dag.py
[2026-03-12T19:27:32.026+0000] {processor.py:829} INFO - Processing file /opt/airflow/dags/dispatcher_pipeline_dag.py for tasks to queue
[2026-03-12T19:27:32.029+0000] {logging_mixin.py:151} INFO - [2026-03-12T19:27:32.028+0000] {dagbag.py:539} INFO - Filling up the DagBag from /opt/airflow/dags/dispatcher_pipeline_dag.py
[2026-03-12T19:27:33.822+0000] {processor.py:839} INFO - DAG(s) dict_keys(['distillationDAG']) retrieved from /opt/airflow/dags/dispatcher_pipeline_dag.py
[2026-03-12T19:27:33.906+0000] {logging_mixin.py:151} INFO - [2026-03-12T19:27:33.905+0000] {dag.py:2915} INFO - Sync 1 DAGs
[2026-03-12T19:27:33.995+0000] {processor.py:179} INFO - Processing /opt/airflow/dags/dispatcher_pipeline_dag.py took 1.980 seconds
[2026-03-12T19:28:04.346+0000] {processor.py:157} INFO - Started process (PID=293) to work on /opt/airflow/dags/dispatcher_pipeline_dag.py
[2026-03-12T19:28:04.351+0000] {processor.py:829} INFO - Processing file /opt/airflow/dags/dispatcher_pipeline_dag.py for tasks to queue
[2026-03-12T19:28:04.354+0000] {logging_mixin.py:151} INFO - [2026-03-12T19:28:04.353+0000] {dagbag.py:539} INFO - Filling up the DagBag from /opt/airflow/dags/dispatcher_pipeline_dag.py
[2026-03-12T19:28:06.192+0000] {processor.py:839} INFO - DAG(s) dict_keys(['distillationDAG']) retrieved from /opt/airflow/dags/dispatcher_pipeline_dag.py
[2026-03-12T19:28:06.288+0000] {logging_mixin.py:151} INFO - [2026-03-12T19:28:06.287+0000] {dag.py:2915} INFO - Sync 1 DAGs
[2026-03-12T19:28:06.460+0000] {processor.py:179} INFO - Processing /opt/airflow/dags/dispatcher_pipeline_dag.py took 2.129 seconds
[2026-03-12T19:28:36.833+0000] {processor.py:157} INFO - Started process (PID=311) to work on /opt/airflow/dags/dispatcher_pipeline_dag.py
[2026-03-12T19:28:36.835+0000] {processor.py:829} INFO - Processing file /opt/airflow/dags/dispatcher_pipeline_dag.py for tasks to queue
[2026-03-12T19:28:36.840+0000] {logging_mixin.py:151} INFO - [2026-03-12T19:28:36.836+0000] {dagbag.py:539} INFO - Filling up the DagBag from /opt/airflow/dags/dispatcher_pipeline_dag.py
[2026-03-12T19:28:38.726+0000] {processor.py:839} INFO - DAG(s) dict_keys(['distillationDAG']) retrieved from /opt/airflow/dags/dispatcher_pipeline_dag.py
[2026-03-12T19:28:38.845+0000] {logging_mixin.py:151} INFO - [2026-03-12T19:28:38.844+0000] {dag.py:2915} INFO - Sync 1 DAGs
[2026-03-12T19:28:38.937+0000] {processor.py:179} INFO - Processing /opt/airflow/dags/dispatcher_pipeline_dag.py took 2.123 seconds
[2026-03-12T19:29:09.287+0000] {processor.py:157} INFO - Started process (PID=329) to work on /opt/airflow/dags/dispatcher_pipeline_dag.py
[2026-03-12T19:29:09.290+0000] {processor.py:829} INFO - Processing file /opt/airflow/dags/dispatcher_pipeline_dag.py for tasks to queue
[2026-03-12T19:29:09.294+0000] {logging_mixin.py:151} INFO - [2026-03-12T19:29:09.292+0000] {dagbag.py:539} INFO - Filling up the DagBag from /opt/airflow/dags/dispatcher_pipeline_dag.py
[2026-03-12T19:29:11.114+0000] {processor.py:839} INFO - DAG(s) dict_keys(['distillationDAG']) retrieved from /opt/airflow/dags/dispatcher_pipeline_dag.py
[2026-03-12T19:29:11.193+0000] {logging_mixin.py:151} INFO - [2026-03-12T19:29:11.192+0000] {dag.py:2915} INFO - Sync 1 DAGs
[2026-03-12T19:29:11.285+0000] {processor.py:179} INFO - Processing /opt/airflow/dags/dispatcher_pipeline_dag.py took 2.013 seconds
[2026-03-12T19:29:41.659+0000] {processor.py:157} INFO - Started process (PID=347) to work on /opt/airflow/dags/dispatcher_pipeline_dag.py
[2026-03-12T19:29:41.662+0000] {processor.py:829} INFO - Processing file /opt/airflow/dags/dispatcher_pipeline_dag.py for tasks to queue
[2026-03-12T19:29:41.668+0000] {logging_mixin.py:151} INFO - [2026-03-12T19:29:41.665+0000] {dagbag.py:539} INFO - Filling up the DagBag from /opt/airflow/dags/dispatcher_pipeline_dag.py
[2026-03-12T19:29:44.778+0000] {processor.py:839} INFO - DAG(s) dict_keys(['distillationDAG']) retrieved from /opt/airflow/dags/dispatcher_pipeline_dag.py
[2026-03-12T19:29:44.896+0000] {logging_mixin.py:151} INFO - [2026-03-12T19:29:44.895+0000] {dag.py:2915} INFO - Sync 1 DAGs
[2026-03-12T19:29:45.017+0000] {processor.py:179} INFO - Processing /opt/airflow/dags/dispatcher_pipeline_dag.py took 3.372 seconds
[2026-03-12T19:30:15.482+0000] {processor.py:157} INFO - Started process (PID=365) to work on /opt/airflow/dags/dispatcher_pipeline_dag.py
[2026-03-12T19:30:15.487+0000] {processor.py:829} INFO - Processing file /opt/airflow/dags/dispatcher_pipeline_dag.py for tasks to queue
[2026-03-12T19:30:15.489+0000] {logging_mixin.py:151} INFO - [2026-03-12T19:30:15.488+0000] {dagbag.py:539} INFO - Filling up the DagBag from /opt/airflow/dags/dispatcher_pipeline_dag.py
[2026-03-12T19:30:18.070+0000] {processor.py:839} INFO - DAG(s) dict_keys(['distillationDAG']) retrieved from /opt/airflow/dags/dispatcher_pipeline_dag.py
[2026-03-12T19:30:18.162+0000] {logging_mixin.py:151} INFO - [2026-03-12T19:30:18.161+0000] {dag.py:2915} INFO - Sync 1 DAGs
[2026-03-12T19:30:18.269+0000] {processor.py:179} INFO - Processing /opt/airflow/dags/dispatcher_pipeline_dag.py took 2.810 seconds
[2026-03-12T19:30:48.900+0000] {processor.py:157} INFO - Started process (PID=383) to work on /opt/airflow/dags/dispatcher_pipeline_dag.py
[2026-03-12T19:30:48.902+0000] {processor.py:829} INFO - Processing file /opt/airflow/dags/dispatcher_pipeline_dag.py for tasks to queue
[2026-03-12T19:30:48.907+0000] {logging_mixin.py:151} INFO - [2026-03-12T19:30:48.903+0000] {dagbag.py:539} INFO - Filling up the DagBag from /opt/airflow/dags/dispatcher_pipeline_dag.py
[2026-03-12T19:30:51.919+0000] {processor.py:839} INFO - DAG(s) dict_keys(['distillationDAG']) retrieved from /opt/airflow/dags/dispatcher_pipeline_dag.py
[2026-03-12T19:30:52.029+0000] {logging_mixin.py:151} INFO - [2026-03-12T19:30:52.026+0000] {dag.py:2915} INFO - Sync 1 DAGs
[2026-03-12T19:30:52.144+0000] {processor.py:179} INFO - Processing /opt/airflow/dags/dispatcher_pipeline_dag.py took 3.262 seconds
[2026-03-12T19:31:22.341+0000] {processor.py:157} INFO - Started process (PID=401) to work on /opt/airflow/dags/dispatcher_pipeline_dag.py
[2026-03-12T19:31:22.344+0000] {processor.py:829} INFO - Processing file /opt/airflow/dags/dispatcher_pipeline_dag.py for tasks to queue
[2026-03-12T19:31:22.348+0000] {logging_mixin.py:151} INFO - [2026-03-12T19:31:22.345+0000] {dagbag.py:539} INFO - Filling up the DagBag from /opt/airflow/dags/dispatcher_pipeline_dag.py
[2026-03-12T19:31:24.618+0000] {processor.py:839} INFO - DAG(s) dict_keys(['distillationDAG']) retrieved from /opt/airflow/dags/dispatcher_pipeline_dag.py
[2026-03-12T19:31:24.818+0000] {logging_mixin.py:151} INFO - [2026-03-12T19:31:24.817+0000] {dag.py:2915} INFO - Sync 1 DAGs
[2026-03-12T19:31:25.021+0000] {processor.py:179} INFO - Processing /opt/airflow/dags/dispatcher_pipeline_dag.py took 2.690 seconds
[2026-03-12T19:31:55.283+0000] {processor.py:157} INFO - Started process (PID=419) to work on /opt/airflow/dags/dispatcher_pipeline_dag.py
[2026-03-12T19:31:55.290+0000] {processor.py:829} INFO - Processing file /opt/airflow/dags/dispatcher_pipeline_dag.py for tasks to queue
[2026-03-12T19:31:55.296+0000] {logging_mixin.py:151} INFO - [2026-03-12T19:31:55.295+0000] {dagbag.py:539} INFO - Filling up the DagBag from /opt/airflow/dags/dispatcher_pipeline_dag.py
[2026-03-12T19:31:57.669+0000] {processor.py:839} INFO - DAG(s) dict_keys(['distillationDAG']) retrieved from /opt/airflow/dags/dispatcher_pipeline_dag.py
[2026-03-12T19:31:57.764+0000] {logging_mixin.py:151} INFO - [2026-03-12T19:31:57.763+0000] {dag.py:2915} INFO - Sync 1 DAGs
[2026-03-12T19:31:57.960+0000] {processor.py:179} INFO - Processing /opt/airflow/dags/dispatcher_pipeline_dag.py took 2.692 seconds
[2026-03-12T19:32:28.484+0000] {processor.py:157} INFO - Started process (PID=437) to work on /opt/airflow/dags/dispatcher_pipeline_dag.py
[2026-03-12T19:32:28.487+0000] {processor.py:829} INFO - Processing file /opt/airflow/dags/dispatcher_pipeline_dag.py for tasks to queue
[2026-03-12T19:32:28.491+0000] {logging_mixin.py:151} INFO - [2026-03-12T19:32:28.489+0000] {dagbag.py:539} INFO - Filling up the DagBag from /opt/airflow/dags/dispatcher_pipeline_dag.py
[2026-03-12T19:32:30.937+0000] {processor.py:839} INFO - DAG(s) dict_keys(['distillationDAG']) retrieved from /opt/airflow/dags/dispatcher_pipeline_dag.py
[2026-03-12T19:32:31.073+0000] {logging_mixin.py:151} INFO - [2026-03-12T19:32:31.072+0000] {dag.py:2915} INFO - Sync 1 DAGs
[2026-03-12T19:32:31.204+0000] {processor.py:179} INFO - Processing /opt/airflow/dags/dispatcher_pipeline_dag.py took 2.731 seconds
[2026-03-12T19:33:02.077+0000] {processor.py:157} INFO - Started process (PID=455) to work on /opt/airflow/dags/dispatcher_pipeline_dag.py
[2026-03-12T19:33:02.080+0000] {processor.py:829} INFO - Processing file /opt/airflow/dags/dispatcher_pipeline_dag.py for tasks to queue
[2026-03-12T19:33:02.083+0000] {logging_mixin.py:151} INFO - [2026-03-12T19:33:02.081+0000] {dagbag.py:539} INFO - Filling up the DagBag from /opt/airflow/dags/dispatcher_pipeline_dag.py
[2026-03-12T19:33:04.376+0000] {processor.py:839} INFO - DAG(s) dict_keys(['distillationDAG']) retrieved from /opt/airflow/dags/dispatcher_pipeline_dag.py
[2026-03-12T19:33:04.495+0000] {logging_mixin.py:151} INFO - [2026-03-12T19:33:04.493+0000] {dag.py:2915} INFO - Sync 1 DAGs
[2026-03-12T19:33:04.631+0000] {processor.py:179} INFO - Processing /opt/airflow/dags/dispatcher_pipeline_dag.py took 2.573 seconds
[2026-03-12T19:33:35.160+0000] {processor.py:157} INFO - Started process (PID=478) to work on /opt/airflow/dags/dispatcher_pipeline_dag.py
[2026-03-12T19:33:35.163+0000] {processor.py:829} INFO - Processing file /opt/airflow/dags/dispatcher_pipeline_dag.py for tasks to queue
[2026-03-12T19:33:35.166+0000] {logging_mixin.py:151} INFO - [2026-03-12T19:33:35.165+0000] {dagbag.py:539} INFO - Filling up the DagBag from /opt/airflow/dags/dispatcher_pipeline_dag.py
[2026-03-12T19:33:37.386+0000] {processor.py:839} INFO - DAG(s) dict_keys(['distillationDAG']) retrieved from /opt/airflow/dags/dispatcher_pipeline_dag.py
[2026-03-12T19:33:37.547+0000] {logging_mixin.py:151} INFO - [2026-03-12T19:33:37.546+0000] {dag.py:2915} INFO - Sync 1 DAGs
[2026-03-12T19:33:37.712+0000] {processor.py:179} INFO - Processing /opt/airflow/dags/dispatcher_pipeline_dag.py took 2.564 seconds
[2026-03-12T19:34:08.085+0000] {processor.py:157} INFO - Started process (PID=496) to work on /opt/airflow/dags/dispatcher_pipeline_dag.py
[2026-03-12T19:34:08.088+0000] {processor.py:829} INFO - Processing file /opt/airflow/dags/dispatcher_pipeline_dag.py for tasks to queue
[2026-03-12T19:34:08.091+0000] {logging_mixin.py:151} INFO - [2026-03-12T19:34:08.089+0000] {dagbag.py:539} INFO - Filling up the DagBag from /opt/airflow/dags/dispatcher_pipeline_dag.py
[2026-03-12T19:34:10.777+0000] {processor.py:839} INFO - DAG(s) dict_keys(['distillationDAG']) retrieved from /opt/airflow/dags/dispatcher_pipeline_dag.py
[2026-03-12T19:34:10.915+0000] {logging_mixin.py:151} INFO - [2026-03-12T19:34:10.913+0000] {dag.py:2915} INFO - Sync 1 DAGs
[2026-03-12T19:34:11.071+0000] {processor.py:179} INFO - Processing /opt/airflow/dags/dispatcher_pipeline_dag.py took 3.003 seconds
[2026-03-12T19:34:41.898+0000] {processor.py:157} INFO - Started process (PID=514) to work on /opt/airflow/dags/dispatcher_pipeline_dag.py
[2026-03-12T19:34:41.904+0000] {processor.py:829} INFO - Processing file /opt/airflow/dags/dispatcher_pipeline_dag.py for tasks to queue
[2026-03-12T19:34:41.913+0000] {logging_mixin.py:151} INFO - [2026-03-12T19:34:41.905+0000] {dagbag.py:539} INFO - Filling up the DagBag from /opt/airflow/dags/dispatcher_pipeline_dag.py
[2026-03-12T19:34:43.877+0000] {processor.py:839} INFO - DAG(s) dict_keys(['distillationDAG']) retrieved from /opt/airflow/dags/dispatcher_pipeline_dag.py
[2026-03-12T19:34:44.011+0000] {logging_mixin.py:151} INFO - [2026-03-12T19:34:44.010+0000] {dag.py:2915} INFO - Sync 1 DAGs
[2026-03-12T19:34:44.158+0000] {processor.py:179} INFO - Processing /opt/airflow/dags/dispatcher_pipeline_dag.py took 2.279 seconds
[2026-03-12T19:35:14.675+0000] {processor.py:157} INFO - Started process (PID=532) to work on /opt/airflow/dags/dispatcher_pipeline_dag.py
[2026-03-12T19:35:14.680+0000] {processor.py:829} INFO - Processing file /opt/airflow/dags/dispatcher_pipeline_dag.py for tasks to queue
[2026-03-12T19:35:14.684+0000] {logging_mixin.py:151} INFO - [2026-03-12T19:35:14.681+0000] {dagbag.py:539} INFO - Filling up the DagBag from /opt/airflow/dags/dispatcher_pipeline_dag.py
[2026-03-12T19:35:17.161+0000] {processor.py:839} INFO - DAG(s) dict_keys(['distillationDAG']) retrieved from /opt/airflow/dags/dispatcher_pipeline_dag.py
[2026-03-12T19:35:17.295+0000] {logging_mixin.py:151} INFO - [2026-03-12T19:35:17.294+0000] {dag.py:2915} INFO - Sync 1 DAGs
[2026-03-12T19:35:17.419+0000] {processor.py:179} INFO - Processing /opt/airflow/dags/dispatcher_pipeline_dag.py took 2.771 seconds
[2026-03-12T19:35:47.798+0000] {processor.py:157} INFO - Started process (PID=550) to work on /opt/airflow/dags/dispatcher_pipeline_dag.py
[2026-03-12T19:35:47.801+0000] {processor.py:829} INFO - Processing file /opt/airflow/dags/dispatcher_pipeline_dag.py for tasks to queue
[2026-03-12T19:35:47.804+0000] {logging_mixin.py:151} INFO - [2026-03-12T19:35:47.803+0000] {dagbag.py:539} INFO - Filling up the DagBag from /opt/airflow/dags/dispatcher_pipeline_dag.py
[2026-03-12T19:35:50.024+0000] {processor.py:839} INFO - DAG(s) dict_keys(['distillationDAG']) retrieved from /opt/airflow/dags/dispatcher_pipeline_dag.py
[2026-03-12T19:35:50.200+0000] {logging_mixin.py:151} INFO - [2026-03-12T19:35:50.194+0000] {dag.py:2915} INFO - Sync 1 DAGs
[2026-03-12T19:35:50.402+0000] {processor.py:179} INFO - Processing /opt/airflow/dags/dispatcher_pipeline_dag.py took 2.624 seconds
[2026-03-12T19:36:20.969+0000] {processor.py:157} INFO - Started process (PID=568) to work on /opt/airflow/dags/dispatcher_pipeline_dag.py
[2026-03-12T19:36:20.974+0000] {processor.py:829} INFO - Processing file /opt/airflow/dags/dispatcher_pipeline_dag.py for tasks to queue
[2026-03-12T19:36:20.980+0000] {logging_mixin.py:151} INFO - [2026-03-12T19:36:20.975+0000] {dagbag.py:539} INFO - Filling up the DagBag from /opt/airflow/dags/dispatcher_pipeline_dag.py
[2026-03-12T19:36:22.964+0000] {processor.py:839} INFO - DAG(s) dict_keys(['distillationDAG']) retrieved from /opt/airflow/dags/dispatcher_pipeline_dag.py
[2026-03-12T19:36:23.080+0000] {logging_mixin.py:151} INFO - [2026-03-12T19:36:23.079+0000] {dag.py:2915} INFO - Sync 1 DAGs
[2026-03-12T19:36:23.189+0000] {processor.py:179} INFO - Processing /opt/airflow/dags/dispatcher_pipeline_dag.py took 2.242 seconds
[2026-03-12T19:36:53.544+0000] {processor.py:157} INFO - Started process (PID=586) to work on /opt/airflow/dags/dispatcher_pipeline_dag.py
[2026-03-12T19:36:53.548+0000] {processor.py:829} INFO - Processing file /opt/airflow/dags/dispatcher_pipeline_dag.py for tasks to queue
[2026-03-12T19:36:53.551+0000] {logging_mixin.py:151} INFO - [2026-03-12T19:36:53.550+0000] {dagbag.py:539} INFO - Filling up the DagBag from /opt/airflow/dags/dispatcher_pipeline_dag.py
[2026-03-12T19:36:55.402+0000] {processor.py:839} INFO - DAG(s) dict_keys(['distillationDAG']) retrieved from /opt/airflow/dags/dispatcher_pipeline_dag.py
[2026-03-12T19:36:55.522+0000] {logging_mixin.py:151} INFO - [2026-03-12T19:36:55.521+0000] {dag.py:2915} INFO - Sync 1 DAGs
[2026-03-12T19:36:55.686+0000] {processor.py:179} INFO - Processing /opt/airflow/dags/dispatcher_pipeline_dag.py took 2.161 seconds
[2026-03-12T19:37:26.204+0000] {processor.py:157} INFO - Started process (PID=604) to work on /opt/airflow/dags/dispatcher_pipeline_dag.py
[2026-03-12T19:37:26.208+0000] {processor.py:829} INFO - Processing file /opt/airflow/dags/dispatcher_pipeline_dag.py for tasks to queue
[2026-03-12T19:37:26.212+0000] {logging_mixin.py:151} INFO - [2026-03-12T19:37:26.211+0000] {dagbag.py:539} INFO - Filling up the DagBag from /opt/airflow/dags/dispatcher_pipeline_dag.py
[2026-03-12T19:37:28.120+0000] {processor.py:839} INFO - DAG(s) dict_keys(['distillationDAG']) retrieved from /opt/airflow/dags/dispatcher_pipeline_dag.py
[2026-03-12T19:37:28.215+0000] {logging_mixin.py:151} INFO - [2026-03-12T19:37:28.214+0000] {dag.py:2915} INFO - Sync 1 DAGs
[2026-03-12T19:37:28.324+0000] {processor.py:179} INFO - Processing /opt/airflow/dags/dispatcher_pipeline_dag.py took 2.148 seconds
[2026-03-12T19:37:58.630+0000] {processor.py:157} INFO - Started process (PID=622) to work on /opt/airflow/dags/dispatcher_pipeline_dag.py
[2026-03-12T19:37:58.635+0000] {processor.py:829} INFO - Processing file /opt/airflow/dags/dispatcher_pipeline_dag.py for tasks to queue
[2026-03-12T19:37:58.640+0000] {logging_mixin.py:151} INFO - [2026-03-12T19:37:58.638+0000] {dagbag.py:539} INFO - Filling up the DagBag from /opt/airflow/dags/dispatcher_pipeline_dag.py
[2026-03-12T19:38:01.261+0000] {processor.py:839} INFO - DAG(s) dict_keys(['distillationDAG']) retrieved from /opt/airflow/dags/dispatcher_pipeline_dag.py
[2026-03-12T19:38:01.366+0000] {logging_mixin.py:151} INFO - [2026-03-12T19:38:01.365+0000] {dag.py:2915} INFO - Sync 1 DAGs
[2026-03-12T19:38:01.591+0000] {processor.py:179} INFO - Processing /opt/airflow/dags/dispatcher_pipeline_dag.py took 2.979 seconds
[2026-03-12T19:38:32.048+0000] {processor.py:157} INFO - Started process (PID=640) to work on /opt/airflow/dags/dispatcher_pipeline_dag.py
[2026-03-12T19:38:32.052+0000] {processor.py:829} INFO - Processing file /opt/airflow/dags/dispatcher_pipeline_dag.py for tasks to queue
[2026-03-12T19:38:32.054+0000] {logging_mixin.py:151} INFO - [2026-03-12T19:38:32.053+0000] {dagbag.py:539} INFO - Filling up the DagBag from /opt/airflow/dags/dispatcher_pipeline_dag.py
[2026-03-12T19:38:34.526+0000] {processor.py:839} INFO - DAG(s) dict_keys(['distillationDAG']) retrieved from /opt/airflow/dags/dispatcher_pipeline_dag.py
[2026-03-12T19:38:34.824+0000] {logging_mixin.py:151} INFO - [2026-03-12T19:38:34.823+0000] {dag.py:2915} INFO - Sync 1 DAGs
[2026-03-12T19:38:35.110+0000] {processor.py:179} INFO - Processing /opt/airflow/dags/dispatcher_pipeline_dag.py took 3.095 seconds
[2026-03-12T19:39:05.557+0000] {processor.py:157} INFO - Started process (PID=658) to work on /opt/airflow/dags/dispatcher_pipeline_dag.py
[2026-03-12T19:39:05.563+0000] {processor.py:829} INFO - Processing file /opt/airflow/dags/dispatcher_pipeline_dag.py for tasks to queue
[2026-03-12T19:39:05.571+0000] {logging_mixin.py:151} INFO - [2026-03-12T19:39:05.569+0000] {dagbag.py:539} INFO - Filling up the DagBag from /opt/airflow/dags/dispatcher_pipeline_dag.py
[2026-03-12T19:39:08.537+0000] {processor.py:839} INFO - DAG(s) dict_keys(['distillationDAG']) retrieved from /opt/airflow/dags/dispatcher_pipeline_dag.py
[2026-03-12T19:39:08.665+0000] {logging_mixin.py:151} INFO - [2026-03-12T19:39:08.664+0000] {dag.py:2915} INFO - Sync 1 DAGs
[2026-03-12T19:39:08.804+0000] {processor.py:179} INFO - Processing /opt/airflow/dags/dispatcher_pipeline_dag.py took 3.287 seconds
[2026-03-12T19:39:39.058+0000] {processor.py:157} INFO - Started process (PID=683) to work on /opt/airflow/dags/dispatcher_pipeline_dag.py
[2026-03-12T19:39:39.063+0000] {processor.py:829} INFO - Processing file /opt/airflow/dags/dispatcher_pipeline_dag.py for tasks to queue
[2026-03-12T19:39:39.067+0000] {logging_mixin.py:151} INFO - [2026-03-12T19:39:39.066+0000] {dagbag.py:539} INFO - Filling up the DagBag from /opt/airflow/dags/dispatcher_pipeline_dag.py
[2026-03-12T19:39:40.733+0000] {processor.py:839} INFO - DAG(s) dict_keys(['distillationDAG']) retrieved from /opt/airflow/dags/dispatcher_pipeline_dag.py
[2026-03-12T19:39:40.976+0000] {logging_mixin.py:151} INFO - [2026-03-12T19:39:40.975+0000] {dag.py:2915} INFO - Sync 1 DAGs
[2026-03-12T19:39:41.202+0000] {processor.py:179} INFO - Processing /opt/airflow/dags/dispatcher_pipeline_dag.py took 2.155 seconds
[2026-03-12T19:40:11.746+0000] {processor.py:157} INFO - Started process (PID=701) to work on /opt/airflow/dags/dispatcher_pipeline_dag.py
[2026-03-12T19:40:11.749+0000] {processor.py:829} INFO - Processing file /opt/airflow/dags/dispatcher_pipeline_dag.py for tasks to queue
[2026-03-12T19:40:11.751+0000] {logging_mixin.py:151} INFO - [2026-03-12T19:40:11.750+0000] {dagbag.py:539} INFO - Filling up the DagBag from /opt/airflow/dags/dispatcher_pipeline_dag.py
[2026-03-12T19:40:14.384+0000] {processor.py:839} INFO - DAG(s) dict_keys(['distillationDAG']) retrieved from /opt/airflow/dags/dispatcher_pipeline_dag.py
[2026-03-12T19:40:14.533+0000] {logging_mixin.py:151} INFO - [2026-03-12T19:40:14.529+0000] {dag.py:2915} INFO - Sync 1 DAGs
[2026-03-12T19:40:14.726+0000] {processor.py:179} INFO - Processing /opt/airflow/dags/dispatcher_pipeline_dag.py took 3.005 seconds
[2026-03-12T19:40:45.316+0000] {processor.py:157} INFO - Started process (PID=719) to work on /opt/airflow/dags/dispatcher_pipeline_dag.py
[2026-03-12T19:40:45.320+0000] {processor.py:829} INFO - Processing file /opt/airflow/dags/dispatcher_pipeline_dag.py for tasks to queue
[2026-03-12T19:40:45.323+0000] {logging_mixin.py:151} INFO - [2026-03-12T19:40:45.322+0000] {dagbag.py:539} INFO - Filling up the DagBag from /opt/airflow/dags/dispatcher_pipeline_dag.py
[2026-03-12T19:40:48.560+0000] {processor.py:839} INFO - DAG(s) dict_keys(['distillationDAG']) retrieved from /opt/airflow/dags/dispatcher_pipeline_dag.py
[2026-03-12T19:40:48.692+0000] {logging_mixin.py:151} INFO - [2026-03-12T19:40:48.691+0000] {dag.py:2915} INFO - Sync 1 DAGs
[2026-03-12T19:40:48.819+0000] {processor.py:179} INFO - Processing /opt/airflow/dags/dispatcher_pipeline_dag.py took 3.522 seconds
[2026-03-12T19:41:19.532+0000] {processor.py:157} INFO - Started process (PID=742) to work on /opt/airflow/dags/dispatcher_pipeline_dag.py
[2026-03-12T19:41:19.535+0000] {processor.py:829} INFO - Processing file /opt/airflow/dags/dispatcher_pipeline_dag.py for tasks to queue
[2026-03-12T19:41:19.538+0000] {logging_mixin.py:151} INFO - [2026-03-12T19:41:19.537+0000] {dagbag.py:539} INFO - Filling up the DagBag from /opt/airflow/dags/dispatcher_pipeline_dag.py
[2026-03-12T19:41:21.413+0000] {processor.py:839} INFO - DAG(s) dict_keys(['distillationDAG']) retrieved from /opt/airflow/dags/dispatcher_pipeline_dag.py
[2026-03-12T19:41:21.507+0000] {logging_mixin.py:151} INFO - [2026-03-12T19:41:21.506+0000] {dag.py:2915} INFO - Sync 1 DAGs
[2026-03-12T19:41:21.612+0000] {processor.py:179} INFO - Processing /opt/airflow/dags/dispatcher_pipeline_dag.py took 2.097 seconds
[2026-03-12T19:41:52.479+0000] {processor.py:157} INFO - Started process (PID=760) to work on /opt/airflow/dags/dispatcher_pipeline_dag.py
[2026-03-12T19:41:52.484+0000] {processor.py:829} INFO - Processing file /opt/airflow/dags/dispatcher_pipeline_dag.py for tasks to queue
[2026-03-12T19:41:52.491+0000] {logging_mixin.py:151} INFO - [2026-03-12T19:41:52.486+0000] {dagbag.py:539} INFO - Filling up the DagBag from /opt/airflow/dags/dispatcher_pipeline_dag.py
[2026-03-12T19:41:55.232+0000] {processor.py:839} INFO - DAG(s) dict_keys(['distillationDAG']) retrieved from /opt/airflow/dags/dispatcher_pipeline_dag.py
[2026-03-12T19:41:55.415+0000] {logging_mixin.py:151} INFO - [2026-03-12T19:41:55.413+0000] {dag.py:2915} INFO - Sync 1 DAGs
[2026-03-12T19:41:55.577+0000] {processor.py:179} INFO - Processing /opt/airflow/dags/dispatcher_pipeline_dag.py took 3.128 seconds
[2026-03-12T19:42:26.371+0000] {processor.py:157} INFO - Started process (PID=778) to work on /opt/airflow/dags/dispatcher_pipeline_dag.py
[2026-03-12T19:42:26.377+0000] {processor.py:829} INFO - Processing file /opt/airflow/dags/dispatcher_pipeline_dag.py for tasks to queue
[2026-03-12T19:42:26.381+0000] {logging_mixin.py:151} INFO - [2026-03-12T19:42:26.379+0000] {dagbag.py:539} INFO - Filling up the DagBag from /opt/airflow/dags/dispatcher_pipeline_dag.py
[2026-03-12T19:42:28.160+0000] {processor.py:839} INFO - DAG(s) dict_keys(['distillationDAG']) retrieved from /opt/airflow/dags/dispatcher_pipeline_dag.py
[2026-03-12T19:42:28.268+0000] {logging_mixin.py:151} INFO - [2026-03-12T19:42:28.267+0000] {dag.py:2915} INFO - Sync 1 DAGs
[2026-03-12T19:42:28.378+0000] {processor.py:179} INFO - Processing /opt/airflow/dags/dispatcher_pipeline_dag.py took 2.025 seconds
[2026-03-12T19:42:59.001+0000] {processor.py:157} INFO - Started process (PID=796) to work on /opt/airflow/dags/dispatcher_pipeline_dag.py
[2026-03-12T19:42:59.006+0000] {processor.py:829} INFO - Processing file /opt/airflow/dags/dispatcher_pipeline_dag.py for tasks to queue
[2026-03-12T19:42:59.011+0000] {logging_mixin.py:151} INFO - [2026-03-12T19:42:59.007+0000] {dagbag.py:539} INFO - Filling up the DagBag from /opt/airflow/dags/dispatcher_pipeline_dag.py
[2026-03-12T19:43:00.920+0000] {processor.py:839} INFO - DAG(s) dict_keys(['distillationDAG']) retrieved from /opt/airflow/dags/dispatcher_pipeline_dag.py
[2026-03-12T19:43:01.029+0000] {logging_mixin.py:151} INFO - [2026-03-12T19:43:01.028+0000] {dag.py:2915} INFO - Sync 1 DAGs
[2026-03-12T19:43:01.136+0000] {processor.py:179} INFO - Processing /opt/airflow/dags/dispatcher_pipeline_dag.py took 2.162 seconds
[2026-03-12T19:43:31.240+0000] {processor.py:157} INFO - Started process (PID=814) to work on /opt/airflow/dags/dispatcher_pipeline_dag.py
[2026-03-12T19:43:31.243+0000] {processor.py:829} INFO - Processing file /opt/airflow/dags/dispatcher_pipeline_dag.py for tasks to queue
[2026-03-12T19:43:31.246+0000] {logging_mixin.py:151} INFO - [2026-03-12T19:43:31.245+0000] {dagbag.py:539} INFO - Filling up the DagBag from /opt/airflow/dags/dispatcher_pipeline_dag.py
[2026-03-12T19:43:32.862+0000] {processor.py:839} INFO - DAG(s) dict_keys(['distillationDAG']) retrieved from /opt/airflow/dags/dispatcher_pipeline_dag.py
[2026-03-12T19:43:32.978+0000] {logging_mixin.py:151} INFO - [2026-03-12T19:43:32.977+0000] {dag.py:2915} INFO - Sync 1 DAGs
[2026-03-12T19:43:33.102+0000] {processor.py:179} INFO - Processing /opt/airflow/dags/dispatcher_pipeline_dag.py took 1.877 seconds
[2026-03-12T19:44:03.876+0000] {processor.py:157} INFO - Started process (PID=832) to work on /opt/airflow/dags/dispatcher_pipeline_dag.py
[2026-03-12T19:44:03.880+0000] {processor.py:829} INFO - Processing file /opt/airflow/dags/dispatcher_pipeline_dag.py for tasks to queue
[2026-03-12T19:44:03.882+0000] {logging_mixin.py:151} INFO - [2026-03-12T19:44:03.881+0000] {dagbag.py:539} INFO - Filling up the DagBag from /opt/airflow/dags/dispatcher_pipeline_dag.py
[2026-03-12T19:44:05.625+0000] {processor.py:839} INFO - DAG(s) dict_keys(['distillationDAG']) retrieved from /opt/airflow/dags/dispatcher_pipeline_dag.py
[2026-03-12T19:44:05.710+0000] {logging_mixin.py:151} INFO - [2026-03-12T19:44:05.709+0000] {dag.py:2915} INFO - Sync 1 DAGs
[2026-03-12T19:44:05.816+0000] {processor.py:179} INFO - Processing /opt/airflow/dags/dispatcher_pipeline_dag.py took 1.953 seconds
[2026-03-12T19:44:36.257+0000] {processor.py:157} INFO - Started process (PID=850) to work on /opt/airflow/dags/dispatcher_pipeline_dag.py
[2026-03-12T19:44:36.261+0000] {processor.py:829} INFO - Processing file /opt/airflow/dags/dispatcher_pipeline_dag.py for tasks to queue
[2026-03-12T19:44:36.265+0000] {logging_mixin.py:151} INFO - [2026-03-12T19:44:36.263+0000] {dagbag.py:539} INFO - Filling up the DagBag from /opt/airflow/dags/dispatcher_pipeline_dag.py
[2026-03-12T19:44:38.905+0000] {processor.py:839} INFO - DAG(s) dict_keys(['distillationDAG']) retrieved from /opt/airflow/dags/dispatcher_pipeline_dag.py
[2026-03-12T19:44:39.060+0000] {logging_mixin.py:151} INFO - [2026-03-12T19:44:39.057+0000] {dag.py:2915} INFO - Sync 1 DAGs
[2026-03-12T19:44:39.238+0000] {processor.py:179} INFO - Processing /opt/airflow/dags/dispatcher_pipeline_dag.py took 2.999 seconds
[2026-03-12T19:45:09.762+0000] {processor.py:157} INFO - Started process (PID=868) to work on /opt/airflow/dags/dispatcher_pipeline_dag.py
[2026-03-12T19:45:09.766+0000] {processor.py:829} INFO - Processing file /opt/airflow/dags/dispatcher_pipeline_dag.py for tasks to queue
[2026-03-12T19:45:09.771+0000] {logging_mixin.py:151} INFO - [2026-03-12T19:45:09.769+0000] {dagbag.py:539} INFO - Filling up the DagBag from /opt/airflow/dags/dispatcher_pipeline_dag.py
[2026-03-12T19:45:13.400+0000] {processor.py:839} INFO - DAG(s) dict_keys(['distillationDAG']) retrieved from /opt/airflow/dags/dispatcher_pipeline_dag.py
[2026-03-12T19:45:13.535+0000] {logging_mixin.py:151} INFO - [2026-03-12T19:45:13.534+0000] {dag.py:2915} INFO - Sync 1 DAGs
[2026-03-12T19:45:13.690+0000] {processor.py:179} INFO - Processing /opt/airflow/dags/dispatcher_pipeline_dag.py took 3.963 seconds
[2026-03-12T19:45:44.117+0000] {processor.py:157} INFO - Started process (PID=886) to work on /opt/airflow/dags/dispatcher_pipeline_dag.py
[2026-03-12T19:45:44.119+0000] {processor.py:829} INFO - Processing file /opt/airflow/dags/dispatcher_pipeline_dag.py for tasks to queue
[2026-03-12T19:45:44.126+0000] {logging_mixin.py:151} INFO - [2026-03-12T19:45:44.121+0000] {dagbag.py:539} INFO - Filling up the DagBag from /opt/airflow/dags/dispatcher_pipeline_dag.py
[2026-03-12T19:45:46.469+0000] {processor.py:839} INFO - DAG(s) dict_keys(['distillationDAG']) retrieved from /opt/airflow/dags/dispatcher_pipeline_dag.py
[2026-03-12T19:45:46.564+0000] {logging_mixin.py:151} INFO - [2026-03-12T19:45:46.563+0000] {dag.py:2915} INFO - Sync 1 DAGs
[2026-03-12T19:45:46.680+0000] {processor.py:179} INFO - Processing /opt/airflow/dags/dispatcher_pipeline_dag.py took 2.580 seconds
[2026-03-12T19:46:17.257+0000] {processor.py:157} INFO - Started process (PID=904) to work on /opt/airflow/dags/dispatcher_pipeline_dag.py
[2026-03-12T19:46:17.262+0000] {processor.py:829} INFO - Processing file /opt/airflow/dags/dispatcher_pipeline_dag.py for tasks to queue
[2026-03-12T19:46:17.265+0000] {logging_mixin.py:151} INFO - [2026-03-12T19:46:17.264+0000] {dagbag.py:539} INFO - Filling up the DagBag from /opt/airflow/dags/dispatcher_pipeline_dag.py
[2026-03-12T19:46:19.913+0000] {processor.py:839} INFO - DAG(s) dict_keys(['distillationDAG']) retrieved from /opt/airflow/dags/dispatcher_pipeline_dag.py
[2026-03-12T19:46:20.101+0000] {logging_mixin.py:151} INFO - [2026-03-12T19:46:20.100+0000] {dag.py:2915} INFO - Sync 1 DAGs
[2026-03-12T19:46:20.258+0000] {processor.py:179} INFO - Processing /opt/airflow/dags/dispatcher_pipeline_dag.py took 3.014 seconds
[2026-03-12T19:46:50.763+0000] {processor.py:157} INFO - Started process (PID=922) to work on /opt/airflow/dags/dispatcher_pipeline_dag.py
[2026-03-12T19:46:50.771+0000] {processor.py:829} INFO - Processing file /opt/airflow/dags/dispatcher_pipeline_dag.py for tasks to queue
[2026-03-12T19:46:50.776+0000] {logging_mixin.py:151} INFO - [2026-03-12T19:46:50.773+0000] {dagbag.py:539} INFO - Filling up the DagBag from /opt/airflow/dags/dispatcher_pipeline_dag.py
[2026-03-12T19:46:53.797+0000] {processor.py:839} INFO - DAG(s) dict_keys(['distillationDAG']) retrieved from /opt/airflow/dags/dispatcher_pipeline_dag.py
[2026-03-12T19:46:53.973+0000] {logging_mixin.py:151} INFO - [2026-03-12T19:46:53.972+0000] {dag.py:2915} INFO - Sync 1 DAGs
[2026-03-12T19:46:54.146+0000] {processor.py:179} INFO - Processing /opt/airflow/dags/dispatcher_pipeline_dag.py took 3.423 seconds
[2026-03-12T19:47:24.872+0000] {processor.py:157} INFO - Started process (PID=940) to work on /opt/airflow/dags/dispatcher_pipeline_dag.py
[2026-03-12T19:47:24.894+0000] {processor.py:829} INFO - Processing file /opt/airflow/dags/dispatcher_pipeline_dag.py for tasks to queue
[2026-03-12T19:47:24.897+0000] {logging_mixin.py:151} INFO - [2026-03-12T19:47:24.895+0000] {dagbag.py:539} INFO - Filling up the DagBag from /opt/airflow/dags/dispatcher_pipeline_dag.py
[2026-03-12T19:47:26.625+0000] {processor.py:839} INFO - DAG(s) dict_keys(['distillationDAG']) retrieved from /opt/airflow/dags/dispatcher_pipeline_dag.py
[2026-03-12T19:47:26.717+0000] {logging_mixin.py:151} INFO - [2026-03-12T19:47:26.716+0000] {dag.py:2915} INFO - Sync 1 DAGs
[2026-03-12T19:47:26.816+0000] {processor.py:179} INFO - Processing /opt/airflow/dags/dispatcher_pipeline_dag.py took 1.956 seconds
[2026-03-12T19:47:57.433+0000] {processor.py:157} INFO - Started process (PID=958) to work on /opt/airflow/dags/dispatcher_pipeline_dag.py
[2026-03-12T19:47:57.437+0000] {processor.py:829} INFO - Processing file /opt/airflow/dags/dispatcher_pipeline_dag.py for tasks to queue
[2026-03-12T19:47:57.441+0000] {logging_mixin.py:151} INFO - [2026-03-12T19:47:57.439+0000] {dagbag.py:539} INFO - Filling up the DagBag from /opt/airflow/dags/dispatcher_pipeline_dag.py
[2026-03-12T19:47:59.164+0000] {processor.py:839} INFO - DAG(s) dict_keys(['distillationDAG']) retrieved from /opt/airflow/dags/dispatcher_pipeline_dag.py
[2026-03-12T19:47:59.251+0000] {logging_mixin.py:151} INFO - [2026-03-12T19:47:59.250+0000] {dag.py:2915} INFO - Sync 1 DAGs
[2026-03-12T19:47:59.362+0000] {processor.py:179} INFO - Processing /opt/airflow/dags/dispatcher_pipeline_dag.py took 1.943 seconds
[2026-03-12T19:48:29.919+0000] {processor.py:157} INFO - Started process (PID=976) to work on /opt/airflow/dags/dispatcher_pipeline_dag.py
[2026-03-12T19:48:29.924+0000] {processor.py:829} INFO - Processing file /opt/airflow/dags/dispatcher_pipeline_dag.py for tasks to queue
[2026-03-12T19:48:29.929+0000] {logging_mixin.py:151} INFO - [2026-03-12T19:48:29.926+0000] {dagbag.py:539} INFO - Filling up the DagBag from /opt/airflow/dags/dispatcher_pipeline_dag.py
[2026-03-12T19:48:32.332+0000] {processor.py:839} INFO - DAG(s) dict_keys(['distillationDAG']) retrieved from /opt/airflow/dags/dispatcher_pipeline_dag.py
[2026-03-12T19:48:32.444+0000] {logging_mixin.py:151} INFO - [2026-03-12T19:48:32.443+0000] {dag.py:2915} INFO - Sync 1 DAGs
[2026-03-12T19:48:32.555+0000] {processor.py:179} INFO - Processing /opt/airflow/dags/dispatcher_pipeline_dag.py took 2.650 seconds
[2026-03-12T19:49:02.806+0000] {processor.py:157} INFO - Started process (PID=999) to work on /opt/airflow/dags/dispatcher_pipeline_dag.py
[2026-03-12T19:49:02.810+0000] {processor.py:829} INFO - Processing file /opt/airflow/dags/dispatcher_pipeline_dag.py for tasks to queue
[2026-03-12T19:49:02.814+0000] {logging_mixin.py:151} INFO - [2026-03-12T19:49:02.813+0000] {dagbag.py:539} INFO - Filling up the DagBag from /opt/airflow/dags/dispatcher_pipeline_dag.py
[2026-03-12T19:49:04.769+0000] {processor.py:839} INFO - DAG(s) dict_keys(['distillationDAG']) retrieved from /opt/airflow/dags/dispatcher_pipeline_dag.py
[2026-03-12T19:49:04.860+0000] {logging_mixin.py:151} INFO - [2026-03-12T19:49:04.859+0000] {dag.py:2915} INFO - Sync 1 DAGs
[2026-03-12T19:49:04.974+0000] {processor.py:179} INFO - Processing /opt/airflow/dags/dispatcher_pipeline_dag.py took 2.184 seconds
[2026-03-12T19:49:35.232+0000] {processor.py:157} INFO - Started process (PID=1017) to work on /opt/airflow/dags/dispatcher_pipeline_dag.py
[2026-03-12T19:49:35.235+0000] {processor.py:829} INFO - Processing file /opt/airflow/dags/dispatcher_pipeline_dag.py for tasks to queue
[2026-03-12T19:49:35.240+0000] {logging_mixin.py:151} INFO - [2026-03-12T19:49:35.237+0000] {dagbag.py:539} INFO - Filling up the DagBag from /opt/airflow/dags/dispatcher_pipeline_dag.py
[2026-03-12T19:49:37.605+0000] {processor.py:839} INFO - DAG(s) dict_keys(['distillationDAG']) retrieved from /opt/airflow/dags/dispatcher_pipeline_dag.py
[2026-03-12T19:49:37.763+0000] {logging_mixin.py:151} INFO - [2026-03-12T19:49:37.761+0000] {dag.py:2915} INFO - Sync 1 DAGs
[2026-03-12T19:49:37.945+0000] {processor.py:179} INFO - Processing /opt/airflow/dags/dispatcher_pipeline_dag.py took 2.728 seconds
[2026-03-12T19:50:08.360+0000] {processor.py:157} INFO - Started process (PID=1035) to work on /opt/airflow/dags/dispatcher_pipeline_dag.py
[2026-03-12T19:50:08.362+0000] {processor.py:829} INFO - Processing file /opt/airflow/dags/dispatcher_pipeline_dag.py for tasks to queue
[2026-03-12T19:50:08.366+0000] {logging_mixin.py:151} INFO - [2026-03-12T19:50:08.365+0000] {dagbag.py:539} INFO - Filling up the DagBag from /opt/airflow/dags/dispatcher_pipeline_dag.py
[2026-03-12T19:50:10.295+0000] {processor.py:839} INFO - DAG(s) dict_keys(['distillationDAG']) retrieved from /opt/airflow/dags/dispatcher_pipeline_dag.py
[2026-03-12T19:50:10.415+0000] {logging_mixin.py:151} INFO - [2026-03-12T19:50:10.414+0000] {dag.py:2915} INFO - Sync 1 DAGs
[2026-03-12T19:50:10.542+0000] {processor.py:179} INFO - Processing /opt/airflow/dags/dispatcher_pipeline_dag.py took 2.200 seconds
[2026-03-12T19:50:40.788+0000] {processor.py:157} INFO - Started process (PID=1053) to work on /opt/airflow/dags/dispatcher_pipeline_dag.py
[2026-03-12T19:50:40.790+0000] {processor.py:829} INFO - Processing file /opt/airflow/dags/dispatcher_pipeline_dag.py for tasks to queue
[2026-03-12T19:50:40.795+0000] {logging_mixin.py:151} INFO - [2026-03-12T19:50:40.791+0000] {dagbag.py:539} INFO - Filling up the DagBag from /opt/airflow/dags/dispatcher_pipeline_dag.py
[2026-03-12T19:50:42.485+0000] {processor.py:839} INFO - DAG(s) dict_keys(['distillationDAG']) retrieved from /opt/airflow/dags/dispatcher_pipeline_dag.py
[2026-03-12T19:50:42.619+0000] {logging_mixin.py:151} INFO - [2026-03-12T19:50:42.618+0000] {dag.py:2915} INFO - Sync 1 DAGs
[2026-03-12T19:50:42.872+0000] {processor.py:179} INFO - Processing /opt/airflow/dags/dispatcher_pipeline_dag.py took 2.098 seconds
[2026-03-12T19:51:13.424+0000] {processor.py:157} INFO - Started process (PID=1072) to work on /opt/airflow/dags/dispatcher_pipeline_dag.py
[2026-03-12T19:51:13.428+0000] {processor.py:829} INFO - Processing file /opt/airflow/dags/dispatcher_pipeline_dag.py for tasks to queue
[2026-03-12T19:51:13.431+0000] {logging_mixin.py:151} INFO - [2026-03-12T19:51:13.430+0000] {dagbag.py:539} INFO - Filling up the DagBag from /opt/airflow/dags/dispatcher_pipeline_dag.py
[2026-03-12T19:51:15.414+0000] {processor.py:839} INFO - DAG(s) dict_keys(['distillationDAG']) retrieved from /opt/airflow/dags/dispatcher_pipeline_dag.py
[2026-03-12T19:51:15.510+0000] {logging_mixin.py:151} INFO - [2026-03-12T19:51:15.509+0000] {dag.py:2915} INFO - Sync 1 DAGs
[2026-03-12T19:51:15.640+0000] {processor.py:179} INFO - Processing /opt/airflow/dags/dispatcher_pipeline_dag.py took 2.227 seconds
[2026-03-12T19:51:46.116+0000] {processor.py:157} INFO - Started process (PID=1090) to work on /opt/airflow/dags/dispatcher_pipeline_dag.py
[2026-03-12T19:51:46.119+0000] {processor.py:829} INFO - Processing file /opt/airflow/dags/dispatcher_pipeline_dag.py for tasks to queue
[2026-03-12T19:51:46.122+0000] {logging_mixin.py:151} INFO - [2026-03-12T19:51:46.121+0000] {dagbag.py:539} INFO - Filling up the DagBag from /opt/airflow/dags/dispatcher_pipeline_dag.py
[2026-03-12T19:51:48.755+0000] {processor.py:839} INFO - DAG(s) dict_keys(['distillationDAG']) retrieved from /opt/airflow/dags/dispatcher_pipeline_dag.py
[2026-03-12T19:51:48.884+0000] {logging_mixin.py:151} INFO - [2026-03-12T19:51:48.883+0000] {dag.py:2915} INFO - Sync 1 DAGs
[2026-03-12T19:51:49.042+0000] {processor.py:179} INFO - Processing /opt/airflow/dags/dispatcher_pipeline_dag.py took 2.942 seconds
[2026-03-12T19:52:19.522+0000] {processor.py:157} INFO - Started process (PID=1111) to work on /opt/airflow/dags/dispatcher_pipeline_dag.py
[2026-03-12T19:52:19.524+0000] {processor.py:829} INFO - Processing file /opt/airflow/dags/dispatcher_pipeline_dag.py for tasks to queue
[2026-03-12T19:52:19.532+0000] {logging_mixin.py:151} INFO - [2026-03-12T19:52:19.531+0000] {dagbag.py:539} INFO - Filling up the DagBag from /opt/airflow/dags/dispatcher_pipeline_dag.py
[2026-03-12T19:52:22.163+0000] {processor.py:839} INFO - DAG(s) dict_keys(['distillationDAG']) retrieved from /opt/airflow/dags/dispatcher_pipeline_dag.py
[2026-03-12T19:52:22.367+0000] {logging_mixin.py:151} INFO - [2026-03-12T19:52:22.364+0000] {dag.py:2915} INFO - Sync 1 DAGs
[2026-03-12T19:52:22.559+0000] {processor.py:179} INFO - Processing /opt/airflow/dags/dispatcher_pipeline_dag.py took 3.082 seconds
[2026-03-12T19:52:53.009+0000] {processor.py:157} INFO - Started process (PID=1133) to work on /opt/airflow/dags/dispatcher_pipeline_dag.py
[2026-03-12T19:52:53.011+0000] {processor.py:829} INFO - Processing file /opt/airflow/dags/dispatcher_pipeline_dag.py for tasks to queue
[2026-03-12T19:52:53.013+0000] {logging_mixin.py:151} INFO - [2026-03-12T19:52:53.012+0000] {dagbag.py:539} INFO - Filling up the DagBag from /opt/airflow/dags/dispatcher_pipeline_dag.py
[2026-03-12T19:52:54.695+0000] {processor.py:839} INFO - DAG(s) dict_keys(['distillationDAG']) retrieved from /opt/airflow/dags/dispatcher_pipeline_dag.py
[2026-03-12T19:52:54.798+0000] {logging_mixin.py:151} INFO - [2026-03-12T19:52:54.796+0000] {dag.py:2915} INFO - Sync 1 DAGs
[2026-03-12T19:52:54.927+0000] {processor.py:179} INFO - Processing /opt/airflow/dags/dispatcher_pipeline_dag.py took 1.932 seconds
[2026-03-12T19:53:25.619+0000] {processor.py:157} INFO - Started process (PID=1151) to work on /opt/airflow/dags/dispatcher_pipeline_dag.py
[2026-03-12T19:53:25.621+0000] {processor.py:829} INFO - Processing file /opt/airflow/dags/dispatcher_pipeline_dag.py for tasks to queue
[2026-03-12T19:53:25.627+0000] {logging_mixin.py:151} INFO - [2026-03-12T19:53:25.623+0000] {dagbag.py:539} INFO - Filling up the DagBag from /opt/airflow/dags/dispatcher_pipeline_dag.py
[2026-03-12T19:53:28.214+0000] {processor.py:839} INFO - DAG(s) dict_keys(['distillationDAG']) retrieved from /opt/airflow/dags/dispatcher_pipeline_dag.py
[2026-03-12T19:53:28.408+0000] {logging_mixin.py:151} INFO - [2026-03-12T19:53:28.407+0000] {dag.py:2915} INFO - Sync 1 DAGs
[2026-03-12T19:53:28.622+0000] {processor.py:179} INFO - Processing /opt/airflow/dags/dispatcher_pipeline_dag.py took 3.026 seconds
[2026-03-12T19:53:58.995+0000] {processor.py:157} INFO - Started process (PID=1169) to work on /opt/airflow/dags/dispatcher_pipeline_dag.py
[2026-03-12T19:53:58.997+0000] {processor.py:829} INFO - Processing file /opt/airflow/dags/dispatcher_pipeline_dag.py for tasks to queue
[2026-03-12T19:53:59.001+0000] {logging_mixin.py:151} INFO - [2026-03-12T19:53:58.998+0000] {dagbag.py:539} INFO - Filling up the DagBag from /opt/airflow/dags/dispatcher_pipeline_dag.py
[2026-03-12T19:54:00.913+0000] {processor.py:839} INFO - DAG(s) dict_keys(['distillationDAG']) retrieved from /opt/airflow/dags/dispatcher_pipeline_dag.py
[2026-03-12T19:54:01.071+0000] {logging_mixin.py:151} INFO - [2026-03-12T19:54:01.070+0000] {dag.py:2915} INFO - Sync 1 DAGs
[2026-03-12T19:54:01.265+0000] {processor.py:179} INFO - Processing /opt/airflow/dags/dispatcher_pipeline_dag.py took 2.283 seconds
[2026-03-12T19:54:31.673+0000] {processor.py:157} INFO - Started process (PID=1187) to work on /opt/airflow/dags/dispatcher_pipeline_dag.py
[2026-03-12T19:54:31.676+0000] {processor.py:829} INFO - Processing file /opt/airflow/dags/dispatcher_pipeline_dag.py for tasks to queue
[2026-03-12T19:54:31.682+0000] {logging_mixin.py:151} INFO - [2026-03-12T19:54:31.679+0000] {dagbag.py:539} INFO - Filling up the DagBag from /opt/airflow/dags/dispatcher_pipeline_dag.py
[2026-03-12T19:54:34.234+0000] {processor.py:839} INFO - DAG(s) dict_keys(['distillationDAG']) retrieved from /opt/airflow/dags/dispatcher_pipeline_dag.py
[2026-03-12T19:54:34.335+0000] {logging_mixin.py:151} INFO - [2026-03-12T19:54:34.334+0000] {dag.py:2915} INFO - Sync 1 DAGs
[2026-03-12T19:54:34.448+0000] {processor.py:179} INFO - Processing /opt/airflow/dags/dispatcher_pipeline_dag.py took 2.811 seconds
[2026-03-12T19:55:05.208+0000] {processor.py:157} INFO - Started process (PID=1205) to work on /opt/airflow/dags/dispatcher_pipeline_dag.py
[2026-03-12T19:55:05.213+0000] {processor.py:829} INFO - Processing file /opt/airflow/dags/dispatcher_pipeline_dag.py for tasks to queue
[2026-03-12T19:55:05.215+0000] {logging_mixin.py:151} INFO - [2026-03-12T19:55:05.214+0000] {dagbag.py:539} INFO - Filling up the DagBag from /opt/airflow/dags/dispatcher_pipeline_dag.py
[2026-03-12T19:55:06.839+0000] {processor.py:839} INFO - DAG(s) dict_keys(['distillationDAG']) retrieved from /opt/airflow/dags/dispatcher_pipeline_dag.py
[2026-03-12T19:55:06.936+0000] {logging_mixin.py:151} INFO - [2026-03-12T19:55:06.935+0000] {dag.py:2915} INFO - Sync 1 DAGs
[2026-03-12T19:55:07.051+0000] {processor.py:179} INFO - Processing /opt/airflow/dags/dispatcher_pipeline_dag.py took 1.854 seconds
[2026-03-12T19:55:37.755+0000] {processor.py:157} INFO - Started process (PID=1223) to work on /opt/airflow/dags/dispatcher_pipeline_dag.py
[2026-03-12T19:55:37.758+0000] {processor.py:829} INFO - Processing file /opt/airflow/dags/dispatcher_pipeline_dag.py for tasks to queue
[2026-03-12T19:55:37.761+0000] {logging_mixin.py:151} INFO - [2026-03-12T19:55:37.759+0000] {dagbag.py:539} INFO - Filling up the DagBag from /opt/airflow/dags/dispatcher_pipeline_dag.py
[2026-03-12T19:55:39.493+0000] {processor.py:839} INFO - DAG(s) dict_keys(['distillationDAG']) retrieved from /opt/airflow/dags/dispatcher_pipeline_dag.py
[2026-03-12T19:55:39.638+0000] {logging_mixin.py:151} INFO - [2026-03-12T19:55:39.637+0000] {dag.py:2915} INFO - Sync 1 DAGs
[2026-03-12T19:55:39.808+0000] {processor.py:179} INFO - Processing /opt/airflow/dags/dispatcher_pipeline_dag.py took 2.071 seconds
[2026-03-12T19:56:10.241+0000] {processor.py:157} INFO - Started process (PID=1241) to work on /opt/airflow/dags/dispatcher_pipeline_dag.py
[2026-03-12T19:56:10.245+0000] {processor.py:829} INFO - Processing file /opt/airflow/dags/dispatcher_pipeline_dag.py for tasks to queue
[2026-03-12T19:56:10.250+0000] {logging_mixin.py:151} INFO - [2026-03-12T19:56:10.246+0000] {dagbag.py:539} INFO - Filling up the DagBag from /opt/airflow/dags/dispatcher_pipeline_dag.py
[2026-03-12T19:56:12.068+0000] {processor.py:839} INFO - DAG(s) dict_keys(['distillationDAG']) retrieved from /opt/airflow/dags/dispatcher_pipeline_dag.py
[2026-03-12T19:56:12.239+0000] {logging_mixin.py:151} INFO - [2026-03-12T19:56:12.235+0000] {dag.py:2915} INFO - Sync 1 DAGs
[2026-03-12T19:56:12.400+0000] {processor.py:179} INFO - Processing /opt/airflow/dags/dispatcher_pipeline_dag.py took 2.182 seconds
[2026-03-12T19:56:42.877+0000] {processor.py:157} INFO - Started process (PID=1259) to work on /opt/airflow/dags/dispatcher_pipeline_dag.py
[2026-03-12T19:56:42.882+0000] {processor.py:829} INFO - Processing file /opt/airflow/dags/dispatcher_pipeline_dag.py for tasks to queue
[2026-03-12T19:56:42.884+0000] {logging_mixin.py:151} INFO - [2026-03-12T19:56:42.883+0000] {dagbag.py:539} INFO - Filling up the DagBag from /opt/airflow/dags/dispatcher_pipeline_dag.py
[2026-03-12T19:56:45.079+0000] {processor.py:839} INFO - DAG(s) dict_keys(['distillationDAG']) retrieved from /opt/airflow/dags/dispatcher_pipeline_dag.py
[2026-03-12T19:56:45.192+0000] {logging_mixin.py:151} INFO - [2026-03-12T19:56:45.191+0000] {dag.py:2915} INFO - Sync 1 DAGs
[2026-03-12T19:56:45.325+0000] {processor.py:179} INFO - Processing /opt/airflow/dags/dispatcher_pipeline_dag.py took 2.459 seconds
[2026-03-12T19:57:15.687+0000] {processor.py:157} INFO - Started process (PID=1280) to work on /opt/airflow/dags/dispatcher_pipeline_dag.py
[2026-03-12T19:57:15.689+0000] {processor.py:829} INFO - Processing file /opt/airflow/dags/dispatcher_pipeline_dag.py for tasks to queue
[2026-03-12T19:57:15.692+0000] {logging_mixin.py:151} INFO - [2026-03-12T19:57:15.690+0000] {dagbag.py:539} INFO - Filling up the DagBag from /opt/airflow/dags/dispatcher_pipeline_dag.py
[2026-03-12T19:57:17.446+0000] {processor.py:839} INFO - DAG(s) dict_keys(['distillationDAG']) retrieved from /opt/airflow/dags/dispatcher_pipeline_dag.py
[2026-03-12T19:57:17.620+0000] {logging_mixin.py:151} INFO - [2026-03-12T19:57:17.616+0000] {dag.py:2915} INFO - Sync 1 DAGs
[2026-03-12T19:57:17.978+0000] {processor.py:179} INFO - Processing /opt/airflow/dags/dispatcher_pipeline_dag.py took 2.303 seconds
[2026-03-12T19:57:48.603+0000] {processor.py:157} INFO - Started process (PID=1300) to work on /opt/airflow/dags/dispatcher_pipeline_dag.py
[2026-03-12T19:57:48.605+0000] {processor.py:829} INFO - Processing file /opt/airflow/dags/dispatcher_pipeline_dag.py for tasks to queue
[2026-03-12T19:57:48.612+0000] {logging_mixin.py:151} INFO - [2026-03-12T19:57:48.606+0000] {dagbag.py:539} INFO - Filling up the DagBag from /opt/airflow/dags/dispatcher_pipeline_dag.py
[2026-03-12T19:57:52.594+0000] {processor.py:839} INFO - DAG(s) dict_keys(['distillationDAG']) retrieved from /opt/airflow/dags/dispatcher_pipeline_dag.py
[2026-03-12T19:57:52.797+0000] {logging_mixin.py:151} INFO - [2026-03-12T19:57:52.794+0000] {dag.py:2915} INFO - Sync 1 DAGs
[2026-03-12T19:57:53.047+0000] {processor.py:179} INFO - Processing /opt/airflow/dags/dispatcher_pipeline_dag.py took 4.460 seconds
[2026-03-12T19:58:23.624+0000] {processor.py:157} INFO - Started process (PID=1318) to work on /opt/airflow/dags/dispatcher_pipeline_dag.py
[2026-03-12T19:58:23.630+0000] {processor.py:829} INFO - Processing file /opt/airflow/dags/dispatcher_pipeline_dag.py for tasks to queue
[2026-03-12T19:58:23.637+0000] {logging_mixin.py:151} INFO - [2026-03-12T19:58:23.634+0000] {dagbag.py:539} INFO - Filling up the DagBag from /opt/airflow/dags/dispatcher_pipeline_dag.py
[2026-03-12T19:58:26.873+0000] {processor.py:839} INFO - DAG(s) dict_keys(['distillationDAG']) retrieved from /opt/airflow/dags/dispatcher_pipeline_dag.py
[2026-03-12T19:58:27.074+0000] {logging_mixin.py:151} INFO - [2026-03-12T19:58:27.073+0000] {dag.py:2915} INFO - Sync 1 DAGs
[2026-03-12T19:58:27.315+0000] {processor.py:179} INFO - Processing /opt/airflow/dags/dispatcher_pipeline_dag.py took 3.716 seconds
[2026-03-12T19:58:58.031+0000] {processor.py:157} INFO - Started process (PID=1336) to work on /opt/airflow/dags/dispatcher_pipeline_dag.py
[2026-03-12T19:58:58.033+0000] {processor.py:829} INFO - Processing file /opt/airflow/dags/dispatcher_pipeline_dag.py for tasks to queue
[2026-03-12T19:58:58.039+0000] {logging_mixin.py:151} INFO - [2026-03-12T19:58:58.038+0000] {dagbag.py:539} INFO - Filling up the DagBag from /opt/airflow/dags/dispatcher_pipeline_dag.py
[2026-03-12T19:59:00.182+0000] {processor.py:839} INFO - DAG(s) dict_keys(['distillationDAG']) retrieved from /opt/airflow/dags/dispatcher_pipeline_dag.py
[2026-03-12T19:59:00.320+0000] {logging_mixin.py:151} INFO - [2026-03-12T19:59:00.319+0000] {dag.py:2915} INFO - Sync 1 DAGs
[2026-03-12T19:59:00.536+0000] {processor.py:179} INFO - Processing /opt/airflow/dags/dispatcher_pipeline_dag.py took 2.519 seconds
[2026-03-12T19:59:30.821+0000] {processor.py:157} INFO - Started process (PID=1354) to work on /opt/airflow/dags/dispatcher_pipeline_dag.py
[2026-03-12T19:59:30.832+0000] {processor.py:829} INFO - Processing file /opt/airflow/dags/dispatcher_pipeline_dag.py for tasks to queue
[2026-03-12T19:59:30.840+0000] {logging_mixin.py:151} INFO - [2026-03-12T19:59:30.836+0000] {dagbag.py:539} INFO - Filling up the DagBag from /opt/airflow/dags/dispatcher_pipeline_dag.py
[2026-03-12T19:59:34.175+0000] {processor.py:839} INFO - DAG(s) dict_keys(['distillationDAG']) retrieved from /opt/airflow/dags/dispatcher_pipeline_dag.py
[2026-03-12T19:59:34.403+0000] {logging_mixin.py:151} INFO - [2026-03-12T19:59:34.402+0000] {dag.py:2915} INFO - Sync 1 DAGs
[2026-03-12T19:59:34.528+0000] {processor.py:179} INFO - Processing /opt/airflow/dags/dispatcher_pipeline_dag.py took 3.756 seconds
[2026-03-12T20:00:04.925+0000] {processor.py:157} INFO - Started process (PID=1372) to work on /opt/airflow/dags/dispatcher_pipeline_dag.py
[2026-03-12T20:00:04.933+0000] {processor.py:829} INFO - Processing file /opt/airflow/dags/dispatcher_pipeline_dag.py for tasks to queue
[2026-03-12T20:00:04.936+0000] {logging_mixin.py:151} INFO - [2026-03-12T20:00:04.935+0000] {dagbag.py:539} INFO - Filling up the DagBag from /opt/airflow/dags/dispatcher_pipeline_dag.py
[2026-03-12T20:00:09.150+0000] {processor.py:839} INFO - DAG(s) dict_keys(['distillationDAG']) retrieved from /opt/airflow/dags/dispatcher_pipeline_dag.py
[2026-03-12T20:00:09.324+0000] {logging_mixin.py:151} INFO - [2026-03-12T20:00:09.323+0000] {dag.py:2915} INFO - Sync 1 DAGs
[2026-03-12T20:00:09.662+0000] {processor.py:179} INFO - Processing /opt/airflow/dags/dispatcher_pipeline_dag.py took 4.784 seconds
[2026-03-12T20:00:39.869+0000] {processor.py:157} INFO - Started process (PID=1390) to work on /opt/airflow/dags/dispatcher_pipeline_dag.py
[2026-03-12T20:00:39.881+0000] {processor.py:829} INFO - Processing file /opt/airflow/dags/dispatcher_pipeline_dag.py for tasks to queue
[2026-03-12T20:00:39.883+0000] {logging_mixin.py:151} INFO - [2026-03-12T20:00:39.882+0000] {dagbag.py:539} INFO - Filling up the DagBag from /opt/airflow/dags/dispatcher_pipeline_dag.py
[2026-03-12T20:00:43.139+0000] {processor.py:839} INFO - DAG(s) dict_keys(['distillationDAG']) retrieved from /opt/airflow/dags/dispatcher_pipeline_dag.py
[2026-03-12T20:00:43.240+0000] {logging_mixin.py:151} INFO - [2026-03-12T20:00:43.239+0000] {dag.py:2915} INFO - Sync 1 DAGs
[2026-03-12T20:00:43.370+0000] {processor.py:179} INFO - Processing /opt/airflow/dags/dispatcher_pipeline_dag.py took 3.530 seconds
[2026-03-12T20:01:14.185+0000] {processor.py:157} INFO - Started process (PID=1408) to work on /opt/airflow/dags/dispatcher_pipeline_dag.py
[2026-03-12T20:01:14.191+0000] {processor.py:829} INFO - Processing file /opt/airflow/dags/dispatcher_pipeline_dag.py for tasks to queue
[2026-03-12T20:01:14.197+0000] {logging_mixin.py:151} INFO - [2026-03-12T20:01:14.193+0000] {dagbag.py:539} INFO - Filling up the DagBag from /opt/airflow/dags/dispatcher_pipeline_dag.py
[2026-03-12T20:01:17.063+0000] {processor.py:839} INFO - DAG(s) dict_keys(['distillationDAG']) retrieved from /opt/airflow/dags/dispatcher_pipeline_dag.py
[2026-03-12T20:01:17.287+0000] {logging_mixin.py:151} INFO - [2026-03-12T20:01:17.286+0000] {dag.py:2915} INFO - Sync 1 DAGs
[2026-03-12T20:01:17.641+0000] {processor.py:179} INFO - Processing /opt/airflow/dags/dispatcher_pipeline_dag.py took 3.479 seconds
[2026-03-12T20:01:48.205+0000] {processor.py:157} INFO - Started process (PID=1426) to work on /opt/airflow/dags/dispatcher_pipeline_dag.py
[2026-03-12T20:01:48.210+0000] {processor.py:829} INFO - Processing file /opt/airflow/dags/dispatcher_pipeline_dag.py for tasks to queue
[2026-03-12T20:01:48.216+0000] {logging_mixin.py:151} INFO - [2026-03-12T20:01:48.211+0000] {dagbag.py:539} INFO - Filling up the DagBag from /opt/airflow/dags/dispatcher_pipeline_dag.py
[2026-03-12T20:01:51.848+0000] {processor.py:839} INFO - DAG(s) dict_keys(['distillationDAG']) retrieved from /opt/airflow/dags/dispatcher_pipeline_dag.py
[2026-03-12T20:01:52.237+0000] {logging_mixin.py:151} INFO - [2026-03-12T20:01:52.236+0000] {dag.py:2915} INFO - Sync 1 DAGs
[2026-03-12T20:01:52.609+0000] {processor.py:179} INFO - Processing /opt/airflow/dags/dispatcher_pipeline_dag.py took 4.426 seconds
[2026-03-12T20:02:23.072+0000] {processor.py:157} INFO - Started process (PID=1444) to work on /opt/airflow/dags/dispatcher_pipeline_dag.py
[2026-03-12T20:02:23.077+0000] {processor.py:829} INFO - Processing file /opt/airflow/dags/dispatcher_pipeline_dag.py for tasks to queue
[2026-03-12T20:02:23.082+0000] {logging_mixin.py:151} INFO - [2026-03-12T20:02:23.079+0000] {dagbag.py:539} INFO - Filling up the DagBag from /opt/airflow/dags/dispatcher_pipeline_dag.py
[2026-03-12T20:02:27.618+0000] {processor.py:839} INFO - DAG(s) dict_keys(['distillationDAG']) retrieved from /opt/airflow/dags/dispatcher_pipeline_dag.py
[2026-03-12T20:02:27.837+0000] {logging_mixin.py:151} INFO - [2026-03-12T20:02:27.836+0000] {dag.py:2915} INFO - Sync 1 DAGs
[2026-03-12T20:02:28.063+0000] {processor.py:179} INFO - Processing /opt/airflow/dags/dispatcher_pipeline_dag.py took 5.014 seconds
[2026-03-12T20:02:58.375+0000] {processor.py:157} INFO - Started process (PID=1474) to work on /opt/airflow/dags/dispatcher_pipeline_dag.py
[2026-03-12T20:02:58.380+0000] {processor.py:829} INFO - Processing file /opt/airflow/dags/dispatcher_pipeline_dag.py for tasks to queue
[2026-03-12T20:02:58.390+0000] {logging_mixin.py:151} INFO - [2026-03-12T20:02:58.386+0000] {dagbag.py:539} INFO - Filling up the DagBag from /opt/airflow/dags/dispatcher_pipeline_dag.py
[2026-03-12T20:03:00.191+0000] {processor.py:839} INFO - DAG(s) dict_keys(['distillationDAG']) retrieved from /opt/airflow/dags/dispatcher_pipeline_dag.py
[2026-03-12T20:03:00.288+0000] {logging_mixin.py:151} INFO - [2026-03-12T20:03:00.287+0000] {dag.py:2915} INFO - Sync 1 DAGs
[2026-03-12T20:03:00.401+0000] {processor.py:179} INFO - Processing /opt/airflow/dags/dispatcher_pipeline_dag.py took 2.051 seconds
[2026-03-12T20:03:30.766+0000] {processor.py:157} INFO - Started process (PID=1492) to work on /opt/airflow/dags/dispatcher_pipeline_dag.py
[2026-03-12T20:03:30.768+0000] {processor.py:829} INFO - Processing file /opt/airflow/dags/dispatcher_pipeline_dag.py for tasks to queue
[2026-03-12T20:03:30.776+0000] {logging_mixin.py:151} INFO - [2026-03-12T20:03:30.770+0000] {dagbag.py:539} INFO - Filling up the DagBag from /opt/airflow/dags/dispatcher_pipeline_dag.py
[2026-03-12T20:03:32.981+0000] {processor.py:839} INFO - DAG(s) dict_keys(['distillationDAG']) retrieved from /opt/airflow/dags/dispatcher_pipeline_dag.py
[2026-03-12T20:03:33.137+0000] {logging_mixin.py:151} INFO - [2026-03-12T20:03:33.136+0000] {dag.py:2915} INFO - Sync 1 DAGs
[2026-03-12T20:03:33.346+0000] {processor.py:179} INFO - Processing /opt/airflow/dags/dispatcher_pipeline_dag.py took 2.590 seconds
[2026-03-12T20:04:03.719+0000] {processor.py:157} INFO - Started process (PID=1510) to work on /opt/airflow/dags/dispatcher_pipeline_dag.py
[2026-03-12T20:04:03.722+0000] {processor.py:829} INFO - Processing file /opt/airflow/dags/dispatcher_pipeline_dag.py for tasks to queue
[2026-03-12T20:04:03.728+0000] {logging_mixin.py:151} INFO - [2026-03-12T20:04:03.727+0000] {dagbag.py:539} INFO - Filling up the DagBag from /opt/airflow/dags/dispatcher_pipeline_dag.py
[2026-03-12T20:04:05.723+0000] {processor.py:839} INFO - DAG(s) dict_keys(['distillationDAG']) retrieved from /opt/airflow/dags/dispatcher_pipeline_dag.py
[2026-03-12T20:04:05.818+0000] {logging_mixin.py:151} INFO - [2026-03-12T20:04:05.817+0000] {dag.py:2915} INFO - Sync 1 DAGs
[2026-03-12T20:04:05.960+0000] {processor.py:179} INFO - Processing /opt/airflow/dags/dispatcher_pipeline_dag.py took 2.260 seconds
[2026-03-12T20:04:36.361+0000] {processor.py:157} INFO - Started process (PID=1528) to work on /opt/airflow/dags/dispatcher_pipeline_dag.py
[2026-03-12T20:04:36.364+0000] {processor.py:829} INFO - Processing file /opt/airflow/dags/dispatcher_pipeline_dag.py for tasks to queue
[2026-03-12T20:04:36.366+0000] {logging_mixin.py:151} INFO - [2026-03-12T20:04:36.365+0000] {dagbag.py:539} INFO - Filling up the DagBag from /opt/airflow/dags/dispatcher_pipeline_dag.py
[2026-03-12T20:04:38.286+0000] {processor.py:839} INFO - DAG(s) dict_keys(['distillationDAG']) retrieved from /opt/airflow/dags/dispatcher_pipeline_dag.py
[2026-03-12T20:04:38.389+0000] {logging_mixin.py:151} INFO - [2026-03-12T20:04:38.388+0000] {dag.py:2915} INFO - Sync 1 DAGs
[2026-03-12T20:04:38.495+0000] {processor.py:179} INFO - Processing /opt/airflow/dags/dispatcher_pipeline_dag.py took 2.145 seconds
[2026-03-12T20:05:08.937+0000] {processor.py:157} INFO - Started process (PID=1546) to work on /opt/airflow/dags/dispatcher_pipeline_dag.py
[2026-03-12T20:05:08.940+0000] {processor.py:829} INFO - Processing file /opt/airflow/dags/dispatcher_pipeline_dag.py for tasks to queue
[2026-03-12T20:05:08.942+0000] {logging_mixin.py:151} INFO - [2026-03-12T20:05:08.941+0000] {dagbag.py:539} INFO - Filling up the DagBag from /opt/airflow/dags/dispatcher_pipeline_dag.py
[2026-03-12T20:05:11.405+0000] {processor.py:839} INFO - DAG(s) dict_keys(['distillationDAG']) retrieved from /opt/airflow/dags/dispatcher_pipeline_dag.py
[2026-03-12T20:05:11.549+0000] {logging_mixin.py:151} INFO - [2026-03-12T20:05:11.548+0000] {dag.py:2915} INFO - Sync 1 DAGs
[2026-03-12T20:05:11.714+0000] {processor.py:179} INFO - Processing /opt/airflow/dags/dispatcher_pipeline_dag.py took 2.797 seconds
[2026-03-12T20:05:42.299+0000] {processor.py:157} INFO - Started process (PID=1564) to work on /opt/airflow/dags/dispatcher_pipeline_dag.py
[2026-03-12T20:05:42.304+0000] {processor.py:829} INFO - Processing file /opt/airflow/dags/dispatcher_pipeline_dag.py for tasks to queue
[2026-03-12T20:05:42.309+0000] {logging_mixin.py:151} INFO - [2026-03-12T20:05:42.305+0000] {dagbag.py:539} INFO - Filling up the DagBag from /opt/airflow/dags/dispatcher_pipeline_dag.py
[2026-03-12T20:05:44.764+0000] {processor.py:839} INFO - DAG(s) dict_keys(['distillationDAG']) retrieved from /opt/airflow/dags/dispatcher_pipeline_dag.py
[2026-03-12T20:05:44.893+0000] {logging_mixin.py:151} INFO - [2026-03-12T20:05:44.891+0000] {dag.py:2915} INFO - Sync 1 DAGs
[2026-03-12T20:05:45.047+0000] {processor.py:179} INFO - Processing /opt/airflow/dags/dispatcher_pipeline_dag.py took 2.777 seconds
[2026-03-12T20:06:15.804+0000] {processor.py:157} INFO - Started process (PID=1582) to work on /opt/airflow/dags/dispatcher_pipeline_dag.py
[2026-03-12T20:06:15.806+0000] {processor.py:829} INFO - Processing file /opt/airflow/dags/dispatcher_pipeline_dag.py for tasks to queue
[2026-03-12T20:06:15.810+0000] {logging_mixin.py:151} INFO - [2026-03-12T20:06:15.807+0000] {dagbag.py:539} INFO - Filling up the DagBag from /opt/airflow/dags/dispatcher_pipeline_dag.py
[2026-03-12T20:06:18.882+0000] {processor.py:839} INFO - DAG(s) dict_keys(['distillationDAG']) retrieved from /opt/airflow/dags/dispatcher_pipeline_dag.py
[2026-03-12T20:06:18.980+0000] {logging_mixin.py:151} INFO - [2026-03-12T20:06:18.978+0000] {dag.py:2915} INFO - Sync 1 DAGs
[2026-03-12T20:06:19.111+0000] {processor.py:179} INFO - Processing /opt/airflow/dags/dispatcher_pipeline_dag.py took 3.323 seconds
[2026-03-12T20:06:49.609+0000] {processor.py:157} INFO - Started process (PID=1600) to work on /opt/airflow/dags/dispatcher_pipeline_dag.py
[2026-03-12T20:06:49.615+0000] {processor.py:829} INFO - Processing file /opt/airflow/dags/dispatcher_pipeline_dag.py for tasks to queue
[2026-03-12T20:06:49.617+0000] {logging_mixin.py:151} INFO - [2026-03-12T20:06:49.616+0000] {dagbag.py:539} INFO - Filling up the DagBag from /opt/airflow/dags/dispatcher_pipeline_dag.py
[2026-03-12T20:06:52.442+0000] {processor.py:839} INFO - DAG(s) dict_keys(['distillationDAG']) retrieved from /opt/airflow/dags/dispatcher_pipeline_dag.py
[2026-03-12T20:06:52.656+0000] {logging_mixin.py:151} INFO - [2026-03-12T20:06:52.655+0000] {dag.py:2915} INFO - Sync 1 DAGs
[2026-03-12T20:06:52.914+0000] {processor.py:179} INFO - Processing /opt/airflow/dags/dispatcher_pipeline_dag.py took 3.326 seconds
[2026-03-12T20:07:23.551+0000] {processor.py:157} INFO - Started process (PID=1618) to work on /opt/airflow/dags/dispatcher_pipeline_dag.py
[2026-03-12T20:07:23.556+0000] {processor.py:829} INFO - Processing file /opt/airflow/dags/dispatcher_pipeline_dag.py for tasks to queue
[2026-03-12T20:07:23.562+0000] {logging_mixin.py:151} INFO - [2026-03-12T20:07:23.557+0000] {dagbag.py:539} INFO - Filling up the DagBag from /opt/airflow/dags/dispatcher_pipeline_dag.py
[2026-03-12T20:07:27.567+0000] {processor.py:839} INFO - DAG(s) dict_keys(['distillationDAG']) retrieved from /opt/airflow/dags/dispatcher_pipeline_dag.py
[2026-03-12T20:07:27.684+0000] {logging_mixin.py:151} INFO - [2026-03-12T20:07:27.683+0000] {dag.py:2915} INFO - Sync 1 DAGs
[2026-03-12T20:07:27.842+0000] {processor.py:179} INFO - Processing /opt/airflow/dags/dispatcher_pipeline_dag.py took 4.320 seconds
[2026-03-12T20:07:58.422+0000] {processor.py:157} INFO - Started process (PID=1636) to work on /opt/airflow/dags/dispatcher_pipeline_dag.py
[2026-03-12T20:07:58.433+0000] {processor.py:829} INFO - Processing file /opt/airflow/dags/dispatcher_pipeline_dag.py for tasks to queue
[2026-03-12T20:07:58.438+0000] {logging_mixin.py:151} INFO - [2026-03-12T20:07:58.437+0000] {dagbag.py:539} INFO - Filling up the DagBag from /opt/airflow/dags/dispatcher_pipeline_dag.py
[2026-03-12T20:08:01.856+0000] {processor.py:839} INFO - DAG(s) dict_keys(['distillationDAG']) retrieved from /opt/airflow/dags/dispatcher_pipeline_dag.py
[2026-03-12T20:08:02.125+0000] {logging_mixin.py:151} INFO - [2026-03-12T20:08:02.124+0000] {dag.py:2915} INFO - Sync 1 DAGs
[2026-03-12T20:08:02.365+0000] {processor.py:179} INFO - Processing /opt/airflow/dags/dispatcher_pipeline_dag.py took 3.963 seconds
[2026-03-12T20:08:32.565+0000] {processor.py:157} INFO - Started process (PID=1654) to work on /opt/airflow/dags/dispatcher_pipeline_dag.py
[2026-03-12T20:08:32.573+0000] {processor.py:829} INFO - Processing file /opt/airflow/dags/dispatcher_pipeline_dag.py for tasks to queue
[2026-03-12T20:08:32.585+0000] {logging_mixin.py:151} INFO - [2026-03-12T20:08:32.579+0000] {dagbag.py:539} INFO - Filling up the DagBag from /opt/airflow/dags/dispatcher_pipeline_dag.py
[2026-03-12T20:08:34.408+0000] {processor.py:839} INFO - DAG(s) dict_keys(['distillationDAG']) retrieved from /opt/airflow/dags/dispatcher_pipeline_dag.py
[2026-03-12T20:08:34.511+0000] {logging_mixin.py:151} INFO - [2026-03-12T20:08:34.510+0000] {dag.py:2915} INFO - Sync 1 DAGs
[2026-03-12T20:08:34.628+0000] {processor.py:179} INFO - Processing /opt/airflow/dags/dispatcher_pipeline_dag.py took 2.099 seconds
[2026-03-12T20:09:04.860+0000] {processor.py:157} INFO - Started process (PID=1672) to work on /opt/airflow/dags/dispatcher_pipeline_dag.py
[2026-03-12T20:09:04.868+0000] {processor.py:829} INFO - Processing file /opt/airflow/dags/dispatcher_pipeline_dag.py for tasks to queue
[2026-03-12T20:09:04.875+0000] {logging_mixin.py:151} INFO - [2026-03-12T20:09:04.873+0000] {dagbag.py:539} INFO - Filling up the DagBag from /opt/airflow/dags/dispatcher_pipeline_dag.py
[2026-03-12T20:09:08.943+0000] {processor.py:839} INFO - DAG(s) dict_keys(['distillationDAG']) retrieved from /opt/airflow/dags/dispatcher_pipeline_dag.py
[2026-03-12T20:09:09.129+0000] {logging_mixin.py:151} INFO - [2026-03-12T20:09:09.128+0000] {dag.py:2915} INFO - Sync 1 DAGs
[2026-03-12T20:09:09.360+0000] {processor.py:179} INFO - Processing /opt/airflow/dags/dispatcher_pipeline_dag.py took 4.528 seconds
[2026-03-12T20:09:39.761+0000] {processor.py:157} INFO - Started process (PID=1695) to work on /opt/airflow/dags/dispatcher_pipeline_dag.py
[2026-03-12T20:09:39.771+0000] {processor.py:829} INFO - Processing file /opt/airflow/dags/dispatcher_pipeline_dag.py for tasks to queue
[2026-03-12T20:09:39.779+0000] {logging_mixin.py:151} INFO - [2026-03-12T20:09:39.773+0000] {dagbag.py:539} INFO - Filling up the DagBag from /opt/airflow/dags/dispatcher_pipeline_dag.py
[2026-03-12T20:09:42.971+0000] {processor.py:839} INFO - DAG(s) dict_keys(['distillationDAG']) retrieved from /opt/airflow/dags/dispatcher_pipeline_dag.py
[2026-03-12T20:09:43.089+0000] {logging_mixin.py:151} INFO - [2026-03-12T20:09:43.088+0000] {dag.py:2915} INFO - Sync 1 DAGs
[2026-03-12T20:09:43.240+0000] {processor.py:179} INFO - Processing /opt/airflow/dags/dispatcher_pipeline_dag.py took 3.506 seconds
[2026-03-12T20:10:13.764+0000] {processor.py:157} INFO - Started process (PID=1713) to work on /opt/airflow/dags/dispatcher_pipeline_dag.py
[2026-03-12T20:10:13.769+0000] {processor.py:829} INFO - Processing file /opt/airflow/dags/dispatcher_pipeline_dag.py for tasks to queue
[2026-03-12T20:10:13.773+0000] {logging_mixin.py:151} INFO - [2026-03-12T20:10:13.772+0000] {dagbag.py:539} INFO - Filling up the DagBag from /opt/airflow/dags/dispatcher_pipeline_dag.py
[2026-03-12T20:10:17.259+0000] {processor.py:839} INFO - DAG(s) dict_keys(['distillationDAG']) retrieved from /opt/airflow/dags/dispatcher_pipeline_dag.py
[2026-03-12T20:10:17.394+0000] {logging_mixin.py:151} INFO - [2026-03-12T20:10:17.393+0000] {dag.py:2915} INFO - Sync 1 DAGs
[2026-03-12T20:10:17.597+0000] {processor.py:179} INFO - Processing /opt/airflow/dags/dispatcher_pipeline_dag.py took 3.857 seconds
[2026-03-12T20:10:48.201+0000] {processor.py:157} INFO - Started process (PID=1731) to work on /opt/airflow/dags/dispatcher_pipeline_dag.py
[2026-03-12T20:10:48.208+0000] {processor.py:829} INFO - Processing file /opt/airflow/dags/dispatcher_pipeline_dag.py for tasks to queue
[2026-03-12T20:10:48.212+0000] {logging_mixin.py:151} INFO - [2026-03-12T20:10:48.211+0000] {dagbag.py:539} INFO - Filling up the DagBag from /opt/airflow/dags/dispatcher_pipeline_dag.py
[2026-03-12T20:10:49.873+0000] {processor.py:839} INFO - DAG(s) dict_keys(['distillationDAG']) retrieved from /opt/airflow/dags/dispatcher_pipeline_dag.py
[2026-03-12T20:10:50.022+0000] {logging_mixin.py:151} INFO - [2026-03-12T20:10:50.021+0000] {dag.py:2915} INFO - Sync 1 DAGs
[2026-03-12T20:10:50.231+0000] {processor.py:179} INFO - Processing /opt/airflow/dags/dispatcher_pipeline_dag.py took 2.048 seconds
[2026-03-12T20:11:20.903+0000] {processor.py:157} INFO - Started process (PID=1749) to work on /opt/airflow/dags/dispatcher_pipeline_dag.py
[2026-03-12T20:11:20.915+0000] {processor.py:829} INFO - Processing file /opt/airflow/dags/dispatcher_pipeline_dag.py for tasks to queue
[2026-03-12T20:11:20.928+0000] {logging_mixin.py:151} INFO - [2026-03-12T20:11:20.926+0000] {dagbag.py:539} INFO - Filling up the DagBag from /opt/airflow/dags/dispatcher_pipeline_dag.py
[2026-03-12T20:11:24.261+0000] {processor.py:839} INFO - DAG(s) dict_keys(['distillationDAG']) retrieved from /opt/airflow/dags/dispatcher_pipeline_dag.py
[2026-03-12T20:11:24.456+0000] {logging_mixin.py:151} INFO - [2026-03-12T20:11:24.455+0000] {dag.py:2915} INFO - Sync 1 DAGs
[2026-03-12T20:11:24.653+0000] {processor.py:179} INFO - Processing /opt/airflow/dags/dispatcher_pipeline_dag.py took 3.778 seconds
[2026-03-12T20:11:55.463+0000] {processor.py:157} INFO - Started process (PID=1767) to work on /opt/airflow/dags/dispatcher_pipeline_dag.py
[2026-03-12T20:11:55.466+0000] {processor.py:829} INFO - Processing file /opt/airflow/dags/dispatcher_pipeline_dag.py for tasks to queue
[2026-03-12T20:11:55.469+0000] {logging_mixin.py:151} INFO - [2026-03-12T20:11:55.467+0000] {dagbag.py:539} INFO - Filling up the DagBag from /opt/airflow/dags/dispatcher_pipeline_dag.py
[2026-03-12T20:11:57.199+0000] {processor.py:839} INFO - DAG(s) dict_keys(['distillationDAG']) retrieved from /opt/airflow/dags/dispatcher_pipeline_dag.py
[2026-03-12T20:11:57.396+0000] {logging_mixin.py:151} INFO - [2026-03-12T20:11:57.395+0000] {dag.py:2915} INFO - Sync 1 DAGs
[2026-03-12T20:11:57.720+0000] {processor.py:179} INFO - Processing /opt/airflow/dags/dispatcher_pipeline_dag.py took 2.271 seconds
[2026-03-12T20:12:28.349+0000] {processor.py:157} INFO - Started process (PID=1785) to work on /opt/airflow/dags/dispatcher_pipeline_dag.py
[2026-03-12T20:12:28.358+0000] {processor.py:829} INFO - Processing file /opt/airflow/dags/dispatcher_pipeline_dag.py for tasks to queue
[2026-03-12T20:12:28.367+0000] {logging_mixin.py:151} INFO - [2026-03-12T20:12:28.360+0000] {dagbag.py:539} INFO - Filling up the DagBag from /opt/airflow/dags/dispatcher_pipeline_dag.py
[2026-03-12T20:12:32.622+0000] {processor.py:839} INFO - DAG(s) dict_keys(['distillationDAG']) retrieved from /opt/airflow/dags/dispatcher_pipeline_dag.py
[2026-03-12T20:12:32.718+0000] {logging_mixin.py:151} INFO - [2026-03-12T20:12:32.717+0000] {dag.py:2915} INFO - Sync 1 DAGs
[2026-03-12T20:12:32.837+0000] {processor.py:179} INFO - Processing /opt/airflow/dags/dispatcher_pipeline_dag.py took 4.552 seconds
[2026-03-12T20:13:03.404+0000] {processor.py:157} INFO - Started process (PID=1808) to work on /opt/airflow/dags/dispatcher_pipeline_dag.py
[2026-03-12T20:13:03.417+0000] {processor.py:829} INFO - Processing file /opt/airflow/dags/dispatcher_pipeline_dag.py for tasks to queue
[2026-03-12T20:13:03.425+0000] {logging_mixin.py:151} INFO - [2026-03-12T20:13:03.419+0000] {dagbag.py:539} INFO - Filling up the DagBag from /opt/airflow/dags/dispatcher_pipeline_dag.py
[2026-03-12T20:13:05.554+0000] {processor.py:839} INFO - DAG(s) dict_keys(['distillationDAG']) retrieved from /opt/airflow/dags/dispatcher_pipeline_dag.py
[2026-03-12T20:13:05.687+0000] {logging_mixin.py:151} INFO - [2026-03-12T20:13:05.686+0000] {dag.py:2915} INFO - Sync 1 DAGs
[2026-03-12T20:13:05.831+0000] {processor.py:179} INFO - Processing /opt/airflow/dags/dispatcher_pipeline_dag.py took 2.483 seconds
[2026-03-12T20:13:36.348+0000] {processor.py:157} INFO - Started process (PID=1828) to work on /opt/airflow/dags/dispatcher_pipeline_dag.py
[2026-03-12T20:13:36.352+0000] {processor.py:829} INFO - Processing file /opt/airflow/dags/dispatcher_pipeline_dag.py for tasks to queue
[2026-03-12T20:13:36.357+0000] {logging_mixin.py:151} INFO - [2026-03-12T20:13:36.354+0000] {dagbag.py:539} INFO - Filling up the DagBag from /opt/airflow/dags/dispatcher_pipeline_dag.py
[2026-03-12T20:13:38.834+0000] {processor.py:839} INFO - DAG(s) dict_keys(['distillationDAG']) retrieved from /opt/airflow/dags/dispatcher_pipeline_dag.py
[2026-03-12T20:13:38.998+0000] {logging_mixin.py:151} INFO - [2026-03-12T20:13:38.997+0000] {dag.py:2915} INFO - Sync 1 DAGs
[2026-03-12T20:13:39.184+0000] {processor.py:179} INFO - Processing /opt/airflow/dags/dispatcher_pipeline_dag.py took 2.859 seconds
[2026-03-12T20:14:09.814+0000] {processor.py:157} INFO - Started process (PID=1846) to work on /opt/airflow/dags/dispatcher_pipeline_dag.py
[2026-03-12T20:14:09.819+0000] {processor.py:829} INFO - Processing file /opt/airflow/dags/dispatcher_pipeline_dag.py for tasks to queue
[2026-03-12T20:14:09.822+0000] {logging_mixin.py:151} INFO - [2026-03-12T20:14:09.820+0000] {dagbag.py:539} INFO - Filling up the DagBag from /opt/airflow/dags/dispatcher_pipeline_dag.py
[2026-03-12T20:14:11.897+0000] {processor.py:839} INFO - DAG(s) dict_keys(['distillationDAG']) retrieved from /opt/airflow/dags/dispatcher_pipeline_dag.py
[2026-03-12T20:14:11.991+0000] {logging_mixin.py:151} INFO - [2026-03-12T20:14:11.990+0000] {dag.py:2915} INFO - Sync 1 DAGs
[2026-03-12T20:14:12.117+0000] {processor.py:179} INFO - Processing /opt/airflow/dags/dispatcher_pipeline_dag.py took 2.320 seconds
[2026-03-12T20:14:42.790+0000] {processor.py:157} INFO - Started process (PID=1864) to work on /opt/airflow/dags/dispatcher_pipeline_dag.py
[2026-03-12T20:14:42.792+0000] {processor.py:829} INFO - Processing file /opt/airflow/dags/dispatcher_pipeline_dag.py for tasks to queue
[2026-03-12T20:14:42.794+0000] {logging_mixin.py:151} INFO - [2026-03-12T20:14:42.793+0000] {dagbag.py:539} INFO - Filling up the DagBag from /opt/airflow/dags/dispatcher_pipeline_dag.py
[2026-03-12T20:14:45.098+0000] {processor.py:839} INFO - DAG(s) dict_keys(['distillationDAG']) retrieved from /opt/airflow/dags/dispatcher_pipeline_dag.py
[2026-03-12T20:14:45.227+0000] {logging_mixin.py:151} INFO - [2026-03-12T20:14:45.226+0000] {dag.py:2915} INFO - Sync 1 DAGs
[2026-03-12T20:14:45.368+0000] {processor.py:179} INFO - Processing /opt/airflow/dags/dispatcher_pipeline_dag.py took 2.588 seconds
[2026-03-12T20:15:16.176+0000] {processor.py:157} INFO - Started process (PID=1882) to work on /opt/airflow/dags/dispatcher_pipeline_dag.py
[2026-03-12T20:15:16.181+0000] {processor.py:829} INFO - Processing file /opt/airflow/dags/dispatcher_pipeline_dag.py for tasks to queue
[2026-03-12T20:15:16.186+0000] {logging_mixin.py:151} INFO - [2026-03-12T20:15:16.185+0000] {dagbag.py:539} INFO - Filling up the DagBag from /opt/airflow/dags/dispatcher_pipeline_dag.py
[2026-03-12T20:15:18.116+0000] {processor.py:839} INFO - DAG(s) dict_keys(['distillationDAG']) retrieved from /opt/airflow/dags/dispatcher_pipeline_dag.py
[2026-03-12T20:15:18.233+0000] {logging_mixin.py:151} INFO - [2026-03-12T20:15:18.230+0000] {dag.py:2915} INFO - Sync 1 DAGs
[2026-03-12T20:15:18.383+0000] {processor.py:179} INFO - Processing /opt/airflow/dags/dispatcher_pipeline_dag.py took 2.231 seconds
[2026-03-12T20:15:48.627+0000] {processor.py:157} INFO - Started process (PID=1900) to work on /opt/airflow/dags/dispatcher_pipeline_dag.py
[2026-03-12T20:15:48.632+0000] {processor.py:829} INFO - Processing file /opt/airflow/dags/dispatcher_pipeline_dag.py for tasks to queue
[2026-03-12T20:15:48.635+0000] {logging_mixin.py:151} INFO - [2026-03-12T20:15:48.633+0000] {dagbag.py:539} INFO - Filling up the DagBag from /opt/airflow/dags/dispatcher_pipeline_dag.py
[2026-03-12T20:15:50.337+0000] {processor.py:839} INFO - DAG(s) dict_keys(['distillationDAG']) retrieved from /opt/airflow/dags/dispatcher_pipeline_dag.py
[2026-03-12T20:15:50.551+0000] {logging_mixin.py:151} INFO - [2026-03-12T20:15:50.549+0000] {dag.py:2915} INFO - Sync 1 DAGs
[2026-03-12T20:15:50.814+0000] {processor.py:179} INFO - Processing /opt/airflow/dags/dispatcher_pipeline_dag.py took 2.200 seconds
[2026-03-12T20:16:21.687+0000] {processor.py:157} INFO - Started process (PID=1921) to work on /opt/airflow/dags/dispatcher_pipeline_dag.py
[2026-03-12T20:16:21.692+0000] {processor.py:829} INFO - Processing file /opt/airflow/dags/dispatcher_pipeline_dag.py for tasks to queue
[2026-03-12T20:16:21.701+0000] {logging_mixin.py:151} INFO - [2026-03-12T20:16:21.693+0000] {dagbag.py:539} INFO - Filling up the DagBag from /opt/airflow/dags/dispatcher_pipeline_dag.py
[2026-03-12T20:16:24.986+0000] {processor.py:839} INFO - DAG(s) dict_keys(['distillationDAG']) retrieved from /opt/airflow/dags/dispatcher_pipeline_dag.py
[2026-03-12T20:16:25.115+0000] {logging_mixin.py:151} INFO - [2026-03-12T20:16:25.113+0000] {dag.py:2915} INFO - Sync 1 DAGs
[2026-03-12T20:16:25.234+0000] {processor.py:179} INFO - Processing /opt/airflow/dags/dispatcher_pipeline_dag.py took 3.570 seconds
[2026-03-12T20:16:55.996+0000] {processor.py:157} INFO - Started process (PID=1941) to work on /opt/airflow/dags/dispatcher_pipeline_dag.py
[2026-03-12T20:16:56.006+0000] {processor.py:829} INFO - Processing file /opt/airflow/dags/dispatcher_pipeline_dag.py for tasks to queue
[2026-03-12T20:16:56.020+0000] {logging_mixin.py:151} INFO - [2026-03-12T20:16:56.007+0000] {dagbag.py:539} INFO - Filling up the DagBag from /opt/airflow/dags/dispatcher_pipeline_dag.py
[2026-03-12T20:16:59.826+0000] {processor.py:839} INFO - DAG(s) dict_keys(['distillationDAG']) retrieved from /opt/airflow/dags/dispatcher_pipeline_dag.py
[2026-03-12T20:16:59.965+0000] {logging_mixin.py:151} INFO - [2026-03-12T20:16:59.964+0000] {dag.py:2915} INFO - Sync 1 DAGs
[2026-03-12T20:17:00.162+0000] {processor.py:179} INFO - Processing /opt/airflow/dags/dispatcher_pipeline_dag.py took 4.212 seconds
[2026-03-12T20:17:31.050+0000] {processor.py:157} INFO - Started process (PID=1959) to work on /opt/airflow/dags/dispatcher_pipeline_dag.py
[2026-03-12T20:17:31.053+0000] {processor.py:829} INFO - Processing file /opt/airflow/dags/dispatcher_pipeline_dag.py for tasks to queue
[2026-03-12T20:17:31.059+0000] {logging_mixin.py:151} INFO - [2026-03-12T20:17:31.057+0000] {dagbag.py:539} INFO - Filling up the DagBag from /opt/airflow/dags/dispatcher_pipeline_dag.py
[2026-03-12T20:17:33.354+0000] {processor.py:839} INFO - DAG(s) dict_keys(['distillationDAG']) retrieved from /opt/airflow/dags/dispatcher_pipeline_dag.py
[2026-03-12T20:17:33.530+0000] {logging_mixin.py:151} INFO - [2026-03-12T20:17:33.527+0000] {dag.py:2915} INFO - Sync 1 DAGs
[2026-03-12T20:17:33.757+0000] {processor.py:179} INFO - Processing /opt/airflow/dags/dispatcher_pipeline_dag.py took 2.722 seconds
[2026-03-12T20:18:04.234+0000] {processor.py:157} INFO - Started process (PID=1977) to work on /opt/airflow/dags/dispatcher_pipeline_dag.py
[2026-03-12T20:18:04.236+0000] {processor.py:829} INFO - Processing file /opt/airflow/dags/dispatcher_pipeline_dag.py for tasks to queue
[2026-03-12T20:18:04.241+0000] {logging_mixin.py:151} INFO - [2026-03-12T20:18:04.240+0000] {dagbag.py:539} INFO - Filling up the DagBag from /opt/airflow/dags/dispatcher_pipeline_dag.py
[2026-03-12T20:18:06.268+0000] {processor.py:839} INFO - DAG(s) dict_keys(['distillationDAG']) retrieved from /opt/airflow/dags/dispatcher_pipeline_dag.py
[2026-03-12T20:18:06.393+0000] {logging_mixin.py:151} INFO - [2026-03-12T20:18:06.392+0000] {dag.py:2915} INFO - Sync 1 DAGs
[2026-03-12T20:18:06.657+0000] {processor.py:179} INFO - Processing /opt/airflow/dags/dispatcher_pipeline_dag.py took 2.437 seconds
