[2026-03-12T19:25:20.329+0000] {processor.py:157} INFO - Started process (PID=167) to work on /opt/airflow/dags/embedding_sync_dag.py
[2026-03-12T19:25:20.332+0000] {processor.py:829} INFO - Processing file /opt/airflow/dags/embedding_sync_dag.py for tasks to queue
[2026-03-12T19:25:20.334+0000] {logging_mixin.py:151} INFO - [2026-03-12T19:25:20.333+0000] {dagbag.py:539} INFO - Filling up the DagBag from /opt/airflow/dags/embedding_sync_dag.py
[2026-03-12T19:25:20.378+0000] {processor.py:839} INFO - DAG(s) dict_keys(['embedding_sync_dag']) retrieved from /opt/airflow/dags/embedding_sync_dag.py
[2026-03-12T19:25:20.600+0000] {logging_mixin.py:151} INFO - [2026-03-12T19:25:20.600+0000] {dag.py:2915} INFO - Sync 1 DAGs
[2026-03-12T19:25:20.771+0000] {processor.py:179} INFO - Processing /opt/airflow/dags/embedding_sync_dag.py took 0.452 seconds
[2026-03-12T19:25:51.174+0000] {processor.py:157} INFO - Started process (PID=202) to work on /opt/airflow/dags/embedding_sync_dag.py
[2026-03-12T19:25:51.177+0000] {processor.py:829} INFO - Processing file /opt/airflow/dags/embedding_sync_dag.py for tasks to queue
[2026-03-12T19:25:51.182+0000] {logging_mixin.py:151} INFO - [2026-03-12T19:25:51.178+0000] {dagbag.py:539} INFO - Filling up the DagBag from /opt/airflow/dags/embedding_sync_dag.py
[2026-03-12T19:25:51.255+0000] {processor.py:839} INFO - DAG(s) dict_keys(['embedding_sync_dag']) retrieved from /opt/airflow/dags/embedding_sync_dag.py
[2026-03-12T19:25:51.386+0000] {logging_mixin.py:151} INFO - [2026-03-12T19:25:51.386+0000] {dag.py:2915} INFO - Sync 1 DAGs
[2026-03-12T19:25:51.632+0000] {processor.py:179} INFO - Processing /opt/airflow/dags/embedding_sync_dag.py took 0.471 seconds
[2026-03-12T19:26:21.810+0000] {processor.py:157} INFO - Started process (PID=222) to work on /opt/airflow/dags/embedding_sync_dag.py
[2026-03-12T19:26:21.814+0000] {processor.py:829} INFO - Processing file /opt/airflow/dags/embedding_sync_dag.py for tasks to queue
[2026-03-12T19:26:21.822+0000] {logging_mixin.py:151} INFO - [2026-03-12T19:26:21.815+0000] {dagbag.py:539} INFO - Filling up the DagBag from /opt/airflow/dags/embedding_sync_dag.py
[2026-03-12T19:26:21.891+0000] {processor.py:839} INFO - DAG(s) dict_keys(['embedding_sync_dag']) retrieved from /opt/airflow/dags/embedding_sync_dag.py
[2026-03-12T19:26:22.061+0000] {logging_mixin.py:151} INFO - [2026-03-12T19:26:22.061+0000] {dag.py:2915} INFO - Sync 1 DAGs
[2026-03-12T19:26:22.276+0000] {processor.py:179} INFO - Processing /opt/airflow/dags/embedding_sync_dag.py took 0.482 seconds
[2026-03-12T19:26:52.559+0000] {processor.py:157} INFO - Started process (PID=245) to work on /opt/airflow/dags/embedding_sync_dag.py
[2026-03-12T19:26:52.564+0000] {processor.py:829} INFO - Processing file /opt/airflow/dags/embedding_sync_dag.py for tasks to queue
[2026-03-12T19:26:52.569+0000] {logging_mixin.py:151} INFO - [2026-03-12T19:26:52.568+0000] {dagbag.py:539} INFO - Filling up the DagBag from /opt/airflow/dags/embedding_sync_dag.py
[2026-03-12T19:26:52.635+0000] {processor.py:839} INFO - DAG(s) dict_keys(['embedding_sync_dag']) retrieved from /opt/airflow/dags/embedding_sync_dag.py
[2026-03-12T19:26:52.760+0000] {logging_mixin.py:151} INFO - [2026-03-12T19:26:52.759+0000] {dag.py:2915} INFO - Sync 1 DAGs
[2026-03-12T19:26:52.891+0000] {processor.py:179} INFO - Processing /opt/airflow/dags/embedding_sync_dag.py took 0.347 seconds
[2026-03-12T19:27:23.741+0000] {processor.py:157} INFO - Started process (PID=263) to work on /opt/airflow/dags/embedding_sync_dag.py
[2026-03-12T19:27:23.747+0000] {processor.py:829} INFO - Processing file /opt/airflow/dags/embedding_sync_dag.py for tasks to queue
[2026-03-12T19:27:23.750+0000] {logging_mixin.py:151} INFO - [2026-03-12T19:27:23.749+0000] {dagbag.py:539} INFO - Filling up the DagBag from /opt/airflow/dags/embedding_sync_dag.py
[2026-03-12T19:27:23.808+0000] {processor.py:839} INFO - DAG(s) dict_keys(['embedding_sync_dag']) retrieved from /opt/airflow/dags/embedding_sync_dag.py
[2026-03-12T19:27:23.950+0000] {logging_mixin.py:151} INFO - [2026-03-12T19:27:23.950+0000] {dag.py:2915} INFO - Sync 1 DAGs
[2026-03-12T19:27:24.091+0000] {processor.py:179} INFO - Processing /opt/airflow/dags/embedding_sync_dag.py took 0.360 seconds
[2026-03-12T19:27:54.203+0000] {processor.py:157} INFO - Started process (PID=281) to work on /opt/airflow/dags/embedding_sync_dag.py
[2026-03-12T19:27:54.205+0000] {processor.py:829} INFO - Processing file /opt/airflow/dags/embedding_sync_dag.py for tasks to queue
[2026-03-12T19:27:54.207+0000] {logging_mixin.py:151} INFO - [2026-03-12T19:27:54.206+0000] {dagbag.py:539} INFO - Filling up the DagBag from /opt/airflow/dags/embedding_sync_dag.py
[2026-03-12T19:27:54.263+0000] {processor.py:839} INFO - DAG(s) dict_keys(['embedding_sync_dag']) retrieved from /opt/airflow/dags/embedding_sync_dag.py
[2026-03-12T19:27:54.384+0000] {logging_mixin.py:151} INFO - [2026-03-12T19:27:54.383+0000] {dag.py:2915} INFO - Sync 1 DAGs
[2026-03-12T19:27:54.506+0000] {processor.py:179} INFO - Processing /opt/airflow/dags/embedding_sync_dag.py took 0.315 seconds
[2026-03-12T19:28:24.706+0000] {processor.py:157} INFO - Started process (PID=299) to work on /opt/airflow/dags/embedding_sync_dag.py
[2026-03-12T19:28:24.710+0000] {processor.py:829} INFO - Processing file /opt/airflow/dags/embedding_sync_dag.py for tasks to queue
[2026-03-12T19:28:24.716+0000] {logging_mixin.py:151} INFO - [2026-03-12T19:28:24.713+0000] {dagbag.py:539} INFO - Filling up the DagBag from /opt/airflow/dags/embedding_sync_dag.py
[2026-03-12T19:28:24.776+0000] {processor.py:839} INFO - DAG(s) dict_keys(['embedding_sync_dag']) retrieved from /opt/airflow/dags/embedding_sync_dag.py
[2026-03-12T19:28:24.888+0000] {logging_mixin.py:151} INFO - [2026-03-12T19:28:24.887+0000] {dag.py:2915} INFO - Sync 1 DAGs
[2026-03-12T19:28:25.009+0000] {processor.py:179} INFO - Processing /opt/airflow/dags/embedding_sync_dag.py took 0.318 seconds
[2026-03-12T19:28:55.160+0000] {processor.py:157} INFO - Started process (PID=317) to work on /opt/airflow/dags/embedding_sync_dag.py
[2026-03-12T19:28:55.162+0000] {processor.py:829} INFO - Processing file /opt/airflow/dags/embedding_sync_dag.py for tasks to queue
[2026-03-12T19:28:55.165+0000] {logging_mixin.py:151} INFO - [2026-03-12T19:28:55.164+0000] {dagbag.py:539} INFO - Filling up the DagBag from /opt/airflow/dags/embedding_sync_dag.py
[2026-03-12T19:28:55.222+0000] {processor.py:839} INFO - DAG(s) dict_keys(['embedding_sync_dag']) retrieved from /opt/airflow/dags/embedding_sync_dag.py
[2026-03-12T19:28:55.342+0000] {logging_mixin.py:151} INFO - [2026-03-12T19:28:55.341+0000] {dag.py:2915} INFO - Sync 1 DAGs
[2026-03-12T19:28:55.449+0000] {processor.py:179} INFO - Processing /opt/airflow/dags/embedding_sync_dag.py took 0.301 seconds
[2026-03-12T19:29:26.459+0000] {processor.py:157} INFO - Started process (PID=335) to work on /opt/airflow/dags/embedding_sync_dag.py
[2026-03-12T19:29:26.465+0000] {processor.py:829} INFO - Processing file /opt/airflow/dags/embedding_sync_dag.py for tasks to queue
[2026-03-12T19:29:26.469+0000] {logging_mixin.py:151} INFO - [2026-03-12T19:29:26.467+0000] {dagbag.py:539} INFO - Filling up the DagBag from /opt/airflow/dags/embedding_sync_dag.py
[2026-03-12T19:29:26.566+0000] {processor.py:839} INFO - DAG(s) dict_keys(['embedding_sync_dag']) retrieved from /opt/airflow/dags/embedding_sync_dag.py
[2026-03-12T19:29:26.708+0000] {logging_mixin.py:151} INFO - [2026-03-12T19:29:26.708+0000] {dag.py:2915} INFO - Sync 1 DAGs
[2026-03-12T19:29:26.854+0000] {processor.py:179} INFO - Processing /opt/airflow/dags/embedding_sync_dag.py took 0.409 seconds
[2026-03-12T19:29:57.308+0000] {processor.py:157} INFO - Started process (PID=353) to work on /opt/airflow/dags/embedding_sync_dag.py
[2026-03-12T19:29:57.315+0000] {processor.py:829} INFO - Processing file /opt/airflow/dags/embedding_sync_dag.py for tasks to queue
[2026-03-12T19:29:57.320+0000] {logging_mixin.py:151} INFO - [2026-03-12T19:29:57.319+0000] {dagbag.py:539} INFO - Filling up the DagBag from /opt/airflow/dags/embedding_sync_dag.py
[2026-03-12T19:29:57.453+0000] {processor.py:839} INFO - DAG(s) dict_keys(['embedding_sync_dag']) retrieved from /opt/airflow/dags/embedding_sync_dag.py
[2026-03-12T19:29:57.616+0000] {logging_mixin.py:151} INFO - [2026-03-12T19:29:57.615+0000] {dag.py:2915} INFO - Sync 1 DAGs
[2026-03-12T19:29:57.792+0000] {processor.py:179} INFO - Processing /opt/airflow/dags/embedding_sync_dag.py took 0.528 seconds
[2026-03-12T19:30:28.257+0000] {processor.py:157} INFO - Started process (PID=371) to work on /opt/airflow/dags/embedding_sync_dag.py
[2026-03-12T19:30:28.260+0000] {processor.py:829} INFO - Processing file /opt/airflow/dags/embedding_sync_dag.py for tasks to queue
[2026-03-12T19:30:28.262+0000] {logging_mixin.py:151} INFO - [2026-03-12T19:30:28.261+0000] {dagbag.py:539} INFO - Filling up the DagBag from /opt/airflow/dags/embedding_sync_dag.py
[2026-03-12T19:30:28.310+0000] {processor.py:839} INFO - DAG(s) dict_keys(['embedding_sync_dag']) retrieved from /opt/airflow/dags/embedding_sync_dag.py
[2026-03-12T19:30:28.424+0000] {logging_mixin.py:151} INFO - [2026-03-12T19:30:28.424+0000] {dag.py:2915} INFO - Sync 1 DAGs
[2026-03-12T19:30:28.562+0000] {processor.py:179} INFO - Processing /opt/airflow/dags/embedding_sync_dag.py took 0.315 seconds
[2026-03-12T19:30:59.102+0000] {processor.py:157} INFO - Started process (PID=389) to work on /opt/airflow/dags/embedding_sync_dag.py
[2026-03-12T19:30:59.111+0000] {processor.py:829} INFO - Processing file /opt/airflow/dags/embedding_sync_dag.py for tasks to queue
[2026-03-12T19:30:59.116+0000] {logging_mixin.py:151} INFO - [2026-03-12T19:30:59.114+0000] {dagbag.py:539} INFO - Filling up the DagBag from /opt/airflow/dags/embedding_sync_dag.py
[2026-03-12T19:30:59.192+0000] {processor.py:839} INFO - DAG(s) dict_keys(['embedding_sync_dag']) retrieved from /opt/airflow/dags/embedding_sync_dag.py
[2026-03-12T19:30:59.378+0000] {logging_mixin.py:151} INFO - [2026-03-12T19:30:59.377+0000] {dag.py:2915} INFO - Sync 1 DAGs
[2026-03-12T19:30:59.971+0000] {processor.py:179} INFO - Processing /opt/airflow/dags/embedding_sync_dag.py took 0.902 seconds
[2026-03-12T19:31:30.240+0000] {processor.py:157} INFO - Started process (PID=407) to work on /opt/airflow/dags/embedding_sync_dag.py
[2026-03-12T19:31:30.246+0000] {processor.py:829} INFO - Processing file /opt/airflow/dags/embedding_sync_dag.py for tasks to queue
[2026-03-12T19:31:30.249+0000] {logging_mixin.py:151} INFO - [2026-03-12T19:31:30.247+0000] {dagbag.py:539} INFO - Filling up the DagBag from /opt/airflow/dags/embedding_sync_dag.py
[2026-03-12T19:31:30.321+0000] {processor.py:839} INFO - DAG(s) dict_keys(['embedding_sync_dag']) retrieved from /opt/airflow/dags/embedding_sync_dag.py
[2026-03-12T19:31:30.783+0000] {logging_mixin.py:151} INFO - [2026-03-12T19:31:30.782+0000] {dag.py:2915} INFO - Sync 1 DAGs
[2026-03-12T19:31:30.894+0000] {processor.py:179} INFO - Processing /opt/airflow/dags/embedding_sync_dag.py took 0.669 seconds
[2026-03-12T19:32:01.634+0000] {processor.py:157} INFO - Started process (PID=425) to work on /opt/airflow/dags/embedding_sync_dag.py
[2026-03-12T19:32:01.637+0000] {processor.py:829} INFO - Processing file /opt/airflow/dags/embedding_sync_dag.py for tasks to queue
[2026-03-12T19:32:01.639+0000] {logging_mixin.py:151} INFO - [2026-03-12T19:32:01.638+0000] {dagbag.py:539} INFO - Filling up the DagBag from /opt/airflow/dags/embedding_sync_dag.py
[2026-03-12T19:32:01.688+0000] {processor.py:839} INFO - DAG(s) dict_keys(['embedding_sync_dag']) retrieved from /opt/airflow/dags/embedding_sync_dag.py
[2026-03-12T19:32:01.884+0000] {logging_mixin.py:151} INFO - [2026-03-12T19:32:01.883+0000] {dag.py:2915} INFO - Sync 1 DAGs
[2026-03-12T19:32:02.084+0000] {processor.py:179} INFO - Processing /opt/airflow/dags/embedding_sync_dag.py took 0.459 seconds
[2026-03-12T19:32:32.361+0000] {processor.py:157} INFO - Started process (PID=443) to work on /opt/airflow/dags/embedding_sync_dag.py
[2026-03-12T19:32:32.365+0000] {processor.py:829} INFO - Processing file /opt/airflow/dags/embedding_sync_dag.py for tasks to queue
[2026-03-12T19:32:32.368+0000] {logging_mixin.py:151} INFO - [2026-03-12T19:32:32.367+0000] {dagbag.py:539} INFO - Filling up the DagBag from /opt/airflow/dags/embedding_sync_dag.py
[2026-03-12T19:32:32.469+0000] {processor.py:839} INFO - DAG(s) dict_keys(['embedding_sync_dag']) retrieved from /opt/airflow/dags/embedding_sync_dag.py
[2026-03-12T19:32:32.632+0000] {logging_mixin.py:151} INFO - [2026-03-12T19:32:32.632+0000] {dag.py:2915} INFO - Sync 1 DAGs
[2026-03-12T19:32:32.773+0000] {processor.py:179} INFO - Processing /opt/airflow/dags/embedding_sync_dag.py took 0.445 seconds
[2026-03-12T19:33:03.152+0000] {processor.py:157} INFO - Started process (PID=458) to work on /opt/airflow/dags/embedding_sync_dag.py
[2026-03-12T19:33:03.159+0000] {processor.py:829} INFO - Processing file /opt/airflow/dags/embedding_sync_dag.py for tasks to queue
[2026-03-12T19:33:03.168+0000] {logging_mixin.py:151} INFO - [2026-03-12T19:33:03.160+0000] {dagbag.py:539} INFO - Filling up the DagBag from /opt/airflow/dags/embedding_sync_dag.py
[2026-03-12T19:33:03.309+0000] {processor.py:839} INFO - DAG(s) dict_keys(['embedding_sync_dag']) retrieved from /opt/airflow/dags/embedding_sync_dag.py
[2026-03-12T19:33:03.541+0000] {logging_mixin.py:151} INFO - [2026-03-12T19:33:03.541+0000] {dag.py:2915} INFO - Sync 1 DAGs
[2026-03-12T19:33:03.828+0000] {processor.py:179} INFO - Processing /opt/airflow/dags/embedding_sync_dag.py took 0.701 seconds
[2026-03-12T19:33:34.618+0000] {processor.py:157} INFO - Started process (PID=473) to work on /opt/airflow/dags/embedding_sync_dag.py
[2026-03-12T19:33:34.625+0000] {processor.py:829} INFO - Processing file /opt/airflow/dags/embedding_sync_dag.py for tasks to queue
[2026-03-12T19:33:34.635+0000] {logging_mixin.py:151} INFO - [2026-03-12T19:33:34.626+0000] {dagbag.py:539} INFO - Filling up the DagBag from /opt/airflow/dags/embedding_sync_dag.py
[2026-03-12T19:33:34.725+0000] {processor.py:839} INFO - DAG(s) dict_keys(['embedding_sync_dag']) retrieved from /opt/airflow/dags/embedding_sync_dag.py
[2026-03-12T19:33:34.869+0000] {logging_mixin.py:151} INFO - [2026-03-12T19:33:34.868+0000] {dag.py:2915} INFO - Sync 1 DAGs
[2026-03-12T19:33:35.036+0000] {processor.py:179} INFO - Processing /opt/airflow/dags/embedding_sync_dag.py took 0.452 seconds
[2026-03-12T19:34:05.898+0000] {processor.py:157} INFO - Started process (PID=491) to work on /opt/airflow/dags/embedding_sync_dag.py
[2026-03-12T19:34:05.904+0000] {processor.py:829} INFO - Processing file /opt/airflow/dags/embedding_sync_dag.py for tasks to queue
[2026-03-12T19:34:05.908+0000] {logging_mixin.py:151} INFO - [2026-03-12T19:34:05.906+0000] {dagbag.py:539} INFO - Filling up the DagBag from /opt/airflow/dags/embedding_sync_dag.py
[2026-03-12T19:34:05.969+0000] {processor.py:839} INFO - DAG(s) dict_keys(['embedding_sync_dag']) retrieved from /opt/airflow/dags/embedding_sync_dag.py
[2026-03-12T19:34:06.112+0000] {logging_mixin.py:151} INFO - [2026-03-12T19:34:06.111+0000] {dag.py:2915} INFO - Sync 1 DAGs
[2026-03-12T19:34:06.251+0000] {processor.py:179} INFO - Processing /opt/airflow/dags/embedding_sync_dag.py took 0.367 seconds
[2026-03-12T19:34:36.444+0000] {processor.py:157} INFO - Started process (PID=509) to work on /opt/airflow/dags/embedding_sync_dag.py
[2026-03-12T19:34:36.450+0000] {processor.py:829} INFO - Processing file /opt/airflow/dags/embedding_sync_dag.py for tasks to queue
[2026-03-12T19:34:36.455+0000] {logging_mixin.py:151} INFO - [2026-03-12T19:34:36.453+0000] {dagbag.py:539} INFO - Filling up the DagBag from /opt/airflow/dags/embedding_sync_dag.py
[2026-03-12T19:34:36.581+0000] {processor.py:839} INFO - DAG(s) dict_keys(['embedding_sync_dag']) retrieved from /opt/airflow/dags/embedding_sync_dag.py
[2026-03-12T19:34:36.808+0000] {logging_mixin.py:151} INFO - [2026-03-12T19:34:36.807+0000] {dag.py:2915} INFO - Sync 1 DAGs
[2026-03-12T19:34:36.985+0000] {processor.py:179} INFO - Processing /opt/airflow/dags/embedding_sync_dag.py took 0.561 seconds
[2026-03-12T19:35:07.479+0000] {processor.py:157} INFO - Started process (PID=527) to work on /opt/airflow/dags/embedding_sync_dag.py
[2026-03-12T19:35:07.483+0000] {processor.py:829} INFO - Processing file /opt/airflow/dags/embedding_sync_dag.py for tasks to queue
[2026-03-12T19:35:07.490+0000] {logging_mixin.py:151} INFO - [2026-03-12T19:35:07.489+0000] {dagbag.py:539} INFO - Filling up the DagBag from /opt/airflow/dags/embedding_sync_dag.py
[2026-03-12T19:35:07.589+0000] {processor.py:839} INFO - DAG(s) dict_keys(['embedding_sync_dag']) retrieved from /opt/airflow/dags/embedding_sync_dag.py
[2026-03-12T19:35:07.712+0000] {logging_mixin.py:151} INFO - [2026-03-12T19:35:07.712+0000] {dag.py:2915} INFO - Sync 1 DAGs
[2026-03-12T19:35:07.855+0000] {processor.py:179} INFO - Processing /opt/airflow/dags/embedding_sync_dag.py took 0.415 seconds
[2026-03-12T19:35:38.336+0000] {processor.py:157} INFO - Started process (PID=545) to work on /opt/airflow/dags/embedding_sync_dag.py
[2026-03-12T19:35:38.339+0000] {processor.py:829} INFO - Processing file /opt/airflow/dags/embedding_sync_dag.py for tasks to queue
[2026-03-12T19:35:38.343+0000] {logging_mixin.py:151} INFO - [2026-03-12T19:35:38.342+0000] {dagbag.py:539} INFO - Filling up the DagBag from /opt/airflow/dags/embedding_sync_dag.py
[2026-03-12T19:35:38.409+0000] {processor.py:839} INFO - DAG(s) dict_keys(['embedding_sync_dag']) retrieved from /opt/airflow/dags/embedding_sync_dag.py
[2026-03-12T19:35:38.519+0000] {logging_mixin.py:151} INFO - [2026-03-12T19:35:38.518+0000] {dag.py:2915} INFO - Sync 1 DAGs
[2026-03-12T19:35:38.626+0000] {processor.py:179} INFO - Processing /opt/airflow/dags/embedding_sync_dag.py took 0.308 seconds
[2026-03-12T19:36:08.816+0000] {processor.py:157} INFO - Started process (PID=563) to work on /opt/airflow/dags/embedding_sync_dag.py
[2026-03-12T19:36:08.818+0000] {processor.py:829} INFO - Processing file /opt/airflow/dags/embedding_sync_dag.py for tasks to queue
[2026-03-12T19:36:08.821+0000] {logging_mixin.py:151} INFO - [2026-03-12T19:36:08.820+0000] {dagbag.py:539} INFO - Filling up the DagBag from /opt/airflow/dags/embedding_sync_dag.py
[2026-03-12T19:36:08.866+0000] {processor.py:839} INFO - DAG(s) dict_keys(['embedding_sync_dag']) retrieved from /opt/airflow/dags/embedding_sync_dag.py
[2026-03-12T19:36:08.996+0000] {logging_mixin.py:151} INFO - [2026-03-12T19:36:08.996+0000] {dag.py:2915} INFO - Sync 1 DAGs
[2026-03-12T19:36:09.173+0000] {processor.py:179} INFO - Processing /opt/airflow/dags/embedding_sync_dag.py took 0.368 seconds
[2026-03-12T19:36:39.393+0000] {processor.py:157} INFO - Started process (PID=581) to work on /opt/airflow/dags/embedding_sync_dag.py
[2026-03-12T19:36:39.396+0000] {processor.py:829} INFO - Processing file /opt/airflow/dags/embedding_sync_dag.py for tasks to queue
[2026-03-12T19:36:39.401+0000] {logging_mixin.py:151} INFO - [2026-03-12T19:36:39.400+0000] {dagbag.py:539} INFO - Filling up the DagBag from /opt/airflow/dags/embedding_sync_dag.py
[2026-03-12T19:36:39.461+0000] {processor.py:839} INFO - DAG(s) dict_keys(['embedding_sync_dag']) retrieved from /opt/airflow/dags/embedding_sync_dag.py
[2026-03-12T19:36:39.593+0000] {logging_mixin.py:151} INFO - [2026-03-12T19:36:39.593+0000] {dag.py:2915} INFO - Sync 1 DAGs
[2026-03-12T19:36:39.736+0000] {processor.py:179} INFO - Processing /opt/airflow/dags/embedding_sync_dag.py took 0.363 seconds
[2026-03-12T19:37:09.995+0000] {processor.py:157} INFO - Started process (PID=599) to work on /opt/airflow/dags/embedding_sync_dag.py
[2026-03-12T19:37:09.998+0000] {processor.py:829} INFO - Processing file /opt/airflow/dags/embedding_sync_dag.py for tasks to queue
[2026-03-12T19:37:10.004+0000] {logging_mixin.py:151} INFO - [2026-03-12T19:37:09.999+0000] {dagbag.py:539} INFO - Filling up the DagBag from /opt/airflow/dags/embedding_sync_dag.py
[2026-03-12T19:37:10.060+0000] {processor.py:839} INFO - DAG(s) dict_keys(['embedding_sync_dag']) retrieved from /opt/airflow/dags/embedding_sync_dag.py
[2026-03-12T19:37:10.166+0000] {logging_mixin.py:151} INFO - [2026-03-12T19:37:10.165+0000] {dag.py:2915} INFO - Sync 1 DAGs
[2026-03-12T19:37:10.294+0000] {processor.py:179} INFO - Processing /opt/airflow/dags/embedding_sync_dag.py took 0.310 seconds
[2026-03-12T19:37:40.426+0000] {processor.py:157} INFO - Started process (PID=617) to work on /opt/airflow/dags/embedding_sync_dag.py
[2026-03-12T19:37:40.430+0000] {processor.py:829} INFO - Processing file /opt/airflow/dags/embedding_sync_dag.py for tasks to queue
[2026-03-12T19:37:40.433+0000] {logging_mixin.py:151} INFO - [2026-03-12T19:37:40.432+0000] {dagbag.py:539} INFO - Filling up the DagBag from /opt/airflow/dags/embedding_sync_dag.py
[2026-03-12T19:37:40.480+0000] {processor.py:839} INFO - DAG(s) dict_keys(['embedding_sync_dag']) retrieved from /opt/airflow/dags/embedding_sync_dag.py
[2026-03-12T19:37:40.665+0000] {logging_mixin.py:151} INFO - [2026-03-12T19:37:40.665+0000] {dag.py:2915} INFO - Sync 1 DAGs
[2026-03-12T19:37:40.852+0000] {processor.py:179} INFO - Processing /opt/airflow/dags/embedding_sync_dag.py took 0.439 seconds
[2026-03-12T19:38:11.265+0000] {processor.py:157} INFO - Started process (PID=635) to work on /opt/airflow/dags/embedding_sync_dag.py
[2026-03-12T19:38:11.274+0000] {processor.py:829} INFO - Processing file /opt/airflow/dags/embedding_sync_dag.py for tasks to queue
[2026-03-12T19:38:11.277+0000] {logging_mixin.py:151} INFO - [2026-03-12T19:38:11.275+0000] {dagbag.py:539} INFO - Filling up the DagBag from /opt/airflow/dags/embedding_sync_dag.py
[2026-03-12T19:38:11.401+0000] {processor.py:839} INFO - DAG(s) dict_keys(['embedding_sync_dag']) retrieved from /opt/airflow/dags/embedding_sync_dag.py
[2026-03-12T19:38:11.568+0000] {logging_mixin.py:151} INFO - [2026-03-12T19:38:11.567+0000] {dag.py:2915} INFO - Sync 1 DAGs
[2026-03-12T19:38:11.704+0000] {processor.py:179} INFO - Processing /opt/airflow/dags/embedding_sync_dag.py took 0.468 seconds
[2026-03-12T19:38:42.266+0000] {processor.py:157} INFO - Started process (PID=653) to work on /opt/airflow/dags/embedding_sync_dag.py
[2026-03-12T19:38:42.271+0000] {processor.py:829} INFO - Processing file /opt/airflow/dags/embedding_sync_dag.py for tasks to queue
[2026-03-12T19:38:42.274+0000] {logging_mixin.py:151} INFO - [2026-03-12T19:38:42.273+0000] {dagbag.py:539} INFO - Filling up the DagBag from /opt/airflow/dags/embedding_sync_dag.py
[2026-03-12T19:38:42.336+0000] {processor.py:839} INFO - DAG(s) dict_keys(['embedding_sync_dag']) retrieved from /opt/airflow/dags/embedding_sync_dag.py
[2026-03-12T19:38:42.455+0000] {logging_mixin.py:151} INFO - [2026-03-12T19:38:42.454+0000] {dag.py:2915} INFO - Sync 1 DAGs
[2026-03-12T19:38:42.577+0000] {processor.py:179} INFO - Processing /opt/airflow/dags/embedding_sync_dag.py took 0.334 seconds
[2026-03-12T19:39:12.999+0000] {processor.py:157} INFO - Started process (PID=671) to work on /opt/airflow/dags/embedding_sync_dag.py
[2026-03-12T19:39:13.002+0000] {processor.py:829} INFO - Processing file /opt/airflow/dags/embedding_sync_dag.py for tasks to queue
[2026-03-12T19:39:13.006+0000] {logging_mixin.py:151} INFO - [2026-03-12T19:39:13.005+0000] {dagbag.py:539} INFO - Filling up the DagBag from /opt/airflow/dags/embedding_sync_dag.py
[2026-03-12T19:39:13.103+0000] {processor.py:839} INFO - DAG(s) dict_keys(['embedding_sync_dag']) retrieved from /opt/airflow/dags/embedding_sync_dag.py
[2026-03-12T19:39:13.254+0000] {logging_mixin.py:151} INFO - [2026-03-12T19:39:13.254+0000] {dag.py:2915} INFO - Sync 1 DAGs
[2026-03-12T19:39:13.402+0000] {processor.py:179} INFO - Processing /opt/airflow/dags/embedding_sync_dag.py took 0.419 seconds
[2026-03-12T19:39:44.171+0000] {processor.py:157} INFO - Started process (PID=689) to work on /opt/airflow/dags/embedding_sync_dag.py
[2026-03-12T19:39:44.177+0000] {processor.py:829} INFO - Processing file /opt/airflow/dags/embedding_sync_dag.py for tasks to queue
[2026-03-12T19:39:44.179+0000] {logging_mixin.py:151} INFO - [2026-03-12T19:39:44.178+0000] {dagbag.py:539} INFO - Filling up the DagBag from /opt/airflow/dags/embedding_sync_dag.py
[2026-03-12T19:39:44.239+0000] {processor.py:839} INFO - DAG(s) dict_keys(['embedding_sync_dag']) retrieved from /opt/airflow/dags/embedding_sync_dag.py
[2026-03-12T19:39:44.353+0000] {logging_mixin.py:151} INFO - [2026-03-12T19:39:44.352+0000] {dag.py:2915} INFO - Sync 1 DAGs
[2026-03-12T19:39:44.506+0000] {processor.py:179} INFO - Processing /opt/airflow/dags/embedding_sync_dag.py took 0.349 seconds
[2026-03-12T19:40:14.871+0000] {processor.py:157} INFO - Started process (PID=707) to work on /opt/airflow/dags/embedding_sync_dag.py
[2026-03-12T19:40:14.873+0000] {processor.py:829} INFO - Processing file /opt/airflow/dags/embedding_sync_dag.py for tasks to queue
[2026-03-12T19:40:14.878+0000] {logging_mixin.py:151} INFO - [2026-03-12T19:40:14.876+0000] {dagbag.py:539} INFO - Filling up the DagBag from /opt/airflow/dags/embedding_sync_dag.py
[2026-03-12T19:40:14.970+0000] {processor.py:839} INFO - DAG(s) dict_keys(['embedding_sync_dag']) retrieved from /opt/airflow/dags/embedding_sync_dag.py
[2026-03-12T19:40:15.183+0000] {logging_mixin.py:151} INFO - [2026-03-12T19:40:15.183+0000] {dag.py:2915} INFO - Sync 1 DAGs
[2026-03-12T19:40:15.395+0000] {processor.py:179} INFO - Processing /opt/airflow/dags/embedding_sync_dag.py took 0.554 seconds
[2026-03-12T19:40:45.712+0000] {processor.py:157} INFO - Started process (PID=722) to work on /opt/airflow/dags/embedding_sync_dag.py
[2026-03-12T19:40:45.716+0000] {processor.py:829} INFO - Processing file /opt/airflow/dags/embedding_sync_dag.py for tasks to queue
[2026-03-12T19:40:45.722+0000] {logging_mixin.py:151} INFO - [2026-03-12T19:40:45.720+0000] {dagbag.py:539} INFO - Filling up the DagBag from /opt/airflow/dags/embedding_sync_dag.py
[2026-03-12T19:40:45.861+0000] {processor.py:839} INFO - DAG(s) dict_keys(['embedding_sync_dag']) retrieved from /opt/airflow/dags/embedding_sync_dag.py
[2026-03-12T19:40:46.275+0000] {logging_mixin.py:151} INFO - [2026-03-12T19:40:46.275+0000] {dag.py:2915} INFO - Sync 1 DAGs
[2026-03-12T19:40:46.543+0000] {processor.py:179} INFO - Processing /opt/airflow/dags/embedding_sync_dag.py took 0.851 seconds
[2026-03-12T19:41:17.253+0000] {processor.py:157} INFO - Started process (PID=737) to work on /opt/airflow/dags/embedding_sync_dag.py
[2026-03-12T19:41:17.257+0000] {processor.py:829} INFO - Processing file /opt/airflow/dags/embedding_sync_dag.py for tasks to queue
[2026-03-12T19:41:17.262+0000] {logging_mixin.py:151} INFO - [2026-03-12T19:41:17.261+0000] {dagbag.py:539} INFO - Filling up the DagBag from /opt/airflow/dags/embedding_sync_dag.py
[2026-03-12T19:41:17.393+0000] {processor.py:839} INFO - DAG(s) dict_keys(['embedding_sync_dag']) retrieved from /opt/airflow/dags/embedding_sync_dag.py
[2026-03-12T19:41:17.563+0000] {logging_mixin.py:151} INFO - [2026-03-12T19:41:17.562+0000] {dag.py:2915} INFO - Sync 1 DAGs
[2026-03-12T19:41:17.691+0000] {processor.py:179} INFO - Processing /opt/airflow/dags/embedding_sync_dag.py took 0.451 seconds
[2026-03-12T19:41:48.105+0000] {processor.py:157} INFO - Started process (PID=755) to work on /opt/airflow/dags/embedding_sync_dag.py
[2026-03-12T19:41:48.109+0000] {processor.py:829} INFO - Processing file /opt/airflow/dags/embedding_sync_dag.py for tasks to queue
[2026-03-12T19:41:48.112+0000] {logging_mixin.py:151} INFO - [2026-03-12T19:41:48.110+0000] {dagbag.py:539} INFO - Filling up the DagBag from /opt/airflow/dags/embedding_sync_dag.py
[2026-03-12T19:41:48.177+0000] {processor.py:839} INFO - DAG(s) dict_keys(['embedding_sync_dag']) retrieved from /opt/airflow/dags/embedding_sync_dag.py
[2026-03-12T19:41:48.328+0000] {logging_mixin.py:151} INFO - [2026-03-12T19:41:48.328+0000] {dag.py:2915} INFO - Sync 1 DAGs
[2026-03-12T19:41:48.439+0000] {processor.py:179} INFO - Processing /opt/airflow/dags/embedding_sync_dag.py took 0.359 seconds
[2026-03-12T19:42:19.014+0000] {processor.py:157} INFO - Started process (PID=773) to work on /opt/airflow/dags/embedding_sync_dag.py
[2026-03-12T19:42:19.017+0000] {processor.py:829} INFO - Processing file /opt/airflow/dags/embedding_sync_dag.py for tasks to queue
[2026-03-12T19:42:19.019+0000] {logging_mixin.py:151} INFO - [2026-03-12T19:42:19.018+0000] {dagbag.py:539} INFO - Filling up the DagBag from /opt/airflow/dags/embedding_sync_dag.py
[2026-03-12T19:42:19.087+0000] {processor.py:839} INFO - DAG(s) dict_keys(['embedding_sync_dag']) retrieved from /opt/airflow/dags/embedding_sync_dag.py
[2026-03-12T19:42:19.220+0000] {logging_mixin.py:151} INFO - [2026-03-12T19:42:19.219+0000] {dag.py:2915} INFO - Sync 1 DAGs
[2026-03-12T19:42:19.366+0000] {processor.py:179} INFO - Processing /opt/airflow/dags/embedding_sync_dag.py took 0.375 seconds
[2026-03-12T19:42:49.750+0000] {processor.py:157} INFO - Started process (PID=789) to work on /opt/airflow/dags/embedding_sync_dag.py
[2026-03-12T19:42:49.755+0000] {processor.py:829} INFO - Processing file /opt/airflow/dags/embedding_sync_dag.py for tasks to queue
[2026-03-12T19:42:49.771+0000] {logging_mixin.py:151} INFO - [2026-03-12T19:42:49.763+0000] {dagbag.py:539} INFO - Filling up the DagBag from /opt/airflow/dags/embedding_sync_dag.py
[2026-03-12T19:42:49.844+0000] {processor.py:839} INFO - DAG(s) dict_keys(['embedding_sync_dag']) retrieved from /opt/airflow/dags/embedding_sync_dag.py
[2026-03-12T19:42:49.953+0000] {logging_mixin.py:151} INFO - [2026-03-12T19:42:49.953+0000] {dag.py:2915} INFO - Sync 1 DAGs
[2026-03-12T19:42:50.113+0000] {processor.py:179} INFO - Processing /opt/airflow/dags/embedding_sync_dag.py took 0.388 seconds
[2026-03-12T19:43:20.488+0000] {processor.py:157} INFO - Started process (PID=805) to work on /opt/airflow/dags/embedding_sync_dag.py
[2026-03-12T19:43:20.495+0000] {processor.py:829} INFO - Processing file /opt/airflow/dags/embedding_sync_dag.py for tasks to queue
[2026-03-12T19:43:20.501+0000] {logging_mixin.py:151} INFO - [2026-03-12T19:43:20.499+0000] {dagbag.py:539} INFO - Filling up the DagBag from /opt/airflow/dags/embedding_sync_dag.py
[2026-03-12T19:43:20.671+0000] {processor.py:839} INFO - DAG(s) dict_keys(['embedding_sync_dag']) retrieved from /opt/airflow/dags/embedding_sync_dag.py
[2026-03-12T19:43:20.866+0000] {logging_mixin.py:151} INFO - [2026-03-12T19:43:20.865+0000] {dag.py:2915} INFO - Sync 1 DAGs
[2026-03-12T19:43:21.032+0000] {processor.py:179} INFO - Processing /opt/airflow/dags/embedding_sync_dag.py took 0.572 seconds
[2026-03-12T19:43:51.424+0000] {processor.py:157} INFO - Started process (PID=820) to work on /opt/airflow/dags/embedding_sync_dag.py
[2026-03-12T19:43:51.429+0000] {processor.py:829} INFO - Processing file /opt/airflow/dags/embedding_sync_dag.py for tasks to queue
[2026-03-12T19:43:51.433+0000] {logging_mixin.py:151} INFO - [2026-03-12T19:43:51.430+0000] {dagbag.py:539} INFO - Filling up the DagBag from /opt/airflow/dags/embedding_sync_dag.py
[2026-03-12T19:43:51.502+0000] {processor.py:839} INFO - DAG(s) dict_keys(['embedding_sync_dag']) retrieved from /opt/airflow/dags/embedding_sync_dag.py
[2026-03-12T19:43:51.647+0000] {logging_mixin.py:151} INFO - [2026-03-12T19:43:51.646+0000] {dag.py:2915} INFO - Sync 1 DAGs
[2026-03-12T19:43:51.774+0000] {processor.py:179} INFO - Processing /opt/airflow/dags/embedding_sync_dag.py took 0.367 seconds
[2026-03-12T19:44:22.164+0000] {processor.py:157} INFO - Started process (PID=838) to work on /opt/airflow/dags/embedding_sync_dag.py
[2026-03-12T19:44:22.169+0000] {processor.py:829} INFO - Processing file /opt/airflow/dags/embedding_sync_dag.py for tasks to queue
[2026-03-12T19:44:22.175+0000] {logging_mixin.py:151} INFO - [2026-03-12T19:44:22.173+0000] {dagbag.py:539} INFO - Filling up the DagBag from /opt/airflow/dags/embedding_sync_dag.py
[2026-03-12T19:44:22.246+0000] {processor.py:839} INFO - DAG(s) dict_keys(['embedding_sync_dag']) retrieved from /opt/airflow/dags/embedding_sync_dag.py
[2026-03-12T19:44:22.392+0000] {logging_mixin.py:151} INFO - [2026-03-12T19:44:22.391+0000] {dag.py:2915} INFO - Sync 1 DAGs
[2026-03-12T19:44:22.943+0000] {processor.py:179} INFO - Processing /opt/airflow/dags/embedding_sync_dag.py took 0.800 seconds
[2026-03-12T19:44:53.546+0000] {processor.py:157} INFO - Started process (PID=856) to work on /opt/airflow/dags/embedding_sync_dag.py
[2026-03-12T19:44:53.557+0000] {processor.py:829} INFO - Processing file /opt/airflow/dags/embedding_sync_dag.py for tasks to queue
[2026-03-12T19:44:53.570+0000] {logging_mixin.py:151} INFO - [2026-03-12T19:44:53.563+0000] {dagbag.py:539} INFO - Filling up the DagBag from /opt/airflow/dags/embedding_sync_dag.py
[2026-03-12T19:44:53.715+0000] {processor.py:839} INFO - DAG(s) dict_keys(['embedding_sync_dag']) retrieved from /opt/airflow/dags/embedding_sync_dag.py
[2026-03-12T19:44:53.881+0000] {logging_mixin.py:151} INFO - [2026-03-12T19:44:53.876+0000] {dag.py:2915} INFO - Sync 1 DAGs
[2026-03-12T19:44:54.037+0000] {processor.py:179} INFO - Processing /opt/airflow/dags/embedding_sync_dag.py took 0.543 seconds
[2026-03-12T19:45:24.932+0000] {processor.py:157} INFO - Started process (PID=874) to work on /opt/airflow/dags/embedding_sync_dag.py
[2026-03-12T19:45:24.936+0000] {processor.py:829} INFO - Processing file /opt/airflow/dags/embedding_sync_dag.py for tasks to queue
[2026-03-12T19:45:24.944+0000] {logging_mixin.py:151} INFO - [2026-03-12T19:45:24.942+0000] {dagbag.py:539} INFO - Filling up the DagBag from /opt/airflow/dags/embedding_sync_dag.py
[2026-03-12T19:45:25.027+0000] {processor.py:839} INFO - DAG(s) dict_keys(['embedding_sync_dag']) retrieved from /opt/airflow/dags/embedding_sync_dag.py
[2026-03-12T19:45:25.176+0000] {logging_mixin.py:151} INFO - [2026-03-12T19:45:25.176+0000] {dag.py:2915} INFO - Sync 1 DAGs
[2026-03-12T19:45:25.406+0000] {processor.py:179} INFO - Processing /opt/airflow/dags/embedding_sync_dag.py took 0.492 seconds
[2026-03-12T19:45:55.888+0000] {processor.py:157} INFO - Started process (PID=892) to work on /opt/airflow/dags/embedding_sync_dag.py
[2026-03-12T19:45:55.892+0000] {processor.py:829} INFO - Processing file /opt/airflow/dags/embedding_sync_dag.py for tasks to queue
[2026-03-12T19:45:55.896+0000] {logging_mixin.py:151} INFO - [2026-03-12T19:45:55.894+0000] {dagbag.py:539} INFO - Filling up the DagBag from /opt/airflow/dags/embedding_sync_dag.py
[2026-03-12T19:45:55.974+0000] {processor.py:839} INFO - DAG(s) dict_keys(['embedding_sync_dag']) retrieved from /opt/airflow/dags/embedding_sync_dag.py
[2026-03-12T19:45:56.224+0000] {logging_mixin.py:151} INFO - [2026-03-12T19:45:56.223+0000] {dag.py:2915} INFO - Sync 1 DAGs
[2026-03-12T19:45:56.455+0000] {processor.py:179} INFO - Processing /opt/airflow/dags/embedding_sync_dag.py took 0.587 seconds
[2026-03-12T19:46:27.444+0000] {processor.py:157} INFO - Started process (PID=910) to work on /opt/airflow/dags/embedding_sync_dag.py
[2026-03-12T19:46:27.451+0000] {processor.py:829} INFO - Processing file /opt/airflow/dags/embedding_sync_dag.py for tasks to queue
[2026-03-12T19:46:27.458+0000] {logging_mixin.py:151} INFO - [2026-03-12T19:46:27.452+0000] {dagbag.py:539} INFO - Filling up the DagBag from /opt/airflow/dags/embedding_sync_dag.py
[2026-03-12T19:46:27.549+0000] {processor.py:839} INFO - DAG(s) dict_keys(['embedding_sync_dag']) retrieved from /opt/airflow/dags/embedding_sync_dag.py
[2026-03-12T19:46:27.681+0000] {logging_mixin.py:151} INFO - [2026-03-12T19:46:27.681+0000] {dag.py:2915} INFO - Sync 1 DAGs
[2026-03-12T19:46:27.803+0000] {processor.py:179} INFO - Processing /opt/airflow/dags/embedding_sync_dag.py took 0.380 seconds
[2026-03-12T19:46:57.993+0000] {processor.py:157} INFO - Started process (PID=928) to work on /opt/airflow/dags/embedding_sync_dag.py
[2026-03-12T19:46:57.997+0000] {processor.py:829} INFO - Processing file /opt/airflow/dags/embedding_sync_dag.py for tasks to queue
[2026-03-12T19:46:58.005+0000] {logging_mixin.py:151} INFO - [2026-03-12T19:46:58.000+0000] {dagbag.py:539} INFO - Filling up the DagBag from /opt/airflow/dags/embedding_sync_dag.py
[2026-03-12T19:46:58.096+0000] {processor.py:839} INFO - DAG(s) dict_keys(['embedding_sync_dag']) retrieved from /opt/airflow/dags/embedding_sync_dag.py
[2026-03-12T19:46:58.250+0000] {logging_mixin.py:151} INFO - [2026-03-12T19:46:58.249+0000] {dag.py:2915} INFO - Sync 1 DAGs
[2026-03-12T19:46:58.476+0000] {processor.py:179} INFO - Processing /opt/airflow/dags/embedding_sync_dag.py took 0.513 seconds
[2026-03-12T19:47:28.946+0000] {processor.py:157} INFO - Started process (PID=946) to work on /opt/airflow/dags/embedding_sync_dag.py
[2026-03-12T19:47:28.949+0000] {processor.py:829} INFO - Processing file /opt/airflow/dags/embedding_sync_dag.py for tasks to queue
[2026-03-12T19:47:28.952+0000] {logging_mixin.py:151} INFO - [2026-03-12T19:47:28.951+0000] {dagbag.py:539} INFO - Filling up the DagBag from /opt/airflow/dags/embedding_sync_dag.py
[2026-03-12T19:47:29.001+0000] {processor.py:839} INFO - DAG(s) dict_keys(['embedding_sync_dag']) retrieved from /opt/airflow/dags/embedding_sync_dag.py
[2026-03-12T19:47:29.106+0000] {logging_mixin.py:151} INFO - [2026-03-12T19:47:29.106+0000] {dag.py:2915} INFO - Sync 1 DAGs
[2026-03-12T19:47:29.217+0000] {processor.py:179} INFO - Processing /opt/airflow/dags/embedding_sync_dag.py took 0.287 seconds
[2026-03-12T19:47:59.478+0000] {processor.py:157} INFO - Started process (PID=964) to work on /opt/airflow/dags/embedding_sync_dag.py
[2026-03-12T19:47:59.481+0000] {processor.py:829} INFO - Processing file /opt/airflow/dags/embedding_sync_dag.py for tasks to queue
[2026-03-12T19:47:59.484+0000] {logging_mixin.py:151} INFO - [2026-03-12T19:47:59.483+0000] {dagbag.py:539} INFO - Filling up the DagBag from /opt/airflow/dags/embedding_sync_dag.py
[2026-03-12T19:47:59.558+0000] {processor.py:839} INFO - DAG(s) dict_keys(['embedding_sync_dag']) retrieved from /opt/airflow/dags/embedding_sync_dag.py
[2026-03-12T19:47:59.732+0000] {logging_mixin.py:151} INFO - [2026-03-12T19:47:59.731+0000] {dag.py:2915} INFO - Sync 1 DAGs
[2026-03-12T19:47:59.919+0000] {processor.py:179} INFO - Processing /opt/airflow/dags/embedding_sync_dag.py took 0.460 seconds
[2026-03-12T19:48:31.131+0000] {processor.py:157} INFO - Started process (PID=980) to work on /opt/airflow/dags/embedding_sync_dag.py
[2026-03-12T19:48:31.136+0000] {processor.py:829} INFO - Processing file /opt/airflow/dags/embedding_sync_dag.py for tasks to queue
[2026-03-12T19:48:31.143+0000] {logging_mixin.py:151} INFO - [2026-03-12T19:48:31.141+0000] {dagbag.py:539} INFO - Filling up the DagBag from /opt/airflow/dags/embedding_sync_dag.py
[2026-03-12T19:48:31.238+0000] {processor.py:839} INFO - DAG(s) dict_keys(['embedding_sync_dag']) retrieved from /opt/airflow/dags/embedding_sync_dag.py
[2026-03-12T19:48:31.460+0000] {logging_mixin.py:151} INFO - [2026-03-12T19:48:31.460+0000] {dag.py:2915} INFO - Sync 1 DAGs
[2026-03-12T19:48:31.734+0000] {processor.py:179} INFO - Processing /opt/airflow/dags/embedding_sync_dag.py took 0.670 seconds
[2026-03-12T19:49:02.407+0000] {processor.py:157} INFO - Started process (PID=994) to work on /opt/airflow/dags/embedding_sync_dag.py
[2026-03-12T19:49:02.413+0000] {processor.py:829} INFO - Processing file /opt/airflow/dags/embedding_sync_dag.py for tasks to queue
[2026-03-12T19:49:02.417+0000] {logging_mixin.py:151} INFO - [2026-03-12T19:49:02.414+0000] {dagbag.py:539} INFO - Filling up the DagBag from /opt/airflow/dags/embedding_sync_dag.py
[2026-03-12T19:49:02.461+0000] {processor.py:839} INFO - DAG(s) dict_keys(['embedding_sync_dag']) retrieved from /opt/airflow/dags/embedding_sync_dag.py
[2026-03-12T19:49:02.558+0000] {logging_mixin.py:151} INFO - [2026-03-12T19:49:02.558+0000] {dag.py:2915} INFO - Sync 1 DAGs
[2026-03-12T19:49:02.691+0000] {processor.py:179} INFO - Processing /opt/airflow/dags/embedding_sync_dag.py took 0.294 seconds
[2026-03-12T19:49:33.176+0000] {processor.py:157} INFO - Started process (PID=1012) to work on /opt/airflow/dags/embedding_sync_dag.py
[2026-03-12T19:49:33.179+0000] {processor.py:829} INFO - Processing file /opt/airflow/dags/embedding_sync_dag.py for tasks to queue
[2026-03-12T19:49:33.182+0000] {logging_mixin.py:151} INFO - [2026-03-12T19:49:33.180+0000] {dagbag.py:539} INFO - Filling up the DagBag from /opt/airflow/dags/embedding_sync_dag.py
[2026-03-12T19:49:33.244+0000] {processor.py:839} INFO - DAG(s) dict_keys(['embedding_sync_dag']) retrieved from /opt/airflow/dags/embedding_sync_dag.py
[2026-03-12T19:49:33.398+0000] {logging_mixin.py:151} INFO - [2026-03-12T19:49:33.398+0000] {dag.py:2915} INFO - Sync 1 DAGs
[2026-03-12T19:49:33.586+0000] {processor.py:179} INFO - Processing /opt/airflow/dags/embedding_sync_dag.py took 0.436 seconds
[2026-03-12T19:50:04.023+0000] {processor.py:157} INFO - Started process (PID=1030) to work on /opt/airflow/dags/embedding_sync_dag.py
[2026-03-12T19:50:04.026+0000] {processor.py:829} INFO - Processing file /opt/airflow/dags/embedding_sync_dag.py for tasks to queue
[2026-03-12T19:50:04.031+0000] {logging_mixin.py:151} INFO - [2026-03-12T19:50:04.029+0000] {dagbag.py:539} INFO - Filling up the DagBag from /opt/airflow/dags/embedding_sync_dag.py
[2026-03-12T19:50:04.092+0000] {processor.py:839} INFO - DAG(s) dict_keys(['embedding_sync_dag']) retrieved from /opt/airflow/dags/embedding_sync_dag.py
[2026-03-12T19:50:04.264+0000] {logging_mixin.py:151} INFO - [2026-03-12T19:50:04.263+0000] {dag.py:2915} INFO - Sync 1 DAGs
[2026-03-12T19:50:04.478+0000] {processor.py:179} INFO - Processing /opt/airflow/dags/embedding_sync_dag.py took 0.470 seconds
[2026-03-12T19:50:34.684+0000] {processor.py:157} INFO - Started process (PID=1048) to work on /opt/airflow/dags/embedding_sync_dag.py
[2026-03-12T19:50:34.687+0000] {processor.py:829} INFO - Processing file /opt/airflow/dags/embedding_sync_dag.py for tasks to queue
[2026-03-12T19:50:34.689+0000] {logging_mixin.py:151} INFO - [2026-03-12T19:50:34.688+0000] {dagbag.py:539} INFO - Filling up the DagBag from /opt/airflow/dags/embedding_sync_dag.py
[2026-03-12T19:50:34.755+0000] {processor.py:839} INFO - DAG(s) dict_keys(['embedding_sync_dag']) retrieved from /opt/airflow/dags/embedding_sync_dag.py
[2026-03-12T19:50:34.896+0000] {logging_mixin.py:151} INFO - [2026-03-12T19:50:34.895+0000] {dag.py:2915} INFO - Sync 1 DAGs
[2026-03-12T19:50:35.037+0000] {processor.py:179} INFO - Processing /opt/airflow/dags/embedding_sync_dag.py took 0.370 seconds
[2026-03-12T19:51:05.266+0000] {processor.py:157} INFO - Started process (PID=1067) to work on /opt/airflow/dags/embedding_sync_dag.py
[2026-03-12T19:51:05.269+0000] {processor.py:829} INFO - Processing file /opt/airflow/dags/embedding_sync_dag.py for tasks to queue
[2026-03-12T19:51:05.271+0000] {logging_mixin.py:151} INFO - [2026-03-12T19:51:05.270+0000] {dagbag.py:539} INFO - Filling up the DagBag from /opt/airflow/dags/embedding_sync_dag.py
[2026-03-12T19:51:05.317+0000] {processor.py:839} INFO - DAG(s) dict_keys(['embedding_sync_dag']) retrieved from /opt/airflow/dags/embedding_sync_dag.py
[2026-03-12T19:51:05.413+0000] {logging_mixin.py:151} INFO - [2026-03-12T19:51:05.413+0000] {dag.py:2915} INFO - Sync 1 DAGs
[2026-03-12T19:51:05.519+0000] {processor.py:179} INFO - Processing /opt/airflow/dags/embedding_sync_dag.py took 0.263 seconds
[2026-03-12T19:51:35.972+0000] {processor.py:157} INFO - Started process (PID=1085) to work on /opt/airflow/dags/embedding_sync_dag.py
[2026-03-12T19:51:35.977+0000] {processor.py:829} INFO - Processing file /opt/airflow/dags/embedding_sync_dag.py for tasks to queue
[2026-03-12T19:51:35.981+0000] {logging_mixin.py:151} INFO - [2026-03-12T19:51:35.979+0000] {dagbag.py:539} INFO - Filling up the DagBag from /opt/airflow/dags/embedding_sync_dag.py
[2026-03-12T19:51:36.031+0000] {processor.py:839} INFO - DAG(s) dict_keys(['embedding_sync_dag']) retrieved from /opt/airflow/dags/embedding_sync_dag.py
[2026-03-12T19:51:36.131+0000] {logging_mixin.py:151} INFO - [2026-03-12T19:51:36.131+0000] {dag.py:2915} INFO - Sync 1 DAGs
[2026-03-12T19:51:36.245+0000] {processor.py:179} INFO - Processing /opt/airflow/dags/embedding_sync_dag.py took 0.282 seconds
[2026-03-12T19:52:06.901+0000] {processor.py:157} INFO - Started process (PID=1103) to work on /opt/airflow/dags/embedding_sync_dag.py
[2026-03-12T19:52:06.904+0000] {processor.py:829} INFO - Processing file /opt/airflow/dags/embedding_sync_dag.py for tasks to queue
[2026-03-12T19:52:06.908+0000] {logging_mixin.py:151} INFO - [2026-03-12T19:52:06.907+0000] {dagbag.py:539} INFO - Filling up the DagBag from /opt/airflow/dags/embedding_sync_dag.py
[2026-03-12T19:52:06.965+0000] {processor.py:839} INFO - DAG(s) dict_keys(['embedding_sync_dag']) retrieved from /opt/airflow/dags/embedding_sync_dag.py
[2026-03-12T19:52:07.102+0000] {logging_mixin.py:151} INFO - [2026-03-12T19:52:07.101+0000] {dag.py:2915} INFO - Sync 1 DAGs
[2026-03-12T19:52:07.248+0000] {processor.py:179} INFO - Processing /opt/airflow/dags/embedding_sync_dag.py took 0.363 seconds
[2026-03-12T19:52:37.785+0000] {processor.py:157} INFO - Started process (PID=1121) to work on /opt/airflow/dags/embedding_sync_dag.py
[2026-03-12T19:52:37.792+0000] {processor.py:829} INFO - Processing file /opt/airflow/dags/embedding_sync_dag.py for tasks to queue
[2026-03-12T19:52:37.797+0000] {logging_mixin.py:151} INFO - [2026-03-12T19:52:37.796+0000] {dagbag.py:539} INFO - Filling up the DagBag from /opt/airflow/dags/embedding_sync_dag.py
[2026-03-12T19:52:37.937+0000] {processor.py:839} INFO - DAG(s) dict_keys(['embedding_sync_dag']) retrieved from /opt/airflow/dags/embedding_sync_dag.py
[2026-03-12T19:52:38.149+0000] {logging_mixin.py:151} INFO - [2026-03-12T19:52:38.149+0000] {dag.py:2915} INFO - Sync 1 DAGs
[2026-03-12T19:52:38.327+0000] {processor.py:179} INFO - Processing /opt/airflow/dags/embedding_sync_dag.py took 0.597 seconds
[2026-03-12T19:53:08.818+0000] {processor.py:157} INFO - Started process (PID=1139) to work on /opt/airflow/dags/embedding_sync_dag.py
[2026-03-12T19:53:08.821+0000] {processor.py:829} INFO - Processing file /opt/airflow/dags/embedding_sync_dag.py for tasks to queue
[2026-03-12T19:53:08.826+0000] {logging_mixin.py:151} INFO - [2026-03-12T19:53:08.825+0000] {dagbag.py:539} INFO - Filling up the DagBag from /opt/airflow/dags/embedding_sync_dag.py
[2026-03-12T19:53:08.889+0000] {processor.py:839} INFO - DAG(s) dict_keys(['embedding_sync_dag']) retrieved from /opt/airflow/dags/embedding_sync_dag.py
[2026-03-12T19:53:09.084+0000] {logging_mixin.py:151} INFO - [2026-03-12T19:53:09.083+0000] {dag.py:2915} INFO - Sync 1 DAGs
[2026-03-12T19:53:09.296+0000] {processor.py:179} INFO - Processing /opt/airflow/dags/embedding_sync_dag.py took 0.503 seconds
[2026-03-12T19:53:39.847+0000] {processor.py:157} INFO - Started process (PID=1157) to work on /opt/airflow/dags/embedding_sync_dag.py
[2026-03-12T19:53:39.854+0000] {processor.py:829} INFO - Processing file /opt/airflow/dags/embedding_sync_dag.py for tasks to queue
[2026-03-12T19:53:39.861+0000] {logging_mixin.py:151} INFO - [2026-03-12T19:53:39.860+0000] {dagbag.py:539} INFO - Filling up the DagBag from /opt/airflow/dags/embedding_sync_dag.py
[2026-03-12T19:53:39.988+0000] {processor.py:839} INFO - DAG(s) dict_keys(['embedding_sync_dag']) retrieved from /opt/airflow/dags/embedding_sync_dag.py
[2026-03-12T19:53:40.156+0000] {logging_mixin.py:151} INFO - [2026-03-12T19:53:40.155+0000] {dag.py:2915} INFO - Sync 1 DAGs
[2026-03-12T19:53:40.297+0000] {processor.py:179} INFO - Processing /opt/airflow/dags/embedding_sync_dag.py took 0.471 seconds
[2026-03-12T19:54:10.571+0000] {processor.py:157} INFO - Started process (PID=1175) to work on /opt/airflow/dags/embedding_sync_dag.py
[2026-03-12T19:54:10.579+0000] {processor.py:829} INFO - Processing file /opt/airflow/dags/embedding_sync_dag.py for tasks to queue
[2026-03-12T19:54:10.587+0000] {logging_mixin.py:151} INFO - [2026-03-12T19:54:10.580+0000] {dagbag.py:539} INFO - Filling up the DagBag from /opt/airflow/dags/embedding_sync_dag.py
[2026-03-12T19:54:10.638+0000] {processor.py:839} INFO - DAG(s) dict_keys(['embedding_sync_dag']) retrieved from /opt/airflow/dags/embedding_sync_dag.py
[2026-03-12T19:54:10.780+0000] {logging_mixin.py:151} INFO - [2026-03-12T19:54:10.780+0000] {dag.py:2915} INFO - Sync 1 DAGs
[2026-03-12T19:54:10.975+0000] {processor.py:179} INFO - Processing /opt/airflow/dags/embedding_sync_dag.py took 0.430 seconds
[2026-03-12T19:54:41.507+0000] {processor.py:157} INFO - Started process (PID=1193) to work on /opt/airflow/dags/embedding_sync_dag.py
[2026-03-12T19:54:41.510+0000] {processor.py:829} INFO - Processing file /opt/airflow/dags/embedding_sync_dag.py for tasks to queue
[2026-03-12T19:54:41.513+0000] {logging_mixin.py:151} INFO - [2026-03-12T19:54:41.511+0000] {dagbag.py:539} INFO - Filling up the DagBag from /opt/airflow/dags/embedding_sync_dag.py
[2026-03-12T19:54:41.568+0000] {processor.py:839} INFO - DAG(s) dict_keys(['embedding_sync_dag']) retrieved from /opt/airflow/dags/embedding_sync_dag.py
[2026-03-12T19:54:41.685+0000] {logging_mixin.py:151} INFO - [2026-03-12T19:54:41.685+0000] {dag.py:2915} INFO - Sync 1 DAGs
[2026-03-12T19:54:41.815+0000] {processor.py:179} INFO - Processing /opt/airflow/dags/embedding_sync_dag.py took 0.321 seconds
[2026-03-12T19:55:12.289+0000] {processor.py:157} INFO - Started process (PID=1211) to work on /opt/airflow/dags/embedding_sync_dag.py
[2026-03-12T19:55:12.294+0000] {processor.py:829} INFO - Processing file /opt/airflow/dags/embedding_sync_dag.py for tasks to queue
[2026-03-12T19:55:12.296+0000] {logging_mixin.py:151} INFO - [2026-03-12T19:55:12.295+0000] {dagbag.py:539} INFO - Filling up the DagBag from /opt/airflow/dags/embedding_sync_dag.py
[2026-03-12T19:55:12.367+0000] {processor.py:839} INFO - DAG(s) dict_keys(['embedding_sync_dag']) retrieved from /opt/airflow/dags/embedding_sync_dag.py
[2026-03-12T19:55:12.517+0000] {logging_mixin.py:151} INFO - [2026-03-12T19:55:12.517+0000] {dag.py:2915} INFO - Sync 1 DAGs
[2026-03-12T19:55:12.731+0000] {processor.py:179} INFO - Processing /opt/airflow/dags/embedding_sync_dag.py took 0.458 seconds
[2026-03-12T19:55:43.020+0000] {processor.py:157} INFO - Started process (PID=1229) to work on /opt/airflow/dags/embedding_sync_dag.py
[2026-03-12T19:55:43.025+0000] {processor.py:829} INFO - Processing file /opt/airflow/dags/embedding_sync_dag.py for tasks to queue
[2026-03-12T19:55:43.030+0000] {logging_mixin.py:151} INFO - [2026-03-12T19:55:43.027+0000] {dagbag.py:539} INFO - Filling up the DagBag from /opt/airflow/dags/embedding_sync_dag.py
[2026-03-12T19:55:43.091+0000] {processor.py:839} INFO - DAG(s) dict_keys(['embedding_sync_dag']) retrieved from /opt/airflow/dags/embedding_sync_dag.py
[2026-03-12T19:55:43.239+0000] {logging_mixin.py:151} INFO - [2026-03-12T19:55:43.239+0000] {dag.py:2915} INFO - Sync 1 DAGs
[2026-03-12T19:55:43.390+0000] {processor.py:179} INFO - Processing /opt/airflow/dags/embedding_sync_dag.py took 0.387 seconds
[2026-03-12T19:56:13.537+0000] {processor.py:157} INFO - Started process (PID=1247) to work on /opt/airflow/dags/embedding_sync_dag.py
[2026-03-12T19:56:13.542+0000] {processor.py:829} INFO - Processing file /opt/airflow/dags/embedding_sync_dag.py for tasks to queue
[2026-03-12T19:56:13.552+0000] {logging_mixin.py:151} INFO - [2026-03-12T19:56:13.547+0000] {dagbag.py:539} INFO - Filling up the DagBag from /opt/airflow/dags/embedding_sync_dag.py
[2026-03-12T19:56:13.633+0000] {processor.py:839} INFO - DAG(s) dict_keys(['embedding_sync_dag']) retrieved from /opt/airflow/dags/embedding_sync_dag.py
[2026-03-12T19:56:13.760+0000] {logging_mixin.py:151} INFO - [2026-03-12T19:56:13.758+0000] {dag.py:2915} INFO - Sync 1 DAGs
[2026-03-12T19:56:13.937+0000] {processor.py:179} INFO - Processing /opt/airflow/dags/embedding_sync_dag.py took 0.419 seconds
[2026-03-12T19:56:44.220+0000] {processor.py:157} INFO - Started process (PID=1263) to work on /opt/airflow/dags/embedding_sync_dag.py
[2026-03-12T19:56:44.225+0000] {processor.py:829} INFO - Processing file /opt/airflow/dags/embedding_sync_dag.py for tasks to queue
[2026-03-12T19:56:44.229+0000] {logging_mixin.py:151} INFO - [2026-03-12T19:56:44.227+0000] {dagbag.py:539} INFO - Filling up the DagBag from /opt/airflow/dags/embedding_sync_dag.py
[2026-03-12T19:56:44.340+0000] {processor.py:839} INFO - DAG(s) dict_keys(['embedding_sync_dag']) retrieved from /opt/airflow/dags/embedding_sync_dag.py
[2026-03-12T19:56:44.520+0000] {logging_mixin.py:151} INFO - [2026-03-12T19:56:44.519+0000] {dag.py:2915} INFO - Sync 1 DAGs
[2026-03-12T19:56:44.775+0000] {processor.py:179} INFO - Processing /opt/airflow/dags/embedding_sync_dag.py took 0.574 seconds
[2026-03-12T19:57:15.656+0000] {processor.py:157} INFO - Started process (PID=1277) to work on /opt/airflow/dags/embedding_sync_dag.py
[2026-03-12T19:57:15.686+0000] {processor.py:829} INFO - Processing file /opt/airflow/dags/embedding_sync_dag.py for tasks to queue
[2026-03-12T19:57:15.721+0000] {logging_mixin.py:151} INFO - [2026-03-12T19:57:15.703+0000] {dagbag.py:539} INFO - Filling up the DagBag from /opt/airflow/dags/embedding_sync_dag.py
[2026-03-12T19:57:16.052+0000] {processor.py:839} INFO - DAG(s) dict_keys(['embedding_sync_dag']) retrieved from /opt/airflow/dags/embedding_sync_dag.py
[2026-03-12T19:57:16.485+0000] {logging_mixin.py:151} INFO - [2026-03-12T19:57:16.480+0000] {dag.py:2915} INFO - Sync 1 DAGs
[2026-03-12T19:57:17.027+0000] {processor.py:179} INFO - Processing /opt/airflow/dags/embedding_sync_dag.py took 1.432 seconds
[2026-03-12T19:57:47.546+0000] {processor.py:157} INFO - Started process (PID=1295) to work on /opt/airflow/dags/embedding_sync_dag.py
[2026-03-12T19:57:47.548+0000] {processor.py:829} INFO - Processing file /opt/airflow/dags/embedding_sync_dag.py for tasks to queue
[2026-03-12T19:57:47.553+0000] {logging_mixin.py:151} INFO - [2026-03-12T19:57:47.552+0000] {dagbag.py:539} INFO - Filling up the DagBag from /opt/airflow/dags/embedding_sync_dag.py
[2026-03-12T19:57:47.624+0000] {processor.py:839} INFO - DAG(s) dict_keys(['embedding_sync_dag']) retrieved from /opt/airflow/dags/embedding_sync_dag.py
[2026-03-12T19:57:48.074+0000] {logging_mixin.py:151} INFO - [2026-03-12T19:57:48.073+0000] {dag.py:2915} INFO - Sync 1 DAGs
[2026-03-12T19:57:48.434+0000] {processor.py:179} INFO - Processing /opt/airflow/dags/embedding_sync_dag.py took 0.905 seconds
[2026-03-12T19:58:19.084+0000] {processor.py:157} INFO - Started process (PID=1313) to work on /opt/airflow/dags/embedding_sync_dag.py
[2026-03-12T19:58:19.087+0000] {processor.py:829} INFO - Processing file /opt/airflow/dags/embedding_sync_dag.py for tasks to queue
[2026-03-12T19:58:19.089+0000] {logging_mixin.py:151} INFO - [2026-03-12T19:58:19.088+0000] {dagbag.py:539} INFO - Filling up the DagBag from /opt/airflow/dags/embedding_sync_dag.py
[2026-03-12T19:58:19.137+0000] {processor.py:839} INFO - DAG(s) dict_keys(['embedding_sync_dag']) retrieved from /opt/airflow/dags/embedding_sync_dag.py
[2026-03-12T19:58:19.241+0000] {logging_mixin.py:151} INFO - [2026-03-12T19:58:19.241+0000] {dag.py:2915} INFO - Sync 1 DAGs
[2026-03-12T19:58:19.386+0000] {processor.py:179} INFO - Processing /opt/airflow/dags/embedding_sync_dag.py took 0.313 seconds
[2026-03-12T19:58:49.675+0000] {processor.py:157} INFO - Started process (PID=1331) to work on /opt/airflow/dags/embedding_sync_dag.py
[2026-03-12T19:58:49.683+0000] {processor.py:829} INFO - Processing file /opt/airflow/dags/embedding_sync_dag.py for tasks to queue
[2026-03-12T19:58:49.694+0000] {logging_mixin.py:151} INFO - [2026-03-12T19:58:49.684+0000] {dagbag.py:539} INFO - Filling up the DagBag from /opt/airflow/dags/embedding_sync_dag.py
[2026-03-12T19:58:49.810+0000] {processor.py:839} INFO - DAG(s) dict_keys(['embedding_sync_dag']) retrieved from /opt/airflow/dags/embedding_sync_dag.py
[2026-03-12T19:58:49.944+0000] {logging_mixin.py:151} INFO - [2026-03-12T19:58:49.943+0000] {dag.py:2915} INFO - Sync 1 DAGs
[2026-03-12T19:58:50.133+0000] {processor.py:179} INFO - Processing /opt/airflow/dags/embedding_sync_dag.py took 0.475 seconds
[2026-03-12T19:59:20.975+0000] {processor.py:157} INFO - Started process (PID=1349) to work on /opt/airflow/dags/embedding_sync_dag.py
[2026-03-12T19:59:20.978+0000] {processor.py:829} INFO - Processing file /opt/airflow/dags/embedding_sync_dag.py for tasks to queue
[2026-03-12T19:59:20.984+0000] {logging_mixin.py:151} INFO - [2026-03-12T19:59:20.982+0000] {dagbag.py:539} INFO - Filling up the DagBag from /opt/airflow/dags/embedding_sync_dag.py
[2026-03-12T19:59:21.128+0000] {processor.py:839} INFO - DAG(s) dict_keys(['embedding_sync_dag']) retrieved from /opt/airflow/dags/embedding_sync_dag.py
[2026-03-12T19:59:21.339+0000] {logging_mixin.py:151} INFO - [2026-03-12T19:59:21.339+0000] {dag.py:2915} INFO - Sync 1 DAGs
[2026-03-12T19:59:21.520+0000] {processor.py:179} INFO - Processing /opt/airflow/dags/embedding_sync_dag.py took 0.564 seconds
[2026-03-12T19:59:52.067+0000] {processor.py:157} INFO - Started process (PID=1367) to work on /opt/airflow/dags/embedding_sync_dag.py
[2026-03-12T19:59:52.070+0000] {processor.py:829} INFO - Processing file /opt/airflow/dags/embedding_sync_dag.py for tasks to queue
[2026-03-12T19:59:52.074+0000] {logging_mixin.py:151} INFO - [2026-03-12T19:59:52.072+0000] {dagbag.py:539} INFO - Filling up the DagBag from /opt/airflow/dags/embedding_sync_dag.py
[2026-03-12T19:59:52.142+0000] {processor.py:839} INFO - DAG(s) dict_keys(['embedding_sync_dag']) retrieved from /opt/airflow/dags/embedding_sync_dag.py
[2026-03-12T19:59:52.311+0000] {logging_mixin.py:151} INFO - [2026-03-12T19:59:52.311+0000] {dag.py:2915} INFO - Sync 1 DAGs
[2026-03-12T19:59:52.557+0000] {processor.py:179} INFO - Processing /opt/airflow/dags/embedding_sync_dag.py took 0.504 seconds
[2026-03-12T20:00:23.166+0000] {processor.py:157} INFO - Started process (PID=1385) to work on /opt/airflow/dags/embedding_sync_dag.py
[2026-03-12T20:00:23.168+0000] {processor.py:829} INFO - Processing file /opt/airflow/dags/embedding_sync_dag.py for tasks to queue
[2026-03-12T20:00:23.173+0000] {logging_mixin.py:151} INFO - [2026-03-12T20:00:23.172+0000] {dagbag.py:539} INFO - Filling up the DagBag from /opt/airflow/dags/embedding_sync_dag.py
[2026-03-12T20:00:23.240+0000] {processor.py:839} INFO - DAG(s) dict_keys(['embedding_sync_dag']) retrieved from /opt/airflow/dags/embedding_sync_dag.py
[2026-03-12T20:00:23.384+0000] {logging_mixin.py:151} INFO - [2026-03-12T20:00:23.383+0000] {dag.py:2915} INFO - Sync 1 DAGs
[2026-03-12T20:00:23.568+0000] {processor.py:179} INFO - Processing /opt/airflow/dags/embedding_sync_dag.py took 0.433 seconds
[2026-03-12T20:00:53.711+0000] {processor.py:157} INFO - Started process (PID=1403) to work on /opt/airflow/dags/embedding_sync_dag.py
[2026-03-12T20:00:53.715+0000] {processor.py:829} INFO - Processing file /opt/airflow/dags/embedding_sync_dag.py for tasks to queue
[2026-03-12T20:00:53.718+0000] {logging_mixin.py:151} INFO - [2026-03-12T20:00:53.717+0000] {dagbag.py:539} INFO - Filling up the DagBag from /opt/airflow/dags/embedding_sync_dag.py
[2026-03-12T20:00:53.765+0000] {processor.py:839} INFO - DAG(s) dict_keys(['embedding_sync_dag']) retrieved from /opt/airflow/dags/embedding_sync_dag.py
[2026-03-12T20:00:53.939+0000] {logging_mixin.py:151} INFO - [2026-03-12T20:00:53.939+0000] {dag.py:2915} INFO - Sync 1 DAGs
[2026-03-12T20:00:54.099+0000] {processor.py:179} INFO - Processing /opt/airflow/dags/embedding_sync_dag.py took 0.399 seconds
[2026-03-12T20:01:24.536+0000] {processor.py:157} INFO - Started process (PID=1421) to work on /opt/airflow/dags/embedding_sync_dag.py
[2026-03-12T20:01:24.543+0000] {processor.py:829} INFO - Processing file /opt/airflow/dags/embedding_sync_dag.py for tasks to queue
[2026-03-12T20:01:24.547+0000] {logging_mixin.py:151} INFO - [2026-03-12T20:01:24.546+0000] {dagbag.py:539} INFO - Filling up the DagBag from /opt/airflow/dags/embedding_sync_dag.py
[2026-03-12T20:01:24.643+0000] {processor.py:839} INFO - DAG(s) dict_keys(['embedding_sync_dag']) retrieved from /opt/airflow/dags/embedding_sync_dag.py
[2026-03-12T20:01:24.789+0000] {logging_mixin.py:151} INFO - [2026-03-12T20:01:24.789+0000] {dag.py:2915} INFO - Sync 1 DAGs
[2026-03-12T20:01:24.903+0000] {processor.py:179} INFO - Processing /opt/airflow/dags/embedding_sync_dag.py took 0.395 seconds
[2026-03-12T20:01:55.168+0000] {processor.py:157} INFO - Started process (PID=1439) to work on /opt/airflow/dags/embedding_sync_dag.py
[2026-03-12T20:01:55.172+0000] {processor.py:829} INFO - Processing file /opt/airflow/dags/embedding_sync_dag.py for tasks to queue
[2026-03-12T20:01:55.175+0000] {logging_mixin.py:151} INFO - [2026-03-12T20:01:55.174+0000] {dagbag.py:539} INFO - Filling up the DagBag from /opt/airflow/dags/embedding_sync_dag.py
[2026-03-12T20:01:55.342+0000] {processor.py:839} INFO - DAG(s) dict_keys(['embedding_sync_dag']) retrieved from /opt/airflow/dags/embedding_sync_dag.py
[2026-03-12T20:01:55.656+0000] {logging_mixin.py:151} INFO - [2026-03-12T20:01:55.656+0000] {dag.py:2915} INFO - Sync 1 DAGs
[2026-03-12T20:01:55.856+0000] {processor.py:179} INFO - Processing /opt/airflow/dags/embedding_sync_dag.py took 0.706 seconds
[2026-03-12T20:02:26.492+0000] {processor.py:157} INFO - Started process (PID=1455) to work on /opt/airflow/dags/embedding_sync_dag.py
[2026-03-12T20:02:26.495+0000] {processor.py:829} INFO - Processing file /opt/airflow/dags/embedding_sync_dag.py for tasks to queue
[2026-03-12T20:02:26.511+0000] {logging_mixin.py:151} INFO - [2026-03-12T20:02:26.502+0000] {dagbag.py:539} INFO - Filling up the DagBag from /opt/airflow/dags/embedding_sync_dag.py
[2026-03-12T20:02:26.665+0000] {processor.py:839} INFO - DAG(s) dict_keys(['embedding_sync_dag']) retrieved from /opt/airflow/dags/embedding_sync_dag.py
[2026-03-12T20:02:27.049+0000] {logging_mixin.py:151} INFO - [2026-03-12T20:02:27.048+0000] {dag.py:2915} INFO - Sync 1 DAGs
[2026-03-12T20:02:27.421+0000] {processor.py:179} INFO - Processing /opt/airflow/dags/embedding_sync_dag.py took 0.987 seconds
[2026-03-12T20:02:57.900+0000] {processor.py:157} INFO - Started process (PID=1469) to work on /opt/airflow/dags/embedding_sync_dag.py
[2026-03-12T20:02:57.903+0000] {processor.py:829} INFO - Processing file /opt/airflow/dags/embedding_sync_dag.py for tasks to queue
[2026-03-12T20:02:57.907+0000] {logging_mixin.py:151} INFO - [2026-03-12T20:02:57.906+0000] {dagbag.py:539} INFO - Filling up the DagBag from /opt/airflow/dags/embedding_sync_dag.py
[2026-03-12T20:02:57.963+0000] {processor.py:839} INFO - DAG(s) dict_keys(['embedding_sync_dag']) retrieved from /opt/airflow/dags/embedding_sync_dag.py
[2026-03-12T20:02:58.080+0000] {logging_mixin.py:151} INFO - [2026-03-12T20:02:58.079+0000] {dag.py:2915} INFO - Sync 1 DAGs
[2026-03-12T20:02:58.215+0000] {processor.py:179} INFO - Processing /opt/airflow/dags/embedding_sync_dag.py took 0.329 seconds
[2026-03-12T20:03:28.680+0000] {processor.py:157} INFO - Started process (PID=1487) to work on /opt/airflow/dags/embedding_sync_dag.py
[2026-03-12T20:03:28.687+0000] {processor.py:829} INFO - Processing file /opt/airflow/dags/embedding_sync_dag.py for tasks to queue
[2026-03-12T20:03:28.692+0000] {logging_mixin.py:151} INFO - [2026-03-12T20:03:28.688+0000] {dagbag.py:539} INFO - Filling up the DagBag from /opt/airflow/dags/embedding_sync_dag.py
[2026-03-12T20:03:28.751+0000] {processor.py:839} INFO - DAG(s) dict_keys(['embedding_sync_dag']) retrieved from /opt/airflow/dags/embedding_sync_dag.py
[2026-03-12T20:03:28.889+0000] {logging_mixin.py:151} INFO - [2026-03-12T20:03:28.888+0000] {dag.py:2915} INFO - Sync 1 DAGs
[2026-03-12T20:03:29.090+0000] {processor.py:179} INFO - Processing /opt/airflow/dags/embedding_sync_dag.py took 0.433 seconds
[2026-03-12T20:03:59.479+0000] {processor.py:157} INFO - Started process (PID=1498) to work on /opt/airflow/dags/embedding_sync_dag.py
[2026-03-12T20:03:59.483+0000] {processor.py:829} INFO - Processing file /opt/airflow/dags/embedding_sync_dag.py for tasks to queue
[2026-03-12T20:03:59.491+0000] {logging_mixin.py:151} INFO - [2026-03-12T20:03:59.490+0000] {dagbag.py:539} INFO - Filling up the DagBag from /opt/airflow/dags/embedding_sync_dag.py
[2026-03-12T20:03:59.608+0000] {processor.py:839} INFO - DAG(s) dict_keys(['embedding_sync_dag']) retrieved from /opt/airflow/dags/embedding_sync_dag.py
[2026-03-12T20:03:59.833+0000] {logging_mixin.py:151} INFO - [2026-03-12T20:03:59.833+0000] {dag.py:2915} INFO - Sync 1 DAGs
[2026-03-12T20:04:00.120+0000] {processor.py:179} INFO - Processing /opt/airflow/dags/embedding_sync_dag.py took 0.671 seconds
[2026-03-12T20:04:30.294+0000] {processor.py:157} INFO - Started process (PID=1516) to work on /opt/airflow/dags/embedding_sync_dag.py
[2026-03-12T20:04:30.296+0000] {processor.py:829} INFO - Processing file /opt/airflow/dags/embedding_sync_dag.py for tasks to queue
[2026-03-12T20:04:30.299+0000] {logging_mixin.py:151} INFO - [2026-03-12T20:04:30.298+0000] {dagbag.py:539} INFO - Filling up the DagBag from /opt/airflow/dags/embedding_sync_dag.py
[2026-03-12T20:04:30.358+0000] {processor.py:839} INFO - DAG(s) dict_keys(['embedding_sync_dag']) retrieved from /opt/airflow/dags/embedding_sync_dag.py
[2026-03-12T20:04:30.496+0000] {logging_mixin.py:151} INFO - [2026-03-12T20:04:30.495+0000] {dag.py:2915} INFO - Sync 1 DAGs
[2026-03-12T20:04:30.630+0000] {processor.py:179} INFO - Processing /opt/airflow/dags/embedding_sync_dag.py took 0.357 seconds
[2026-03-12T20:05:00.821+0000] {processor.py:157} INFO - Started process (PID=1534) to work on /opt/airflow/dags/embedding_sync_dag.py
[2026-03-12T20:05:00.825+0000] {processor.py:829} INFO - Processing file /opt/airflow/dags/embedding_sync_dag.py for tasks to queue
[2026-03-12T20:05:00.827+0000] {logging_mixin.py:151} INFO - [2026-03-12T20:05:00.826+0000] {dagbag.py:539} INFO - Filling up the DagBag from /opt/airflow/dags/embedding_sync_dag.py
[2026-03-12T20:05:00.932+0000] {processor.py:839} INFO - DAG(s) dict_keys(['embedding_sync_dag']) retrieved from /opt/airflow/dags/embedding_sync_dag.py
[2026-03-12T20:05:01.112+0000] {logging_mixin.py:151} INFO - [2026-03-12T20:05:01.112+0000] {dag.py:2915} INFO - Sync 1 DAGs
[2026-03-12T20:05:01.227+0000] {processor.py:179} INFO - Processing /opt/airflow/dags/embedding_sync_dag.py took 0.425 seconds
[2026-03-12T20:05:31.563+0000] {processor.py:157} INFO - Started process (PID=1552) to work on /opt/airflow/dags/embedding_sync_dag.py
[2026-03-12T20:05:31.566+0000] {processor.py:829} INFO - Processing file /opt/airflow/dags/embedding_sync_dag.py for tasks to queue
[2026-03-12T20:05:31.569+0000] {logging_mixin.py:151} INFO - [2026-03-12T20:05:31.568+0000] {dagbag.py:539} INFO - Filling up the DagBag from /opt/airflow/dags/embedding_sync_dag.py
[2026-03-12T20:05:31.629+0000] {processor.py:839} INFO - DAG(s) dict_keys(['embedding_sync_dag']) retrieved from /opt/airflow/dags/embedding_sync_dag.py
[2026-03-12T20:05:31.837+0000] {logging_mixin.py:151} INFO - [2026-03-12T20:05:31.837+0000] {dag.py:2915} INFO - Sync 1 DAGs
[2026-03-12T20:05:32.057+0000] {processor.py:179} INFO - Processing /opt/airflow/dags/embedding_sync_dag.py took 0.507 seconds
[2026-03-12T20:06:02.424+0000] {processor.py:157} INFO - Started process (PID=1570) to work on /opt/airflow/dags/embedding_sync_dag.py
[2026-03-12T20:06:02.427+0000] {processor.py:829} INFO - Processing file /opt/airflow/dags/embedding_sync_dag.py for tasks to queue
[2026-03-12T20:06:02.433+0000] {logging_mixin.py:151} INFO - [2026-03-12T20:06:02.431+0000] {dagbag.py:539} INFO - Filling up the DagBag from /opt/airflow/dags/embedding_sync_dag.py
[2026-03-12T20:06:02.535+0000] {processor.py:839} INFO - DAG(s) dict_keys(['embedding_sync_dag']) retrieved from /opt/airflow/dags/embedding_sync_dag.py
[2026-03-12T20:06:02.776+0000] {logging_mixin.py:151} INFO - [2026-03-12T20:06:02.775+0000] {dag.py:2915} INFO - Sync 1 DAGs
[2026-03-12T20:06:03.090+0000] {processor.py:179} INFO - Processing /opt/airflow/dags/embedding_sync_dag.py took 0.683 seconds
[2026-03-12T20:06:33.383+0000] {processor.py:157} INFO - Started process (PID=1588) to work on /opt/airflow/dags/embedding_sync_dag.py
[2026-03-12T20:06:33.389+0000] {processor.py:829} INFO - Processing file /opt/airflow/dags/embedding_sync_dag.py for tasks to queue
[2026-03-12T20:06:33.392+0000] {logging_mixin.py:151} INFO - [2026-03-12T20:06:33.391+0000] {dagbag.py:539} INFO - Filling up the DagBag from /opt/airflow/dags/embedding_sync_dag.py
[2026-03-12T20:06:33.465+0000] {processor.py:839} INFO - DAG(s) dict_keys(['embedding_sync_dag']) retrieved from /opt/airflow/dags/embedding_sync_dag.py
[2026-03-12T20:06:33.586+0000] {logging_mixin.py:151} INFO - [2026-03-12T20:06:33.585+0000] {dag.py:2915} INFO - Sync 1 DAGs
[2026-03-12T20:06:33.730+0000] {processor.py:179} INFO - Processing /opt/airflow/dags/embedding_sync_dag.py took 0.363 seconds
[2026-03-12T20:07:04.168+0000] {processor.py:157} INFO - Started process (PID=1606) to work on /opt/airflow/dags/embedding_sync_dag.py
[2026-03-12T20:07:04.173+0000] {processor.py:829} INFO - Processing file /opt/airflow/dags/embedding_sync_dag.py for tasks to queue
[2026-03-12T20:07:04.176+0000] {logging_mixin.py:151} INFO - [2026-03-12T20:07:04.175+0000] {dagbag.py:539} INFO - Filling up the DagBag from /opt/airflow/dags/embedding_sync_dag.py
[2026-03-12T20:07:04.269+0000] {processor.py:839} INFO - DAG(s) dict_keys(['embedding_sync_dag']) retrieved from /opt/airflow/dags/embedding_sync_dag.py
[2026-03-12T20:07:04.458+0000] {logging_mixin.py:151} INFO - [2026-03-12T20:07:04.458+0000] {dag.py:2915} INFO - Sync 1 DAGs
[2026-03-12T20:07:04.676+0000] {processor.py:179} INFO - Processing /opt/airflow/dags/embedding_sync_dag.py took 0.526 seconds
[2026-03-12T20:07:34.885+0000] {processor.py:157} INFO - Started process (PID=1624) to work on /opt/airflow/dags/embedding_sync_dag.py
[2026-03-12T20:07:34.896+0000] {processor.py:829} INFO - Processing file /opt/airflow/dags/embedding_sync_dag.py for tasks to queue
[2026-03-12T20:07:34.899+0000] {logging_mixin.py:151} INFO - [2026-03-12T20:07:34.898+0000] {dagbag.py:539} INFO - Filling up the DagBag from /opt/airflow/dags/embedding_sync_dag.py
[2026-03-12T20:07:35.028+0000] {processor.py:839} INFO - DAG(s) dict_keys(['embedding_sync_dag']) retrieved from /opt/airflow/dags/embedding_sync_dag.py
[2026-03-12T20:07:35.282+0000] {logging_mixin.py:151} INFO - [2026-03-12T20:07:35.281+0000] {dag.py:2915} INFO - Sync 1 DAGs
[2026-03-12T20:07:35.398+0000] {processor.py:179} INFO - Processing /opt/airflow/dags/embedding_sync_dag.py took 0.532 seconds
[2026-03-12T20:08:05.556+0000] {processor.py:157} INFO - Started process (PID=1642) to work on /opt/airflow/dags/embedding_sync_dag.py
[2026-03-12T20:08:05.559+0000] {processor.py:829} INFO - Processing file /opt/airflow/dags/embedding_sync_dag.py for tasks to queue
[2026-03-12T20:08:05.564+0000] {logging_mixin.py:151} INFO - [2026-03-12T20:08:05.560+0000] {dagbag.py:539} INFO - Filling up the DagBag from /opt/airflow/dags/embedding_sync_dag.py
[2026-03-12T20:08:05.627+0000] {processor.py:839} INFO - DAG(s) dict_keys(['embedding_sync_dag']) retrieved from /opt/airflow/dags/embedding_sync_dag.py
[2026-03-12T20:08:05.821+0000] {logging_mixin.py:151} INFO - [2026-03-12T20:08:05.821+0000] {dag.py:2915} INFO - Sync 1 DAGs
[2026-03-12T20:08:06.039+0000] {processor.py:179} INFO - Processing /opt/airflow/dags/embedding_sync_dag.py took 0.498 seconds
[2026-03-12T20:08:36.614+0000] {processor.py:157} INFO - Started process (PID=1660) to work on /opt/airflow/dags/embedding_sync_dag.py
[2026-03-12T20:08:36.619+0000] {processor.py:829} INFO - Processing file /opt/airflow/dags/embedding_sync_dag.py for tasks to queue
[2026-03-12T20:08:36.623+0000] {logging_mixin.py:151} INFO - [2026-03-12T20:08:36.621+0000] {dagbag.py:539} INFO - Filling up the DagBag from /opt/airflow/dags/embedding_sync_dag.py
[2026-03-12T20:08:36.685+0000] {processor.py:839} INFO - DAG(s) dict_keys(['embedding_sync_dag']) retrieved from /opt/airflow/dags/embedding_sync_dag.py
[2026-03-12T20:08:36.826+0000] {logging_mixin.py:151} INFO - [2026-03-12T20:08:36.825+0000] {dag.py:2915} INFO - Sync 1 DAGs
[2026-03-12T20:08:36.960+0000] {processor.py:179} INFO - Processing /opt/airflow/dags/embedding_sync_dag.py took 0.361 seconds
[2026-03-12T20:09:07.617+0000] {processor.py:157} INFO - Started process (PID=1676) to work on /opt/airflow/dags/embedding_sync_dag.py
[2026-03-12T20:09:07.623+0000] {processor.py:829} INFO - Processing file /opt/airflow/dags/embedding_sync_dag.py for tasks to queue
[2026-03-12T20:09:07.628+0000] {logging_mixin.py:151} INFO - [2026-03-12T20:09:07.624+0000] {dagbag.py:539} INFO - Filling up the DagBag from /opt/airflow/dags/embedding_sync_dag.py
[2026-03-12T20:09:07.740+0000] {processor.py:839} INFO - DAG(s) dict_keys(['embedding_sync_dag']) retrieved from /opt/airflow/dags/embedding_sync_dag.py
[2026-03-12T20:09:08.026+0000] {logging_mixin.py:151} INFO - [2026-03-12T20:09:08.026+0000] {dag.py:2915} INFO - Sync 1 DAGs
[2026-03-12T20:09:08.370+0000] {processor.py:179} INFO - Processing /opt/airflow/dags/embedding_sync_dag.py took 0.781 seconds
[2026-03-12T20:09:38.899+0000] {processor.py:157} INFO - Started process (PID=1690) to work on /opt/airflow/dags/embedding_sync_dag.py
[2026-03-12T20:09:38.901+0000] {processor.py:829} INFO - Processing file /opt/airflow/dags/embedding_sync_dag.py for tasks to queue
[2026-03-12T20:09:38.911+0000] {logging_mixin.py:151} INFO - [2026-03-12T20:09:38.910+0000] {dagbag.py:539} INFO - Filling up the DagBag from /opt/airflow/dags/embedding_sync_dag.py
[2026-03-12T20:09:39.029+0000] {processor.py:839} INFO - DAG(s) dict_keys(['embedding_sync_dag']) retrieved from /opt/airflow/dags/embedding_sync_dag.py
[2026-03-12T20:09:39.321+0000] {logging_mixin.py:151} INFO - [2026-03-12T20:09:39.320+0000] {dag.py:2915} INFO - Sync 1 DAGs
[2026-03-12T20:09:39.537+0000] {processor.py:179} INFO - Processing /opt/airflow/dags/embedding_sync_dag.py took 0.664 seconds
[2026-03-12T20:10:10.129+0000] {processor.py:157} INFO - Started process (PID=1708) to work on /opt/airflow/dags/embedding_sync_dag.py
[2026-03-12T20:10:10.138+0000] {processor.py:829} INFO - Processing file /opt/airflow/dags/embedding_sync_dag.py for tasks to queue
[2026-03-12T20:10:10.146+0000] {logging_mixin.py:151} INFO - [2026-03-12T20:10:10.140+0000] {dagbag.py:539} INFO - Filling up the DagBag from /opt/airflow/dags/embedding_sync_dag.py
[2026-03-12T20:10:10.252+0000] {processor.py:839} INFO - DAG(s) dict_keys(['embedding_sync_dag']) retrieved from /opt/airflow/dags/embedding_sync_dag.py
[2026-03-12T20:10:10.535+0000] {logging_mixin.py:151} INFO - [2026-03-12T20:10:10.533+0000] {dag.py:2915} INFO - Sync 1 DAGs
[2026-03-12T20:10:10.817+0000] {processor.py:179} INFO - Processing /opt/airflow/dags/embedding_sync_dag.py took 0.700 seconds
[2026-03-12T20:10:41.510+0000] {processor.py:157} INFO - Started process (PID=1726) to work on /opt/airflow/dags/embedding_sync_dag.py
[2026-03-12T20:10:41.516+0000] {processor.py:829} INFO - Processing file /opt/airflow/dags/embedding_sync_dag.py for tasks to queue
[2026-03-12T20:10:41.524+0000] {logging_mixin.py:151} INFO - [2026-03-12T20:10:41.522+0000] {dagbag.py:539} INFO - Filling up the DagBag from /opt/airflow/dags/embedding_sync_dag.py
[2026-03-12T20:10:41.597+0000] {processor.py:839} INFO - DAG(s) dict_keys(['embedding_sync_dag']) retrieved from /opt/airflow/dags/embedding_sync_dag.py
[2026-03-12T20:10:41.738+0000] {logging_mixin.py:151} INFO - [2026-03-12T20:10:41.738+0000] {dag.py:2915} INFO - Sync 1 DAGs
[2026-03-12T20:10:41.925+0000] {processor.py:179} INFO - Processing /opt/airflow/dags/embedding_sync_dag.py took 0.435 seconds
[2026-03-12T20:11:12.339+0000] {processor.py:157} INFO - Started process (PID=1744) to work on /opt/airflow/dags/embedding_sync_dag.py
[2026-03-12T20:11:12.341+0000] {processor.py:829} INFO - Processing file /opt/airflow/dags/embedding_sync_dag.py for tasks to queue
[2026-03-12T20:11:12.345+0000] {logging_mixin.py:151} INFO - [2026-03-12T20:11:12.344+0000] {dagbag.py:539} INFO - Filling up the DagBag from /opt/airflow/dags/embedding_sync_dag.py
[2026-03-12T20:11:12.412+0000] {processor.py:839} INFO - DAG(s) dict_keys(['embedding_sync_dag']) retrieved from /opt/airflow/dags/embedding_sync_dag.py
[2026-03-12T20:11:12.561+0000] {logging_mixin.py:151} INFO - [2026-03-12T20:11:12.561+0000] {dag.py:2915} INFO - Sync 1 DAGs
[2026-03-12T20:11:12.702+0000] {processor.py:179} INFO - Processing /opt/airflow/dags/embedding_sync_dag.py took 0.383 seconds
[2026-03-12T20:11:42.870+0000] {processor.py:157} INFO - Started process (PID=1762) to work on /opt/airflow/dags/embedding_sync_dag.py
[2026-03-12T20:11:42.873+0000] {processor.py:829} INFO - Processing file /opt/airflow/dags/embedding_sync_dag.py for tasks to queue
[2026-03-12T20:11:42.875+0000] {logging_mixin.py:151} INFO - [2026-03-12T20:11:42.874+0000] {dagbag.py:539} INFO - Filling up the DagBag from /opt/airflow/dags/embedding_sync_dag.py
[2026-03-12T20:11:42.933+0000] {processor.py:839} INFO - DAG(s) dict_keys(['embedding_sync_dag']) retrieved from /opt/airflow/dags/embedding_sync_dag.py
[2026-03-12T20:11:43.119+0000] {logging_mixin.py:151} INFO - [2026-03-12T20:11:43.118+0000] {dag.py:2915} INFO - Sync 1 DAGs
[2026-03-12T20:11:43.338+0000] {processor.py:179} INFO - Processing /opt/airflow/dags/embedding_sync_dag.py took 0.487 seconds
[2026-03-12T20:12:13.629+0000] {processor.py:157} INFO - Started process (PID=1780) to work on /opt/airflow/dags/embedding_sync_dag.py
[2026-03-12T20:12:13.636+0000] {processor.py:829} INFO - Processing file /opt/airflow/dags/embedding_sync_dag.py for tasks to queue
[2026-03-12T20:12:13.642+0000] {logging_mixin.py:151} INFO - [2026-03-12T20:12:13.640+0000] {dagbag.py:539} INFO - Filling up the DagBag from /opt/airflow/dags/embedding_sync_dag.py
[2026-03-12T20:12:13.731+0000] {processor.py:839} INFO - DAG(s) dict_keys(['embedding_sync_dag']) retrieved from /opt/airflow/dags/embedding_sync_dag.py
[2026-03-12T20:12:13.917+0000] {logging_mixin.py:151} INFO - [2026-03-12T20:12:13.917+0000] {dag.py:2915} INFO - Sync 1 DAGs
[2026-03-12T20:12:14.093+0000] {processor.py:179} INFO - Processing /opt/airflow/dags/embedding_sync_dag.py took 0.508 seconds
[2026-03-12T20:12:44.697+0000] {processor.py:157} INFO - Started process (PID=1798) to work on /opt/airflow/dags/embedding_sync_dag.py
[2026-03-12T20:12:44.702+0000] {processor.py:829} INFO - Processing file /opt/airflow/dags/embedding_sync_dag.py for tasks to queue
[2026-03-12T20:12:44.708+0000] {logging_mixin.py:151} INFO - [2026-03-12T20:12:44.707+0000] {dagbag.py:539} INFO - Filling up the DagBag from /opt/airflow/dags/embedding_sync_dag.py
[2026-03-12T20:12:44.788+0000] {processor.py:839} INFO - DAG(s) dict_keys(['embedding_sync_dag']) retrieved from /opt/airflow/dags/embedding_sync_dag.py
[2026-03-12T20:12:44.965+0000] {logging_mixin.py:151} INFO - [2026-03-12T20:12:44.965+0000] {dag.py:2915} INFO - Sync 1 DAGs
[2026-03-12T20:12:45.227+0000] {processor.py:179} INFO - Processing /opt/airflow/dags/embedding_sync_dag.py took 0.552 seconds
[2026-03-12T20:13:16.001+0000] {processor.py:157} INFO - Started process (PID=1816) to work on /opt/airflow/dags/embedding_sync_dag.py
[2026-03-12T20:13:16.007+0000] {processor.py:829} INFO - Processing file /opt/airflow/dags/embedding_sync_dag.py for tasks to queue
[2026-03-12T20:13:16.010+0000] {logging_mixin.py:151} INFO - [2026-03-12T20:13:16.009+0000] {dagbag.py:539} INFO - Filling up the DagBag from /opt/airflow/dags/embedding_sync_dag.py
[2026-03-12T20:13:16.066+0000] {processor.py:839} INFO - DAG(s) dict_keys(['embedding_sync_dag']) retrieved from /opt/airflow/dags/embedding_sync_dag.py
[2026-03-12T20:13:16.178+0000] {logging_mixin.py:151} INFO - [2026-03-12T20:13:16.177+0000] {dag.py:2915} INFO - Sync 1 DAGs
[2026-03-12T20:13:16.290+0000] {processor.py:179} INFO - Processing /opt/airflow/dags/embedding_sync_dag.py took 0.305 seconds
[2026-03-12T20:13:46.548+0000] {processor.py:157} INFO - Started process (PID=1834) to work on /opt/airflow/dags/embedding_sync_dag.py
[2026-03-12T20:13:46.551+0000] {processor.py:829} INFO - Processing file /opt/airflow/dags/embedding_sync_dag.py for tasks to queue
[2026-03-12T20:13:46.558+0000] {logging_mixin.py:151} INFO - [2026-03-12T20:13:46.557+0000] {dagbag.py:539} INFO - Filling up the DagBag from /opt/airflow/dags/embedding_sync_dag.py
[2026-03-12T20:13:46.617+0000] {processor.py:839} INFO - DAG(s) dict_keys(['embedding_sync_dag']) retrieved from /opt/airflow/dags/embedding_sync_dag.py
[2026-03-12T20:13:46.740+0000] {logging_mixin.py:151} INFO - [2026-03-12T20:13:46.740+0000] {dag.py:2915} INFO - Sync 1 DAGs
[2026-03-12T20:13:46.884+0000] {processor.py:179} INFO - Processing /opt/airflow/dags/embedding_sync_dag.py took 0.359 seconds
[2026-03-12T20:14:17.138+0000] {processor.py:157} INFO - Started process (PID=1852) to work on /opt/airflow/dags/embedding_sync_dag.py
[2026-03-12T20:14:17.140+0000] {processor.py:829} INFO - Processing file /opt/airflow/dags/embedding_sync_dag.py for tasks to queue
[2026-03-12T20:14:17.143+0000] {logging_mixin.py:151} INFO - [2026-03-12T20:14:17.142+0000] {dagbag.py:539} INFO - Filling up the DagBag from /opt/airflow/dags/embedding_sync_dag.py
[2026-03-12T20:14:17.199+0000] {processor.py:839} INFO - DAG(s) dict_keys(['embedding_sync_dag']) retrieved from /opt/airflow/dags/embedding_sync_dag.py
[2026-03-12T20:14:17.302+0000] {logging_mixin.py:151} INFO - [2026-03-12T20:14:17.302+0000] {dag.py:2915} INFO - Sync 1 DAGs
[2026-03-12T20:14:17.417+0000] {processor.py:179} INFO - Processing /opt/airflow/dags/embedding_sync_dag.py took 0.295 seconds
[2026-03-12T20:14:48.138+0000] {processor.py:157} INFO - Started process (PID=1870) to work on /opt/airflow/dags/embedding_sync_dag.py
[2026-03-12T20:14:48.141+0000] {processor.py:829} INFO - Processing file /opt/airflow/dags/embedding_sync_dag.py for tasks to queue
[2026-03-12T20:14:48.147+0000] {logging_mixin.py:151} INFO - [2026-03-12T20:14:48.142+0000] {dagbag.py:539} INFO - Filling up the DagBag from /opt/airflow/dags/embedding_sync_dag.py
[2026-03-12T20:14:48.268+0000] {processor.py:839} INFO - DAG(s) dict_keys(['embedding_sync_dag']) retrieved from /opt/airflow/dags/embedding_sync_dag.py
[2026-03-12T20:14:48.513+0000] {logging_mixin.py:151} INFO - [2026-03-12T20:14:48.513+0000] {dag.py:2915} INFO - Sync 1 DAGs
[2026-03-12T20:14:48.708+0000] {processor.py:179} INFO - Processing /opt/airflow/dags/embedding_sync_dag.py took 0.582 seconds
[2026-03-12T20:15:19.393+0000] {processor.py:157} INFO - Started process (PID=1888) to work on /opt/airflow/dags/embedding_sync_dag.py
[2026-03-12T20:15:19.396+0000] {processor.py:829} INFO - Processing file /opt/airflow/dags/embedding_sync_dag.py for tasks to queue
[2026-03-12T20:15:19.400+0000] {logging_mixin.py:151} INFO - [2026-03-12T20:15:19.399+0000] {dagbag.py:539} INFO - Filling up the DagBag from /opt/airflow/dags/embedding_sync_dag.py
[2026-03-12T20:15:19.467+0000] {processor.py:839} INFO - DAG(s) dict_keys(['embedding_sync_dag']) retrieved from /opt/airflow/dags/embedding_sync_dag.py
[2026-03-12T20:15:19.620+0000] {logging_mixin.py:151} INFO - [2026-03-12T20:15:19.619+0000] {dag.py:2915} INFO - Sync 1 DAGs
[2026-03-12T20:15:19.835+0000] {processor.py:179} INFO - Processing /opt/airflow/dags/embedding_sync_dag.py took 0.460 seconds
[2026-03-12T20:15:50.369+0000] {processor.py:157} INFO - Started process (PID=1904) to work on /opt/airflow/dags/embedding_sync_dag.py
[2026-03-12T20:15:50.374+0000] {processor.py:829} INFO - Processing file /opt/airflow/dags/embedding_sync_dag.py for tasks to queue
[2026-03-12T20:15:50.377+0000] {logging_mixin.py:151} INFO - [2026-03-12T20:15:50.375+0000] {dagbag.py:539} INFO - Filling up the DagBag from /opt/airflow/dags/embedding_sync_dag.py
[2026-03-12T20:15:50.461+0000] {processor.py:839} INFO - DAG(s) dict_keys(['embedding_sync_dag']) retrieved from /opt/airflow/dags/embedding_sync_dag.py
[2026-03-12T20:15:50.786+0000] {logging_mixin.py:151} INFO - [2026-03-12T20:15:50.786+0000] {dag.py:2915} INFO - Sync 1 DAGs
[2026-03-12T20:15:51.107+0000] {processor.py:179} INFO - Processing /opt/airflow/dags/embedding_sync_dag.py took 0.749 seconds
[2026-03-12T20:16:21.622+0000] {processor.py:157} INFO - Started process (PID=1918) to work on /opt/airflow/dags/embedding_sync_dag.py
[2026-03-12T20:16:21.625+0000] {processor.py:829} INFO - Processing file /opt/airflow/dags/embedding_sync_dag.py for tasks to queue
[2026-03-12T20:16:21.629+0000] {logging_mixin.py:151} INFO - [2026-03-12T20:16:21.628+0000] {dagbag.py:539} INFO - Filling up the DagBag from /opt/airflow/dags/embedding_sync_dag.py
[2026-03-12T20:16:21.721+0000] {processor.py:839} INFO - DAG(s) dict_keys(['embedding_sync_dag']) retrieved from /opt/airflow/dags/embedding_sync_dag.py
[2026-03-12T20:16:22.016+0000] {logging_mixin.py:151} INFO - [2026-03-12T20:16:22.015+0000] {dag.py:2915} INFO - Sync 1 DAGs
[2026-03-12T20:16:22.264+0000] {processor.py:179} INFO - Processing /opt/airflow/dags/embedding_sync_dag.py took 0.667 seconds
[2026-03-12T20:16:52.798+0000] {processor.py:157} INFO - Started process (PID=1936) to work on /opt/airflow/dags/embedding_sync_dag.py
[2026-03-12T20:16:52.804+0000] {processor.py:829} INFO - Processing file /opt/airflow/dags/embedding_sync_dag.py for tasks to queue
[2026-03-12T20:16:52.809+0000] {logging_mixin.py:151} INFO - [2026-03-12T20:16:52.805+0000] {dagbag.py:539} INFO - Filling up the DagBag from /opt/airflow/dags/embedding_sync_dag.py
[2026-03-12T20:16:52.942+0000] {processor.py:839} INFO - DAG(s) dict_keys(['embedding_sync_dag']) retrieved from /opt/airflow/dags/embedding_sync_dag.py
[2026-03-12T20:16:53.098+0000] {logging_mixin.py:151} INFO - [2026-03-12T20:16:53.098+0000] {dag.py:2915} INFO - Sync 1 DAGs
[2026-03-12T20:16:53.215+0000] {processor.py:179} INFO - Processing /opt/airflow/dags/embedding_sync_dag.py took 0.484 seconds
[2026-03-12T20:17:23.638+0000] {processor.py:157} INFO - Started process (PID=1954) to work on /opt/airflow/dags/embedding_sync_dag.py
[2026-03-12T20:17:23.643+0000] {processor.py:829} INFO - Processing file /opt/airflow/dags/embedding_sync_dag.py for tasks to queue
[2026-03-12T20:17:23.646+0000] {logging_mixin.py:151} INFO - [2026-03-12T20:17:23.645+0000] {dagbag.py:539} INFO - Filling up the DagBag from /opt/airflow/dags/embedding_sync_dag.py
[2026-03-12T20:17:23.734+0000] {processor.py:839} INFO - DAG(s) dict_keys(['embedding_sync_dag']) retrieved from /opt/airflow/dags/embedding_sync_dag.py
[2026-03-12T20:17:23.862+0000] {logging_mixin.py:151} INFO - [2026-03-12T20:17:23.862+0000] {dag.py:2915} INFO - Sync 1 DAGs
[2026-03-12T20:17:24.031+0000] {processor.py:179} INFO - Processing /opt/airflow/dags/embedding_sync_dag.py took 0.419 seconds
[2026-03-12T20:17:54.425+0000] {processor.py:157} INFO - Started process (PID=1972) to work on /opt/airflow/dags/embedding_sync_dag.py
[2026-03-12T20:17:54.432+0000] {processor.py:829} INFO - Processing file /opt/airflow/dags/embedding_sync_dag.py for tasks to queue
[2026-03-12T20:17:54.436+0000] {logging_mixin.py:151} INFO - [2026-03-12T20:17:54.435+0000] {dagbag.py:539} INFO - Filling up the DagBag from /opt/airflow/dags/embedding_sync_dag.py
[2026-03-12T20:17:54.544+0000] {processor.py:839} INFO - DAG(s) dict_keys(['embedding_sync_dag']) retrieved from /opt/airflow/dags/embedding_sync_dag.py
[2026-03-12T20:17:54.751+0000] {logging_mixin.py:151} INFO - [2026-03-12T20:17:54.750+0000] {dag.py:2915} INFO - Sync 1 DAGs
[2026-03-12T20:17:54.999+0000] {processor.py:179} INFO - Processing /opt/airflow/dags/embedding_sync_dag.py took 0.597 seconds
[2026-03-12T20:18:25.710+0000] {processor.py:157} INFO - Started process (PID=1990) to work on /opt/airflow/dags/embedding_sync_dag.py
[2026-03-12T20:18:25.717+0000] {processor.py:829} INFO - Processing file /opt/airflow/dags/embedding_sync_dag.py for tasks to queue
[2026-03-12T20:18:25.725+0000] {logging_mixin.py:151} INFO - [2026-03-12T20:18:25.719+0000] {dagbag.py:539} INFO - Filling up the DagBag from /opt/airflow/dags/embedding_sync_dag.py
[2026-03-12T20:18:25.835+0000] {processor.py:839} INFO - DAG(s) dict_keys(['embedding_sync_dag']) retrieved from /opt/airflow/dags/embedding_sync_dag.py
[2026-03-13T16:05:37.723+0000] {logging_mixin.py:151} INFO - [2026-03-13T16:05:37.722+0000] {dag.py:2915} INFO - Sync 1 DAGs
