[2025-11-19T20:13:02.571+0000] {taskinstance.py:1157} INFO - Dependencies all met for dep_context=non-requeueable deps ti=<TaskInstance: minio_raw_dispatcher.scan_minio_and_dispatch scheduled__2025-11-19T20:11:57.988585+00:00 [queued]>
[2025-11-19T20:13:02.582+0000] {taskinstance.py:1157} INFO - Dependencies all met for dep_context=requeueable deps ti=<TaskInstance: minio_raw_dispatcher.scan_minio_and_dispatch scheduled__2025-11-19T20:11:57.988585+00:00 [queued]>
[2025-11-19T20:13:02.582+0000] {taskinstance.py:1359} INFO - Starting attempt 2 of 4
[2025-11-19T20:13:02.597+0000] {taskinstance.py:1380} INFO - Executing <Task(PythonOperator): scan_minio_and_dispatch> on 2025-11-19 20:11:57.988585+00:00
[2025-11-19T20:13:02.606+0000] {standard_task_runner.py:57} INFO - Started process 240 to run task
[2025-11-19T20:13:02.612+0000] {standard_task_runner.py:84} INFO - Running: ['***', 'tasks', 'run', 'minio_raw_dispatcher', 'scan_minio_and_dispatch', 'scheduled__2025-11-19T20:11:57.988585+00:00', '--job-id', '296', '--raw', '--subdir', 'DAGS_FOLDER/dispatcher_pipeline_dag.py', '--cfg-path', '/tmp/tmp0_6iy655']
[2025-11-19T20:13:02.616+0000] {standard_task_runner.py:85} INFO - Job 296: Subtask scan_minio_and_dispatch
[2025-11-19T20:13:02.651+0000] {logging_mixin.py:151} WARNING - /home/***/.local/lib/python3.11/site-packages/***/settings.py:195 DeprecationWarning: The sql_alchemy_conn option in [core] has been moved to the sql_alchemy_conn option in [database] - the old setting has been used, but please update your config.
[2025-11-19T20:13:02.725+0000] {task_command.py:415} INFO - Running <TaskInstance: minio_raw_dispatcher.scan_minio_and_dispatch scheduled__2025-11-19T20:11:57.988585+00:00 [running]> on host c38c575b32c4
[2025-11-19T20:13:03.155+0000] {taskinstance.py:1660} INFO - Exporting env vars: AIRFLOW_CTX_DAG_OWNER='***' AIRFLOW_CTX_DAG_ID='minio_raw_dispatcher' AIRFLOW_CTX_TASK_ID='scan_minio_and_dispatch' AIRFLOW_CTX_EXECUTION_DATE='2025-11-19T20:11:57.988585+00:00' AIRFLOW_CTX_TRY_NUMBER='2' AIRFLOW_CTX_DAG_RUN_ID='scheduled__2025-11-19T20:11:57.988585+00:00'
[2025-11-19T20:13:03.162+0000] {taskinstance.py:1935} ERROR - Task failed with exception
Traceback (most recent call last):
  File "/usr/local/lib/python3.11/contextlib.py", line 155, in __exit__
    self.gen.throw(typ, value, traceback)
  File "/home/airflow/.local/lib/python3.11/site-packages/airflow/models/taskinstance.py", line 176, in set_current_context
    yield context
  File "/home/airflow/.local/lib/python3.11/site-packages/airflow/models/taskinstance.py", line 1679, in _execute_task_with_callbacks
    result = self._execute_task(context, task_orig)
             ^^^^^^^^^^^^^^^^^^^^^^^^^^^^^^^^^^^^^^
  File "/home/airflow/.local/lib/python3.11/site-packages/airflow/models/taskinstance.py", line 1742, in _execute_task
    result = execute_callable(context=context, **execute_callable_kwargs)
             ^^^^^^^^^^^^^^^^^^^^^^^^^^^^^^^^^^^^^^^^^^^^^^^^^^^^^^^^^^^^
  File "/home/airflow/.local/lib/python3.11/site-packages/airflow/operators/python.py", line 192, in execute
    return_value = self.execute_callable()
                   ^^^^^^^^^^^^^^^^^^^^^^^
  File "/home/airflow/.local/lib/python3.11/site-packages/airflow/operators/python.py", line 209, in execute_callable
    return self.python_callable(*self.op_args, **self.op_kwargs)
           ^^^^^^^^^^^^^^^^^^^^^^^^^^^^^^^^^^^^^^^^^^^^^^^^^^^^^
  File "/opt/airflow/dags/dispatcher_pipeline_dag.py", line 29, in scan_and_dispatch
    for obj in objects:
  File "/home/airflow/.local/lib/python3.11/site-packages/minio/api.py", line 3323, in _list_objects
    response = self._execute(
               ^^^^^^^^^^^^^^
  File "/home/airflow/.local/lib/python3.11/site-packages/minio/api.py", line 441, in _execute
    region = self._get_region(bucket_name)
             ^^^^^^^^^^^^^^^^^^^^^^^^^^^^^
  File "/home/airflow/.local/lib/python3.11/site-packages/minio/api.py", line 498, in _get_region
    response = self._url_open(
               ^^^^^^^^^^^^^^^
  File "/home/airflow/.local/lib/python3.11/site-packages/minio/api.py", line 427, in _url_open
    raise response_error
minio.error.S3Error: S3 operation failed; code: InvalidRequest, message: Invalid Request (invalid hostname), resource: /lakehouse-data, request_id: 1879818FAC1FDA6F, host_id: dd9025bab4ad464b049177c95eb6ebf374d3b3fd1af9251148b658df7ac2e3e8

During handling of the above exception, another exception occurred:

Traceback (most recent call last):
  File "/home/airflow/.local/lib/python3.11/site-packages/airflow/models/taskinstance.py", line 1516, in _run_raw_task
    self._execute_task_with_callbacks(context, test_mode, session=session)
  File "/home/airflow/.local/lib/python3.11/site-packages/airflow/models/taskinstance.py", line 1678, in _execute_task_with_callbacks
    with set_current_context(context):
  File "/usr/local/lib/python3.11/contextlib.py", line 188, in __exit__
    exc.__traceback__ = traceback
    ^^^^^^^^^^^^^^^^^
  File "<string>", line 4, in __setattr__
dataclasses.FrozenInstanceError: cannot assign to field '__traceback__'
[2025-11-19T20:13:03.187+0000] {taskinstance.py:1398} INFO - Marking task as UP_FOR_RETRY. dag_id=minio_raw_dispatcher, task_id=scan_minio_and_dispatch, execution_date=20251119T201157, start_date=20251119T201302, end_date=20251119T201303
[2025-11-19T20:13:03.201+0000] {standard_task_runner.py:104} ERROR - Failed to execute job 296 for task scan_minio_and_dispatch (cannot assign to field '__traceback__'; 240)
[2025-11-19T20:13:03.224+0000] {local_task_job_runner.py:228} INFO - Task exited with return code 1
[2025-11-19T20:13:03.260+0000] {taskinstance.py:2776} INFO - 0 downstream tasks scheduled from follow-on schedule check
