[2026-03-20T00:08:14.733+0000] {taskinstance.py:1157} INFO - Dependencies all met for dep_context=non-requeueable deps ti=<TaskInstance: embedding_sync_dag.backfill_existing_data scheduled__2026-03-20T00:00:00+00:00 [queued]>
[2026-03-20T00:08:14.754+0000] {taskinstance.py:1157} INFO - Dependencies all met for dep_context=requeueable deps ti=<TaskInstance: embedding_sync_dag.backfill_existing_data scheduled__2026-03-20T00:00:00+00:00 [queued]>
[2026-03-20T00:08:14.754+0000] {taskinstance.py:1359} INFO - Starting attempt 1 of 3
[2026-03-20T00:08:14.787+0000] {taskinstance.py:1380} INFO - Executing <Task(PythonOperator): backfill_existing_data> on 2026-03-20 00:00:00+00:00
[2026-03-20T00:08:14.806+0000] {standard_task_runner.py:57} INFO - Started process 3467 to run task
[2026-03-20T00:08:14.818+0000] {standard_task_runner.py:84} INFO - Running: ['***', 'tasks', 'run', 'embedding_sync_dag', 'backfill_existing_data', 'scheduled__2026-03-20T00:00:00+00:00', '--job-id', '2411', '--raw', '--subdir', 'DAGS_FOLDER/embedding_sync_dag.py', '--cfg-path', '/tmp/tmp6bt1qz9x']
[2026-03-20T00:08:14.826+0000] {standard_task_runner.py:85} INFO - Job 2411: Subtask backfill_existing_data
[2026-03-20T00:08:15.035+0000] {task_command.py:415} INFO - Running <TaskInstance: embedding_sync_dag.backfill_existing_data scheduled__2026-03-20T00:00:00+00:00 [running]> on host 76de17b6f6da
[2026-03-20T00:08:15.333+0000] {taskinstance.py:1660} INFO - Exporting env vars: AIRFLOW_CTX_DAG_OWNER='lakehouse' AIRFLOW_CTX_DAG_ID='embedding_sync_dag' AIRFLOW_CTX_TASK_ID='backfill_existing_data' AIRFLOW_CTX_EXECUTION_DATE='2026-03-20T00:00:00+00:00' AIRFLOW_CTX_TRY_NUMBER='1' AIRFLOW_CTX_DAG_RUN_ID='scheduled__2026-03-20T00:00:00+00:00'
[2026-03-20T00:08:17.828+0000] {embedding_pipeline.py:430} INFO - [embed] Backfill needed — source~3137, fully embedded=0, gap~3137
[2026-03-20T00:08:17.833+0000] {embedding_pipeline.py:448} INFO - [embed] Scanning 53 tables for unembedded rows...
[2026-03-20T00:08:17.866+0000] {embedding_pipeline.py:492} INFO - [embed] Queued 5 rows from data_doc10_research_data_page2_table1
[2026-03-20T00:08:17.882+0000] {embedding_pipeline.py:492} INFO - [embed] Queued 5 rows from data_doc10_research_data_page2_table2
[2026-03-20T00:08:17.891+0000] {embedding_pipeline.py:492} INFO - [embed] Queued 4 rows from data_doc10_research_data_page3_table1
[2026-03-20T00:08:17.899+0000] {embedding_pipeline.py:492} INFO - [embed] Queued 4 rows from data_doc10_research_dataaaaaa_table_1
[2026-03-20T00:08:17.908+0000] {embedding_pipeline.py:492} INFO - [embed] Queued 4 rows from data_doc10_research_dataaaaaa_table_2
[2026-03-20T00:08:17.916+0000] {embedding_pipeline.py:492} INFO - [embed] Queued 4 rows from data_doc10_research_dataaaaaa_table_3
[2026-03-20T00:08:17.932+0000] {embedding_pipeline.py:492} INFO - [embed] Queued 4 rows from data_doc1111_table_1
[2026-03-20T00:08:17.940+0000] {embedding_pipeline.py:492} INFO - [embed] Queued 4 rows from data_doc1111_table_2
[2026-03-20T00:08:17.948+0000] {embedding_pipeline.py:492} INFO - [embed] Queued 4 rows from data_doc1111_table_3
[2026-03-20T00:08:17.957+0000] {embedding_pipeline.py:492} INFO - [embed] Queued 4 rows from data_doc1_sales_report_table_1
[2026-03-20T00:08:17.967+0000] {embedding_pipeline.py:492} INFO - [embed] Queued 4 rows from data_doc1_sales_report_table_2
[2026-03-20T00:08:17.980+0000] {embedding_pipeline.py:492} INFO - [embed] Queued 4 rows from data_doc1_sales_report_table_3
[2026-03-20T00:08:17.992+0000] {embedding_pipeline.py:492} INFO - [embed] Queued 5 rows from data_doc2_employee_directory_table_1
[2026-03-20T00:08:18.002+0000] {embedding_pipeline.py:492} INFO - [embed] Queued 4 rows from data_doc2_employee_directory_table_2
[2026-03-20T00:08:18.013+0000] {embedding_pipeline.py:492} INFO - [embed] Queued 4 rows from data_doc2_employee_directory_table_3
[2026-03-20T00:08:18.021+0000] {embedding_pipeline.py:492} INFO - [embed] Queued 4 rows from data_doc3_inventory_report_table_1
[2026-03-20T00:08:18.029+0000] {embedding_pipeline.py:492} INFO - [embed] Queued 4 rows from data_doc3_inventory_report_table_2
[2026-03-20T00:08:18.037+0000] {embedding_pipeline.py:492} INFO - [embed] Queued 4 rows from data_doc3_inventory_report_table_3
[2026-03-20T00:08:18.046+0000] {embedding_pipeline.py:492} INFO - [embed] Queued 4 rows from data_doc4_financial_statement_table_1
[2026-03-20T00:08:18.054+0000] {embedding_pipeline.py:492} INFO - [embed] Queued 4 rows from data_doc4_financial_statement_table_2
[2026-03-20T00:08:18.063+0000] {embedding_pipeline.py:492} INFO - [embed] Queued 4 rows from data_doc4_financial_statement_table_3
[2026-03-20T00:08:18.071+0000] {embedding_pipeline.py:492} INFO - [embed] Queued 4 rows from data_doc5_project_status_table_1
[2026-03-20T00:08:18.079+0000] {embedding_pipeline.py:492} INFO - [embed] Queued 4 rows from data_doc5_project_status_table_2
[2026-03-20T00:08:18.087+0000] {embedding_pipeline.py:492} INFO - [embed] Queued 4 rows from data_doc5_project_status_table_3
[2026-03-20T00:08:18.095+0000] {embedding_pipeline.py:492} INFO - [embed] Queued 4 rows from data_doc6_customer_analysis_table_1
[2026-03-20T00:08:18.103+0000] {embedding_pipeline.py:492} INFO - [embed] Queued 4 rows from data_doc6_customer_analysis_table_2
[2026-03-20T00:08:18.110+0000] {embedding_pipeline.py:492} INFO - [embed] Queued 4 rows from data_doc6_customer_analysis_table_3
[2026-03-20T00:08:18.118+0000] {embedding_pipeline.py:492} INFO - [embed] Queued 4 rows from data_doc7_marketing_metricsss_table_1
[2026-03-20T00:08:18.126+0000] {embedding_pipeline.py:492} INFO - [embed] Queued 4 rows from data_doc7_marketing_metricsss_table_3
[2026-03-20T00:08:18.134+0000] {embedding_pipeline.py:492} INFO - [embed] Queued 5 rows from data_doc8_it_assets_page2_table1
[2026-03-20T00:08:18.142+0000] {embedding_pipeline.py:492} INFO - [embed] Queued 5 rows from data_doc8_it_assets_page2_table2
[2026-03-20T00:08:18.151+0000] {embedding_pipeline.py:492} INFO - [embed] Queued 5 rows from data_doc8_it_assets_page3_table1
[2026-03-20T00:08:18.160+0000] {embedding_pipeline.py:492} INFO - [embed] Queued 5 rows from data_doc9_quality_assurance_page2_table1
[2026-03-20T00:08:18.168+0000] {embedding_pipeline.py:492} INFO - [embed] Queued 4 rows from data_doc9_quality_assurance_page2_table2
[2026-03-20T00:08:18.176+0000] {embedding_pipeline.py:492} INFO - [embed] Queued 5 rows from data_doc9_quality_assurance_page3_table1
[2026-03-20T00:08:18.184+0000] {embedding_pipeline.py:492} INFO - [embed] Queued 4 rows from data_doc9_quality_assuranceeee_table_1
[2026-03-20T00:08:18.192+0000] {embedding_pipeline.py:492} INFO - [embed] Queued 4 rows from data_doc9_quality_assuranceeee_table_2
[2026-03-20T00:08:18.200+0000] {embedding_pipeline.py:492} INFO - [embed] Queued 4 rows from data_doc9_quality_assuranceeee_table_3
[2026-03-20T00:08:18.208+0000] {embedding_pipeline.py:492} INFO - [embed] Queued 8 rows from data_movies
[2026-03-20T00:08:18.216+0000] {embedding_pipeline.py:492} INFO - [embed] Queued 5 rows from data_nimish_research1_1_page3_table1
[2026-03-20T00:08:18.224+0000] {embedding_pipeline.py:492} INFO - [embed] Queued 5 rows from data_nimish_research3_page4_table1
[2026-03-20T00:08:18.232+0000] {embedding_pipeline.py:492} INFO - [embed] Queued 8 rows from data_nimish_research3_page7_table1
[2026-03-20T00:08:18.241+0000] {embedding_pipeline.py:492} INFO - [embed] Queued 5 rows from data_nitin_gavhane_resume_table_1
[2026-03-20T00:08:18.287+0000] {embedding_pipeline.py:492} INFO - [embed] Queued 1000 rows from data_organizations_1000
[2026-03-20T00:08:18.333+0000] {embedding_pipeline.py:492} INFO - [embed] Queued 1000 rows from data_people_1000
[2026-03-20T00:08:18.341+0000] {embedding_pipeline.py:492} INFO - [embed] Queued 8 rows from data_products
[2026-03-20T00:08:18.349+0000] {embedding_pipeline.py:492} INFO - [embed] Queued 8 rows from data_sales
[2026-03-20T00:08:18.357+0000] {embedding_pipeline.py:492} INFO - [embed] Queued 7 rows from data_sample_tables_page7_table2
[2026-03-20T00:08:18.366+0000] {embedding_pipeline.py:492} INFO - [embed] Queued 8 rows from data_social_media
[2026-03-20T00:08:18.410+0000] {embedding_pipeline.py:492} INFO - [embed] Queued 1000 rows from data_studentsperformance
[2026-03-20T00:08:18.425+0000] {embedding_pipeline.py:492} INFO - [embed] Queued 125 rows from minio_data_catalog
[2026-03-20T00:08:18.471+0000] {embedding_pipeline.py:492} INFO - [embed] Queued 103 rows from unstructured_documents
[2026-03-20T00:08:18.481+0000] {embedding_pipeline.py:492} INFO - [embed] Queued 19 rows from unstructured_images
[2026-03-20T00:08:18.483+0000] {embedding_pipeline.py:501} INFO - [embed] Backfill complete — 3469 rows queued
[2026-03-20T00:08:18.535+0000] {python.py:194} INFO - Done. Returned value was: 3469
[2026-03-20T00:08:18.618+0000] {taskinstance.py:1398} INFO - Marking task as SUCCESS. dag_id=embedding_sync_dag, task_id=backfill_existing_data, execution_date=20260320T000000, start_date=20260320T000814, end_date=20260320T000818
[2026-03-20T00:08:18.714+0000] {local_task_job_runner.py:228} INFO - Task exited with return code 0
[2026-03-20T00:08:18.798+0000] {taskinstance.py:2776} INFO - 0 downstream tasks scheduled from follow-on schedule check
