[2026-03-08T15:30:29.098+0000] {taskinstance.py:1157} INFO - Dependencies all met for dep_context=non-requeueable deps ti=<TaskInstance: distillationDAG.scan_minio_and_dispatch scheduled__2026-03-08T15:29:38.342273+00:00 [queued]>
[2026-03-08T15:30:29.142+0000] {taskinstance.py:1157} INFO - Dependencies all met for dep_context=requeueable deps ti=<TaskInstance: distillationDAG.scan_minio_and_dispatch scheduled__2026-03-08T15:29:38.342273+00:00 [queued]>
[2026-03-08T15:30:29.144+0000] {taskinstance.py:1359} INFO - Starting attempt 1 of 4
[2026-03-08T15:30:29.201+0000] {taskinstance.py:1380} INFO - Executing <Task(PythonOperator): scan_minio_and_dispatch> on 2026-03-08 15:29:38.342273+00:00
[2026-03-08T15:30:29.249+0000] {standard_task_runner.py:57} INFO - Started process 291 to run task
[2026-03-08T15:30:29.265+0000] {standard_task_runner.py:84} INFO - Running: ['***', 'tasks', 'run', 'distillationDAG', 'scan_minio_and_dispatch', 'scheduled__2026-03-08T15:29:38.342273+00:00', '--job-id', '2282', '--raw', '--subdir', 'DAGS_FOLDER/dispatcher_pipeline_dag.py', '--cfg-path', '/tmp/tmpxlzz7ght']
[2026-03-08T15:30:29.277+0000] {standard_task_runner.py:85} INFO - Job 2282: Subtask scan_minio_and_dispatch
[2026-03-08T15:30:29.698+0000] {task_command.py:415} INFO - Running <TaskInstance: distillationDAG.scan_minio_and_dispatch scheduled__2026-03-08T15:29:38.342273+00:00 [running]> on host 78f9a73a02d7
[2026-03-08T15:30:30.118+0000] {taskinstance.py:1660} INFO - Exporting env vars: AIRFLOW_CTX_DAG_OWNER='***' AIRFLOW_CTX_DAG_ID='distillationDAG' AIRFLOW_CTX_TASK_ID='scan_minio_and_dispatch' AIRFLOW_CTX_EXECUTION_DATE='2026-03-08T15:29:38.342273+00:00' AIRFLOW_CTX_TRY_NUMBER='1' AIRFLOW_CTX_DAG_RUN_ID='scheduled__2026-03-08T15:29:38.342273+00:00'
[2026-03-08T15:30:30.785+0000] {logging_mixin.py:151} INFO - [DISPATCHER] Found file: raw/photo2.jpg
[2026-03-08T15:30:33.119+0000] {image_pipeline.py:343} INFO - [image] Processing raw/photo2.jpg
[2026-03-08T15:30:33.255+0000] {image_pipeline.py:385} INFO - [image] 1200x720 | format=JPEG | mode=RGB
[2026-03-08T15:30:33.256+0000] {image_pipeline.py:393} INFO - [image] Running Moondream2 VLM...
[2026-03-08T15:35:33.808+0000] {image_pipeline.py:252} WARNING - [image] Moondream caption failed for raw/photo2.jpg: HTTPConnectionPool(host='ollama_vlm', port=11434): Read timed out. (read timeout=300)
[2026-03-08T15:35:49.823+0000] {image_pipeline.py:401} INFO - [image] Running Tesseract OCR...
[2026-03-08T15:35:50.699+0000] {image_pipeline.py:301} INFO - [image] OCR produced no text for raw/photo2.jpg
[2026-03-08T15:35:50.702+0000] {image_pipeline.py:437} INFO - [image] No text produced for raw/photo2.jpg
[2026-03-08T15:35:50.801+0000] {image_pipeline.py:481} INFO - [image] Saved to unstructured_images
[2026-03-08T15:35:50.815+0000] {image_pipeline.py:511} INFO - [image] ✅ Completed raw/photo2.jpg | 1200x720 | fmt=JPEG | ocr=no | vlm=no | text_chars=0
[2026-03-08T15:35:50.817+0000] {etl_manager.py:306} INFO - ETL completed: raw/photo2.jpg
[2026-03-08T15:35:50.823+0000] {logging_mixin.py:151} INFO - [DISPATCHER] Archiving raw/photo2.jpg -> raw-data/2026-03-08/photo2.jpg
[2026-03-08T15:35:50.866+0000] {logging_mixin.py:151} INFO - [DISPATCHER] Completed & removed landing copy: raw/photo2.jpg
[2026-03-08T15:35:50.867+0000] {logging_mixin.py:151} INFO - [DISPATCHER] Found file: raw/photo3.jpg
[2026-03-08T15:35:50.930+0000] {image_pipeline.py:343} INFO - [image] Processing raw/photo3.jpg
[2026-03-08T15:35:50.946+0000] {image_pipeline.py:385} INFO - [image] 1200x720 | format=JPEG | mode=RGB
[2026-03-08T15:35:50.948+0000] {image_pipeline.py:393} INFO - [image] Running Moondream2 VLM...
[2026-03-08T15:40:51.118+0000] {image_pipeline.py:252} WARNING - [image] Moondream caption failed for raw/photo3.jpg: HTTPConnectionPool(host='ollama_vlm', port=11434): Read timed out. (read timeout=300)
[2026-03-08T15:44:57.334+0000] {image_pipeline.py:273} INFO - [image] Moondream text: 429 chars
[2026-03-08T15:45:09.390+0000] {image_pipeline.py:401} INFO - [image] Running Tesseract OCR...
[2026-03-08T15:45:10.334+0000] {image_pipeline.py:301} INFO - [image] OCR produced no text for raw/photo3.jpg
[2026-03-08T15:45:10.374+0000] {image_pipeline.py:431} INFO - [image] Combined text (440 chars) → processed/unstructured/text-extracted/photo3.txt
[2026-03-08T15:45:10.392+0000] {image_pipeline.py:481} INFO - [image] Saved to unstructured_images
[2026-03-08T15:45:10.400+0000] {image_pipeline.py:511} INFO - [image] ✅ Completed raw/photo3.jpg | 1200x720 | fmt=JPEG | ocr=no | vlm=no | text_chars=440
[2026-03-08T15:45:10.402+0000] {etl_manager.py:306} INFO - ETL completed: raw/photo3.jpg
[2026-03-08T15:45:10.402+0000] {logging_mixin.py:151} INFO - [DISPATCHER] Archiving raw/photo3.jpg -> raw-data/2026-03-08/photo3.jpg
[2026-03-08T15:45:10.444+0000] {logging_mixin.py:151} INFO - [DISPATCHER] Completed & removed landing copy: raw/photo3.jpg
[2026-03-08T15:45:10.444+0000] {python.py:194} INFO - Done. Returned value was: None
[2026-03-08T15:45:10.505+0000] {taskinstance.py:1398} INFO - Marking task as SUCCESS. dag_id=distillationDAG, task_id=scan_minio_and_dispatch, execution_date=20260308T152938, start_date=20260308T153029, end_date=20260308T154510
[2026-03-08T15:45:10.628+0000] {local_task_job_runner.py:228} INFO - Task exited with return code 0
[2026-03-08T15:45:10.701+0000] {taskinstance.py:2776} INFO - 0 downstream tasks scheduled from follow-on schedule check
