[2025-11-27T08:24:35.142+0000] {taskinstance.py:1157} INFO - Dependencies all met for dep_context=non-requeueable deps ti=<TaskInstance: distillationDAG.scan_minio_and_dispatch scheduled__2025-11-27T08:23:47.225480+00:00 [queued]>
[2025-11-27T08:24:35.152+0000] {taskinstance.py:1157} INFO - Dependencies all met for dep_context=requeueable deps ti=<TaskInstance: distillationDAG.scan_minio_and_dispatch scheduled__2025-11-27T08:23:47.225480+00:00 [queued]>
[2025-11-27T08:24:35.152+0000] {taskinstance.py:1359} INFO - Starting attempt 1 of 4
[2025-11-27T08:24:35.167+0000] {taskinstance.py:1380} INFO - Executing <Task(PythonOperator): scan_minio_and_dispatch> on 2025-11-27 08:23:47.225480+00:00
[2025-11-27T08:24:35.176+0000] {standard_task_runner.py:57} INFO - Started process 5972 to run task
[2025-11-27T08:24:35.181+0000] {standard_task_runner.py:84} INFO - Running: ['***', 'tasks', 'run', 'distillationDAG', 'scan_minio_and_dispatch', 'scheduled__2025-11-27T08:23:47.225480+00:00', '--job-id', '459', '--raw', '--subdir', 'DAGS_FOLDER/dispatcher_pipeline_dag.py', '--cfg-path', '/tmp/tmpmw0dpnpy']
[2025-11-27T08:24:35.184+0000] {standard_task_runner.py:85} INFO - Job 459: Subtask scan_minio_and_dispatch
[2025-11-27T08:24:35.210+0000] {logging_mixin.py:151} WARNING - /home/***/.local/lib/python3.11/site-packages/***/settings.py:195 DeprecationWarning: The sql_alchemy_conn option in [core] has been moved to the sql_alchemy_conn option in [database] - the old setting has been used, but please update your config.
[2025-11-27T08:24:35.270+0000] {task_command.py:415} INFO - Running <TaskInstance: distillationDAG.scan_minio_and_dispatch scheduled__2025-11-27T08:23:47.225480+00:00 [running]> on host 7ee2414f740c
[2025-11-27T08:24:35.568+0000] {taskinstance.py:1660} INFO - Exporting env vars: AIRFLOW_CTX_DAG_OWNER='***' AIRFLOW_CTX_DAG_ID='distillationDAG' AIRFLOW_CTX_TASK_ID='scan_minio_and_dispatch' AIRFLOW_CTX_EXECUTION_DATE='2025-11-27T08:23:47.225480+00:00' AIRFLOW_CTX_TRY_NUMBER='1' AIRFLOW_CTX_DAG_RUN_ID='scheduled__2025-11-27T08:23:47.225480+00:00'
[2025-11-27T08:24:35.582+0000] {logging_mixin.py:151} INFO - [DISPATCHER] Found file: raw/Anti-Russian provocation in Ukraine.pdf
[2025-11-27T08:24:35.785+0000] {pdf_pipeline.py:98} INFO - [pdf] Processing raw/Anti-Russian provocation in Ukraine.pdf
[2025-11-27T08:24:35.836+0000] {pdf_pipeline.py:126} INFO - [pdf] Uploaded extracted text -> processed/unstructured/text-extracted/Anti-Russian provocation in Ukraine.txt
[2025-11-27T08:24:35.941+0000] {pdf_pipeline.py:190} INFO - [pdf] Completed processing: raw/Anti-Russian provocation in Ukraine.pdf, tables_extracted=0
[2025-11-27T08:24:35.941+0000] {etl_manager.py:291} INFO - Processing complete for: raw/Anti-Russian provocation in Ukraine.pdf
[2025-11-27T08:24:35.942+0000] {logging_mixin.py:151} INFO - [DISPATCHER] Archiving raw/Anti-Russian provocation in Ukraine.pdf -> raw-data/2025-11-27/Anti-Russian provocation in Ukraine.pdf
[2025-11-27T08:24:35.951+0000] {logging_mixin.py:151} INFO - [DISPATCHER] Completed & removed landing copy: raw/Anti-Russian provocation in Ukraine.pdf
[2025-11-27T08:24:35.951+0000] {python.py:194} INFO - Done. Returned value was: None
[2025-11-27T08:24:35.967+0000] {taskinstance.py:1398} INFO - Marking task as SUCCESS. dag_id=distillationDAG, task_id=scan_minio_and_dispatch, execution_date=20251127T082347, start_date=20251127T082435, end_date=20251127T082435
[2025-11-27T08:24:35.997+0000] {local_task_job_runner.py:228} INFO - Task exited with return code 0
[2025-11-27T08:24:36.052+0000] {taskinstance.py:2776} INFO - 0 downstream tasks scheduled from follow-on schedule check
