[2026-03-20T10:07:42.964+0000] {taskinstance.py:1157} INFO - Dependencies all met for dep_context=non-requeueable deps ti=<TaskInstance: embedding_sync_dag.attach_triggers scheduled__2026-03-20T10:00:00+00:00 [queued]>
[2026-03-20T10:07:42.981+0000] {taskinstance.py:1157} INFO - Dependencies all met for dep_context=requeueable deps ti=<TaskInstance: embedding_sync_dag.attach_triggers scheduled__2026-03-20T10:00:00+00:00 [queued]>
[2026-03-20T10:07:42.982+0000] {taskinstance.py:1359} INFO - Starting attempt 1 of 3
[2026-03-20T10:07:43.011+0000] {taskinstance.py:1380} INFO - Executing <Task(PythonOperator): attach_triggers> on 2026-03-20 10:00:00+00:00
[2026-03-20T10:07:43.021+0000] {standard_task_runner.py:57} INFO - Started process 2915 to run task
[2026-03-20T10:07:43.033+0000] {standard_task_runner.py:84} INFO - Running: ['***', 'tasks', 'run', 'embedding_sync_dag', 'attach_triggers', 'scheduled__2026-03-20T10:00:00+00:00', '--job-id', '2495', '--raw', '--subdir', 'DAGS_FOLDER/embedding_sync_dag.py', '--cfg-path', '/tmp/tmpfh2s6pn7']
[2026-03-20T10:07:43.038+0000] {standard_task_runner.py:85} INFO - Job 2495: Subtask attach_triggers
[2026-03-20T10:07:43.209+0000] {task_command.py:415} INFO - Running <TaskInstance: embedding_sync_dag.attach_triggers scheduled__2026-03-20T10:00:00+00:00 [running]> on host f9d03ff7592b
[2026-03-20T10:07:43.507+0000] {taskinstance.py:1660} INFO - Exporting env vars: AIRFLOW_CTX_DAG_OWNER='lakehouse' AIRFLOW_CTX_DAG_ID='embedding_sync_dag' AIRFLOW_CTX_TASK_ID='attach_triggers' AIRFLOW_CTX_EXECUTION_DATE='2026-03-20T10:00:00+00:00' AIRFLOW_CTX_TRY_NUMBER='1' AIRFLOW_CTX_DAG_RUN_ID='scheduled__2026-03-20T10:00:00+00:00'
[2026-03-20T10:07:45.037+0000] {embedding_pipeline.py:155} INFO - [embed] Trigger attached: data_26t1s2ds25f1002315_page1_table1
[2026-03-20T10:07:45.038+0000] {embedding_pipeline.py:155} INFO - [embed] Trigger attached: data_26t1s2ds25f1002315_page1_table2
[2026-03-20T10:07:45.040+0000] {embedding_pipeline.py:155} INFO - [embed] Trigger attached: data_26t1s2ds25f1002315_page2_table1
[2026-03-20T10:07:45.042+0000] {embedding_pipeline.py:155} INFO - [embed] Trigger attached: data_financial_data_3
[2026-03-20T10:07:45.044+0000] {embedding_pipeline.py:155} INFO - [embed] Trigger attached: data_financial_data_4
[2026-03-20T10:07:45.046+0000] {embedding_pipeline.py:155} INFO - [embed] Trigger attached: data_financial_data_5
[2026-03-20T10:07:45.048+0000] {embedding_pipeline.py:155} INFO - [embed] Trigger attached: data_financial_table_3_page1_table1
[2026-03-20T10:07:45.050+0000] {embedding_pipeline.py:155} INFO - [embed] Trigger attached: data_financial_table_4_page1_table1
[2026-03-20T10:07:45.051+0000] {embedding_pipeline.py:155} INFO - [embed] Trigger attached: data_financial_table_5_page1_table1
[2026-03-20T10:07:45.114+0000] {python.py:194} INFO - Done. Returned value was: 9
[2026-03-20T10:07:45.182+0000] {taskinstance.py:1398} INFO - Marking task as SUCCESS. dag_id=embedding_sync_dag, task_id=attach_triggers, execution_date=20260320T100000, start_date=20260320T100742, end_date=20260320T100745
[2026-03-20T10:07:45.269+0000] {local_task_job_runner.py:228} INFO - Task exited with return code 0
[2026-03-20T10:07:45.343+0000] {taskinstance.py:2776} INFO - 0 downstream tasks scheduled from follow-on schedule check
