[2026-03-20T02:40:24.714+0000] {taskinstance.py:1157} INFO - Dependencies all met for dep_context=non-requeueable deps ti=<TaskInstance: embedding_sync_dag.backfill_existing_data scheduled__2026-03-20T02:35:00+00:00 [queued]>
[2026-03-20T02:40:24.724+0000] {taskinstance.py:1157} INFO - Dependencies all met for dep_context=requeueable deps ti=<TaskInstance: embedding_sync_dag.backfill_existing_data scheduled__2026-03-20T02:35:00+00:00 [queued]>
[2026-03-20T02:40:24.725+0000] {taskinstance.py:1359} INFO - Starting attempt 1 of 3
[2026-03-20T02:40:24.741+0000] {taskinstance.py:1380} INFO - Executing <Task(PythonOperator): backfill_existing_data> on 2026-03-20 02:35:00+00:00
[2026-03-20T02:40:24.749+0000] {standard_task_runner.py:57} INFO - Started process 7686 to run task
[2026-03-20T02:40:24.754+0000] {standard_task_runner.py:84} INFO - Running: ['***', 'tasks', 'run', 'embedding_sync_dag', 'backfill_existing_data', 'scheduled__2026-03-20T02:35:00+00:00', '--job-id', '2457', '--raw', '--subdir', 'DAGS_FOLDER/embedding_sync_dag.py', '--cfg-path', '/tmp/tmp73bfbqec']
[2026-03-20T02:40:24.760+0000] {standard_task_runner.py:85} INFO - Job 2457: Subtask backfill_existing_data
[2026-03-20T02:40:24.888+0000] {task_command.py:415} INFO - Running <TaskInstance: embedding_sync_dag.backfill_existing_data scheduled__2026-03-20T02:35:00+00:00 [running]> on host 76de17b6f6da
[2026-03-20T02:40:25.119+0000] {taskinstance.py:1660} INFO - Exporting env vars: AIRFLOW_CTX_DAG_OWNER='lakehouse' AIRFLOW_CTX_DAG_ID='embedding_sync_dag' AIRFLOW_CTX_TASK_ID='backfill_existing_data' AIRFLOW_CTX_EXECUTION_DATE='2026-03-20T02:35:00+00:00' AIRFLOW_CTX_TRY_NUMBER='1' AIRFLOW_CTX_DAG_RUN_ID='scheduled__2026-03-20T02:35:00+00:00'
[2026-03-20T02:40:26.538+0000] {embedding_pipeline.py:430} INFO - [embed] Backfill needed — source~3175, fully embedded=0, gap~3175
[2026-03-20T02:40:26.539+0000] {embedding_pipeline.py:448} INFO - [embed] Scanning 15 tables for unembedded rows...
[2026-03-20T02:40:26.546+0000] {embedding_pipeline.py:492} INFO - [embed] Queued 8 rows from data_movies
[2026-03-20T02:40:26.550+0000] {embedding_pipeline.py:492} INFO - [embed] Queued 5 rows from data_nimish_research1_1_page3_table1
[2026-03-20T02:40:26.553+0000] {embedding_pipeline.py:492} INFO - [embed] Queued 5 rows from data_nimish_research3_page4_table1
[2026-03-20T02:40:26.556+0000] {embedding_pipeline.py:492} INFO - [embed] Queued 8 rows from data_nimish_research3_page7_table1
[2026-03-20T02:40:26.560+0000] {embedding_pipeline.py:492} INFO - [embed] Queued 5 rows from data_nitin_gavhane_resume_table_1
[2026-03-20T02:40:26.575+0000] {embedding_pipeline.py:492} INFO - [embed] Queued 1000 rows from data_organizations_1000
[2026-03-20T02:40:26.592+0000] {embedding_pipeline.py:492} INFO - [embed] Queued 1000 rows from data_people_1000
[2026-03-20T02:40:26.595+0000] {embedding_pipeline.py:492} INFO - [embed] Queued 8 rows from data_products
[2026-03-20T02:40:26.598+0000] {embedding_pipeline.py:492} INFO - [embed] Queued 8 rows from data_sales
[2026-03-20T02:40:26.600+0000] {embedding_pipeline.py:492} INFO - [embed] Queued 7 rows from data_sample_tables_page7_table2
[2026-03-20T02:40:26.603+0000] {embedding_pipeline.py:492} INFO - [embed] Queued 8 rows from data_social_media
[2026-03-20T02:40:26.618+0000] {embedding_pipeline.py:492} INFO - [embed] Queued 1000 rows from data_studentsperformance
[2026-03-20T02:40:26.624+0000] {embedding_pipeline.py:492} INFO - [embed] Queued 125 rows from minio_data_catalog
[2026-03-20T02:40:26.639+0000] {embedding_pipeline.py:492} INFO - [embed] Queued 103 rows from unstructured_documents
[2026-03-20T02:40:26.643+0000] {embedding_pipeline.py:492} INFO - [embed] Queued 19 rows from unstructured_images
[2026-03-20T02:40:26.645+0000] {embedding_pipeline.py:501} INFO - [embed] Backfill complete — 3309 rows queued
[2026-03-20T02:40:26.668+0000] {python.py:194} INFO - Done. Returned value was: 3309
[2026-03-20T02:40:26.698+0000] {taskinstance.py:1398} INFO - Marking task as SUCCESS. dag_id=embedding_sync_dag, task_id=backfill_existing_data, execution_date=20260320T023500, start_date=20260320T024024, end_date=20260320T024026
[2026-03-20T02:40:26.760+0000] {local_task_job_runner.py:228} INFO - Task exited with return code 0
[2026-03-20T02:40:26.801+0000] {taskinstance.py:2776} INFO - 1 downstream tasks scheduled from follow-on schedule check
