[2026-05-04T12:08:39.686+0000] {taskinstance.py:1157} INFO - Dependencies all met for dep_context=non-requeueable deps ti=<TaskInstance: embedding_sync_dag.log_stats scheduled__2026-05-04T11:55:00+00:00 [queued]>
[2026-05-04T12:08:39.698+0000] {taskinstance.py:1157} INFO - Dependencies all met for dep_context=requeueable deps ti=<TaskInstance: embedding_sync_dag.log_stats scheduled__2026-05-04T11:55:00+00:00 [queued]>
[2026-05-04T12:08:39.699+0000] {taskinstance.py:1359} INFO - Starting attempt 1 of 3
[2026-05-04T12:08:39.715+0000] {taskinstance.py:1380} INFO - Executing <Task(PythonOperator): log_stats> on 2026-05-04 11:55:00+00:00
[2026-05-04T12:08:39.723+0000] {standard_task_runner.py:57} INFO - Started process 4332 to run task
[2026-05-04T12:08:39.728+0000] {standard_task_runner.py:84} INFO - Running: ['***', 'tasks', 'run', 'embedding_sync_dag', 'log_stats', 'scheduled__2026-05-04T11:55:00+00:00', '--job-id', '4265', '--raw', '--subdir', 'DAGS_FOLDER/embedding_sync_dag.py', '--cfg-path', '/tmp/tmpt2yt47y5']
[2026-05-04T12:08:39.733+0000] {standard_task_runner.py:85} INFO - Job 4265: Subtask log_stats
[2026-05-04T12:08:39.889+0000] {task_command.py:415} INFO - Running <TaskInstance: embedding_sync_dag.log_stats scheduled__2026-05-04T11:55:00+00:00 [running]> on host e8610aa59365
[2026-05-04T12:08:40.171+0000] {taskinstance.py:1660} INFO - Exporting env vars: AIRFLOW_CTX_DAG_OWNER='lakehouse' AIRFLOW_CTX_DAG_ID='embedding_sync_dag' AIRFLOW_CTX_TASK_ID='log_stats' AIRFLOW_CTX_EXECUTION_DATE='2026-05-04T11:55:00+00:00' AIRFLOW_CTX_TRY_NUMBER='1' AIRFLOW_CTX_DAG_RUN_ID='scheduled__2026-05-04T11:55:00+00:00'
[2026-05-04T12:08:40.329+0000] {embedding_sync_dag.py:159} INFO - =======================================================
[2026-05-04T12:08:40.329+0000] {embedding_sync_dag.py:160} INFO -   Embedding Sync Summary
[2026-05-04T12:08:40.330+0000] {embedding_sync_dag.py:161} INFO -   Rows backfill-queued    : 1233
[2026-05-04T12:08:40.330+0000] {embedding_sync_dag.py:162} INFO -   New tables watched      : 0
[2026-05-04T12:08:40.330+0000] {embedding_sync_dag.py:163} INFO -   Rows embedded           : 1233
[2026-05-04T12:08:40.331+0000] {embedding_sync_dag.py:164} INFO -   Embed errors            : 0
[2026-05-04T12:08:40.331+0000] {embedding_sync_dag.py:165} INFO -   Orphaned tables removed : 0
[2026-05-04T12:08:40.331+0000] {embedding_sync_dag.py:166} INFO -   Stale embeddings purged : 0
[2026-05-04T12:08:40.331+0000] {embedding_sync_dag.py:169} INFO - =======================================================
[2026-05-04T12:08:40.332+0000] {python.py:194} INFO - Done. Returned value was: None
[2026-05-04T12:08:40.371+0000] {taskinstance.py:1398} INFO - Marking task as SUCCESS. dag_id=embedding_sync_dag, task_id=log_stats, execution_date=20260504T115500, start_date=20260504T120839, end_date=20260504T120840
[2026-05-04T12:08:40.424+0000] {local_task_job_runner.py:228} INFO - Task exited with return code 0
[2026-05-04T12:08:40.488+0000] {taskinstance.py:2776} INFO - 0 downstream tasks scheduled from follow-on schedule check
