[2026-02-27T05:42:36.223+0000] {taskinstance.py:1157} INFO - Dependencies all met for dep_context=non-requeueable deps ti=<TaskInstance: distillationDAG.scan_minio_and_dispatch scheduled__2026-02-27T05:41:44.471361+00:00 [queued]>
[2026-02-27T05:42:36.247+0000] {taskinstance.py:1157} INFO - Dependencies all met for dep_context=requeueable deps ti=<TaskInstance: distillationDAG.scan_minio_and_dispatch scheduled__2026-02-27T05:41:44.471361+00:00 [queued]>
[2026-02-27T05:42:36.248+0000] {taskinstance.py:1359} INFO - Starting attempt 1 of 4
[2026-02-27T05:42:36.284+0000] {taskinstance.py:1380} INFO - Executing <Task(PythonOperator): scan_minio_and_dispatch> on 2026-02-27 05:41:44.471361+00:00
[2026-02-27T05:42:36.303+0000] {standard_task_runner.py:57} INFO - Started process 280 to run task
[2026-02-27T05:42:36.317+0000] {standard_task_runner.py:84} INFO - Running: ['***', 'tasks', 'run', 'distillationDAG', 'scan_minio_and_dispatch', 'scheduled__2026-02-27T05:41:44.471361+00:00', '--job-id', '1770', '--raw', '--subdir', 'DAGS_FOLDER/dispatcher_pipeline_dag.py', '--cfg-path', '/tmp/tmp238ppjmc']
[2026-02-27T05:42:36.331+0000] {standard_task_runner.py:85} INFO - Job 1770: Subtask scan_minio_and_dispatch
[2026-02-27T05:42:36.533+0000] {task_command.py:415} INFO - Running <TaskInstance: distillationDAG.scan_minio_and_dispatch scheduled__2026-02-27T05:41:44.471361+00:00 [running]> on host e276453b9cbd
[2026-02-27T05:42:37.236+0000] {taskinstance.py:1660} INFO - Exporting env vars: AIRFLOW_CTX_DAG_OWNER='***' AIRFLOW_CTX_DAG_ID='distillationDAG' AIRFLOW_CTX_TASK_ID='scan_minio_and_dispatch' AIRFLOW_CTX_EXECUTION_DATE='2026-02-27T05:41:44.471361+00:00' AIRFLOW_CTX_TRY_NUMBER='1' AIRFLOW_CTX_DAG_RUN_ID='scheduled__2026-02-27T05:41:44.471361+00:00'
[2026-02-27T05:42:37.262+0000] {logging_mixin.py:151} INFO - [DISPATCHER] Found file: raw/doc7_marketing_metrics.pdf
[2026-02-27T05:42:38.137+0000] {pdf_pipeline.py:354} INFO - [pdf] Processing raw/doc7_marketing_metrics.pdf
[2026-02-27T05:42:38.164+0000] {pdf_pipeline.py:408} INFO - [pdf] Extracting text from PDF...
[2026-02-27T05:42:38.198+0000] {pdf_pipeline.py:441} ERROR - [pdf] Text extraction failed for raw/doc7_marketing_metrics.pdf: cannot access local variable 'table_count' where it is not associated with a value
Traceback (most recent call last):
  File "/opt/python-etl/pipelines/pdf_pipeline.py", line 425, in process_minio_object
    'table_count': table_count,
                   ^^^^^^^^^^^
UnboundLocalError: cannot access local variable 'table_count' where it is not associated with a value
[2026-02-27T05:42:38.203+0000] {pdf_pipeline.py:477} WARNING - [pdf] No text extracted from raw/doc7_marketing_metrics.pdf
[2026-02-27T05:42:38.204+0000] {pdf_pipeline.py:480} INFO - [pdf] Extracting tables from PDF...
[2026-02-27T05:42:38.714+0000] {pdf_pipeline.py:550} INFO - [pdf] Extracted 0 tables with 0 total rows
[2026-02-27T05:42:38.714+0000] {pdf_pipeline.py:566} ERROR - [pdf] Failed catalog update for raw/doc7_marketing_metrics.pdf: cannot access local variable 'pdf_metadata' where it is not associated with a value
Traceback (most recent call last):
  File "/opt/python-etl/pipelines/pdf_pipeline.py", line 561, in process_minio_object
    metadata=pdf_metadata,
             ^^^^^^^^^^^^
UnboundLocalError: cannot access local variable 'pdf_metadata' where it is not associated with a value
[2026-02-27T05:42:38.716+0000] {pdf_pipeline.py:569} INFO - [pdf] ✅ Completed processing: raw/doc7_marketing_metrics.pdf | pages=3 | tables=0 | rows=0 | text_chars=0
[2026-02-27T05:42:38.716+0000] {etl_manager.py:306} INFO - ETL completed: raw/doc7_marketing_metrics.pdf
[2026-02-27T05:42:38.719+0000] {logging_mixin.py:151} INFO - [DISPATCHER] Archiving raw/doc7_marketing_metrics.pdf -> raw-data/2026-02-27/doc7_marketing_metrics.pdf
[2026-02-27T05:42:38.743+0000] {logging_mixin.py:151} INFO - [DISPATCHER] Completed & removed landing copy: raw/doc7_marketing_metrics.pdf
[2026-02-27T05:42:38.744+0000] {logging_mixin.py:151} INFO - [DISPATCHER] Found file: raw/doc7_marketing_metricsss.docx
[2026-02-27T05:42:38.782+0000] {docx_pipeline.py:435} INFO - [docx] Processing raw/doc7_marketing_metricsss.docx
[2026-02-27T05:42:38.794+0000] {docx_pipeline.py:492} INFO - [docx] Extracting text…
[2026-02-27T05:42:38.820+0000] {docx_pipeline.py:494} INFO - [docx] Extracted 181 characters of text
[2026-02-27T05:42:38.821+0000] {docx_pipeline.py:499} INFO - [docx] Extracting tables…
[2026-02-27T05:42:38.883+0000] {docx_pipeline.py:501} INFO - [docx] Found 3 table(s)
[2026-02-27T05:42:38.894+0000] {docx_pipeline.py:526} INFO - [docx] Uploaded extracted text → processed/unstructured/text-extracted/doc7_marketing_metricsss.txt
[2026-02-27T05:42:38.915+0000] {docx_pipeline.py:193} WARNING - [docx] Could not add UNIQUE constraint: could not create unique index "unstructured_documents_content_hash_key"
DETAIL:  Key (content_hash)=(a95d20adcf0b6ad918e0139c6c2e7fe32b571130949496df092301cfbc685f2e) is duplicated.

[2026-02-27T05:42:38.920+0000] {docx_pipeline.py:257} INFO - [docx] Inserted into unstructured_documents for raw/doc7_marketing_metricsss.docx
[2026-02-27T05:42:38.923+0000] {docx_pipeline.py:547} INFO - [docx] Processing 3 table(s)…
[2026-02-27T05:42:38.965+0000] {docx_pipeline.py:310} INFO - [docx] Uploaded table CSV → processed/structured/docx-tables/doc7_marketing_metricsss_table_1.csv
[2026-02-27T05:42:38.966+0000] {structured_pipeline.py:108} INFO - Table name: data_doc7_marketing_metricsss_table_1
[2026-02-27T05:42:38.970+0000] {structured_pipeline.py:124} INFO - [Normalize] Normalizing DataFrame with 5 columns
[2026-02-27T05:42:38.983+0000] {logging_mixin.py:151} WARNING - /opt/python-etl/pipelines/structured_pipeline.py:190 UserWarning: Could not infer format, so each element will be parsed individually, falling back to `dateutil`. To ensure parsing is consistent and as-expected, please specify a format.
[2026-02-27T05:42:39.009+0000] {docx_pipeline.py:361} INFO - [docx] Created table: data_doc7_marketing_metricsss_table_1
[2026-02-27T05:42:39.016+0000] {docx_pipeline.py:373} INFO - [docx] Loaded 4 rows into 'data_doc7_marketing_metricsss_table_1'
[2026-02-27T05:42:39.026+0000] {docx_pipeline.py:570} INFO - [docx] Processed table 1/3: 4 rows × 5 cols
[2026-02-27T05:42:39.074+0000] {docx_pipeline.py:310} INFO - [docx] Uploaded table CSV → processed/structured/docx-tables/doc7_marketing_metricsss_table_2.csv
[2026-02-27T05:42:39.074+0000] {structured_pipeline.py:108} INFO - Table name: data_doc7_marketing_metricsss_table_2
[2026-02-27T05:42:39.076+0000] {structured_pipeline.py:124} INFO - [Normalize] Normalizing DataFrame with 5 columns
[2026-02-27T05:42:39.112+0000] {logging_mixin.py:151} WARNING - /opt/python-etl/pipelines/structured_pipeline.py:190 UserWarning: Could not infer format, so each element will be parsed individually, falling back to `dateutil`. To ensure parsing is consistent and as-expected, please specify a format.
[2026-02-27T05:42:39.124+0000] {logging_mixin.py:151} WARNING - /opt/python-etl/pipelines/structured_pipeline.py:190 UserWarning: Could not infer format, so each element will be parsed individually, falling back to `dateutil`. To ensure parsing is consistent and as-expected, please specify a format.
[2026-02-27T05:42:39.131+0000] {logging_mixin.py:151} WARNING - /opt/python-etl/pipelines/structured_pipeline.py:190 UserWarning: Could not infer format, so each element will be parsed individually, falling back to `dateutil`. To ensure parsing is consistent and as-expected, please specify a format.
[2026-02-27T05:42:39.138+0000] {docx_pipeline.py:361} INFO - [docx] Created table: data_doc7_marketing_metricsss_table_2
[2026-02-27T05:42:39.146+0000] {docx_pipeline.py:377} ERROR - [docx] DB operation failed for 'data_doc7_marketing_metricsss_table_2': invalid input syntax for type timestamp: "Dec 2024"
CONTEXT:  COPY data_doc7_marketing_metricsss_table_2, line 1, column renewal: "Dec 2024"
Traceback (most recent call last):
  File "/opt/python-etl/pipelines/docx_pipeline.py", line 367, in _process_extracted_table
    cursor.copy_expert(
psycopg2.errors.InvalidDatetimeFormat: invalid input syntax for type timestamp: "Dec 2024"
CONTEXT:  COPY data_doc7_marketing_metricsss_table_2, line 1, column renewal: "Dec 2024"

[2026-02-27T05:42:39.148+0000] {docx_pipeline.py:399} ERROR - [docx] Failed processing table processed/structured/docx-tables/doc7_marketing_metricsss_table_2.csv: invalid input syntax for type timestamp: "Dec 2024"
CONTEXT:  COPY data_doc7_marketing_metricsss_table_2, line 1, column renewal: "Dec 2024"
Traceback (most recent call last):
  File "/opt/python-etl/pipelines/docx_pipeline.py", line 367, in _process_extracted_table
    cursor.copy_expert(
psycopg2.errors.InvalidDatetimeFormat: invalid input syntax for type timestamp: "Dec 2024"
CONTEXT:  COPY data_doc7_marketing_metricsss_table_2, line 1, column renewal: "Dec 2024"

[2026-02-27T05:42:39.151+0000] {docx_pipeline.py:570} INFO - [docx] Processed table 2/3: 4 rows × 5 cols
[2026-02-27T05:42:39.183+0000] {docx_pipeline.py:310} INFO - [docx] Uploaded table CSV → processed/structured/docx-tables/doc7_marketing_metricsss_table_3.csv
[2026-02-27T05:42:39.183+0000] {structured_pipeline.py:108} INFO - Table name: data_doc7_marketing_metricsss_table_3
[2026-02-27T05:42:39.185+0000] {structured_pipeline.py:124} INFO - [Normalize] Normalizing DataFrame with 4 columns
[2026-02-27T05:42:39.195+0000] {logging_mixin.py:151} WARNING - /opt/python-etl/pipelines/structured_pipeline.py:190 UserWarning: Could not infer format, so each element will be parsed individually, falling back to `dateutil`. To ensure parsing is consistent and as-expected, please specify a format.
[2026-02-27T05:42:39.206+0000] {logging_mixin.py:151} WARNING - /opt/python-etl/pipelines/structured_pipeline.py:190 UserWarning: Could not infer format, so each element will be parsed individually, falling back to `dateutil`. To ensure parsing is consistent and as-expected, please specify a format.
[2026-02-27T05:42:39.218+0000] {logging_mixin.py:151} WARNING - /opt/python-etl/pipelines/structured_pipeline.py:190 UserWarning: Could not infer format, so each element will be parsed individually, falling back to `dateutil`. To ensure parsing is consistent and as-expected, please specify a format.
[2026-02-27T05:42:39.223+0000] {docx_pipeline.py:361} INFO - [docx] Created table: data_doc7_marketing_metricsss_table_3
[2026-02-27T05:42:39.233+0000] {docx_pipeline.py:373} INFO - [docx] Loaded 4 rows into 'data_doc7_marketing_metricsss_table_3'
[2026-02-27T05:42:39.243+0000] {docx_pipeline.py:570} INFO - [docx] Processed table 3/3: 4 rows × 4 cols
[2026-02-27T05:42:39.260+0000] {docx_pipeline.py:606} INFO - [docx] Updated catalog for raw/doc7_marketing_metricsss.docx
[2026-02-27T05:42:39.260+0000] {docx_pipeline.py:612} INFO - [docx] ✅ Completed raw/doc7_marketing_metricsss.docx | tables=3 | total_rows=12 | text_chars=181
[2026-02-27T05:42:39.261+0000] {etl_manager.py:306} INFO - ETL completed: raw/doc7_marketing_metricsss.docx
[2026-02-27T05:42:39.262+0000] {logging_mixin.py:151} INFO - [DISPATCHER] Archiving raw/doc7_marketing_metricsss.docx -> raw-data/2026-02-27/doc7_marketing_metricsss.docx
[2026-02-27T05:42:39.305+0000] {logging_mixin.py:151} INFO - [DISPATCHER] Completed & removed landing copy: raw/doc7_marketing_metricsss.docx
[2026-02-27T05:42:39.310+0000] {python.py:194} INFO - Done. Returned value was: None
[2026-02-27T05:42:39.394+0000] {taskinstance.py:1398} INFO - Marking task as SUCCESS. dag_id=distillationDAG, task_id=scan_minio_and_dispatch, execution_date=20260227T054144, start_date=20260227T054236, end_date=20260227T054239
[2026-02-27T05:42:39.528+0000] {local_task_job_runner.py:228} INFO - Task exited with return code 0
[2026-02-27T05:42:39.615+0000] {taskinstance.py:2776} INFO - 0 downstream tasks scheduled from follow-on schedule check
