[2026-04-21T15:08:28.414+0000] {taskinstance.py:1157} INFO - Dependencies all met for dep_context=non-requeueable deps ti=<TaskInstance: embedding_sync_dag.backfill_existing_data scheduled__2026-04-21T15:00:00+00:00 [queued]>
[2026-04-21T15:08:28.424+0000] {taskinstance.py:1157} INFO - Dependencies all met for dep_context=requeueable deps ti=<TaskInstance: embedding_sync_dag.backfill_existing_data scheduled__2026-04-21T15:00:00+00:00 [queued]>
[2026-04-21T15:08:28.424+0000] {taskinstance.py:1359} INFO - Starting attempt 1 of 3
[2026-04-21T15:08:28.438+0000] {taskinstance.py:1380} INFO - Executing <Task(PythonOperator): backfill_existing_data> on 2026-04-21 15:00:00+00:00
[2026-04-21T15:08:28.447+0000] {standard_task_runner.py:57} INFO - Started process 810 to run task
[2026-04-21T15:08:28.454+0000] {standard_task_runner.py:84} INFO - Running: ['***', 'tasks', 'run', 'embedding_sync_dag', 'backfill_existing_data', 'scheduled__2026-04-21T15:00:00+00:00', '--job-id', '2673', '--raw', '--subdir', 'DAGS_FOLDER/embedding_sync_dag.py', '--cfg-path', '/tmp/tmp7hn8q_0r']
[2026-04-21T15:08:28.457+0000] {standard_task_runner.py:85} INFO - Job 2673: Subtask backfill_existing_data
[2026-04-21T15:08:28.552+0000] {task_command.py:415} INFO - Running <TaskInstance: embedding_sync_dag.backfill_existing_data scheduled__2026-04-21T15:00:00+00:00 [running]> on host 8056b61ed15b
[2026-04-21T15:08:28.718+0000] {taskinstance.py:1660} INFO - Exporting env vars: AIRFLOW_CTX_DAG_OWNER='lakehouse' AIRFLOW_CTX_DAG_ID='embedding_sync_dag' AIRFLOW_CTX_TASK_ID='backfill_existing_data' AIRFLOW_CTX_EXECUTION_DATE='2026-04-21T15:00:00+00:00' AIRFLOW_CTX_TRY_NUMBER='1' AIRFLOW_CTX_DAG_RUN_ID='scheduled__2026-04-21T15:00:00+00:00'
[2026-04-21T15:08:30.138+0000] {embedding_pipeline.py:430} INFO - [embed] Backfill needed — source~3183, fully embedded=0, gap~3183
[2026-04-21T15:08:30.141+0000] {embedding_pipeline.py:448} INFO - [embed] Scanning 28 tables for unembedded rows...
[2026-04-21T15:08:30.217+0000] {embedding_pipeline.py:492} INFO - [embed] Queued 1 rows from data_26t1s2ds25f1002315_page1_table1
[2026-04-21T15:08:30.225+0000] {embedding_pipeline.py:492} INFO - [embed] Queued 14 rows from data_26t1s2ds25f1002315_page1_table2
[2026-04-21T15:08:30.232+0000] {embedding_pipeline.py:492} INFO - [embed] Queued 9 rows from data_26t1s2ds25f1002315_page2_table1
[2026-04-21T15:08:30.238+0000] {embedding_pipeline.py:492} INFO - [embed] Queued 15 rows from data_financial_data_1
[2026-04-21T15:08:30.242+0000] {embedding_pipeline.py:492} INFO - [embed] Queued 15 rows from data_financial_data_2
[2026-04-21T15:08:30.247+0000] {embedding_pipeline.py:492} INFO - [embed] Queued 15 rows from data_financial_data_3
[2026-04-21T15:08:30.253+0000] {embedding_pipeline.py:492} INFO - [embed] Queued 15 rows from data_financial_data_4
[2026-04-21T15:08:30.263+0000] {embedding_pipeline.py:492} INFO - [embed] Queued 15 rows from data_financial_data_5
[2026-04-21T15:08:30.269+0000] {embedding_pipeline.py:492} INFO - [embed] Queued 12 rows from data_financial_table_1_page1_table1
[2026-04-21T15:08:30.273+0000] {embedding_pipeline.py:492} INFO - [embed] Queued 12 rows from data_financial_table_2_page1_table1
[2026-04-21T15:08:30.282+0000] {embedding_pipeline.py:492} INFO - [embed] Queued 12 rows from data_financial_table_3_page1_table1
[2026-04-21T15:08:30.295+0000] {embedding_pipeline.py:492} INFO - [embed] Queued 12 rows from data_financial_table_4_page1_table1
[2026-04-21T15:08:30.322+0000] {embedding_pipeline.py:492} INFO - [embed] Queued 12 rows from data_financial_table_5_page1_table1
[2026-04-21T15:08:30.349+0000] {embedding_pipeline.py:492} INFO - [embed] Queued 8 rows from data_movies
[2026-04-21T15:08:30.391+0000] {embedding_pipeline.py:492} INFO - [embed] Queued 5 rows from data_nimish_research1_1_page3_table1
[2026-04-21T15:08:30.399+0000] {embedding_pipeline.py:492} INFO - [embed] Queued 5 rows from data_nimish_research3_page4_table1
[2026-04-21T15:08:30.409+0000] {embedding_pipeline.py:492} INFO - [embed] Queued 8 rows from data_nimish_research3_page7_table1
[2026-04-21T15:08:30.441+0000] {embedding_pipeline.py:492} INFO - [embed] Queued 5 rows from data_nitin_gavhane_resume_table_1
[2026-04-21T15:08:30.521+0000] {embedding_pipeline.py:492} INFO - [embed] Queued 1000 rows from data_organizations_1000
[2026-04-21T15:08:30.587+0000] {embedding_pipeline.py:492} INFO - [embed] Queued 1000 rows from data_people_1000
[2026-04-21T15:08:30.592+0000] {embedding_pipeline.py:492} INFO - [embed] Queued 8 rows from data_products
[2026-04-21T15:08:30.596+0000] {embedding_pipeline.py:492} INFO - [embed] Queued 8 rows from data_sales
[2026-04-21T15:08:30.606+0000] {embedding_pipeline.py:492} INFO - [embed] Queued 7 rows from data_sample_tables_page7_table2
[2026-04-21T15:08:30.609+0000] {embedding_pipeline.py:492} INFO - [embed] Queued 8 rows from data_social_media
[2026-04-21T15:08:30.629+0000] {embedding_pipeline.py:492} INFO - [embed] Queued 1000 rows from data_studentsperformance
[2026-04-21T15:08:30.637+0000] {embedding_pipeline.py:492} INFO - [embed] Queued 149 rows from minio_data_catalog
[2026-04-21T15:08:30.674+0000] {embedding_pipeline.py:492} INFO - [embed] Queued 103 rows from unstructured_documents
[2026-04-21T15:08:30.678+0000] {embedding_pipeline.py:492} INFO - [embed] Queued 19 rows from unstructured_images
[2026-04-21T15:08:30.680+0000] {embedding_pipeline.py:501} INFO - [embed] Backfill complete — 3492 rows queued
[2026-04-21T15:08:30.708+0000] {python.py:194} INFO - Done. Returned value was: 3492
[2026-04-21T15:08:30.757+0000] {taskinstance.py:1398} INFO - Marking task as SUCCESS. dag_id=embedding_sync_dag, task_id=backfill_existing_data, execution_date=20260421T150000, start_date=20260421T150828, end_date=20260421T150830
[2026-04-21T15:08:30.814+0000] {local_task_job_runner.py:228} INFO - Task exited with return code 0
[2026-04-21T15:08:30.866+0000] {taskinstance.py:2776} INFO - 0 downstream tasks scheduled from follow-on schedule check
