[2026-04-21T15:21:15.903+0000] {taskinstance.py:1157} INFO - Dependencies all met for dep_context=non-requeueable deps ti=<TaskInstance: distillationDAG.scan_minio_and_dispatch scheduled__2026-04-21T15:14:48.707968+00:00 [queued]>
[2026-04-21T15:21:15.914+0000] {taskinstance.py:1157} INFO - Dependencies all met for dep_context=requeueable deps ti=<TaskInstance: distillationDAG.scan_minio_and_dispatch scheduled__2026-04-21T15:14:48.707968+00:00 [queued]>
[2026-04-21T15:21:15.915+0000] {taskinstance.py:1359} INFO - Starting attempt 2 of 4
[2026-04-21T15:21:15.931+0000] {taskinstance.py:1380} INFO - Executing <Task(PythonOperator): scan_minio_and_dispatch> on 2026-04-21 15:14:48.707968+00:00
[2026-04-21T15:21:15.940+0000] {standard_task_runner.py:57} INFO - Started process 230 to run task
[2026-04-21T15:21:15.943+0000] {standard_task_runner.py:84} INFO - Running: ['***', 'tasks', 'run', 'distillationDAG', 'scan_minio_and_dispatch', 'scheduled__2026-04-21T15:14:48.707968+00:00', '--job-id', '2700', '--raw', '--subdir', 'DAGS_FOLDER/dispatcher_pipeline_dag.py', '--cfg-path', '/tmp/tmp8_i58yg3']
[2026-04-21T15:21:15.947+0000] {standard_task_runner.py:85} INFO - Job 2700: Subtask scan_minio_and_dispatch
[2026-04-21T15:21:16.041+0000] {task_command.py:415} INFO - Running <TaskInstance: distillationDAG.scan_minio_and_dispatch scheduled__2026-04-21T15:14:48.707968+00:00 [running]> on host 6876ca2acfd0
[2026-04-21T15:21:16.407+0000] {taskinstance.py:1660} INFO - Exporting env vars: AIRFLOW_CTX_DAG_OWNER='***' AIRFLOW_CTX_DAG_ID='distillationDAG' AIRFLOW_CTX_TASK_ID='scan_minio_and_dispatch' AIRFLOW_CTX_EXECUTION_DATE='2026-04-21T15:14:48.707968+00:00' AIRFLOW_CTX_TRY_NUMBER='2' AIRFLOW_CTX_DAG_RUN_ID='scheduled__2026-04-21T15:14:48.707968+00:00'
[2026-04-21T15:21:16.435+0000] {logging_mixin.py:151} INFO - [DISPATCHER] Found file: raw/machine-readable-business-employment-data-dec-2025-quarter.csv
[2026-04-21T15:21:16.713+0000] {structured_pipeline.py:624} INFO - [structured] Processing raw/machine-readable-business-employment-data-dec-2025-quarter.csv
[2026-04-21T15:21:16.722+0000] {structured_pipeline.py:638} INFO - [structured] Downloaded 3983855 bytes
[2026-04-21T15:21:16.722+0000] {structured_pipeline.py:642} INFO - [structured] Detected file type: csv
[2026-04-21T15:21:16.726+0000] {structured_pipeline.py:22} INFO - Detected encoding: ascii (confidence: 1.00)
[2026-04-21T15:21:16.726+0000] {structured_pipeline.py:248} INFO - [CSV] Attempting to decode with ascii
[2026-04-21T15:21:16.730+0000] {structured_pipeline.py:41} INFO - Sniffer detected delimiter: ','
[2026-04-21T15:21:16.730+0000] {structured_pipeline.py:279} INFO - [CSV] Read attempt 1
[2026-04-21T15:21:16.920+0000] {structured_pipeline.py:283} INFO - [CSV] Successfully read 25672 rows with 14 columns
[2026-04-21T15:21:16.920+0000] {structured_pipeline.py:665} INFO - [structured] Initial read: 25672 rows, 14 columns
[2026-04-21T15:21:16.921+0000] {structured_pipeline.py:374} INFO - [Clean] Cleaning dataframe...
[2026-04-21T15:21:17.049+0000] {structured_pipeline.py:399} INFO - [Clean] Cleaned dataframe: 25672 rows, 14 columns
[2026-04-21T15:21:17.050+0000] {structured_pipeline.py:108} INFO - Table name: data_machine_readable_business_employment_data_dec_2025_quarter
[2026-04-21T15:21:17.051+0000] {structured_pipeline.py:124} INFO - [Normalize] Normalizing DataFrame with 14 columns
[2026-04-21T15:21:17.069+0000] {logging_mixin.py:151} WARNING - /opt/python-etl/pipelines/structured_pipeline.py:211 UserWarning: Could not infer format, so each element will be parsed individually, falling back to `dateutil`. To ensure parsing is consistent and as-expected, please specify a format.
[2026-04-21T15:21:17.070+0000] {structured_pipeline.py:419} INFO - [PostgreSQL] Column 'series_reference' -> TEXT
[2026-04-21T15:21:17.071+0000] {structured_pipeline.py:419} INFO - [PostgreSQL] Column 'period' -> NUMERIC
[2026-04-21T15:21:17.075+0000] {structured_pipeline.py:419} INFO - [PostgreSQL] Column 'data_value' -> NUMERIC
[2026-04-21T15:21:17.078+0000] {logging_mixin.py:151} WARNING - /opt/python-etl/pipelines/structured_pipeline.py:211 UserWarning: Could not infer format, so each element will be parsed individually, falling back to `dateutil`. To ensure parsing is consistent and as-expected, please specify a format.
[2026-04-21T15:21:17.078+0000] {structured_pipeline.py:419} INFO - [PostgreSQL] Column 'suppressed' -> TEXT
[2026-04-21T15:21:17.082+0000] {logging_mixin.py:151} WARNING - /opt/python-etl/pipelines/structured_pipeline.py:211 UserWarning: Could not infer format, so each element will be parsed individually, falling back to `dateutil`. To ensure parsing is consistent and as-expected, please specify a format.
[2026-04-21T15:21:17.083+0000] {structured_pipeline.py:419} INFO - [PostgreSQL] Column 'status' -> TEXT
[2026-04-21T15:21:17.087+0000] {logging_mixin.py:151} WARNING - /opt/python-etl/pipelines/structured_pipeline.py:211 UserWarning: Could not infer format, so each element will be parsed individually, falling back to `dateutil`. To ensure parsing is consistent and as-expected, please specify a format.
[2026-04-21T15:21:17.088+0000] {structured_pipeline.py:419} INFO - [PostgreSQL] Column 'units' -> TEXT
[2026-04-21T15:21:17.089+0000] {structured_pipeline.py:419} INFO - [PostgreSQL] Column 'magnitude' -> INTEGER
[2026-04-21T15:21:17.094+0000] {logging_mixin.py:151} WARNING - /opt/python-etl/pipelines/structured_pipeline.py:211 UserWarning: Could not infer format, so each element will be parsed individually, falling back to `dateutil`. To ensure parsing is consistent and as-expected, please specify a format.
[2026-04-21T15:21:17.094+0000] {structured_pipeline.py:419} INFO - [PostgreSQL] Column 'subject' -> TEXT
[2026-04-21T15:21:17.099+0000] {logging_mixin.py:151} WARNING - /opt/python-etl/pipelines/structured_pipeline.py:211 UserWarning: Could not infer format, so each element will be parsed individually, falling back to `dateutil`. To ensure parsing is consistent and as-expected, please specify a format.
[2026-04-21T15:21:17.100+0000] {structured_pipeline.py:419} INFO - [PostgreSQL] Column 'group' -> TEXT
[2026-04-21T15:21:17.105+0000] {logging_mixin.py:151} WARNING - /opt/python-etl/pipelines/structured_pipeline.py:211 UserWarning: Could not infer format, so each element will be parsed individually, falling back to `dateutil`. To ensure parsing is consistent and as-expected, please specify a format.
[2026-04-21T15:21:17.105+0000] {structured_pipeline.py:419} INFO - [PostgreSQL] Column 'series_title_1' -> TEXT
[2026-04-21T15:21:17.110+0000] {logging_mixin.py:151} WARNING - /opt/python-etl/pipelines/structured_pipeline.py:211 UserWarning: Could not infer format, so each element will be parsed individually, falling back to `dateutil`. To ensure parsing is consistent and as-expected, please specify a format.
[2026-04-21T15:21:17.110+0000] {structured_pipeline.py:419} INFO - [PostgreSQL] Column 'series_title_2' -> TEXT
[2026-04-21T15:21:17.115+0000] {logging_mixin.py:151} WARNING - /opt/python-etl/pipelines/structured_pipeline.py:211 UserWarning: Could not infer format, so each element will be parsed individually, falling back to `dateutil`. To ensure parsing is consistent and as-expected, please specify a format.
[2026-04-21T15:21:17.115+0000] {structured_pipeline.py:419} INFO - [PostgreSQL] Column 'series_title_3' -> TEXT
[2026-04-21T15:21:17.115+0000] {structured_pipeline.py:419} INFO - [PostgreSQL] Column 'series_title_4' -> TEXT
[2026-04-21T15:21:17.115+0000] {structured_pipeline.py:419} INFO - [PostgreSQL] Column 'series_title_5' -> TEXT
[2026-04-21T15:21:17.117+0000] {structured_pipeline.py:431} INFO - [PostgreSQL] Dropped existing table: data_machine_readable_business_employment_data_dec_2025_quarter
[2026-04-21T15:21:17.124+0000] {structured_pipeline.py:435} INFO - [PostgreSQL] Created table: data_machine_readable_business_employment_data_dec_2025_quarter
[2026-04-21T15:21:17.745+0000] {structured_pipeline.py:562} INFO - [PostgreSQL] Loaded 25672 rows into data_machine_readable_business_employment_data_dec_2025_quarter
[2026-04-21T15:21:17.751+0000] {structured_pipeline.py:576} INFO - [Parquet] Writing Parquet file...
[2026-04-21T15:21:17.891+0000] {structured_pipeline.py:603} INFO - [Parquet] Saved to: processed/structured/machine-readable-business-employment-data-dec-2025-quarter.parquet
[2026-04-21T15:21:17.898+0000] {structured_pipeline.py:699} INFO - [structured] ✅ Successfully processed raw/machine-readable-business-employment-data-dec-2025-quarter.csv
[2026-04-21T15:21:17.900+0000] {etl_manager.py:287} INFO - ETL completed: raw/machine-readable-business-employment-data-dec-2025-quarter.csv
[2026-04-21T15:21:17.901+0000] {logging_mixin.py:151} INFO - [DISPATCHER] Archiving raw/machine-readable-business-employment-data-dec-2025-quarter.csv -> raw-data/2026-04-21/machine-readable-business-employment-data-dec-2025-quarter.csv
[2026-04-21T15:21:17.953+0000] {logging_mixin.py:151} INFO - [DISPATCHER] catalog_upsert failed for raw-data/2026-04-21/machine-readable-business-employment-data-dec-2025-quarter.csv: column "content_hash" of relation "minio_data_catalog" does not exist
LINE 4:                  row_count, text_extracted, content_hash, up...
                                                    ^
[2026-04-21T15:21:17.953+0000] {logging_mixin.py:151} INFO - [DISPATCHER] Catalog updated for archive: raw-data/2026-04-21/machine-readable-business-employment-data-dec-2025-quarter.csv
[2026-04-21T15:21:17.965+0000] {logging_mixin.py:151} INFO - [DISPATCHER] Completed & removed landing copy: raw/machine-readable-business-employment-data-dec-2025-quarter.csv
[2026-04-21T15:21:17.965+0000] {logging_mixin.py:151} INFO - [DISPATCHER] Found file: raw/sample-withtables.pdf
[2026-04-21T15:21:17.980+0000] {pdf_pipeline.py:395} INFO - [pdf] Processing raw/sample-withtables.pdf
[2026-04-21T15:21:17.985+0000] {pdf_pipeline.py:427} INFO - [pdf] Extracting text from PDF...
[2026-04-21T15:21:18.662+0000] {pdf_pipeline.py:445} INFO - [pdf] Processed 10/11 pages
[2026-04-21T15:21:18.687+0000] {pdf_pipeline.py:449} INFO - [pdf] Extracted 8510 characters of text from 11 pages
[2026-04-21T15:21:18.692+0000] {pdf_pipeline.py:468} INFO - [pdf] Uploaded extracted text -> processed/unstructured/text-extracted/sample-withtables.txt
[2026-04-21T15:21:18.694+0000] {pdf_pipeline.py:77} ERROR - [pdf] Failed saving to unstructured_documents: there is no unique or exclusion constraint matching the ON CONFLICT specification
Traceback (most recent call last):
  File "/opt/python-etl/pipelines/pdf_pipeline.py", line 60, in _save_unstructured_doc
    cursor.execute(
psycopg2.errors.InvalidColumnReference: there is no unique or exclusion constraint matching the ON CONFLICT specification

[2026-04-21T15:21:18.695+0000] {pdf_pipeline.py:80} WARNING - [pdf] Continuing pipeline despite unstructured_documents save failure
[2026-04-21T15:21:18.695+0000] {pdf_pipeline.py:490} INFO - [pdf] Extracting tables from PDF...
[2026-04-21T15:21:18.914+0000] {pdf_pipeline.py:263} INFO - [pdf] Uploaded table CSV -> processed/structured/pdf-tables/sample-withtables_page1_table1.csv
[2026-04-21T15:21:18.918+0000] {structured_pipeline.py:108} INFO - Table name: data_sample_withtables_page1_table1
[2026-04-21T15:21:18.919+0000] {structured_pipeline.py:124} INFO - [Normalize] Normalizing DataFrame with 3 columns
[2026-04-21T15:21:18.924+0000] {logging_mixin.py:151} WARNING - /opt/python-etl/pipelines/structured_pipeline.py:211 UserWarning: Could not infer format, so each element will be parsed individually, falling back to `dateutil`. To ensure parsing is consistent and as-expected, please specify a format.
[2026-04-21T15:21:18.926+0000] {logging_mixin.py:151} WARNING - /opt/python-etl/pipelines/structured_pipeline.py:211 UserWarning: Could not infer format, so each element will be parsed individually, falling back to `dateutil`. To ensure parsing is consistent and as-expected, please specify a format.
[2026-04-21T15:21:18.928+0000] {logging_mixin.py:151} WARNING - /opt/python-etl/pipelines/structured_pipeline.py:211 UserWarning: Could not infer format, so each element will be parsed individually, falling back to `dateutil`. To ensure parsing is consistent and as-expected, please specify a format.
[2026-04-21T15:21:18.933+0000] {pdf_pipeline.py:327} INFO - [pdf] Created table: data_sample_withtables_page1_table1
[2026-04-21T15:21:18.935+0000] {pdf_pipeline.py:340} INFO - [pdf] Loaded 2 rows into data_sample_withtables_page1_table1
[2026-04-21T15:21:18.939+0000] {pdf_pipeline.py:552} INFO - [pdf] Processed table 1: 2 rows, 3 columns
[2026-04-21T15:21:18.955+0000] {pdf_pipeline.py:263} INFO - [pdf] Uploaded table CSV -> processed/structured/pdf-tables/sample-withtables_page1_table2.csv
[2026-04-21T15:21:18.955+0000] {structured_pipeline.py:108} INFO - Table name: data_sample_withtables_page1_table2
[2026-04-21T15:21:18.956+0000] {structured_pipeline.py:124} INFO - [Normalize] Normalizing DataFrame with 4 columns
[2026-04-21T15:21:18.960+0000] {logging_mixin.py:151} WARNING - /opt/python-etl/pipelines/structured_pipeline.py:211 UserWarning: Could not infer format, so each element will be parsed individually, falling back to `dateutil`. To ensure parsing is consistent and as-expected, please specify a format.
[2026-04-21T15:21:18.962+0000] {logging_mixin.py:151} WARNING - /opt/python-etl/pipelines/structured_pipeline.py:211 UserWarning: Could not infer format, so each element will be parsed individually, falling back to `dateutil`. To ensure parsing is consistent and as-expected, please specify a format.
[2026-04-21T15:21:18.964+0000] {pdf_pipeline.py:327} INFO - [pdf] Created table: data_sample_withtables_page1_table2
[2026-04-21T15:21:18.972+0000] {pdf_pipeline.py:340} INFO - [pdf] Loaded 7 rows into data_sample_withtables_page1_table2
[2026-04-21T15:21:18.974+0000] {pdf_pipeline.py:552} INFO - [pdf] Processed table 2: 7 rows, 4 columns
[2026-04-21T15:21:18.983+0000] {pdf_pipeline.py:263} INFO - [pdf] Uploaded table CSV -> processed/structured/pdf-tables/sample-withtables_page1_table3.csv
[2026-04-21T15:21:18.983+0000] {structured_pipeline.py:108} INFO - Table name: data_sample_withtables_page1_table3
[2026-04-21T15:21:18.984+0000] {structured_pipeline.py:124} INFO - [Normalize] Normalizing DataFrame with 2 columns
[2026-04-21T15:21:18.987+0000] {logging_mixin.py:151} WARNING - /opt/python-etl/pipelines/structured_pipeline.py:211 UserWarning: Could not infer format, so each element will be parsed individually, falling back to `dateutil`. To ensure parsing is consistent and as-expected, please specify a format.
[2026-04-21T15:21:18.989+0000] {logging_mixin.py:151} WARNING - /opt/python-etl/pipelines/structured_pipeline.py:211 UserWarning: Could not infer format, so each element will be parsed individually, falling back to `dateutil`. To ensure parsing is consistent and as-expected, please specify a format.
[2026-04-21T15:21:18.992+0000] {pdf_pipeline.py:327} INFO - [pdf] Created table: data_sample_withtables_page1_table3
[2026-04-21T15:21:18.997+0000] {pdf_pipeline.py:340} INFO - [pdf] Loaded 5 rows into data_sample_withtables_page1_table3
[2026-04-21T15:21:19.001+0000] {pdf_pipeline.py:552} INFO - [pdf] Processed table 3: 5 rows, 2 columns
[2026-04-21T15:21:19.193+0000] {pdf_pipeline.py:263} INFO - [pdf] Uploaded table CSV -> processed/structured/pdf-tables/sample-withtables_page2_table1.csv
[2026-04-21T15:21:19.194+0000] {structured_pipeline.py:108} INFO - Table name: data_sample_withtables_page2_table1
[2026-04-21T15:21:19.194+0000] {structured_pipeline.py:124} INFO - [Normalize] Normalizing DataFrame with 2 columns
[2026-04-21T15:21:19.196+0000] {logging_mixin.py:151} WARNING - /opt/python-etl/pipelines/structured_pipeline.py:211 UserWarning: Could not infer format, so each element will be parsed individually, falling back to `dateutil`. To ensure parsing is consistent and as-expected, please specify a format.
[2026-04-21T15:21:19.197+0000] {logging_mixin.py:151} WARNING - /opt/python-etl/pipelines/structured_pipeline.py:211 UserWarning: Could not infer format, so each element will be parsed individually, falling back to `dateutil`. To ensure parsing is consistent and as-expected, please specify a format.
[2026-04-21T15:21:19.199+0000] {pdf_pipeline.py:327} INFO - [pdf] Created table: data_sample_withtables_page2_table1
[2026-04-21T15:21:19.200+0000] {pdf_pipeline.py:340} INFO - [pdf] Loaded 6 rows into data_sample_withtables_page2_table1
[2026-04-21T15:21:19.202+0000] {pdf_pipeline.py:552} INFO - [pdf] Processed table 4: 6 rows, 2 columns
[2026-04-21T15:21:19.210+0000] {pdf_pipeline.py:263} INFO - [pdf] Uploaded table CSV -> processed/structured/pdf-tables/sample-withtables_page2_table2.csv
[2026-04-21T15:21:19.210+0000] {structured_pipeline.py:108} INFO - Table name: data_sample_withtables_page2_table2
[2026-04-21T15:21:19.210+0000] {structured_pipeline.py:124} INFO - [Normalize] Normalizing DataFrame with 4 columns
[2026-04-21T15:21:19.215+0000] {logging_mixin.py:151} WARNING - /opt/python-etl/pipelines/structured_pipeline.py:211 UserWarning: Could not infer format, so each element will be parsed individually, falling back to `dateutil`. To ensure parsing is consistent and as-expected, please specify a format.
[2026-04-21T15:21:19.218+0000] {pdf_pipeline.py:327} INFO - [pdf] Created table: data_sample_withtables_page2_table2
[2026-04-21T15:21:19.222+0000] {pdf_pipeline.py:340} INFO - [pdf] Loaded 8 rows into data_sample_withtables_page2_table2
[2026-04-21T15:21:19.224+0000] {pdf_pipeline.py:552} INFO - [pdf] Processed table 5: 8 rows, 4 columns
[2026-04-21T15:21:19.232+0000] {pdf_pipeline.py:263} INFO - [pdf] Uploaded table CSV -> processed/structured/pdf-tables/sample-withtables_page2_table3.csv
[2026-04-21T15:21:19.232+0000] {structured_pipeline.py:108} INFO - Table name: data_sample_withtables_page2_table3
[2026-04-21T15:21:19.233+0000] {structured_pipeline.py:124} INFO - [Normalize] Normalizing DataFrame with 5 columns
[2026-04-21T15:21:19.242+0000] {pdf_pipeline.py:327} INFO - [pdf] Created table: data_sample_withtables_page2_table3
[2026-04-21T15:21:19.244+0000] {pdf_pipeline.py:340} INFO - [pdf] Loaded 8 rows into data_sample_withtables_page2_table3
[2026-04-21T15:21:19.246+0000] {pdf_pipeline.py:552} INFO - [pdf] Processed table 6: 8 rows, 5 columns
[2026-04-21T15:21:19.354+0000] {pdf_pipeline.py:263} INFO - [pdf] Uploaded table CSV -> processed/structured/pdf-tables/sample-withtables_page3_table1.csv
[2026-04-21T15:21:19.354+0000] {structured_pipeline.py:108} INFO - Table name: data_sample_withtables_page3_table1
[2026-04-21T15:21:19.355+0000] {structured_pipeline.py:124} INFO - [Normalize] Normalizing DataFrame with 4 columns
[2026-04-21T15:21:19.360+0000] {logging_mixin.py:151} WARNING - /opt/python-etl/pipelines/structured_pipeline.py:211 UserWarning: Could not infer format, so each element will be parsed individually, falling back to `dateutil`. To ensure parsing is consistent and as-expected, please specify a format.
[2026-04-21T15:21:19.366+0000] {pdf_pipeline.py:327} INFO - [pdf] Created table: data_sample_withtables_page3_table1
[2026-04-21T15:21:19.369+0000] {pdf_pipeline.py:340} INFO - [pdf] Loaded 3 rows into data_sample_withtables_page3_table1
[2026-04-21T15:21:19.371+0000] {pdf_pipeline.py:552} INFO - [pdf] Processed table 7: 3 rows, 4 columns
[2026-04-21T15:21:19.382+0000] {pdf_pipeline.py:263} INFO - [pdf] Uploaded table CSV -> processed/structured/pdf-tables/sample-withtables_page3_table2.csv
[2026-04-21T15:21:19.382+0000] {structured_pipeline.py:108} INFO - Table name: data_sample_withtables_page3_table2
[2026-04-21T15:21:19.383+0000] {structured_pipeline.py:124} INFO - [Normalize] Normalizing DataFrame with 4 columns
[2026-04-21T15:21:19.390+0000] {logging_mixin.py:151} WARNING - /opt/python-etl/pipelines/structured_pipeline.py:211 UserWarning: Could not infer format, so each element will be parsed individually, falling back to `dateutil`. To ensure parsing is consistent and as-expected, please specify a format.
[2026-04-21T15:21:19.397+0000] {pdf_pipeline.py:327} INFO - [pdf] Created table: data_sample_withtables_page3_table2
[2026-04-21T15:21:19.400+0000] {pdf_pipeline.py:340} INFO - [pdf] Loaded 3 rows into data_sample_withtables_page3_table2
[2026-04-21T15:21:19.402+0000] {pdf_pipeline.py:552} INFO - [pdf] Processed table 8: 3 rows, 4 columns
[2026-04-21T15:21:19.414+0000] {pdf_pipeline.py:263} INFO - [pdf] Uploaded table CSV -> processed/structured/pdf-tables/sample-withtables_page3_table3.csv
[2026-04-21T15:21:19.414+0000] {structured_pipeline.py:108} INFO - Table name: data_sample_withtables_page3_table3
[2026-04-21T15:21:19.416+0000] {structured_pipeline.py:124} INFO - [Normalize] Normalizing DataFrame with 5 columns
[2026-04-21T15:21:19.424+0000] {logging_mixin.py:151} WARNING - /opt/python-etl/pipelines/structured_pipeline.py:211 UserWarning: Could not infer format, so each element will be parsed individually, falling back to `dateutil`. To ensure parsing is consistent and as-expected, please specify a format.
[2026-04-21T15:21:19.428+0000] {pdf_pipeline.py:327} INFO - [pdf] Created table: data_sample_withtables_page3_table3
[2026-04-21T15:21:19.430+0000] {pdf_pipeline.py:340} INFO - [pdf] Loaded 3 rows into data_sample_withtables_page3_table3
[2026-04-21T15:21:19.433+0000] {pdf_pipeline.py:552} INFO - [pdf] Processed table 9: 3 rows, 5 columns
[2026-04-21T15:21:19.659+0000] {pdf_pipeline.py:263} INFO - [pdf] Uploaded table CSV -> processed/structured/pdf-tables/sample-withtables_page4_table1.csv
[2026-04-21T15:21:19.659+0000] {structured_pipeline.py:108} INFO - Table name: data_sample_withtables_page4_table1
[2026-04-21T15:21:19.659+0000] {structured_pipeline.py:124} INFO - [Normalize] Normalizing DataFrame with 5 columns
[2026-04-21T15:21:19.662+0000] {logging_mixin.py:151} WARNING - /opt/python-etl/pipelines/structured_pipeline.py:211 UserWarning: Could not infer format, so each element will be parsed individually, falling back to `dateutil`. To ensure parsing is consistent and as-expected, please specify a format.
[2026-04-21T15:21:19.663+0000] {logging_mixin.py:151} WARNING - /opt/python-etl/pipelines/structured_pipeline.py:211 UserWarning: Could not infer format, so each element will be parsed individually, falling back to `dateutil`. To ensure parsing is consistent and as-expected, please specify a format.
[2026-04-21T15:21:19.665+0000] {logging_mixin.py:151} WARNING - /opt/python-etl/pipelines/structured_pipeline.py:211 UserWarning: Could not infer format, so each element will be parsed individually, falling back to `dateutil`. To ensure parsing is consistent and as-expected, please specify a format.
[2026-04-21T15:21:19.667+0000] {logging_mixin.py:151} WARNING - /opt/python-etl/pipelines/structured_pipeline.py:211 UserWarning: Could not infer format, so each element will be parsed individually, falling back to `dateutil`. To ensure parsing is consistent and as-expected, please specify a format.
[2026-04-21T15:21:19.669+0000] {logging_mixin.py:151} WARNING - /opt/python-etl/pipelines/structured_pipeline.py:211 UserWarning: Could not infer format, so each element will be parsed individually, falling back to `dateutil`. To ensure parsing is consistent and as-expected, please specify a format.
[2026-04-21T15:21:19.670+0000] {pdf_pipeline.py:327} INFO - [pdf] Created table: data_sample_withtables_page4_table1
[2026-04-21T15:21:19.673+0000] {pdf_pipeline.py:340} INFO - [pdf] Loaded 13 rows into data_sample_withtables_page4_table1
[2026-04-21T15:21:19.676+0000] {pdf_pipeline.py:552} INFO - [pdf] Processed table 10: 13 rows, 5 columns
[2026-04-21T15:21:19.683+0000] {pdf_pipeline.py:263} INFO - [pdf] Uploaded table CSV -> processed/structured/pdf-tables/sample-withtables_page4_table2.csv
[2026-04-21T15:21:19.684+0000] {structured_pipeline.py:108} INFO - Table name: data_sample_withtables_page4_table2
[2026-04-21T15:21:19.684+0000] {structured_pipeline.py:124} INFO - [Normalize] Normalizing DataFrame with 4 columns
[2026-04-21T15:21:19.690+0000] {logging_mixin.py:151} WARNING - /opt/python-etl/pipelines/structured_pipeline.py:211 UserWarning: Could not infer format, so each element will be parsed individually, falling back to `dateutil`. To ensure parsing is consistent and as-expected, please specify a format.
[2026-04-21T15:21:19.692+0000] {logging_mixin.py:151} WARNING - /opt/python-etl/pipelines/structured_pipeline.py:211 UserWarning: Could not infer format, so each element will be parsed individually, falling back to `dateutil`. To ensure parsing is consistent and as-expected, please specify a format.
[2026-04-21T15:21:19.694+0000] {logging_mixin.py:151} WARNING - /opt/python-etl/pipelines/structured_pipeline.py:211 UserWarning: Could not infer format, so each element will be parsed individually, falling back to `dateutil`. To ensure parsing is consistent and as-expected, please specify a format.
[2026-04-21T15:21:19.695+0000] {logging_mixin.py:151} WARNING - /opt/python-etl/pipelines/structured_pipeline.py:211 UserWarning: Could not infer format, so each element will be parsed individually, falling back to `dateutil`. To ensure parsing is consistent and as-expected, please specify a format.
[2026-04-21T15:21:19.696+0000] {pdf_pipeline.py:327} INFO - [pdf] Created table: data_sample_withtables_page4_table2
[2026-04-21T15:21:19.698+0000] {pdf_pipeline.py:340} INFO - [pdf] Loaded 11 rows into data_sample_withtables_page4_table2
[2026-04-21T15:21:19.699+0000] {pdf_pipeline.py:552} INFO - [pdf] Processed table 11: 11 rows, 4 columns
[2026-04-21T15:21:19.893+0000] {pdf_pipeline.py:263} INFO - [pdf] Uploaded table CSV -> processed/structured/pdf-tables/sample-withtables_page5_table1.csv
[2026-04-21T15:21:19.893+0000] {structured_pipeline.py:108} INFO - Table name: data_sample_withtables_page5_table1
[2026-04-21T15:21:19.894+0000] {structured_pipeline.py:124} INFO - [Normalize] Normalizing DataFrame with 5 columns
[2026-04-21T15:21:19.896+0000] {logging_mixin.py:151} WARNING - /opt/python-etl/pipelines/structured_pipeline.py:211 UserWarning: Could not infer format, so each element will be parsed individually, falling back to `dateutil`. To ensure parsing is consistent and as-expected, please specify a format.
[2026-04-21T15:21:19.898+0000] {logging_mixin.py:151} WARNING - /opt/python-etl/pipelines/structured_pipeline.py:211 UserWarning: Could not infer format, so each element will be parsed individually, falling back to `dateutil`. To ensure parsing is consistent and as-expected, please specify a format.
[2026-04-21T15:21:19.900+0000] {logging_mixin.py:151} WARNING - /opt/python-etl/pipelines/structured_pipeline.py:211 UserWarning: Could not infer format, so each element will be parsed individually, falling back to `dateutil`. To ensure parsing is consistent and as-expected, please specify a format.
[2026-04-21T15:21:19.901+0000] {logging_mixin.py:151} WARNING - /opt/python-etl/pipelines/structured_pipeline.py:211 UserWarning: Could not infer format, so each element will be parsed individually, falling back to `dateutil`. To ensure parsing is consistent and as-expected, please specify a format.
[2026-04-21T15:21:19.903+0000] {logging_mixin.py:151} WARNING - /opt/python-etl/pipelines/structured_pipeline.py:211 UserWarning: Could not infer format, so each element will be parsed individually, falling back to `dateutil`. To ensure parsing is consistent and as-expected, please specify a format.
[2026-04-21T15:21:19.904+0000] {pdf_pipeline.py:327} INFO - [pdf] Created table: data_sample_withtables_page5_table1
[2026-04-21T15:21:19.907+0000] {pdf_pipeline.py:340} INFO - [pdf] Loaded 4 rows into data_sample_withtables_page5_table1
[2026-04-21T15:21:19.908+0000] {pdf_pipeline.py:552} INFO - [pdf] Processed table 12: 4 rows, 5 columns
[2026-04-21T15:21:19.919+0000] {pdf_pipeline.py:263} INFO - [pdf] Uploaded table CSV -> processed/structured/pdf-tables/sample-withtables_page5_table2.csv
[2026-04-21T15:21:19.919+0000] {structured_pipeline.py:108} INFO - Table name: data_sample_withtables_page5_table2
[2026-04-21T15:21:19.920+0000] {structured_pipeline.py:124} INFO - [Normalize] Normalizing DataFrame with 4 columns
[2026-04-21T15:21:19.922+0000] {logging_mixin.py:151} WARNING - /opt/python-etl/pipelines/structured_pipeline.py:211 UserWarning: Could not infer format, so each element will be parsed individually, falling back to `dateutil`. To ensure parsing is consistent and as-expected, please specify a format.
[2026-04-21T15:21:19.925+0000] {logging_mixin.py:151} WARNING - /opt/python-etl/pipelines/structured_pipeline.py:211 UserWarning: Could not infer format, so each element will be parsed individually, falling back to `dateutil`. To ensure parsing is consistent and as-expected, please specify a format.
[2026-04-21T15:21:19.927+0000] {logging_mixin.py:151} WARNING - /opt/python-etl/pipelines/structured_pipeline.py:211 UserWarning: Could not infer format, so each element will be parsed individually, falling back to `dateutil`. To ensure parsing is consistent and as-expected, please specify a format.
[2026-04-21T15:21:19.929+0000] {logging_mixin.py:151} WARNING - /opt/python-etl/pipelines/structured_pipeline.py:211 UserWarning: Could not infer format, so each element will be parsed individually, falling back to `dateutil`. To ensure parsing is consistent and as-expected, please specify a format.
[2026-04-21T15:21:19.931+0000] {pdf_pipeline.py:327} INFO - [pdf] Created table: data_sample_withtables_page5_table2
[2026-04-21T15:21:19.933+0000] {pdf_pipeline.py:340} INFO - [pdf] Loaded 3 rows into data_sample_withtables_page5_table2
[2026-04-21T15:21:19.934+0000] {pdf_pipeline.py:552} INFO - [pdf] Processed table 13: 3 rows, 4 columns
[2026-04-21T15:21:19.946+0000] {pdf_pipeline.py:263} INFO - [pdf] Uploaded table CSV -> processed/structured/pdf-tables/sample-withtables_page5_table3.csv
[2026-04-21T15:21:19.946+0000] {structured_pipeline.py:108} INFO - Table name: data_sample_withtables_page5_table3
[2026-04-21T15:21:19.947+0000] {structured_pipeline.py:124} INFO - [Normalize] Normalizing DataFrame with 4 columns
[2026-04-21T15:21:19.949+0000] {logging_mixin.py:151} WARNING - /opt/python-etl/pipelines/structured_pipeline.py:211 UserWarning: Could not infer format, so each element will be parsed individually, falling back to `dateutil`. To ensure parsing is consistent and as-expected, please specify a format.
[2026-04-21T15:21:19.952+0000] {pdf_pipeline.py:327} INFO - [pdf] Created table: data_sample_withtables_page5_table3
[2026-04-21T15:21:19.955+0000] {pdf_pipeline.py:340} INFO - [pdf] Loaded 3 rows into data_sample_withtables_page5_table3
[2026-04-21T15:21:19.958+0000] {pdf_pipeline.py:552} INFO - [pdf] Processed table 14: 3 rows, 4 columns
[2026-04-21T15:21:19.970+0000] {pdf_pipeline.py:263} INFO - [pdf] Uploaded table CSV -> processed/structured/pdf-tables/sample-withtables_page5_table4.csv
[2026-04-21T15:21:19.970+0000] {structured_pipeline.py:108} INFO - Table name: data_sample_withtables_page5_table4
[2026-04-21T15:21:19.971+0000] {structured_pipeline.py:124} INFO - [Normalize] Normalizing DataFrame with 5 columns
[2026-04-21T15:21:19.975+0000] {logging_mixin.py:151} WARNING - /opt/python-etl/pipelines/structured_pipeline.py:211 UserWarning: Could not infer format, so each element will be parsed individually, falling back to `dateutil`. To ensure parsing is consistent and as-expected, please specify a format.
[2026-04-21T15:21:19.978+0000] {logging_mixin.py:151} WARNING - /opt/python-etl/pipelines/structured_pipeline.py:211 UserWarning: Could not infer format, so each element will be parsed individually, falling back to `dateutil`. To ensure parsing is consistent and as-expected, please specify a format.
[2026-04-21T15:21:19.979+0000] {logging_mixin.py:151} WARNING - /opt/python-etl/pipelines/structured_pipeline.py:211 UserWarning: Could not infer format, so each element will be parsed individually, falling back to `dateutil`. To ensure parsing is consistent and as-expected, please specify a format.
[2026-04-21T15:21:19.981+0000] {logging_mixin.py:151} WARNING - /opt/python-etl/pipelines/structured_pipeline.py:211 UserWarning: Could not infer format, so each element will be parsed individually, falling back to `dateutil`. To ensure parsing is consistent and as-expected, please specify a format.
[2026-04-21T15:21:19.982+0000] {logging_mixin.py:151} WARNING - /opt/python-etl/pipelines/structured_pipeline.py:211 UserWarning: Could not infer format, so each element will be parsed individually, falling back to `dateutil`. To ensure parsing is consistent and as-expected, please specify a format.
[2026-04-21T15:21:19.985+0000] {pdf_pipeline.py:327} INFO - [pdf] Created table: data_sample_withtables_page5_table4
[2026-04-21T15:21:19.987+0000] {pdf_pipeline.py:340} INFO - [pdf] Loaded 6 rows into data_sample_withtables_page5_table4
[2026-04-21T15:21:19.989+0000] {pdf_pipeline.py:552} INFO - [pdf] Processed table 15: 6 rows, 5 columns
[2026-04-21T15:21:20.178+0000] {pdf_pipeline.py:263} INFO - [pdf] Uploaded table CSV -> processed/structured/pdf-tables/sample-withtables_page6_table1.csv
[2026-04-21T15:21:20.178+0000] {structured_pipeline.py:108} INFO - Table name: data_sample_withtables_page6_table1
[2026-04-21T15:21:20.179+0000] {structured_pipeline.py:124} INFO - [Normalize] Normalizing DataFrame with 5 columns
[2026-04-21T15:21:20.183+0000] {logging_mixin.py:151} WARNING - /opt/python-etl/pipelines/structured_pipeline.py:211 UserWarning: Could not infer format, so each element will be parsed individually, falling back to `dateutil`. To ensure parsing is consistent and as-expected, please specify a format.
[2026-04-21T15:21:20.185+0000] {pdf_pipeline.py:327} INFO - [pdf] Created table: data_sample_withtables_page6_table1
[2026-04-21T15:21:20.188+0000] {pdf_pipeline.py:340} INFO - [pdf] Loaded 6 rows into data_sample_withtables_page6_table1
[2026-04-21T15:21:20.190+0000] {pdf_pipeline.py:552} INFO - [pdf] Processed table 16: 6 rows, 5 columns
[2026-04-21T15:21:20.202+0000] {pdf_pipeline.py:263} INFO - [pdf] Uploaded table CSV -> processed/structured/pdf-tables/sample-withtables_page6_table2.csv
[2026-04-21T15:21:20.202+0000] {structured_pipeline.py:108} INFO - Table name: data_sample_withtables_page6_table2
[2026-04-21T15:21:20.202+0000] {structured_pipeline.py:124} INFO - [Normalize] Normalizing DataFrame with 3 columns
[2026-04-21T15:21:20.208+0000] {logging_mixin.py:151} WARNING - /opt/python-etl/pipelines/structured_pipeline.py:211 UserWarning: Could not infer format, so each element will be parsed individually, falling back to `dateutil`. To ensure parsing is consistent and as-expected, please specify a format.
[2026-04-21T15:21:20.209+0000] {logging_mixin.py:151} WARNING - /opt/python-etl/pipelines/structured_pipeline.py:211 UserWarning: Could not infer format, so each element will be parsed individually, falling back to `dateutil`. To ensure parsing is consistent and as-expected, please specify a format.
[2026-04-21T15:21:20.210+0000] {logging_mixin.py:151} WARNING - /opt/python-etl/pipelines/structured_pipeline.py:211 UserWarning: Could not infer format, so each element will be parsed individually, falling back to `dateutil`. To ensure parsing is consistent and as-expected, please specify a format.
[2026-04-21T15:21:20.211+0000] {pdf_pipeline.py:327} INFO - [pdf] Created table: data_sample_withtables_page6_table2
[2026-04-21T15:21:20.213+0000] {pdf_pipeline.py:340} INFO - [pdf] Loaded 10 rows into data_sample_withtables_page6_table2
[2026-04-21T15:21:20.214+0000] {pdf_pipeline.py:552} INFO - [pdf] Processed table 17: 10 rows, 3 columns
[2026-04-21T15:21:20.226+0000] {pdf_pipeline.py:263} INFO - [pdf] Uploaded table CSV -> processed/structured/pdf-tables/sample-withtables_page6_table3.csv
[2026-04-21T15:21:20.226+0000] {structured_pipeline.py:108} INFO - Table name: data_sample_withtables_page6_table3
[2026-04-21T15:21:20.226+0000] {structured_pipeline.py:124} INFO - [Normalize] Normalizing DataFrame with 3 columns
[2026-04-21T15:21:20.228+0000] {logging_mixin.py:151} WARNING - /opt/python-etl/pipelines/structured_pipeline.py:211 UserWarning: Could not infer format, so each element will be parsed individually, falling back to `dateutil`. To ensure parsing is consistent and as-expected, please specify a format.
[2026-04-21T15:21:20.230+0000] {logging_mixin.py:151} WARNING - /opt/python-etl/pipelines/structured_pipeline.py:211 UserWarning: Could not infer format, so each element will be parsed individually, falling back to `dateutil`. To ensure parsing is consistent and as-expected, please specify a format.
[2026-04-21T15:21:20.232+0000] {logging_mixin.py:151} WARNING - /opt/python-etl/pipelines/structured_pipeline.py:211 UserWarning: Could not infer format, so each element will be parsed individually, falling back to `dateutil`. To ensure parsing is consistent and as-expected, please specify a format.
[2026-04-21T15:21:20.234+0000] {pdf_pipeline.py:327} INFO - [pdf] Created table: data_sample_withtables_page6_table3
[2026-04-21T15:21:20.237+0000] {pdf_pipeline.py:340} INFO - [pdf] Loaded 10 rows into data_sample_withtables_page6_table3
[2026-04-21T15:21:20.239+0000] {pdf_pipeline.py:552} INFO - [pdf] Processed table 18: 10 rows, 3 columns
[2026-04-21T15:21:20.385+0000] {pdf_pipeline.py:263} INFO - [pdf] Uploaded table CSV -> processed/structured/pdf-tables/sample-withtables_page7_table1.csv
[2026-04-21T15:21:20.385+0000] {structured_pipeline.py:108} INFO - Table name: data_sample_withtables_page7_table1
[2026-04-21T15:21:20.386+0000] {structured_pipeline.py:124} INFO - [Normalize] Normalizing DataFrame with 5 columns
[2026-04-21T15:21:20.388+0000] {logging_mixin.py:151} WARNING - /opt/python-etl/pipelines/structured_pipeline.py:211 UserWarning: Could not infer format, so each element will be parsed individually, falling back to `dateutil`. To ensure parsing is consistent and as-expected, please specify a format.
[2026-04-21T15:21:20.389+0000] {logging_mixin.py:151} WARNING - /opt/python-etl/pipelines/structured_pipeline.py:211 UserWarning: Could not infer format, so each element will be parsed individually, falling back to `dateutil`. To ensure parsing is consistent and as-expected, please specify a format.
[2026-04-21T15:21:20.391+0000] {logging_mixin.py:151} WARNING - /opt/python-etl/pipelines/structured_pipeline.py:211 UserWarning: Could not infer format, so each element will be parsed individually, falling back to `dateutil`. To ensure parsing is consistent and as-expected, please specify a format.
[2026-04-21T15:21:20.393+0000] {pdf_pipeline.py:327} INFO - [pdf] Created table: data_sample_withtables_page7_table1
[2026-04-21T15:21:20.395+0000] {pdf_pipeline.py:340} INFO - [pdf] Loaded 5 rows into data_sample_withtables_page7_table1
[2026-04-21T15:21:20.397+0000] {pdf_pipeline.py:552} INFO - [pdf] Processed table 19: 5 rows, 5 columns
[2026-04-21T15:21:20.406+0000] {pdf_pipeline.py:263} INFO - [pdf] Uploaded table CSV -> processed/structured/pdf-tables/sample-withtables_page7_table2.csv
[2026-04-21T15:21:20.406+0000] {structured_pipeline.py:108} INFO - Table name: data_sample_withtables_page7_table2
[2026-04-21T15:21:20.407+0000] {structured_pipeline.py:124} INFO - [Normalize] Normalizing DataFrame with 4 columns
[2026-04-21T15:21:20.410+0000] {logging_mixin.py:151} WARNING - /opt/python-etl/pipelines/structured_pipeline.py:211 UserWarning: Could not infer format, so each element will be parsed individually, falling back to `dateutil`. To ensure parsing is consistent and as-expected, please specify a format.
[2026-04-21T15:21:20.412+0000] {logging_mixin.py:151} WARNING - /opt/python-etl/pipelines/structured_pipeline.py:211 UserWarning: Could not infer format, so each element will be parsed individually, falling back to `dateutil`. To ensure parsing is consistent and as-expected, please specify a format.
[2026-04-21T15:21:20.415+0000] {pdf_pipeline.py:327} INFO - [pdf] Created table: data_sample_withtables_page7_table2
[2026-04-21T15:21:20.417+0000] {pdf_pipeline.py:340} INFO - [pdf] Loaded 7 rows into data_sample_withtables_page7_table2
[2026-04-21T15:21:20.419+0000] {pdf_pipeline.py:552} INFO - [pdf] Processed table 20: 7 rows, 4 columns
[2026-04-21T15:21:20.768+0000] {pdf_pipeline.py:263} INFO - [pdf] Uploaded table CSV -> processed/structured/pdf-tables/sample-withtables_page8_table1.csv
[2026-04-21T15:21:20.768+0000] {structured_pipeline.py:108} INFO - Table name: data_sample_withtables_page8_table1
[2026-04-21T15:21:20.768+0000] {structured_pipeline.py:124} INFO - [Normalize] Normalizing DataFrame with 4 columns
[2026-04-21T15:21:20.772+0000] {logging_mixin.py:151} WARNING - /opt/python-etl/pipelines/structured_pipeline.py:211 UserWarning: Could not infer format, so each element will be parsed individually, falling back to `dateutil`. To ensure parsing is consistent and as-expected, please specify a format.
[2026-04-21T15:21:20.776+0000] {logging_mixin.py:151} WARNING - /opt/python-etl/pipelines/structured_pipeline.py:211 UserWarning: Could not infer format, so each element will be parsed individually, falling back to `dateutil`. To ensure parsing is consistent and as-expected, please specify a format.
[2026-04-21T15:21:20.778+0000] {pdf_pipeline.py:327} INFO - [pdf] Created table: data_sample_withtables_page8_table1
[2026-04-21T15:21:20.780+0000] {pdf_pipeline.py:340} INFO - [pdf] Loaded 7 rows into data_sample_withtables_page8_table1
[2026-04-21T15:21:20.782+0000] {pdf_pipeline.py:552} INFO - [pdf] Processed table 21: 7 rows, 4 columns
[2026-04-21T15:21:20.790+0000] {pdf_pipeline.py:263} INFO - [pdf] Uploaded table CSV -> processed/structured/pdf-tables/sample-withtables_page8_table2.csv
[2026-04-21T15:21:20.790+0000] {structured_pipeline.py:108} INFO - Table name: data_sample_withtables_page8_table2
[2026-04-21T15:21:20.791+0000] {structured_pipeline.py:124} INFO - [Normalize] Normalizing DataFrame with 4 columns
[2026-04-21T15:21:20.794+0000] {logging_mixin.py:151} WARNING - /opt/python-etl/pipelines/structured_pipeline.py:211 UserWarning: Could not infer format, so each element will be parsed individually, falling back to `dateutil`. To ensure parsing is consistent and as-expected, please specify a format.
[2026-04-21T15:21:20.800+0000] {pdf_pipeline.py:327} INFO - [pdf] Created table: data_sample_withtables_page8_table2
[2026-04-21T15:21:20.801+0000] {pdf_pipeline.py:340} INFO - [pdf] Loaded 7 rows into data_sample_withtables_page8_table2
[2026-04-21T15:21:20.803+0000] {pdf_pipeline.py:552} INFO - [pdf] Processed table 22: 7 rows, 4 columns
[2026-04-21T15:21:20.811+0000] {pdf_pipeline.py:263} INFO - [pdf] Uploaded table CSV -> processed/structured/pdf-tables/sample-withtables_page8_table3.csv
[2026-04-21T15:21:20.811+0000] {structured_pipeline.py:108} INFO - Table name: data_sample_withtables_page8_table3
[2026-04-21T15:21:20.811+0000] {structured_pipeline.py:124} INFO - [Normalize] Normalizing DataFrame with 5 columns
[2026-04-21T15:21:20.814+0000] {logging_mixin.py:151} WARNING - /opt/python-etl/pipelines/structured_pipeline.py:211 UserWarning: Could not infer format, so each element will be parsed individually, falling back to `dateutil`. To ensure parsing is consistent and as-expected, please specify a format.
[2026-04-21T15:21:20.816+0000] {logging_mixin.py:151} WARNING - /opt/python-etl/pipelines/structured_pipeline.py:211 UserWarning: Could not infer format, so each element will be parsed individually, falling back to `dateutil`. To ensure parsing is consistent and as-expected, please specify a format.
[2026-04-21T15:21:20.818+0000] {logging_mixin.py:151} WARNING - /opt/python-etl/pipelines/structured_pipeline.py:211 UserWarning: Could not infer format, so each element will be parsed individually, falling back to `dateutil`. To ensure parsing is consistent and as-expected, please specify a format.
[2026-04-21T15:21:20.819+0000] {logging_mixin.py:151} WARNING - /opt/python-etl/pipelines/structured_pipeline.py:211 UserWarning: Could not infer format, so each element will be parsed individually, falling back to `dateutil`. To ensure parsing is consistent and as-expected, please specify a format.
[2026-04-21T15:21:20.820+0000] {logging_mixin.py:151} WARNING - /opt/python-etl/pipelines/structured_pipeline.py:211 UserWarning: Could not infer format, so each element will be parsed individually, falling back to `dateutil`. To ensure parsing is consistent and as-expected, please specify a format.
[2026-04-21T15:21:20.823+0000] {pdf_pipeline.py:327} INFO - [pdf] Created table: data_sample_withtables_page8_table3
[2026-04-21T15:21:20.825+0000] {pdf_pipeline.py:340} INFO - [pdf] Loaded 3 rows into data_sample_withtables_page8_table3
[2026-04-21T15:21:20.828+0000] {pdf_pipeline.py:552} INFO - [pdf] Processed table 23: 3 rows, 5 columns
[2026-04-21T15:21:21.083+0000] {pdf_pipeline.py:263} INFO - [pdf] Uploaded table CSV -> processed/structured/pdf-tables/sample-withtables_page9_table1.csv
[2026-04-21T15:21:21.083+0000] {structured_pipeline.py:108} INFO - Table name: data_sample_withtables_page9_table1
[2026-04-21T15:21:21.084+0000] {structured_pipeline.py:124} INFO - [Normalize] Normalizing DataFrame with 4 columns
[2026-04-21T15:21:21.090+0000] {logging_mixin.py:151} WARNING - /opt/python-etl/pipelines/structured_pipeline.py:211 UserWarning: Could not infer format, so each element will be parsed individually, falling back to `dateutil`. To ensure parsing is consistent and as-expected, please specify a format.
[2026-04-21T15:21:21.095+0000] {pdf_pipeline.py:327} INFO - [pdf] Created table: data_sample_withtables_page9_table1
[2026-04-21T15:21:21.099+0000] {pdf_pipeline.py:340} INFO - [pdf] Loaded 12 rows into data_sample_withtables_page9_table1
[2026-04-21T15:21:21.100+0000] {pdf_pipeline.py:552} INFO - [pdf] Processed table 24: 12 rows, 4 columns
[2026-04-21T15:21:21.112+0000] {pdf_pipeline.py:263} INFO - [pdf] Uploaded table CSV -> processed/structured/pdf-tables/sample-withtables_page9_table2.csv
[2026-04-21T15:21:21.112+0000] {structured_pipeline.py:108} INFO - Table name: data_sample_withtables_page9_table2
[2026-04-21T15:21:21.116+0000] {structured_pipeline.py:124} INFO - [Normalize] Normalizing DataFrame with 5 columns
[2026-04-21T15:21:21.118+0000] {logging_mixin.py:151} WARNING - /opt/python-etl/pipelines/structured_pipeline.py:211 UserWarning: Could not infer format, so each element will be parsed individually, falling back to `dateutil`. To ensure parsing is consistent and as-expected, please specify a format.
[2026-04-21T15:21:21.121+0000] {logging_mixin.py:151} WARNING - /opt/python-etl/pipelines/structured_pipeline.py:211 UserWarning: Could not infer format, so each element will be parsed individually, falling back to `dateutil`. To ensure parsing is consistent and as-expected, please specify a format.
[2026-04-21T15:21:21.125+0000] {logging_mixin.py:151} WARNING - /opt/python-etl/pipelines/structured_pipeline.py:211 UserWarning: Could not infer format, so each element will be parsed individually, falling back to `dateutil`. To ensure parsing is consistent and as-expected, please specify a format.
[2026-04-21T15:21:21.127+0000] {logging_mixin.py:151} WARNING - /opt/python-etl/pipelines/structured_pipeline.py:211 UserWarning: Could not infer format, so each element will be parsed individually, falling back to `dateutil`. To ensure parsing is consistent and as-expected, please specify a format.
[2026-04-21T15:21:21.129+0000] {logging_mixin.py:151} WARNING - /opt/python-etl/pipelines/structured_pipeline.py:211 UserWarning: Could not infer format, so each element will be parsed individually, falling back to `dateutil`. To ensure parsing is consistent and as-expected, please specify a format.
[2026-04-21T15:21:21.132+0000] {pdf_pipeline.py:327} INFO - [pdf] Created table: data_sample_withtables_page9_table2
[2026-04-21T15:21:21.135+0000] {pdf_pipeline.py:340} INFO - [pdf] Loaded 4 rows into data_sample_withtables_page9_table2
[2026-04-21T15:21:21.140+0000] {pdf_pipeline.py:552} INFO - [pdf] Processed table 25: 4 rows, 5 columns
[2026-04-21T15:21:21.148+0000] {pdf_pipeline.py:263} INFO - [pdf] Uploaded table CSV -> processed/structured/pdf-tables/sample-withtables_page9_table3.csv
[2026-04-21T15:21:21.148+0000] {structured_pipeline.py:108} INFO - Table name: data_sample_withtables_page9_table3
[2026-04-21T15:21:21.149+0000] {structured_pipeline.py:124} INFO - [Normalize] Normalizing DataFrame with 5 columns
[2026-04-21T15:21:21.151+0000] {logging_mixin.py:151} WARNING - /opt/python-etl/pipelines/structured_pipeline.py:211 UserWarning: Could not infer format, so each element will be parsed individually, falling back to `dateutil`. To ensure parsing is consistent and as-expected, please specify a format.
[2026-04-21T15:21:21.153+0000] {logging_mixin.py:151} WARNING - /opt/python-etl/pipelines/structured_pipeline.py:211 UserWarning: Could not infer format, so each element will be parsed individually, falling back to `dateutil`. To ensure parsing is consistent and as-expected, please specify a format.
[2026-04-21T15:21:21.154+0000] {logging_mixin.py:151} WARNING - /opt/python-etl/pipelines/structured_pipeline.py:211 UserWarning: Could not infer format, so each element will be parsed individually, falling back to `dateutil`. To ensure parsing is consistent and as-expected, please specify a format.
[2026-04-21T15:21:21.156+0000] {logging_mixin.py:151} WARNING - /opt/python-etl/pipelines/structured_pipeline.py:211 UserWarning: Could not infer format, so each element will be parsed individually, falling back to `dateutil`. To ensure parsing is consistent and as-expected, please specify a format.
[2026-04-21T15:21:21.158+0000] {logging_mixin.py:151} WARNING - /opt/python-etl/pipelines/structured_pipeline.py:211 UserWarning: Could not infer format, so each element will be parsed individually, falling back to `dateutil`. To ensure parsing is consistent and as-expected, please specify a format.
[2026-04-21T15:21:21.159+0000] {pdf_pipeline.py:327} INFO - [pdf] Created table: data_sample_withtables_page9_table3
[2026-04-21T15:21:21.165+0000] {pdf_pipeline.py:340} INFO - [pdf] Loaded 6 rows into data_sample_withtables_page9_table3
[2026-04-21T15:21:21.168+0000] {pdf_pipeline.py:552} INFO - [pdf] Processed table 26: 6 rows, 5 columns
[2026-04-21T15:21:21.309+0000] {pdf_pipeline.py:263} INFO - [pdf] Uploaded table CSV -> processed/structured/pdf-tables/sample-withtables_page10_table1.csv
[2026-04-21T15:21:21.309+0000] {structured_pipeline.py:108} INFO - Table name: data_sample_withtables_page10_table1
[2026-04-21T15:21:21.310+0000] {structured_pipeline.py:124} INFO - [Normalize] Normalizing DataFrame with 3 columns
[2026-04-21T15:21:21.312+0000] {logging_mixin.py:151} WARNING - /opt/python-etl/pipelines/structured_pipeline.py:211 UserWarning: Could not infer format, so each element will be parsed individually, falling back to `dateutil`. To ensure parsing is consistent and as-expected, please specify a format.
[2026-04-21T15:21:21.315+0000] {pdf_pipeline.py:327} INFO - [pdf] Created table: data_sample_withtables_page10_table1
[2026-04-21T15:21:21.318+0000] {pdf_pipeline.py:340} INFO - [pdf] Loaded 3 rows into data_sample_withtables_page10_table1
[2026-04-21T15:21:21.321+0000] {pdf_pipeline.py:552} INFO - [pdf] Processed table 27: 3 rows, 3 columns
[2026-04-21T15:21:21.331+0000] {pdf_pipeline.py:263} INFO - [pdf] Uploaded table CSV -> processed/structured/pdf-tables/sample-withtables_page10_table2.csv
[2026-04-21T15:21:21.331+0000] {structured_pipeline.py:108} INFO - Table name: data_sample_withtables_page10_table2
[2026-04-21T15:21:21.332+0000] {structured_pipeline.py:124} INFO - [Normalize] Normalizing DataFrame with 4 columns
[2026-04-21T15:21:21.336+0000] {logging_mixin.py:151} WARNING - /opt/python-etl/pipelines/structured_pipeline.py:211 UserWarning: Could not infer format, so each element will be parsed individually, falling back to `dateutil`. To ensure parsing is consistent and as-expected, please specify a format.
[2026-04-21T15:21:21.340+0000] {pdf_pipeline.py:327} INFO - [pdf] Created table: data_sample_withtables_page10_table2
[2026-04-21T15:21:21.343+0000] {pdf_pipeline.py:340} INFO - [pdf] Loaded 12 rows into data_sample_withtables_page10_table2
[2026-04-21T15:21:21.345+0000] {pdf_pipeline.py:552} INFO - [pdf] Processed table 28: 12 rows, 4 columns
[2026-04-21T15:21:21.462+0000] {pdf_pipeline.py:263} INFO - [pdf] Uploaded table CSV -> processed/structured/pdf-tables/sample-withtables_page11_table1.csv
[2026-04-21T15:21:21.462+0000] {structured_pipeline.py:108} INFO - Table name: data_sample_withtables_page11_table1
[2026-04-21T15:21:21.463+0000] {structured_pipeline.py:124} INFO - [Normalize] Normalizing DataFrame with 5 columns
[2026-04-21T15:21:21.469+0000] {pdf_pipeline.py:327} INFO - [pdf] Created table: data_sample_withtables_page11_table1
[2026-04-21T15:21:21.471+0000] {pdf_pipeline.py:340} INFO - [pdf] Loaded 12 rows into data_sample_withtables_page11_table1
[2026-04-21T15:21:21.474+0000] {pdf_pipeline.py:552} INFO - [pdf] Processed table 29: 12 rows, 5 columns
[2026-04-21T15:21:21.475+0000] {pdf_pipeline.py:569} INFO - [pdf] Extracted 29 tables with 189 total rows
[2026-04-21T15:21:21.476+0000] {pdf_pipeline.py:596} INFO - [pdf] Updated catalog for raw/sample-withtables.pdf
[2026-04-21T15:21:21.476+0000] {pdf_pipeline.py:601} INFO - [pdf] ✅ Completed processing: raw/sample-withtables.pdf | pages=11 | tables=29 | rows=189 | text_chars=8510
[2026-04-21T15:21:21.477+0000] {etl_manager.py:287} INFO - ETL completed: raw/sample-withtables.pdf
[2026-04-21T15:21:21.477+0000] {logging_mixin.py:151} INFO - [DISPATCHER] Archiving raw/sample-withtables.pdf -> raw-data/2026-04-21/sample-withtables.pdf
[2026-04-21T15:21:21.492+0000] {logging_mixin.py:151} INFO - [DISPATCHER] catalog_upsert failed for raw-data/2026-04-21/sample-withtables.pdf: column "content_hash" of relation "minio_data_catalog" does not exist
LINE 4:                  row_count, text_extracted, content_hash, up...
                                                    ^
[2026-04-21T15:21:21.492+0000] {logging_mixin.py:151} INFO - [DISPATCHER] Catalog updated for archive: raw-data/2026-04-21/sample-withtables.pdf
[2026-04-21T15:21:21.496+0000] {logging_mixin.py:151} INFO - [DISPATCHER] Completed & removed landing copy: raw/sample-withtables.pdf
[2026-04-21T15:21:21.496+0000] {logging_mixin.py:151} INFO - [DISPATCHER] Found file: raw/sample3.docx
[2026-04-21T15:21:21.514+0000] {docx_pipeline.py:368} INFO - [docx] Processing raw/sample3.docx
[2026-04-21T15:21:21.519+0000] {docx_pipeline.py:404} INFO - [docx] Extracting text…
[2026-04-21T15:21:21.543+0000] {docx_pipeline.py:406} INFO - [docx] Extracted 2293 characters of text
[2026-04-21T15:21:21.543+0000] {docx_pipeline.py:411} INFO - [docx] Extracting tables…
[2026-04-21T15:21:21.563+0000] {docx_pipeline.py:413} INFO - [docx] Found 2 table(s)
[2026-04-21T15:21:21.569+0000] {docx_pipeline.py:438} INFO - [docx] Uploaded extracted text → processed/unstructured/text-extracted/sample3.txt
[2026-04-21T15:21:21.571+0000] {docx_pipeline.py:80} ERROR - [docx] Failed saving to unstructured_documents: there is no unique or exclusion constraint matching the ON CONFLICT specification
Traceback (most recent call last):
  File "/opt/python-etl/pipelines/docx_pipeline.py", line 63, in _save_unstructured_doc
    cursor.execute(
psycopg2.errors.InvalidColumnReference: there is no unique or exclusion constraint matching the ON CONFLICT specification

[2026-04-21T15:21:21.572+0000] {docx_pipeline.py:458} INFO - [docx] Processing 2 table(s)…
[2026-04-21T15:21:21.582+0000] {docx_pipeline.py:227} INFO - [docx] Uploaded table CSV → processed/structured/docx-tables/sample3_table_1.csv
[2026-04-21T15:21:21.582+0000] {structured_pipeline.py:108} INFO - Table name: data_sample3_table_1
[2026-04-21T15:21:21.582+0000] {structured_pipeline.py:124} INFO - [Normalize] Normalizing DataFrame with 3 columns
[2026-04-21T15:21:21.585+0000] {logging_mixin.py:151} WARNING - /opt/python-etl/pipelines/structured_pipeline.py:211 UserWarning: Could not infer format, so each element will be parsed individually, falling back to `dateutil`. To ensure parsing is consistent and as-expected, please specify a format.
[2026-04-21T15:21:21.587+0000] {logging_mixin.py:151} WARNING - /opt/python-etl/pipelines/structured_pipeline.py:211 UserWarning: Could not infer format, so each element will be parsed individually, falling back to `dateutil`. To ensure parsing is consistent and as-expected, please specify a format.
[2026-04-21T15:21:21.589+0000] {docx_pipeline.py:295} INFO - [docx] Created table: data_sample3_table_1
[2026-04-21T15:21:21.591+0000] {docx_pipeline.py:307} INFO - [docx] Loaded 5 rows into 'data_sample3_table_1'
[2026-04-21T15:21:21.595+0000] {docx_pipeline.py:481} INFO - [docx] Processed table 1/2: 5 rows × 3 cols
[2026-04-21T15:21:21.603+0000] {docx_pipeline.py:227} INFO - [docx] Uploaded table CSV → processed/structured/docx-tables/sample3_table_2.csv
[2026-04-21T15:21:21.604+0000] {structured_pipeline.py:108} INFO - Table name: data_sample3_table_2
[2026-04-21T15:21:21.604+0000] {structured_pipeline.py:124} INFO - [Normalize] Normalizing DataFrame with 5 columns
[2026-04-21T15:21:21.607+0000] {logging_mixin.py:151} WARNING - /opt/python-etl/pipelines/structured_pipeline.py:211 UserWarning: Could not infer format, so each element will be parsed individually, falling back to `dateutil`. To ensure parsing is consistent and as-expected, please specify a format.
[2026-04-21T15:21:21.609+0000] {logging_mixin.py:151} WARNING - /opt/python-etl/pipelines/structured_pipeline.py:211 UserWarning: Could not infer format, so each element will be parsed individually, falling back to `dateutil`. To ensure parsing is consistent and as-expected, please specify a format.
[2026-04-21T15:21:21.610+0000] {logging_mixin.py:151} WARNING - /opt/python-etl/pipelines/structured_pipeline.py:211 UserWarning: Could not infer format, so each element will be parsed individually, falling back to `dateutil`. To ensure parsing is consistent and as-expected, please specify a format.
[2026-04-21T15:21:21.615+0000] {logging_mixin.py:151} WARNING - /opt/python-etl/pipelines/structured_pipeline.py:211 UserWarning: Could not infer format, so each element will be parsed individually, falling back to `dateutil`. To ensure parsing is consistent and as-expected, please specify a format.
[2026-04-21T15:21:21.617+0000] {logging_mixin.py:151} WARNING - /opt/python-etl/pipelines/structured_pipeline.py:211 UserWarning: Could not infer format, so each element will be parsed individually, falling back to `dateutil`. To ensure parsing is consistent and as-expected, please specify a format.
[2026-04-21T15:21:21.618+0000] {docx_pipeline.py:295} INFO - [docx] Created table: data_sample3_table_2
[2026-04-21T15:21:21.620+0000] {docx_pipeline.py:307} INFO - [docx] Loaded 6 rows into 'data_sample3_table_2'
[2026-04-21T15:21:21.621+0000] {docx_pipeline.py:481} INFO - [docx] Processed table 2/2: 6 rows × 5 cols
[2026-04-21T15:21:21.628+0000] {docx_pipeline.py:516} INFO - [docx] Updated catalog for raw/sample3.docx
[2026-04-21T15:21:21.629+0000] {docx_pipeline.py:522} INFO - [docx] ✅ Completed raw/sample3.docx | tables=2 | total_rows=11 | text_chars=2293
[2026-04-21T15:21:21.629+0000] {etl_manager.py:287} INFO - ETL completed: raw/sample3.docx
[2026-04-21T15:21:21.629+0000] {logging_mixin.py:151} INFO - [DISPATCHER] Archiving raw/sample3.docx -> raw-data/2026-04-21/sample3.docx
[2026-04-21T15:21:21.642+0000] {logging_mixin.py:151} INFO - [DISPATCHER] catalog_upsert failed for raw-data/2026-04-21/sample3.docx: column "content_hash" of relation "minio_data_catalog" does not exist
LINE 4:                  row_count, text_extracted, content_hash, up...
                                                    ^
[2026-04-21T15:21:21.642+0000] {logging_mixin.py:151} INFO - [DISPATCHER] Catalog updated for archive: raw-data/2026-04-21/sample3.docx
[2026-04-21T15:21:21.645+0000] {logging_mixin.py:151} INFO - [DISPATCHER] Completed & removed landing copy: raw/sample3.docx
[2026-04-21T15:21:21.645+0000] {logging_mixin.py:151} INFO - [DISPATCHER] Found file: raw/source-document.jpg
[2026-04-21T15:21:21.661+0000] {image_pipeline.py:298} INFO - [image] Processing raw/source-document.jpg
[2026-04-21T15:21:21.680+0000] {image_pipeline.py:319} INFO - [image] 1014x715 | format=JPEG | mode=RGB
[2026-04-21T15:21:21.680+0000] {image_pipeline.py:327} INFO - [image] Running Moondream2 VLM...
[2026-04-21T15:23:58.065+0000] {image_pipeline.py:217} INFO - [image] Moondream caption: 
The image is a black and white newspaper article titled "First Looks" that discusses the latest updates to Windows anti
[2026-04-21T15:24:47.645+0000] {image_pipeline.py:228} INFO - [image] Moondream text: 284 chars
[2026-04-21T15:24:50.982+0000] {image_pipeline.py:335} INFO - [image] Running Tesseract OCR...
[2026-04-21T15:25:18.064+0000] {image_pipeline.py:254} INFO - [image] OCR extracted 2089 characters
[2026-04-21T15:25:18.069+0000] {image_pipeline.py:365} INFO - [image] Combined text (2752 chars) → processed/unstructured/text-extracted/source-document.txt
[2026-04-21T15:25:18.097+0000] {image_pipeline.py:417} ERROR - [image] Failed writing to unstructured_images: there is no unique or exclusion constraint matching the ON CONFLICT specification
Traceback (most recent call last):
  File "/opt/python-etl/pipelines/image_pipeline.py", line 396, in process_minio_object
    cursor.execute(
psycopg2.errors.InvalidColumnReference: there is no unique or exclusion constraint matching the ON CONFLICT specification

[2026-04-21T15:25:18.102+0000] {image_pipeline.py:443} INFO - [image] ✅ Completed raw/source-document.jpg | 1014x715 | fmt=JPEG | ocr=yes | vlm=yes | text_chars=2752
[2026-04-21T15:25:18.102+0000] {etl_manager.py:287} INFO - ETL completed: raw/source-document.jpg
[2026-04-21T15:25:18.105+0000] {logging_mixin.py:151} INFO - [DISPATCHER] Archiving raw/source-document.jpg -> raw-data/2026-04-21/source-document.jpg
[2026-04-21T15:25:18.120+0000] {logging_mixin.py:151} INFO - [DISPATCHER] catalog_upsert failed for raw-data/2026-04-21/source-document.jpg: column "content_hash" of relation "minio_data_catalog" does not exist
LINE 4:                  row_count, text_extracted, content_hash, up...
                                                    ^
[2026-04-21T15:25:18.120+0000] {logging_mixin.py:151} INFO - [DISPATCHER] Catalog updated for archive: raw-data/2026-04-21/source-document.jpg
[2026-04-21T15:25:18.124+0000] {logging_mixin.py:151} INFO - [DISPATCHER] Completed & removed landing copy: raw/source-document.jpg
[2026-04-21T15:25:18.125+0000] {python.py:194} INFO - Done. Returned value was: None
[2026-04-21T15:25:18.145+0000] {taskinstance.py:1398} INFO - Marking task as SUCCESS. dag_id=distillationDAG, task_id=scan_minio_and_dispatch, execution_date=20260421T151448, start_date=20260421T152115, end_date=20260421T152518
[2026-04-21T15:25:18.187+0000] {local_task_job_runner.py:228} INFO - Task exited with return code 0
[2026-04-21T15:25:18.213+0000] {taskinstance.py:2776} INFO - 0 downstream tasks scheduled from follow-on schedule check
