[2025-11-27T18:03:22.514+0000] {taskinstance.py:1157} INFO - Dependencies all met for dep_context=non-requeueable deps ti=<TaskInstance: ingestionDAG.ingest_local_folder scheduled__2025-11-27T18:02:33.750038+00:00 [queued]>
[2025-11-27T18:03:22.525+0000] {taskinstance.py:1157} INFO - Dependencies all met for dep_context=requeueable deps ti=<TaskInstance: ingestionDAG.ingest_local_folder scheduled__2025-11-27T18:02:33.750038+00:00 [queued]>
[2025-11-27T18:03:22.525+0000] {taskinstance.py:1359} INFO - Starting attempt 1 of 4
[2025-11-27T18:03:22.542+0000] {taskinstance.py:1380} INFO - Executing <Task(PythonOperator): ingest_local_folder> on 2025-11-27 18:02:33.750038+00:00
[2025-11-27T18:03:22.549+0000] {standard_task_runner.py:57} INFO - Started process 389 to run task
[2025-11-27T18:03:22.554+0000] {standard_task_runner.py:84} INFO - Running: ['***', 'tasks', 'run', 'ingestionDAG', 'ingest_local_folder', 'scheduled__2025-11-27T18:02:33.750038+00:00', '--job-id', '464', '--raw', '--subdir', 'DAGS_FOLDER/ingest_local_folder_dag.py', '--cfg-path', '/tmp/tmp6ki664mb']
[2025-11-27T18:03:22.559+0000] {standard_task_runner.py:85} INFO - Job 464: Subtask ingest_local_folder
[2025-11-27T18:03:22.587+0000] {logging_mixin.py:151} WARNING - /home/***/.local/lib/python3.11/site-packages/***/settings.py:195 DeprecationWarning: The sql_alchemy_conn option in [core] has been moved to the sql_alchemy_conn option in [database] - the old setting has been used, but please update your config.
[2025-11-27T18:03:22.650+0000] {task_command.py:415} INFO - Running <TaskInstance: ingestionDAG.ingest_local_folder scheduled__2025-11-27T18:02:33.750038+00:00 [running]> on host 93f0080637f5
[2025-11-27T18:03:22.921+0000] {taskinstance.py:1660} INFO - Exporting env vars: AIRFLOW_CTX_DAG_OWNER='***' AIRFLOW_CTX_DAG_ID='ingestionDAG' AIRFLOW_CTX_TASK_ID='ingest_local_folder' AIRFLOW_CTX_EXECUTION_DATE='2025-11-27T18:02:33.750038+00:00' AIRFLOW_CTX_TRY_NUMBER='1' AIRFLOW_CTX_DAG_RUN_ID='scheduled__2025-11-27T18:02:33.750038+00:00'
[2025-11-27T18:03:22.948+0000] {logging_mixin.py:151} INFO - [INGEST] Uploaded products.csv -> lakehouse-data/raw/
[2025-11-27T18:03:22.964+0000] {logging_mixin.py:151} INFO - [INGEST] Uploaded report_test1.pdf -> lakehouse-data/raw/
[2025-11-27T18:03:22.977+0000] {logging_mixin.py:151} INFO - [INGEST] Uploaded testdoc_1.docx -> lakehouse-data/raw/
[2025-11-27T18:03:22.985+0000] {logging_mixin.py:151} INFO - [INGEST] Uploaded sales.csv -> lakehouse-data/raw/
[2025-11-27T18:03:22.996+0000] {logging_mixin.py:151} INFO - [INGEST] Uploaded earth-with-text.jpg -> lakehouse-data/raw/
[2025-11-27T18:03:23.005+0000] {logging_mixin.py:151} INFO - [INGEST] Uploaded customer.csv -> lakehouse-data/raw/
[2025-11-27T18:03:23.014+0000] {logging_mixin.py:151} INFO - [INGEST] Uploaded testocr.png -> lakehouse-data/raw/
[2025-11-27T18:03:23.015+0000] {python.py:194} INFO - Done. Returned value was: None
[2025-11-27T18:03:23.054+0000] {taskinstance.py:1398} INFO - Marking task as SUCCESS. dag_id=ingestionDAG, task_id=ingest_local_folder, execution_date=20251127T180233, start_date=20251127T180322, end_date=20251127T180323
[2025-11-27T18:03:23.131+0000] {local_task_job_runner.py:228} INFO - Task exited with return code 0
[2025-11-27T18:03:23.195+0000] {taskinstance.py:2776} INFO - 0 downstream tasks scheduled from follow-on schedule check
