[2026-01-13T18:03:28.228+0000] {taskinstance.py:1157} INFO - Dependencies all met for dep_context=non-requeueable deps ti=<TaskInstance: distillationDAG.scan_minio_and_dispatch scheduled__2026-01-13T18:02:39.553037+00:00 [queued]>
[2026-01-13T18:03:28.254+0000] {taskinstance.py:1157} INFO - Dependencies all met for dep_context=requeueable deps ti=<TaskInstance: distillationDAG.scan_minio_and_dispatch scheduled__2026-01-13T18:02:39.553037+00:00 [queued]>
[2026-01-13T18:03:28.254+0000] {taskinstance.py:1359} INFO - Starting attempt 1 of 4
[2026-01-13T18:03:28.317+0000] {taskinstance.py:1380} INFO - Executing <Task(PythonOperator): scan_minio_and_dispatch> on 2026-01-13 18:02:39.553037+00:00
[2026-01-13T18:03:28.336+0000] {standard_task_runner.py:57} INFO - Started process 2328 to run task
[2026-01-13T18:03:28.345+0000] {standard_task_runner.py:84} INFO - Running: ['***', 'tasks', 'run', 'distillationDAG', 'scan_minio_and_dispatch', 'scheduled__2026-01-13T18:02:39.553037+00:00', '--job-id', '984', '--raw', '--subdir', 'DAGS_FOLDER/dispatcher_pipeline_dag.py', '--cfg-path', '/tmp/tmpriifw9ox']
[2026-01-13T18:03:28.356+0000] {standard_task_runner.py:85} INFO - Job 984: Subtask scan_minio_and_dispatch
[2026-01-13T18:03:28.425+0000] {logging_mixin.py:151} WARNING - /home/***/.local/lib/python3.11/site-packages/***/settings.py:195 DeprecationWarning: The sql_alchemy_conn option in [core] has been moved to the sql_alchemy_conn option in [database] - the old setting has been used, but please update your config.
[2026-01-13T18:03:28.610+0000] {task_command.py:415} INFO - Running <TaskInstance: distillationDAG.scan_minio_and_dispatch scheduled__2026-01-13T18:02:39.553037+00:00 [running]> on host a8f776325413
[2026-01-13T18:03:29.315+0000] {taskinstance.py:1660} INFO - Exporting env vars: AIRFLOW_CTX_DAG_OWNER='***' AIRFLOW_CTX_DAG_ID='distillationDAG' AIRFLOW_CTX_TASK_ID='scan_minio_and_dispatch' AIRFLOW_CTX_EXECUTION_DATE='2026-01-13T18:02:39.553037+00:00' AIRFLOW_CTX_TRY_NUMBER='1' AIRFLOW_CTX_DAG_RUN_ID='scheduled__2026-01-13T18:02:39.553037+00:00'
[2026-01-13T18:03:29.342+0000] {logging_mixin.py:151} INFO - [DISPATCHER] Found file: raw/pdf/Nitin_Gavhane_Resume.pdf
[2026-01-13T18:03:30.092+0000] {pdf_pipeline.py:344} INFO - [pdf] Processing raw/pdf/Nitin_Gavhane_Resume.pdf
[2026-01-13T18:03:30.109+0000] {pdf_pipeline.py:391} INFO - [pdf] Extracting text from PDF...
[2026-01-13T18:03:30.134+0000] {pdf_pipeline.py:423} ERROR - [pdf] Text extraction failed for raw/pdf/Nitin_Gavhane_Resume.pdf: cannot access local variable 'table_count' where it is not associated with a value
Traceback (most recent call last):
  File "/opt/python-etl/pipelines/pdf_pipeline.py", line 408, in process_minio_object
    'table_count': table_count
                   ^^^^^^^^^^^
UnboundLocalError: cannot access local variable 'table_count' where it is not associated with a value
[2026-01-13T18:03:30.137+0000] {pdf_pipeline.py:458} WARNING - [pdf] No text extracted from raw/pdf/Nitin_Gavhane_Resume.pdf
[2026-01-13T18:03:30.137+0000] {pdf_pipeline.py:461} INFO - [pdf] Extracting tables from PDF...
[2026-01-13T18:03:30.766+0000] {pdf_pipeline.py:529} INFO - [pdf] Extracted 0 tables with 0 total rows
[2026-01-13T18:03:30.766+0000] {pdf_pipeline.py:544} ERROR - [pdf] Failed catalog update for raw/pdf/Nitin_Gavhane_Resume.pdf: cannot access local variable 'pdf_metadata' where it is not associated with a value
Traceback (most recent call last):
  File "/opt/python-etl/pipelines/pdf_pipeline.py", line 540, in process_minio_object
    metadata=pdf_metadata  # NEW
             ^^^^^^^^^^^^
UnboundLocalError: cannot access local variable 'pdf_metadata' where it is not associated with a value
[2026-01-13T18:03:30.768+0000] {pdf_pipeline.py:547} INFO - [pdf] ✅ Completed processing: raw/pdf/Nitin_Gavhane_Resume.pdf | pages=2 | tables=0 | rows=0 | text_chars=0
[2026-01-13T18:03:30.768+0000] {etl_manager.py:292} INFO - Processing complete for: raw/pdf/Nitin_Gavhane_Resume.pdf
[2026-01-13T18:03:30.770+0000] {logging_mixin.py:151} INFO - [DISPATCHER] Archiving raw/pdf/Nitin_Gavhane_Resume.pdf -> raw-data/2026-01-13/Nitin_Gavhane_Resume.pdf
[2026-01-13T18:03:30.790+0000] {logging_mixin.py:151} INFO - [DISPATCHER] Completed & removed landing copy: raw/pdf/Nitin_Gavhane_Resume.pdf
[2026-01-13T18:03:30.791+0000] {python.py:194} INFO - Done. Returned value was: None
[2026-01-13T18:03:30.831+0000] {taskinstance.py:1398} INFO - Marking task as SUCCESS. dag_id=distillationDAG, task_id=scan_minio_and_dispatch, execution_date=20260113T180239, start_date=20260113T180328, end_date=20260113T180330
[2026-01-13T18:03:30.896+0000] {local_task_job_runner.py:228} INFO - Task exited with return code 0
[2026-01-13T18:03:30.964+0000] {taskinstance.py:2776} INFO - 0 downstream tasks scheduled from follow-on schedule check
