[2026-01-13T17:58:23.340+0000] {taskinstance.py:1157} INFO - Dependencies all met for dep_context=non-requeueable deps ti=<TaskInstance: distillationDAG.scan_minio_and_dispatch scheduled__2026-01-13T17:57:24.553037+00:00 [queued]>
[2026-01-13T17:58:23.362+0000] {taskinstance.py:1157} INFO - Dependencies all met for dep_context=requeueable deps ti=<TaskInstance: distillationDAG.scan_minio_and_dispatch scheduled__2026-01-13T17:57:24.553037+00:00 [queued]>
[2026-01-13T17:58:23.363+0000] {taskinstance.py:1359} INFO - Starting attempt 1 of 4
[2026-01-13T17:58:23.396+0000] {taskinstance.py:1380} INFO - Executing <Task(PythonOperator): scan_minio_and_dispatch> on 2026-01-13 17:57:24.553037+00:00
[2026-01-13T17:58:23.416+0000] {standard_task_runner.py:57} INFO - Started process 2179 to run task
[2026-01-13T17:58:23.425+0000] {standard_task_runner.py:84} INFO - Running: ['***', 'tasks', 'run', 'distillationDAG', 'scan_minio_and_dispatch', 'scheduled__2026-01-13T17:57:24.553037+00:00', '--job-id', '977', '--raw', '--subdir', 'DAGS_FOLDER/dispatcher_pipeline_dag.py', '--cfg-path', '/tmp/tmpw94o5781']
[2026-01-13T17:58:23.434+0000] {standard_task_runner.py:85} INFO - Job 977: Subtask scan_minio_and_dispatch
[2026-01-13T17:58:23.498+0000] {logging_mixin.py:151} WARNING - /home/***/.local/lib/python3.11/site-packages/***/settings.py:195 DeprecationWarning: The sql_alchemy_conn option in [core] has been moved to the sql_alchemy_conn option in [database] - the old setting has been used, but please update your config.
[2026-01-13T17:58:23.630+0000] {task_command.py:415} INFO - Running <TaskInstance: distillationDAG.scan_minio_and_dispatch scheduled__2026-01-13T17:57:24.553037+00:00 [running]> on host a8f776325413
[2026-01-13T17:58:24.338+0000] {taskinstance.py:1660} INFO - Exporting env vars: AIRFLOW_CTX_DAG_OWNER='***' AIRFLOW_CTX_DAG_ID='distillationDAG' AIRFLOW_CTX_TASK_ID='scan_minio_and_dispatch' AIRFLOW_CTX_EXECUTION_DATE='2026-01-13T17:57:24.553037+00:00' AIRFLOW_CTX_TRY_NUMBER='1' AIRFLOW_CTX_DAG_RUN_ID='scheduled__2026-01-13T17:57:24.553037+00:00'
[2026-01-13T17:58:24.369+0000] {logging_mixin.py:151} INFO - [DISPATCHER] Found file: raw/structured/customer.csv
[2026-01-13T17:58:25.227+0000] {structured_pipeline.py:497} INFO - [structured] Processing raw/structured/customer.csv
[2026-01-13T17:58:25.237+0000] {structured_pipeline.py:504} INFO - [structured] Downloaded 225 bytes
[2026-01-13T17:58:25.238+0000] {structured_pipeline.py:508} INFO - [structured] Detected file type: csv
[2026-01-13T17:58:25.239+0000] {structured_pipeline.py:21} INFO - Detected encoding: ascii (confidence: 1.00)
[2026-01-13T17:58:25.239+0000] {structured_pipeline.py:236} INFO - [CSV] Attempting to decode with ascii
[2026-01-13T17:58:25.243+0000] {structured_pipeline.py:40} INFO - Sniffer detected delimiter: ','
[2026-01-13T17:58:25.243+0000] {structured_pipeline.py:267} INFO - [CSV] Read attempt 1
[2026-01-13T17:58:25.262+0000] {structured_pipeline.py:271} INFO - [CSV] Successfully read 4 rows with 4 columns
[2026-01-13T17:58:25.263+0000] {structured_pipeline.py:531} INFO - [structured] Initial read: 4 rows, 4 columns
[2026-01-13T17:58:25.263+0000] {structured_pipeline.py:362} INFO - [Clean] Cleaning dataframe...
[2026-01-13T17:58:25.285+0000] {structured_pipeline.py:387} INFO - [Clean] Cleaned dataframe: 4 rows, 4 columns
[2026-01-13T17:58:25.285+0000] {structured_pipeline.py:107} INFO - Table name: data_customer
[2026-01-13T17:58:25.286+0000] {structured_pipeline.py:123} INFO - [Normalize] Normalizing DataFrame with 4 columns
[2026-01-13T17:58:25.300+0000] {structured_pipeline.py:401} INFO - [PostgreSQL] Dropped existing table: data_customer
[2026-01-13T17:58:25.303+0000] {structured_pipeline.py:410} INFO - [PostgreSQL] Column 'customer_id' -> INTEGER
[2026-01-13T17:58:25.312+0000] {logging_mixin.py:151} WARNING - /opt/python-etl/pipelines/structured_pipeline.py:189 UserWarning: Could not infer format, so each element will be parsed individually, falling back to `dateutil`. To ensure parsing is consistent and as-expected, please specify a format.
[2026-01-13T17:58:25.318+0000] {structured_pipeline.py:410} INFO - [PostgreSQL] Column 'customer_name' -> TEXT
[2026-01-13T17:58:25.322+0000] {logging_mixin.py:151} WARNING - /opt/python-etl/pipelines/structured_pipeline.py:189 UserWarning: Could not infer format, so each element will be parsed individually, falling back to `dateutil`. To ensure parsing is consistent and as-expected, please specify a format.
[2026-01-13T17:58:25.323+0000] {structured_pipeline.py:410} INFO - [PostgreSQL] Column 'email' -> TEXT
[2026-01-13T17:58:25.330+0000] {structured_pipeline.py:410} INFO - [PostgreSQL] Column 'signup_date' -> TIMESTAMP
[2026-01-13T17:58:25.343+0000] {structured_pipeline.py:421} INFO - [PostgreSQL] Created table: data_customer
[2026-01-13T17:58:25.364+0000] {structured_pipeline.py:443} INFO - [PostgreSQL] Loaded 4 rows into data_customer
[2026-01-13T17:58:25.364+0000] {structured_pipeline.py:456} INFO - [Parquet] Writing Parquet file...
[2026-01-13T17:58:25.550+0000] {logging_mixin.py:151} WARNING - /home/***/.local/lib/python3.11/site-packages/pyarrow/pandas_compat.py:373 FutureWarning: is_sparse is deprecated and will be removed in a future version. Check `isinstance(dtype, pd.SparseDtype)` instead.
[2026-01-13T17:58:25.588+0000] {structured_pipeline.py:483} INFO - [Parquet] Saved to: processed/structured/structured/customer.parquet
[2026-01-13T17:58:25.594+0000] {structured_pipeline.py:565} INFO - [structured] ✅ Successfully processed raw/structured/customer.csv
[2026-01-13T17:58:25.595+0000] {etl_manager.py:292} INFO - Processing complete for: raw/structured/customer.csv
[2026-01-13T17:58:25.596+0000] {logging_mixin.py:151} INFO - [DISPATCHER] Archiving raw/structured/customer.csv -> raw-data/2026-01-13/customer.csv
[2026-01-13T17:58:25.614+0000] {logging_mixin.py:151} INFO - [DISPATCHER] Completed & removed landing copy: raw/structured/customer.csv
[2026-01-13T17:58:25.615+0000] {logging_mixin.py:151} INFO - [DISPATCHER] Found file: raw/structured/products.csv
[2026-01-13T17:58:25.641+0000] {structured_pipeline.py:497} INFO - [structured] Processing raw/structured/products.csv
[2026-01-13T17:58:25.650+0000] {structured_pipeline.py:504} INFO - [structured] Downloaded 260 bytes
[2026-01-13T17:58:25.650+0000] {structured_pipeline.py:508} INFO - [structured] Detected file type: csv
[2026-01-13T17:58:25.651+0000] {structured_pipeline.py:21} INFO - Detected encoding: ascii (confidence: 1.00)
[2026-01-13T17:58:25.651+0000] {structured_pipeline.py:236} INFO - [CSV] Attempting to decode with ascii
[2026-01-13T17:58:25.654+0000] {structured_pipeline.py:40} INFO - Sniffer detected delimiter: ','
[2026-01-13T17:58:25.654+0000] {structured_pipeline.py:267} INFO - [CSV] Read attempt 1
[2026-01-13T17:58:25.658+0000] {structured_pipeline.py:271} INFO - [CSV] Successfully read 8 rows with 4 columns
[2026-01-13T17:58:25.659+0000] {structured_pipeline.py:531} INFO - [structured] Initial read: 8 rows, 4 columns
[2026-01-13T17:58:25.659+0000] {structured_pipeline.py:362} INFO - [Clean] Cleaning dataframe...
[2026-01-13T17:58:25.666+0000] {structured_pipeline.py:387} INFO - [Clean] Cleaned dataframe: 8 rows, 4 columns
[2026-01-13T17:58:25.666+0000] {structured_pipeline.py:107} INFO - Table name: data_products
[2026-01-13T17:58:25.667+0000] {structured_pipeline.py:123} INFO - [Normalize] Normalizing DataFrame with 4 columns
[2026-01-13T17:58:25.673+0000] {structured_pipeline.py:401} INFO - [PostgreSQL] Dropped existing table: data_products
[2026-01-13T17:58:25.675+0000] {structured_pipeline.py:410} INFO - [PostgreSQL] Column 'product_id' -> INTEGER
[2026-01-13T17:58:25.680+0000] {logging_mixin.py:151} WARNING - /opt/python-etl/pipelines/structured_pipeline.py:189 UserWarning: Could not infer format, so each element will be parsed individually, falling back to `dateutil`. To ensure parsing is consistent and as-expected, please specify a format.
[2026-01-13T17:58:25.681+0000] {structured_pipeline.py:410} INFO - [PostgreSQL] Column 'product_name' -> TEXT
[2026-01-13T17:58:25.685+0000] {logging_mixin.py:151} WARNING - /opt/python-etl/pipelines/structured_pipeline.py:189 UserWarning: Could not infer format, so each element will be parsed individually, falling back to `dateutil`. To ensure parsing is consistent and as-expected, please specify a format.
[2026-01-13T17:58:25.686+0000] {structured_pipeline.py:410} INFO - [PostgreSQL] Column 'category' -> TEXT
[2026-01-13T17:58:25.688+0000] {structured_pipeline.py:410} INFO - [PostgreSQL] Column 'price' -> NUMERIC
[2026-01-13T17:58:25.693+0000] {structured_pipeline.py:421} INFO - [PostgreSQL] Created table: data_products
[2026-01-13T17:58:25.703+0000] {structured_pipeline.py:443} INFO - [PostgreSQL] Loaded 8 rows into data_products
[2026-01-13T17:58:25.703+0000] {structured_pipeline.py:456} INFO - [Parquet] Writing Parquet file...
[2026-01-13T17:58:25.707+0000] {logging_mixin.py:151} WARNING - /home/***/.local/lib/python3.11/site-packages/pyarrow/pandas_compat.py:373 FutureWarning: is_sparse is deprecated and will be removed in a future version. Check `isinstance(dtype, pd.SparseDtype)` instead.
[2026-01-13T17:58:25.732+0000] {structured_pipeline.py:483} INFO - [Parquet] Saved to: processed/structured/structured/products.parquet
[2026-01-13T17:58:25.739+0000] {structured_pipeline.py:565} INFO - [structured] ✅ Successfully processed raw/structured/products.csv
[2026-01-13T17:58:25.740+0000] {etl_manager.py:292} INFO - Processing complete for: raw/structured/products.csv
[2026-01-13T17:58:25.740+0000] {logging_mixin.py:151} INFO - [DISPATCHER] Archiving raw/structured/products.csv -> raw-data/2026-01-13/products.csv
[2026-01-13T17:58:25.811+0000] {logging_mixin.py:151} INFO - [DISPATCHER] Completed & removed landing copy: raw/structured/products.csv
[2026-01-13T17:58:25.812+0000] {logging_mixin.py:151} INFO - [DISPATCHER] Found file: raw/structured/sales.csv
[2026-01-13T17:58:25.838+0000] {structured_pipeline.py:497} INFO - [structured] Processing raw/structured/sales.csv
[2026-01-13T17:58:25.850+0000] {structured_pipeline.py:504} INFO - [structured] Downloaded 292 bytes
[2026-01-13T17:58:25.851+0000] {structured_pipeline.py:508} INFO - [structured] Detected file type: csv
[2026-01-13T17:58:25.852+0000] {structured_pipeline.py:21} INFO - Detected encoding: ascii (confidence: 1.00)
[2026-01-13T17:58:25.852+0000] {structured_pipeline.py:236} INFO - [CSV] Attempting to decode with ascii
[2026-01-13T17:58:25.854+0000] {structured_pipeline.py:40} INFO - Sniffer detected delimiter: ','
[2026-01-13T17:58:25.855+0000] {structured_pipeline.py:267} INFO - [CSV] Read attempt 1
[2026-01-13T17:58:25.859+0000] {structured_pipeline.py:271} INFO - [CSV] Successfully read 8 rows with 6 columns
[2026-01-13T17:58:25.859+0000] {structured_pipeline.py:531} INFO - [structured] Initial read: 8 rows, 6 columns
[2026-01-13T17:58:25.859+0000] {structured_pipeline.py:362} INFO - [Clean] Cleaning dataframe...
[2026-01-13T17:58:25.867+0000] {structured_pipeline.py:387} INFO - [Clean] Cleaned dataframe: 8 rows, 6 columns
[2026-01-13T17:58:25.867+0000] {structured_pipeline.py:107} INFO - Table name: data_sales
[2026-01-13T17:58:25.867+0000] {structured_pipeline.py:123} INFO - [Normalize] Normalizing DataFrame with 6 columns
[2026-01-13T17:58:25.874+0000] {structured_pipeline.py:401} INFO - [PostgreSQL] Dropped existing table: data_sales
[2026-01-13T17:58:25.876+0000] {structured_pipeline.py:410} INFO - [PostgreSQL] Column 'sale_id' -> INTEGER
[2026-01-13T17:58:25.878+0000] {structured_pipeline.py:410} INFO - [PostgreSQL] Column 'product_id' -> INTEGER
[2026-01-13T17:58:25.879+0000] {structured_pipeline.py:410} INFO - [PostgreSQL] Column 'customer_id' -> INTEGER
[2026-01-13T17:58:25.881+0000] {structured_pipeline.py:410} INFO - [PostgreSQL] Column 'quantity' -> INTEGER
[2026-01-13T17:58:25.884+0000] {structured_pipeline.py:410} INFO - [PostgreSQL] Column 'sale_date' -> TIMESTAMP
[2026-01-13T17:58:25.888+0000] {logging_mixin.py:151} WARNING - /opt/python-etl/pipelines/structured_pipeline.py:189 UserWarning: Could not infer format, so each element will be parsed individually, falling back to `dateutil`. To ensure parsing is consistent and as-expected, please specify a format.
[2026-01-13T17:58:25.889+0000] {structured_pipeline.py:410} INFO - [PostgreSQL] Column 'region' -> TEXT
[2026-01-13T17:58:25.894+0000] {structured_pipeline.py:421} INFO - [PostgreSQL] Created table: data_sales
[2026-01-13T17:58:25.903+0000] {structured_pipeline.py:443} INFO - [PostgreSQL] Loaded 8 rows into data_sales
[2026-01-13T17:58:25.903+0000] {structured_pipeline.py:456} INFO - [Parquet] Writing Parquet file...
[2026-01-13T17:58:25.908+0000] {logging_mixin.py:151} WARNING - /home/***/.local/lib/python3.11/site-packages/pyarrow/pandas_compat.py:373 FutureWarning: is_sparse is deprecated and will be removed in a future version. Check `isinstance(dtype, pd.SparseDtype)` instead.
[2026-01-13T17:58:25.919+0000] {structured_pipeline.py:483} INFO - [Parquet] Saved to: processed/structured/structured/sales.parquet
[2026-01-13T17:58:25.925+0000] {structured_pipeline.py:565} INFO - [structured] ✅ Successfully processed raw/structured/sales.csv
[2026-01-13T17:58:25.926+0000] {etl_manager.py:292} INFO - Processing complete for: raw/structured/sales.csv
[2026-01-13T17:58:25.927+0000] {logging_mixin.py:151} INFO - [DISPATCHER] Archiving raw/structured/sales.csv -> raw-data/2026-01-13/sales.csv
[2026-01-13T17:58:25.943+0000] {logging_mixin.py:151} INFO - [DISPATCHER] Completed & removed landing copy: raw/structured/sales.csv
[2026-01-13T17:58:25.944+0000] {python.py:194} INFO - Done. Returned value was: None
[2026-01-13T17:58:25.983+0000] {taskinstance.py:1398} INFO - Marking task as SUCCESS. dag_id=distillationDAG, task_id=scan_minio_and_dispatch, execution_date=20260113T175724, start_date=20260113T175823, end_date=20260113T175825
[2026-01-13T17:58:26.090+0000] {local_task_job_runner.py:228} INFO - Task exited with return code 0
[2026-01-13T17:58:26.162+0000] {taskinstance.py:2776} INFO - 0 downstream tasks scheduled from follow-on schedule check
