[2026-04-29T11:30:21.836+0000] {taskinstance.py:1157} INFO - Dependencies all met for dep_context=non-requeueable deps ti=<TaskInstance: distillationDAG.scan_minio_and_dispatch scheduled__2026-04-29T11:29:34.877136+00:00 [queued]>
[2026-04-29T11:30:21.843+0000] {taskinstance.py:1157} INFO - Dependencies all met for dep_context=requeueable deps ti=<TaskInstance: distillationDAG.scan_minio_and_dispatch scheduled__2026-04-29T11:29:34.877136+00:00 [queued]>
[2026-04-29T11:30:21.843+0000] {taskinstance.py:1359} INFO - Starting attempt 1 of 4
[2026-04-29T11:30:21.855+0000] {taskinstance.py:1380} INFO - Executing <Task(PythonOperator): scan_minio_and_dispatch> on 2026-04-29 11:29:34.877136+00:00
[2026-04-29T11:30:21.861+0000] {standard_task_runner.py:57} INFO - Started process 3195 to run task
[2026-04-29T11:30:21.865+0000] {standard_task_runner.py:84} INFO - Running: ['***', 'tasks', 'run', 'distillationDAG', 'scan_minio_and_dispatch', 'scheduled__2026-04-29T11:29:34.877136+00:00', '--job-id', '3903', '--raw', '--subdir', 'DAGS_FOLDER/dispatcher_pipeline_dag.py', '--cfg-path', '/tmp/tmpvbxf0qur']
[2026-04-29T11:30:21.868+0000] {standard_task_runner.py:85} INFO - Job 3903: Subtask scan_minio_and_dispatch
[2026-04-29T11:30:21.932+0000] {task_command.py:415} INFO - Running <TaskInstance: distillationDAG.scan_minio_and_dispatch scheduled__2026-04-29T11:29:34.877136+00:00 [running]> on host 60d183c36f4b
[2026-04-29T11:30:22.221+0000] {taskinstance.py:1660} INFO - Exporting env vars: AIRFLOW_CTX_DAG_OWNER='***' AIRFLOW_CTX_DAG_ID='distillationDAG' AIRFLOW_CTX_TASK_ID='scan_minio_and_dispatch' AIRFLOW_CTX_EXECUTION_DATE='2026-04-29T11:29:34.877136+00:00' AIRFLOW_CTX_TRY_NUMBER='1' AIRFLOW_CTX_DAG_RUN_ID='scheduled__2026-04-29T11:29:34.877136+00:00'
[2026-04-29T11:30:22.243+0000] {logging_mixin.py:151} INFO - [DISPATCHER] Found file: raw/Document1.docx
[2026-04-29T11:30:22.483+0000] {docx_pipeline.py:368} INFO - [docx] Processing raw/Document1.docx
[2026-04-29T11:30:22.486+0000] {docx_pipeline.py:404} INFO - [docx] Extracting text…
[2026-04-29T11:30:22.519+0000] {docx_pipeline.py:406} INFO - [docx] Extracted 1673 characters of text
[2026-04-29T11:30:22.519+0000] {docx_pipeline.py:411} INFO - [docx] Extracting tables…
[2026-04-29T11:30:22.537+0000] {docx_pipeline.py:413} INFO - [docx] Found 0 table(s)
[2026-04-29T11:30:22.543+0000] {docx_pipeline.py:438} INFO - [docx] Uploaded extracted text → processed/unstructured/text-extracted/Document1.txt
[2026-04-29T11:30:22.548+0000] {docx_pipeline.py:451} INFO - [docx] Created catalog entry for extracted text: processed/unstructured/text-extracted/Document1.txt
[2026-04-29T11:30:22.549+0000] {docx_pipeline.py:80} ERROR - [docx] Failed saving to unstructured_documents: there is no unique or exclusion constraint matching the ON CONFLICT specification
Traceback (most recent call last):
  File "/opt/python-etl/pipelines/docx_pipeline.py", line 63, in _save_unstructured_doc
    cursor.execute(
psycopg2.errors.InvalidColumnReference: there is no unique or exclusion constraint matching the ON CONFLICT specification

[2026-04-29T11:30:22.571+0000] {docx_pipeline.py:535} INFO - [docx] Marked raw entry as processed: raw/Document1.docx
[2026-04-29T11:30:22.572+0000] {docx_pipeline.py:547} INFO - [docx] Created processed catalog entry: processed/Document1.docx
[2026-04-29T11:30:22.574+0000] {docx_pipeline.py:559} INFO - [docx] Removed old catalog entry: raw/Document1.docx
[2026-04-29T11:30:22.574+0000] {docx_pipeline.py:567} INFO - [docx] ✅ Completed raw/Document1.docx | tables=0 | total_rows=0 | text_chars=1673
[2026-04-29T11:30:22.574+0000] {etl_manager.py:287} INFO - ETL completed: raw/Document1.docx
[2026-04-29T11:30:22.575+0000] {logging_mixin.py:151} INFO - [DISPATCHER] Archiving raw/Document1.docx -> raw-data/2026-04-29/Document1.docx
[2026-04-29T11:30:22.586+0000] {logging_mixin.py:151} INFO - [DISPATCHER] Catalog updated for archive: raw-data/2026-04-29/Document1.docx
[2026-04-29T11:30:22.589+0000] {logging_mixin.py:151} INFO - [DISPATCHER] Completed & removed landing copy: raw/Document1.docx
[2026-04-29T11:30:22.589+0000] {python.py:194} INFO - Done. Returned value was: None
[2026-04-29T11:30:22.618+0000] {taskinstance.py:1398} INFO - Marking task as SUCCESS. dag_id=distillationDAG, task_id=scan_minio_and_dispatch, execution_date=20260429T112934, start_date=20260429T113021, end_date=20260429T113022
[2026-04-29T11:30:22.678+0000] {local_task_job_runner.py:228} INFO - Task exited with return code 0
[2026-04-29T11:30:22.703+0000] {taskinstance.py:2776} INFO - 0 downstream tasks scheduled from follow-on schedule check
