[2026-04-29T13:33:36.750+0000] {taskinstance.py:1157} INFO - Dependencies all met for dep_context=non-requeueable deps ti=<TaskInstance: distillationDAG.scan_minio_and_dispatch scheduled__2026-04-29T13:32:49.149749+00:00 [queued]>
[2026-04-29T13:33:36.762+0000] {taskinstance.py:1157} INFO - Dependencies all met for dep_context=requeueable deps ti=<TaskInstance: distillationDAG.scan_minio_and_dispatch scheduled__2026-04-29T13:32:49.149749+00:00 [queued]>
[2026-04-29T13:33:36.762+0000] {taskinstance.py:1359} INFO - Starting attempt 1 of 4
[2026-04-29T13:33:36.779+0000] {taskinstance.py:1380} INFO - Executing <Task(PythonOperator): scan_minio_and_dispatch> on 2026-04-29 13:32:49.149749+00:00
[2026-04-29T13:33:36.791+0000] {standard_task_runner.py:57} INFO - Started process 3079 to run task
[2026-04-29T13:33:36.796+0000] {standard_task_runner.py:84} INFO - Running: ['***', 'tasks', 'run', 'distillationDAG', 'scan_minio_and_dispatch', 'scheduled__2026-04-29T13:32:49.149749+00:00', '--job-id', '4063', '--raw', '--subdir', 'DAGS_FOLDER/dispatcher_pipeline_dag.py', '--cfg-path', '/tmp/tmpw_3l6tyd']
[2026-04-29T13:33:36.802+0000] {standard_task_runner.py:85} INFO - Job 4063: Subtask scan_minio_and_dispatch
[2026-04-29T13:33:36.914+0000] {task_command.py:415} INFO - Running <TaskInstance: distillationDAG.scan_minio_and_dispatch scheduled__2026-04-29T13:32:49.149749+00:00 [running]> on host 4cf9052965fd
[2026-04-29T13:33:37.329+0000] {taskinstance.py:1660} INFO - Exporting env vars: AIRFLOW_CTX_DAG_OWNER='***' AIRFLOW_CTX_DAG_ID='distillationDAG' AIRFLOW_CTX_TASK_ID='scan_minio_and_dispatch' AIRFLOW_CTX_EXECUTION_DATE='2026-04-29T13:32:49.149749+00:00' AIRFLOW_CTX_TRY_NUMBER='1' AIRFLOW_CTX_DAG_RUN_ID='scheduled__2026-04-29T13:32:49.149749+00:00'
[2026-04-29T13:33:37.357+0000] {logging_mixin.py:151} INFO - [DISPATCHER] Found file: raw/iotpblfilecover.pdf
[2026-04-29T13:33:37.702+0000] {pdf_pipeline.py:395} INFO - [pdf] Processing raw/iotpblfilecover.pdf
[2026-04-29T13:33:37.706+0000] {pdf_pipeline.py:427} INFO - [pdf] Extracting text from PDF...
[2026-04-29T13:33:37.753+0000] {pdf_pipeline.py:449} INFO - [pdf] Extracted 1831 characters of text from 3 pages
[2026-04-29T13:33:37.757+0000] {pdf_pipeline.py:468} INFO - [pdf] Uploaded extracted text -> processed/unstructured/text-extracted/iotpblfilecover.txt
[2026-04-29T13:33:37.759+0000] {pdf_pipeline.py:77} ERROR - [pdf] Failed saving to unstructured_documents: there is no unique or exclusion constraint matching the ON CONFLICT specification
Traceback (most recent call last):
  File "/opt/python-etl/pipelines/pdf_pipeline.py", line 60, in _save_unstructured_doc
    cursor.execute(
psycopg2.errors.InvalidColumnReference: there is no unique or exclusion constraint matching the ON CONFLICT specification

[2026-04-29T13:33:37.760+0000] {pdf_pipeline.py:80} WARNING - [pdf] Continuing pipeline despite unstructured_documents save failure
[2026-04-29T13:33:37.765+0000] {pdf_pipeline.py:498} INFO - [pdf] Created catalog entry for extracted text: processed/unstructured/text-extracted/iotpblfilecover.txt
[2026-04-29T13:33:37.765+0000] {pdf_pipeline.py:505} INFO - [pdf] Extracting tables from PDF...
[2026-04-29T13:33:37.847+0000] {pdf_pipeline.py:263} INFO - [pdf] Uploaded table CSV -> processed/structured/pdf-tables/iotpblfilecover_page1_table1.csv
[2026-04-29T13:33:37.847+0000] {structured_pipeline.py:108} INFO - Table name: data_iotpblfilecover_page1_table1
[2026-04-29T13:33:37.850+0000] {structured_pipeline.py:124} INFO - [Normalize] Normalizing DataFrame with 3 columns
[2026-04-29T13:33:37.859+0000] {logging_mixin.py:151} WARNING - /opt/python-etl/pipelines/structured_pipeline.py:211 UserWarning: Could not infer format, so each element will be parsed individually, falling back to `dateutil`. To ensure parsing is consistent and as-expected, please specify a format.
[2026-04-29T13:33:37.878+0000] {pdf_pipeline.py:327} INFO - [pdf] Created table: data_iotpblfilecover_page1_table1
[2026-04-29T13:33:37.881+0000] {pdf_pipeline.py:340} INFO - [pdf] Loaded 2 rows into data_iotpblfilecover_page1_table1
[2026-04-29T13:33:37.884+0000] {pdf_pipeline.py:567} INFO - [pdf] Processed table 1: 2 rows, 3 columns
[2026-04-29T13:33:38.006+0000] {pdf_pipeline.py:584} INFO - [pdf] Extracted 1 tables with 2 total rows
[2026-04-29T13:33:38.007+0000] {pdf_pipeline.py:621} ERROR - [pdf] Failed catalog update for raw/iotpblfilecover.pdf: name 'root_name' is not defined
Traceback (most recent call last):
  File "/opt/python-etl/pipelines/pdf_pipeline.py", line 614, in process_minio_object
    "extracted_text": f"processed/unstructured/text-extracted/{root_name}.txt",
                                                               ^^^^^^^^^
NameError: name 'root_name' is not defined
[2026-04-29T13:33:38.009+0000] {pdf_pipeline.py:634} INFO - [pdf] Removed old catalog entry: raw/iotpblfilecover.pdf
[2026-04-29T13:33:38.009+0000] {pdf_pipeline.py:638} INFO - [pdf] ✅ Completed processing: raw/iotpblfilecover.pdf | pages=3 | tables=1 | rows=2 | text_chars=1831
[2026-04-29T13:33:38.010+0000] {etl_manager.py:287} INFO - ETL completed: raw/iotpblfilecover.pdf
[2026-04-29T13:33:38.010+0000] {logging_mixin.py:151} INFO - [DISPATCHER] Archiving raw/iotpblfilecover.pdf -> raw-data/2026-04-29/iotpblfilecover.pdf
[2026-04-29T13:33:38.025+0000] {logging_mixin.py:151} INFO - [DISPATCHER] Catalog updated for archive: raw-data/2026-04-29/iotpblfilecover.pdf
[2026-04-29T13:33:38.028+0000] {logging_mixin.py:151} INFO - [DISPATCHER] Completed & removed landing copy: raw/iotpblfilecover.pdf
[2026-04-29T13:33:38.029+0000] {python.py:194} INFO - Done. Returned value was: None
[2026-04-29T13:33:38.045+0000] {taskinstance.py:1398} INFO - Marking task as SUCCESS. dag_id=distillationDAG, task_id=scan_minio_and_dispatch, execution_date=20260429T133249, start_date=20260429T133336, end_date=20260429T133338
[2026-04-29T13:33:38.094+0000] {local_task_job_runner.py:228} INFO - Task exited with return code 0
[2026-04-29T13:33:38.159+0000] {taskinstance.py:2776} INFO - 0 downstream tasks scheduled from follow-on schedule check
