[2026-02-09T22:20:02.647+0000] {taskinstance.py:1157} INFO - Dependencies all met for dep_context=non-requeueable deps ti=<TaskInstance: distillationDAG.scan_minio_and_dispatch scheduled__2026-02-09T22:13:42.517811+00:00 [queued]>
[2026-02-09T22:20:02.666+0000] {taskinstance.py:1157} INFO - Dependencies all met for dep_context=requeueable deps ti=<TaskInstance: distillationDAG.scan_minio_and_dispatch scheduled__2026-02-09T22:13:42.517811+00:00 [queued]>
[2026-02-09T22:20:02.667+0000] {taskinstance.py:1359} INFO - Starting attempt 3 of 4
[2026-02-09T22:20:02.696+0000] {taskinstance.py:1380} INFO - Executing <Task(PythonOperator): scan_minio_and_dispatch> on 2026-02-09 22:13:42.517811+00:00
[2026-02-09T22:20:02.711+0000] {standard_task_runner.py:57} INFO - Started process 244 to run task
[2026-02-09T22:20:02.716+0000] {standard_task_runner.py:84} INFO - Running: ['***', 'tasks', 'run', 'distillationDAG', 'scan_minio_and_dispatch', 'scheduled__2026-02-09T22:13:42.517811+00:00', '--job-id', '1398', '--raw', '--subdir', 'DAGS_FOLDER/dispatcher_pipeline_dag.py', '--cfg-path', '/tmp/tmpcr1nzpat']
[2026-02-09T22:20:02.722+0000] {standard_task_runner.py:85} INFO - Job 1398: Subtask scan_minio_and_dispatch
[2026-02-09T22:20:02.821+0000] {task_command.py:415} INFO - Running <TaskInstance: distillationDAG.scan_minio_and_dispatch scheduled__2026-02-09T22:13:42.517811+00:00 [running]> on host e52b143ab92e
[2026-02-09T22:20:03.197+0000] {taskinstance.py:1660} INFO - Exporting env vars: AIRFLOW_CTX_DAG_OWNER='***' AIRFLOW_CTX_DAG_ID='distillationDAG' AIRFLOW_CTX_TASK_ID='scan_minio_and_dispatch' AIRFLOW_CTX_EXECUTION_DATE='2026-02-09T22:13:42.517811+00:00' AIRFLOW_CTX_TRY_NUMBER='3' AIRFLOW_CTX_DAG_RUN_ID='scheduled__2026-02-09T22:13:42.517811+00:00'
[2026-02-09T22:20:03.210+0000] {logging_mixin.py:151} INFO - [DISPATCHER] Found file: raw/Invoice_2449088033.pdf
[2026-02-09T22:20:03.553+0000] {taskinstance.py:1935} ERROR - Task failed with exception
Traceback (most recent call last):
  File "/home/airflow/.local/lib/python3.11/site-packages/airflow/operators/python.py", line 192, in execute
    return_value = self.execute_callable()
                   ^^^^^^^^^^^^^^^^^^^^^^^
  File "/home/airflow/.local/lib/python3.11/site-packages/airflow/operators/python.py", line 209, in execute_callable
    return self.python_callable(*self.op_args, **self.op_kwargs)
           ^^^^^^^^^^^^^^^^^^^^^^^^^^^^^^^^^^^^^^^^^^^^^^^^^^^^^
  File "/opt/airflow/dags/dispatcher_pipeline_dag.py", line 56, in scan_and_dispatch
    run_pipeline_for_object(object_name)
  File "/opt/python-etl/etl_manager.py", line 291, in run_pipeline_for_object
    pdf_pipeline.process_minio_object(**common_kwargs)
TypeError: process_minio_object() got an unexpected keyword argument 'bucket'
[2026-02-09T22:20:03.573+0000] {taskinstance.py:1398} INFO - Marking task as UP_FOR_RETRY. dag_id=distillationDAG, task_id=scan_minio_and_dispatch, execution_date=20260209T221342, start_date=20260209T222002, end_date=20260209T222003
[2026-02-09T22:20:03.590+0000] {standard_task_runner.py:104} ERROR - Failed to execute job 1398 for task scan_minio_and_dispatch (process_minio_object() got an unexpected keyword argument 'bucket'; 244)
[2026-02-09T22:20:03.615+0000] {local_task_job_runner.py:228} INFO - Task exited with return code 1
[2026-02-09T22:20:03.654+0000] {taskinstance.py:2776} INFO - 0 downstream tasks scheduled from follow-on schedule check
