[2026-04-29T12:23:05.423+0000] {taskinstance.py:1157} INFO - Dependencies all met for dep_context=non-requeueable deps ti=<TaskInstance: distillationDAG.scan_minio_and_dispatch scheduled__2026-04-29T12:22:18.498099+00:00 [queued]>
[2026-04-29T12:23:05.431+0000] {taskinstance.py:1157} INFO - Dependencies all met for dep_context=requeueable deps ti=<TaskInstance: distillationDAG.scan_minio_and_dispatch scheduled__2026-04-29T12:22:18.498099+00:00 [queued]>
[2026-04-29T12:23:05.432+0000] {taskinstance.py:1359} INFO - Starting attempt 1 of 4
[2026-04-29T12:23:05.446+0000] {taskinstance.py:1380} INFO - Executing <Task(PythonOperator): scan_minio_and_dispatch> on 2026-04-29 12:22:18.498099+00:00
[2026-04-29T12:23:05.454+0000] {standard_task_runner.py:57} INFO - Started process 328 to run task
[2026-04-29T12:23:05.457+0000] {standard_task_runner.py:84} INFO - Running: ['***', 'tasks', 'run', 'distillationDAG', 'scan_minio_and_dispatch', 'scheduled__2026-04-29T12:22:18.498099+00:00', '--job-id', '3969', '--raw', '--subdir', 'DAGS_FOLDER/dispatcher_pipeline_dag.py', '--cfg-path', '/tmp/tmpl0p1_0bj']
[2026-04-29T12:23:05.461+0000] {standard_task_runner.py:85} INFO - Job 3969: Subtask scan_minio_and_dispatch
[2026-04-29T12:23:05.541+0000] {task_command.py:415} INFO - Running <TaskInstance: distillationDAG.scan_minio_and_dispatch scheduled__2026-04-29T12:22:18.498099+00:00 [running]> on host 4cf9052965fd
[2026-04-29T12:23:05.821+0000] {taskinstance.py:1660} INFO - Exporting env vars: AIRFLOW_CTX_DAG_OWNER='***' AIRFLOW_CTX_DAG_ID='distillationDAG' AIRFLOW_CTX_TASK_ID='scan_minio_and_dispatch' AIRFLOW_CTX_EXECUTION_DATE='2026-04-29T12:22:18.498099+00:00' AIRFLOW_CTX_TRY_NUMBER='1' AIRFLOW_CTX_DAG_RUN_ID='scheduled__2026-04-29T12:22:18.498099+00:00'
[2026-04-29T12:23:05.841+0000] {logging_mixin.py:151} INFO - [DISPATCHER] Found file: raw/CCPRAC01.docx
[2026-04-29T12:23:06.237+0000] {docx_pipeline.py:368} INFO - [docx] Processing raw/CCPRAC01.docx
[2026-04-29T12:23:06.240+0000] {docx_pipeline.py:404} INFO - [docx] Extracting text…
[2026-04-29T12:23:06.296+0000] {docx_pipeline.py:406} INFO - [docx] Extracted 4925 characters of text
[2026-04-29T12:23:06.296+0000] {docx_pipeline.py:411} INFO - [docx] Extracting tables…
[2026-04-29T12:23:06.319+0000] {docx_pipeline.py:413} INFO - [docx] Found 0 table(s)
[2026-04-29T12:23:06.326+0000] {docx_pipeline.py:438} INFO - [docx] Uploaded extracted text → processed/unstructured/text-extracted/CCPRAC01.txt
[2026-04-29T12:23:06.331+0000] {docx_pipeline.py:451} INFO - [docx] Created catalog entry for extracted text: processed/unstructured/text-extracted/CCPRAC01.txt
[2026-04-29T12:23:06.332+0000] {docx_pipeline.py:80} ERROR - [docx] Failed saving to unstructured_documents: there is no unique or exclusion constraint matching the ON CONFLICT specification
Traceback (most recent call last):
  File "/opt/python-etl/pipelines/docx_pipeline.py", line 63, in _save_unstructured_doc
    cursor.execute(
psycopg2.errors.InvalidColumnReference: there is no unique or exclusion constraint matching the ON CONFLICT specification

[2026-04-29T12:23:06.370+0000] {docx_pipeline.py:539} INFO - [docx] Updated catalog entry for DOCX: raw/CCPRAC01.docx
[2026-04-29T12:23:06.371+0000] {docx_pipeline.py:545} INFO - [docx] ✅ Completed raw/CCPRAC01.docx | tables=0 | total_rows=0 | text_chars=4925
[2026-04-29T12:23:06.371+0000] {etl_manager.py:287} INFO - ETL completed: raw/CCPRAC01.docx
[2026-04-29T12:23:06.371+0000] {logging_mixin.py:151} INFO - [DISPATCHER] Archiving raw/CCPRAC01.docx -> raw-data/2026-04-29/CCPRAC01.docx
[2026-04-29T12:23:06.384+0000] {logging_mixin.py:151} INFO - [DISPATCHER] Catalog updated for archive: raw-data/2026-04-29/CCPRAC01.docx
[2026-04-29T12:23:06.388+0000] {logging_mixin.py:151} INFO - [DISPATCHER] Completed & removed landing copy: raw/CCPRAC01.docx
[2026-04-29T12:23:06.388+0000] {python.py:194} INFO - Done. Returned value was: None
[2026-04-29T12:23:06.403+0000] {taskinstance.py:1398} INFO - Marking task as SUCCESS. dag_id=distillationDAG, task_id=scan_minio_and_dispatch, execution_date=20260429T122218, start_date=20260429T122305, end_date=20260429T122306
[2026-04-29T12:23:06.432+0000] {local_task_job_runner.py:228} INFO - Task exited with return code 0
[2026-04-29T12:23:06.456+0000] {taskinstance.py:2776} INFO - 0 downstream tasks scheduled from follow-on schedule check
