[2026-03-20T01:03:48.672+0000] {taskinstance.py:1157} INFO - Dependencies all met for dep_context=non-requeueable deps ti=<TaskInstance: embedding_sync_dag.backfill_existing_data scheduled__2026-03-20T00:55:00+00:00 [queued]>
[2026-03-20T01:03:48.680+0000] {taskinstance.py:1157} INFO - Dependencies all met for dep_context=requeueable deps ti=<TaskInstance: embedding_sync_dag.backfill_existing_data scheduled__2026-03-20T00:55:00+00:00 [queued]>
[2026-03-20T01:03:48.681+0000] {taskinstance.py:1359} INFO - Starting attempt 1 of 3
[2026-03-20T01:03:48.695+0000] {taskinstance.py:1380} INFO - Executing <Task(PythonOperator): backfill_existing_data> on 2026-03-20 00:55:00+00:00
[2026-03-20T01:03:48.705+0000] {standard_task_runner.py:57} INFO - Started process 4188 to run task
[2026-03-20T01:03:48.708+0000] {standard_task_runner.py:84} INFO - Running: ['***', 'tasks', 'run', 'embedding_sync_dag', 'backfill_existing_data', 'scheduled__2026-03-20T00:55:00+00:00', '--job-id', '2415', '--raw', '--subdir', 'DAGS_FOLDER/embedding_sync_dag.py', '--cfg-path', '/tmp/tmp933aa7ub']
[2026-03-20T01:03:48.712+0000] {standard_task_runner.py:85} INFO - Job 2415: Subtask backfill_existing_data
[2026-03-20T01:03:48.791+0000] {task_command.py:415} INFO - Running <TaskInstance: embedding_sync_dag.backfill_existing_data scheduled__2026-03-20T00:55:00+00:00 [running]> on host 76de17b6f6da
[2026-03-20T01:03:48.918+0000] {taskinstance.py:1660} INFO - Exporting env vars: AIRFLOW_CTX_DAG_OWNER='lakehouse' AIRFLOW_CTX_DAG_ID='embedding_sync_dag' AIRFLOW_CTX_TASK_ID='backfill_existing_data' AIRFLOW_CTX_EXECUTION_DATE='2026-03-20T00:55:00+00:00' AIRFLOW_CTX_TRY_NUMBER='1' AIRFLOW_CTX_DAG_RUN_ID='scheduled__2026-03-20T00:55:00+00:00'
[2026-03-20T01:03:49.834+0000] {embedding_pipeline.py:430} INFO - [embed] Backfill needed — source~3137, fully embedded=0, gap~3137
[2026-03-20T01:03:49.836+0000] {embedding_pipeline.py:448} INFO - [embed] Scanning 53 tables for unembedded rows...
[2026-03-20T01:03:49.850+0000] {embedding_pipeline.py:492} INFO - [embed] Queued 5 rows from data_doc10_research_data_page2_table1
[2026-03-20T01:03:49.853+0000] {embedding_pipeline.py:492} INFO - [embed] Queued 5 rows from data_doc10_research_data_page2_table2
[2026-03-20T01:03:49.856+0000] {embedding_pipeline.py:492} INFO - [embed] Queued 4 rows from data_doc10_research_data_page3_table1
[2026-03-20T01:03:49.859+0000] {embedding_pipeline.py:492} INFO - [embed] Queued 4 rows from data_doc10_research_dataaaaaa_table_1
[2026-03-20T01:03:49.863+0000] {embedding_pipeline.py:492} INFO - [embed] Queued 4 rows from data_doc10_research_dataaaaaa_table_2
[2026-03-20T01:03:49.866+0000] {embedding_pipeline.py:492} INFO - [embed] Queued 4 rows from data_doc10_research_dataaaaaa_table_3
[2026-03-20T01:03:49.869+0000] {embedding_pipeline.py:492} INFO - [embed] Queued 4 rows from data_doc1111_table_1
[2026-03-20T01:03:49.872+0000] {embedding_pipeline.py:492} INFO - [embed] Queued 4 rows from data_doc1111_table_2
[2026-03-20T01:03:49.875+0000] {embedding_pipeline.py:492} INFO - [embed] Queued 4 rows from data_doc1111_table_3
[2026-03-20T01:03:49.878+0000] {embedding_pipeline.py:492} INFO - [embed] Queued 4 rows from data_doc1_sales_report_table_1
[2026-03-20T01:03:49.882+0000] {embedding_pipeline.py:492} INFO - [embed] Queued 4 rows from data_doc1_sales_report_table_2
[2026-03-20T01:03:49.885+0000] {embedding_pipeline.py:492} INFO - [embed] Queued 4 rows from data_doc1_sales_report_table_3
[2026-03-20T01:03:49.887+0000] {embedding_pipeline.py:492} INFO - [embed] Queued 5 rows from data_doc2_employee_directory_table_1
[2026-03-20T01:03:49.891+0000] {embedding_pipeline.py:492} INFO - [embed] Queued 4 rows from data_doc2_employee_directory_table_2
[2026-03-20T01:03:49.894+0000] {embedding_pipeline.py:492} INFO - [embed] Queued 4 rows from data_doc2_employee_directory_table_3
[2026-03-20T01:03:49.897+0000] {embedding_pipeline.py:492} INFO - [embed] Queued 4 rows from data_doc3_inventory_report_table_1
[2026-03-20T01:03:49.900+0000] {embedding_pipeline.py:492} INFO - [embed] Queued 4 rows from data_doc3_inventory_report_table_2
[2026-03-20T01:03:49.904+0000] {embedding_pipeline.py:492} INFO - [embed] Queued 4 rows from data_doc3_inventory_report_table_3
[2026-03-20T01:03:49.907+0000] {embedding_pipeline.py:492} INFO - [embed] Queued 4 rows from data_doc4_financial_statement_table_1
[2026-03-20T01:03:49.910+0000] {embedding_pipeline.py:492} INFO - [embed] Queued 4 rows from data_doc4_financial_statement_table_2
[2026-03-20T01:03:49.913+0000] {embedding_pipeline.py:492} INFO - [embed] Queued 4 rows from data_doc4_financial_statement_table_3
[2026-03-20T01:03:49.919+0000] {embedding_pipeline.py:492} INFO - [embed] Queued 4 rows from data_doc5_project_status_table_1
[2026-03-20T01:03:49.924+0000] {embedding_pipeline.py:492} INFO - [embed] Queued 4 rows from data_doc5_project_status_table_2
[2026-03-20T01:03:49.929+0000] {embedding_pipeline.py:492} INFO - [embed] Queued 4 rows from data_doc5_project_status_table_3
[2026-03-20T01:03:49.934+0000] {embedding_pipeline.py:492} INFO - [embed] Queued 4 rows from data_doc6_customer_analysis_table_1
[2026-03-20T01:03:49.937+0000] {embedding_pipeline.py:492} INFO - [embed] Queued 4 rows from data_doc6_customer_analysis_table_2
[2026-03-20T01:03:49.940+0000] {embedding_pipeline.py:492} INFO - [embed] Queued 4 rows from data_doc6_customer_analysis_table_3
[2026-03-20T01:03:49.943+0000] {embedding_pipeline.py:492} INFO - [embed] Queued 4 rows from data_doc7_marketing_metricsss_table_1
[2026-03-20T01:03:49.946+0000] {embedding_pipeline.py:492} INFO - [embed] Queued 4 rows from data_doc7_marketing_metricsss_table_3
[2026-03-20T01:03:49.950+0000] {embedding_pipeline.py:492} INFO - [embed] Queued 5 rows from data_doc8_it_assets_page2_table1
[2026-03-20T01:03:49.954+0000] {embedding_pipeline.py:492} INFO - [embed] Queued 5 rows from data_doc8_it_assets_page2_table2
[2026-03-20T01:03:49.959+0000] {embedding_pipeline.py:492} INFO - [embed] Queued 5 rows from data_doc8_it_assets_page3_table1
[2026-03-20T01:03:49.962+0000] {embedding_pipeline.py:492} INFO - [embed] Queued 5 rows from data_doc9_quality_assurance_page2_table1
[2026-03-20T01:03:49.967+0000] {embedding_pipeline.py:492} INFO - [embed] Queued 4 rows from data_doc9_quality_assurance_page2_table2
[2026-03-20T01:03:49.971+0000] {embedding_pipeline.py:492} INFO - [embed] Queued 5 rows from data_doc9_quality_assurance_page3_table1
[2026-03-20T01:03:49.974+0000] {embedding_pipeline.py:492} INFO - [embed] Queued 4 rows from data_doc9_quality_assuranceeee_table_1
[2026-03-20T01:03:49.977+0000] {embedding_pipeline.py:492} INFO - [embed] Queued 4 rows from data_doc9_quality_assuranceeee_table_2
[2026-03-20T01:03:49.980+0000] {embedding_pipeline.py:492} INFO - [embed] Queued 4 rows from data_doc9_quality_assuranceeee_table_3
[2026-03-20T01:03:49.984+0000] {embedding_pipeline.py:492} INFO - [embed] Queued 8 rows from data_movies
[2026-03-20T01:03:49.987+0000] {embedding_pipeline.py:492} INFO - [embed] Queued 5 rows from data_nimish_research1_1_page3_table1
[2026-03-20T01:03:49.990+0000] {embedding_pipeline.py:492} INFO - [embed] Queued 5 rows from data_nimish_research3_page4_table1
[2026-03-20T01:03:49.993+0000] {embedding_pipeline.py:492} INFO - [embed] Queued 8 rows from data_nimish_research3_page7_table1
[2026-03-20T01:03:49.996+0000] {embedding_pipeline.py:492} INFO - [embed] Queued 5 rows from data_nitin_gavhane_resume_table_1
[2026-03-20T01:03:50.011+0000] {embedding_pipeline.py:492} INFO - [embed] Queued 1000 rows from data_organizations_1000
[2026-03-20T01:03:50.026+0000] {embedding_pipeline.py:492} INFO - [embed] Queued 1000 rows from data_people_1000
[2026-03-20T01:03:50.029+0000] {embedding_pipeline.py:492} INFO - [embed] Queued 8 rows from data_products
[2026-03-20T01:03:50.032+0000] {embedding_pipeline.py:492} INFO - [embed] Queued 8 rows from data_sales
[2026-03-20T01:03:50.035+0000] {embedding_pipeline.py:492} INFO - [embed] Queued 7 rows from data_sample_tables_page7_table2
[2026-03-20T01:03:50.039+0000] {embedding_pipeline.py:492} INFO - [embed] Queued 8 rows from data_social_media
[2026-03-20T01:03:50.053+0000] {embedding_pipeline.py:492} INFO - [embed] Queued 1000 rows from data_studentsperformance
[2026-03-20T01:03:50.059+0000] {embedding_pipeline.py:492} INFO - [embed] Queued 125 rows from minio_data_catalog
[2026-03-20T01:03:50.074+0000] {embedding_pipeline.py:492} INFO - [embed] Queued 103 rows from unstructured_documents
[2026-03-20T01:03:50.078+0000] {embedding_pipeline.py:492} INFO - [embed] Queued 19 rows from unstructured_images
[2026-03-20T01:03:50.080+0000] {embedding_pipeline.py:501} INFO - [embed] Backfill complete — 3469 rows queued
[2026-03-20T01:03:50.104+0000] {python.py:194} INFO - Done. Returned value was: 3469
[2026-03-20T01:03:50.136+0000] {taskinstance.py:1398} INFO - Marking task as SUCCESS. dag_id=embedding_sync_dag, task_id=backfill_existing_data, execution_date=20260320T005500, start_date=20260320T010348, end_date=20260320T010350
[2026-03-20T01:03:50.173+0000] {local_task_job_runner.py:228} INFO - Task exited with return code 0
[2026-03-20T01:03:50.208+0000] {taskinstance.py:2776} INFO - 0 downstream tasks scheduled from follow-on schedule check
