[2025-11-27T18:03:46.253+0000] {taskinstance.py:1157} INFO - Dependencies all met for dep_context=non-requeueable deps ti=<TaskInstance: distillationDAG.scan_minio_and_dispatch scheduled__2025-11-27T18:02:55.610134+00:00 [queued]>
[2025-11-27T18:03:46.263+0000] {taskinstance.py:1157} INFO - Dependencies all met for dep_context=requeueable deps ti=<TaskInstance: distillationDAG.scan_minio_and_dispatch scheduled__2025-11-27T18:02:55.610134+00:00 [queued]>
[2025-11-27T18:03:46.263+0000] {taskinstance.py:1359} INFO - Starting attempt 1 of 4
[2025-11-27T18:03:46.278+0000] {taskinstance.py:1380} INFO - Executing <Task(PythonOperator): scan_minio_and_dispatch> on 2025-11-27 18:02:55.610134+00:00
[2025-11-27T18:03:46.286+0000] {standard_task_runner.py:57} INFO - Started process 411 to run task
[2025-11-27T18:03:46.291+0000] {standard_task_runner.py:84} INFO - Running: ['***', 'tasks', 'run', 'distillationDAG', 'scan_minio_and_dispatch', 'scheduled__2025-11-27T18:02:55.610134+00:00', '--job-id', '466', '--raw', '--subdir', 'DAGS_FOLDER/dispatcher_pipeline_dag.py', '--cfg-path', '/tmp/tmpfnj7lirb']
[2025-11-27T18:03:46.295+0000] {standard_task_runner.py:85} INFO - Job 466: Subtask scan_minio_and_dispatch
[2025-11-27T18:03:46.323+0000] {logging_mixin.py:151} WARNING - /home/***/.local/lib/python3.11/site-packages/***/settings.py:195 DeprecationWarning: The sql_alchemy_conn option in [core] has been moved to the sql_alchemy_conn option in [database] - the old setting has been used, but please update your config.
[2025-11-27T18:03:46.380+0000] {task_command.py:415} INFO - Running <TaskInstance: distillationDAG.scan_minio_and_dispatch scheduled__2025-11-27T18:02:55.610134+00:00 [running]> on host 93f0080637f5
[2025-11-27T18:03:46.752+0000] {taskinstance.py:1660} INFO - Exporting env vars: AIRFLOW_CTX_DAG_OWNER='***' AIRFLOW_CTX_DAG_ID='distillationDAG' AIRFLOW_CTX_TASK_ID='scan_minio_and_dispatch' AIRFLOW_CTX_EXECUTION_DATE='2025-11-27T18:02:55.610134+00:00' AIRFLOW_CTX_TRY_NUMBER='1' AIRFLOW_CTX_DAG_RUN_ID='scheduled__2025-11-27T18:02:55.610134+00:00'
[2025-11-27T18:03:46.767+0000] {logging_mixin.py:151} INFO - [DISPATCHER] Found file: raw/customer.csv
[2025-11-27T18:03:46.990+0000] {structured_pipeline.py:155} INFO - [structured] Processing raw/customer.csv
[2025-11-27T18:03:46.994+0000] {structured_pipeline.py:162} INFO - [structured] Downloaded 225 bytes
[2025-11-27T18:03:46.995+0000] {structured_pipeline.py:19} INFO - Detected encoding: ascii (confidence: 1.00)
[2025-11-27T18:03:46.995+0000] {structured_pipeline.py:173} INFO - [structured] Attempting to decode with ascii
[2025-11-27T18:03:46.997+0000] {structured_pipeline.py:38} INFO - Sniffer detected delimiter: ','
[2025-11-27T18:03:46.997+0000] {structured_pipeline.py:211} INFO - [structured] Read attempt 1
[2025-11-27T18:03:47.006+0000] {structured_pipeline.py:215} INFO - [structured] Successfully read 4 rows with 4 columns
[2025-11-27T18:03:47.006+0000] {structured_pipeline.py:235} INFO - [structured] Cleaning dataframe...
[2025-11-27T18:03:47.018+0000] {structured_pipeline.py:257} INFO - [structured] Cleaned dataframe: 4 rows, 4 columns
[2025-11-27T18:03:47.018+0000] {structured_pipeline.py:116} INFO - Table name: data_customer
[2025-11-27T18:03:47.034+0000] {logging_mixin.py:151} WARNING - /opt/python-etl/pipelines/structured_pipeline.py:134 UserWarning: Could not infer format, so each element will be parsed individually, falling back to `dateutil`. To ensure parsing is consistent and as-expected, please specify a format.
[2025-11-27T18:03:47.038+0000] {logging_mixin.py:151} WARNING - /opt/python-etl/pipelines/structured_pipeline.py:134 UserWarning: Could not infer format, so each element will be parsed individually, falling back to `dateutil`. To ensure parsing is consistent and as-expected, please specify a format.
[2025-11-27T18:03:47.048+0000] {structured_pipeline.py:281} INFO - [structured] Created table: data_customer
[2025-11-27T18:03:47.055+0000] {structured_pipeline.py:294} INFO - [structured] Loaded 4 rows into data_customer
[2025-11-27T18:03:47.055+0000] {structured_pipeline.py:298} INFO - [structured] Writing Parquet file...
[2025-11-27T18:03:47.138+0000] {logging_mixin.py:151} WARNING - /home/***/.local/lib/python3.11/site-packages/pyarrow/pandas_compat.py:373 FutureWarning: is_sparse is deprecated and will be removed in a future version. Check `isinstance(dtype, pd.SparseDtype)` instead.
[2025-11-27T18:03:47.166+0000] {structured_pipeline.py:311} INFO - [structured] Parquet saved to: processed/structured/customer.parquet
[2025-11-27T18:03:47.175+0000] {structured_pipeline.py:323} INFO - [structured] ✅ Successfully processed raw/customer.csv
[2025-11-27T18:03:47.175+0000] {etl_manager.py:291} INFO - Processing complete for: raw/customer.csv
[2025-11-27T18:03:47.176+0000] {logging_mixin.py:151} INFO - [DISPATCHER] Archiving raw/customer.csv -> raw-data/2025-11-27/customer.csv
[2025-11-27T18:03:47.187+0000] {logging_mixin.py:151} INFO - [DISPATCHER] Completed & removed landing copy: raw/customer.csv
[2025-11-27T18:03:47.188+0000] {logging_mixin.py:151} INFO - [DISPATCHER] Found file: raw/earth-with-text.jpg
[2025-11-27T18:03:47.199+0000] {image_pipeline.py:85} INFO - [image] Processing raw/earth-with-text.jpg
[2025-11-27T18:03:47.221+0000] {image_pipeline.py:122} INFO - [image] Image metadata: 640x640, format=JPEG
[2025-11-27T18:03:47.222+0000] {image_pipeline.py:128} INFO - [image] Running OCR on raw/earth-with-text.jpg...
[2025-11-27T18:03:47.243+0000] {image_pipeline.py:150} WARNING - [image] OCR failed for raw/earth-with-text.jpg: [Errno 13] Permission denied: 'tesseract'
[2025-11-27T18:03:47.246+0000] {image_pipeline.py:195} ERROR - [image] Error processing raw/earth-with-text.jpg: column "content_hash" of relation "unstructured_images" does not exist
LINE 3: ...object_name, img_format, width, height, ocr_text, content_ha...
                                                             ^
Traceback (most recent call last):
  File "/opt/python-etl/pipelines/image_pipeline.py", line 158, in process_minio_object
    cursor.execute(
psycopg2.errors.UndefinedColumn: column "content_hash" of relation "unstructured_images" does not exist
LINE 3: ...object_name, img_format, width, height, ocr_text, content_ha...
                                                             ^

[2025-11-27T18:03:47.247+0000] {taskinstance.py:1935} ERROR - Task failed with exception
Traceback (most recent call last):
  File "/home/airflow/.local/lib/python3.11/site-packages/airflow/operators/python.py", line 192, in execute
    return_value = self.execute_callable()
                   ^^^^^^^^^^^^^^^^^^^^^^^
  File "/home/airflow/.local/lib/python3.11/site-packages/airflow/operators/python.py", line 209, in execute_callable
    return self.python_callable(*self.op_args, **self.op_kwargs)
           ^^^^^^^^^^^^^^^^^^^^^^^^^^^^^^^^^^^^^^^^^^^^^^^^^^^^^
  File "/opt/airflow/dags/dispatcher_pipeline_dag.py", line 56, in scan_and_dispatch
    run_pipeline_for_object(object_name)
  File "/opt/python-etl/etl_manager.py", line 284, in run_pipeline_for_object
    image_pipeline.process_minio_object(
  File "/opt/python-etl/pipelines/image_pipeline.py", line 158, in process_minio_object
    cursor.execute(
psycopg2.errors.UndefinedColumn: column "content_hash" of relation "unstructured_images" does not exist
LINE 3: ...object_name, img_format, width, height, ocr_text, content_ha...
                                                             ^

[2025-11-27T18:03:47.267+0000] {taskinstance.py:1398} INFO - Marking task as UP_FOR_RETRY. dag_id=distillationDAG, task_id=scan_minio_and_dispatch, execution_date=20251127T180255, start_date=20251127T180346, end_date=20251127T180347
[2025-11-27T18:03:47.285+0000] {standard_task_runner.py:104} ERROR - Failed to execute job 466 for task scan_minio_and_dispatch (column "content_hash" of relation "unstructured_images" does not exist
LINE 3: ...object_name, img_format, width, height, ocr_text, content_ha...
                                                             ^
; 411)
[2025-11-27T18:03:47.347+0000] {local_task_job_runner.py:228} INFO - Task exited with return code 1
[2025-11-27T18:03:47.375+0000] {taskinstance.py:2776} INFO - 0 downstream tasks scheduled from follow-on schedule check
