[2026-02-27T06:52:14.366+0000] {taskinstance.py:1157} INFO - Dependencies all met for dep_context=non-requeueable deps ti=<TaskInstance: distillationDAG.scan_minio_and_dispatch scheduled__2026-02-27T06:51:24.975380+00:00 [queued]>
[2026-02-27T06:52:14.390+0000] {taskinstance.py:1157} INFO - Dependencies all met for dep_context=requeueable deps ti=<TaskInstance: distillationDAG.scan_minio_and_dispatch scheduled__2026-02-27T06:51:24.975380+00:00 [queued]>
[2026-02-27T06:52:14.391+0000] {taskinstance.py:1359} INFO - Starting attempt 1 of 4
[2026-02-27T06:52:14.421+0000] {taskinstance.py:1380} INFO - Executing <Task(PythonOperator): scan_minio_and_dispatch> on 2026-02-27 06:51:24.975380+00:00
[2026-02-27T06:52:14.439+0000] {standard_task_runner.py:57} INFO - Started process 372 to run task
[2026-02-27T06:52:14.450+0000] {standard_task_runner.py:84} INFO - Running: ['***', 'tasks', 'run', 'distillationDAG', 'scan_minio_and_dispatch', 'scheduled__2026-02-27T06:51:24.975380+00:00', '--job-id', '1798', '--raw', '--subdir', 'DAGS_FOLDER/dispatcher_pipeline_dag.py', '--cfg-path', '/tmp/tmpz1d_mw13']
[2026-02-27T06:52:14.460+0000] {standard_task_runner.py:85} INFO - Job 1798: Subtask scan_minio_and_dispatch
[2026-02-27T06:52:14.638+0000] {task_command.py:415} INFO - Running <TaskInstance: distillationDAG.scan_minio_and_dispatch scheduled__2026-02-27T06:51:24.975380+00:00 [running]> on host d062021cd282
[2026-02-27T06:52:15.342+0000] {taskinstance.py:1660} INFO - Exporting env vars: AIRFLOW_CTX_DAG_OWNER='***' AIRFLOW_CTX_DAG_ID='distillationDAG' AIRFLOW_CTX_TASK_ID='scan_minio_and_dispatch' AIRFLOW_CTX_EXECUTION_DATE='2026-02-27T06:51:24.975380+00:00' AIRFLOW_CTX_TRY_NUMBER='1' AIRFLOW_CTX_DAG_RUN_ID='scheduled__2026-02-27T06:51:24.975380+00:00'
[2026-02-27T06:52:15.367+0000] {logging_mixin.py:151} INFO - [DISPATCHER] Found file: raw/doc9_quality_assurance.pdf
[2026-02-27T06:52:16.267+0000] {pdf_pipeline.py:478} INFO - [pdf] Processing raw/doc9_quality_assurance.pdf
[2026-02-27T06:52:16.280+0000] {pdf_pipeline.py:532} INFO - [pdf] Extracting text from PDF...
[2026-02-27T06:52:16.431+0000] {pdf_pipeline.py:554} INFO - [pdf] Extracted 1044 characters of text from 3 pages
[2026-02-27T06:52:16.440+0000] {pdf_pipeline.py:573} INFO - [pdf] Uploaded extracted text -> processed/unstructured/text-extracted/doc9_quality_assurance.txt
[2026-02-27T06:52:16.448+0000] {pdf_pipeline.py:86} WARNING - [pdf] Could not add UNIQUE constraint: could not create unique index "unstructured_documents_content_hash_key"
DETAIL:  Key (content_hash)=(a95d20adcf0b6ad918e0139c6c2e7fe32b571130949496df092301cfbc685f2e) is duplicated.

[2026-02-27T06:52:16.451+0000] {pdf_pipeline.py:154} INFO - [pdf] Inserted new record into unstructured_documents for raw/doc9_quality_assurance.pdf
[2026-02-27T06:52:16.453+0000] {pdf_pipeline.py:596} INFO - [pdf] Extracting tables from PDF...
[2026-02-27T06:52:16.753+0000] {pdf_pipeline.py:615} INFO - [pdf] Page 2: pdfplumber found 2 header-only table(s); rect-based fallback found 2 table(s)
[2026-02-27T06:52:16.792+0000] {pdf_pipeline.py:345} INFO - [pdf] Uploaded table CSV -> processed/structured/pdf-tables/doc9_quality_assurance_page2_table1.csv
[2026-02-27T06:52:16.793+0000] {structured_pipeline.py:108} INFO - Table name: data_doc9_quality_assurance_page2_table1
[2026-02-27T06:52:16.796+0000] {structured_pipeline.py:124} INFO - [Normalize] Normalizing DataFrame with 5 columns
[2026-02-27T06:52:16.808+0000] {logging_mixin.py:151} WARNING - /opt/python-etl/pipelines/structured_pipeline.py:190 UserWarning: Could not infer format, so each element will be parsed individually, falling back to `dateutil`. To ensure parsing is consistent and as-expected, please specify a format.
[2026-02-27T06:52:16.822+0000] {logging_mixin.py:151} WARNING - /opt/python-etl/pipelines/structured_pipeline.py:190 UserWarning: Could not infer format, so each element will be parsed individually, falling back to `dateutil`. To ensure parsing is consistent and as-expected, please specify a format.
[2026-02-27T06:52:16.830+0000] {pdf_pipeline.py:409} INFO - [pdf] Created table: data_doc9_quality_assurance_page2_table1
[2026-02-27T06:52:16.835+0000] {pdf_pipeline.py:422} INFO - [pdf] Loaded 5 rows into data_doc9_quality_assurance_page2_table1
[2026-02-27T06:52:16.850+0000] {pdf_pipeline.py:658} INFO - [pdf] Processed table 1: 5 rows, 5 columns
[2026-02-27T06:52:16.871+0000] {pdf_pipeline.py:345} INFO - [pdf] Uploaded table CSV -> processed/structured/pdf-tables/doc9_quality_assurance_page2_table2.csv
[2026-02-27T06:52:16.873+0000] {structured_pipeline.py:108} INFO - Table name: data_doc9_quality_assurance_page2_table2
[2026-02-27T06:52:16.875+0000] {structured_pipeline.py:124} INFO - [Normalize] Normalizing DataFrame with 5 columns
[2026-02-27T06:52:16.882+0000] {logging_mixin.py:151} WARNING - /opt/python-etl/pipelines/structured_pipeline.py:190 UserWarning: Could not infer format, so each element will be parsed individually, falling back to `dateutil`. To ensure parsing is consistent and as-expected, please specify a format.
[2026-02-27T06:52:16.894+0000] {pdf_pipeline.py:409} INFO - [pdf] Created table: data_doc9_quality_assurance_page2_table2
[2026-02-27T06:52:16.898+0000] {pdf_pipeline.py:422} INFO - [pdf] Loaded 4 rows into data_doc9_quality_assurance_page2_table2
[2026-02-27T06:52:16.902+0000] {pdf_pipeline.py:658} INFO - [pdf] Processed table 2: 4 rows, 5 columns
[2026-02-27T06:52:17.046+0000] {pdf_pipeline.py:615} INFO - [pdf] Page 3: pdfplumber found 1 header-only table(s); rect-based fallback found 1 table(s)
[2026-02-27T06:52:17.065+0000] {pdf_pipeline.py:345} INFO - [pdf] Uploaded table CSV -> processed/structured/pdf-tables/doc9_quality_assurance_page3_table1.csv
[2026-02-27T06:52:17.066+0000] {structured_pipeline.py:108} INFO - Table name: data_doc9_quality_assurance_page3_table1
[2026-02-27T06:52:17.068+0000] {structured_pipeline.py:124} INFO - [Normalize] Normalizing DataFrame with 4 columns
[2026-02-27T06:52:17.075+0000] {logging_mixin.py:151} WARNING - /opt/python-etl/pipelines/structured_pipeline.py:190 UserWarning: Could not infer format, so each element will be parsed individually, falling back to `dateutil`. To ensure parsing is consistent and as-expected, please specify a format.
[2026-02-27T06:52:17.080+0000] {logging_mixin.py:151} WARNING - /opt/python-etl/pipelines/structured_pipeline.py:190 UserWarning: Could not infer format, so each element will be parsed individually, falling back to `dateutil`. To ensure parsing is consistent and as-expected, please specify a format.
[2026-02-27T06:52:17.086+0000] {logging_mixin.py:151} WARNING - /opt/python-etl/pipelines/structured_pipeline.py:190 UserWarning: Could not infer format, so each element will be parsed individually, falling back to `dateutil`. To ensure parsing is consistent and as-expected, please specify a format.
[2026-02-27T06:52:17.091+0000] {logging_mixin.py:151} WARNING - /opt/python-etl/pipelines/structured_pipeline.py:190 UserWarning: Could not infer format, so each element will be parsed individually, falling back to `dateutil`. To ensure parsing is consistent and as-expected, please specify a format.
[2026-02-27T06:52:17.095+0000] {pdf_pipeline.py:409} INFO - [pdf] Created table: data_doc9_quality_assurance_page3_table1
[2026-02-27T06:52:17.099+0000] {pdf_pipeline.py:422} INFO - [pdf] Loaded 5 rows into data_doc9_quality_assurance_page3_table1
[2026-02-27T06:52:17.103+0000] {pdf_pipeline.py:658} INFO - [pdf] Processed table 3: 5 rows, 4 columns
[2026-02-27T06:52:17.105+0000] {pdf_pipeline.py:675} INFO - [pdf] Extracted 3 tables with 14 total rows
[2026-02-27T06:52:17.110+0000] {pdf_pipeline.py:703} INFO - [pdf] Updated catalog for raw/doc9_quality_assurance.pdf
[2026-02-27T06:52:17.110+0000] {pdf_pipeline.py:708} INFO - [pdf] ✅ Completed processing: raw/doc9_quality_assurance.pdf | pages=3 | tables=3 | rows=14 | text_chars=1044
[2026-02-27T06:52:17.111+0000] {etl_manager.py:306} INFO - ETL completed: raw/doc9_quality_assurance.pdf
[2026-02-27T06:52:17.112+0000] {logging_mixin.py:151} INFO - [DISPATCHER] Archiving raw/doc9_quality_assurance.pdf -> raw-data/2026-02-27/doc9_quality_assurance.pdf
[2026-02-27T06:52:17.134+0000] {logging_mixin.py:151} INFO - [DISPATCHER] Completed & removed landing copy: raw/doc9_quality_assurance.pdf
[2026-02-27T06:52:17.135+0000] {logging_mixin.py:151} INFO - [DISPATCHER] Found file: raw/doc9_quality_assuranceeee.docx
[2026-02-27T06:52:17.173+0000] {docx_pipeline.py:452} INFO - [docx] Processing raw/doc9_quality_assuranceeee.docx
[2026-02-27T06:52:17.184+0000] {docx_pipeline.py:509} INFO - [docx] Extracting text…
[2026-02-27T06:52:17.213+0000] {docx_pipeline.py:511} INFO - [docx] Extracted 194 characters of text
[2026-02-27T06:52:17.214+0000] {docx_pipeline.py:516} INFO - [docx] Extracting tables…
[2026-02-27T06:52:17.267+0000] {docx_pipeline.py:518} INFO - [docx] Found 3 table(s)
[2026-02-27T06:52:17.275+0000] {docx_pipeline.py:543} INFO - [docx] Uploaded extracted text → processed/unstructured/text-extracted/doc9_quality_assuranceeee.txt
[2026-02-27T06:52:17.281+0000] {docx_pipeline.py:193} WARNING - [docx] Could not add UNIQUE constraint: could not create unique index "unstructured_documents_content_hash_key"
DETAIL:  Key (content_hash)=(a95d20adcf0b6ad918e0139c6c2e7fe32b571130949496df092301cfbc685f2e) is duplicated.

[2026-02-27T06:52:17.284+0000] {docx_pipeline.py:257} INFO - [docx] Inserted into unstructured_documents for raw/doc9_quality_assuranceeee.docx
[2026-02-27T06:52:17.286+0000] {docx_pipeline.py:564} INFO - [docx] Processing 3 table(s)…
[2026-02-27T06:52:17.305+0000] {docx_pipeline.py:310} INFO - [docx] Uploaded table CSV → processed/structured/docx-tables/doc9_quality_assuranceeee_table_1.csv
[2026-02-27T06:52:17.306+0000] {structured_pipeline.py:108} INFO - Table name: data_doc9_quality_assuranceeee_table_1
[2026-02-27T06:52:17.308+0000] {structured_pipeline.py:124} INFO - [Normalize] Normalizing DataFrame with 5 columns
[2026-02-27T06:52:17.316+0000] {logging_mixin.py:151} WARNING - /opt/python-etl/pipelines/structured_pipeline.py:190 UserWarning: Could not infer format, so each element will be parsed individually, falling back to `dateutil`. To ensure parsing is consistent and as-expected, please specify a format.
[2026-02-27T06:52:17.321+0000] {logging_mixin.py:151} WARNING - /opt/python-etl/pipelines/structured_pipeline.py:190 UserWarning: Could not infer format, so each element will be parsed individually, falling back to `dateutil`. To ensure parsing is consistent and as-expected, please specify a format.
[2026-02-27T06:52:17.326+0000] {logging_mixin.py:151} WARNING - /opt/python-etl/pipelines/structured_pipeline.py:190 UserWarning: Could not infer format, so each element will be parsed individually, falling back to `dateutil`. To ensure parsing is consistent and as-expected, please specify a format.
[2026-02-27T06:52:17.330+0000] {logging_mixin.py:151} WARNING - /opt/python-etl/pipelines/structured_pipeline.py:190 UserWarning: Could not infer format, so each element will be parsed individually, falling back to `dateutil`. To ensure parsing is consistent and as-expected, please specify a format.
[2026-02-27T06:52:17.335+0000] {logging_mixin.py:151} WARNING - /opt/python-etl/pipelines/structured_pipeline.py:190 UserWarning: Could not infer format, so each element will be parsed individually, falling back to `dateutil`. To ensure parsing is consistent and as-expected, please specify a format.
[2026-02-27T06:52:17.340+0000] {docx_pipeline.py:378} INFO - [docx] Created table: data_doc9_quality_assuranceeee_table_1
[2026-02-27T06:52:17.344+0000] {docx_pipeline.py:390} INFO - [docx] Loaded 4 rows into 'data_doc9_quality_assuranceeee_table_1'
[2026-02-27T06:52:17.349+0000] {docx_pipeline.py:587} INFO - [docx] Processed table 1/3: 4 rows × 5 cols
[2026-02-27T06:52:17.367+0000] {docx_pipeline.py:310} INFO - [docx] Uploaded table CSV → processed/structured/docx-tables/doc9_quality_assuranceeee_table_2.csv
[2026-02-27T06:52:17.368+0000] {structured_pipeline.py:108} INFO - Table name: data_doc9_quality_assuranceeee_table_2
[2026-02-27T06:52:17.369+0000] {structured_pipeline.py:124} INFO - [Normalize] Normalizing DataFrame with 5 columns
[2026-02-27T06:52:17.376+0000] {logging_mixin.py:151} WARNING - /opt/python-etl/pipelines/structured_pipeline.py:190 UserWarning: Could not infer format, so each element will be parsed individually, falling back to `dateutil`. To ensure parsing is consistent and as-expected, please specify a format.
[2026-02-27T06:52:17.381+0000] {logging_mixin.py:151} WARNING - /opt/python-etl/pipelines/structured_pipeline.py:190 UserWarning: Could not infer format, so each element will be parsed individually, falling back to `dateutil`. To ensure parsing is consistent and as-expected, please specify a format.
[2026-02-27T06:52:17.388+0000] {logging_mixin.py:151} WARNING - /opt/python-etl/pipelines/structured_pipeline.py:190 UserWarning: Could not infer format, so each element will be parsed individually, falling back to `dateutil`. To ensure parsing is consistent and as-expected, please specify a format.
[2026-02-27T06:52:17.392+0000] {docx_pipeline.py:378} INFO - [docx] Created table: data_doc9_quality_assuranceeee_table_2
[2026-02-27T06:52:17.396+0000] {docx_pipeline.py:390} INFO - [docx] Loaded 4 rows into 'data_doc9_quality_assuranceeee_table_2'
[2026-02-27T06:52:17.400+0000] {docx_pipeline.py:587} INFO - [docx] Processed table 2/3: 4 rows × 5 cols
[2026-02-27T06:52:17.419+0000] {docx_pipeline.py:310} INFO - [docx] Uploaded table CSV → processed/structured/docx-tables/doc9_quality_assuranceeee_table_3.csv
[2026-02-27T06:52:17.419+0000] {structured_pipeline.py:108} INFO - Table name: data_doc9_quality_assuranceeee_table_3
[2026-02-27T06:52:17.421+0000] {structured_pipeline.py:124} INFO - [Normalize] Normalizing DataFrame with 5 columns
[2026-02-27T06:52:17.428+0000] {logging_mixin.py:151} WARNING - /opt/python-etl/pipelines/structured_pipeline.py:190 UserWarning: Could not infer format, so each element will be parsed individually, falling back to `dateutil`. To ensure parsing is consistent and as-expected, please specify a format.
[2026-02-27T06:52:17.432+0000] {logging_mixin.py:151} WARNING - /opt/python-etl/pipelines/structured_pipeline.py:190 UserWarning: Could not infer format, so each element will be parsed individually, falling back to `dateutil`. To ensure parsing is consistent and as-expected, please specify a format.
[2026-02-27T06:52:17.437+0000] {logging_mixin.py:151} WARNING - /opt/python-etl/pipelines/structured_pipeline.py:190 UserWarning: Could not infer format, so each element will be parsed individually, falling back to `dateutil`. To ensure parsing is consistent and as-expected, please specify a format.
[2026-02-27T06:52:17.442+0000] {logging_mixin.py:151} WARNING - /opt/python-etl/pipelines/structured_pipeline.py:190 UserWarning: Could not infer format, so each element will be parsed individually, falling back to `dateutil`. To ensure parsing is consistent and as-expected, please specify a format.
[2026-02-27T06:52:17.446+0000] {logging_mixin.py:151} WARNING - /opt/python-etl/pipelines/structured_pipeline.py:190 UserWarning: Could not infer format, so each element will be parsed individually, falling back to `dateutil`. To ensure parsing is consistent and as-expected, please specify a format.
[2026-02-27T06:52:17.450+0000] {docx_pipeline.py:378} INFO - [docx] Created table: data_doc9_quality_assuranceeee_table_3
[2026-02-27T06:52:17.454+0000] {docx_pipeline.py:390} INFO - [docx] Loaded 4 rows into 'data_doc9_quality_assuranceeee_table_3'
[2026-02-27T06:52:17.459+0000] {docx_pipeline.py:587} INFO - [docx] Processed table 3/3: 4 rows × 5 cols
[2026-02-27T06:52:17.472+0000] {docx_pipeline.py:623} INFO - [docx] Updated catalog for raw/doc9_quality_assuranceeee.docx
[2026-02-27T06:52:17.472+0000] {docx_pipeline.py:629} INFO - [docx] ✅ Completed raw/doc9_quality_assuranceeee.docx | tables=3 | total_rows=12 | text_chars=194
[2026-02-27T06:52:17.473+0000] {etl_manager.py:306} INFO - ETL completed: raw/doc9_quality_assuranceeee.docx
[2026-02-27T06:52:17.473+0000] {logging_mixin.py:151} INFO - [DISPATCHER] Archiving raw/doc9_quality_assuranceeee.docx -> raw-data/2026-02-27/doc9_quality_assuranceeee.docx
[2026-02-27T06:52:17.492+0000] {logging_mixin.py:151} INFO - [DISPATCHER] Completed & removed landing copy: raw/doc9_quality_assuranceeee.docx
[2026-02-27T06:52:17.493+0000] {python.py:194} INFO - Done. Returned value was: None
[2026-02-27T06:52:17.538+0000] {taskinstance.py:1398} INFO - Marking task as SUCCESS. dag_id=distillationDAG, task_id=scan_minio_and_dispatch, execution_date=20260227T065124, start_date=20260227T065214, end_date=20260227T065217
[2026-02-27T06:52:17.612+0000] {local_task_job_runner.py:228} INFO - Task exited with return code 0
[2026-02-27T06:52:17.706+0000] {taskinstance.py:2776} INFO - 0 downstream tasks scheduled from follow-on schedule check
