[2026-05-04T08:29:06.305+0000] {taskinstance.py:1157} INFO - Dependencies all met for dep_context=non-requeueable deps ti=<TaskInstance: embedding_sync_dag.backfill_existing_data scheduled__2026-05-04T08:20:00+00:00 [queued]>
[2026-05-04T08:29:06.313+0000] {taskinstance.py:1157} INFO - Dependencies all met for dep_context=requeueable deps ti=<TaskInstance: embedding_sync_dag.backfill_existing_data scheduled__2026-05-04T08:20:00+00:00 [queued]>
[2026-05-04T08:29:06.315+0000] {taskinstance.py:1359} INFO - Starting attempt 1 of 3
[2026-05-04T08:29:06.327+0000] {taskinstance.py:1380} INFO - Executing <Task(PythonOperator): backfill_existing_data> on 2026-05-04 08:20:00+00:00
[2026-05-04T08:29:06.335+0000] {standard_task_runner.py:57} INFO - Started process 2447 to run task
[2026-05-04T08:29:06.340+0000] {standard_task_runner.py:84} INFO - Running: ['***', 'tasks', 'run', 'embedding_sync_dag', 'backfill_existing_data', 'scheduled__2026-05-04T08:20:00+00:00', '--job-id', '4222', '--raw', '--subdir', 'DAGS_FOLDER/embedding_sync_dag.py', '--cfg-path', '/tmp/tmpu3_bgv2l']
[2026-05-04T08:29:06.343+0000] {standard_task_runner.py:85} INFO - Job 4222: Subtask backfill_existing_data
[2026-05-04T08:29:06.427+0000] {task_command.py:415} INFO - Running <TaskInstance: embedding_sync_dag.backfill_existing_data scheduled__2026-05-04T08:20:00+00:00 [running]> on host e8610aa59365
[2026-05-04T08:29:06.552+0000] {taskinstance.py:1660} INFO - Exporting env vars: AIRFLOW_CTX_DAG_OWNER='lakehouse' AIRFLOW_CTX_DAG_ID='embedding_sync_dag' AIRFLOW_CTX_TASK_ID='backfill_existing_data' AIRFLOW_CTX_EXECUTION_DATE='2026-05-04T08:20:00+00:00' AIRFLOW_CTX_TRY_NUMBER='1' AIRFLOW_CTX_DAG_RUN_ID='scheduled__2026-05-04T08:20:00+00:00'
[2026-05-04T08:29:07.402+0000] {embedding_pipeline.py:430} INFO - [embed] Backfill needed — source~1085, fully embedded=0, gap~1085
[2026-05-04T08:29:07.404+0000] {embedding_pipeline.py:448} INFO - [embed] Scanning 15 tables for unembedded rows...
[2026-05-04T08:29:07.412+0000] {embedding_pipeline.py:492} INFO - [embed] Queued 10 rows from data_datatest1
[2026-05-04T08:29:07.416+0000] {embedding_pipeline.py:492} INFO - [embed] Queued 10 rows from data_datatest2
[2026-05-04T08:29:07.419+0000] {embedding_pipeline.py:492} INFO - [embed] Queued 10 rows from data_datatest3
[2026-05-04T08:29:07.422+0000] {embedding_pipeline.py:492} INFO - [embed] Queued 10 rows from data_datatest4
[2026-05-04T08:29:07.425+0000] {embedding_pipeline.py:492} INFO - [embed] Queued 2 rows from data_iotpblfilecover_page1_table1
[2026-05-04T08:29:07.428+0000] {embedding_pipeline.py:492} INFO - [embed] Queued 2 rows from data_mispblintro_page1_table1
[2026-05-04T08:29:07.430+0000] {embedding_pipeline.py:492} INFO - [embed] Queued 4 rows from data_sample_1_page1_table1
[2026-05-04T08:29:07.433+0000] {embedding_pipeline.py:492} INFO - [embed] Queued 3 rows from data_sample_2_page1_table1
[2026-05-04T08:29:07.436+0000] {embedding_pipeline.py:492} INFO - [embed] Queued 7 rows from data_sample_3_page1_table1
[2026-05-04T08:29:07.438+0000] {embedding_pipeline.py:492} INFO - [embed] Queued 6 rows from data_sample_4_page1_table1
[2026-05-04T08:29:07.441+0000] {embedding_pipeline.py:492} INFO - [embed] Queued 6 rows from data_sample_5_page1_table1
[2026-05-04T08:29:07.457+0000] {embedding_pipeline.py:492} INFO - [embed] Queued 1000 rows from data_studentsperformance
[2026-05-04T08:29:07.460+0000] {embedding_pipeline.py:492} INFO - [embed] Queued 41 rows from minio_data_catalog
[2026-05-04T08:29:07.479+0000] {embedding_pipeline.py:492} INFO - [embed] Queued 103 rows from unstructured_documents
[2026-05-04T08:29:07.483+0000] {embedding_pipeline.py:492} INFO - [embed] Queued 19 rows from unstructured_images
[2026-05-04T08:29:07.484+0000] {embedding_pipeline.py:501} INFO - [embed] Backfill complete — 1233 rows queued
[2026-05-04T08:29:07.503+0000] {python.py:194} INFO - Done. Returned value was: 1233
[2026-05-04T08:29:07.538+0000] {taskinstance.py:1398} INFO - Marking task as SUCCESS. dag_id=embedding_sync_dag, task_id=backfill_existing_data, execution_date=20260504T082000, start_date=20260504T082906, end_date=20260504T082907
[2026-05-04T08:29:07.610+0000] {local_task_job_runner.py:228} INFO - Task exited with return code 0
[2026-05-04T08:29:07.656+0000] {taskinstance.py:2776} INFO - 0 downstream tasks scheduled from follow-on schedule check
