[2026-04-10T10:20:12.544+0000] {processor.py:157} INFO - Started process (PID=167) to work on /opt/airflow/dags/dispatcher_pipeline_dag.py
[2026-04-10T10:20:12.547+0000] {processor.py:829} INFO - Processing file /opt/airflow/dags/dispatcher_pipeline_dag.py for tasks to queue
[2026-04-10T10:20:12.549+0000] {logging_mixin.py:151} INFO - [2026-04-10T10:20:12.548+0000] {dagbag.py:539} INFO - Filling up the DagBag from /opt/airflow/dags/dispatcher_pipeline_dag.py
[2026-04-10T10:20:14.504+0000] {processor.py:839} INFO - DAG(s) dict_keys(['distillationDAG']) retrieved from /opt/airflow/dags/dispatcher_pipeline_dag.py
[2026-04-10T10:20:14.620+0000] {logging_mixin.py:151} INFO - [2026-04-10T10:20:14.619+0000] {dag.py:2915} INFO - Sync 1 DAGs
[2026-04-10T10:20:14.680+0000] {logging_mixin.py:151} INFO - [2026-04-10T10:20:14.680+0000] {dag.py:3696} INFO - Setting next_dagrun for distillationDAG to 2026-04-10T10:19:29.679792+00:00, run_after=2026-04-10T10:20:14.679792+00:00
[2026-04-10T10:20:14.722+0000] {processor.py:179} INFO - Processing /opt/airflow/dags/dispatcher_pipeline_dag.py took 2.189 seconds
[2026-04-10T10:20:44.998+0000] {processor.py:157} INFO - Started process (PID=212) to work on /opt/airflow/dags/dispatcher_pipeline_dag.py
[2026-04-10T10:20:45.003+0000] {processor.py:829} INFO - Processing file /opt/airflow/dags/dispatcher_pipeline_dag.py for tasks to queue
[2026-04-10T10:20:45.005+0000] {logging_mixin.py:151} INFO - [2026-04-10T10:20:45.004+0000] {dagbag.py:539} INFO - Filling up the DagBag from /opt/airflow/dags/dispatcher_pipeline_dag.py
[2026-04-10T10:20:46.811+0000] {processor.py:839} INFO - DAG(s) dict_keys(['distillationDAG']) retrieved from /opt/airflow/dags/dispatcher_pipeline_dag.py
[2026-04-10T10:20:46.890+0000] {logging_mixin.py:151} INFO - [2026-04-10T10:20:46.889+0000] {dag.py:2915} INFO - Sync 1 DAGs
[2026-04-10T10:20:46.943+0000] {logging_mixin.py:151} INFO - [2026-04-10T10:20:46.943+0000] {dag.py:3696} INFO - Setting next_dagrun for distillationDAG to 2026-04-10T10:20:01.943048+00:00, run_after=2026-04-10T10:20:46.943048+00:00
[2026-04-10T10:20:46.988+0000] {processor.py:179} INFO - Processing /opt/airflow/dags/dispatcher_pipeline_dag.py took 2.007 seconds
[2026-04-10T10:21:17.771+0000] {processor.py:157} INFO - Started process (PID=231) to work on /opt/airflow/dags/dispatcher_pipeline_dag.py
[2026-04-10T10:21:17.774+0000] {processor.py:829} INFO - Processing file /opt/airflow/dags/dispatcher_pipeline_dag.py for tasks to queue
[2026-04-10T10:21:17.776+0000] {logging_mixin.py:151} INFO - [2026-04-10T10:21:17.775+0000] {dagbag.py:539} INFO - Filling up the DagBag from /opt/airflow/dags/dispatcher_pipeline_dag.py
[2026-04-10T10:21:19.947+0000] {processor.py:839} INFO - DAG(s) dict_keys(['distillationDAG']) retrieved from /opt/airflow/dags/dispatcher_pipeline_dag.py
[2026-04-10T10:21:20.048+0000] {logging_mixin.py:151} INFO - [2026-04-10T10:21:20.046+0000] {dag.py:2915} INFO - Sync 1 DAGs
[2026-04-10T10:21:20.127+0000] {logging_mixin.py:151} INFO - [2026-04-10T10:21:20.126+0000] {dag.py:3696} INFO - Setting next_dagrun for distillationDAG to 2026-04-10T10:20:35.125986+00:00, run_after=2026-04-10T10:21:20.125986+00:00
[2026-04-10T10:21:20.180+0000] {processor.py:179} INFO - Processing /opt/airflow/dags/dispatcher_pipeline_dag.py took 2.420 seconds
[2026-04-10T10:21:50.327+0000] {processor.py:157} INFO - Started process (PID=254) to work on /opt/airflow/dags/dispatcher_pipeline_dag.py
[2026-04-10T10:21:50.330+0000] {processor.py:829} INFO - Processing file /opt/airflow/dags/dispatcher_pipeline_dag.py for tasks to queue
[2026-04-10T10:21:50.332+0000] {logging_mixin.py:151} INFO - [2026-04-10T10:21:50.331+0000] {dagbag.py:539} INFO - Filling up the DagBag from /opt/airflow/dags/dispatcher_pipeline_dag.py
[2026-04-10T10:21:52.116+0000] {processor.py:839} INFO - DAG(s) dict_keys(['distillationDAG']) retrieved from /opt/airflow/dags/dispatcher_pipeline_dag.py
[2026-04-10T10:21:52.198+0000] {logging_mixin.py:151} INFO - [2026-04-10T10:21:52.197+0000] {dag.py:2915} INFO - Sync 1 DAGs
[2026-04-10T10:21:52.252+0000] {logging_mixin.py:151} INFO - [2026-04-10T10:21:52.251+0000] {dag.py:3696} INFO - Setting next_dagrun for distillationDAG to 2026-04-10T10:21:07.251418+00:00, run_after=2026-04-10T10:21:52.251418+00:00
[2026-04-10T10:21:52.293+0000] {processor.py:179} INFO - Processing /opt/airflow/dags/dispatcher_pipeline_dag.py took 1.977 seconds
[2026-04-10T10:22:22.952+0000] {processor.py:157} INFO - Started process (PID=274) to work on /opt/airflow/dags/dispatcher_pipeline_dag.py
[2026-04-10T10:22:22.954+0000] {processor.py:829} INFO - Processing file /opt/airflow/dags/dispatcher_pipeline_dag.py for tasks to queue
[2026-04-10T10:22:22.957+0000] {logging_mixin.py:151} INFO - [2026-04-10T10:22:22.956+0000] {dagbag.py:539} INFO - Filling up the DagBag from /opt/airflow/dags/dispatcher_pipeline_dag.py
[2026-04-10T10:22:24.675+0000] {processor.py:839} INFO - DAG(s) dict_keys(['distillationDAG']) retrieved from /opt/airflow/dags/dispatcher_pipeline_dag.py
[2026-04-10T10:22:24.745+0000] {logging_mixin.py:151} INFO - [2026-04-10T10:22:24.744+0000] {dag.py:2915} INFO - Sync 1 DAGs
[2026-04-10T10:22:24.792+0000] {logging_mixin.py:151} INFO - [2026-04-10T10:22:24.791+0000] {dag.py:3696} INFO - Setting next_dagrun for distillationDAG to 2026-04-10T10:21:39.791574+00:00, run_after=2026-04-10T10:22:24.791574+00:00
[2026-04-10T10:22:24.835+0000] {processor.py:179} INFO - Processing /opt/airflow/dags/dispatcher_pipeline_dag.py took 1.893 seconds
[2026-04-10T10:22:55.467+0000] {processor.py:157} INFO - Started process (PID=292) to work on /opt/airflow/dags/dispatcher_pipeline_dag.py
[2026-04-10T10:22:55.470+0000] {processor.py:829} INFO - Processing file /opt/airflow/dags/dispatcher_pipeline_dag.py for tasks to queue
[2026-04-10T10:22:55.473+0000] {logging_mixin.py:151} INFO - [2026-04-10T10:22:55.472+0000] {dagbag.py:539} INFO - Filling up the DagBag from /opt/airflow/dags/dispatcher_pipeline_dag.py
[2026-04-10T10:22:57.241+0000] {processor.py:839} INFO - DAG(s) dict_keys(['distillationDAG']) retrieved from /opt/airflow/dags/dispatcher_pipeline_dag.py
[2026-04-10T10:22:57.320+0000] {logging_mixin.py:151} INFO - [2026-04-10T10:22:57.319+0000] {dag.py:2915} INFO - Sync 1 DAGs
[2026-04-10T10:22:57.371+0000] {logging_mixin.py:151} INFO - [2026-04-10T10:22:57.371+0000] {dag.py:3696} INFO - Setting next_dagrun for distillationDAG to 2026-04-10T10:22:12.370963+00:00, run_after=2026-04-10T10:22:57.370963+00:00
[2026-04-10T10:22:57.411+0000] {processor.py:179} INFO - Processing /opt/airflow/dags/dispatcher_pipeline_dag.py took 1.954 seconds
[2026-04-10T10:23:27.787+0000] {processor.py:157} INFO - Started process (PID=310) to work on /opt/airflow/dags/dispatcher_pipeline_dag.py
[2026-04-10T10:23:27.790+0000] {processor.py:829} INFO - Processing file /opt/airflow/dags/dispatcher_pipeline_dag.py for tasks to queue
[2026-04-10T10:23:27.793+0000] {logging_mixin.py:151} INFO - [2026-04-10T10:23:27.791+0000] {dagbag.py:539} INFO - Filling up the DagBag from /opt/airflow/dags/dispatcher_pipeline_dag.py
[2026-04-10T10:23:29.553+0000] {processor.py:839} INFO - DAG(s) dict_keys(['distillationDAG']) retrieved from /opt/airflow/dags/dispatcher_pipeline_dag.py
[2026-04-10T10:23:29.633+0000] {logging_mixin.py:151} INFO - [2026-04-10T10:23:29.632+0000] {dag.py:2915} INFO - Sync 1 DAGs
[2026-04-10T10:23:29.684+0000] {logging_mixin.py:151} INFO - [2026-04-10T10:23:29.683+0000] {dag.py:3696} INFO - Setting next_dagrun for distillationDAG to 2026-04-10T10:22:44.683478+00:00, run_after=2026-04-10T10:23:29.683478+00:00
[2026-04-10T10:23:29.724+0000] {processor.py:179} INFO - Processing /opt/airflow/dags/dispatcher_pipeline_dag.py took 1.948 seconds
[2026-04-10T10:24:00.092+0000] {processor.py:157} INFO - Started process (PID=328) to work on /opt/airflow/dags/dispatcher_pipeline_dag.py
[2026-04-10T10:24:00.094+0000] {processor.py:829} INFO - Processing file /opt/airflow/dags/dispatcher_pipeline_dag.py for tasks to queue
[2026-04-10T10:24:00.096+0000] {logging_mixin.py:151} INFO - [2026-04-10T10:24:00.095+0000] {dagbag.py:539} INFO - Filling up the DagBag from /opt/airflow/dags/dispatcher_pipeline_dag.py
[2026-04-10T10:24:01.877+0000] {processor.py:839} INFO - DAG(s) dict_keys(['distillationDAG']) retrieved from /opt/airflow/dags/dispatcher_pipeline_dag.py
[2026-04-10T10:24:01.954+0000] {logging_mixin.py:151} INFO - [2026-04-10T10:24:01.953+0000] {dag.py:2915} INFO - Sync 1 DAGs
[2026-04-10T10:24:02.006+0000] {logging_mixin.py:151} INFO - [2026-04-10T10:24:02.005+0000] {dag.py:3696} INFO - Setting next_dagrun for distillationDAG to 2026-04-10T10:23:17.005145+00:00, run_after=2026-04-10T10:24:02.005145+00:00
[2026-04-10T10:24:02.048+0000] {processor.py:179} INFO - Processing /opt/airflow/dags/dispatcher_pipeline_dag.py took 1.968 seconds
[2026-04-10T10:24:32.370+0000] {processor.py:157} INFO - Started process (PID=346) to work on /opt/airflow/dags/dispatcher_pipeline_dag.py
[2026-04-10T10:24:32.373+0000] {processor.py:829} INFO - Processing file /opt/airflow/dags/dispatcher_pipeline_dag.py for tasks to queue
[2026-04-10T10:24:32.375+0000] {logging_mixin.py:151} INFO - [2026-04-10T10:24:32.374+0000] {dagbag.py:539} INFO - Filling up the DagBag from /opt/airflow/dags/dispatcher_pipeline_dag.py
[2026-04-10T10:24:34.249+0000] {processor.py:839} INFO - DAG(s) dict_keys(['distillationDAG']) retrieved from /opt/airflow/dags/dispatcher_pipeline_dag.py
[2026-04-10T10:24:34.334+0000] {logging_mixin.py:151} INFO - [2026-04-10T10:24:34.333+0000] {dag.py:2915} INFO - Sync 1 DAGs
[2026-04-10T10:24:34.387+0000] {logging_mixin.py:151} INFO - [2026-04-10T10:24:34.387+0000] {dag.py:3696} INFO - Setting next_dagrun for distillationDAG to 2026-04-10T10:23:49.387094+00:00, run_after=2026-04-10T10:24:34.387094+00:00
[2026-04-10T10:24:34.430+0000] {processor.py:179} INFO - Processing /opt/airflow/dags/dispatcher_pipeline_dag.py took 2.071 seconds
[2026-04-10T10:25:04.726+0000] {processor.py:157} INFO - Started process (PID=364) to work on /opt/airflow/dags/dispatcher_pipeline_dag.py
[2026-04-10T10:25:04.729+0000] {processor.py:829} INFO - Processing file /opt/airflow/dags/dispatcher_pipeline_dag.py for tasks to queue
[2026-04-10T10:25:04.731+0000] {logging_mixin.py:151} INFO - [2026-04-10T10:25:04.730+0000] {dagbag.py:539} INFO - Filling up the DagBag from /opt/airflow/dags/dispatcher_pipeline_dag.py
[2026-04-10T10:25:06.715+0000] {processor.py:839} INFO - DAG(s) dict_keys(['distillationDAG']) retrieved from /opt/airflow/dags/dispatcher_pipeline_dag.py
[2026-04-10T10:25:06.794+0000] {logging_mixin.py:151} INFO - [2026-04-10T10:25:06.793+0000] {dag.py:2915} INFO - Sync 1 DAGs
[2026-04-10T10:25:06.846+0000] {logging_mixin.py:151} INFO - [2026-04-10T10:25:06.846+0000] {dag.py:3696} INFO - Setting next_dagrun for distillationDAG to 2026-04-10T10:24:21.845795+00:00, run_after=2026-04-10T10:25:06.845795+00:00
[2026-04-10T10:25:06.887+0000] {processor.py:179} INFO - Processing /opt/airflow/dags/dispatcher_pipeline_dag.py took 2.172 seconds
[2026-04-10T10:25:37.410+0000] {processor.py:157} INFO - Started process (PID=382) to work on /opt/airflow/dags/dispatcher_pipeline_dag.py
[2026-04-10T10:25:37.413+0000] {processor.py:829} INFO - Processing file /opt/airflow/dags/dispatcher_pipeline_dag.py for tasks to queue
[2026-04-10T10:25:37.415+0000] {logging_mixin.py:151} INFO - [2026-04-10T10:25:37.414+0000] {dagbag.py:539} INFO - Filling up the DagBag from /opt/airflow/dags/dispatcher_pipeline_dag.py
[2026-04-10T10:25:39.048+0000] {processor.py:839} INFO - DAG(s) dict_keys(['distillationDAG']) retrieved from /opt/airflow/dags/dispatcher_pipeline_dag.py
[2026-04-10T10:25:39.145+0000] {logging_mixin.py:151} INFO - [2026-04-10T10:25:39.144+0000] {dag.py:2915} INFO - Sync 1 DAGs
[2026-04-10T10:25:39.213+0000] {logging_mixin.py:151} INFO - [2026-04-10T10:25:39.213+0000] {dag.py:3696} INFO - Setting next_dagrun for distillationDAG to 2026-04-10T10:24:54.212426+00:00, run_after=2026-04-10T10:25:39.212426+00:00
[2026-04-10T10:25:39.261+0000] {processor.py:179} INFO - Processing /opt/airflow/dags/dispatcher_pipeline_dag.py took 1.863 seconds
[2026-04-10T10:26:09.412+0000] {processor.py:157} INFO - Started process (PID=400) to work on /opt/airflow/dags/dispatcher_pipeline_dag.py
[2026-04-10T10:26:09.416+0000] {processor.py:829} INFO - Processing file /opt/airflow/dags/dispatcher_pipeline_dag.py for tasks to queue
[2026-04-10T10:26:09.418+0000] {logging_mixin.py:151} INFO - [2026-04-10T10:26:09.417+0000] {dagbag.py:539} INFO - Filling up the DagBag from /opt/airflow/dags/dispatcher_pipeline_dag.py
[2026-04-10T10:26:10.910+0000] {processor.py:839} INFO - DAG(s) dict_keys(['distillationDAG']) retrieved from /opt/airflow/dags/dispatcher_pipeline_dag.py
[2026-04-10T10:26:10.996+0000] {logging_mixin.py:151} INFO - [2026-04-10T10:26:10.995+0000] {dag.py:2915} INFO - Sync 1 DAGs
[2026-04-10T10:26:11.054+0000] {logging_mixin.py:151} INFO - [2026-04-10T10:26:11.053+0000] {dag.py:3696} INFO - Setting next_dagrun for distillationDAG to 2026-04-10T10:25:26.053246+00:00, run_after=2026-04-10T10:26:11.053246+00:00
[2026-04-10T10:26:11.096+0000] {processor.py:179} INFO - Processing /opt/airflow/dags/dispatcher_pipeline_dag.py took 1.696 seconds
[2026-04-10T10:26:41.192+0000] {processor.py:157} INFO - Started process (PID=418) to work on /opt/airflow/dags/dispatcher_pipeline_dag.py
[2026-04-10T10:26:41.196+0000] {processor.py:829} INFO - Processing file /opt/airflow/dags/dispatcher_pipeline_dag.py for tasks to queue
[2026-04-10T10:26:41.198+0000] {logging_mixin.py:151} INFO - [2026-04-10T10:26:41.197+0000] {dagbag.py:539} INFO - Filling up the DagBag from /opt/airflow/dags/dispatcher_pipeline_dag.py
[2026-04-10T10:26:42.681+0000] {processor.py:839} INFO - DAG(s) dict_keys(['distillationDAG']) retrieved from /opt/airflow/dags/dispatcher_pipeline_dag.py
[2026-04-10T10:26:42.767+0000] {logging_mixin.py:151} INFO - [2026-04-10T10:26:42.766+0000] {dag.py:2915} INFO - Sync 1 DAGs
[2026-04-10T10:26:42.826+0000] {logging_mixin.py:151} INFO - [2026-04-10T10:26:42.826+0000] {dag.py:3696} INFO - Setting next_dagrun for distillationDAG to 2026-04-10T10:25:57.825926+00:00, run_after=2026-04-10T10:26:42.825926+00:00
[2026-04-10T10:26:42.868+0000] {processor.py:179} INFO - Processing /opt/airflow/dags/dispatcher_pipeline_dag.py took 1.688 seconds
[2026-04-10T10:27:13.065+0000] {processor.py:157} INFO - Started process (PID=436) to work on /opt/airflow/dags/dispatcher_pipeline_dag.py
[2026-04-10T10:27:13.069+0000] {processor.py:829} INFO - Processing file /opt/airflow/dags/dispatcher_pipeline_dag.py for tasks to queue
[2026-04-10T10:27:13.072+0000] {logging_mixin.py:151} INFO - [2026-04-10T10:27:13.070+0000] {dagbag.py:539} INFO - Filling up the DagBag from /opt/airflow/dags/dispatcher_pipeline_dag.py
[2026-04-10T10:27:14.567+0000] {processor.py:839} INFO - DAG(s) dict_keys(['distillationDAG']) retrieved from /opt/airflow/dags/dispatcher_pipeline_dag.py
[2026-04-10T10:27:14.655+0000] {logging_mixin.py:151} INFO - [2026-04-10T10:27:14.654+0000] {dag.py:2915} INFO - Sync 1 DAGs
[2026-04-10T10:27:14.713+0000] {logging_mixin.py:151} INFO - [2026-04-10T10:27:14.713+0000] {dag.py:3696} INFO - Setting next_dagrun for distillationDAG to 2026-04-10T10:26:29.712439+00:00, run_after=2026-04-10T10:27:14.712439+00:00
[2026-04-10T10:27:14.755+0000] {processor.py:179} INFO - Processing /opt/airflow/dags/dispatcher_pipeline_dag.py took 1.702 seconds
[2026-04-10T10:27:44.893+0000] {processor.py:157} INFO - Started process (PID=454) to work on /opt/airflow/dags/dispatcher_pipeline_dag.py
[2026-04-10T10:27:44.896+0000] {processor.py:829} INFO - Processing file /opt/airflow/dags/dispatcher_pipeline_dag.py for tasks to queue
[2026-04-10T10:27:44.899+0000] {logging_mixin.py:151} INFO - [2026-04-10T10:27:44.898+0000] {dagbag.py:539} INFO - Filling up the DagBag from /opt/airflow/dags/dispatcher_pipeline_dag.py
[2026-04-10T10:27:46.434+0000] {processor.py:839} INFO - DAG(s) dict_keys(['distillationDAG']) retrieved from /opt/airflow/dags/dispatcher_pipeline_dag.py
[2026-04-10T10:27:46.526+0000] {logging_mixin.py:151} INFO - [2026-04-10T10:27:46.525+0000] {dag.py:2915} INFO - Sync 1 DAGs
[2026-04-10T10:27:46.586+0000] {logging_mixin.py:151} INFO - [2026-04-10T10:27:46.585+0000] {dag.py:3696} INFO - Setting next_dagrun for distillationDAG to 2026-04-10T10:27:01.584954+00:00, run_after=2026-04-10T10:27:46.584954+00:00
[2026-04-10T10:27:46.640+0000] {processor.py:179} INFO - Processing /opt/airflow/dags/dispatcher_pipeline_dag.py took 1.759 seconds
[2026-04-10T10:28:17.310+0000] {processor.py:157} INFO - Started process (PID=472) to work on /opt/airflow/dags/dispatcher_pipeline_dag.py
[2026-04-10T10:28:17.313+0000] {processor.py:829} INFO - Processing file /opt/airflow/dags/dispatcher_pipeline_dag.py for tasks to queue
[2026-04-10T10:28:17.317+0000] {logging_mixin.py:151} INFO - [2026-04-10T10:28:17.315+0000] {dagbag.py:539} INFO - Filling up the DagBag from /opt/airflow/dags/dispatcher_pipeline_dag.py
[2026-04-10T10:28:18.885+0000] {processor.py:839} INFO - DAG(s) dict_keys(['distillationDAG']) retrieved from /opt/airflow/dags/dispatcher_pipeline_dag.py
[2026-04-10T10:28:18.972+0000] {logging_mixin.py:151} INFO - [2026-04-10T10:28:18.971+0000] {dag.py:2915} INFO - Sync 1 DAGs
[2026-04-10T10:28:19.032+0000] {logging_mixin.py:151} INFO - [2026-04-10T10:28:19.031+0000] {dag.py:3696} INFO - Setting next_dagrun for distillationDAG to 2026-04-10T10:27:34.031403+00:00, run_after=2026-04-10T10:28:19.031403+00:00
[2026-04-10T10:28:19.074+0000] {processor.py:179} INFO - Processing /opt/airflow/dags/dispatcher_pipeline_dag.py took 1.778 seconds
[2026-04-10T10:28:49.298+0000] {processor.py:157} INFO - Started process (PID=490) to work on /opt/airflow/dags/dispatcher_pipeline_dag.py
[2026-04-10T10:28:49.302+0000] {processor.py:829} INFO - Processing file /opt/airflow/dags/dispatcher_pipeline_dag.py for tasks to queue
[2026-04-10T10:28:49.305+0000] {logging_mixin.py:151} INFO - [2026-04-10T10:28:49.303+0000] {dagbag.py:539} INFO - Filling up the DagBag from /opt/airflow/dags/dispatcher_pipeline_dag.py
[2026-04-10T10:28:51.010+0000] {processor.py:839} INFO - DAG(s) dict_keys(['distillationDAG']) retrieved from /opt/airflow/dags/dispatcher_pipeline_dag.py
[2026-04-10T10:28:51.104+0000] {logging_mixin.py:151} INFO - [2026-04-10T10:28:51.103+0000] {dag.py:2915} INFO - Sync 1 DAGs
[2026-04-10T10:28:51.162+0000] {logging_mixin.py:151} INFO - [2026-04-10T10:28:51.162+0000] {dag.py:3696} INFO - Setting next_dagrun for distillationDAG to 2026-04-10T10:28:06.161934+00:00, run_after=2026-04-10T10:28:51.161934+00:00
[2026-04-10T10:28:51.209+0000] {processor.py:179} INFO - Processing /opt/airflow/dags/dispatcher_pipeline_dag.py took 1.923 seconds
[2026-04-10T10:29:21.483+0000] {processor.py:157} INFO - Started process (PID=508) to work on /opt/airflow/dags/dispatcher_pipeline_dag.py
[2026-04-10T10:29:21.486+0000] {processor.py:829} INFO - Processing file /opt/airflow/dags/dispatcher_pipeline_dag.py for tasks to queue
[2026-04-10T10:29:21.489+0000] {logging_mixin.py:151} INFO - [2026-04-10T10:29:21.488+0000] {dagbag.py:539} INFO - Filling up the DagBag from /opt/airflow/dags/dispatcher_pipeline_dag.py
[2026-04-10T10:29:23.050+0000] {processor.py:839} INFO - DAG(s) dict_keys(['distillationDAG']) retrieved from /opt/airflow/dags/dispatcher_pipeline_dag.py
[2026-04-10T10:29:23.146+0000] {logging_mixin.py:151} INFO - [2026-04-10T10:29:23.145+0000] {dag.py:2915} INFO - Sync 1 DAGs
[2026-04-10T10:29:23.220+0000] {logging_mixin.py:151} INFO - [2026-04-10T10:29:23.219+0000] {dag.py:3696} INFO - Setting next_dagrun for distillationDAG to 2026-04-10T10:28:38.219021+00:00, run_after=2026-04-10T10:29:23.219021+00:00
[2026-04-10T10:29:23.273+0000] {processor.py:179} INFO - Processing /opt/airflow/dags/dispatcher_pipeline_dag.py took 1.802 seconds
[2026-04-10T10:29:53.369+0000] {processor.py:157} INFO - Started process (PID=526) to work on /opt/airflow/dags/dispatcher_pipeline_dag.py
[2026-04-10T10:29:53.372+0000] {processor.py:829} INFO - Processing file /opt/airflow/dags/dispatcher_pipeline_dag.py for tasks to queue
[2026-04-10T10:29:53.375+0000] {logging_mixin.py:151} INFO - [2026-04-10T10:29:53.373+0000] {dagbag.py:539} INFO - Filling up the DagBag from /opt/airflow/dags/dispatcher_pipeline_dag.py
[2026-04-10T10:29:54.872+0000] {processor.py:839} INFO - DAG(s) dict_keys(['distillationDAG']) retrieved from /opt/airflow/dags/dispatcher_pipeline_dag.py
[2026-04-10T10:29:54.959+0000] {logging_mixin.py:151} INFO - [2026-04-10T10:29:54.958+0000] {dag.py:2915} INFO - Sync 1 DAGs
[2026-04-10T10:29:55.020+0000] {logging_mixin.py:151} INFO - [2026-04-10T10:29:55.020+0000] {dag.py:3696} INFO - Setting next_dagrun for distillationDAG to 2026-04-10T10:29:10.019797+00:00, run_after=2026-04-10T10:29:55.019797+00:00
[2026-04-10T10:29:55.064+0000] {processor.py:179} INFO - Processing /opt/airflow/dags/dispatcher_pipeline_dag.py took 1.708 seconds
[2026-04-10T10:30:25.539+0000] {processor.py:157} INFO - Started process (PID=544) to work on /opt/airflow/dags/dispatcher_pipeline_dag.py
[2026-04-10T10:30:25.542+0000] {processor.py:829} INFO - Processing file /opt/airflow/dags/dispatcher_pipeline_dag.py for tasks to queue
[2026-04-10T10:30:25.545+0000] {logging_mixin.py:151} INFO - [2026-04-10T10:30:25.544+0000] {dagbag.py:539} INFO - Filling up the DagBag from /opt/airflow/dags/dispatcher_pipeline_dag.py
[2026-04-10T10:30:27.052+0000] {processor.py:839} INFO - DAG(s) dict_keys(['distillationDAG']) retrieved from /opt/airflow/dags/dispatcher_pipeline_dag.py
[2026-04-10T10:30:27.143+0000] {logging_mixin.py:151} INFO - [2026-04-10T10:30:27.142+0000] {dag.py:2915} INFO - Sync 1 DAGs
[2026-04-10T10:30:27.203+0000] {logging_mixin.py:151} INFO - [2026-04-10T10:30:27.203+0000] {dag.py:3696} INFO - Setting next_dagrun for distillationDAG to 2026-04-10T10:29:42.202726+00:00, run_after=2026-04-10T10:30:27.202726+00:00
[2026-04-10T10:30:27.247+0000] {processor.py:179} INFO - Processing /opt/airflow/dags/dispatcher_pipeline_dag.py took 1.721 seconds
[2026-04-10T10:30:57.415+0000] {processor.py:157} INFO - Started process (PID=562) to work on /opt/airflow/dags/dispatcher_pipeline_dag.py
[2026-04-10T10:30:57.417+0000] {processor.py:829} INFO - Processing file /opt/airflow/dags/dispatcher_pipeline_dag.py for tasks to queue
[2026-04-10T10:30:57.419+0000] {logging_mixin.py:151} INFO - [2026-04-10T10:30:57.418+0000] {dagbag.py:539} INFO - Filling up the DagBag from /opt/airflow/dags/dispatcher_pipeline_dag.py
[2026-04-10T10:30:58.993+0000] {processor.py:839} INFO - DAG(s) dict_keys(['distillationDAG']) retrieved from /opt/airflow/dags/dispatcher_pipeline_dag.py
[2026-04-10T10:30:59.085+0000] {logging_mixin.py:151} INFO - [2026-04-10T10:30:59.084+0000] {dag.py:2915} INFO - Sync 1 DAGs
[2026-04-10T10:30:59.147+0000] {logging_mixin.py:151} INFO - [2026-04-10T10:30:59.146+0000] {dag.py:3696} INFO - Setting next_dagrun for distillationDAG to 2026-04-10T10:30:14.146293+00:00, run_after=2026-04-10T10:30:59.146293+00:00
[2026-04-10T10:30:59.195+0000] {processor.py:179} INFO - Processing /opt/airflow/dags/dispatcher_pipeline_dag.py took 1.792 seconds
[2026-04-10T10:31:29.310+0000] {processor.py:157} INFO - Started process (PID=585) to work on /opt/airflow/dags/dispatcher_pipeline_dag.py
[2026-04-10T10:31:29.313+0000] {processor.py:829} INFO - Processing file /opt/airflow/dags/dispatcher_pipeline_dag.py for tasks to queue
[2026-04-10T10:31:29.315+0000] {logging_mixin.py:151} INFO - [2026-04-10T10:31:29.314+0000] {dagbag.py:539} INFO - Filling up the DagBag from /opt/airflow/dags/dispatcher_pipeline_dag.py
[2026-04-10T10:31:30.836+0000] {processor.py:839} INFO - DAG(s) dict_keys(['distillationDAG']) retrieved from /opt/airflow/dags/dispatcher_pipeline_dag.py
[2026-04-10T10:31:30.924+0000] {logging_mixin.py:151} INFO - [2026-04-10T10:31:30.923+0000] {dag.py:2915} INFO - Sync 1 DAGs
[2026-04-10T10:31:30.984+0000] {logging_mixin.py:151} INFO - [2026-04-10T10:31:30.984+0000] {dag.py:3696} INFO - Setting next_dagrun for distillationDAG to 2026-04-10T10:30:45.983658+00:00, run_after=2026-04-10T10:31:30.983658+00:00
[2026-04-10T10:31:31.027+0000] {processor.py:179} INFO - Processing /opt/airflow/dags/dispatcher_pipeline_dag.py took 1.728 seconds
[2026-04-10T10:32:01.451+0000] {processor.py:157} INFO - Started process (PID=603) to work on /opt/airflow/dags/dispatcher_pipeline_dag.py
[2026-04-10T10:32:01.453+0000] {processor.py:829} INFO - Processing file /opt/airflow/dags/dispatcher_pipeline_dag.py for tasks to queue
[2026-04-10T10:32:01.455+0000] {logging_mixin.py:151} INFO - [2026-04-10T10:32:01.454+0000] {dagbag.py:539} INFO - Filling up the DagBag from /opt/airflow/dags/dispatcher_pipeline_dag.py
[2026-04-10T10:32:02.928+0000] {processor.py:839} INFO - DAG(s) dict_keys(['distillationDAG']) retrieved from /opt/airflow/dags/dispatcher_pipeline_dag.py
[2026-04-10T10:32:03.017+0000] {logging_mixin.py:151} INFO - [2026-04-10T10:32:03.016+0000] {dag.py:2915} INFO - Sync 1 DAGs
[2026-04-10T10:32:03.076+0000] {logging_mixin.py:151} INFO - [2026-04-10T10:32:03.075+0000] {dag.py:3696} INFO - Setting next_dagrun for distillationDAG to 2026-04-10T10:31:18.075215+00:00, run_after=2026-04-10T10:32:03.075215+00:00
[2026-04-10T10:32:03.117+0000] {processor.py:179} INFO - Processing /opt/airflow/dags/dispatcher_pipeline_dag.py took 1.678 seconds
[2026-04-10T10:32:33.259+0000] {processor.py:157} INFO - Started process (PID=621) to work on /opt/airflow/dags/dispatcher_pipeline_dag.py
[2026-04-10T10:32:33.263+0000] {processor.py:829} INFO - Processing file /opt/airflow/dags/dispatcher_pipeline_dag.py for tasks to queue
[2026-04-10T10:32:33.266+0000] {logging_mixin.py:151} INFO - [2026-04-10T10:32:33.264+0000] {dagbag.py:539} INFO - Filling up the DagBag from /opt/airflow/dags/dispatcher_pipeline_dag.py
[2026-04-10T10:32:34.881+0000] {processor.py:839} INFO - DAG(s) dict_keys(['distillationDAG']) retrieved from /opt/airflow/dags/dispatcher_pipeline_dag.py
[2026-04-10T10:32:35.004+0000] {logging_mixin.py:151} INFO - [2026-04-10T10:32:35.003+0000] {dag.py:2915} INFO - Sync 1 DAGs
[2026-04-10T10:32:35.072+0000] {logging_mixin.py:151} INFO - [2026-04-10T10:32:35.071+0000] {dag.py:3696} INFO - Setting next_dagrun for distillationDAG to 2026-04-10T10:31:50.071015+00:00, run_after=2026-04-10T10:32:35.071015+00:00
[2026-04-10T10:32:35.137+0000] {processor.py:179} INFO - Processing /opt/airflow/dags/dispatcher_pipeline_dag.py took 1.891 seconds
[2026-04-10T10:33:05.464+0000] {processor.py:157} INFO - Started process (PID=639) to work on /opt/airflow/dags/dispatcher_pipeline_dag.py
[2026-04-10T10:33:05.468+0000] {processor.py:829} INFO - Processing file /opt/airflow/dags/dispatcher_pipeline_dag.py for tasks to queue
[2026-04-10T10:33:05.471+0000] {logging_mixin.py:151} INFO - [2026-04-10T10:33:05.470+0000] {dagbag.py:539} INFO - Filling up the DagBag from /opt/airflow/dags/dispatcher_pipeline_dag.py
[2026-04-10T10:33:07.180+0000] {processor.py:839} INFO - DAG(s) dict_keys(['distillationDAG']) retrieved from /opt/airflow/dags/dispatcher_pipeline_dag.py
[2026-04-10T10:33:07.327+0000] {logging_mixin.py:151} INFO - [2026-04-10T10:33:07.326+0000] {dag.py:2915} INFO - Sync 1 DAGs
[2026-04-10T10:33:07.426+0000] {logging_mixin.py:151} INFO - [2026-04-10T10:33:07.425+0000] {dag.py:3696} INFO - Setting next_dagrun for distillationDAG to 2026-04-10T10:32:22.424803+00:00, run_after=2026-04-10T10:33:07.424803+00:00
[2026-04-10T10:33:07.514+0000] {processor.py:179} INFO - Processing /opt/airflow/dags/dispatcher_pipeline_dag.py took 2.063 seconds
[2026-04-10T10:33:37.821+0000] {processor.py:157} INFO - Started process (PID=657) to work on /opt/airflow/dags/dispatcher_pipeline_dag.py
[2026-04-10T10:33:37.824+0000] {processor.py:829} INFO - Processing file /opt/airflow/dags/dispatcher_pipeline_dag.py for tasks to queue
[2026-04-10T10:33:37.826+0000] {logging_mixin.py:151} INFO - [2026-04-10T10:33:37.825+0000] {dagbag.py:539} INFO - Filling up the DagBag from /opt/airflow/dags/dispatcher_pipeline_dag.py
[2026-04-10T10:33:39.330+0000] {processor.py:839} INFO - DAG(s) dict_keys(['distillationDAG']) retrieved from /opt/airflow/dags/dispatcher_pipeline_dag.py
[2026-04-10T10:33:39.419+0000] {logging_mixin.py:151} INFO - [2026-04-10T10:33:39.418+0000] {dag.py:2915} INFO - Sync 1 DAGs
[2026-04-10T10:33:39.478+0000] {logging_mixin.py:151} INFO - [2026-04-10T10:33:39.478+0000] {dag.py:3696} INFO - Setting next_dagrun for distillationDAG to 2026-04-10T10:32:54.477816+00:00, run_after=2026-04-10T10:33:39.477816+00:00
[2026-04-10T10:33:39.522+0000] {processor.py:179} INFO - Processing /opt/airflow/dags/dispatcher_pipeline_dag.py took 1.713 seconds
[2026-04-10T10:34:10.152+0000] {processor.py:157} INFO - Started process (PID=675) to work on /opt/airflow/dags/dispatcher_pipeline_dag.py
[2026-04-10T10:34:10.155+0000] {processor.py:829} INFO - Processing file /opt/airflow/dags/dispatcher_pipeline_dag.py for tasks to queue
[2026-04-10T10:34:10.157+0000] {logging_mixin.py:151} INFO - [2026-04-10T10:34:10.156+0000] {dagbag.py:539} INFO - Filling up the DagBag from /opt/airflow/dags/dispatcher_pipeline_dag.py
[2026-04-10T10:34:11.754+0000] {processor.py:839} INFO - DAG(s) dict_keys(['distillationDAG']) retrieved from /opt/airflow/dags/dispatcher_pipeline_dag.py
[2026-04-10T10:34:11.856+0000] {logging_mixin.py:151} INFO - [2026-04-10T10:34:11.854+0000] {dag.py:2915} INFO - Sync 1 DAGs
[2026-04-10T10:34:11.938+0000] {logging_mixin.py:151} INFO - [2026-04-10T10:34:11.935+0000] {dag.py:3696} INFO - Setting next_dagrun for distillationDAG to 2026-04-10T10:33:26.935266+00:00, run_after=2026-04-10T10:34:11.935266+00:00
[2026-04-10T10:34:11.992+0000] {processor.py:179} INFO - Processing /opt/airflow/dags/dispatcher_pipeline_dag.py took 1.853 seconds
[2026-04-10T10:34:42.624+0000] {processor.py:157} INFO - Started process (PID=693) to work on /opt/airflow/dags/dispatcher_pipeline_dag.py
[2026-04-10T10:34:42.626+0000] {processor.py:829} INFO - Processing file /opt/airflow/dags/dispatcher_pipeline_dag.py for tasks to queue
[2026-04-10T10:34:42.629+0000] {logging_mixin.py:151} INFO - [2026-04-10T10:34:42.628+0000] {dagbag.py:539} INFO - Filling up the DagBag from /opt/airflow/dags/dispatcher_pipeline_dag.py
[2026-04-10T10:34:44.237+0000] {processor.py:839} INFO - DAG(s) dict_keys(['distillationDAG']) retrieved from /opt/airflow/dags/dispatcher_pipeline_dag.py
[2026-04-10T10:34:44.328+0000] {logging_mixin.py:151} INFO - [2026-04-10T10:34:44.327+0000] {dag.py:2915} INFO - Sync 1 DAGs
[2026-04-10T10:34:44.387+0000] {logging_mixin.py:151} INFO - [2026-04-10T10:34:44.386+0000] {dag.py:3696} INFO - Setting next_dagrun for distillationDAG to 2026-04-10T10:33:59.386205+00:00, run_after=2026-04-10T10:34:44.386205+00:00
[2026-04-10T10:34:44.428+0000] {processor.py:179} INFO - Processing /opt/airflow/dags/dispatcher_pipeline_dag.py took 1.817 seconds
[2026-04-10T10:35:14.570+0000] {processor.py:157} INFO - Started process (PID=711) to work on /opt/airflow/dags/dispatcher_pipeline_dag.py
[2026-04-10T10:35:14.573+0000] {processor.py:829} INFO - Processing file /opt/airflow/dags/dispatcher_pipeline_dag.py for tasks to queue
[2026-04-10T10:35:14.575+0000] {logging_mixin.py:151} INFO - [2026-04-10T10:35:14.574+0000] {dagbag.py:539} INFO - Filling up the DagBag from /opt/airflow/dags/dispatcher_pipeline_dag.py
[2026-04-10T10:35:16.220+0000] {processor.py:839} INFO - DAG(s) dict_keys(['distillationDAG']) retrieved from /opt/airflow/dags/dispatcher_pipeline_dag.py
[2026-04-10T10:35:16.309+0000] {logging_mixin.py:151} INFO - [2026-04-10T10:35:16.308+0000] {dag.py:2915} INFO - Sync 1 DAGs
[2026-04-10T10:35:16.368+0000] {logging_mixin.py:151} INFO - [2026-04-10T10:35:16.368+0000] {dag.py:3696} INFO - Setting next_dagrun for distillationDAG to 2026-04-10T10:34:31.367553+00:00, run_after=2026-04-10T10:35:16.367553+00:00
[2026-04-10T10:35:16.424+0000] {processor.py:179} INFO - Processing /opt/airflow/dags/dispatcher_pipeline_dag.py took 1.866 seconds
[2026-04-10T10:35:46.647+0000] {processor.py:157} INFO - Started process (PID=729) to work on /opt/airflow/dags/dispatcher_pipeline_dag.py
[2026-04-10T10:35:46.649+0000] {processor.py:829} INFO - Processing file /opt/airflow/dags/dispatcher_pipeline_dag.py for tasks to queue
[2026-04-10T10:35:46.652+0000] {logging_mixin.py:151} INFO - [2026-04-10T10:35:46.651+0000] {dagbag.py:539} INFO - Filling up the DagBag from /opt/airflow/dags/dispatcher_pipeline_dag.py
[2026-04-10T10:35:48.312+0000] {processor.py:839} INFO - DAG(s) dict_keys(['distillationDAG']) retrieved from /opt/airflow/dags/dispatcher_pipeline_dag.py
[2026-04-10T10:35:48.402+0000] {logging_mixin.py:151} INFO - [2026-04-10T10:35:48.401+0000] {dag.py:2915} INFO - Sync 1 DAGs
[2026-04-10T10:35:48.460+0000] {logging_mixin.py:151} INFO - [2026-04-10T10:35:48.460+0000] {dag.py:3696} INFO - Setting next_dagrun for distillationDAG to 2026-04-10T10:35:03.459451+00:00, run_after=2026-04-10T10:35:48.459451+00:00
[2026-04-10T10:35:48.503+0000] {processor.py:179} INFO - Processing /opt/airflow/dags/dispatcher_pipeline_dag.py took 1.868 seconds
[2026-04-10T10:36:18.621+0000] {processor.py:157} INFO - Started process (PID=747) to work on /opt/airflow/dags/dispatcher_pipeline_dag.py
[2026-04-10T10:36:18.624+0000] {processor.py:829} INFO - Processing file /opt/airflow/dags/dispatcher_pipeline_dag.py for tasks to queue
[2026-04-10T10:36:18.626+0000] {logging_mixin.py:151} INFO - [2026-04-10T10:36:18.625+0000] {dagbag.py:539} INFO - Filling up the DagBag from /opt/airflow/dags/dispatcher_pipeline_dag.py
[2026-04-10T10:36:20.353+0000] {processor.py:839} INFO - DAG(s) dict_keys(['distillationDAG']) retrieved from /opt/airflow/dags/dispatcher_pipeline_dag.py
[2026-04-10T10:36:20.446+0000] {logging_mixin.py:151} INFO - [2026-04-10T10:36:20.445+0000] {dag.py:2915} INFO - Sync 1 DAGs
[2026-04-10T10:36:20.515+0000] {logging_mixin.py:151} INFO - [2026-04-10T10:36:20.514+0000] {dag.py:3696} INFO - Setting next_dagrun for distillationDAG to 2026-04-10T10:35:35.514029+00:00, run_after=2026-04-10T10:36:20.514029+00:00
[2026-04-10T10:36:20.573+0000] {processor.py:179} INFO - Processing /opt/airflow/dags/dispatcher_pipeline_dag.py took 1.965 seconds
[2026-04-10T10:36:50.882+0000] {processor.py:157} INFO - Started process (PID=765) to work on /opt/airflow/dags/dispatcher_pipeline_dag.py
[2026-04-10T10:36:50.885+0000] {processor.py:829} INFO - Processing file /opt/airflow/dags/dispatcher_pipeline_dag.py for tasks to queue
[2026-04-10T10:36:50.887+0000] {logging_mixin.py:151} INFO - [2026-04-10T10:36:50.886+0000] {dagbag.py:539} INFO - Filling up the DagBag from /opt/airflow/dags/dispatcher_pipeline_dag.py
[2026-04-10T10:36:52.470+0000] {processor.py:839} INFO - DAG(s) dict_keys(['distillationDAG']) retrieved from /opt/airflow/dags/dispatcher_pipeline_dag.py
[2026-04-10T10:36:52.558+0000] {logging_mixin.py:151} INFO - [2026-04-10T10:36:52.557+0000] {dag.py:2915} INFO - Sync 1 DAGs
[2026-04-10T10:36:52.620+0000] {logging_mixin.py:151} INFO - [2026-04-10T10:36:52.619+0000] {dag.py:3696} INFO - Setting next_dagrun for distillationDAG to 2026-04-10T10:36:07.619284+00:00, run_after=2026-04-10T10:36:52.619284+00:00
[2026-04-10T10:36:52.664+0000] {processor.py:179} INFO - Processing /opt/airflow/dags/dispatcher_pipeline_dag.py took 1.794 seconds
[2026-04-10T10:37:23.268+0000] {processor.py:157} INFO - Started process (PID=783) to work on /opt/airflow/dags/dispatcher_pipeline_dag.py
[2026-04-10T10:37:23.271+0000] {processor.py:829} INFO - Processing file /opt/airflow/dags/dispatcher_pipeline_dag.py for tasks to queue
[2026-04-10T10:37:23.274+0000] {logging_mixin.py:151} INFO - [2026-04-10T10:37:23.273+0000] {dagbag.py:539} INFO - Filling up the DagBag from /opt/airflow/dags/dispatcher_pipeline_dag.py
[2026-04-10T10:37:24.860+0000] {processor.py:839} INFO - DAG(s) dict_keys(['distillationDAG']) retrieved from /opt/airflow/dags/dispatcher_pipeline_dag.py
[2026-04-10T10:37:24.951+0000] {logging_mixin.py:151} INFO - [2026-04-10T10:37:24.950+0000] {dag.py:2915} INFO - Sync 1 DAGs
[2026-04-10T10:37:25.012+0000] {logging_mixin.py:151} INFO - [2026-04-10T10:37:25.011+0000] {dag.py:3696} INFO - Setting next_dagrun for distillationDAG to 2026-04-10T10:36:40.011289+00:00, run_after=2026-04-10T10:37:25.011289+00:00
[2026-04-10T10:37:25.054+0000] {processor.py:179} INFO - Processing /opt/airflow/dags/dispatcher_pipeline_dag.py took 1.798 seconds
[2026-04-10T10:37:55.677+0000] {processor.py:157} INFO - Started process (PID=801) to work on /opt/airflow/dags/dispatcher_pipeline_dag.py
[2026-04-10T10:37:55.680+0000] {processor.py:829} INFO - Processing file /opt/airflow/dags/dispatcher_pipeline_dag.py for tasks to queue
[2026-04-10T10:37:55.683+0000] {logging_mixin.py:151} INFO - [2026-04-10T10:37:55.681+0000] {dagbag.py:539} INFO - Filling up the DagBag from /opt/airflow/dags/dispatcher_pipeline_dag.py
[2026-04-10T10:37:57.203+0000] {processor.py:839} INFO - DAG(s) dict_keys(['distillationDAG']) retrieved from /opt/airflow/dags/dispatcher_pipeline_dag.py
[2026-04-10T10:37:57.293+0000] {logging_mixin.py:151} INFO - [2026-04-10T10:37:57.292+0000] {dag.py:2915} INFO - Sync 1 DAGs
[2026-04-10T10:37:57.353+0000] {logging_mixin.py:151} INFO - [2026-04-10T10:37:57.352+0000] {dag.py:3696} INFO - Setting next_dagrun for distillationDAG to 2026-04-10T10:37:12.352311+00:00, run_after=2026-04-10T10:37:57.352311+00:00
[2026-04-10T10:37:57.399+0000] {processor.py:179} INFO - Processing /opt/airflow/dags/dispatcher_pipeline_dag.py took 1.735 seconds
[2026-04-10T10:38:28.263+0000] {processor.py:157} INFO - Started process (PID=826) to work on /opt/airflow/dags/dispatcher_pipeline_dag.py
[2026-04-10T10:38:28.265+0000] {processor.py:829} INFO - Processing file /opt/airflow/dags/dispatcher_pipeline_dag.py for tasks to queue
[2026-04-10T10:38:28.267+0000] {logging_mixin.py:151} INFO - [2026-04-10T10:38:28.266+0000] {dagbag.py:539} INFO - Filling up the DagBag from /opt/airflow/dags/dispatcher_pipeline_dag.py
[2026-04-10T10:38:29.771+0000] {processor.py:839} INFO - DAG(s) dict_keys(['distillationDAG']) retrieved from /opt/airflow/dags/dispatcher_pipeline_dag.py
[2026-04-10T10:38:29.858+0000] {logging_mixin.py:151} INFO - [2026-04-10T10:38:29.857+0000] {dag.py:2915} INFO - Sync 1 DAGs
[2026-04-10T10:38:29.919+0000] {logging_mixin.py:151} INFO - [2026-04-10T10:38:29.918+0000] {dag.py:3696} INFO - Setting next_dagrun for distillationDAG to 2026-04-10T10:37:44.918189+00:00, run_after=2026-04-10T10:38:29.918189+00:00
[2026-04-10T10:38:29.960+0000] {processor.py:179} INFO - Processing /opt/airflow/dags/dispatcher_pipeline_dag.py took 1.709 seconds
[2026-04-10T10:39:00.598+0000] {processor.py:157} INFO - Started process (PID=844) to work on /opt/airflow/dags/dispatcher_pipeline_dag.py
[2026-04-10T10:39:00.602+0000] {processor.py:829} INFO - Processing file /opt/airflow/dags/dispatcher_pipeline_dag.py for tasks to queue
[2026-04-10T10:39:00.605+0000] {logging_mixin.py:151} INFO - [2026-04-10T10:39:00.603+0000] {dagbag.py:539} INFO - Filling up the DagBag from /opt/airflow/dags/dispatcher_pipeline_dag.py
[2026-04-10T10:39:02.227+0000] {processor.py:839} INFO - DAG(s) dict_keys(['distillationDAG']) retrieved from /opt/airflow/dags/dispatcher_pipeline_dag.py
[2026-04-10T10:39:02.323+0000] {logging_mixin.py:151} INFO - [2026-04-10T10:39:02.321+0000] {dag.py:2915} INFO - Sync 1 DAGs
[2026-04-10T10:39:02.385+0000] {logging_mixin.py:151} INFO - [2026-04-10T10:39:02.384+0000] {dag.py:3696} INFO - Setting next_dagrun for distillationDAG to 2026-04-10T10:38:17.384078+00:00, run_after=2026-04-10T10:39:02.384078+00:00
[2026-04-10T10:39:02.433+0000] {processor.py:179} INFO - Processing /opt/airflow/dags/dispatcher_pipeline_dag.py took 1.848 seconds
[2026-04-10T10:39:32.626+0000] {processor.py:157} INFO - Started process (PID=862) to work on /opt/airflow/dags/dispatcher_pipeline_dag.py
[2026-04-10T10:39:32.629+0000] {processor.py:829} INFO - Processing file /opt/airflow/dags/dispatcher_pipeline_dag.py for tasks to queue
[2026-04-10T10:39:32.631+0000] {logging_mixin.py:151} INFO - [2026-04-10T10:39:32.630+0000] {dagbag.py:539} INFO - Filling up the DagBag from /opt/airflow/dags/dispatcher_pipeline_dag.py
[2026-04-10T10:39:34.234+0000] {processor.py:839} INFO - DAG(s) dict_keys(['distillationDAG']) retrieved from /opt/airflow/dags/dispatcher_pipeline_dag.py
[2026-04-10T10:39:34.326+0000] {logging_mixin.py:151} INFO - [2026-04-10T10:39:34.324+0000] {dag.py:2915} INFO - Sync 1 DAGs
[2026-04-10T10:39:34.395+0000] {logging_mixin.py:151} INFO - [2026-04-10T10:39:34.394+0000] {dag.py:3696} INFO - Setting next_dagrun for distillationDAG to 2026-04-10T10:38:49.394283+00:00, run_after=2026-04-10T10:39:34.394283+00:00
[2026-04-10T10:39:34.450+0000] {processor.py:179} INFO - Processing /opt/airflow/dags/dispatcher_pipeline_dag.py took 1.835 seconds
[2026-04-10T10:40:04.654+0000] {processor.py:157} INFO - Started process (PID=880) to work on /opt/airflow/dags/dispatcher_pipeline_dag.py
[2026-04-10T10:40:04.656+0000] {processor.py:829} INFO - Processing file /opt/airflow/dags/dispatcher_pipeline_dag.py for tasks to queue
[2026-04-10T10:40:04.659+0000] {logging_mixin.py:151} INFO - [2026-04-10T10:40:04.658+0000] {dagbag.py:539} INFO - Filling up the DagBag from /opt/airflow/dags/dispatcher_pipeline_dag.py
[2026-04-10T10:40:06.220+0000] {processor.py:839} INFO - DAG(s) dict_keys(['distillationDAG']) retrieved from /opt/airflow/dags/dispatcher_pipeline_dag.py
[2026-04-10T10:40:06.309+0000] {logging_mixin.py:151} INFO - [2026-04-10T10:40:06.308+0000] {dag.py:2915} INFO - Sync 1 DAGs
[2026-04-10T10:40:06.370+0000] {logging_mixin.py:151} INFO - [2026-04-10T10:40:06.370+0000] {dag.py:3696} INFO - Setting next_dagrun for distillationDAG to 2026-04-10T10:39:21.369913+00:00, run_after=2026-04-10T10:40:06.369913+00:00
[2026-04-10T10:40:06.413+0000] {processor.py:179} INFO - Processing /opt/airflow/dags/dispatcher_pipeline_dag.py took 1.770 seconds
[2026-04-10T10:40:36.608+0000] {processor.py:157} INFO - Started process (PID=898) to work on /opt/airflow/dags/dispatcher_pipeline_dag.py
[2026-04-10T10:40:36.612+0000] {processor.py:829} INFO - Processing file /opt/airflow/dags/dispatcher_pipeline_dag.py for tasks to queue
[2026-04-10T10:40:36.614+0000] {logging_mixin.py:151} INFO - [2026-04-10T10:40:36.613+0000] {dagbag.py:539} INFO - Filling up the DagBag from /opt/airflow/dags/dispatcher_pipeline_dag.py
[2026-04-10T10:40:38.224+0000] {processor.py:839} INFO - DAG(s) dict_keys(['distillationDAG']) retrieved from /opt/airflow/dags/dispatcher_pipeline_dag.py
[2026-04-10T10:40:38.322+0000] {logging_mixin.py:151} INFO - [2026-04-10T10:40:38.321+0000] {dag.py:2915} INFO - Sync 1 DAGs
[2026-04-10T10:40:38.384+0000] {logging_mixin.py:151} INFO - [2026-04-10T10:40:38.383+0000] {dag.py:3696} INFO - Setting next_dagrun for distillationDAG to 2026-04-10T10:39:53.383094+00:00, run_after=2026-04-10T10:40:38.383094+00:00
[2026-04-10T10:40:38.431+0000] {processor.py:179} INFO - Processing /opt/airflow/dags/dispatcher_pipeline_dag.py took 1.836 seconds
[2026-04-10T10:41:08.550+0000] {processor.py:157} INFO - Started process (PID=919) to work on /opt/airflow/dags/dispatcher_pipeline_dag.py
[2026-04-10T10:41:08.553+0000] {processor.py:829} INFO - Processing file /opt/airflow/dags/dispatcher_pipeline_dag.py for tasks to queue
[2026-04-10T10:41:08.556+0000] {logging_mixin.py:151} INFO - [2026-04-10T10:41:08.554+0000] {dagbag.py:539} INFO - Filling up the DagBag from /opt/airflow/dags/dispatcher_pipeline_dag.py
[2026-04-10T10:41:10.044+0000] {processor.py:839} INFO - DAG(s) dict_keys(['distillationDAG']) retrieved from /opt/airflow/dags/dispatcher_pipeline_dag.py
[2026-04-10T10:41:10.133+0000] {logging_mixin.py:151} INFO - [2026-04-10T10:41:10.132+0000] {dag.py:2915} INFO - Sync 1 DAGs
[2026-04-10T10:41:10.196+0000] {logging_mixin.py:151} INFO - [2026-04-10T10:41:10.196+0000] {dag.py:3696} INFO - Setting next_dagrun for distillationDAG to 2026-04-10T10:40:25.195419+00:00, run_after=2026-04-10T10:41:10.195419+00:00
[2026-04-10T10:41:10.247+0000] {processor.py:179} INFO - Processing /opt/airflow/dags/dispatcher_pipeline_dag.py took 1.709 seconds
[2026-04-10T10:41:40.775+0000] {processor.py:157} INFO - Started process (PID=939) to work on /opt/airflow/dags/dispatcher_pipeline_dag.py
[2026-04-10T10:41:40.779+0000] {processor.py:829} INFO - Processing file /opt/airflow/dags/dispatcher_pipeline_dag.py for tasks to queue
[2026-04-10T10:41:40.781+0000] {logging_mixin.py:151} INFO - [2026-04-10T10:41:40.780+0000] {dagbag.py:539} INFO - Filling up the DagBag from /opt/airflow/dags/dispatcher_pipeline_dag.py
[2026-04-10T10:41:42.530+0000] {processor.py:839} INFO - DAG(s) dict_keys(['distillationDAG']) retrieved from /opt/airflow/dags/dispatcher_pipeline_dag.py
[2026-04-10T10:41:42.627+0000] {logging_mixin.py:151} INFO - [2026-04-10T10:41:42.626+0000] {dag.py:2915} INFO - Sync 1 DAGs
[2026-04-10T10:41:42.691+0000] {logging_mixin.py:151} INFO - [2026-04-10T10:41:42.690+0000] {dag.py:3696} INFO - Setting next_dagrun for distillationDAG to 2026-04-10T10:40:57.689933+00:00, run_after=2026-04-10T10:41:42.689933+00:00
[2026-04-10T10:41:42.741+0000] {processor.py:179} INFO - Processing /opt/airflow/dags/dispatcher_pipeline_dag.py took 1.978 seconds
[2026-04-10T10:42:13.052+0000] {processor.py:157} INFO - Started process (PID=957) to work on /opt/airflow/dags/dispatcher_pipeline_dag.py
[2026-04-10T10:42:13.055+0000] {processor.py:829} INFO - Processing file /opt/airflow/dags/dispatcher_pipeline_dag.py for tasks to queue
[2026-04-10T10:42:13.057+0000] {logging_mixin.py:151} INFO - [2026-04-10T10:42:13.056+0000] {dagbag.py:539} INFO - Filling up the DagBag from /opt/airflow/dags/dispatcher_pipeline_dag.py
[2026-04-10T10:42:14.556+0000] {processor.py:839} INFO - DAG(s) dict_keys(['distillationDAG']) retrieved from /opt/airflow/dags/dispatcher_pipeline_dag.py
[2026-04-10T10:42:14.644+0000] {logging_mixin.py:151} INFO - [2026-04-10T10:42:14.643+0000] {dag.py:2915} INFO - Sync 1 DAGs
[2026-04-10T10:42:14.703+0000] {logging_mixin.py:151} INFO - [2026-04-10T10:42:14.702+0000] {dag.py:3696} INFO - Setting next_dagrun for distillationDAG to 2026-04-10T10:41:29.702001+00:00, run_after=2026-04-10T10:42:14.702001+00:00
[2026-04-10T10:42:14.745+0000] {processor.py:179} INFO - Processing /opt/airflow/dags/dispatcher_pipeline_dag.py took 1.705 seconds
[2026-04-10T10:42:45.410+0000] {processor.py:157} INFO - Started process (PID=975) to work on /opt/airflow/dags/dispatcher_pipeline_dag.py
[2026-04-10T10:42:45.412+0000] {processor.py:829} INFO - Processing file /opt/airflow/dags/dispatcher_pipeline_dag.py for tasks to queue
[2026-04-10T10:42:45.415+0000] {logging_mixin.py:151} INFO - [2026-04-10T10:42:45.414+0000] {dagbag.py:539} INFO - Filling up the DagBag from /opt/airflow/dags/dispatcher_pipeline_dag.py
[2026-04-10T10:42:46.984+0000] {processor.py:839} INFO - DAG(s) dict_keys(['distillationDAG']) retrieved from /opt/airflow/dags/dispatcher_pipeline_dag.py
[2026-04-10T10:42:47.073+0000] {logging_mixin.py:151} INFO - [2026-04-10T10:42:47.072+0000] {dag.py:2915} INFO - Sync 1 DAGs
[2026-04-10T10:42:47.135+0000] {logging_mixin.py:151} INFO - [2026-04-10T10:42:47.134+0000] {dag.py:3696} INFO - Setting next_dagrun for distillationDAG to 2026-04-10T10:42:02.134243+00:00, run_after=2026-04-10T10:42:47.134243+00:00
[2026-04-10T10:42:47.179+0000] {processor.py:179} INFO - Processing /opt/airflow/dags/dispatcher_pipeline_dag.py took 1.781 seconds
[2026-04-10T10:43:17.816+0000] {processor.py:157} INFO - Started process (PID=993) to work on /opt/airflow/dags/dispatcher_pipeline_dag.py
[2026-04-10T10:43:17.819+0000] {processor.py:829} INFO - Processing file /opt/airflow/dags/dispatcher_pipeline_dag.py for tasks to queue
[2026-04-10T10:43:17.822+0000] {logging_mixin.py:151} INFO - [2026-04-10T10:43:17.821+0000] {dagbag.py:539} INFO - Filling up the DagBag from /opt/airflow/dags/dispatcher_pipeline_dag.py
[2026-04-10T10:43:19.344+0000] {processor.py:839} INFO - DAG(s) dict_keys(['distillationDAG']) retrieved from /opt/airflow/dags/dispatcher_pipeline_dag.py
[2026-04-10T10:43:19.434+0000] {logging_mixin.py:151} INFO - [2026-04-10T10:43:19.433+0000] {dag.py:2915} INFO - Sync 1 DAGs
[2026-04-10T10:43:19.493+0000] {logging_mixin.py:151} INFO - [2026-04-10T10:43:19.492+0000] {dag.py:3696} INFO - Setting next_dagrun for distillationDAG to 2026-04-10T10:42:34.492138+00:00, run_after=2026-04-10T10:43:19.492138+00:00
[2026-04-10T10:43:19.535+0000] {processor.py:179} INFO - Processing /opt/airflow/dags/dispatcher_pipeline_dag.py took 1.731 seconds
[2026-04-10T10:43:50.294+0000] {processor.py:157} INFO - Started process (PID=1011) to work on /opt/airflow/dags/dispatcher_pipeline_dag.py
[2026-04-10T10:43:50.296+0000] {processor.py:829} INFO - Processing file /opt/airflow/dags/dispatcher_pipeline_dag.py for tasks to queue
[2026-04-10T10:43:50.299+0000] {logging_mixin.py:151} INFO - [2026-04-10T10:43:50.298+0000] {dagbag.py:539} INFO - Filling up the DagBag from /opt/airflow/dags/dispatcher_pipeline_dag.py
[2026-04-10T10:43:51.849+0000] {processor.py:839} INFO - DAG(s) dict_keys(['distillationDAG']) retrieved from /opt/airflow/dags/dispatcher_pipeline_dag.py
[2026-04-10T10:43:51.937+0000] {logging_mixin.py:151} INFO - [2026-04-10T10:43:51.936+0000] {dag.py:2915} INFO - Sync 1 DAGs
[2026-04-10T10:43:51.996+0000] {logging_mixin.py:151} INFO - [2026-04-10T10:43:51.995+0000] {dag.py:3696} INFO - Setting next_dagrun for distillationDAG to 2026-04-10T10:43:06.995300+00:00, run_after=2026-04-10T10:43:51.995300+00:00
[2026-04-10T10:43:52.042+0000] {processor.py:179} INFO - Processing /opt/airflow/dags/dispatcher_pipeline_dag.py took 1.761 seconds
[2026-04-10T10:44:22.167+0000] {processor.py:157} INFO - Started process (PID=1029) to work on /opt/airflow/dags/dispatcher_pipeline_dag.py
[2026-04-10T10:44:22.170+0000] {processor.py:829} INFO - Processing file /opt/airflow/dags/dispatcher_pipeline_dag.py for tasks to queue
[2026-04-10T10:44:22.173+0000] {logging_mixin.py:151} INFO - [2026-04-10T10:44:22.171+0000] {dagbag.py:539} INFO - Filling up the DagBag from /opt/airflow/dags/dispatcher_pipeline_dag.py
[2026-04-10T10:44:23.721+0000] {processor.py:839} INFO - DAG(s) dict_keys(['distillationDAG']) retrieved from /opt/airflow/dags/dispatcher_pipeline_dag.py
[2026-04-10T10:44:23.808+0000] {logging_mixin.py:151} INFO - [2026-04-10T10:44:23.807+0000] {dag.py:2915} INFO - Sync 1 DAGs
[2026-04-10T10:44:23.868+0000] {logging_mixin.py:151} INFO - [2026-04-10T10:44:23.868+0000] {dag.py:3696} INFO - Setting next_dagrun for distillationDAG to 2026-04-10T10:43:38.867832+00:00, run_after=2026-04-10T10:44:23.867832+00:00
[2026-04-10T10:44:23.910+0000] {processor.py:179} INFO - Processing /opt/airflow/dags/dispatcher_pipeline_dag.py took 1.755 seconds
[2026-04-10T10:44:54.600+0000] {processor.py:157} INFO - Started process (PID=1047) to work on /opt/airflow/dags/dispatcher_pipeline_dag.py
[2026-04-10T10:44:54.605+0000] {processor.py:829} INFO - Processing file /opt/airflow/dags/dispatcher_pipeline_dag.py for tasks to queue
[2026-04-10T10:44:54.607+0000] {logging_mixin.py:151} INFO - [2026-04-10T10:44:54.606+0000] {dagbag.py:539} INFO - Filling up the DagBag from /opt/airflow/dags/dispatcher_pipeline_dag.py
[2026-04-10T10:44:56.210+0000] {processor.py:839} INFO - DAG(s) dict_keys(['distillationDAG']) retrieved from /opt/airflow/dags/dispatcher_pipeline_dag.py
[2026-04-10T10:44:56.297+0000] {logging_mixin.py:151} INFO - [2026-04-10T10:44:56.296+0000] {dag.py:2915} INFO - Sync 1 DAGs
[2026-04-10T10:44:56.355+0000] {logging_mixin.py:151} INFO - [2026-04-10T10:44:56.354+0000] {dag.py:3696} INFO - Setting next_dagrun for distillationDAG to 2026-04-10T10:44:11.354202+00:00, run_after=2026-04-10T10:44:56.354202+00:00
[2026-04-10T10:44:56.397+0000] {processor.py:179} INFO - Processing /opt/airflow/dags/dispatcher_pipeline_dag.py took 1.809 seconds
[2026-04-10T10:45:26.799+0000] {processor.py:157} INFO - Started process (PID=1065) to work on /opt/airflow/dags/dispatcher_pipeline_dag.py
[2026-04-10T10:45:26.801+0000] {processor.py:829} INFO - Processing file /opt/airflow/dags/dispatcher_pipeline_dag.py for tasks to queue
[2026-04-10T10:45:26.804+0000] {logging_mixin.py:151} INFO - [2026-04-10T10:45:26.802+0000] {dagbag.py:539} INFO - Filling up the DagBag from /opt/airflow/dags/dispatcher_pipeline_dag.py
[2026-04-10T10:45:28.427+0000] {processor.py:839} INFO - DAG(s) dict_keys(['distillationDAG']) retrieved from /opt/airflow/dags/dispatcher_pipeline_dag.py
[2026-04-10T10:45:28.523+0000] {logging_mixin.py:151} INFO - [2026-04-10T10:45:28.522+0000] {dag.py:2915} INFO - Sync 1 DAGs
[2026-04-10T10:45:28.600+0000] {logging_mixin.py:151} INFO - [2026-04-10T10:45:28.599+0000] {dag.py:3696} INFO - Setting next_dagrun for distillationDAG to 2026-04-10T10:44:43.599053+00:00, run_after=2026-04-10T10:45:28.599053+00:00
[2026-04-10T10:45:28.660+0000] {processor.py:179} INFO - Processing /opt/airflow/dags/dispatcher_pipeline_dag.py took 1.882 seconds
[2026-04-10T10:45:59.284+0000] {processor.py:157} INFO - Started process (PID=1083) to work on /opt/airflow/dags/dispatcher_pipeline_dag.py
[2026-04-10T10:45:59.287+0000] {processor.py:829} INFO - Processing file /opt/airflow/dags/dispatcher_pipeline_dag.py for tasks to queue
[2026-04-10T10:45:59.290+0000] {logging_mixin.py:151} INFO - [2026-04-10T10:45:59.289+0000] {dagbag.py:539} INFO - Filling up the DagBag from /opt/airflow/dags/dispatcher_pipeline_dag.py
[2026-04-10T10:46:00.798+0000] {processor.py:839} INFO - DAG(s) dict_keys(['distillationDAG']) retrieved from /opt/airflow/dags/dispatcher_pipeline_dag.py
[2026-04-10T10:46:00.887+0000] {logging_mixin.py:151} INFO - [2026-04-10T10:46:00.886+0000] {dag.py:2915} INFO - Sync 1 DAGs
[2026-04-10T10:46:00.945+0000] {logging_mixin.py:151} INFO - [2026-04-10T10:46:00.945+0000] {dag.py:3696} INFO - Setting next_dagrun for distillationDAG to 2026-04-10T10:45:15.944576+00:00, run_after=2026-04-10T10:46:00.944576+00:00
[2026-04-10T10:46:00.987+0000] {processor.py:179} INFO - Processing /opt/airflow/dags/dispatcher_pipeline_dag.py took 1.715 seconds
[2026-04-10T10:46:31.274+0000] {processor.py:157} INFO - Started process (PID=1101) to work on /opt/airflow/dags/dispatcher_pipeline_dag.py
[2026-04-10T10:46:31.278+0000] {processor.py:829} INFO - Processing file /opt/airflow/dags/dispatcher_pipeline_dag.py for tasks to queue
[2026-04-10T10:46:31.280+0000] {logging_mixin.py:151} INFO - [2026-04-10T10:46:31.279+0000] {dagbag.py:539} INFO - Filling up the DagBag from /opt/airflow/dags/dispatcher_pipeline_dag.py
[2026-04-10T10:46:32.832+0000] {processor.py:839} INFO - DAG(s) dict_keys(['distillationDAG']) retrieved from /opt/airflow/dags/dispatcher_pipeline_dag.py
[2026-04-10T10:46:32.920+0000] {logging_mixin.py:151} INFO - [2026-04-10T10:46:32.918+0000] {dag.py:2915} INFO - Sync 1 DAGs
[2026-04-10T10:46:32.978+0000] {logging_mixin.py:151} INFO - [2026-04-10T10:46:32.977+0000] {dag.py:3696} INFO - Setting next_dagrun for distillationDAG to 2026-04-10T10:45:47.977339+00:00, run_after=2026-04-10T10:46:32.977339+00:00
[2026-04-10T10:46:33.021+0000] {processor.py:179} INFO - Processing /opt/airflow/dags/dispatcher_pipeline_dag.py took 1.759 seconds
[2026-04-10T10:47:03.228+0000] {processor.py:157} INFO - Started process (PID=1119) to work on /opt/airflow/dags/dispatcher_pipeline_dag.py
[2026-04-10T10:47:03.230+0000] {processor.py:829} INFO - Processing file /opt/airflow/dags/dispatcher_pipeline_dag.py for tasks to queue
[2026-04-10T10:47:03.234+0000] {logging_mixin.py:151} INFO - [2026-04-10T10:47:03.232+0000] {dagbag.py:539} INFO - Filling up the DagBag from /opt/airflow/dags/dispatcher_pipeline_dag.py
[2026-04-10T10:47:04.818+0000] {processor.py:839} INFO - DAG(s) dict_keys(['distillationDAG']) retrieved from /opt/airflow/dags/dispatcher_pipeline_dag.py
[2026-04-10T10:47:04.923+0000] {logging_mixin.py:151} INFO - [2026-04-10T10:47:04.922+0000] {dag.py:2915} INFO - Sync 1 DAGs
[2026-04-10T10:47:04.995+0000] {logging_mixin.py:151} INFO - [2026-04-10T10:47:04.995+0000] {dag.py:3696} INFO - Setting next_dagrun for distillationDAG to 2026-04-10T10:46:19.994627+00:00, run_after=2026-04-10T10:47:04.994627+00:00
[2026-04-10T10:47:05.045+0000] {processor.py:179} INFO - Processing /opt/airflow/dags/dispatcher_pipeline_dag.py took 1.831 seconds
[2026-04-10T10:47:35.211+0000] {processor.py:157} INFO - Started process (PID=1137) to work on /opt/airflow/dags/dispatcher_pipeline_dag.py
[2026-04-10T10:47:35.213+0000] {processor.py:829} INFO - Processing file /opt/airflow/dags/dispatcher_pipeline_dag.py for tasks to queue
[2026-04-10T10:47:35.215+0000] {logging_mixin.py:151} INFO - [2026-04-10T10:47:35.214+0000] {dagbag.py:539} INFO - Filling up the DagBag from /opt/airflow/dags/dispatcher_pipeline_dag.py
[2026-04-10T10:47:36.694+0000] {processor.py:839} INFO - DAG(s) dict_keys(['distillationDAG']) retrieved from /opt/airflow/dags/dispatcher_pipeline_dag.py
[2026-04-10T10:47:36.784+0000] {logging_mixin.py:151} INFO - [2026-04-10T10:47:36.783+0000] {dag.py:2915} INFO - Sync 1 DAGs
[2026-04-10T10:47:36.842+0000] {logging_mixin.py:151} INFO - [2026-04-10T10:47:36.842+0000] {dag.py:3696} INFO - Setting next_dagrun for distillationDAG to 2026-04-10T10:46:51.841818+00:00, run_after=2026-04-10T10:47:36.841818+00:00
[2026-04-10T10:47:36.885+0000] {processor.py:179} INFO - Processing /opt/airflow/dags/dispatcher_pipeline_dag.py took 1.685 seconds
[2026-04-10T10:48:07.178+0000] {processor.py:157} INFO - Started process (PID=1155) to work on /opt/airflow/dags/dispatcher_pipeline_dag.py
[2026-04-10T10:48:07.180+0000] {processor.py:829} INFO - Processing file /opt/airflow/dags/dispatcher_pipeline_dag.py for tasks to queue
[2026-04-10T10:48:07.183+0000] {logging_mixin.py:151} INFO - [2026-04-10T10:48:07.182+0000] {dagbag.py:539} INFO - Filling up the DagBag from /opt/airflow/dags/dispatcher_pipeline_dag.py
[2026-04-10T10:48:08.673+0000] {processor.py:839} INFO - DAG(s) dict_keys(['distillationDAG']) retrieved from /opt/airflow/dags/dispatcher_pipeline_dag.py
[2026-04-10T10:48:08.760+0000] {logging_mixin.py:151} INFO - [2026-04-10T10:48:08.759+0000] {dag.py:2915} INFO - Sync 1 DAGs
[2026-04-10T10:48:08.819+0000] {logging_mixin.py:151} INFO - [2026-04-10T10:48:08.818+0000] {dag.py:3696} INFO - Setting next_dagrun for distillationDAG to 2026-04-10T10:47:23.818043+00:00, run_after=2026-04-10T10:48:08.818043+00:00
[2026-04-10T10:48:08.860+0000] {processor.py:179} INFO - Processing /opt/airflow/dags/dispatcher_pipeline_dag.py took 1.695 seconds
[2026-04-10T10:48:38.993+0000] {processor.py:157} INFO - Started process (PID=1173) to work on /opt/airflow/dags/dispatcher_pipeline_dag.py
[2026-04-10T10:48:38.995+0000] {processor.py:829} INFO - Processing file /opt/airflow/dags/dispatcher_pipeline_dag.py for tasks to queue
[2026-04-10T10:48:38.998+0000] {logging_mixin.py:151} INFO - [2026-04-10T10:48:38.996+0000] {dagbag.py:539} INFO - Filling up the DagBag from /opt/airflow/dags/dispatcher_pipeline_dag.py
[2026-04-10T10:48:40.549+0000] {processor.py:839} INFO - DAG(s) dict_keys(['distillationDAG']) retrieved from /opt/airflow/dags/dispatcher_pipeline_dag.py
[2026-04-10T10:48:40.637+0000] {logging_mixin.py:151} INFO - [2026-04-10T10:48:40.636+0000] {dag.py:2915} INFO - Sync 1 DAGs
[2026-04-10T10:48:40.699+0000] {logging_mixin.py:151} INFO - [2026-04-10T10:48:40.699+0000] {dag.py:3696} INFO - Setting next_dagrun for distillationDAG to 2026-04-10T10:47:55.698876+00:00, run_after=2026-04-10T10:48:40.698876+00:00
[2026-04-10T10:48:40.742+0000] {processor.py:179} INFO - Processing /opt/airflow/dags/dispatcher_pipeline_dag.py took 1.761 seconds
[2026-04-10T10:49:10.927+0000] {processor.py:157} INFO - Started process (PID=1191) to work on /opt/airflow/dags/dispatcher_pipeline_dag.py
[2026-04-10T10:49:10.930+0000] {processor.py:829} INFO - Processing file /opt/airflow/dags/dispatcher_pipeline_dag.py for tasks to queue
[2026-04-10T10:49:10.933+0000] {logging_mixin.py:151} INFO - [2026-04-10T10:49:10.932+0000] {dagbag.py:539} INFO - Filling up the DagBag from /opt/airflow/dags/dispatcher_pipeline_dag.py
[2026-04-10T10:49:12.555+0000] {processor.py:839} INFO - DAG(s) dict_keys(['distillationDAG']) retrieved from /opt/airflow/dags/dispatcher_pipeline_dag.py
[2026-04-10T10:49:12.665+0000] {logging_mixin.py:151} INFO - [2026-04-10T10:49:12.664+0000] {dag.py:2915} INFO - Sync 1 DAGs
[2026-04-10T10:49:12.742+0000] {logging_mixin.py:151} INFO - [2026-04-10T10:49:12.742+0000] {dag.py:3696} INFO - Setting next_dagrun for distillationDAG to 2026-04-10T10:48:27.741646+00:00, run_after=2026-04-10T10:49:12.741646+00:00
[2026-04-10T10:49:12.795+0000] {processor.py:179} INFO - Processing /opt/airflow/dags/dispatcher_pipeline_dag.py took 1.880 seconds
[2026-04-10T10:49:43.633+0000] {processor.py:157} INFO - Started process (PID=1209) to work on /opt/airflow/dags/dispatcher_pipeline_dag.py
[2026-04-10T10:49:43.636+0000] {processor.py:829} INFO - Processing file /opt/airflow/dags/dispatcher_pipeline_dag.py for tasks to queue
[2026-04-10T10:49:43.638+0000] {logging_mixin.py:151} INFO - [2026-04-10T10:49:43.637+0000] {dagbag.py:539} INFO - Filling up the DagBag from /opt/airflow/dags/dispatcher_pipeline_dag.py
[2026-04-10T10:49:45.242+0000] {processor.py:839} INFO - DAG(s) dict_keys(['distillationDAG']) retrieved from /opt/airflow/dags/dispatcher_pipeline_dag.py
[2026-04-10T10:49:45.330+0000] {logging_mixin.py:151} INFO - [2026-04-10T10:49:45.329+0000] {dag.py:2915} INFO - Sync 1 DAGs
[2026-04-10T10:49:45.388+0000] {logging_mixin.py:151} INFO - [2026-04-10T10:49:45.388+0000] {dag.py:3696} INFO - Setting next_dagrun for distillationDAG to 2026-04-10T10:49:00.387542+00:00, run_after=2026-04-10T10:49:45.387542+00:00
[2026-04-10T10:49:45.432+0000] {processor.py:179} INFO - Processing /opt/airflow/dags/dispatcher_pipeline_dag.py took 1.811 seconds
[2026-04-10T10:50:15.533+0000] {processor.py:157} INFO - Started process (PID=1227) to work on /opt/airflow/dags/dispatcher_pipeline_dag.py
[2026-04-10T10:50:15.536+0000] {processor.py:829} INFO - Processing file /opt/airflow/dags/dispatcher_pipeline_dag.py for tasks to queue
[2026-04-10T10:50:15.539+0000] {logging_mixin.py:151} INFO - [2026-04-10T10:50:15.537+0000] {dagbag.py:539} INFO - Filling up the DagBag from /opt/airflow/dags/dispatcher_pipeline_dag.py
[2026-04-10T10:50:17.051+0000] {processor.py:839} INFO - DAG(s) dict_keys(['distillationDAG']) retrieved from /opt/airflow/dags/dispatcher_pipeline_dag.py
[2026-04-10T10:50:17.139+0000] {logging_mixin.py:151} INFO - [2026-04-10T10:50:17.138+0000] {dag.py:2915} INFO - Sync 1 DAGs
[2026-04-10T10:50:17.201+0000] {logging_mixin.py:151} INFO - [2026-04-10T10:50:17.201+0000] {dag.py:3696} INFO - Setting next_dagrun for distillationDAG to 2026-04-10T10:49:32.200753+00:00, run_after=2026-04-10T10:50:17.200753+00:00
[2026-04-10T10:50:17.243+0000] {processor.py:179} INFO - Processing /opt/airflow/dags/dispatcher_pipeline_dag.py took 1.722 seconds
[2026-04-10T10:50:47.412+0000] {processor.py:157} INFO - Started process (PID=1245) to work on /opt/airflow/dags/dispatcher_pipeline_dag.py
[2026-04-10T10:50:47.415+0000] {processor.py:829} INFO - Processing file /opt/airflow/dags/dispatcher_pipeline_dag.py for tasks to queue
[2026-04-10T10:50:47.417+0000] {logging_mixin.py:151} INFO - [2026-04-10T10:50:47.416+0000] {dagbag.py:539} INFO - Filling up the DagBag from /opt/airflow/dags/dispatcher_pipeline_dag.py
[2026-04-10T10:50:48.933+0000] {processor.py:839} INFO - DAG(s) dict_keys(['distillationDAG']) retrieved from /opt/airflow/dags/dispatcher_pipeline_dag.py
[2026-04-10T10:50:49.023+0000] {logging_mixin.py:151} INFO - [2026-04-10T10:50:49.022+0000] {dag.py:2915} INFO - Sync 1 DAGs
[2026-04-10T10:50:49.083+0000] {logging_mixin.py:151} INFO - [2026-04-10T10:50:49.082+0000] {dag.py:3696} INFO - Setting next_dagrun for distillationDAG to 2026-04-10T10:50:04.082245+00:00, run_after=2026-04-10T10:50:49.082245+00:00
[2026-04-10T10:50:49.128+0000] {processor.py:179} INFO - Processing /opt/airflow/dags/dispatcher_pipeline_dag.py took 1.727 seconds
[2026-04-10T10:51:19.257+0000] {processor.py:157} INFO - Started process (PID=1263) to work on /opt/airflow/dags/dispatcher_pipeline_dag.py
[2026-04-10T10:51:19.260+0000] {processor.py:829} INFO - Processing file /opt/airflow/dags/dispatcher_pipeline_dag.py for tasks to queue
[2026-04-10T10:51:19.263+0000] {logging_mixin.py:151} INFO - [2026-04-10T10:51:19.262+0000] {dagbag.py:539} INFO - Filling up the DagBag from /opt/airflow/dags/dispatcher_pipeline_dag.py
[2026-04-10T10:51:20.791+0000] {processor.py:839} INFO - DAG(s) dict_keys(['distillationDAG']) retrieved from /opt/airflow/dags/dispatcher_pipeline_dag.py
[2026-04-10T10:51:20.946+0000] {logging_mixin.py:151} INFO - [2026-04-10T10:51:20.945+0000] {dag.py:2915} INFO - Sync 1 DAGs
[2026-04-10T10:51:21.017+0000] {logging_mixin.py:151} INFO - [2026-04-10T10:51:21.017+0000] {dag.py:3696} INFO - Setting next_dagrun for distillationDAG to 2026-04-10T10:50:36.016377+00:00, run_after=2026-04-10T10:51:21.016377+00:00
[2026-04-10T10:51:21.068+0000] {processor.py:179} INFO - Processing /opt/airflow/dags/dispatcher_pipeline_dag.py took 1.822 seconds
[2026-04-10T10:51:51.211+0000] {processor.py:157} INFO - Started process (PID=1286) to work on /opt/airflow/dags/dispatcher_pipeline_dag.py
[2026-04-10T10:51:51.213+0000] {processor.py:829} INFO - Processing file /opt/airflow/dags/dispatcher_pipeline_dag.py for tasks to queue
[2026-04-10T10:51:51.216+0000] {logging_mixin.py:151} INFO - [2026-04-10T10:51:51.215+0000] {dagbag.py:539} INFO - Filling up the DagBag from /opt/airflow/dags/dispatcher_pipeline_dag.py
[2026-04-10T10:51:52.789+0000] {processor.py:839} INFO - DAG(s) dict_keys(['distillationDAG']) retrieved from /opt/airflow/dags/dispatcher_pipeline_dag.py
[2026-04-10T10:51:52.879+0000] {logging_mixin.py:151} INFO - [2026-04-10T10:51:52.878+0000] {dag.py:2915} INFO - Sync 1 DAGs
[2026-04-10T10:51:52.939+0000] {logging_mixin.py:151} INFO - [2026-04-10T10:51:52.938+0000] {dag.py:3696} INFO - Setting next_dagrun for distillationDAG to 2026-04-10T10:51:07.937969+00:00, run_after=2026-04-10T10:51:52.937969+00:00
[2026-04-10T10:51:52.982+0000] {processor.py:179} INFO - Processing /opt/airflow/dags/dispatcher_pipeline_dag.py took 1.783 seconds
[2026-04-10T10:52:23.126+0000] {processor.py:157} INFO - Started process (PID=1304) to work on /opt/airflow/dags/dispatcher_pipeline_dag.py
[2026-04-10T10:52:23.129+0000] {processor.py:829} INFO - Processing file /opt/airflow/dags/dispatcher_pipeline_dag.py for tasks to queue
[2026-04-10T10:52:23.131+0000] {logging_mixin.py:151} INFO - [2026-04-10T10:52:23.130+0000] {dagbag.py:539} INFO - Filling up the DagBag from /opt/airflow/dags/dispatcher_pipeline_dag.py
[2026-04-10T10:52:24.690+0000] {processor.py:839} INFO - DAG(s) dict_keys(['distillationDAG']) retrieved from /opt/airflow/dags/dispatcher_pipeline_dag.py
[2026-04-10T10:52:24.778+0000] {logging_mixin.py:151} INFO - [2026-04-10T10:52:24.777+0000] {dag.py:2915} INFO - Sync 1 DAGs
[2026-04-10T10:52:24.837+0000] {logging_mixin.py:151} INFO - [2026-04-10T10:52:24.837+0000] {dag.py:3696} INFO - Setting next_dagrun for distillationDAG to 2026-04-10T10:51:39.836563+00:00, run_after=2026-04-10T10:52:24.836563+00:00
[2026-04-10T10:52:24.878+0000] {processor.py:179} INFO - Processing /opt/airflow/dags/dispatcher_pipeline_dag.py took 1.764 seconds
[2026-04-10T10:52:55.002+0000] {processor.py:157} INFO - Started process (PID=1322) to work on /opt/airflow/dags/dispatcher_pipeline_dag.py
[2026-04-10T10:52:55.004+0000] {processor.py:829} INFO - Processing file /opt/airflow/dags/dispatcher_pipeline_dag.py for tasks to queue
[2026-04-10T10:52:55.006+0000] {logging_mixin.py:151} INFO - [2026-04-10T10:52:55.005+0000] {dagbag.py:539} INFO - Filling up the DagBag from /opt/airflow/dags/dispatcher_pipeline_dag.py
[2026-04-10T10:52:56.534+0000] {processor.py:839} INFO - DAG(s) dict_keys(['distillationDAG']) retrieved from /opt/airflow/dags/dispatcher_pipeline_dag.py
[2026-04-10T10:52:56.620+0000] {logging_mixin.py:151} INFO - [2026-04-10T10:52:56.619+0000] {dag.py:2915} INFO - Sync 1 DAGs
[2026-04-10T10:52:56.682+0000] {logging_mixin.py:151} INFO - [2026-04-10T10:52:56.681+0000] {dag.py:3696} INFO - Setting next_dagrun for distillationDAG to 2026-04-10T10:52:11.681197+00:00, run_after=2026-04-10T10:52:56.681197+00:00
[2026-04-10T10:52:56.724+0000] {processor.py:179} INFO - Processing /opt/airflow/dags/dispatcher_pipeline_dag.py took 1.733 seconds
[2026-04-10T10:53:27.179+0000] {processor.py:157} INFO - Started process (PID=1340) to work on /opt/airflow/dags/dispatcher_pipeline_dag.py
[2026-04-10T10:53:27.182+0000] {processor.py:829} INFO - Processing file /opt/airflow/dags/dispatcher_pipeline_dag.py for tasks to queue
[2026-04-10T10:53:27.184+0000] {logging_mixin.py:151} INFO - [2026-04-10T10:53:27.183+0000] {dagbag.py:539} INFO - Filling up the DagBag from /opt/airflow/dags/dispatcher_pipeline_dag.py
[2026-04-10T10:53:28.716+0000] {processor.py:839} INFO - DAG(s) dict_keys(['distillationDAG']) retrieved from /opt/airflow/dags/dispatcher_pipeline_dag.py
[2026-04-10T10:53:28.806+0000] {logging_mixin.py:151} INFO - [2026-04-10T10:53:28.805+0000] {dag.py:2915} INFO - Sync 1 DAGs
[2026-04-10T10:53:28.866+0000] {logging_mixin.py:151} INFO - [2026-04-10T10:53:28.865+0000] {dag.py:3696} INFO - Setting next_dagrun for distillationDAG to 2026-04-10T10:52:43.865041+00:00, run_after=2026-04-10T10:53:28.865041+00:00
[2026-04-10T10:53:28.909+0000] {processor.py:179} INFO - Processing /opt/airflow/dags/dispatcher_pipeline_dag.py took 1.741 seconds
[2026-04-10T10:53:59.096+0000] {processor.py:157} INFO - Started process (PID=1358) to work on /opt/airflow/dags/dispatcher_pipeline_dag.py
[2026-04-10T10:53:59.098+0000] {processor.py:829} INFO - Processing file /opt/airflow/dags/dispatcher_pipeline_dag.py for tasks to queue
[2026-04-10T10:53:59.101+0000] {logging_mixin.py:151} INFO - [2026-04-10T10:53:59.099+0000] {dagbag.py:539} INFO - Filling up the DagBag from /opt/airflow/dags/dispatcher_pipeline_dag.py
[2026-04-10T10:54:00.610+0000] {processor.py:839} INFO - DAG(s) dict_keys(['distillationDAG']) retrieved from /opt/airflow/dags/dispatcher_pipeline_dag.py
[2026-04-10T10:54:00.697+0000] {logging_mixin.py:151} INFO - [2026-04-10T10:54:00.696+0000] {dag.py:2915} INFO - Sync 1 DAGs
[2026-04-10T10:54:00.755+0000] {logging_mixin.py:151} INFO - [2026-04-10T10:54:00.755+0000] {dag.py:3696} INFO - Setting next_dagrun for distillationDAG to 2026-04-10T10:53:15.754514+00:00, run_after=2026-04-10T10:54:00.754514+00:00
[2026-04-10T10:54:00.800+0000] {processor.py:179} INFO - Processing /opt/airflow/dags/dispatcher_pipeline_dag.py took 1.717 seconds
