[2026-03-20T02:40:24.703+0000] {taskinstance.py:1157} INFO - Dependencies all met for dep_context=non-requeueable deps ti=<TaskInstance: embedding_sync_dag.cleanup_embeddings scheduled__2026-03-20T02:35:00+00:00 [queued]>
[2026-03-20T02:40:24.714+0000] {taskinstance.py:1157} INFO - Dependencies all met for dep_context=requeueable deps ti=<TaskInstance: embedding_sync_dag.cleanup_embeddings scheduled__2026-03-20T02:35:00+00:00 [queued]>
[2026-03-20T02:40:24.714+0000] {taskinstance.py:1359} INFO - Starting attempt 1 of 3
[2026-03-20T02:40:24.729+0000] {taskinstance.py:1380} INFO - Executing <Task(PythonOperator): cleanup_embeddings> on 2026-03-20 02:35:00+00:00
[2026-03-20T02:40:24.735+0000] {standard_task_runner.py:57} INFO - Started process 7685 to run task
[2026-03-20T02:40:24.739+0000] {standard_task_runner.py:84} INFO - Running: ['***', 'tasks', 'run', 'embedding_sync_dag', 'cleanup_embeddings', 'scheduled__2026-03-20T02:35:00+00:00', '--job-id', '2456', '--raw', '--subdir', 'DAGS_FOLDER/embedding_sync_dag.py', '--cfg-path', '/tmp/tmp63391m7s']
[2026-03-20T02:40:24.742+0000] {standard_task_runner.py:85} INFO - Job 2456: Subtask cleanup_embeddings
[2026-03-20T02:40:24.830+0000] {task_command.py:415} INFO - Running <TaskInstance: embedding_sync_dag.cleanup_embeddings scheduled__2026-03-20T02:35:00+00:00 [running]> on host 76de17b6f6da
[2026-03-20T02:40:25.063+0000] {taskinstance.py:1660} INFO - Exporting env vars: AIRFLOW_CTX_DAG_OWNER='lakehouse' AIRFLOW_CTX_DAG_ID='embedding_sync_dag' AIRFLOW_CTX_TASK_ID='cleanup_embeddings' AIRFLOW_CTX_EXECUTION_DATE='2026-03-20T02:35:00+00:00' AIRFLOW_CTX_TRY_NUMBER='1' AIRFLOW_CTX_DAG_RUN_ID='scheduled__2026-03-20T02:35:00+00:00'
[2026-03-20T02:40:26.415+0000] {embedding_pipeline.py:213} WARNING - [cleanup] Found 38 orphaned table(s) in row_embeddings: ['data_doc10_research_data_page2_table1', 'data_doc10_research_data_page2_table2', 'data_doc10_research_data_page3_table1', 'data_doc10_research_dataaaaaa_table_1', 'data_doc10_research_dataaaaaa_table_2', 'data_doc10_research_dataaaaaa_table_3', 'data_doc1111_table_1', 'data_doc1111_table_2', 'data_doc1111_table_3', 'data_doc1_sales_report_table_1', 'data_doc1_sales_report_table_2', 'data_doc1_sales_report_table_3', 'data_doc2_employee_directory_table_1', 'data_doc2_employee_directory_table_2', 'data_doc2_employee_directory_table_3', 'data_doc3_inventory_report_table_1', 'data_doc3_inventory_report_table_2', 'data_doc3_inventory_report_table_3', 'data_doc4_financial_statement_table_1', 'data_doc4_financial_statement_table_2', 'data_doc4_financial_statement_table_3', 'data_doc5_project_status_table_1', 'data_doc5_project_status_table_2', 'data_doc5_project_status_table_3', 'data_doc6_customer_analysis_table_1', 'data_doc6_customer_analysis_table_2', 'data_doc6_customer_analysis_table_3', 'data_doc7_marketing_metricsss_table_1', 'data_doc7_marketing_metricsss_table_3', 'data_doc8_it_assets_page2_table1', 'data_doc8_it_assets_page2_table2', 'data_doc8_it_assets_page3_table1', 'data_doc9_quality_assurance_page2_table1', 'data_doc9_quality_assurance_page2_table2', 'data_doc9_quality_assurance_page3_table1', 'data_doc9_quality_assuranceeee_table_1', 'data_doc9_quality_assuranceeee_table_2', 'data_doc9_quality_assuranceeee_table_3']
[2026-03-20T02:40:26.416+0000] {embedding_pipeline.py:229} INFO - [cleanup] Removed 5 orphaned embeddings for dropped table: data_doc10_research_data_page2_table1
[2026-03-20T02:40:26.416+0000] {embedding_pipeline.py:238} INFO - [cleanup] Cleared pending queue entries for: data_doc10_research_data_page2_table1
[2026-03-20T02:40:26.417+0000] {embedding_pipeline.py:229} INFO - [cleanup] Removed 5 orphaned embeddings for dropped table: data_doc10_research_data_page2_table2
[2026-03-20T02:40:26.417+0000] {embedding_pipeline.py:238} INFO - [cleanup] Cleared pending queue entries for: data_doc10_research_data_page2_table2
[2026-03-20T02:40:26.418+0000] {embedding_pipeline.py:229} INFO - [cleanup] Removed 4 orphaned embeddings for dropped table: data_doc10_research_data_page3_table1
[2026-03-20T02:40:26.418+0000] {embedding_pipeline.py:238} INFO - [cleanup] Cleared pending queue entries for: data_doc10_research_data_page3_table1
[2026-03-20T02:40:26.419+0000] {embedding_pipeline.py:229} INFO - [cleanup] Removed 4 orphaned embeddings for dropped table: data_doc10_research_dataaaaaa_table_1
[2026-03-20T02:40:26.419+0000] {embedding_pipeline.py:238} INFO - [cleanup] Cleared pending queue entries for: data_doc10_research_dataaaaaa_table_1
[2026-03-20T02:40:26.420+0000] {embedding_pipeline.py:229} INFO - [cleanup] Removed 4 orphaned embeddings for dropped table: data_doc10_research_dataaaaaa_table_2
[2026-03-20T02:40:26.422+0000] {embedding_pipeline.py:238} INFO - [cleanup] Cleared pending queue entries for: data_doc10_research_dataaaaaa_table_2
[2026-03-20T02:40:26.422+0000] {embedding_pipeline.py:229} INFO - [cleanup] Removed 4 orphaned embeddings for dropped table: data_doc10_research_dataaaaaa_table_3
[2026-03-20T02:40:26.423+0000] {embedding_pipeline.py:238} INFO - [cleanup] Cleared pending queue entries for: data_doc10_research_dataaaaaa_table_3
[2026-03-20T02:40:26.423+0000] {embedding_pipeline.py:229} INFO - [cleanup] Removed 4 orphaned embeddings for dropped table: data_doc1111_table_1
[2026-03-20T02:40:26.423+0000] {embedding_pipeline.py:238} INFO - [cleanup] Cleared pending queue entries for: data_doc1111_table_1
[2026-03-20T02:40:26.424+0000] {embedding_pipeline.py:229} INFO - [cleanup] Removed 4 orphaned embeddings for dropped table: data_doc1111_table_2
[2026-03-20T02:40:26.424+0000] {embedding_pipeline.py:238} INFO - [cleanup] Cleared pending queue entries for: data_doc1111_table_2
[2026-03-20T02:40:26.425+0000] {embedding_pipeline.py:229} INFO - [cleanup] Removed 4 orphaned embeddings for dropped table: data_doc1111_table_3
[2026-03-20T02:40:26.425+0000] {embedding_pipeline.py:238} INFO - [cleanup] Cleared pending queue entries for: data_doc1111_table_3
[2026-03-20T02:40:26.425+0000] {embedding_pipeline.py:229} INFO - [cleanup] Removed 4 orphaned embeddings for dropped table: data_doc1_sales_report_table_1
[2026-03-20T02:40:26.426+0000] {embedding_pipeline.py:238} INFO - [cleanup] Cleared pending queue entries for: data_doc1_sales_report_table_1
[2026-03-20T02:40:26.426+0000] {embedding_pipeline.py:229} INFO - [cleanup] Removed 4 orphaned embeddings for dropped table: data_doc1_sales_report_table_2
[2026-03-20T02:40:26.426+0000] {embedding_pipeline.py:238} INFO - [cleanup] Cleared pending queue entries for: data_doc1_sales_report_table_2
[2026-03-20T02:40:26.427+0000] {embedding_pipeline.py:229} INFO - [cleanup] Removed 4 orphaned embeddings for dropped table: data_doc1_sales_report_table_3
[2026-03-20T02:40:26.427+0000] {embedding_pipeline.py:238} INFO - [cleanup] Cleared pending queue entries for: data_doc1_sales_report_table_3
[2026-03-20T02:40:26.428+0000] {embedding_pipeline.py:229} INFO - [cleanup] Removed 5 orphaned embeddings for dropped table: data_doc2_employee_directory_table_1
[2026-03-20T02:40:26.428+0000] {embedding_pipeline.py:238} INFO - [cleanup] Cleared pending queue entries for: data_doc2_employee_directory_table_1
[2026-03-20T02:40:26.428+0000] {embedding_pipeline.py:229} INFO - [cleanup] Removed 4 orphaned embeddings for dropped table: data_doc2_employee_directory_table_2
[2026-03-20T02:40:26.429+0000] {embedding_pipeline.py:238} INFO - [cleanup] Cleared pending queue entries for: data_doc2_employee_directory_table_2
[2026-03-20T02:40:26.429+0000] {embedding_pipeline.py:229} INFO - [cleanup] Removed 4 orphaned embeddings for dropped table: data_doc2_employee_directory_table_3
[2026-03-20T02:40:26.430+0000] {embedding_pipeline.py:238} INFO - [cleanup] Cleared pending queue entries for: data_doc2_employee_directory_table_3
[2026-03-20T02:40:26.430+0000] {embedding_pipeline.py:229} INFO - [cleanup] Removed 4 orphaned embeddings for dropped table: data_doc3_inventory_report_table_1
[2026-03-20T02:40:26.430+0000] {embedding_pipeline.py:238} INFO - [cleanup] Cleared pending queue entries for: data_doc3_inventory_report_table_1
[2026-03-20T02:40:26.431+0000] {embedding_pipeline.py:229} INFO - [cleanup] Removed 4 orphaned embeddings for dropped table: data_doc3_inventory_report_table_2
[2026-03-20T02:40:26.431+0000] {embedding_pipeline.py:238} INFO - [cleanup] Cleared pending queue entries for: data_doc3_inventory_report_table_2
[2026-03-20T02:40:26.432+0000] {embedding_pipeline.py:229} INFO - [cleanup] Removed 4 orphaned embeddings for dropped table: data_doc3_inventory_report_table_3
[2026-03-20T02:40:26.432+0000] {embedding_pipeline.py:238} INFO - [cleanup] Cleared pending queue entries for: data_doc3_inventory_report_table_3
[2026-03-20T02:40:26.432+0000] {embedding_pipeline.py:229} INFO - [cleanup] Removed 4 orphaned embeddings for dropped table: data_doc4_financial_statement_table_1
[2026-03-20T02:40:26.433+0000] {embedding_pipeline.py:238} INFO - [cleanup] Cleared pending queue entries for: data_doc4_financial_statement_table_1
[2026-03-20T02:40:26.433+0000] {embedding_pipeline.py:229} INFO - [cleanup] Removed 4 orphaned embeddings for dropped table: data_doc4_financial_statement_table_2
[2026-03-20T02:40:26.434+0000] {embedding_pipeline.py:238} INFO - [cleanup] Cleared pending queue entries for: data_doc4_financial_statement_table_2
[2026-03-20T02:40:26.434+0000] {embedding_pipeline.py:229} INFO - [cleanup] Removed 4 orphaned embeddings for dropped table: data_doc4_financial_statement_table_3
[2026-03-20T02:40:26.435+0000] {embedding_pipeline.py:238} INFO - [cleanup] Cleared pending queue entries for: data_doc4_financial_statement_table_3
[2026-03-20T02:40:26.435+0000] {embedding_pipeline.py:229} INFO - [cleanup] Removed 4 orphaned embeddings for dropped table: data_doc5_project_status_table_1
[2026-03-20T02:40:26.435+0000] {embedding_pipeline.py:238} INFO - [cleanup] Cleared pending queue entries for: data_doc5_project_status_table_1
[2026-03-20T02:40:26.436+0000] {embedding_pipeline.py:229} INFO - [cleanup] Removed 4 orphaned embeddings for dropped table: data_doc5_project_status_table_2
[2026-03-20T02:40:26.436+0000] {embedding_pipeline.py:238} INFO - [cleanup] Cleared pending queue entries for: data_doc5_project_status_table_2
[2026-03-20T02:40:26.437+0000] {embedding_pipeline.py:229} INFO - [cleanup] Removed 4 orphaned embeddings for dropped table: data_doc5_project_status_table_3
[2026-03-20T02:40:26.437+0000] {embedding_pipeline.py:238} INFO - [cleanup] Cleared pending queue entries for: data_doc5_project_status_table_3
[2026-03-20T02:40:26.438+0000] {embedding_pipeline.py:229} INFO - [cleanup] Removed 4 orphaned embeddings for dropped table: data_doc6_customer_analysis_table_1
[2026-03-20T02:40:26.438+0000] {embedding_pipeline.py:238} INFO - [cleanup] Cleared pending queue entries for: data_doc6_customer_analysis_table_1
[2026-03-20T02:40:26.439+0000] {embedding_pipeline.py:229} INFO - [cleanup] Removed 4 orphaned embeddings for dropped table: data_doc6_customer_analysis_table_2
[2026-03-20T02:40:26.439+0000] {embedding_pipeline.py:238} INFO - [cleanup] Cleared pending queue entries for: data_doc6_customer_analysis_table_2
[2026-03-20T02:40:26.440+0000] {embedding_pipeline.py:229} INFO - [cleanup] Removed 4 orphaned embeddings for dropped table: data_doc6_customer_analysis_table_3
[2026-03-20T02:40:26.440+0000] {embedding_pipeline.py:238} INFO - [cleanup] Cleared pending queue entries for: data_doc6_customer_analysis_table_3
[2026-03-20T02:40:26.440+0000] {embedding_pipeline.py:229} INFO - [cleanup] Removed 4 orphaned embeddings for dropped table: data_doc7_marketing_metricsss_table_1
[2026-03-20T02:40:26.441+0000] {embedding_pipeline.py:238} INFO - [cleanup] Cleared pending queue entries for: data_doc7_marketing_metricsss_table_1
[2026-03-20T02:40:26.441+0000] {embedding_pipeline.py:229} INFO - [cleanup] Removed 4 orphaned embeddings for dropped table: data_doc7_marketing_metricsss_table_3
[2026-03-20T02:40:26.442+0000] {embedding_pipeline.py:238} INFO - [cleanup] Cleared pending queue entries for: data_doc7_marketing_metricsss_table_3
[2026-03-20T02:40:26.442+0000] {embedding_pipeline.py:229} INFO - [cleanup] Removed 5 orphaned embeddings for dropped table: data_doc8_it_assets_page2_table1
[2026-03-20T02:40:26.442+0000] {embedding_pipeline.py:238} INFO - [cleanup] Cleared pending queue entries for: data_doc8_it_assets_page2_table1
[2026-03-20T02:40:26.443+0000] {embedding_pipeline.py:229} INFO - [cleanup] Removed 5 orphaned embeddings for dropped table: data_doc8_it_assets_page2_table2
[2026-03-20T02:40:26.443+0000] {embedding_pipeline.py:238} INFO - [cleanup] Cleared pending queue entries for: data_doc8_it_assets_page2_table2
[2026-03-20T02:40:26.444+0000] {embedding_pipeline.py:229} INFO - [cleanup] Removed 5 orphaned embeddings for dropped table: data_doc8_it_assets_page3_table1
[2026-03-20T02:40:26.444+0000] {embedding_pipeline.py:238} INFO - [cleanup] Cleared pending queue entries for: data_doc8_it_assets_page3_table1
[2026-03-20T02:40:26.445+0000] {embedding_pipeline.py:229} INFO - [cleanup] Removed 5 orphaned embeddings for dropped table: data_doc9_quality_assurance_page2_table1
[2026-03-20T02:40:26.445+0000] {embedding_pipeline.py:238} INFO - [cleanup] Cleared pending queue entries for: data_doc9_quality_assurance_page2_table1
[2026-03-20T02:40:26.446+0000] {embedding_pipeline.py:229} INFO - [cleanup] Removed 4 orphaned embeddings for dropped table: data_doc9_quality_assurance_page2_table2
[2026-03-20T02:40:26.446+0000] {embedding_pipeline.py:238} INFO - [cleanup] Cleared pending queue entries for: data_doc9_quality_assurance_page2_table2
[2026-03-20T02:40:26.447+0000] {embedding_pipeline.py:229} INFO - [cleanup] Removed 5 orphaned embeddings for dropped table: data_doc9_quality_assurance_page3_table1
[2026-03-20T02:40:26.447+0000] {embedding_pipeline.py:238} INFO - [cleanup] Cleared pending queue entries for: data_doc9_quality_assurance_page3_table1
[2026-03-20T02:40:26.447+0000] {embedding_pipeline.py:229} INFO - [cleanup] Removed 4 orphaned embeddings for dropped table: data_doc9_quality_assuranceeee_table_1
[2026-03-20T02:40:26.448+0000] {embedding_pipeline.py:238} INFO - [cleanup] Cleared pending queue entries for: data_doc9_quality_assuranceeee_table_1
[2026-03-20T02:40:26.448+0000] {embedding_pipeline.py:229} INFO - [cleanup] Removed 4 orphaned embeddings for dropped table: data_doc9_quality_assuranceeee_table_2
[2026-03-20T02:40:26.450+0000] {embedding_pipeline.py:238} INFO - [cleanup] Cleared pending queue entries for: data_doc9_quality_assuranceeee_table_2
[2026-03-20T02:40:26.450+0000] {embedding_pipeline.py:229} INFO - [cleanup] Removed 4 orphaned embeddings for dropped table: data_doc9_quality_assuranceeee_table_3
[2026-03-20T02:40:26.451+0000] {embedding_pipeline.py:238} INFO - [cleanup] Cleared pending queue entries for: data_doc9_quality_assuranceeee_table_3
[2026-03-20T02:40:26.453+0000] {embedding_pipeline.py:241} INFO - [cleanup] Orphan cleanup done — 38 table(s), 160 embeddings removed.
[2026-03-20T02:40:26.504+0000] {embedding_pipeline.py:356} INFO - [cleanup] Truncate/bulk-delete check done — checked 15 tables, removed 0 stale embeddings.
[2026-03-20T02:40:26.527+0000] {python.py:194} INFO - Done. Returned value was: {'orphaned_tables': ['data_doc10_research_data_page2_table1', 'data_doc10_research_data_page2_table2', 'data_doc10_research_data_page3_table1', 'data_doc10_research_dataaaaaa_table_1', 'data_doc10_research_dataaaaaa_table_2', 'data_doc10_research_dataaaaaa_table_3', 'data_doc1111_table_1', 'data_doc1111_table_2', 'data_doc1111_table_3', 'data_doc1_sales_report_table_1', 'data_doc1_sales_report_table_2', 'data_doc1_sales_report_table_3', 'data_doc2_employee_directory_table_1', 'data_doc2_employee_directory_table_2', 'data_doc2_employee_directory_table_3', 'data_doc3_inventory_report_table_1', 'data_doc3_inventory_report_table_2', 'data_doc3_inventory_report_table_3', 'data_doc4_financial_statement_table_1', 'data_doc4_financial_statement_table_2', 'data_doc4_financial_statement_table_3', 'data_doc5_project_status_table_1', 'data_doc5_project_status_table_2', 'data_doc5_project_status_table_3', 'data_doc6_customer_analysis_table_1', 'data_doc6_customer_analysis_table_2', 'data_doc6_customer_analysis_table_3', 'data_doc7_marketing_metricsss_table_1', 'data_doc7_marketing_metricsss_table_3', 'data_doc8_it_assets_page2_table1', 'data_doc8_it_assets_page2_table2', 'data_doc8_it_assets_page3_table1', 'data_doc9_quality_assurance_page2_table1', 'data_doc9_quality_assurance_page2_table2', 'data_doc9_quality_assurance_page3_table1', 'data_doc9_quality_assuranceeee_table_1', 'data_doc9_quality_assuranceeee_table_2', 'data_doc9_quality_assuranceeee_table_3'], 'orphan_embeddings_removed': 160, 'truncate_embeddings_removed': 0, 'truncate_tables_checked': 15, 'total_removed': 160}
[2026-03-20T02:40:26.564+0000] {taskinstance.py:1398} INFO - Marking task as SUCCESS. dag_id=embedding_sync_dag, task_id=cleanup_embeddings, execution_date=20260320T023500, start_date=20260320T024024, end_date=20260320T024026
[2026-03-20T02:40:26.599+0000] {local_task_job_runner.py:228} INFO - Task exited with return code 0
[2026-03-20T02:40:26.629+0000] {taskinstance.py:2776} INFO - 0 downstream tasks scheduled from follow-on schedule check
