[2025-11-27T05:18:24.922+0000] {taskinstance.py:1157} INFO - Dependencies all met for dep_context=non-requeueable deps ti=<TaskInstance: distillationDAG.scan_minio_and_dispatch scheduled__2025-11-27T05:17:22.585051+00:00 [queued]>
[2025-11-27T05:18:24.932+0000] {taskinstance.py:1157} INFO - Dependencies all met for dep_context=requeueable deps ti=<TaskInstance: distillationDAG.scan_minio_and_dispatch scheduled__2025-11-27T05:17:22.585051+00:00 [queued]>
[2025-11-27T05:18:24.932+0000] {taskinstance.py:1359} INFO - Starting attempt 1 of 4
[2025-11-27T05:18:24.947+0000] {taskinstance.py:1380} INFO - Executing <Task(PythonOperator): scan_minio_and_dispatch> on 2025-11-27 05:17:22.585051+00:00
[2025-11-27T05:18:24.955+0000] {standard_task_runner.py:57} INFO - Started process 289 to run task
[2025-11-27T05:18:24.960+0000] {standard_task_runner.py:84} INFO - Running: ['***', 'tasks', 'run', 'distillationDAG', 'scan_minio_and_dispatch', 'scheduled__2025-11-27T05:17:22.585051+00:00', '--job-id', '420', '--raw', '--subdir', 'DAGS_FOLDER/dispatcher_pipeline_dag.py', '--cfg-path', '/tmp/tmpv4py19zn']
[2025-11-27T05:18:24.964+0000] {standard_task_runner.py:85} INFO - Job 420: Subtask scan_minio_and_dispatch
[2025-11-27T05:18:24.991+0000] {logging_mixin.py:151} WARNING - /home/***/.local/lib/python3.11/site-packages/***/settings.py:195 DeprecationWarning: The sql_alchemy_conn option in [core] has been moved to the sql_alchemy_conn option in [database] - the old setting has been used, but please update your config.
[2025-11-27T05:18:25.057+0000] {task_command.py:415} INFO - Running <TaskInstance: distillationDAG.scan_minio_and_dispatch scheduled__2025-11-27T05:17:22.585051+00:00 [running]> on host c4c85ee85137
[2025-11-27T05:18:25.422+0000] {taskinstance.py:1660} INFO - Exporting env vars: AIRFLOW_CTX_DAG_OWNER='***' AIRFLOW_CTX_DAG_ID='distillationDAG' AIRFLOW_CTX_TASK_ID='scan_minio_and_dispatch' AIRFLOW_CTX_EXECUTION_DATE='2025-11-27T05:17:22.585051+00:00' AIRFLOW_CTX_TRY_NUMBER='1' AIRFLOW_CTX_DAG_RUN_ID='scheduled__2025-11-27T05:17:22.585051+00:00'
[2025-11-27T05:18:25.435+0000] {logging_mixin.py:151} INFO - [DISPATCHER] Found file: raw/report_test1.pdf
[2025-11-27T05:18:25.666+0000] {pdf_pipeline.py:72} INFO - [pdf] Processing raw/report_test1.pdf
[2025-11-27T05:18:25.732+0000] {pdf_pipeline.py:98} INFO - [pdf] Uploaded extracted text -> processed/unstructured/text-extracted/report_test1.txt
[2025-11-27T05:18:25.740+0000] {pdf_pipeline.py:51} ERROR - [pdf] Failed inserting into unstructured_documents
Traceback (most recent call last):
  File "/opt/python-etl/pipelines/pdf_pipeline.py", line 41, in _save_unstructured_doc
    cursor.execute(
psycopg2.errors.UndefinedColumn: column "content_hash" of relation "unstructured_documents" does not exist
LINE 2: ..._documents (object_name, file_type, text_content, content_ha...
                                                             ^

[2025-11-27T05:18:26.087+0000] {pdf_pipeline.py:139} ERROR - [pdf] FAILED raw/report_test1.pdf: LakehouseETL.update_catalog() got an unexpected keyword argument 'bucket_name'
Traceback (most recent call last):
  File "/opt/python-etl/pipelines/pdf_pipeline.py", line 127, in process_minio_object
    catalog_updater(
TypeError: LakehouseETL.update_catalog() got an unexpected keyword argument 'bucket_name'
[2025-11-27T05:18:26.088+0000] {taskinstance.py:1935} ERROR - Task failed with exception
Traceback (most recent call last):
  File "/home/airflow/.local/lib/python3.11/site-packages/airflow/operators/python.py", line 192, in execute
    return_value = self.execute_callable()
                   ^^^^^^^^^^^^^^^^^^^^^^^
  File "/home/airflow/.local/lib/python3.11/site-packages/airflow/operators/python.py", line 209, in execute_callable
    return self.python_callable(*self.op_args, **self.op_kwargs)
           ^^^^^^^^^^^^^^^^^^^^^^^^^^^^^^^^^^^^^^^^^^^^^^^^^^^^^
  File "/opt/airflow/dags/dispatcher_pipeline_dag.py", line 56, in scan_and_dispatch
    run_pipeline_for_object(object_name)
  File "/opt/python-etl/etl_manager.py", line 257, in run_pipeline_for_object
    pdf_pipeline.process_minio_object(
  File "/opt/python-etl/pipelines/pdf_pipeline.py", line 127, in process_minio_object
    catalog_updater(
TypeError: LakehouseETL.update_catalog() got an unexpected keyword argument 'bucket_name'
[2025-11-27T05:18:26.102+0000] {taskinstance.py:1398} INFO - Marking task as UP_FOR_RETRY. dag_id=distillationDAG, task_id=scan_minio_and_dispatch, execution_date=20251127T051722, start_date=20251127T051824, end_date=20251127T051826
[2025-11-27T05:18:26.114+0000] {standard_task_runner.py:104} ERROR - Failed to execute job 420 for task scan_minio_and_dispatch (LakehouseETL.update_catalog() got an unexpected keyword argument 'bucket_name'; 289)
[2025-11-27T05:18:26.134+0000] {local_task_job_runner.py:228} INFO - Task exited with return code 1
[2025-11-27T05:18:26.161+0000] {taskinstance.py:2776} INFO - 0 downstream tasks scheduled from follow-on schedule check
