[2025-11-27T05:19:04.504+0000] {taskinstance.py:1157} INFO - Dependencies all met for dep_context=non-requeueable deps ti=<TaskInstance: distillationDAG.scan_minio_and_dispatch scheduled__2025-11-27T05:17:22.585051+00:00 [queued]>
[2025-11-27T05:19:04.515+0000] {taskinstance.py:1157} INFO - Dependencies all met for dep_context=requeueable deps ti=<TaskInstance: distillationDAG.scan_minio_and_dispatch scheduled__2025-11-27T05:17:22.585051+00:00 [queued]>
[2025-11-27T05:19:04.515+0000] {taskinstance.py:1359} INFO - Starting attempt 4 of 4
[2025-11-27T05:19:04.531+0000] {taskinstance.py:1380} INFO - Executing <Task(PythonOperator): scan_minio_and_dispatch> on 2025-11-27 05:17:22.585051+00:00
[2025-11-27T05:19:04.540+0000] {standard_task_runner.py:57} INFO - Started process 316 to run task
[2025-11-27T05:19:04.545+0000] {standard_task_runner.py:84} INFO - Running: ['***', 'tasks', 'run', 'distillationDAG', 'scan_minio_and_dispatch', 'scheduled__2025-11-27T05:17:22.585051+00:00', '--job-id', '423', '--raw', '--subdir', 'DAGS_FOLDER/dispatcher_pipeline_dag.py', '--cfg-path', '/tmp/tmpoe237gpd']
[2025-11-27T05:19:04.549+0000] {standard_task_runner.py:85} INFO - Job 423: Subtask scan_minio_and_dispatch
[2025-11-27T05:19:04.579+0000] {logging_mixin.py:151} WARNING - /home/***/.local/lib/python3.11/site-packages/***/settings.py:195 DeprecationWarning: The sql_alchemy_conn option in [core] has been moved to the sql_alchemy_conn option in [database] - the old setting has been used, but please update your config.
[2025-11-27T05:19:04.642+0000] {task_command.py:415} INFO - Running <TaskInstance: distillationDAG.scan_minio_and_dispatch scheduled__2025-11-27T05:17:22.585051+00:00 [running]> on host c4c85ee85137
[2025-11-27T05:19:05.018+0000] {taskinstance.py:1660} INFO - Exporting env vars: AIRFLOW_CTX_DAG_OWNER='***' AIRFLOW_CTX_DAG_ID='distillationDAG' AIRFLOW_CTX_TASK_ID='scan_minio_and_dispatch' AIRFLOW_CTX_EXECUTION_DATE='2025-11-27T05:17:22.585051+00:00' AIRFLOW_CTX_TRY_NUMBER='4' AIRFLOW_CTX_DAG_RUN_ID='scheduled__2025-11-27T05:17:22.585051+00:00'
[2025-11-27T05:19:05.030+0000] {logging_mixin.py:151} INFO - [DISPATCHER] Found file: raw/report_test1.pdf
[2025-11-27T05:19:05.298+0000] {pdf_pipeline.py:72} INFO - [pdf] Processing raw/report_test1.pdf
[2025-11-27T05:19:05.329+0000] {pdf_pipeline.py:98} INFO - [pdf] Uploaded extracted text -> processed/unstructured/text-extracted/report_test1.txt
[2025-11-27T05:19:05.331+0000] {pdf_pipeline.py:51} ERROR - [pdf] Failed inserting into unstructured_documents
Traceback (most recent call last):
  File "/opt/python-etl/pipelines/pdf_pipeline.py", line 41, in _save_unstructured_doc
    cursor.execute(
psycopg2.errors.UndefinedColumn: column "content_hash" of relation "unstructured_documents" does not exist
LINE 2: ..._documents (object_name, file_type, text_content, content_ha...
                                                             ^

[2025-11-27T05:19:05.742+0000] {pdf_pipeline.py:139} ERROR - [pdf] FAILED raw/report_test1.pdf: LakehouseETL.update_catalog() got an unexpected keyword argument 'bucket_name'
Traceback (most recent call last):
  File "/opt/python-etl/pipelines/pdf_pipeline.py", line 127, in process_minio_object
    catalog_updater(
TypeError: LakehouseETL.update_catalog() got an unexpected keyword argument 'bucket_name'
[2025-11-27T05:19:05.743+0000] {taskinstance.py:1935} ERROR - Task failed with exception
Traceback (most recent call last):
  File "/home/airflow/.local/lib/python3.11/site-packages/airflow/operators/python.py", line 192, in execute
    return_value = self.execute_callable()
                   ^^^^^^^^^^^^^^^^^^^^^^^
  File "/home/airflow/.local/lib/python3.11/site-packages/airflow/operators/python.py", line 209, in execute_callable
    return self.python_callable(*self.op_args, **self.op_kwargs)
           ^^^^^^^^^^^^^^^^^^^^^^^^^^^^^^^^^^^^^^^^^^^^^^^^^^^^^
  File "/opt/airflow/dags/dispatcher_pipeline_dag.py", line 56, in scan_and_dispatch
    run_pipeline_for_object(object_name)
  File "/opt/python-etl/etl_manager.py", line 257, in run_pipeline_for_object
    pdf_pipeline.process_minio_object(
  File "/opt/python-etl/pipelines/pdf_pipeline.py", line 127, in process_minio_object
    catalog_updater(
TypeError: LakehouseETL.update_catalog() got an unexpected keyword argument 'bucket_name'
[2025-11-27T05:19:05.761+0000] {taskinstance.py:1398} INFO - Marking task as FAILED. dag_id=distillationDAG, task_id=scan_minio_and_dispatch, execution_date=20251127T051722, start_date=20251127T051904, end_date=20251127T051905
[2025-11-27T05:19:05.776+0000] {standard_task_runner.py:104} ERROR - Failed to execute job 423 for task scan_minio_and_dispatch (LakehouseETL.update_catalog() got an unexpected keyword argument 'bucket_name'; 316)
[2025-11-27T05:19:05.805+0000] {local_task_job_runner.py:228} INFO - Task exited with return code 1
[2025-11-27T05:19:05.839+0000] {taskinstance.py:2776} INFO - 0 downstream tasks scheduled from follow-on schedule check
