[2026-03-19T23:34:40.475+0000] {taskinstance.py:1157} INFO - Dependencies all met for dep_context=non-requeueable deps ti=<TaskInstance: embedding_sync_dag.backfill_existing_data scheduled__2026-03-19T23:25:00+00:00 [queued]>
[2026-03-19T23:34:40.504+0000] {taskinstance.py:1157} INFO - Dependencies all met for dep_context=requeueable deps ti=<TaskInstance: embedding_sync_dag.backfill_existing_data scheduled__2026-03-19T23:25:00+00:00 [queued]>
[2026-03-19T23:34:40.505+0000] {taskinstance.py:1359} INFO - Starting attempt 1 of 3
[2026-03-19T23:34:40.537+0000] {taskinstance.py:1380} INFO - Executing <Task(PythonOperator): backfill_existing_data> on 2026-03-19 23:25:00+00:00
[2026-03-19T23:34:40.557+0000] {standard_task_runner.py:57} INFO - Started process 2297 to run task
[2026-03-19T23:34:40.575+0000] {standard_task_runner.py:84} INFO - Running: ['***', 'tasks', 'run', 'embedding_sync_dag', 'backfill_existing_data', 'scheduled__2026-03-19T23:25:00+00:00', '--job-id', '2406', '--raw', '--subdir', 'DAGS_FOLDER/embedding_sync_dag.py', '--cfg-path', '/tmp/tmpay1l0bku']
[2026-03-19T23:34:40.588+0000] {standard_task_runner.py:85} INFO - Job 2406: Subtask backfill_existing_data
[2026-03-19T23:34:40.784+0000] {task_command.py:415} INFO - Running <TaskInstance: embedding_sync_dag.backfill_existing_data scheduled__2026-03-19T23:25:00+00:00 [running]> on host 76de17b6f6da
[2026-03-19T23:34:41.105+0000] {taskinstance.py:1660} INFO - Exporting env vars: AIRFLOW_CTX_DAG_OWNER='lakehouse' AIRFLOW_CTX_DAG_ID='embedding_sync_dag' AIRFLOW_CTX_TASK_ID='backfill_existing_data' AIRFLOW_CTX_EXECUTION_DATE='2026-03-19T23:25:00+00:00' AIRFLOW_CTX_TRY_NUMBER='1' AIRFLOW_CTX_DAG_RUN_ID='scheduled__2026-03-19T23:25:00+00:00'
[2026-03-19T23:34:43.448+0000] {embedding_pipeline.py:430} INFO - [embed] Backfill needed — source~3135, fully embedded=0, gap~3135
[2026-03-19T23:34:43.454+0000] {embedding_pipeline.py:448} INFO - [embed] Scanning 55 tables for unembedded rows...
[2026-03-19T23:34:43.476+0000] {embedding_pipeline.py:492} INFO - [embed] Queued 6 rows from data_8051_features_architecture_page3_table1
[2026-03-19T23:34:43.486+0000] {embedding_pipeline.py:492} INFO - [embed] Queued 8 rows from data_customers
[2026-03-19T23:34:43.494+0000] {embedding_pipeline.py:492} INFO - [embed] Queued 5 rows from data_doc10_research_data_page2_table1
[2026-03-19T23:34:43.502+0000] {embedding_pipeline.py:492} INFO - [embed] Queued 5 rows from data_doc10_research_data_page2_table2
[2026-03-19T23:34:43.511+0000] {embedding_pipeline.py:492} INFO - [embed] Queued 4 rows from data_doc10_research_data_page3_table1
[2026-03-19T23:34:43.525+0000] {embedding_pipeline.py:492} INFO - [embed] Queued 4 rows from data_doc10_research_dataaaaaa_table_1
[2026-03-19T23:34:43.536+0000] {embedding_pipeline.py:492} INFO - [embed] Queued 4 rows from data_doc10_research_dataaaaaa_table_2
[2026-03-19T23:34:43.545+0000] {embedding_pipeline.py:492} INFO - [embed] Queued 4 rows from data_doc10_research_dataaaaaa_table_3
[2026-03-19T23:34:43.553+0000] {embedding_pipeline.py:492} INFO - [embed] Queued 4 rows from data_doc1111_table_1
[2026-03-19T23:34:43.563+0000] {embedding_pipeline.py:492} INFO - [embed] Queued 4 rows from data_doc1111_table_2
[2026-03-19T23:34:43.572+0000] {embedding_pipeline.py:492} INFO - [embed] Queued 4 rows from data_doc1111_table_3
[2026-03-19T23:34:43.580+0000] {embedding_pipeline.py:492} INFO - [embed] Queued 4 rows from data_doc1_sales_report_table_1
[2026-03-19T23:34:43.594+0000] {embedding_pipeline.py:492} INFO - [embed] Queued 4 rows from data_doc1_sales_report_table_2
[2026-03-19T23:34:43.602+0000] {embedding_pipeline.py:492} INFO - [embed] Queued 4 rows from data_doc1_sales_report_table_3
[2026-03-19T23:34:43.610+0000] {embedding_pipeline.py:492} INFO - [embed] Queued 5 rows from data_doc2_employee_directory_table_1
[2026-03-19T23:34:43.618+0000] {embedding_pipeline.py:492} INFO - [embed] Queued 4 rows from data_doc2_employee_directory_table_2
[2026-03-19T23:34:43.626+0000] {embedding_pipeline.py:492} INFO - [embed] Queued 4 rows from data_doc2_employee_directory_table_3
[2026-03-19T23:34:43.634+0000] {embedding_pipeline.py:492} INFO - [embed] Queued 4 rows from data_doc3_inventory_report_table_1
[2026-03-19T23:34:43.642+0000] {embedding_pipeline.py:492} INFO - [embed] Queued 4 rows from data_doc3_inventory_report_table_2
[2026-03-19T23:34:43.650+0000] {embedding_pipeline.py:492} INFO - [embed] Queued 4 rows from data_doc3_inventory_report_table_3
[2026-03-19T23:34:43.659+0000] {embedding_pipeline.py:492} INFO - [embed] Queued 4 rows from data_doc4_financial_statement_table_1
[2026-03-19T23:34:43.668+0000] {embedding_pipeline.py:492} INFO - [embed] Queued 4 rows from data_doc4_financial_statement_table_2
[2026-03-19T23:34:43.677+0000] {embedding_pipeline.py:492} INFO - [embed] Queued 4 rows from data_doc4_financial_statement_table_3
[2026-03-19T23:34:43.685+0000] {embedding_pipeline.py:492} INFO - [embed] Queued 4 rows from data_doc5_project_status_table_1
[2026-03-19T23:34:43.694+0000] {embedding_pipeline.py:492} INFO - [embed] Queued 4 rows from data_doc5_project_status_table_2
[2026-03-19T23:34:43.702+0000] {embedding_pipeline.py:492} INFO - [embed] Queued 4 rows from data_doc5_project_status_table_3
[2026-03-19T23:34:43.711+0000] {embedding_pipeline.py:492} INFO - [embed] Queued 4 rows from data_doc6_customer_analysis_table_1
[2026-03-19T23:34:43.719+0000] {embedding_pipeline.py:492} INFO - [embed] Queued 4 rows from data_doc6_customer_analysis_table_2
[2026-03-19T23:34:43.727+0000] {embedding_pipeline.py:492} INFO - [embed] Queued 4 rows from data_doc6_customer_analysis_table_3
[2026-03-19T23:34:43.735+0000] {embedding_pipeline.py:492} INFO - [embed] Queued 4 rows from data_doc7_marketing_metricsss_table_1
[2026-03-19T23:34:43.743+0000] {embedding_pipeline.py:492} INFO - [embed] Queued 4 rows from data_doc7_marketing_metricsss_table_3
[2026-03-19T23:34:43.751+0000] {embedding_pipeline.py:492} INFO - [embed] Queued 5 rows from data_doc8_it_assets_page2_table1
[2026-03-19T23:34:43.759+0000] {embedding_pipeline.py:492} INFO - [embed] Queued 5 rows from data_doc8_it_assets_page2_table2
[2026-03-19T23:34:43.768+0000] {embedding_pipeline.py:492} INFO - [embed] Queued 5 rows from data_doc8_it_assets_page3_table1
[2026-03-19T23:34:43.777+0000] {embedding_pipeline.py:492} INFO - [embed] Queued 5 rows from data_doc9_quality_assurance_page2_table1
[2026-03-19T23:34:43.785+0000] {embedding_pipeline.py:492} INFO - [embed] Queued 4 rows from data_doc9_quality_assurance_page2_table2
[2026-03-19T23:34:43.793+0000] {embedding_pipeline.py:492} INFO - [embed] Queued 5 rows from data_doc9_quality_assurance_page3_table1
[2026-03-19T23:34:43.801+0000] {embedding_pipeline.py:492} INFO - [embed] Queued 4 rows from data_doc9_quality_assuranceeee_table_1
[2026-03-19T23:34:43.809+0000] {embedding_pipeline.py:492} INFO - [embed] Queued 4 rows from data_doc9_quality_assuranceeee_table_2
[2026-03-19T23:34:43.817+0000] {embedding_pipeline.py:492} INFO - [embed] Queued 4 rows from data_doc9_quality_assuranceeee_table_3
[2026-03-19T23:34:43.825+0000] {embedding_pipeline.py:492} INFO - [embed] Queued 8 rows from data_movies
[2026-03-19T23:34:43.833+0000] {embedding_pipeline.py:492} INFO - [embed] Queued 5 rows from data_nimish_research1_1_page3_table1
[2026-03-19T23:34:43.841+0000] {embedding_pipeline.py:492} INFO - [embed] Queued 5 rows from data_nimish_research3_page4_table1
[2026-03-19T23:34:43.850+0000] {embedding_pipeline.py:492} INFO - [embed] Queued 8 rows from data_nimish_research3_page7_table1
[2026-03-19T23:34:43.858+0000] {embedding_pipeline.py:492} INFO - [embed] Queued 5 rows from data_nitin_gavhane_resume_table_1
[2026-03-19T23:34:43.904+0000] {embedding_pipeline.py:492} INFO - [embed] Queued 1000 rows from data_organizations_1000
[2026-03-19T23:34:43.950+0000] {embedding_pipeline.py:492} INFO - [embed] Queued 1000 rows from data_people_1000
[2026-03-19T23:34:43.959+0000] {embedding_pipeline.py:492} INFO - [embed] Queued 8 rows from data_products
[2026-03-19T23:34:43.967+0000] {embedding_pipeline.py:492} INFO - [embed] Queued 8 rows from data_sales
[2026-03-19T23:34:43.976+0000] {embedding_pipeline.py:492} INFO - [embed] Queued 7 rows from data_sample_tables_page7_table2
[2026-03-19T23:34:43.985+0000] {embedding_pipeline.py:492} INFO - [embed] Queued 8 rows from data_social_media
[2026-03-19T23:34:44.028+0000] {embedding_pipeline.py:492} INFO - [embed] Queued 1000 rows from data_studentsperformance
[2026-03-19T23:34:44.043+0000] {embedding_pipeline.py:492} INFO - [embed] Queued 125 rows from minio_data_catalog
[2026-03-19T23:34:44.092+0000] {embedding_pipeline.py:492} INFO - [embed] Queued 103 rows from unstructured_documents
[2026-03-19T23:34:44.102+0000] {embedding_pipeline.py:492} INFO - [embed] Queued 19 rows from unstructured_images
[2026-03-19T23:34:44.103+0000] {embedding_pipeline.py:501} INFO - [embed] Backfill complete — 3483 rows queued
[2026-03-19T23:34:44.154+0000] {python.py:194} INFO - Done. Returned value was: 3483
[2026-03-19T23:34:44.238+0000] {taskinstance.py:1398} INFO - Marking task as SUCCESS. dag_id=embedding_sync_dag, task_id=backfill_existing_data, execution_date=20260319T232500, start_date=20260319T233440, end_date=20260319T233444
[2026-03-19T23:34:44.340+0000] {local_task_job_runner.py:228} INFO - Task exited with return code 0
[2026-03-19T23:34:44.430+0000] {taskinstance.py:2776} INFO - 1 downstream tasks scheduled from follow-on schedule check
