[2026-03-08T09:57:55.307+0000] {taskinstance.py:1157} INFO - Dependencies all met for dep_context=non-requeueable deps ti=<TaskInstance: embedding_sync_dag.log_stats scheduled__2026-03-08T07:05:00+00:00 [queued]>
[2026-03-08T09:57:55.331+0000] {taskinstance.py:1157} INFO - Dependencies all met for dep_context=requeueable deps ti=<TaskInstance: embedding_sync_dag.log_stats scheduled__2026-03-08T07:05:00+00:00 [queued]>
[2026-03-08T09:57:55.331+0000] {taskinstance.py:1359} INFO - Starting attempt 1 of 3
[2026-03-08T09:57:55.366+0000] {taskinstance.py:1380} INFO - Executing <Task(PythonOperator): log_stats> on 2026-03-08 07:05:00+00:00
[2026-03-08T09:57:55.381+0000] {standard_task_runner.py:57} INFO - Started process 3651 to run task
[2026-03-08T09:57:55.391+0000] {standard_task_runner.py:84} INFO - Running: ['***', 'tasks', 'run', 'embedding_sync_dag', 'log_stats', 'scheduled__2026-03-08T07:05:00+00:00', '--job-id', '2173', '--raw', '--subdir', 'DAGS_FOLDER/embedding_sync_dag.py', '--cfg-path', '/tmp/tmp3v51aac8']
[2026-03-08T09:57:55.400+0000] {standard_task_runner.py:85} INFO - Job 2173: Subtask log_stats
[2026-03-08T09:57:55.583+0000] {task_command.py:415} INFO - Running <TaskInstance: embedding_sync_dag.log_stats scheduled__2026-03-08T07:05:00+00:00 [running]> on host bc91ad4248c2
[2026-03-08T09:57:55.878+0000] {taskinstance.py:1660} INFO - Exporting env vars: AIRFLOW_CTX_DAG_OWNER='lakehouse' AIRFLOW_CTX_DAG_ID='embedding_sync_dag' AIRFLOW_CTX_TASK_ID='log_stats' AIRFLOW_CTX_EXECUTION_DATE='2026-03-08T07:05:00+00:00' AIRFLOW_CTX_TRY_NUMBER='1' AIRFLOW_CTX_DAG_RUN_ID='scheduled__2026-03-08T07:05:00+00:00'
[2026-03-08T09:57:56.008+0000] {embedding_sync_dag.py:115} INFO - =======================================================
[2026-03-08T09:57:56.008+0000] {embedding_sync_dag.py:116} INFO -   Embedding Sync Summary
[2026-03-08T09:57:56.009+0000] {embedding_sync_dag.py:117} INFO -   Rows backfill-queued : 4122
[2026-03-08T09:57:56.010+0000] {embedding_sync_dag.py:118} INFO -   New tables watched   : 0
[2026-03-08T09:57:56.011+0000] {embedding_sync_dag.py:119} INFO -   Rows embedded        : 3122
[2026-03-08T09:57:56.011+0000] {embedding_sync_dag.py:120} INFO -   Errors               : 0
[2026-03-08T09:57:56.011+0000] {embedding_sync_dag.py:121} INFO - =======================================================
[2026-03-08T09:57:56.012+0000] {python.py:194} INFO - Done. Returned value was: None
[2026-03-08T09:57:56.054+0000] {taskinstance.py:1398} INFO - Marking task as SUCCESS. dag_id=embedding_sync_dag, task_id=log_stats, execution_date=20260308T070500, start_date=20260308T095755, end_date=20260308T095756
[2026-03-08T09:57:56.125+0000] {local_task_job_runner.py:228} INFO - Task exited with return code 0
[2026-03-08T09:57:56.198+0000] {taskinstance.py:2776} INFO - 0 downstream tasks scheduled from follow-on schedule check
