[2026-03-08T16:17:36.243+0000] {taskinstance.py:1157} INFO - Dependencies all met for dep_context=non-requeueable deps ti=<TaskInstance: distillationDAG.scan_minio_and_dispatch scheduled__2026-03-08T16:16:44.367210+00:00 [queued]>
[2026-03-08T16:17:36.281+0000] {taskinstance.py:1157} INFO - Dependencies all met for dep_context=requeueable deps ti=<TaskInstance: distillationDAG.scan_minio_and_dispatch scheduled__2026-03-08T16:16:44.367210+00:00 [queued]>
[2026-03-08T16:17:36.282+0000] {taskinstance.py:1359} INFO - Starting attempt 1 of 4
[2026-03-08T16:17:36.348+0000] {taskinstance.py:1380} INFO - Executing <Task(PythonOperator): scan_minio_and_dispatch> on 2026-03-08 16:16:44.367210+00:00
[2026-03-08T16:17:36.378+0000] {standard_task_runner.py:57} INFO - Started process 1942 to run task
[2026-03-08T16:17:36.417+0000] {standard_task_runner.py:84} INFO - Running: ['***', 'tasks', 'run', 'distillationDAG', 'scan_minio_and_dispatch', 'scheduled__2026-03-08T16:16:44.367210+00:00', '--job-id', '2304', '--raw', '--subdir', 'DAGS_FOLDER/dispatcher_pipeline_dag.py', '--cfg-path', '/tmp/tmppl4cca5o']
[2026-03-08T16:17:36.436+0000] {standard_task_runner.py:85} INFO - Job 2304: Subtask scan_minio_and_dispatch
[2026-03-08T16:17:36.748+0000] {task_command.py:415} INFO - Running <TaskInstance: distillationDAG.scan_minio_and_dispatch scheduled__2026-03-08T16:16:44.367210+00:00 [running]> on host 78f9a73a02d7
[2026-03-08T16:17:37.888+0000] {taskinstance.py:1660} INFO - Exporting env vars: AIRFLOW_CTX_DAG_OWNER='***' AIRFLOW_CTX_DAG_ID='distillationDAG' AIRFLOW_CTX_TASK_ID='scan_minio_and_dispatch' AIRFLOW_CTX_EXECUTION_DATE='2026-03-08T16:16:44.367210+00:00' AIRFLOW_CTX_TRY_NUMBER='1' AIRFLOW_CTX_DAG_RUN_ID='scheduled__2026-03-08T16:16:44.367210+00:00'
[2026-03-08T16:17:37.939+0000] {logging_mixin.py:151} INFO - [DISPATCHER] Found file: raw/photo2.jpg
[2026-03-08T16:17:39.194+0000] {image_pipeline.py:343} INFO - [image] Processing raw/photo2.jpg
[2026-03-08T16:17:39.280+0000] {image_pipeline.py:385} INFO - [image] 1200x720 | format=JPEG | mode=RGB
[2026-03-08T16:17:39.280+0000] {image_pipeline.py:393} INFO - [image] Running Moondream2 VLM...
[2026-03-08T16:26:57.787+0000] {image_pipeline.py:262} INFO - [image] Moondream caption: 
The image presents an aerial view of a large, circular parking lot situated on the outskirts of an airport. The parking
[2026-03-08T16:27:20.063+0000] {image_pipeline.py:401} INFO - [image] Running Tesseract OCR...
[2026-03-08T16:27:21.188+0000] {image_pipeline.py:301} INFO - [image] OCR produced no text for raw/photo2.jpg
[2026-03-08T16:27:21.203+0000] {image_pipeline.py:431} INFO - [image] Combined text (622 chars) → processed/unstructured/text-extracted/photo2.txt
[2026-03-08T16:27:21.252+0000] {image_pipeline.py:481} INFO - [image] Saved to unstructured_images
[2026-03-08T16:27:21.260+0000] {image_pipeline.py:511} INFO - [image] ✅ Completed raw/photo2.jpg | 1200x720 | fmt=JPEG | ocr=no | vlm=yes | text_chars=622
[2026-03-08T16:27:21.262+0000] {etl_manager.py:306} INFO - ETL completed: raw/photo2.jpg
[2026-03-08T16:27:21.267+0000] {logging_mixin.py:151} INFO - [DISPATCHER] Archiving raw/photo2.jpg -> raw-data/2026-03-08/photo2.jpg
[2026-03-08T16:27:21.316+0000] {logging_mixin.py:151} INFO - [DISPATCHER] Completed & removed landing copy: raw/photo2.jpg
[2026-03-08T16:27:21.319+0000] {logging_mixin.py:151} INFO - [DISPATCHER] Found file: raw/photo3.jpg
[2026-03-08T16:27:21.358+0000] {image_pipeline.py:343} INFO - [image] Processing raw/photo3.jpg
[2026-03-08T16:27:21.386+0000] {image_pipeline.py:385} INFO - [image] 1200x720 | format=JPEG | mode=RGB
[2026-03-08T16:27:21.390+0000] {image_pipeline.py:393} INFO - [image] Running Moondream2 VLM...
[2026-03-08T16:33:30.406+0000] {image_pipeline.py:262} INFO - [image] Moondream caption: 
The image presents an aerial view of a harbor, with the calm water reflecting the surrounding buildings and ships. The 
[2026-03-08T16:36:40.942+0000] {image_pipeline.py:273} INFO - [image] Moondream text: 429 chars
[2026-03-08T16:36:49.892+0000] {image_pipeline.py:401} INFO - [image] Running Tesseract OCR...
[2026-03-08T16:36:50.604+0000] {image_pipeline.py:301} INFO - [image] OCR produced no text for raw/photo3.jpg
[2026-03-08T16:36:50.622+0000] {image_pipeline.py:431} INFO - [image] Combined text (837 chars) → processed/unstructured/text-extracted/photo3.txt
[2026-03-08T16:36:50.639+0000] {image_pipeline.py:481} INFO - [image] Saved to unstructured_images
[2026-03-08T16:36:50.645+0000] {image_pipeline.py:511} INFO - [image] ✅ Completed raw/photo3.jpg | 1200x720 | fmt=JPEG | ocr=no | vlm=yes | text_chars=837
[2026-03-08T16:36:50.648+0000] {etl_manager.py:306} INFO - ETL completed: raw/photo3.jpg
[2026-03-08T16:36:50.653+0000] {logging_mixin.py:151} INFO - [DISPATCHER] Archiving raw/photo3.jpg -> raw-data/2026-03-08/photo3.jpg
[2026-03-08T16:36:50.689+0000] {logging_mixin.py:151} INFO - [DISPATCHER] Completed & removed landing copy: raw/photo3.jpg
[2026-03-08T16:36:50.691+0000] {python.py:194} INFO - Done. Returned value was: None
[2026-03-08T16:36:50.763+0000] {taskinstance.py:1398} INFO - Marking task as SUCCESS. dag_id=distillationDAG, task_id=scan_minio_and_dispatch, execution_date=20260308T161644, start_date=20260308T161736, end_date=20260308T163650
[2026-03-08T16:36:50.862+0000] {local_task_job_runner.py:228} INFO - Task exited with return code 0
[2026-03-08T16:36:50.938+0000] {taskinstance.py:2776} INFO - 0 downstream tasks scheduled from follow-on schedule check
