[2026-04-30T02:03:32.921+0000] {taskinstance.py:1157} INFO - Dependencies all met for dep_context=non-requeueable deps ti=<TaskInstance: distillationDAG.scan_minio_and_dispatch scheduled__2026-04-30T02:02:45.950644+00:00 [queued]>
[2026-04-30T02:03:32.931+0000] {taskinstance.py:1157} INFO - Dependencies all met for dep_context=requeueable deps ti=<TaskInstance: distillationDAG.scan_minio_and_dispatch scheduled__2026-04-30T02:02:45.950644+00:00 [queued]>
[2026-04-30T02:03:32.931+0000] {taskinstance.py:1359} INFO - Starting attempt 1 of 4
[2026-04-30T02:03:32.944+0000] {taskinstance.py:1380} INFO - Executing <Task(PythonOperator): scan_minio_and_dispatch> on 2026-04-30 02:02:45.950644+00:00
[2026-04-30T02:03:32.951+0000] {standard_task_runner.py:57} INFO - Started process 2777 to run task
[2026-04-30T02:03:32.954+0000] {standard_task_runner.py:84} INFO - Running: ['***', 'tasks', 'run', 'distillationDAG', 'scan_minio_and_dispatch', 'scheduled__2026-04-30T02:02:45.950644+00:00', '--job-id', '4186', '--raw', '--subdir', 'DAGS_FOLDER/dispatcher_pipeline_dag.py', '--cfg-path', '/tmp/tmpgzk42aal']
[2026-04-30T02:03:32.959+0000] {standard_task_runner.py:85} INFO - Job 4186: Subtask scan_minio_and_dispatch
[2026-04-30T02:03:33.029+0000] {task_command.py:415} INFO - Running <TaskInstance: distillationDAG.scan_minio_and_dispatch scheduled__2026-04-30T02:02:45.950644+00:00 [running]> on host 169701c7cb56
[2026-04-30T02:03:33.331+0000] {taskinstance.py:1660} INFO - Exporting env vars: AIRFLOW_CTX_DAG_OWNER='***' AIRFLOW_CTX_DAG_ID='distillationDAG' AIRFLOW_CTX_TASK_ID='scan_minio_and_dispatch' AIRFLOW_CTX_EXECUTION_DATE='2026-04-30T02:02:45.950644+00:00' AIRFLOW_CTX_TRY_NUMBER='1' AIRFLOW_CTX_DAG_RUN_ID='scheduled__2026-04-30T02:02:45.950644+00:00'
[2026-04-30T02:03:33.352+0000] {logging_mixin.py:151} INFO - [DISPATCHER] Found file: raw/chinainstall1.jpg
[2026-04-30T02:03:33.769+0000] {image_pipeline.py:298} INFO - [image] Processing raw/chinainstall1.jpg
[2026-04-30T02:03:33.789+0000] {image_pipeline.py:319} INFO - [image] 1920x1080 | format=JPEG | mode=RGB
[2026-04-30T02:03:33.789+0000] {image_pipeline.py:327} INFO - [image] Running Moondream2 VLM...
[2026-04-30T02:05:51.131+0000] {image_pipeline.py:217} INFO - [image] Moondream caption: 
The image presents an aerial view of a naval ship docked at a pier, with the ship's hull visible and its wings spread o
[2026-04-30T02:06:29.157+0000] {image_pipeline.py:228} INFO - [image] Moondream text: 299 chars
[2026-04-30T02:06:31.875+0000] {image_pipeline.py:335} INFO - [image] Running Tesseract OCR...
[2026-04-30T02:06:32.767+0000] {image_pipeline.py:254} INFO - [image] OCR extracted 81 characters
[2026-04-30T02:06:32.775+0000] {image_pipeline.py:365} INFO - [image] Combined text (871 chars) → processed/unstructured/text-extracted/chinainstall1.txt
[2026-04-30T02:06:32.783+0000] {image_pipeline.py:380} INFO - [image] Created catalog entry for extracted text: processed/unstructured/text-extracted/chinainstall1.txt
[2026-04-30T02:06:32.809+0000] {image_pipeline.py:432} ERROR - [image] Failed writing to unstructured_images: there is no unique or exclusion constraint matching the ON CONFLICT specification
Traceback (most recent call last):
  File "/opt/python-etl/pipelines/image_pipeline.py", line 411, in process_minio_object
    cursor.execute(
psycopg2.errors.InvalidColumnReference: there is no unique or exclusion constraint matching the ON CONFLICT specification

[2026-04-30T02:06:32.812+0000] {image_pipeline.py:461} INFO - [image] Marked raw entry as processed: raw/chinainstall1.jpg
[2026-04-30T02:06:32.815+0000] {image_pipeline.py:473} INFO - [image] Created processed catalog entry: processed/chinainstall1.jpg
[2026-04-30T02:06:32.817+0000] {image_pipeline.py:485} INFO - [image] Removed old catalog entry: raw/chinainstall1.jpg
[2026-04-30T02:06:32.817+0000] {image_pipeline.py:489} INFO - [image] ✅ Completed raw/chinainstall1.jpg -> processed/chinainstall1.jpg | 1920x1080 | fmt=JPEG | ocr=yes | vlm=yes | text_chars=871
[2026-04-30T02:06:32.818+0000] {etl_manager.py:287} INFO - ETL completed: raw/chinainstall1.jpg
[2026-04-30T02:06:32.818+0000] {logging_mixin.py:151} INFO - [DISPATCHER] Archiving raw/chinainstall1.jpg -> raw-data/2026-04-30/chinainstall1.jpg
[2026-04-30T02:06:32.844+0000] {logging_mixin.py:151} INFO - [DISPATCHER] Catalog updated for archive: raw-data/2026-04-30/chinainstall1.jpg
[2026-04-30T02:06:32.849+0000] {logging_mixin.py:151} INFO - [DISPATCHER] Completed & removed landing copy: raw/chinainstall1.jpg
[2026-04-30T02:06:32.849+0000] {logging_mixin.py:151} INFO - [DISPATCHER] Found file: raw/russianavyinstall1.jpeg
[2026-04-30T02:06:32.862+0000] {image_pipeline.py:298} INFO - [image] Processing raw/russianavyinstall1.jpeg
[2026-04-30T02:06:32.868+0000] {image_pipeline.py:319} INFO - [image] 2560x1498 | format=JPEG | mode=RGB
[2026-04-30T02:06:32.868+0000] {image_pipeline.py:327} INFO - [image] Running Moondream2 VLM...
[2026-04-30T02:08:50.792+0000] {image_pipeline.py:217} INFO - [image] Moondream caption: 
The image presents an aerial view of a bustling harbor, teeming with activity and filled with various types of boats. T
[2026-04-30T02:08:56.921+0000] {image_pipeline.py:335} INFO - [image] Running Tesseract OCR...
[2026-04-30T02:08:57.503+0000] {image_pipeline.py:256} INFO - [image] OCR produced no text for raw/russianavyinstall1.jpeg
[2026-04-30T02:08:57.508+0000] {image_pipeline.py:365} INFO - [image] Combined text (594 chars) → processed/unstructured/text-extracted/russianavyinstall1.txt
[2026-04-30T02:08:57.513+0000] {image_pipeline.py:380} INFO - [image] Created catalog entry for extracted text: processed/unstructured/text-extracted/russianavyinstall1.txt
[2026-04-30T02:08:57.515+0000] {image_pipeline.py:432} ERROR - [image] Failed writing to unstructured_images: there is no unique or exclusion constraint matching the ON CONFLICT specification
Traceback (most recent call last):
  File "/opt/python-etl/pipelines/image_pipeline.py", line 411, in process_minio_object
    cursor.execute(
psycopg2.errors.InvalidColumnReference: there is no unique or exclusion constraint matching the ON CONFLICT specification

[2026-04-30T02:08:57.518+0000] {image_pipeline.py:461} INFO - [image] Marked raw entry as processed: raw/russianavyinstall1.jpeg
[2026-04-30T02:08:57.520+0000] {image_pipeline.py:473} INFO - [image] Created processed catalog entry: processed/russianavyinstall1.jpeg
[2026-04-30T02:08:57.522+0000] {image_pipeline.py:485} INFO - [image] Removed old catalog entry: raw/russianavyinstall1.jpeg
[2026-04-30T02:08:57.522+0000] {image_pipeline.py:489} INFO - [image] ✅ Completed raw/russianavyinstall1.jpeg -> processed/russianavyinstall1.jpeg | 2560x1498 | fmt=JPEG | ocr=no | vlm=yes | text_chars=594
[2026-04-30T02:08:57.523+0000] {etl_manager.py:287} INFO - ETL completed: raw/russianavyinstall1.jpeg
[2026-04-30T02:08:57.524+0000] {logging_mixin.py:151} INFO - [DISPATCHER] Archiving raw/russianavyinstall1.jpeg -> raw-data/2026-04-30/russianavyinstall1.jpeg
[2026-04-30T02:08:57.541+0000] {logging_mixin.py:151} INFO - [DISPATCHER] Catalog updated for archive: raw-data/2026-04-30/russianavyinstall1.jpeg
[2026-04-30T02:08:57.544+0000] {logging_mixin.py:151} INFO - [DISPATCHER] Completed & removed landing copy: raw/russianavyinstall1.jpeg
[2026-04-30T02:08:57.545+0000] {python.py:194} INFO - Done. Returned value was: None
[2026-04-30T02:08:57.561+0000] {taskinstance.py:1398} INFO - Marking task as SUCCESS. dag_id=distillationDAG, task_id=scan_minio_and_dispatch, execution_date=20260430T020245, start_date=20260430T020332, end_date=20260430T020857
[2026-04-30T02:08:57.621+0000] {local_task_job_runner.py:228} INFO - Task exited with return code 0
[2026-04-30T02:08:57.645+0000] {taskinstance.py:2776} INFO - 0 downstream tasks scheduled from follow-on schedule check
